serviceaccount/ops-openbao-tokenreview created (server dry run)
configmap/ops-openbao-config created (server dry run)
configmap/ops-seaweedfs-master-config created (server dry run)
clusterrolebinding.rbac.authorization.k8s.io/ops-openbao-tokenreview-sp010203-chart-review-final created (server dry run)
service/ops-keycloak created (server dry run)
service/ops-openbao created (server dry run)
service/ops-postgresql created (server dry run)
service/ops-seaweedfs-s3 created (server dry run)
deployment.apps/ops-keycloak created (server dry run)
statefulset.apps/ops-openbao created (server dry run)
statefulset.apps/ops-postgresql created (server dry run)
statefulset.apps/ops-seaweedfs created (server dry run)
networkpolicy.networking.k8s.io/ops-default-deny created (server dry run)
networkpolicy.networking.k8s.io/ops-allow-internal-platform-traffic created (server dry run)
serviceaccount/ops-api created (server dry run)
serviceaccount/ops-worker created (server dry run)
configmap/ops-core-profile created (server dry run)
service/ops-api created (server dry run)
service/ops-worker created (server dry run)
deployment.apps/ops-api created (server dry run)
deployment.apps/ops-worker created (server dry run)
server schema admission accepted; no workload applied; owned namespace deletion UID=f89e5939-9125-4565-b14e-6190bed8dfd4
