{"Time":"2026-10-01T13:51:08.167768+08:00","Action":"start","Package":"ops-platform/test/integration"}
{"Time":"2026-10-01T13:51:08.799104+08:00","Action":"run","Package":"ops-platform/test/integration","Test":"TestRoleBindingsAndStepUpSessions"}
{"Time":"2026-10-01T13:51:08.79919+08:00","Action":"output","Package":"ops-platform/test/integration","Test":"TestRoleBindingsAndStepUpSessions","Output":"=== RUN   TestRoleBindingsAndStepUpSessions\n","OutputType":"frame"}
{"Time":"2026-10-01T13:51:08.982155+08:00","Action":"output","Package":"ops-platform/test/integration","Test":"TestRoleBindingsAndStepUpSessions","Output":"2026/10/01 13:51:08 OK   00001_roles_and_schemas.sql (12.85ms)\n"}
{"Time":"2026-10-01T13:51:08.982277+08:00","Action":"output","Package":"ops-platform/test/integration","Test":"TestRoleBindingsAndStepUpSessions","Output":"2026/10/01 13:51:08 goose: successfully migrated database to version: 1\n"}
{"Time":"2026-10-01T13:51:09.010606+08:00","Action":"output","Package":"ops-platform/test/integration","Test":"TestRoleBindingsAndStepUpSessions","Output":"2026/10/01 13:51:09 OK   00002_platform_meta.sql (16.5ms)\n"}
{"Time":"2026-10-01T13:51:09.019177+08:00","Action":"output","Package":"ops-platform/test/integration","Test":"TestRoleBindingsAndStepUpSessions","Output":"2026/10/01 13:51:09 OK   00003_finding.sql (7.85ms)\n"}
{"Time":"2026-10-01T13:51:09.025686+08:00","Action":"output","Package":"ops-platform/test/integration","Test":"TestRoleBindingsAndStepUpSessions","Output":"2026/10/01 13:51:09 OK   00004_incident.sql (5.97ms)\n"}
{"Time":"2026-10-01T13:51:09.033236+08:00","Action":"output","Package":"ops-platform/test/integration","Test":"TestRoleBindingsAndStepUpSessions","Output":"2026/10/01 13:51:09 OK   00005_investigation.sql (6.99ms)\n"}
{"Time":"2026-10-01T13:51:09.039301+08:00","Action":"output","Package":"ops-platform/test/integration","Test":"TestRoleBindingsAndStepUpSessions","Output":"2026/10/01 13:51:09 OK   00006_action_command.sql (5.47ms)\n"}
{"Time":"2026-10-01T13:51:09.049334+08:00","Action":"output","Package":"ops-platform/test/integration","Test":"TestRoleBindingsAndStepUpSessions","Output":"2026/10/01 13:51:09 OK   00007_audit.sql (9.35ms)\n"}
{"Time":"2026-10-01T13:51:09.058099+08:00","Action":"output","Package":"ops-platform/test/integration","Test":"TestRoleBindingsAndStepUpSessions","Output":"2026/10/01 13:51:09 OK   00008_rls.sql (8.18ms)\n"}
{"Time":"2026-10-01T13:51:09.065924+08:00","Action":"output","Package":"ops-platform/test/integration","Test":"TestRoleBindingsAndStepUpSessions","Output":"2026/10/01 13:51:09 OK   00009_idempotency_ledger.sql (7.3ms)\n"}
{"Time":"2026-10-01T13:51:09.07141+08:00","Action":"output","Package":"ops-platform/test/integration","Test":"TestRoleBindingsAndStepUpSessions","Output":"2026/10/01 13:51:09 OK   00010_tenant_provisioning.sql (5.02ms)\n"}
{"Time":"2026-10-01T13:51:09.078934+08:00","Action":"output","Package":"ops-platform/test/integration","Test":"TestRoleBindingsAndStepUpSessions","Output":"2026/10/01 13:51:09 OK   00011_source_registration_history.sql (7.11ms)\n"}
{"Time":"2026-10-01T13:51:09.091082+08:00","Action":"output","Package":"ops-platform/test/integration","Test":"TestRoleBindingsAndStepUpSessions","Output":"2026/10/01 13:51:09 OK   00012_config_registry_lifecycle.sql (11.59ms)\n"}
{"Time":"2026-10-01T13:51:09.10217+08:00","Action":"output","Package":"ops-platform/test/integration","Test":"TestRoleBindingsAndStepUpSessions","Output":"2026/10/01 13:51:09 OK   00013_audit_signed_segments.sql (10.32ms)\n"}
{"Time":"2026-10-01T13:51:09.108042+08:00","Action":"output","Package":"ops-platform/test/integration","Test":"TestRoleBindingsAndStepUpSessions","Output":"2026/10/01 13:51:09 OK   00014_audit_segment_predecessors.sql (5.45ms)\n"}
{"Time":"2026-10-01T13:51:09.108103+08:00","Action":"output","Package":"ops-platform/test/integration","Test":"TestRoleBindingsAndStepUpSessions","Output":"2026/10/01 13:51:09 goose: successfully migrated database to version: 14\n"}
{"Time":"2026-10-01T13:51:09.189976+08:00","Action":"output","Package":"ops-platform/test/integration","Test":"TestRoleBindingsAndStepUpSessions","Output":"--- PASS: TestRoleBindingsAndStepUpSessions (0.39s)\n","OutputType":"frame"}
{"Time":"2026-10-01T13:51:09.190257+08:00","Action":"pass","Package":"ops-platform/test/integration","Test":"TestRoleBindingsAndStepUpSessions","Elapsed":0.39}
{"Time":"2026-10-01T13:51:09.190354+08:00","Action":"run","Package":"ops-platform/test/integration","Test":"TestConfigRegistryPublishesActivatesRollsBackAndPreservesHistory"}
{"Time":"2026-10-01T13:51:09.190385+08:00","Action":"output","Package":"ops-platform/test/integration","Test":"TestConfigRegistryPublishesActivatesRollsBackAndPreservesHistory","Output":"=== RUN   TestConfigRegistryPublishesActivatesRollsBackAndPreservesHistory\n","OutputType":"frame"}
{"Time":"2026-10-01T13:51:09.22428+08:00","Action":"output","Package":"ops-platform/test/integration","Test":"TestConfigRegistryPublishesActivatesRollsBackAndPreservesHistory","Output":"2026/10/01 13:51:09 OK   00001_roles_and_schemas.sql (6.04ms)\n"}
{"Time":"2026-10-01T13:51:09.224323+08:00","Action":"output","Package":"ops-platform/test/integration","Test":"TestConfigRegistryPublishesActivatesRollsBackAndPreservesHistory","Output":"2026/10/01 13:51:09 goose: successfully migrated database to version: 1\n"}
{"Time":"2026-10-01T13:51:09.242909+08:00","Action":"output","Package":"ops-platform/test/integration","Test":"TestConfigRegistryPublishesActivatesRollsBackAndPreservesHistory","Output":"2026/10/01 13:51:09 OK   00002_platform_meta.sql (12.63ms)\n"}
{"Time":"2026-10-01T13:51:09.248208+08:00","Action":"output","Package":"ops-platform/test/integration","Test":"TestConfigRegistryPublishesActivatesRollsBackAndPreservesHistory","Output":"2026/10/01 13:51:09 OK   00003_finding.sql (5.11ms)\n"}
{"Time":"2026-10-01T13:51:09.252025+08:00","Action":"output","Package":"ops-platform/test/integration","Test":"TestConfigRegistryPublishesActivatesRollsBackAndPreservesHistory","Output":"2026/10/01 13:51:09 OK   00004_incident.sql (3.7ms)\n"}
{"Time":"2026-10-01T13:51:09.257529+08:00","Action":"output","Package":"ops-platform/test/integration","Test":"TestConfigRegistryPublishesActivatesRollsBackAndPreservesHistory","Output":"2026/10/01 13:51:09 OK   00005_investigation.sql (5.37ms)\n"}
{"Time":"2026-10-01T13:51:09.262025+08:00","Action":"output","Package":"ops-platform/test/integration","Test":"TestConfigRegistryPublishesActivatesRollsBackAndPreservesHistory","Output":"2026/10/01 13:51:09 OK   00006_action_command.sql (4.42ms)\n"}
{"Time":"2026-10-01T13:51:09.269361+08:00","Action":"output","Package":"ops-platform/test/integration","Test":"TestConfigRegistryPublishesActivatesRollsBackAndPreservesHistory","Output":"2026/10/01 13:51:09 OK   00007_audit.sql (7.18ms)\n"}
{"Time":"2026-10-01T13:51:09.276419+08:00","Action":"output","Package":"ops-platform/test/integration","Test":"TestConfigRegistryPublishesActivatesRollsBackAndPreservesHistory","Output":"2026/10/01 13:51:09 OK   00008_rls.sql (6.92ms)\n"}
{"Time":"2026-10-01T13:51:09.282361+08:00","Action":"output","Package":"ops-platform/test/integration","Test":"TestConfigRegistryPublishesActivatesRollsBackAndPreservesHistory","Output":"2026/10/01 13:51:09 OK   00009_idempotency_ledger.sql (5.79ms)\n"}
{"Time":"2026-10-01T13:51:09.286062+08:00","Action":"output","Package":"ops-platform/test/integration","Test":"TestConfigRegistryPublishesActivatesRollsBackAndPreservesHistory","Output":"2026/10/01 13:51:09 OK   00010_tenant_provisioning.sql (3.54ms)\n"}
{"Time":"2026-10-01T13:51:09.291809+08:00","Action":"output","Package":"ops-platform/test/integration","Test":"TestConfigRegistryPublishesActivatesRollsBackAndPreservesHistory","Output":"2026/10/01 13:51:09 OK   00011_source_registration_history.sql (5.62ms)\n"}
{"Time":"2026-10-01T13:51:09.301428+08:00","Action":"output","Package":"ops-platform/test/integration","Test":"TestConfigRegistryPublishesActivatesRollsBackAndPreservesHistory","Output":"2026/10/01 13:51:09 OK   00012_config_registry_lifecycle.sql (9.37ms)\n"}
{"Time":"2026-10-01T13:51:09.311265+08:00","Action":"output","Package":"ops-platform/test/integration","Test":"TestConfigRegistryPublishesActivatesRollsBackAndPreservesHistory","Output":"2026/10/01 13:51:09 OK   00013_audit_signed_segments.sql (9.61ms)\n"}
{"Time":"2026-10-01T13:51:09.316423+08:00","Action":"output","Package":"ops-platform/test/integration","Test":"TestConfigRegistryPublishesActivatesRollsBackAndPreservesHistory","Output":"2026/10/01 13:51:09 OK   00014_audit_segment_predecessors.sql (4.96ms)\n"}
{"Time":"2026-10-01T13:51:09.31648+08:00","Action":"output","Package":"ops-platform/test/integration","Test":"TestConfigRegistryPublishesActivatesRollsBackAndPreservesHistory","Output":"2026/10/01 13:51:09 goose: successfully migrated database to version: 14\n"}
{"Time":"2026-10-01T13:51:09.467093+08:00","Action":"output","Package":"ops-platform/test/integration","Test":"TestConfigRegistryPublishesActivatesRollsBackAndPreservesHistory","Output":"--- PASS: TestConfigRegistryPublishesActivatesRollsBackAndPreservesHistory (0.28s)\n","OutputType":"frame"}
{"Time":"2026-10-01T13:51:09.467271+08:00","Action":"pass","Package":"ops-platform/test/integration","Test":"TestConfigRegistryPublishesActivatesRollsBackAndPreservesHistory","Elapsed":0.28}
{"Time":"2026-10-01T13:51:09.467313+08:00","Action":"run","Package":"ops-platform/test/integration","Test":"TestIdempotencyLedgerSchema"}
{"Time":"2026-10-01T13:51:09.467331+08:00","Action":"output","Package":"ops-platform/test/integration","Test":"TestIdempotencyLedgerSchema","Output":"=== RUN   TestIdempotencyLedgerSchema\n","OutputType":"frame"}
{"Time":"2026-10-01T13:51:09.499399+08:00","Action":"output","Package":"ops-platform/test/integration","Test":"TestIdempotencyLedgerSchema","Output":"2026/10/01 13:51:09 OK   00001_roles_and_schemas.sql (6.49ms)\n"}
{"Time":"2026-10-01T13:51:09.499571+08:00","Action":"output","Package":"ops-platform/test/integration","Test":"TestIdempotencyLedgerSchema","Output":"2026/10/01 13:51:09 goose: successfully migrated database to version: 1\n"}
{"Time":"2026-10-01T13:51:09.517168+08:00","Action":"output","Package":"ops-platform/test/integration","Test":"TestIdempotencyLedgerSchema","Output":"2026/10/01 13:51:09 OK   00002_platform_meta.sql (12.46ms)\n"}
{"Time":"2026-10-01T13:51:09.521973+08:00","Action":"output","Package":"ops-platform/test/integration","Test":"TestIdempotencyLedgerSchema","Output":"2026/10/01 13:51:09 OK   00003_finding.sql (4.58ms)\n"}
{"Time":"2026-10-01T13:51:09.525766+08:00","Action":"output","Package":"ops-platform/test/integration","Test":"TestIdempotencyLedgerSchema","Output":"2026/10/01 13:51:09 OK   00004_incident.sql (3.59ms)\n"}
{"Time":"2026-10-01T13:51:09.530046+08:00","Action":"output","Package":"ops-platform/test/integration","Test":"TestIdempotencyLedgerSchema","Output":"2026/10/01 13:51:09 OK   00005_investigation.sql (4.07ms)\n"}
{"Time":"2026-10-01T13:51:09.53398+08:00","Action":"output","Package":"ops-platform/test/integration","Test":"TestIdempotencyLedgerSchema","Output":"2026/10/01 13:51:09 OK   00006_action_command.sql (3.69ms)\n"}
{"Time":"2026-10-01T13:51:09.540346+08:00","Action":"output","Package":"ops-platform/test/integration","Test":"TestIdempotencyLedgerSchema","Output":"2026/10/01 13:51:09 OK   00007_audit.sql (6.13ms)\n"}
{"Time":"2026-10-01T13:51:09.546232+08:00","Action":"output","Package":"ops-platform/test/integration","Test":"TestIdempotencyLedgerSchema","Output":"2026/10/01 13:51:09 OK   00008_rls.sql (5.73ms)\n"}
{"Time":"2026-10-01T13:51:09.551894+08:00","Action":"output","Package":"ops-platform/test/integration","Test":"TestIdempotencyLedgerSchema","Output":"2026/10/01 13:51:09 OK   00009_idempotency_ledger.sql (5.5ms)\n"}
{"Time":"2026-10-01T13:51:09.555498+08:00","Action":"output","Package":"ops-platform/test/integration","Test":"TestIdempotencyLedgerSchema","Output":"2026/10/01 13:51:09 OK   00010_tenant_provisioning.sql (3.43ms)\n"}
{"Time":"2026-10-01T13:51:09.560225+08:00","Action":"output","Package":"ops-platform/test/integration","Test":"TestIdempotencyLedgerSchema","Output":"2026/10/01 13:51:09 OK   00011_source_registration_history.sql (4.58ms)\n"}
{"Time":"2026-10-01T13:51:09.567676+08:00","Action":"output","Package":"ops-platform/test/integration","Test":"TestIdempotencyLedgerSchema","Output":"2026/10/01 13:51:09 OK   00012_config_registry_lifecycle.sql (7.17ms)\n"}
{"Time":"2026-10-01T13:51:09.576256+08:00","Action":"output","Package":"ops-platform/test/integration","Test":"TestIdempotencyLedgerSchema","Output":"2026/10/01 13:51:09 OK   00013_audit_signed_segments.sql (8.38ms)\n"}
{"Time":"2026-10-01T13:51:09.580766+08:00","Action":"output","Package":"ops-platform/test/integration","Test":"TestIdempotencyLedgerSchema","Output":"2026/10/01 13:51:09 OK   00014_audit_segment_predecessors.sql (4.33ms)\n"}
{"Time":"2026-10-01T13:51:09.580836+08:00","Action":"output","Package":"ops-platform/test/integration","Test":"TestIdempotencyLedgerSchema","Output":"2026/10/01 13:51:09 goose: successfully migrated database to version: 14\n"}
{"Time":"2026-10-01T13:51:09.615446+08:00","Action":"output","Package":"ops-platform/test/integration","Test":"TestIdempotencyLedgerSchema","Output":"--- PASS: TestIdempotencyLedgerSchema (0.15s)\n","OutputType":"frame"}
{"Time":"2026-10-01T13:51:09.615597+08:00","Action":"pass","Package":"ops-platform/test/integration","Test":"TestIdempotencyLedgerSchema","Elapsed":0.15}
{"Time":"2026-10-01T13:51:09.61564+08:00","Action":"run","Package":"ops-platform/test/integration","Test":"TestIdempotencyLedger"}
{"Time":"2026-10-01T13:51:09.615653+08:00","Action":"output","Package":"ops-platform/test/integration","Test":"TestIdempotencyLedger","Output":"=== RUN   TestIdempotencyLedger\n","OutputType":"frame"}
{"Time":"2026-10-01T13:51:09.651666+08:00","Action":"output","Package":"ops-platform/test/integration","Test":"TestIdempotencyLedger","Output":"2026/10/01 13:51:09 OK   00001_roles_and_schemas.sql (7.91ms)\n"}
{"Time":"2026-10-01T13:51:09.651714+08:00","Action":"output","Package":"ops-platform/test/integration","Test":"TestIdempotencyLedger","Output":"2026/10/01 13:51:09 goose: successfully migrated database to version: 1\n"}
{"Time":"2026-10-01T13:51:09.669007+08:00","Action":"output","Package":"ops-platform/test/integration","Test":"TestIdempotencyLedger","Output":"2026/10/01 13:51:09 OK   00002_platform_meta.sql (12.17ms)\n"}
{"Time":"2026-10-01T13:51:09.674261+08:00","Action":"output","Package":"ops-platform/test/integration","Test":"TestIdempotencyLedger","Output":"2026/10/01 13:51:09 OK   00003_finding.sql (5.11ms)\n"}
{"Time":"2026-10-01T13:51:09.678238+08:00","Action":"output","Package":"ops-platform/test/integration","Test":"TestIdempotencyLedger","Output":"2026/10/01 13:51:09 OK   00004_incident.sql (3.89ms)\n"}
{"Time":"2026-10-01T13:51:09.682717+08:00","Action":"output","Package":"ops-platform/test/integration","Test":"TestIdempotencyLedger","Output":"2026/10/01 13:51:09 OK   00005_investigation.sql (4.36ms)\n"}
{"Time":"2026-10-01T13:51:09.686784+08:00","Action":"output","Package":"ops-platform/test/integration","Test":"TestIdempotencyLedger","Output":"2026/10/01 13:51:09 OK   00006_action_command.sql (3.96ms)\n"}
{"Time":"2026-10-01T13:51:09.696617+08:00","Action":"output","Package":"ops-platform/test/integration","Test":"TestIdempotencyLedger","Output":"2026/10/01 13:51:09 OK   00007_audit.sql (9.69ms)\n"}
{"Time":"2026-10-01T13:51:09.702966+08:00","Action":"output","Package":"ops-platform/test/integration","Test":"TestIdempotencyLedger","Output":"2026/10/01 13:51:09 OK   00008_rls.sql (6.17ms)\n"}
{"Time":"2026-10-01T13:51:09.708233+08:00","Action":"output","Package":"ops-platform/test/integration","Test":"TestIdempotencyLedger","Output":"2026/10/01 13:51:09 OK   00009_idempotency_ledger.sql (5.13ms)\n"}
{"Time":"2026-10-01T13:51:09.712001+08:00","Action":"output","Package":"ops-platform/test/integration","Test":"TestIdempotencyLedger","Output":"2026/10/01 13:51:09 OK   00010_tenant_provisioning.sql (3.63ms)\n"}
{"Time":"2026-10-01T13:51:09.716848+08:00","Action":"output","Package":"ops-platform/test/integration","Test":"TestIdempotencyLedger","Output":"2026/10/01 13:51:09 OK   00011_source_registration_history.sql (4.71ms)\n"}
{"Time":"2026-10-01T13:51:09.723306+08:00","Action":"output","Package":"ops-platform/test/integration","Test":"TestIdempotencyLedger","Output":"2026/10/01 13:51:09 OK   00012_config_registry_lifecycle.sql (6.3ms)\n"}
{"Time":"2026-10-01T13:51:09.731231+08:00","Action":"output","Package":"ops-platform/test/integration","Test":"TestIdempotencyLedger","Output":"2026/10/01 13:51:09 OK   00013_audit_signed_segments.sql (7.73ms)\n"}
{"Time":"2026-10-01T13:51:09.735436+08:00","Action":"output","Package":"ops-platform/test/integration","Test":"TestIdempotencyLedger","Output":"2026/10/01 13:51:09 OK   00014_audit_segment_predecessors.sql (4.06ms)\n"}
{"Time":"2026-10-01T13:51:09.735472+08:00","Action":"output","Package":"ops-platform/test/integration","Test":"TestIdempotencyLedger","Output":"2026/10/01 13:51:09 goose: successfully migrated database to version: 14\n"}
{"Time":"2026-10-01T13:51:09.976296+08:00","Action":"output","Package":"ops-platform/test/integration","Test":"TestIdempotencyLedger","Output":"--- PASS: TestIdempotencyLedger (0.36s)\n","OutputType":"frame"}
{"Time":"2026-10-01T13:51:09.976444+08:00","Action":"pass","Package":"ops-platform/test/integration","Test":"TestIdempotencyLedger","Elapsed":0.36}
{"Time":"2026-10-01T13:51:09.976555+08:00","Action":"run","Package":"ops-platform/test/integration","Test":"TestIdempotencyHTTPMiddleware"}
{"Time":"2026-10-01T13:51:09.976583+08:00","Action":"output","Package":"ops-platform/test/integration","Test":"TestIdempotencyHTTPMiddleware","Output":"=== RUN   TestIdempotencyHTTPMiddleware\n","OutputType":"frame"}
{"Time":"2026-10-01T13:51:10.02229+08:00","Action":"output","Package":"ops-platform/test/integration","Test":"TestIdempotencyHTTPMiddleware","Output":"2026/10/01 13:51:10 OK   00001_roles_and_schemas.sql (8.7ms)\n"}
{"Time":"2026-10-01T13:51:10.022359+08:00","Action":"output","Package":"ops-platform/test/integration","Test":"TestIdempotencyHTTPMiddleware","Output":"2026/10/01 13:51:10 goose: successfully migrated database to version: 1\n"}
{"Time":"2026-10-01T13:51:10.045064+08:00","Action":"output","Package":"ops-platform/test/integration","Test":"TestIdempotencyHTTPMiddleware","Output":"2026/10/01 13:51:10 OK   00002_platform_meta.sql (15.02ms)\n"}
{"Time":"2026-10-01T13:51:10.05144+08:00","Action":"output","Package":"ops-platform/test/integration","Test":"TestIdempotencyHTTPMiddleware","Output":"2026/10/01 13:51:10 OK   00003_finding.sql (6.14ms)\n"}
{"Time":"2026-10-01T13:51:10.055833+08:00","Action":"output","Package":"ops-platform/test/integration","Test":"TestIdempotencyHTTPMiddleware","Output":"2026/10/01 13:51:10 OK   00004_incident.sql (4.26ms)\n"}
{"Time":"2026-10-01T13:51:10.061288+08:00","Action":"output","Package":"ops-platform/test/integration","Test":"TestIdempotencyHTTPMiddleware","Output":"2026/10/01 13:51:10 OK   00005_investigation.sql (5.3ms)\n"}
{"Time":"2026-10-01T13:51:10.066625+08:00","Action":"output","Package":"ops-platform/test/integration","Test":"TestIdempotencyHTTPMiddleware","Output":"2026/10/01 13:51:10 OK   00006_action_command.sql (5.09ms)\n"}
{"Time":"2026-10-01T13:51:10.075781+08:00","Action":"output","Package":"ops-platform/test/integration","Test":"TestIdempotencyHTTPMiddleware","Output":"2026/10/01 13:51:10 OK   00007_audit.sql (8.93ms)\n"}
{"Time":"2026-10-01T13:51:10.082576+08:00","Action":"output","Package":"ops-platform/test/integration","Test":"TestIdempotencyHTTPMiddleware","Output":"2026/10/01 13:51:10 OK   00008_rls.sql (6.66ms)\n"}
{"Time":"2026-10-01T13:51:10.088189+08:00","Action":"output","Package":"ops-platform/test/integration","Test":"TestIdempotencyHTTPMiddleware","Output":"2026/10/01 13:51:10 OK   00009_idempotency_ledger.sql (5.44ms)\n"}
{"Time":"2026-10-01T13:51:10.091746+08:00","Action":"output","Package":"ops-platform/test/integration","Test":"TestIdempotencyHTTPMiddleware","Output":"2026/10/01 13:51:10 OK   00010_tenant_provisioning.sql (3.38ms)\n"}
{"Time":"2026-10-01T13:51:10.096938+08:00","Action":"output","Package":"ops-platform/test/integration","Test":"TestIdempotencyHTTPMiddleware","Output":"2026/10/01 13:51:10 OK   00011_source_registration_history.sql (5.03ms)\n"}
{"Time":"2026-10-01T13:51:10.104496+08:00","Action":"output","Package":"ops-platform/test/integration","Test":"TestIdempotencyHTTPMiddleware","Output":"2026/10/01 13:51:10 OK   00012_config_registry_lifecycle.sql (7.25ms)\n"}
{"Time":"2026-10-01T13:51:10.113121+08:00","Action":"output","Package":"ops-platform/test/integration","Test":"TestIdempotencyHTTPMiddleware","Output":"2026/10/01 13:51:10 OK   00013_audit_signed_segments.sql (8.35ms)\n"}
{"Time":"2026-10-01T13:51:10.117851+08:00","Action":"output","Package":"ops-platform/test/integration","Test":"TestIdempotencyHTTPMiddleware","Output":"2026/10/01 13:51:10 OK   00014_audit_segment_predecessors.sql (4.54ms)\n"}
{"Time":"2026-10-01T13:51:10.117894+08:00","Action":"output","Package":"ops-platform/test/integration","Test":"TestIdempotencyHTTPMiddleware","Output":"2026/10/01 13:51:10 goose: successfully migrated database to version: 14\n"}
{"Time":"2026-10-01T13:51:10.182208+08:00","Action":"output","Package":"ops-platform/test/integration","Test":"TestIdempotencyHTTPMiddleware","Output":"--- PASS: TestIdempotencyHTTPMiddleware (0.21s)\n","OutputType":"frame"}
{"Time":"2026-10-01T13:51:10.18248+08:00","Action":"pass","Package":"ops-platform/test/integration","Test":"TestIdempotencyHTTPMiddleware","Elapsed":0.21}
{"Time":"2026-10-01T13:51:10.182548+08:00","Action":"run","Package":"ops-platform/test/integration","Test":"TestMigrationsAndRoles"}
{"Time":"2026-10-01T13:51:10.182569+08:00","Action":"output","Package":"ops-platform/test/integration","Test":"TestMigrationsAndRoles","Output":"=== RUN   TestMigrationsAndRoles\n","OutputType":"frame"}
{"Time":"2026-10-01T13:51:10.220467+08:00","Action":"output","Package":"ops-platform/test/integration","Test":"TestMigrationsAndRoles","Output":"2026/10/01 13:51:10 OK   00001_roles_and_schemas.sql (6.75ms)\n"}
{"Time":"2026-10-01T13:51:10.220544+08:00","Action":"output","Package":"ops-platform/test/integration","Test":"TestMigrationsAndRoles","Output":"2026/10/01 13:51:10 goose: successfully migrated database to version: 1\n"}
{"Time":"2026-10-01T13:51:10.240141+08:00","Action":"output","Package":"ops-platform/test/integration","Test":"TestMigrationsAndRoles","Output":"2026/10/01 13:51:10 OK   00002_platform_meta.sql (14.37ms)\n"}
{"Time":"2026-10-01T13:51:10.246929+08:00","Action":"output","Package":"ops-platform/test/integration","Test":"TestMigrationsAndRoles","Output":"2026/10/01 13:51:10 OK   00003_finding.sql (6.58ms)\n"}
{"Time":"2026-10-01T13:51:10.251269+08:00","Action":"output","Package":"ops-platform/test/integration","Test":"TestMigrationsAndRoles","Output":"2026/10/01 13:51:10 OK   00004_incident.sql (4.19ms)\n"}
{"Time":"2026-10-01T13:51:10.255607+08:00","Action":"output","Package":"ops-platform/test/integration","Test":"TestMigrationsAndRoles","Output":"2026/10/01 13:51:10 OK   00005_investigation.sql (4.22ms)\n"}
{"Time":"2026-10-01T13:51:10.259799+08:00","Action":"output","Package":"ops-platform/test/integration","Test":"TestMigrationsAndRoles","Output":"2026/10/01 13:51:10 OK   00006_action_command.sql (4ms)\n"}
{"Time":"2026-10-01T13:51:10.26657+08:00","Action":"output","Package":"ops-platform/test/integration","Test":"TestMigrationsAndRoles","Output":"2026/10/01 13:51:10 OK   00007_audit.sql (6.6ms)\n"}
{"Time":"2026-10-01T13:51:10.27307+08:00","Action":"output","Package":"ops-platform/test/integration","Test":"TestMigrationsAndRoles","Output":"2026/10/01 13:51:10 OK   00008_rls.sql (6.33ms)\n"}
{"Time":"2026-10-01T13:51:10.278965+08:00","Action":"output","Package":"ops-platform/test/integration","Test":"TestMigrationsAndRoles","Output":"2026/10/01 13:51:10 OK   00009_idempotency_ledger.sql (5.57ms)\n"}
{"Time":"2026-10-01T13:51:10.283081+08:00","Action":"output","Package":"ops-platform/test/integration","Test":"TestMigrationsAndRoles","Output":"2026/10/01 13:51:10 OK   00010_tenant_provisioning.sql (3.44ms)\n"}
{"Time":"2026-10-01T13:51:10.288384+08:00","Action":"output","Package":"ops-platform/test/integration","Test":"TestMigrationsAndRoles","Output":"2026/10/01 13:51:10 OK   00011_source_registration_history.sql (4.64ms)\n"}
{"Time":"2026-10-01T13:51:10.294891+08:00","Action":"output","Package":"ops-platform/test/integration","Test":"TestMigrationsAndRoles","Output":"2026/10/01 13:51:10 OK   00012_config_registry_lifecycle.sql (6.33ms)\n"}
{"Time":"2026-10-01T13:51:10.303148+08:00","Action":"output","Package":"ops-platform/test/integration","Test":"TestMigrationsAndRoles","Output":"2026/10/01 13:51:10 OK   00013_audit_signed_segments.sql (8.03ms)\n"}
{"Time":"2026-10-01T13:51:10.307213+08:00","Action":"output","Package":"ops-platform/test/integration","Test":"TestMigrationsAndRoles","Output":"2026/10/01 13:51:10 OK   00014_audit_segment_predecessors.sql (3.92ms)\n"}
{"Time":"2026-10-01T13:51:10.307242+08:00","Action":"output","Package":"ops-platform/test/integration","Test":"TestMigrationsAndRoles","Output":"2026/10/01 13:51:10 goose: successfully migrated database to version: 14\n"}
{"Time":"2026-10-01T13:51:10.346723+08:00","Action":"output","Package":"ops-platform/test/integration","Test":"TestMigrationsAndRoles","Output":"--- PASS: TestMigrationsAndRoles (0.16s)\n","OutputType":"frame"}
{"Time":"2026-10-01T13:51:10.346899+08:00","Action":"pass","Package":"ops-platform/test/integration","Test":"TestMigrationsAndRoles","Elapsed":0.16}
{"Time":"2026-10-01T13:51:10.346933+08:00","Action":"run","Package":"ops-platform/test/integration","Test":"TestRuntimeDatabaseLoginCannotRegainOwnerOrOtherProcess"}
{"Time":"2026-10-01T13:51:10.346944+08:00","Action":"output","Package":"ops-platform/test/integration","Test":"TestRuntimeDatabaseLoginCannotRegainOwnerOrOtherProcess","Output":"=== RUN   TestRuntimeDatabaseLoginCannotRegainOwnerOrOtherProcess\n","OutputType":"frame"}
{"Time":"2026-10-01T13:51:10.385494+08:00","Action":"output","Package":"ops-platform/test/integration","Test":"TestRuntimeDatabaseLoginCannotRegainOwnerOrOtherProcess","Output":"2026/10/01 13:51:10 OK   00001_roles_and_schemas.sql (6.84ms)\n"}
{"Time":"2026-10-01T13:51:10.398489+08:00","Action":"output","Package":"ops-platform/test/integration","Test":"TestRuntimeDatabaseLoginCannotRegainOwnerOrOtherProcess","Output":"2026/10/01 13:51:10 OK   00002_platform_meta.sql (12.64ms)\n"}
{"Time":"2026-10-01T13:51:10.405422+08:00","Action":"output","Package":"ops-platform/test/integration","Test":"TestRuntimeDatabaseLoginCannotRegainOwnerOrOtherProcess","Output":"2026/10/01 13:51:10 OK   00003_finding.sql (6.76ms)\n"}
{"Time":"2026-10-01T13:51:10.409241+08:00","Action":"output","Package":"ops-platform/test/integration","Test":"TestRuntimeDatabaseLoginCannotRegainOwnerOrOtherProcess","Output":"2026/10/01 13:51:10 OK   00004_incident.sql (3.69ms)\n"}
{"Time":"2026-10-01T13:51:10.413666+08:00","Action":"output","Package":"ops-platform/test/integration","Test":"TestRuntimeDatabaseLoginCannotRegainOwnerOrOtherProcess","Output":"2026/10/01 13:51:10 OK   00005_investigation.sql (4.3ms)\n"}
{"Time":"2026-10-01T13:51:10.41791+08:00","Action":"output","Package":"ops-platform/test/integration","Test":"TestRuntimeDatabaseLoginCannotRegainOwnerOrOtherProcess","Output":"2026/10/01 13:51:10 OK   00006_action_command.sql (4.13ms)\n"}
{"Time":"2026-10-01T13:51:10.423996+08:00","Action":"output","Package":"ops-platform/test/integration","Test":"TestRuntimeDatabaseLoginCannotRegainOwnerOrOtherProcess","Output":"2026/10/01 13:51:10 OK   00007_audit.sql (5.97ms)\n"}
{"Time":"2026-10-01T13:51:10.430524+08:00","Action":"output","Package":"ops-platform/test/integration","Test":"TestRuntimeDatabaseLoginCannotRegainOwnerOrOtherProcess","Output":"2026/10/01 13:51:10 OK   00008_rls.sql (6.4ms)\n"}
{"Time":"2026-10-01T13:51:10.435714+08:00","Action":"output","Package":"ops-platform/test/integration","Test":"TestRuntimeDatabaseLoginCannotRegainOwnerOrOtherProcess","Output":"2026/10/01 13:51:10 OK   00009_idempotency_ledger.sql (5.01ms)\n"}
{"Time":"2026-10-01T13:51:10.439571+08:00","Action":"output","Package":"ops-platform/test/integration","Test":"TestRuntimeDatabaseLoginCannotRegainOwnerOrOtherProcess","Output":"2026/10/01 13:51:10 OK   00010_tenant_provisioning.sql (3.73ms)\n"}
{"Time":"2026-10-01T13:51:10.444491+08:00","Action":"output","Package":"ops-platform/test/integration","Test":"TestRuntimeDatabaseLoginCannotRegainOwnerOrOtherProcess","Output":"2026/10/01 13:51:10 OK   00011_source_registration_history.sql (4.75ms)\n"}
{"Time":"2026-10-01T13:51:10.451609+08:00","Action":"output","Package":"ops-platform/test/integration","Test":"TestRuntimeDatabaseLoginCannotRegainOwnerOrOtherProcess","Output":"2026/10/01 13:51:10 OK   00012_config_registry_lifecycle.sql (6.89ms)\n"}
{"Time":"2026-10-01T13:51:10.460055+08:00","Action":"output","Package":"ops-platform/test/integration","Test":"TestRuntimeDatabaseLoginCannotRegainOwnerOrOtherProcess","Output":"2026/10/01 13:51:10 OK   00013_audit_signed_segments.sql (8.23ms)\n"}
{"Time":"2026-10-01T13:51:10.464522+08:00","Action":"output","Package":"ops-platform/test/integration","Test":"TestRuntimeDatabaseLoginCannotRegainOwnerOrOtherProcess","Output":"2026/10/01 13:51:10 OK   00014_audit_segment_predecessors.sql (4.28ms)\n"}
{"Time":"2026-10-01T13:51:10.464585+08:00","Action":"output","Package":"ops-platform/test/integration","Test":"TestRuntimeDatabaseLoginCannotRegainOwnerOrOtherProcess","Output":"2026/10/01 13:51:10 goose: successfully migrated database to version: 14\n"}
{"Time":"2026-10-01T13:51:10.518519+08:00","Action":"output","Package":"ops-platform/test/integration","Test":"TestRuntimeDatabaseLoginCannotRegainOwnerOrOtherProcess","Output":"--- PASS: TestRuntimeDatabaseLoginCannotRegainOwnerOrOtherProcess (0.17s)\n","OutputType":"frame"}
{"Time":"2026-10-01T13:51:10.518718+08:00","Action":"pass","Package":"ops-platform/test/integration","Test":"TestRuntimeDatabaseLoginCannotRegainOwnerOrOtherProcess","Elapsed":0.17}
{"Time":"2026-10-01T13:51:10.518765+08:00","Action":"run","Package":"ops-platform/test/integration","Test":"TestSourceRegistrationsAreTenantBoundRevisionedAndAudited"}
{"Time":"2026-10-01T13:51:10.518786+08:00","Action":"output","Package":"ops-platform/test/integration","Test":"TestSourceRegistrationsAreTenantBoundRevisionedAndAudited","Output":"=== RUN   TestSourceRegistrationsAreTenantBoundRevisionedAndAudited\n","OutputType":"frame"}
{"Time":"2026-10-01T13:51:10.55366+08:00","Action":"output","Package":"ops-platform/test/integration","Test":"TestSourceRegistrationsAreTenantBoundRevisionedAndAudited","Output":"2026/10/01 13:51:10 OK   00001_roles_and_schemas.sql (6.37ms)\n"}
{"Time":"2026-10-01T13:51:10.55371+08:00","Action":"output","Package":"ops-platform/test/integration","Test":"TestSourceRegistrationsAreTenantBoundRevisionedAndAudited","Output":"2026/10/01 13:51:10 goose: successfully migrated database to version: 1\n"}
{"Time":"2026-10-01T13:51:10.572636+08:00","Action":"output","Package":"ops-platform/test/integration","Test":"TestSourceRegistrationsAreTenantBoundRevisionedAndAudited","Output":"2026/10/01 13:51:10 OK   00002_platform_meta.sql (12.7ms)\n"}
{"Time":"2026-10-01T13:51:10.578736+08:00","Action":"output","Package":"ops-platform/test/integration","Test":"TestSourceRegistrationsAreTenantBoundRevisionedAndAudited","Output":"2026/10/01 13:51:10 OK   00003_finding.sql (5.93ms)\n"}
{"Time":"2026-10-01T13:51:10.583174+08:00","Action":"output","Package":"ops-platform/test/integration","Test":"TestSourceRegistrationsAreTenantBoundRevisionedAndAudited","Output":"2026/10/01 13:51:10 OK   00004_incident.sql (4.3ms)\n"}
{"Time":"2026-10-01T13:51:10.588011+08:00","Action":"output","Package":"ops-platform/test/integration","Test":"TestSourceRegistrationsAreTenantBoundRevisionedAndAudited","Output":"2026/10/01 13:51:10 OK   00005_investigation.sql (4.67ms)\n"}
{"Time":"2026-10-01T13:51:10.592403+08:00","Action":"output","Package":"ops-platform/test/integration","Test":"TestSourceRegistrationsAreTenantBoundRevisionedAndAudited","Output":"2026/10/01 13:51:10 OK   00006_action_command.sql (4.28ms)\n"}
{"Time":"2026-10-01T13:51:10.599184+08:00","Action":"output","Package":"ops-platform/test/integration","Test":"TestSourceRegistrationsAreTenantBoundRevisionedAndAudited","Output":"2026/10/01 13:51:10 OK   00007_audit.sql (6.6ms)\n"}
{"Time":"2026-10-01T13:51:10.605573+08:00","Action":"output","Package":"ops-platform/test/integration","Test":"TestSourceRegistrationsAreTenantBoundRevisionedAndAudited","Output":"2026/10/01 13:51:10 OK   00008_rls.sql (6.24ms)\n"}
{"Time":"2026-10-01T13:51:10.610712+08:00","Action":"output","Package":"ops-platform/test/integration","Test":"TestSourceRegistrationsAreTenantBoundRevisionedAndAudited","Output":"2026/10/01 13:51:10 OK   00009_idempotency_ledger.sql (4.97ms)\n"}
{"Time":"2026-10-01T13:51:10.614242+08:00","Action":"output","Package":"ops-platform/test/integration","Test":"TestSourceRegistrationsAreTenantBoundRevisionedAndAudited","Output":"2026/10/01 13:51:10 OK   00010_tenant_provisioning.sql (3.41ms)\n"}
{"Time":"2026-10-01T13:51:10.618907+08:00","Action":"output","Package":"ops-platform/test/integration","Test":"TestSourceRegistrationsAreTenantBoundRevisionedAndAudited","Output":"2026/10/01 13:51:10 OK   00011_source_registration_history.sql (4.54ms)\n"}
{"Time":"2026-10-01T13:51:10.625519+08:00","Action":"output","Package":"ops-platform/test/integration","Test":"TestSourceRegistrationsAreTenantBoundRevisionedAndAudited","Output":"2026/10/01 13:51:10 OK   00012_config_registry_lifecycle.sql (6.46ms)\n"}
{"Time":"2026-10-01T13:51:10.634036+08:00","Action":"output","Package":"ops-platform/test/integration","Test":"TestSourceRegistrationsAreTenantBoundRevisionedAndAudited","Output":"2026/10/01 13:51:10 OK   00013_audit_signed_segments.sql (8.33ms)\n"}
{"Time":"2026-10-01T13:51:10.638431+08:00","Action":"output","Package":"ops-platform/test/integration","Test":"TestSourceRegistrationsAreTenantBoundRevisionedAndAudited","Output":"2026/10/01 13:51:10 OK   00014_audit_segment_predecessors.sql (4.23ms)\n"}
{"Time":"2026-10-01T13:51:10.638476+08:00","Action":"output","Package":"ops-platform/test/integration","Test":"TestSourceRegistrationsAreTenantBoundRevisionedAndAudited","Output":"2026/10/01 13:51:10 goose: successfully migrated database to version: 14\n"}
{"Time":"2026-10-01T13:51:10.663871+08:00","Action":"run","Package":"ops-platform/test/integration","Test":"TestSourceRegistrationsAreTenantBoundRevisionedAndAudited/payload-cluster"}
{"Time":"2026-10-01T13:51:10.663925+08:00","Action":"output","Package":"ops-platform/test/integration","Test":"TestSourceRegistrationsAreTenantBoundRevisionedAndAudited/payload-cluster","Output":"=== RUN   TestSourceRegistrationsAreTenantBoundRevisionedAndAudited/payload-cluster\n","OutputType":"frame"}
{"Time":"2026-10-01T13:51:10.66447+08:00","Action":"output","Package":"ops-platform/test/integration","Test":"TestSourceRegistrationsAreTenantBoundRevisionedAndAudited/payload-cluster","Output":"--- PASS: TestSourceRegistrationsAreTenantBoundRevisionedAndAudited/payload-cluster (0.00s)\n","OutputType":"frame"}
{"Time":"2026-10-01T13:51:10.664483+08:00","Action":"pass","Package":"ops-platform/test/integration","Test":"TestSourceRegistrationsAreTenantBoundRevisionedAndAudited/payload-cluster","Elapsed":0}
{"Time":"2026-10-01T13:51:10.664496+08:00","Action":"run","Package":"ops-platform/test/integration","Test":"TestSourceRegistrationsAreTenantBoundRevisionedAndAudited/payload-tenant"}
{"Time":"2026-10-01T13:51:10.664502+08:00","Action":"output","Package":"ops-platform/test/integration","Test":"TestSourceRegistrationsAreTenantBoundRevisionedAndAudited/payload-tenant","Output":"=== RUN   TestSourceRegistrationsAreTenantBoundRevisionedAndAudited/payload-tenant\n","OutputType":"frame"}
{"Time":"2026-10-01T13:51:10.664992+08:00","Action":"output","Package":"ops-platform/test/integration","Test":"TestSourceRegistrationsAreTenantBoundRevisionedAndAudited/payload-tenant","Output":"--- PASS: TestSourceRegistrationsAreTenantBoundRevisionedAndAudited/payload-tenant (0.00s)\n","OutputType":"frame"}
{"Time":"2026-10-01T13:51:10.665001+08:00","Action":"pass","Package":"ops-platform/test/integration","Test":"TestSourceRegistrationsAreTenantBoundRevisionedAndAudited/payload-tenant","Elapsed":0}
{"Time":"2026-10-01T13:51:10.739693+08:00","Action":"output","Package":"ops-platform/test/integration","Test":"TestSourceRegistrationsAreTenantBoundRevisionedAndAudited","Output":"--- PASS: TestSourceRegistrationsAreTenantBoundRevisionedAndAudited (0.22s)\n","OutputType":"frame"}
{"Time":"2026-10-01T13:51:10.739809+08:00","Action":"pass","Package":"ops-platform/test/integration","Test":"TestSourceRegistrationsAreTenantBoundRevisionedAndAudited","Elapsed":0.22}
{"Time":"2026-10-01T13:51:10.73982+08:00","Action":"run","Package":"ops-platform/test/integration","Test":"TestTenantProvisioningAndRoleBindingRevisions"}
{"Time":"2026-10-01T13:51:10.739823+08:00","Action":"output","Package":"ops-platform/test/integration","Test":"TestTenantProvisioningAndRoleBindingRevisions","Output":"=== RUN   TestTenantProvisioningAndRoleBindingRevisions\n","OutputType":"frame"}
{"Time":"2026-10-01T13:51:10.767416+08:00","Action":"output","Package":"ops-platform/test/integration","Test":"TestTenantProvisioningAndRoleBindingRevisions","Output":"2026/10/01 13:51:10 OK   00001_roles_and_schemas.sql (4.68ms)\n"}
{"Time":"2026-10-01T13:51:10.76744+08:00","Action":"output","Package":"ops-platform/test/integration","Test":"TestTenantProvisioningAndRoleBindingRevisions","Output":"2026/10/01 13:51:10 goose: successfully migrated database to version: 1\n"}
{"Time":"2026-10-01T13:51:10.781657+08:00","Action":"output","Package":"ops-platform/test/integration","Test":"TestTenantProvisioningAndRoleBindingRevisions","Output":"2026/10/01 13:51:10 OK   00002_platform_meta.sql (9.97ms)\n"}
{"Time":"2026-10-01T13:51:10.785923+08:00","Action":"output","Package":"ops-platform/test/integration","Test":"TestTenantProvisioningAndRoleBindingRevisions","Output":"2026/10/01 13:51:10 OK   00003_finding.sql (4.2ms)\n"}
{"Time":"2026-10-01T13:51:10.788638+08:00","Action":"output","Package":"ops-platform/test/integration","Test":"TestTenantProvisioningAndRoleBindingRevisions","Output":"2026/10/01 13:51:10 OK   00004_incident.sql (2.67ms)\n"}
{"Time":"2026-10-01T13:51:10.791732+08:00","Action":"output","Package":"ops-platform/test/integration","Test":"TestTenantProvisioningAndRoleBindingRevisions","Output":"2026/10/01 13:51:10 OK   00005_investigation.sql (3.05ms)\n"}
{"Time":"2026-10-01T13:51:10.794831+08:00","Action":"output","Package":"ops-platform/test/integration","Test":"TestTenantProvisioningAndRoleBindingRevisions","Output":"2026/10/01 13:51:10 OK   00006_action_command.sql (3.05ms)\n"}
{"Time":"2026-10-01T13:51:10.799531+08:00","Action":"output","Package":"ops-platform/test/integration","Test":"TestTenantProvisioningAndRoleBindingRevisions","Output":"2026/10/01 13:51:10 OK   00007_audit.sql (4.65ms)\n"}
{"Time":"2026-10-01T13:51:10.804281+08:00","Action":"output","Package":"ops-platform/test/integration","Test":"TestTenantProvisioningAndRoleBindingRevisions","Output":"2026/10/01 13:51:10 OK   00008_rls.sql (4.7ms)\n"}
{"Time":"2026-10-01T13:51:10.807788+08:00","Action":"output","Package":"ops-platform/test/integration","Test":"TestTenantProvisioningAndRoleBindingRevisions","Output":"2026/10/01 13:51:10 OK   00009_idempotency_ledger.sql (3.44ms)\n"}
{"Time":"2026-10-01T13:51:10.809762+08:00","Action":"output","Package":"ops-platform/test/integration","Test":"TestTenantProvisioningAndRoleBindingRevisions","Output":"2026/10/01 13:51:10 OK   00010_tenant_provisioning.sql (1.93ms)\n"}
{"Time":"2026-10-01T13:51:10.813074+08:00","Action":"output","Package":"ops-platform/test/integration","Test":"TestTenantProvisioningAndRoleBindingRevisions","Output":"2026/10/01 13:51:10 OK   00011_source_registration_history.sql (3.26ms)\n"}
{"Time":"2026-10-01T13:51:10.817627+08:00","Action":"output","Package":"ops-platform/test/integration","Test":"TestTenantProvisioningAndRoleBindingRevisions","Output":"2026/10/01 13:51:10 OK   00012_config_registry_lifecycle.sql (4.49ms)\n"}
{"Time":"2026-10-01T13:51:10.82308+08:00","Action":"output","Package":"ops-platform/test/integration","Test":"TestTenantProvisioningAndRoleBindingRevisions","Output":"2026/10/01 13:51:10 OK   00013_audit_signed_segments.sql (5.38ms)\n"}
{"Time":"2026-10-01T13:51:10.8259+08:00","Action":"output","Package":"ops-platform/test/integration","Test":"TestTenantProvisioningAndRoleBindingRevisions","Output":"2026/10/01 13:51:10 OK   00014_audit_segment_predecessors.sql (2.77ms)\n"}
{"Time":"2026-10-01T13:51:10.826006+08:00","Action":"output","Package":"ops-platform/test/integration","Test":"TestTenantProvisioningAndRoleBindingRevisions","Output":"2026/10/01 13:51:10 goose: successfully migrated database to version: 14\n"}
{"Time":"2026-10-01T13:51:10.872358+08:00","Action":"output","Package":"ops-platform/test/integration","Test":"TestTenantProvisioningAndRoleBindingRevisions","Output":"--- PASS: TestTenantProvisioningAndRoleBindingRevisions (0.13s)\n","OutputType":"frame"}
{"Time":"2026-10-01T13:51:10.872417+08:00","Action":"pass","Package":"ops-platform/test/integration","Test":"TestTenantProvisioningAndRoleBindingRevisions","Elapsed":0.13}
{"Time":"2026-10-01T13:51:10.872444+08:00","Action":"output","Package":"ops-platform/test/integration","Output":"PASS\n","OutputType":"frame"}
{"Time":"2026-10-01T13:51:10.87518+08:00","Action":"output","Package":"ops-platform/test/integration","Output":"ok  \tops-platform/test/integration\t2.707s\n"}
{"Time":"2026-10-01T13:51:10.87523+08:00","Action":"pass","Package":"ops-platform/test/integration","Elapsed":2.707}
