go generate ./...
$ orval --config ./orval.config.ts
🍻 orval v8.37.0 - A swagger client generator for typescript
platform - 🎉 Smart Operations Platform API - Your OpenAPI spec has been converted into ready to use orval!
python3 scripts/prepare-runtime-source.py --check
{"modules": 79, "selectedModuleFiles": 2419, "standardLibraryFiles": 1332, "sourceBundleSHA256": "sha256:afb124b95c9ec9e3687eac5cc7d1a5435b66018447abb201546e5dd7d8341e8a"}
go vet ./...
?   	ops-platform/api	[no test files]
?   	ops-platform/artifacts	[no test files]
?   	ops-platform/bundle	[no test files]
?   	ops-platform/cmd/db-migrate	[no test files]
ok  	ops-platform/cmd/opsctl	13.870s
?   	ops-platform/cmd/platform-api	[no test files]
?   	ops-platform/cmd/platform-worker	[no test files]
?   	ops-platform/gen/api	[no test files]
ok  	ops-platform/internal/app	(cached)
ok  	ops-platform/internal/archive	(cached)
ok  	ops-platform/internal/audit	(cached)
ok  	ops-platform/internal/auth	(cached)
ok  	ops-platform/internal/bundle	(cached)
ok  	ops-platform/internal/bundle/drivers	(cached)
ok  	ops-platform/internal/configregistry	(cached)
?   	ops-platform/internal/contract	[no test files]
ok  	ops-platform/internal/crypto	(cached)
ok  	ops-platform/internal/httpapi	(cached)
?   	ops-platform/internal/integrations	[no test files]
ok  	ops-platform/internal/integrations/keycloak	(cached)
ok  	ops-platform/internal/integrations/openbao	(cached)
?   	ops-platform/internal/integrations/s3	[no test files]
?   	ops-platform/internal/integrations/victorialogs	[no test files]
?   	ops-platform/internal/integrations/victoriametrics	[no test files]
?   	ops-platform/internal/integrations/vmalert	[no test files]
ok  	ops-platform/internal/observability	(cached)
ok  	ops-platform/internal/persistence	(cached)
?   	ops-platform/internal/persistence/dbgen	[no test files]
ok  	ops-platform/internal/policy	(cached)
ok  	ops-platform/internal/profile	1.045s
ok  	ops-platform/internal/source	(cached)
ok  	ops-platform/internal/supplychain	(cached)
?   	ops-platform/internal/tenant	[no test files]
?   	ops-platform/policies	[no test files]
ok  	ops-platform/test/contract	(cached)
ok  	ops-platform/test/e2e	1.047s
?   	ops-platform/test/fixtures/upstream-inspection	[no test files]
ok  	ops-platform/test/integration	0.960s
ok  	ops-platform/test/security	(cached)
$ node --experimental-strip-types --test ./test/*.test.mjs
✔ typed SSE reader yields a decoded envelope before the stream closes (125.330125ms)
✔ typed SSE fetch client requests and parses text/event-stream (62.579291ms)
✔ typed SSE envelope decoder rejects incomplete event data (0.256916ms)
ℹ tests 3
ℹ suites 0
ℹ pass 3
ℹ fail 0
ℹ cancelled 0
ℹ skipped 0
ℹ todo 0
ℹ duration_ms 325.671584
ok  	ops-platform/test/contract	(cached)
{"Time":"2026-10-01T16:35:45.808121+08:00","Action":"start","Package":"ops-platform/test/security"}
{"Time":"2026-10-01T16:35:46.349134+08:00","Action":"run","Package":"ops-platform/test/security","Test":"TestOperatorAndPlatformAdminAreIndependent"}
{"Time":"2026-10-01T16:35:46.349218+08:00","Action":"output","Package":"ops-platform/test/security","Test":"TestOperatorAndPlatformAdminAreIndependent","Output":"=== RUN   TestOperatorAndPlatformAdminAreIndependent\n","OutputType":"frame"}
{"Time":"2026-10-01T16:35:46.349278+08:00","Action":"run","Package":"ops-platform/test/security","Test":"TestOperatorAndPlatformAdminAreIndependent/operator_cannot_administer"}
{"Time":"2026-10-01T16:35:46.349297+08:00","Action":"output","Package":"ops-platform/test/security","Test":"TestOperatorAndPlatformAdminAreIndependent/operator_cannot_administer","Output":"=== RUN   TestOperatorAndPlatformAdminAreIndependent/operator_cannot_administer\n","OutputType":"frame"}
{"Time":"2026-10-01T16:35:46.349467+08:00","Action":"output","Package":"ops-platform/test/security","Test":"TestOperatorAndPlatformAdminAreIndependent/operator_cannot_administer","Output":"--- PASS: TestOperatorAndPlatformAdminAreIndependent/operator_cannot_administer (0.00s)\n","OutputType":"frame"}
{"Time":"2026-10-01T16:35:46.349476+08:00","Action":"pass","Package":"ops-platform/test/security","Test":"TestOperatorAndPlatformAdminAreIndependent/operator_cannot_administer","Elapsed":0}
{"Time":"2026-10-01T16:35:46.349489+08:00","Action":"run","Package":"ops-platform/test/security","Test":"TestOperatorAndPlatformAdminAreIndependent/administrator_cannot_operate"}
{"Time":"2026-10-01T16:35:46.349494+08:00","Action":"output","Package":"ops-platform/test/security","Test":"TestOperatorAndPlatformAdminAreIndependent/administrator_cannot_operate","Output":"=== RUN   TestOperatorAndPlatformAdminAreIndependent/administrator_cannot_operate\n","OutputType":"frame"}
{"Time":"2026-10-01T16:35:46.349564+08:00","Action":"output","Package":"ops-platform/test/security","Test":"TestOperatorAndPlatformAdminAreIndependent/administrator_cannot_operate","Output":"--- PASS: TestOperatorAndPlatformAdminAreIndependent/administrator_cannot_operate (0.00s)\n","OutputType":"frame"}
{"Time":"2026-10-01T16:35:46.34958+08:00","Action":"pass","Package":"ops-platform/test/security","Test":"TestOperatorAndPlatformAdminAreIndependent/administrator_cannot_operate","Elapsed":0}
{"Time":"2026-10-01T16:35:46.349593+08:00","Action":"output","Package":"ops-platform/test/security","Test":"TestOperatorAndPlatformAdminAreIndependent","Output":"--- PASS: TestOperatorAndPlatformAdminAreIndependent (0.00s)\n","OutputType":"frame"}
{"Time":"2026-10-01T16:35:46.3496+08:00","Action":"pass","Package":"ops-platform/test/security","Test":"TestOperatorAndPlatformAdminAreIndependent","Elapsed":0}
{"Time":"2026-10-01T16:35:46.34962+08:00","Action":"run","Package":"ops-platform/test/security","Test":"TestOperatorMustHaveExplicitResourceScope"}
{"Time":"2026-10-01T16:35:46.349626+08:00","Action":"output","Package":"ops-platform/test/security","Test":"TestOperatorMustHaveExplicitResourceScope","Output":"=== RUN   TestOperatorMustHaveExplicitResourceScope\n","OutputType":"frame"}
{"Time":"2026-10-01T16:35:46.349645+08:00","Action":"output","Package":"ops-platform/test/security","Test":"TestOperatorMustHaveExplicitResourceScope","Output":"--- PASS: TestOperatorMustHaveExplicitResourceScope (0.00s)\n","OutputType":"frame"}
{"Time":"2026-10-01T16:35:46.349652+08:00","Action":"pass","Package":"ops-platform/test/security","Test":"TestOperatorMustHaveExplicitResourceScope","Elapsed":0}
{"Time":"2026-10-01T16:35:46.349658+08:00","Action":"run","Package":"ops-platform/test/security","Test":"TestWorkloadIdentityRejectsWrongSANNamespaceAndServiceAccount"}
{"Time":"2026-10-01T16:35:46.349663+08:00","Action":"output","Package":"ops-platform/test/security","Test":"TestWorkloadIdentityRejectsWrongSANNamespaceAndServiceAccount","Output":"=== RUN   TestWorkloadIdentityRejectsWrongSANNamespaceAndServiceAccount\n","OutputType":"frame"}
{"Time":"2026-10-01T16:35:46.350339+08:00","Action":"run","Package":"ops-platform/test/security","Test":"TestWorkloadIdentityRejectsWrongSANNamespaceAndServiceAccount/wrong_namespace"}
{"Time":"2026-10-01T16:35:46.350353+08:00","Action":"output","Package":"ops-platform/test/security","Test":"TestWorkloadIdentityRejectsWrongSANNamespaceAndServiceAccount/wrong_namespace","Output":"=== RUN   TestWorkloadIdentityRejectsWrongSANNamespaceAndServiceAccount/wrong_namespace\n","OutputType":"frame"}
{"Time":"2026-10-01T16:35:46.350944+08:00","Action":"output","Package":"ops-platform/test/security","Test":"TestWorkloadIdentityRejectsWrongSANNamespaceAndServiceAccount/wrong_namespace","Output":"--- PASS: TestWorkloadIdentityRejectsWrongSANNamespaceAndServiceAccount/wrong_namespace (0.00s)\n","OutputType":"frame"}
{"Time":"2026-10-01T16:35:46.350952+08:00","Action":"pass","Package":"ops-platform/test/security","Test":"TestWorkloadIdentityRejectsWrongSANNamespaceAndServiceAccount/wrong_namespace","Elapsed":0}
{"Time":"2026-10-01T16:35:46.350963+08:00","Action":"run","Package":"ops-platform/test/security","Test":"TestWorkloadIdentityRejectsWrongSANNamespaceAndServiceAccount/wrong_service_account"}
{"Time":"2026-10-01T16:35:46.35097+08:00","Action":"output","Package":"ops-platform/test/security","Test":"TestWorkloadIdentityRejectsWrongSANNamespaceAndServiceAccount/wrong_service_account","Output":"=== RUN   TestWorkloadIdentityRejectsWrongSANNamespaceAndServiceAccount/wrong_service_account\n","OutputType":"frame"}
{"Time":"2026-10-01T16:35:46.351177+08:00","Action":"output","Package":"ops-platform/test/security","Test":"TestWorkloadIdentityRejectsWrongSANNamespaceAndServiceAccount/wrong_service_account","Output":"--- PASS: TestWorkloadIdentityRejectsWrongSANNamespaceAndServiceAccount/wrong_service_account (0.00s)\n","OutputType":"frame"}
{"Time":"2026-10-01T16:35:46.351183+08:00","Action":"pass","Package":"ops-platform/test/security","Test":"TestWorkloadIdentityRejectsWrongSANNamespaceAndServiceAccount/wrong_service_account","Elapsed":0}
{"Time":"2026-10-01T16:35:46.35164+08:00","Action":"output","Package":"ops-platform/test/security","Test":"TestWorkloadIdentityRejectsWrongSANNamespaceAndServiceAccount","Output":"--- PASS: TestWorkloadIdentityRejectsWrongSANNamespaceAndServiceAccount (0.00s)\n","OutputType":"frame"}
{"Time":"2026-10-01T16:35:46.351647+08:00","Action":"pass","Package":"ops-platform/test/security","Test":"TestWorkloadIdentityRejectsWrongSANNamespaceAndServiceAccount","Elapsed":0}
{"Time":"2026-10-01T16:35:46.351652+08:00","Action":"run","Package":"ops-platform/test/security","Test":"TestWorkloadIdentityRejectsExpiredRevokedAndUntrustedCertificate"}
{"Time":"2026-10-01T16:35:46.351656+08:00","Action":"output","Package":"ops-platform/test/security","Test":"TestWorkloadIdentityRejectsExpiredRevokedAndUntrustedCertificate","Output":"=== RUN   TestWorkloadIdentityRejectsExpiredRevokedAndUntrustedCertificate\n","OutputType":"frame"}
{"Time":"2026-10-01T16:35:46.353053+08:00","Action":"output","Package":"ops-platform/test/security","Test":"TestWorkloadIdentityRejectsExpiredRevokedAndUntrustedCertificate","Output":"--- PASS: TestWorkloadIdentityRejectsExpiredRevokedAndUntrustedCertificate (0.00s)\n","OutputType":"frame"}
{"Time":"2026-10-01T16:35:46.35306+08:00","Action":"pass","Package":"ops-platform/test/security","Test":"TestWorkloadIdentityRejectsExpiredRevokedAndUntrustedCertificate","Elapsed":0}
{"Time":"2026-10-01T16:35:46.353065+08:00","Action":"run","Package":"ops-platform/test/security","Test":"TestUserTokenCannotEstablishWorkloadIdentity"}
{"Time":"2026-10-01T16:35:46.353069+08:00","Action":"output","Package":"ops-platform/test/security","Test":"TestUserTokenCannotEstablishWorkloadIdentity","Output":"=== RUN   TestUserTokenCannotEstablishWorkloadIdentity\n","OutputType":"frame"}
{"Time":"2026-10-01T16:35:46.35343+08:00","Action":"output","Package":"ops-platform/test/security","Test":"TestUserTokenCannotEstablishWorkloadIdentity","Output":"--- PASS: TestUserTokenCannotEstablishWorkloadIdentity (0.00s)\n","OutputType":"frame"}
{"Time":"2026-10-01T16:35:46.353437+08:00","Action":"pass","Package":"ops-platform/test/security","Test":"TestUserTokenCannotEstablishWorkloadIdentity","Elapsed":0}
{"Time":"2026-10-01T16:35:46.353449+08:00","Action":"run","Package":"ops-platform/test/security","Test":"TestWorkloadMTLSRequiresExactIdentityAndNeverUsesBearerToken"}
{"Time":"2026-10-01T16:35:46.353453+08:00","Action":"output","Package":"ops-platform/test/security","Test":"TestWorkloadMTLSRequiresExactIdentityAndNeverUsesBearerToken","Output":"=== RUN   TestWorkloadMTLSRequiresExactIdentityAndNeverUsesBearerToken\n","OutputType":"frame"}
{"Time":"2026-10-01T16:35:46.357289+08:00","Action":"output","Package":"ops-platform/test/security","Test":"TestWorkloadMTLSRequiresExactIdentityAndNeverUsesBearerToken","Output":"2026/10/01 16:35:46 http: TLS handshake error from 127.0.0.1:50656: workload identity is outside the exact allowlist\n"}
{"Time":"2026-10-01T16:35:46.357332+08:00","Action":"output","Package":"ops-platform/test/security","Test":"TestWorkloadMTLSRequiresExactIdentityAndNeverUsesBearerToken","Output":"--- PASS: TestWorkloadMTLSRequiresExactIdentityAndNeverUsesBearerToken (0.00s)\n","OutputType":"frame"}
{"Time":"2026-10-01T16:35:46.357337+08:00","Action":"pass","Package":"ops-platform/test/security","Test":"TestWorkloadMTLSRequiresExactIdentityAndNeverUsesBearerToken","Elapsed":0}
{"Time":"2026-10-01T16:35:46.35734+08:00","Action":"run","Package":"ops-platform/test/security","Test":"TestWorkloadIdentityUsesFreshCRLSourceAndFailsClosedWhenStale"}
{"Time":"2026-10-01T16:35:46.357343+08:00","Action":"output","Package":"ops-platform/test/security","Test":"TestWorkloadIdentityUsesFreshCRLSourceAndFailsClosedWhenStale","Output":"=== RUN   TestWorkloadIdentityUsesFreshCRLSourceAndFailsClosedWhenStale\n","OutputType":"frame"}
{"Time":"2026-10-01T16:35:46.357906+08:00","Action":"output","Package":"ops-platform/test/security","Test":"TestWorkloadIdentityUsesFreshCRLSourceAndFailsClosedWhenStale","Output":"--- PASS: TestWorkloadIdentityUsesFreshCRLSourceAndFailsClosedWhenStale (0.00s)\n","OutputType":"frame"}
{"Time":"2026-10-01T16:35:46.35791+08:00","Action":"pass","Package":"ops-platform/test/security","Test":"TestWorkloadIdentityUsesFreshCRLSourceAndFailsClosedWhenStale","Elapsed":0}
{"Time":"2026-10-01T16:35:46.357912+08:00","Action":"output","Package":"ops-platform/test/security","Output":"PASS\n","OutputType":"frame"}
{"Time":"2026-10-01T16:35:46.358856+08:00","Action":"output","Package":"ops-platform/test/security","Output":"ok  \tops-platform/test/security\t0.550s\n"}
{"Time":"2026-10-01T16:35:46.358866+08:00","Action":"pass","Package":"ops-platform/test/security","Elapsed":0.551}
Acceptance report: 11 tests passed; zero skips.
