{"Time":"2026-10-01T14:18:32.111497+08:00","Action":"start","Package":"ops-platform/test/integration"}
{"Time":"2026-10-01T14:18:32.846287+08:00","Action":"run","Package":"ops-platform/test/integration","Test":"TestFailedForwardMigrationRollsBackAndCanRecover"}
{"Time":"2026-10-01T14:18:32.846426+08:00","Action":"output","Package":"ops-platform/test/integration","Test":"TestFailedForwardMigrationRollsBackAndCanRecover","Output":"=== RUN   TestFailedForwardMigrationRollsBackAndCanRecover\n","OutputType":"frame"}
{"Time":"2026-10-01T14:18:32.898389+08:00","Action":"output","Package":"ops-platform/test/integration","Test":"TestFailedForwardMigrationRollsBackAndCanRecover","Output":"2026/10/01 14:18:32 OK   00001_roles_and_schemas.sql (8.36ms)\n"}
{"Time":"2026-10-01T14:18:32.898427+08:00","Action":"output","Package":"ops-platform/test/integration","Test":"TestFailedForwardMigrationRollsBackAndCanRecover","Output":"2026/10/01 14:18:32 goose: successfully migrated database to version: 1\n"}
{"Time":"2026-10-01T14:18:32.921638+08:00","Action":"output","Package":"ops-platform/test/integration","Test":"TestFailedForwardMigrationRollsBackAndCanRecover","Output":"2026/10/01 14:18:32 OK   00002_platform_meta.sql (14.52ms)\n"}
{"Time":"2026-10-01T14:18:32.927977+08:00","Action":"output","Package":"ops-platform/test/integration","Test":"TestFailedForwardMigrationRollsBackAndCanRecover","Output":"2026/10/01 14:18:32 OK   00003_finding.sql (6.18ms)\n"}
{"Time":"2026-10-01T14:18:32.932471+08:00","Action":"output","Package":"ops-platform/test/integration","Test":"TestFailedForwardMigrationRollsBackAndCanRecover","Output":"2026/10/01 14:18:32 OK   00004_incident.sql (4.4ms)\n"}
{"Time":"2026-10-01T14:18:32.938152+08:00","Action":"output","Package":"ops-platform/test/integration","Test":"TestFailedForwardMigrationRollsBackAndCanRecover","Output":"2026/10/01 14:18:32 OK   00005_investigation.sql (5.38ms)\n"}
{"Time":"2026-10-01T14:18:32.943567+08:00","Action":"output","Package":"ops-platform/test/integration","Test":"TestFailedForwardMigrationRollsBackAndCanRecover","Output":"2026/10/01 14:18:32 OK   00006_action_command.sql (5.34ms)\n"}
{"Time":"2026-10-01T14:18:32.950602+08:00","Action":"output","Package":"ops-platform/test/integration","Test":"TestFailedForwardMigrationRollsBackAndCanRecover","Output":"2026/10/01 14:18:32 OK   00007_audit.sql (6.9ms)\n"}
{"Time":"2026-10-01T14:18:32.958485+08:00","Action":"output","Package":"ops-platform/test/integration","Test":"TestFailedForwardMigrationRollsBackAndCanRecover","Output":"2026/10/01 14:18:32 OK   00008_rls.sql (7.72ms)\n"}
{"Time":"2026-10-01T14:18:32.975032+08:00","Action":"output","Package":"ops-platform/test/integration","Test":"TestFailedForwardMigrationRollsBackAndCanRecover","Output":"2026/10/01 14:18:32 OK   00009_idempotency_ledger.sql (16.38ms)\n"}
{"Time":"2026-10-01T14:18:32.979756+08:00","Action":"output","Package":"ops-platform/test/integration","Test":"TestFailedForwardMigrationRollsBackAndCanRecover","Output":"2026/10/01 14:18:32 OK   00010_tenant_provisioning.sql (4.54ms)\n"}
{"Time":"2026-10-01T14:18:32.986096+08:00","Action":"output","Package":"ops-platform/test/integration","Test":"TestFailedForwardMigrationRollsBackAndCanRecover","Output":"2026/10/01 14:18:32 OK   00011_source_registration_history.sql (6.14ms)\n"}
{"Time":"2026-10-01T14:18:32.996107+08:00","Action":"output","Package":"ops-platform/test/integration","Test":"TestFailedForwardMigrationRollsBackAndCanRecover","Output":"2026/10/01 14:18:32 OK   00012_config_registry_lifecycle.sql (9.81ms)\n"}
{"Time":"2026-10-01T14:18:33.006054+08:00","Action":"output","Package":"ops-platform/test/integration","Test":"TestFailedForwardMigrationRollsBackAndCanRecover","Output":"2026/10/01 14:18:33 OK   00013_audit_signed_segments.sql (9.65ms)\n"}
{"Time":"2026-10-01T14:18:33.011701+08:00","Action":"output","Package":"ops-platform/test/integration","Test":"TestFailedForwardMigrationRollsBackAndCanRecover","Output":"2026/10/01 14:18:33 OK   00014_audit_segment_predecessors.sql (5.44ms)\n"}
{"Time":"2026-10-01T14:18:33.015762+08:00","Action":"output","Package":"ops-platform/test/integration","Test":"TestFailedForwardMigrationRollsBackAndCanRecover","Output":"2026/10/01 14:18:33 OK   00015_source_schema_scope.sql (3.94ms)\n"}
{"Time":"2026-10-01T14:18:33.020309+08:00","Action":"output","Package":"ops-platform/test/integration","Test":"TestFailedForwardMigrationRollsBackAndCanRecover","Output":"2026/10/01 14:18:33 OK   00016_cluster_registration_metadata.sql (4.44ms)\n"}
{"Time":"2026-10-01T14:18:33.020327+08:00","Action":"output","Package":"ops-platform/test/integration","Test":"TestFailedForwardMigrationRollsBackAndCanRecover","Output":"2026/10/01 14:18:33 goose: successfully migrated database to version: 16\n"}
{"Time":"2026-10-01T14:18:33.047429+08:00","Action":"output","Package":"ops-platform/test/integration","Test":"TestFailedForwardMigrationRollsBackAndCanRecover","Output":"2026/10/01 14:18:33 OK   00017_review_failure.sql (2.96ms)\n"}
{"Time":"2026-10-01T14:18:33.047484+08:00","Action":"output","Package":"ops-platform/test/integration","Test":"TestFailedForwardMigrationRollsBackAndCanRecover","Output":"2026/10/01 14:18:33 goose: successfully migrated database to version: 17\n"}
{"Time":"2026-10-01T14:18:33.047552+08:00","Action":"output","Package":"ops-platform/test/integration","Test":"TestFailedForwardMigrationRollsBackAndCanRecover","Output":"    migration_recovery_test.go:71: deliberate SQL division-by-zero rolled back DDL/version; corrected unapplied forward migration succeeded as migration_role\n"}
{"Time":"2026-10-01T14:18:33.235406+08:00","Action":"output","Package":"ops-platform/test/integration","Test":"TestFailedForwardMigrationRollsBackAndCanRecover","Output":"--- PASS: TestFailedForwardMigrationRollsBackAndCanRecover (0.39s)\n","OutputType":"frame"}
{"Time":"2026-10-01T14:18:33.235608+08:00","Action":"pass","Package":"ops-platform/test/integration","Test":"TestFailedForwardMigrationRollsBackAndCanRecover","Elapsed":0.39}
{"Time":"2026-10-01T14:18:33.235678+08:00","Action":"output","Package":"ops-platform/test/integration","Output":"PASS\n","OutputType":"frame"}
{"Time":"2026-10-01T14:18:33.238391+08:00","Action":"output","Package":"ops-platform/test/integration","Output":"ok  \tops-platform/test/integration\t1.126s\n"}
{"Time":"2026-10-01T14:18:33.238506+08:00","Action":"pass","Package":"ops-platform/test/integration","Elapsed":1.127}
