=== RUN   TestResolveRejectsDetectedLockDrift
=== RUN   TestResolveRejectsDetectedLockDrift/endpoint
    profile_test.go:114: endpoint drift was accepted: <nil>
=== RUN   TestResolveRejectsDetectedLockDrift/image
    profile_test.go:114: image drift was accepted: <nil>
=== RUN   TestResolveRejectsDetectedLockDrift/architecture
    profile_test.go:114: architecture drift was accepted: <nil>
=== RUN   TestResolveRejectsDetectedLockDrift/server
    profile_test.go:114: server drift was accepted: <nil>
=== RUN   TestResolveRejectsDetectedLockDrift/importer
    profile_test.go:114: importer drift was accepted: <nil>
--- FAIL: TestResolveRejectsDetectedLockDrift (0.01s)
    --- FAIL: TestResolveRejectsDetectedLockDrift/endpoint (0.01s)
    --- FAIL: TestResolveRejectsDetectedLockDrift/image (0.00s)
    --- FAIL: TestResolveRejectsDetectedLockDrift/architecture (0.00s)
    --- FAIL: TestResolveRejectsDetectedLockDrift/server (0.00s)
    --- FAIL: TestResolveRejectsDetectedLockDrift/importer (0.00s)
FAIL
FAIL	ops-platform/internal/profile	0.615s
FAIL
