{"Time":"2026-10-01T14:13:58.01969+08:00","Action":"start","Package":"ops-platform/internal/source"}
{"Time":"2026-10-01T14:13:58.620891+08:00","Action":"run","Package":"ops-platform/internal/source","Test":"TestSourceEnvelopeCannotExpandRegisteredScope"}
{"Time":"2026-10-01T14:13:58.620957+08:00","Action":"output","Package":"ops-platform/internal/source","Test":"TestSourceEnvelopeCannotExpandRegisteredScope","Output":"=== RUN   TestSourceEnvelopeCannotExpandRegisteredScope\n","OutputType":"frame"}
{"Time":"2026-10-01T14:13:58.620991+08:00","Action":"run","Package":"ops-platform/internal/source","Test":"TestSourceEnvelopeCannotExpandRegisteredScope/tenant"}
{"Time":"2026-10-01T14:13:58.620997+08:00","Action":"output","Package":"ops-platform/internal/source","Test":"TestSourceEnvelopeCannotExpandRegisteredScope/tenant","Output":"=== RUN   TestSourceEnvelopeCannotExpandRegisteredScope/tenant\n","OutputType":"frame"}
{"Time":"2026-10-01T14:13:58.621007+08:00","Action":"output","Package":"ops-platform/internal/source","Test":"TestSourceEnvelopeCannotExpandRegisteredScope/tenant","Output":"--- PASS: TestSourceEnvelopeCannotExpandRegisteredScope/tenant (0.00s)\n","OutputType":"frame"}
{"Time":"2026-10-01T14:13:58.621013+08:00","Action":"pass","Package":"ops-platform/internal/source","Test":"TestSourceEnvelopeCannotExpandRegisteredScope/tenant","Elapsed":0}
{"Time":"2026-10-01T14:13:58.621019+08:00","Action":"run","Package":"ops-platform/internal/source","Test":"TestSourceEnvelopeCannotExpandRegisteredScope/cluster"}
{"Time":"2026-10-01T14:13:58.621022+08:00","Action":"output","Package":"ops-platform/internal/source","Test":"TestSourceEnvelopeCannotExpandRegisteredScope/cluster","Output":"=== RUN   TestSourceEnvelopeCannotExpandRegisteredScope/cluster\n","OutputType":"frame"}
{"Time":"2026-10-01T14:13:58.621026+08:00","Action":"output","Package":"ops-platform/internal/source","Test":"TestSourceEnvelopeCannotExpandRegisteredScope/cluster","Output":"--- PASS: TestSourceEnvelopeCannotExpandRegisteredScope/cluster (0.00s)\n","OutputType":"frame"}
{"Time":"2026-10-01T14:13:58.621029+08:00","Action":"pass","Package":"ops-platform/internal/source","Test":"TestSourceEnvelopeCannotExpandRegisteredScope/cluster","Elapsed":0}
{"Time":"2026-10-01T14:13:58.621033+08:00","Action":"run","Package":"ops-platform/internal/source","Test":"TestSourceEnvelopeCannotExpandRegisteredScope/source-system"}
{"Time":"2026-10-01T14:13:58.621035+08:00","Action":"output","Package":"ops-platform/internal/source","Test":"TestSourceEnvelopeCannotExpandRegisteredScope/source-system","Output":"=== RUN   TestSourceEnvelopeCannotExpandRegisteredScope/source-system\n","OutputType":"frame"}
{"Time":"2026-10-01T14:13:58.621039+08:00","Action":"output","Package":"ops-platform/internal/source","Test":"TestSourceEnvelopeCannotExpandRegisteredScope/source-system","Output":"--- PASS: TestSourceEnvelopeCannotExpandRegisteredScope/source-system (0.00s)\n","OutputType":"frame"}
{"Time":"2026-10-01T14:13:58.621042+08:00","Action":"pass","Package":"ops-platform/internal/source","Test":"TestSourceEnvelopeCannotExpandRegisteredScope/source-system","Elapsed":0}
{"Time":"2026-10-01T14:13:58.621049+08:00","Action":"run","Package":"ops-platform/internal/source","Test":"TestSourceEnvelopeCannotExpandRegisteredScope/source-instance"}
{"Time":"2026-10-01T14:13:58.621052+08:00","Action":"output","Package":"ops-platform/internal/source","Test":"TestSourceEnvelopeCannotExpandRegisteredScope/source-instance","Output":"=== RUN   TestSourceEnvelopeCannotExpandRegisteredScope/source-instance\n","OutputType":"frame"}
{"Time":"2026-10-01T14:13:58.621056+08:00","Action":"output","Package":"ops-platform/internal/source","Test":"TestSourceEnvelopeCannotExpandRegisteredScope/source-instance","Output":"--- PASS: TestSourceEnvelopeCannotExpandRegisteredScope/source-instance (0.00s)\n","OutputType":"frame"}
{"Time":"2026-10-01T14:13:58.621059+08:00","Action":"pass","Package":"ops-platform/internal/source","Test":"TestSourceEnvelopeCannotExpandRegisteredScope/source-instance","Elapsed":0}
{"Time":"2026-10-01T14:13:58.621062+08:00","Action":"run","Package":"ops-platform/internal/source","Test":"TestSourceEnvelopeCannotExpandRegisteredScope/stale-credential"}
{"Time":"2026-10-01T14:13:58.621073+08:00","Action":"output","Package":"ops-platform/internal/source","Test":"TestSourceEnvelopeCannotExpandRegisteredScope/stale-credential","Output":"=== RUN   TestSourceEnvelopeCannotExpandRegisteredScope/stale-credential\n","OutputType":"frame"}
{"Time":"2026-10-01T14:13:58.621076+08:00","Action":"output","Package":"ops-platform/internal/source","Test":"TestSourceEnvelopeCannotExpandRegisteredScope/stale-credential","Output":"--- PASS: TestSourceEnvelopeCannotExpandRegisteredScope/stale-credential (0.00s)\n","OutputType":"frame"}
{"Time":"2026-10-01T14:13:58.621081+08:00","Action":"pass","Package":"ops-platform/internal/source","Test":"TestSourceEnvelopeCannotExpandRegisteredScope/stale-credential","Elapsed":0}
{"Time":"2026-10-01T14:13:58.621084+08:00","Action":"run","Package":"ops-platform/internal/source","Test":"TestSourceEnvelopeCannotExpandRegisteredScope/disabled-source"}
{"Time":"2026-10-01T14:13:58.621086+08:00","Action":"output","Package":"ops-platform/internal/source","Test":"TestSourceEnvelopeCannotExpandRegisteredScope/disabled-source","Output":"=== RUN   TestSourceEnvelopeCannotExpandRegisteredScope/disabled-source\n","OutputType":"frame"}
{"Time":"2026-10-01T14:13:58.621089+08:00","Action":"output","Package":"ops-platform/internal/source","Test":"TestSourceEnvelopeCannotExpandRegisteredScope/disabled-source","Output":"--- PASS: TestSourceEnvelopeCannotExpandRegisteredScope/disabled-source (0.00s)\n","OutputType":"frame"}
{"Time":"2026-10-01T14:13:58.621091+08:00","Action":"pass","Package":"ops-platform/internal/source","Test":"TestSourceEnvelopeCannotExpandRegisteredScope/disabled-source","Elapsed":0}
{"Time":"2026-10-01T14:13:58.621094+08:00","Action":"run","Package":"ops-platform/internal/source","Test":"TestSourceEnvelopeCannotExpandRegisteredScope/rotated-source"}
{"Time":"2026-10-01T14:13:58.621096+08:00","Action":"output","Package":"ops-platform/internal/source","Test":"TestSourceEnvelopeCannotExpandRegisteredScope/rotated-source","Output":"=== RUN   TestSourceEnvelopeCannotExpandRegisteredScope/rotated-source\n","OutputType":"frame"}
{"Time":"2026-10-01T14:13:58.621099+08:00","Action":"output","Package":"ops-platform/internal/source","Test":"TestSourceEnvelopeCannotExpandRegisteredScope/rotated-source","Output":"--- PASS: TestSourceEnvelopeCannotExpandRegisteredScope/rotated-source (0.00s)\n","OutputType":"frame"}
{"Time":"2026-10-01T14:13:58.621101+08:00","Action":"pass","Package":"ops-platform/internal/source","Test":"TestSourceEnvelopeCannotExpandRegisteredScope/rotated-source","Elapsed":0}
{"Time":"2026-10-01T14:13:58.621103+08:00","Action":"run","Package":"ops-platform/internal/source","Test":"TestSourceEnvelopeCannotExpandRegisteredScope/unregistered-schema"}
{"Time":"2026-10-01T14:13:58.621106+08:00","Action":"output","Package":"ops-platform/internal/source","Test":"TestSourceEnvelopeCannotExpandRegisteredScope/unregistered-schema","Output":"=== RUN   TestSourceEnvelopeCannotExpandRegisteredScope/unregistered-schema\n","OutputType":"frame"}
{"Time":"2026-10-01T14:13:58.621113+08:00","Action":"output","Package":"ops-platform/internal/source","Test":"TestSourceEnvelopeCannotExpandRegisteredScope/unregistered-schema","Output":"--- PASS: TestSourceEnvelopeCannotExpandRegisteredScope/unregistered-schema (0.00s)\n","OutputType":"frame"}
{"Time":"2026-10-01T14:13:58.621117+08:00","Action":"pass","Package":"ops-platform/internal/source","Test":"TestSourceEnvelopeCannotExpandRegisteredScope/unregistered-schema","Elapsed":0}
{"Time":"2026-10-01T14:13:58.621119+08:00","Action":"output","Package":"ops-platform/internal/source","Test":"TestSourceEnvelopeCannotExpandRegisteredScope","Output":"--- PASS: TestSourceEnvelopeCannotExpandRegisteredScope (0.00s)\n","OutputType":"frame"}
{"Time":"2026-10-01T14:13:58.621122+08:00","Action":"pass","Package":"ops-platform/internal/source","Test":"TestSourceEnvelopeCannotExpandRegisteredScope","Elapsed":0}
{"Time":"2026-10-01T14:13:58.621128+08:00","Action":"run","Package":"ops-platform/internal/source","Test":"TestRegisterRequiresAuthRefRatherThanCredentialMaterial"}
{"Time":"2026-10-01T14:13:58.62113+08:00","Action":"output","Package":"ops-platform/internal/source","Test":"TestRegisterRequiresAuthRefRatherThanCredentialMaterial","Output":"=== RUN   TestRegisterRequiresAuthRefRatherThanCredentialMaterial\n","OutputType":"frame"}
{"Time":"2026-10-01T14:13:58.621136+08:00","Action":"run","Package":"ops-platform/internal/source","Test":"TestRegisterRequiresAuthRefRatherThanCredentialMaterial/password-value"}
{"Time":"2026-10-01T14:13:58.621138+08:00","Action":"output","Package":"ops-platform/internal/source","Test":"TestRegisterRequiresAuthRefRatherThanCredentialMaterial/password-value","Output":"=== RUN   TestRegisterRequiresAuthRefRatherThanCredentialMaterial/password-value\n","OutputType":"frame"}
{"Time":"2026-10-01T14:13:58.621145+08:00","Action":"output","Package":"ops-platform/internal/source","Test":"TestRegisterRequiresAuthRefRatherThanCredentialMaterial/password-value","Output":"--- PASS: TestRegisterRequiresAuthRefRatherThanCredentialMaterial/password-value (0.00s)\n","OutputType":"frame"}
{"Time":"2026-10-01T14:13:58.621148+08:00","Action":"pass","Package":"ops-platform/internal/source","Test":"TestRegisterRequiresAuthRefRatherThanCredentialMaterial/password-value","Elapsed":0}
{"Time":"2026-10-01T14:13:58.621156+08:00","Action":"run","Package":"ops-platform/internal/source","Test":"TestRegisterRequiresAuthRefRatherThanCredentialMaterial/https://vault/path"}
{"Time":"2026-10-01T14:13:58.621158+08:00","Action":"output","Package":"ops-platform/internal/source","Test":"TestRegisterRequiresAuthRefRatherThanCredentialMaterial/https://vault/path","Output":"=== RUN   TestRegisterRequiresAuthRefRatherThanCredentialMaterial/https://vault/path\n","OutputType":"frame"}
{"Time":"2026-10-01T14:13:58.621161+08:00","Action":"output","Package":"ops-platform/internal/source","Test":"TestRegisterRequiresAuthRefRatherThanCredentialMaterial/https://vault/path","Output":"--- PASS: TestRegisterRequiresAuthRefRatherThanCredentialMaterial/https://vault/path (0.00s)\n","OutputType":"frame"}
{"Time":"2026-10-01T14:13:58.621166+08:00","Action":"pass","Package":"ops-platform/internal/source","Test":"TestRegisterRequiresAuthRefRatherThanCredentialMaterial/https://vault/path","Elapsed":0}
{"Time":"2026-10-01T14:13:58.621174+08:00","Action":"run","Package":"ops-platform/internal/source","Test":"TestRegisterRequiresAuthRefRatherThanCredentialMaterial/openbao://kv/../secret"}
{"Time":"2026-10-01T14:13:58.621176+08:00","Action":"output","Package":"ops-platform/internal/source","Test":"TestRegisterRequiresAuthRefRatherThanCredentialMaterial/openbao://kv/../secret","Output":"=== RUN   TestRegisterRequiresAuthRefRatherThanCredentialMaterial/openbao://kv/../secret\n","OutputType":"frame"}
{"Time":"2026-10-01T14:13:58.621184+08:00","Action":"output","Package":"ops-platform/internal/source","Test":"TestRegisterRequiresAuthRefRatherThanCredentialMaterial/openbao://kv/../secret","Output":"--- PASS: TestRegisterRequiresAuthRefRatherThanCredentialMaterial/openbao://kv/../secret (0.00s)\n","OutputType":"frame"}
{"Time":"2026-10-01T14:13:58.621187+08:00","Action":"pass","Package":"ops-platform/internal/source","Test":"TestRegisterRequiresAuthRefRatherThanCredentialMaterial/openbao://kv/../secret","Elapsed":0}
{"Time":"2026-10-01T14:13:58.62119+08:00","Action":"run","Package":"ops-platform/internal/source","Test":"TestRegisterRequiresAuthRefRatherThanCredentialMaterial/openbao://"}
{"Time":"2026-10-01T14:13:58.621192+08:00","Action":"output","Package":"ops-platform/internal/source","Test":"TestRegisterRequiresAuthRefRatherThanCredentialMaterial/openbao://","Output":"=== RUN   TestRegisterRequiresAuthRefRatherThanCredentialMaterial/openbao://\n","OutputType":"frame"}
{"Time":"2026-10-01T14:13:58.621195+08:00","Action":"output","Package":"ops-platform/internal/source","Test":"TestRegisterRequiresAuthRefRatherThanCredentialMaterial/openbao://","Output":"--- PASS: TestRegisterRequiresAuthRefRatherThanCredentialMaterial/openbao:// (0.00s)\n","OutputType":"frame"}
{"Time":"2026-10-01T14:13:58.6212+08:00","Action":"pass","Package":"ops-platform/internal/source","Test":"TestRegisterRequiresAuthRefRatherThanCredentialMaterial/openbao://","Elapsed":0}
{"Time":"2026-10-01T14:13:58.621203+08:00","Action":"run","Package":"ops-platform/internal/source","Test":"TestRegisterRequiresAuthRefRatherThanCredentialMaterial/source-type-kubevirt"}
{"Time":"2026-10-01T14:13:58.621205+08:00","Action":"output","Package":"ops-platform/internal/source","Test":"TestRegisterRequiresAuthRefRatherThanCredentialMaterial/source-type-kubevirt","Output":"=== RUN   TestRegisterRequiresAuthRefRatherThanCredentialMaterial/source-type-kubevirt\n","OutputType":"frame"}
{"Time":"2026-10-01T14:13:58.621208+08:00","Action":"output","Package":"ops-platform/internal/source","Test":"TestRegisterRequiresAuthRefRatherThanCredentialMaterial/source-type-kubevirt","Output":"--- PASS: TestRegisterRequiresAuthRefRatherThanCredentialMaterial/source-type-kubevirt (0.00s)\n","OutputType":"frame"}
{"Time":"2026-10-01T14:13:58.62121+08:00","Action":"pass","Package":"ops-platform/internal/source","Test":"TestRegisterRequiresAuthRefRatherThanCredentialMaterial/source-type-kubevirt","Elapsed":0}
{"Time":"2026-10-01T14:13:58.621213+08:00","Action":"run","Package":"ops-platform/internal/source","Test":"TestRegisterRequiresAuthRefRatherThanCredentialMaterial/source-type-cdi"}
{"Time":"2026-10-01T14:13:58.621215+08:00","Action":"output","Package":"ops-platform/internal/source","Test":"TestRegisterRequiresAuthRefRatherThanCredentialMaterial/source-type-cdi","Output":"=== RUN   TestRegisterRequiresAuthRefRatherThanCredentialMaterial/source-type-cdi\n","OutputType":"frame"}
{"Time":"2026-10-01T14:13:58.621218+08:00","Action":"output","Package":"ops-platform/internal/source","Test":"TestRegisterRequiresAuthRefRatherThanCredentialMaterial/source-type-cdi","Output":"--- PASS: TestRegisterRequiresAuthRefRatherThanCredentialMaterial/source-type-cdi (0.00s)\n","OutputType":"frame"}
{"Time":"2026-10-01T14:13:58.62122+08:00","Action":"pass","Package":"ops-platform/internal/source","Test":"TestRegisterRequiresAuthRefRatherThanCredentialMaterial/source-type-cdi","Elapsed":0}
{"Time":"2026-10-01T14:13:58.621222+08:00","Action":"run","Package":"ops-platform/internal/source","Test":"TestRegisterRequiresAuthRefRatherThanCredentialMaterial/source-type-virtualization"}
{"Time":"2026-10-01T14:13:58.621224+08:00","Action":"output","Package":"ops-platform/internal/source","Test":"TestRegisterRequiresAuthRefRatherThanCredentialMaterial/source-type-virtualization","Output":"=== RUN   TestRegisterRequiresAuthRefRatherThanCredentialMaterial/source-type-virtualization\n","OutputType":"frame"}
{"Time":"2026-10-01T14:13:58.621229+08:00","Action":"output","Package":"ops-platform/internal/source","Test":"TestRegisterRequiresAuthRefRatherThanCredentialMaterial/source-type-virtualization","Output":"--- PASS: TestRegisterRequiresAuthRefRatherThanCredentialMaterial/source-type-virtualization (0.00s)\n","OutputType":"frame"}
{"Time":"2026-10-01T14:13:58.621232+08:00","Action":"pass","Package":"ops-platform/internal/source","Test":"TestRegisterRequiresAuthRefRatherThanCredentialMaterial/source-type-virtualization","Elapsed":0}
{"Time":"2026-10-01T14:13:58.621235+08:00","Action":"output","Package":"ops-platform/internal/source","Test":"TestRegisterRequiresAuthRefRatherThanCredentialMaterial","Output":"--- PASS: TestRegisterRequiresAuthRefRatherThanCredentialMaterial (0.00s)\n","OutputType":"frame"}
{"Time":"2026-10-01T14:13:58.621237+08:00","Action":"pass","Package":"ops-platform/internal/source","Test":"TestRegisterRequiresAuthRefRatherThanCredentialMaterial","Elapsed":0}
{"Time":"2026-10-01T14:13:58.62124+08:00","Action":"run","Package":"ops-platform/internal/source","Test":"TestClusterIdentityCannotBeSilentlyRedefined"}
{"Time":"2026-10-01T14:13:58.621242+08:00","Action":"output","Package":"ops-platform/internal/source","Test":"TestClusterIdentityCannotBeSilentlyRedefined","Output":"=== RUN   TestClusterIdentityCannotBeSilentlyRedefined\n","OutputType":"frame"}
{"Time":"2026-10-01T14:13:58.62125+08:00","Action":"output","Package":"ops-platform/internal/source","Test":"TestClusterIdentityCannotBeSilentlyRedefined","Output":"--- PASS: TestClusterIdentityCannotBeSilentlyRedefined (0.00s)\n","OutputType":"frame"}
{"Time":"2026-10-01T14:13:58.621252+08:00","Action":"pass","Package":"ops-platform/internal/source","Test":"TestClusterIdentityCannotBeSilentlyRedefined","Elapsed":0}
{"Time":"2026-10-01T14:13:58.621254+08:00","Action":"run","Package":"ops-platform/internal/source","Test":"TestRegistrationRequiresBoundedSchemaAndClusterMetadata"}
{"Time":"2026-10-01T14:13:58.621256+08:00","Action":"output","Package":"ops-platform/internal/source","Test":"TestRegistrationRequiresBoundedSchemaAndClusterMetadata","Output":"=== RUN   TestRegistrationRequiresBoundedSchemaAndClusterMetadata\n","OutputType":"frame"}
{"Time":"2026-10-01T14:13:58.621401+08:00","Action":"output","Package":"ops-platform/internal/source","Test":"TestRegistrationRequiresBoundedSchemaAndClusterMetadata","Output":"--- PASS: TestRegistrationRequiresBoundedSchemaAndClusterMetadata (0.00s)\n","OutputType":"frame"}
{"Time":"2026-10-01T14:13:58.621407+08:00","Action":"pass","Package":"ops-platform/internal/source","Test":"TestRegistrationRequiresBoundedSchemaAndClusterMetadata","Elapsed":0}
{"Time":"2026-10-01T14:13:58.62141+08:00","Action":"output","Package":"ops-platform/internal/source","Output":"PASS\n","OutputType":"frame"}
{"Time":"2026-10-01T14:13:58.621979+08:00","Action":"output","Package":"ops-platform/internal/source","Output":"ok  \tops-platform/internal/source\t0.602s\n"}
{"Time":"2026-10-01T14:13:58.621997+08:00","Action":"pass","Package":"ops-platform/internal/source","Elapsed":0.602}
{"Time":"2026-10-01T14:13:58.623431+08:00","Action":"start","Package":"ops-platform/internal/httpapi"}
{"Time":"2026-10-01T14:13:59.06036+08:00","Action":"start","Package":"ops-platform/test/integration"}
{"Time":"2026-10-01T14:13:59.213679+08:00","Action":"output","Package":"ops-platform/internal/httpapi","Output":"testing: warning: no tests to run\n"}
{"Time":"2026-10-01T14:13:59.213745+08:00","Action":"output","Package":"ops-platform/internal/httpapi","Output":"PASS\n","OutputType":"frame"}
{"Time":"2026-10-01T14:13:59.214284+08:00","Action":"output","Package":"ops-platform/internal/httpapi","Output":"ok  \tops-platform/internal/httpapi\t0.591s [no tests to run]\n"}
{"Time":"2026-10-01T14:13:59.214304+08:00","Action":"pass","Package":"ops-platform/internal/httpapi","Elapsed":0.591}
{"Time":"2026-10-01T14:13:59.881778+08:00","Action":"run","Package":"ops-platform/test/integration","Test":"TestRuntimeDatabaseLoginCannotRegainOwnerOrOtherProcess"}
{"Time":"2026-10-01T14:13:59.881835+08:00","Action":"output","Package":"ops-platform/test/integration","Test":"TestRuntimeDatabaseLoginCannotRegainOwnerOrOtherProcess","Output":"=== RUN   TestRuntimeDatabaseLoginCannotRegainOwnerOrOtherProcess\n","OutputType":"frame"}
{"Time":"2026-10-01T14:13:59.97246+08:00","Action":"output","Package":"ops-platform/test/integration","Test":"TestRuntimeDatabaseLoginCannotRegainOwnerOrOtherProcess","Output":"2026/10/01 14:13:59 OK   00001_roles_and_schemas.sql (13.27ms)\n"}
{"Time":"2026-10-01T14:13:59.994463+08:00","Action":"output","Package":"ops-platform/test/integration","Test":"TestRuntimeDatabaseLoginCannotRegainOwnerOrOtherProcess","Output":"2026/10/01 14:13:59 OK   00002_platform_meta.sql (21.75ms)\n"}
{"Time":"2026-10-01T14:14:00.003193+08:00","Action":"output","Package":"ops-platform/test/integration","Test":"TestRuntimeDatabaseLoginCannotRegainOwnerOrOtherProcess","Output":"2026/10/01 14:14:00 OK   00003_finding.sql (8.56ms)\n"}
{"Time":"2026-10-01T14:14:00.010698+08:00","Action":"output","Package":"ops-platform/test/integration","Test":"TestRuntimeDatabaseLoginCannotRegainOwnerOrOtherProcess","Output":"2026/10/01 14:14:00 OK   00004_incident.sql (7.29ms)\n"}
{"Time":"2026-10-01T14:14:00.017027+08:00","Action":"output","Package":"ops-platform/test/integration","Test":"TestRuntimeDatabaseLoginCannotRegainOwnerOrOtherProcess","Output":"2026/10/01 14:14:00 OK   00005_investigation.sql (6.1ms)\n"}
{"Time":"2026-10-01T14:14:00.023872+08:00","Action":"output","Package":"ops-platform/test/integration","Test":"TestRuntimeDatabaseLoginCannotRegainOwnerOrOtherProcess","Output":"2026/10/01 14:14:00 OK   00006_action_command.sql (5.83ms)\n"}
{"Time":"2026-10-01T14:14:00.032656+08:00","Action":"output","Package":"ops-platform/test/integration","Test":"TestRuntimeDatabaseLoginCannotRegainOwnerOrOtherProcess","Output":"2026/10/01 14:14:00 OK   00007_audit.sql (8.54ms)\n"}
{"Time":"2026-10-01T14:14:00.041291+08:00","Action":"output","Package":"ops-platform/test/integration","Test":"TestRuntimeDatabaseLoginCannotRegainOwnerOrOtherProcess","Output":"2026/10/01 14:14:00 OK   00008_rls.sql (8.26ms)\n"}
{"Time":"2026-10-01T14:14:00.049937+08:00","Action":"output","Package":"ops-platform/test/integration","Test":"TestRuntimeDatabaseLoginCannotRegainOwnerOrOtherProcess","Output":"2026/10/01 14:14:00 OK   00009_idempotency_ledger.sql (8.4ms)\n"}
{"Time":"2026-10-01T14:14:00.054394+08:00","Action":"output","Package":"ops-platform/test/integration","Test":"TestRuntimeDatabaseLoginCannotRegainOwnerOrOtherProcess","Output":"2026/10/01 14:14:00 OK   00010_tenant_provisioning.sql (4.25ms)\n"}
{"Time":"2026-10-01T14:14:00.060616+08:00","Action":"output","Package":"ops-platform/test/integration","Test":"TestRuntimeDatabaseLoginCannotRegainOwnerOrOtherProcess","Output":"2026/10/01 14:14:00 OK   00011_source_registration_history.sql (5.96ms)\n"}
{"Time":"2026-10-01T14:14:00.069083+08:00","Action":"output","Package":"ops-platform/test/integration","Test":"TestRuntimeDatabaseLoginCannotRegainOwnerOrOtherProcess","Output":"2026/10/01 14:14:00 OK   00012_config_registry_lifecycle.sql (8.17ms)\n"}
{"Time":"2026-10-01T14:14:00.079078+08:00","Action":"output","Package":"ops-platform/test/integration","Test":"TestRuntimeDatabaseLoginCannotRegainOwnerOrOtherProcess","Output":"2026/10/01 14:14:00 OK   00013_audit_signed_segments.sql (9.64ms)\n"}
{"Time":"2026-10-01T14:14:00.084088+08:00","Action":"output","Package":"ops-platform/test/integration","Test":"TestRuntimeDatabaseLoginCannotRegainOwnerOrOtherProcess","Output":"2026/10/01 14:14:00 OK   00014_audit_segment_predecessors.sql (4.82ms)\n"}
{"Time":"2026-10-01T14:14:00.088097+08:00","Action":"output","Package":"ops-platform/test/integration","Test":"TestRuntimeDatabaseLoginCannotRegainOwnerOrOtherProcess","Output":"2026/10/01 14:14:00 OK   00015_source_schema_scope.sql (3.84ms)\n"}
{"Time":"2026-10-01T14:14:00.092646+08:00","Action":"output","Package":"ops-platform/test/integration","Test":"TestRuntimeDatabaseLoginCannotRegainOwnerOrOtherProcess","Output":"2026/10/01 14:14:00 OK   00016_cluster_registration_metadata.sql (4.41ms)\n"}
{"Time":"2026-10-01T14:14:00.092701+08:00","Action":"output","Package":"ops-platform/test/integration","Test":"TestRuntimeDatabaseLoginCannotRegainOwnerOrOtherProcess","Output":"2026/10/01 14:14:00 goose: successfully migrated database to version: 16\n"}
{"Time":"2026-10-01T14:14:00.179779+08:00","Action":"output","Package":"ops-platform/test/integration","Test":"TestRuntimeDatabaseLoginCannotRegainOwnerOrOtherProcess","Output":"--- PASS: TestRuntimeDatabaseLoginCannotRegainOwnerOrOtherProcess (0.30s)\n","OutputType":"frame"}
{"Time":"2026-10-01T14:14:00.179845+08:00","Action":"pass","Package":"ops-platform/test/integration","Test":"TestRuntimeDatabaseLoginCannotRegainOwnerOrOtherProcess","Elapsed":0.3}
{"Time":"2026-10-01T14:14:00.179866+08:00","Action":"run","Package":"ops-platform/test/integration","Test":"TestSourceRegistrationsAreTenantBoundRevisionedAndAudited"}
{"Time":"2026-10-01T14:14:00.179875+08:00","Action":"output","Package":"ops-platform/test/integration","Test":"TestSourceRegistrationsAreTenantBoundRevisionedAndAudited","Output":"=== RUN   TestSourceRegistrationsAreTenantBoundRevisionedAndAudited\n","OutputType":"frame"}
{"Time":"2026-10-01T14:14:00.219304+08:00","Action":"output","Package":"ops-platform/test/integration","Test":"TestSourceRegistrationsAreTenantBoundRevisionedAndAudited","Output":"2026/10/01 14:14:00 OK   00001_roles_and_schemas.sql (7.08ms)\n"}
{"Time":"2026-10-01T14:14:00.219519+08:00","Action":"output","Package":"ops-platform/test/integration","Test":"TestSourceRegistrationsAreTenantBoundRevisionedAndAudited","Output":"2026/10/01 14:14:00 goose: successfully migrated database to version: 1\n"}
{"Time":"2026-10-01T14:14:00.238218+08:00","Action":"output","Package":"ops-platform/test/integration","Test":"TestSourceRegistrationsAreTenantBoundRevisionedAndAudited","Output":"2026/10/01 14:14:00 OK   00002_platform_meta.sql (12.53ms)\n"}
{"Time":"2026-10-01T14:14:00.243825+08:00","Action":"output","Package":"ops-platform/test/integration","Test":"TestSourceRegistrationsAreTenantBoundRevisionedAndAudited","Output":"2026/10/01 14:14:00 OK   00003_finding.sql (5.43ms)\n"}
{"Time":"2026-10-01T14:14:00.248011+08:00","Action":"output","Package":"ops-platform/test/integration","Test":"TestSourceRegistrationsAreTenantBoundRevisionedAndAudited","Output":"2026/10/01 14:14:00 OK   00004_incident.sql (4.07ms)\n"}
{"Time":"2026-10-01T14:14:00.252895+08:00","Action":"output","Package":"ops-platform/test/integration","Test":"TestSourceRegistrationsAreTenantBoundRevisionedAndAudited","Output":"2026/10/01 14:14:00 OK   00005_investigation.sql (4.75ms)\n"}
{"Time":"2026-10-01T14:14:00.257243+08:00","Action":"output","Package":"ops-platform/test/integration","Test":"TestSourceRegistrationsAreTenantBoundRevisionedAndAudited","Output":"2026/10/01 14:14:00 OK   00006_action_command.sql (4.21ms)\n"}
{"Time":"2026-10-01T14:14:00.263947+08:00","Action":"output","Package":"ops-platform/test/integration","Test":"TestSourceRegistrationsAreTenantBoundRevisionedAndAudited","Output":"2026/10/01 14:14:00 OK   00007_audit.sql (6.54ms)\n"}
{"Time":"2026-10-01T14:14:00.270695+08:00","Action":"output","Package":"ops-platform/test/integration","Test":"TestSourceRegistrationsAreTenantBoundRevisionedAndAudited","Output":"2026/10/01 14:14:00 OK   00008_rls.sql (6.6ms)\n"}
{"Time":"2026-10-01T14:14:00.276105+08:00","Action":"output","Package":"ops-platform/test/integration","Test":"TestSourceRegistrationsAreTenantBoundRevisionedAndAudited","Output":"2026/10/01 14:14:00 OK   00009_idempotency_ledger.sql (5.25ms)\n"}
{"Time":"2026-10-01T14:14:00.279722+08:00","Action":"output","Package":"ops-platform/test/integration","Test":"TestSourceRegistrationsAreTenantBoundRevisionedAndAudited","Output":"2026/10/01 14:14:00 OK   00010_tenant_provisioning.sql (3.49ms)\n"}
{"Time":"2026-10-01T14:14:00.284996+08:00","Action":"output","Package":"ops-platform/test/integration","Test":"TestSourceRegistrationsAreTenantBoundRevisionedAndAudited","Output":"2026/10/01 14:14:00 OK   00011_source_registration_history.sql (5.09ms)\n"}
{"Time":"2026-10-01T14:14:00.291846+08:00","Action":"output","Package":"ops-platform/test/integration","Test":"TestSourceRegistrationsAreTenantBoundRevisionedAndAudited","Output":"2026/10/01 14:14:00 OK   00012_config_registry_lifecycle.sql (6.67ms)\n"}
{"Time":"2026-10-01T14:14:00.300363+08:00","Action":"output","Package":"ops-platform/test/integration","Test":"TestSourceRegistrationsAreTenantBoundRevisionedAndAudited","Output":"2026/10/01 14:14:00 OK   00013_audit_signed_segments.sql (8.18ms)\n"}
{"Time":"2026-10-01T14:14:00.304485+08:00","Action":"output","Package":"ops-platform/test/integration","Test":"TestSourceRegistrationsAreTenantBoundRevisionedAndAudited","Output":"2026/10/01 14:14:00 OK   00014_audit_segment_predecessors.sql (4.01ms)\n"}
{"Time":"2026-10-01T14:14:00.307029+08:00","Action":"output","Package":"ops-platform/test/integration","Test":"TestSourceRegistrationsAreTenantBoundRevisionedAndAudited","Output":"2026/10/01 14:14:00 OK   00015_source_schema_scope.sql (2.46ms)\n"}
{"Time":"2026-10-01T14:14:00.310175+08:00","Action":"output","Package":"ops-platform/test/integration","Test":"TestSourceRegistrationsAreTenantBoundRevisionedAndAudited","Output":"2026/10/01 14:14:00 OK   00016_cluster_registration_metadata.sql (3.03ms)\n"}
{"Time":"2026-10-01T14:14:00.310358+08:00","Action":"output","Package":"ops-platform/test/integration","Test":"TestSourceRegistrationsAreTenantBoundRevisionedAndAudited","Output":"2026/10/01 14:14:00 goose: successfully migrated database to version: 16\n"}
{"Time":"2026-10-01T14:14:00.338701+08:00","Action":"run","Package":"ops-platform/test/integration","Test":"TestSourceRegistrationsAreTenantBoundRevisionedAndAudited/payload-tenant"}
{"Time":"2026-10-01T14:14:00.338754+08:00","Action":"output","Package":"ops-platform/test/integration","Test":"TestSourceRegistrationsAreTenantBoundRevisionedAndAudited/payload-tenant","Output":"=== RUN   TestSourceRegistrationsAreTenantBoundRevisionedAndAudited/payload-tenant\n","OutputType":"frame"}
{"Time":"2026-10-01T14:14:00.339339+08:00","Action":"output","Package":"ops-platform/test/integration","Test":"TestSourceRegistrationsAreTenantBoundRevisionedAndAudited/payload-tenant","Output":"--- PASS: TestSourceRegistrationsAreTenantBoundRevisionedAndAudited/payload-tenant (0.00s)\n","OutputType":"frame"}
{"Time":"2026-10-01T14:14:00.339357+08:00","Action":"pass","Package":"ops-platform/test/integration","Test":"TestSourceRegistrationsAreTenantBoundRevisionedAndAudited/payload-tenant","Elapsed":0}
{"Time":"2026-10-01T14:14:00.339392+08:00","Action":"run","Package":"ops-platform/test/integration","Test":"TestSourceRegistrationsAreTenantBoundRevisionedAndAudited/payload-cluster"}
{"Time":"2026-10-01T14:14:00.339405+08:00","Action":"output","Package":"ops-platform/test/integration","Test":"TestSourceRegistrationsAreTenantBoundRevisionedAndAudited/payload-cluster","Output":"=== RUN   TestSourceRegistrationsAreTenantBoundRevisionedAndAudited/payload-cluster\n","OutputType":"frame"}
{"Time":"2026-10-01T14:14:00.339968+08:00","Action":"output","Package":"ops-platform/test/integration","Test":"TestSourceRegistrationsAreTenantBoundRevisionedAndAudited/payload-cluster","Output":"--- PASS: TestSourceRegistrationsAreTenantBoundRevisionedAndAudited/payload-cluster (0.00s)\n","OutputType":"frame"}
{"Time":"2026-10-01T14:14:00.339977+08:00","Action":"pass","Package":"ops-platform/test/integration","Test":"TestSourceRegistrationsAreTenantBoundRevisionedAndAudited/payload-cluster","Elapsed":0}
{"Time":"2026-10-01T14:14:00.43294+08:00","Action":"output","Package":"ops-platform/test/integration","Test":"TestSourceRegistrationsAreTenantBoundRevisionedAndAudited","Output":"--- PASS: TestSourceRegistrationsAreTenantBoundRevisionedAndAudited (0.25s)\n","OutputType":"frame"}
{"Time":"2026-10-01T14:14:00.433144+08:00","Action":"pass","Package":"ops-platform/test/integration","Test":"TestSourceRegistrationsAreTenantBoundRevisionedAndAudited","Elapsed":0.25}
{"Time":"2026-10-01T14:14:00.433172+08:00","Action":"output","Package":"ops-platform/test/integration","Output":"PASS\n","OutputType":"frame"}
{"Time":"2026-10-01T14:14:00.435276+08:00","Action":"output","Package":"ops-platform/test/integration","Output":"ok  \tops-platform/test/integration\t1.375s\n"}
{"Time":"2026-10-01T14:14:00.435322+08:00","Action":"pass","Package":"ops-platform/test/integration","Elapsed":1.375}
