{"Time":"2026-10-01T14:17:56.549054+08:00","Action":"start","Package":"ops-platform/test/security"}
{"Time":"2026-10-01T14:17:57.126537+08:00","Action":"run","Package":"ops-platform/test/security","Test":"TestOperatorAndPlatformAdminAreIndependent"}
{"Time":"2026-10-01T14:17:57.126606+08:00","Action":"output","Package":"ops-platform/test/security","Test":"TestOperatorAndPlatformAdminAreIndependent","Output":"=== RUN   TestOperatorAndPlatformAdminAreIndependent\n","OutputType":"frame"}
{"Time":"2026-10-01T14:17:57.126633+08:00","Action":"run","Package":"ops-platform/test/security","Test":"TestOperatorAndPlatformAdminAreIndependent/operator_cannot_administer"}
{"Time":"2026-10-01T14:17:57.126645+08:00","Action":"output","Package":"ops-platform/test/security","Test":"TestOperatorAndPlatformAdminAreIndependent/operator_cannot_administer","Output":"=== RUN   TestOperatorAndPlatformAdminAreIndependent/operator_cannot_administer\n","OutputType":"frame"}
{"Time":"2026-10-01T14:17:57.126663+08:00","Action":"output","Package":"ops-platform/test/security","Test":"TestOperatorAndPlatformAdminAreIndependent/operator_cannot_administer","Output":"--- PASS: TestOperatorAndPlatformAdminAreIndependent/operator_cannot_administer (0.00s)\n","OutputType":"frame"}
{"Time":"2026-10-01T14:17:57.126668+08:00","Action":"pass","Package":"ops-platform/test/security","Test":"TestOperatorAndPlatformAdminAreIndependent/operator_cannot_administer","Elapsed":0}
{"Time":"2026-10-01T14:17:57.126679+08:00","Action":"run","Package":"ops-platform/test/security","Test":"TestOperatorAndPlatformAdminAreIndependent/administrator_cannot_operate"}
{"Time":"2026-10-01T14:17:57.126682+08:00","Action":"output","Package":"ops-platform/test/security","Test":"TestOperatorAndPlatformAdminAreIndependent/administrator_cannot_operate","Output":"=== RUN   TestOperatorAndPlatformAdminAreIndependent/administrator_cannot_operate\n","OutputType":"frame"}
{"Time":"2026-10-01T14:17:57.126691+08:00","Action":"output","Package":"ops-platform/test/security","Test":"TestOperatorAndPlatformAdminAreIndependent/administrator_cannot_operate","Output":"--- PASS: TestOperatorAndPlatformAdminAreIndependent/administrator_cannot_operate (0.00s)\n","OutputType":"frame"}
{"Time":"2026-10-01T14:17:57.126696+08:00","Action":"pass","Package":"ops-platform/test/security","Test":"TestOperatorAndPlatformAdminAreIndependent/administrator_cannot_operate","Elapsed":0}
{"Time":"2026-10-01T14:17:57.1267+08:00","Action":"output","Package":"ops-platform/test/security","Test":"TestOperatorAndPlatformAdminAreIndependent","Output":"--- PASS: TestOperatorAndPlatformAdminAreIndependent (0.00s)\n","OutputType":"frame"}
{"Time":"2026-10-01T14:17:57.126706+08:00","Action":"pass","Package":"ops-platform/test/security","Test":"TestOperatorAndPlatformAdminAreIndependent","Elapsed":0}
{"Time":"2026-10-01T14:17:57.126712+08:00","Action":"run","Package":"ops-platform/test/security","Test":"TestOperatorMustHaveExplicitResourceScope"}
{"Time":"2026-10-01T14:17:57.126716+08:00","Action":"output","Package":"ops-platform/test/security","Test":"TestOperatorMustHaveExplicitResourceScope","Output":"=== RUN   TestOperatorMustHaveExplicitResourceScope\n","OutputType":"frame"}
{"Time":"2026-10-01T14:17:57.126719+08:00","Action":"output","Package":"ops-platform/test/security","Test":"TestOperatorMustHaveExplicitResourceScope","Output":"--- PASS: TestOperatorMustHaveExplicitResourceScope (0.00s)\n","OutputType":"frame"}
{"Time":"2026-10-01T14:17:57.126723+08:00","Action":"pass","Package":"ops-platform/test/security","Test":"TestOperatorMustHaveExplicitResourceScope","Elapsed":0}
{"Time":"2026-10-01T14:17:57.126727+08:00","Action":"run","Package":"ops-platform/test/security","Test":"TestWorkloadIdentityRejectsWrongSANNamespaceAndServiceAccount"}
{"Time":"2026-10-01T14:17:57.126731+08:00","Action":"output","Package":"ops-platform/test/security","Test":"TestWorkloadIdentityRejectsWrongSANNamespaceAndServiceAccount","Output":"=== RUN   TestWorkloadIdentityRejectsWrongSANNamespaceAndServiceAccount\n","OutputType":"frame"}
{"Time":"2026-10-01T14:17:57.126967+08:00","Action":"run","Package":"ops-platform/test/security","Test":"TestWorkloadIdentityRejectsWrongSANNamespaceAndServiceAccount/wrong_namespace"}
{"Time":"2026-10-01T14:17:57.12702+08:00","Action":"output","Package":"ops-platform/test/security","Test":"TestWorkloadIdentityRejectsWrongSANNamespaceAndServiceAccount/wrong_namespace","Output":"=== RUN   TestWorkloadIdentityRejectsWrongSANNamespaceAndServiceAccount/wrong_namespace\n","OutputType":"frame"}
{"Time":"2026-10-01T14:17:57.12842+08:00","Action":"output","Package":"ops-platform/test/security","Test":"TestWorkloadIdentityRejectsWrongSANNamespaceAndServiceAccount/wrong_namespace","Output":"--- PASS: TestWorkloadIdentityRejectsWrongSANNamespaceAndServiceAccount/wrong_namespace (0.00s)\n","OutputType":"frame"}
{"Time":"2026-10-01T14:17:57.128431+08:00","Action":"pass","Package":"ops-platform/test/security","Test":"TestWorkloadIdentityRejectsWrongSANNamespaceAndServiceAccount/wrong_namespace","Elapsed":0}
{"Time":"2026-10-01T14:17:57.128441+08:00","Action":"run","Package":"ops-platform/test/security","Test":"TestWorkloadIdentityRejectsWrongSANNamespaceAndServiceAccount/wrong_service_account"}
{"Time":"2026-10-01T14:17:57.128445+08:00","Action":"output","Package":"ops-platform/test/security","Test":"TestWorkloadIdentityRejectsWrongSANNamespaceAndServiceAccount/wrong_service_account","Output":"=== RUN   TestWorkloadIdentityRejectsWrongSANNamespaceAndServiceAccount/wrong_service_account\n","OutputType":"frame"}
{"Time":"2026-10-01T14:17:57.128457+08:00","Action":"output","Package":"ops-platform/test/security","Test":"TestWorkloadIdentityRejectsWrongSANNamespaceAndServiceAccount/wrong_service_account","Output":"--- PASS: TestWorkloadIdentityRejectsWrongSANNamespaceAndServiceAccount/wrong_service_account (0.00s)\n","OutputType":"frame"}
{"Time":"2026-10-01T14:17:57.128462+08:00","Action":"pass","Package":"ops-platform/test/security","Test":"TestWorkloadIdentityRejectsWrongSANNamespaceAndServiceAccount/wrong_service_account","Elapsed":0}
{"Time":"2026-10-01T14:17:57.129124+08:00","Action":"output","Package":"ops-platform/test/security","Test":"TestWorkloadIdentityRejectsWrongSANNamespaceAndServiceAccount","Output":"--- PASS: TestWorkloadIdentityRejectsWrongSANNamespaceAndServiceAccount (0.00s)\n","OutputType":"frame"}
{"Time":"2026-10-01T14:17:57.129133+08:00","Action":"pass","Package":"ops-platform/test/security","Test":"TestWorkloadIdentityRejectsWrongSANNamespaceAndServiceAccount","Elapsed":0}
{"Time":"2026-10-01T14:17:57.129138+08:00","Action":"run","Package":"ops-platform/test/security","Test":"TestWorkloadIdentityRejectsExpiredRevokedAndUntrustedCertificate"}
{"Time":"2026-10-01T14:17:57.129141+08:00","Action":"output","Package":"ops-platform/test/security","Test":"TestWorkloadIdentityRejectsExpiredRevokedAndUntrustedCertificate","Output":"=== RUN   TestWorkloadIdentityRejectsExpiredRevokedAndUntrustedCertificate\n","OutputType":"frame"}
{"Time":"2026-10-01T14:17:57.131012+08:00","Action":"output","Package":"ops-platform/test/security","Test":"TestWorkloadIdentityRejectsExpiredRevokedAndUntrustedCertificate","Output":"--- PASS: TestWorkloadIdentityRejectsExpiredRevokedAndUntrustedCertificate (0.00s)\n","OutputType":"frame"}
{"Time":"2026-10-01T14:17:57.131063+08:00","Action":"pass","Package":"ops-platform/test/security","Test":"TestWorkloadIdentityRejectsExpiredRevokedAndUntrustedCertificate","Elapsed":0}
{"Time":"2026-10-01T14:17:57.131074+08:00","Action":"run","Package":"ops-platform/test/security","Test":"TestUserTokenCannotEstablishWorkloadIdentity"}
{"Time":"2026-10-01T14:17:57.131084+08:00","Action":"output","Package":"ops-platform/test/security","Test":"TestUserTokenCannotEstablishWorkloadIdentity","Output":"=== RUN   TestUserTokenCannotEstablishWorkloadIdentity\n","OutputType":"frame"}
{"Time":"2026-10-01T14:17:57.131094+08:00","Action":"output","Package":"ops-platform/test/security","Test":"TestUserTokenCannotEstablishWorkloadIdentity","Output":"--- PASS: TestUserTokenCannotEstablishWorkloadIdentity (0.00s)\n","OutputType":"frame"}
{"Time":"2026-10-01T14:17:57.131101+08:00","Action":"pass","Package":"ops-platform/test/security","Test":"TestUserTokenCannotEstablishWorkloadIdentity","Elapsed":0}
{"Time":"2026-10-01T14:17:57.131127+08:00","Action":"run","Package":"ops-platform/test/security","Test":"TestWorkloadMTLSRequiresExactIdentityAndNeverUsesBearerToken"}
{"Time":"2026-10-01T14:17:57.131133+08:00","Action":"output","Package":"ops-platform/test/security","Test":"TestWorkloadMTLSRequiresExactIdentityAndNeverUsesBearerToken","Output":"=== RUN   TestWorkloadMTLSRequiresExactIdentityAndNeverUsesBearerToken\n","OutputType":"frame"}
{"Time":"2026-10-01T14:17:57.134757+08:00","Action":"output","Package":"ops-platform/test/security","Test":"TestWorkloadMTLSRequiresExactIdentityAndNeverUsesBearerToken","Output":"2026/10/01 14:17:57 http: TLS handshake error from 127.0.0.1:61014: workload identity is outside the exact allowlist\n"}
{"Time":"2026-10-01T14:17:57.134842+08:00","Action":"output","Package":"ops-platform/test/security","Test":"TestWorkloadMTLSRequiresExactIdentityAndNeverUsesBearerToken","Output":"--- PASS: TestWorkloadMTLSRequiresExactIdentityAndNeverUsesBearerToken (0.01s)\n","OutputType":"frame"}
{"Time":"2026-10-01T14:17:57.134867+08:00","Action":"pass","Package":"ops-platform/test/security","Test":"TestWorkloadMTLSRequiresExactIdentityAndNeverUsesBearerToken","Elapsed":0.01}
{"Time":"2026-10-01T14:17:57.134891+08:00","Action":"run","Package":"ops-platform/test/security","Test":"TestWorkloadIdentityUsesFreshCRLSourceAndFailsClosedWhenStale"}
{"Time":"2026-10-01T14:17:57.134899+08:00","Action":"output","Package":"ops-platform/test/security","Test":"TestWorkloadIdentityUsesFreshCRLSourceAndFailsClosedWhenStale","Output":"=== RUN   TestWorkloadIdentityUsesFreshCRLSourceAndFailsClosedWhenStale\n","OutputType":"frame"}
{"Time":"2026-10-01T14:17:57.135666+08:00","Action":"output","Package":"ops-platform/test/security","Test":"TestWorkloadIdentityUsesFreshCRLSourceAndFailsClosedWhenStale","Output":"--- PASS: TestWorkloadIdentityUsesFreshCRLSourceAndFailsClosedWhenStale (0.00s)\n","OutputType":"frame"}
{"Time":"2026-10-01T14:17:57.135719+08:00","Action":"pass","Package":"ops-platform/test/security","Test":"TestWorkloadIdentityUsesFreshCRLSourceAndFailsClosedWhenStale","Elapsed":0}
{"Time":"2026-10-01T14:17:57.135725+08:00","Action":"output","Package":"ops-platform/test/security","Output":"PASS\n","OutputType":"frame"}
{"Time":"2026-10-01T14:17:57.136889+08:00","Action":"output","Package":"ops-platform/test/security","Output":"ok  \tops-platform/test/security\t0.587s\n"}
{"Time":"2026-10-01T14:17:57.137+08:00","Action":"pass","Package":"ops-platform/test/security","Elapsed":0.588}
Acceptance report: 11 tests passed; zero skips.
