{"Time":"2026-10-01T14:21:56.912332+08:00","Action":"start","Package":"ops-platform/test/integration"}
{"Time":"2026-10-01T14:21:57.799251+08:00","Action":"run","Package":"ops-platform/test/integration","Test":"TestSourceRegistrationsAreTenantBoundRevisionedAndAudited"}
{"Time":"2026-10-01T14:21:57.799317+08:00","Action":"output","Package":"ops-platform/test/integration","Test":"TestSourceRegistrationsAreTenantBoundRevisionedAndAudited","Output":"=== RUN   TestSourceRegistrationsAreTenantBoundRevisionedAndAudited\n","OutputType":"frame"}
{"Time":"2026-10-01T14:21:57.863275+08:00","Action":"output","Package":"ops-platform/test/integration","Test":"TestSourceRegistrationsAreTenantBoundRevisionedAndAudited","Output":"2026/10/01 14:21:57 OK   00001_roles_and_schemas.sql (7.97ms)\n"}
{"Time":"2026-10-01T14:21:57.863306+08:00","Action":"output","Package":"ops-platform/test/integration","Test":"TestSourceRegistrationsAreTenantBoundRevisionedAndAudited","Output":"2026/10/01 14:21:57 goose: successfully migrated database to version: 1\n"}
{"Time":"2026-10-01T14:21:57.887729+08:00","Action":"output","Package":"ops-platform/test/integration","Test":"TestSourceRegistrationsAreTenantBoundRevisionedAndAudited","Output":"2026/10/01 14:21:57 OK   00002_platform_meta.sql (15.87ms)\n"}
{"Time":"2026-10-01T14:21:57.893697+08:00","Action":"output","Package":"ops-platform/test/integration","Test":"TestSourceRegistrationsAreTenantBoundRevisionedAndAudited","Output":"2026/10/01 14:21:57 OK   00003_finding.sql (5.85ms)\n"}
{"Time":"2026-10-01T14:21:57.897954+08:00","Action":"output","Package":"ops-platform/test/integration","Test":"TestSourceRegistrationsAreTenantBoundRevisionedAndAudited","Output":"2026/10/01 14:21:57 OK   00004_incident.sql (4.18ms)\n"}
{"Time":"2026-10-01T14:21:57.902438+08:00","Action":"output","Package":"ops-platform/test/integration","Test":"TestSourceRegistrationsAreTenantBoundRevisionedAndAudited","Output":"2026/10/01 14:21:57 OK   00005_investigation.sql (4.44ms)\n"}
{"Time":"2026-10-01T14:21:57.90787+08:00","Action":"output","Package":"ops-platform/test/integration","Test":"TestSourceRegistrationsAreTenantBoundRevisionedAndAudited","Output":"2026/10/01 14:21:57 OK   00006_action_command.sql (5.34ms)\n"}
{"Time":"2026-10-01T14:21:57.916261+08:00","Action":"output","Package":"ops-platform/test/integration","Test":"TestSourceRegistrationsAreTenantBoundRevisionedAndAudited","Output":"2026/10/01 14:21:57 OK   00007_audit.sql (8.22ms)\n"}
{"Time":"2026-10-01T14:21:57.923366+08:00","Action":"output","Package":"ops-platform/test/integration","Test":"TestSourceRegistrationsAreTenantBoundRevisionedAndAudited","Output":"2026/10/01 14:21:57 OK   00008_rls.sql (7ms)\n"}
{"Time":"2026-10-01T14:21:57.929689+08:00","Action":"output","Package":"ops-platform/test/integration","Test":"TestSourceRegistrationsAreTenantBoundRevisionedAndAudited","Output":"2026/10/01 14:21:57 OK   00009_idempotency_ledger.sql (6.15ms)\n"}
{"Time":"2026-10-01T14:21:57.933627+08:00","Action":"output","Package":"ops-platform/test/integration","Test":"TestSourceRegistrationsAreTenantBoundRevisionedAndAudited","Output":"2026/10/01 14:21:57 OK   00010_tenant_provisioning.sql (3.86ms)\n"}
{"Time":"2026-10-01T14:21:57.939802+08:00","Action":"output","Package":"ops-platform/test/integration","Test":"TestSourceRegistrationsAreTenantBoundRevisionedAndAudited","Output":"2026/10/01 14:21:57 OK   00011_source_registration_history.sql (6.09ms)\n"}
{"Time":"2026-10-01T14:21:57.947449+08:00","Action":"output","Package":"ops-platform/test/integration","Test":"TestSourceRegistrationsAreTenantBoundRevisionedAndAudited","Output":"2026/10/01 14:21:57 OK   00012_config_registry_lifecycle.sql (7.44ms)\n"}
{"Time":"2026-10-01T14:21:57.959111+08:00","Action":"output","Package":"ops-platform/test/integration","Test":"TestSourceRegistrationsAreTenantBoundRevisionedAndAudited","Output":"2026/10/01 14:21:57 OK   00013_audit_signed_segments.sql (11.46ms)\n"}
{"Time":"2026-10-01T14:21:57.965089+08:00","Action":"output","Package":"ops-platform/test/integration","Test":"TestSourceRegistrationsAreTenantBoundRevisionedAndAudited","Output":"2026/10/01 14:21:57 OK   00014_audit_segment_predecessors.sql (5.88ms)\n"}
{"Time":"2026-10-01T14:21:57.968966+08:00","Action":"output","Package":"ops-platform/test/integration","Test":"TestSourceRegistrationsAreTenantBoundRevisionedAndAudited","Output":"2026/10/01 14:21:57 OK   00015_source_schema_scope.sql (3.77ms)\n"}
{"Time":"2026-10-01T14:21:57.973071+08:00","Action":"output","Package":"ops-platform/test/integration","Test":"TestSourceRegistrationsAreTenantBoundRevisionedAndAudited","Output":"2026/10/01 14:21:57 OK   00016_cluster_registration_metadata.sql (4ms)\n"}
{"Time":"2026-10-01T14:21:57.973091+08:00","Action":"output","Package":"ops-platform/test/integration","Test":"TestSourceRegistrationsAreTenantBoundRevisionedAndAudited","Output":"2026/10/01 14:21:57 goose: successfully migrated database to version: 16\n"}
{"Time":"2026-10-01T14:21:58.009229+08:00","Action":"run","Package":"ops-platform/test/integration","Test":"TestSourceRegistrationsAreTenantBoundRevisionedAndAudited/payload-tenant"}
{"Time":"2026-10-01T14:21:58.009259+08:00","Action":"output","Package":"ops-platform/test/integration","Test":"TestSourceRegistrationsAreTenantBoundRevisionedAndAudited/payload-tenant","Output":"=== RUN   TestSourceRegistrationsAreTenantBoundRevisionedAndAudited/payload-tenant\n","OutputType":"frame"}
{"Time":"2026-10-01T14:21:58.009864+08:00","Action":"output","Package":"ops-platform/test/integration","Test":"TestSourceRegistrationsAreTenantBoundRevisionedAndAudited/payload-tenant","Output":"--- PASS: TestSourceRegistrationsAreTenantBoundRevisionedAndAudited/payload-tenant (0.00s)\n","OutputType":"frame"}
{"Time":"2026-10-01T14:21:58.009875+08:00","Action":"pass","Package":"ops-platform/test/integration","Test":"TestSourceRegistrationsAreTenantBoundRevisionedAndAudited/payload-tenant","Elapsed":0}
{"Time":"2026-10-01T14:21:58.009884+08:00","Action":"run","Package":"ops-platform/test/integration","Test":"TestSourceRegistrationsAreTenantBoundRevisionedAndAudited/payload-cluster"}
{"Time":"2026-10-01T14:21:58.009887+08:00","Action":"output","Package":"ops-platform/test/integration","Test":"TestSourceRegistrationsAreTenantBoundRevisionedAndAudited/payload-cluster","Output":"=== RUN   TestSourceRegistrationsAreTenantBoundRevisionedAndAudited/payload-cluster\n","OutputType":"frame"}
{"Time":"2026-10-01T14:21:58.01048+08:00","Action":"output","Package":"ops-platform/test/integration","Test":"TestSourceRegistrationsAreTenantBoundRevisionedAndAudited/payload-cluster","Output":"--- PASS: TestSourceRegistrationsAreTenantBoundRevisionedAndAudited/payload-cluster (0.00s)\n","OutputType":"frame"}
{"Time":"2026-10-01T14:21:58.010486+08:00","Action":"pass","Package":"ops-platform/test/integration","Test":"TestSourceRegistrationsAreTenantBoundRevisionedAndAudited/payload-cluster","Elapsed":0}
{"Time":"2026-10-01T14:21:58.677107+08:00","Action":"output","Package":"ops-platform/test/integration","Test":"TestSourceRegistrationsAreTenantBoundRevisionedAndAudited","Output":"--- PASS: TestSourceRegistrationsAreTenantBoundRevisionedAndAudited (0.88s)\n","OutputType":"frame"}
{"Time":"2026-10-01T14:21:58.677192+08:00","Action":"pass","Package":"ops-platform/test/integration","Test":"TestSourceRegistrationsAreTenantBoundRevisionedAndAudited","Elapsed":0.88}
{"Time":"2026-10-01T14:21:58.67723+08:00","Action":"output","Package":"ops-platform/test/integration","Output":"PASS\n","OutputType":"frame"}
{"Time":"2026-10-01T14:21:58.67999+08:00","Action":"output","Package":"ops-platform/test/integration","Output":"ok  \tops-platform/test/integration\t1.767s\n"}
{"Time":"2026-10-01T14:21:58.680075+08:00","Action":"pass","Package":"ops-platform/test/integration","Elapsed":1.768}
