2026/10/06 12:42:29 OK   00002_platform_meta.sql (28.08ms)
2026/10/06 12:42:29 OK   00003_finding.sql (20.7ms)
2026/10/06 12:42:29 OK   00004_incident.sql (5.43ms)
2026/10/06 12:42:29 OK   00005_investigation.sql (6.96ms)
2026/10/06 12:42:29 OK   00006_action_command.sql (8.23ms)
2026/10/06 12:42:29 OK   00007_audit.sql (9.44ms)
2026/10/06 12:42:29 OK   00008_rls.sql (6.17ms)
2026/10/06 12:42:29 OK   00009_idempotency_ledger.sql (31.27ms)
2026/10/06 12:42:29 OK   00010_tenant_provisioning.sql (10.08ms)
2026/10/06 12:42:29 OK   00011_source_registration_history.sql (4.23ms)
2026/10/06 12:42:29 OK   00012_config_registry_lifecycle.sql (5.1ms)
2026/10/06 12:42:29 OK   00013_audit_signed_segments.sql (39.04ms)
2026/10/06 12:42:29 OK   00014_audit_segment_predecessors.sql (5.17ms)
2026/10/06 12:42:29 OK   00015_source_schema_scope.sql (2.83ms)
2026/10/06 12:42:29 OK   00016_cluster_registration_metadata.sql (5.76ms)
2026/10/06 12:42:29 OK   00017_source_data_scope.sql (10ms)
2026/10/06 12:42:29 OK   00018_sp04_resources_evidence.sql (16.43ms)
2026/10/06 12:42:29 OK   00019_sp04_archive_ciphertext_bytes.sql (15.03ms)
2026/10/06 12:42:29 OK   00020_sp04_request_ledger.sql (5.22ms)
2026/10/06 12:42:29 OK   00021_sp04_archive_protection.sql (2.99ms)
2026/10/06 12:42:29 OK   00022_sp04_legal_hold_dependencies.sql (5.93ms)
2026/10/06 12:42:29 OK   00023_sp04_archive_query_intent.sql (2.73ms)
2026/10/06 12:42:29 OK   00024_sp05_finding_incident.sql (20.95ms)
2026/10/06 12:42:29 OK   00025_sp05_incident_event_time.sql (13.48ms)
2026/10/06 12:42:29 OK   00026_sp05_source_binding_lock.sql (15.16ms)
2026/10/06 12:42:29 OK   00027_sp05_rca_and_poll.sql (10.6ms)
2026/10/06 12:42:29 OK   00028_sp05_operator_lock.sql (7.52ms)
2026/10/06 12:42:29 OK   00029_sp05_evidence_links.sql (9.13ms)
2026/10/06 12:42:29 OK   00030_sp05_recipe_fence.sql (17.04ms)
2026/10/06 12:42:29 OK   00031_sp05_rca_postcheck.sql (13.96ms)
2026/10/06 12:42:29 OK   00032_sp05_transport_audit.sql (16ms)
2026/10/06 12:42:29 OK   00033_sp05_poll_resolution_clock.sql (3.53ms)
2026/10/06 12:42:29 OK   00034_sp06_investigation_ledger.sql (16.64ms)
2026/10/06 12:42:29 OK   00035_sp06_admission_data_classes.sql (5.78ms)
2026/10/06 12:42:29 goose: successfully migrated database to version: 35
