2026/10/06 00:19:43 OK   00002_platform_meta.sql (29.62ms)
2026/10/06 00:19:43 OK   00003_finding.sql (7.3ms)
2026/10/06 00:19:43 OK   00004_incident.sql (4.09ms)
2026/10/06 00:19:43 OK   00005_investigation.sql (5.57ms)
2026/10/06 00:19:43 OK   00006_action_command.sql (4.93ms)
2026/10/06 00:19:43 OK   00007_audit.sql (8.1ms)
2026/10/06 00:19:43 OK   00008_rls.sql (5.87ms)
2026/10/06 00:19:43 OK   00009_idempotency_ledger.sql (4.09ms)
2026/10/06 00:19:43 OK   00010_tenant_provisioning.sql (2.13ms)
2026/10/06 00:19:43 OK   00011_source_registration_history.sql (3.17ms)
2026/10/06 00:19:43 OK   00012_config_registry_lifecycle.sql (4.48ms)
2026/10/06 00:19:43 OK   00013_audit_signed_segments.sql (4.52ms)
2026/10/06 00:19:43 OK   00014_audit_segment_predecessors.sql (2.89ms)
2026/10/06 00:19:43 OK   00015_source_schema_scope.sql (2.21ms)
2026/10/06 00:19:43 OK   00016_cluster_registration_metadata.sql (2.68ms)
2026/10/06 00:19:43 OK   00017_source_data_scope.sql (1.96ms)
2026/10/06 00:19:43 OK   00018_sp04_resources_evidence.sql (10.89ms)
2026/10/06 00:19:43 OK   00019_sp04_archive_ciphertext_bytes.sql (2.19ms)
2026/10/06 00:19:43 OK   00020_sp04_request_ledger.sql (2.68ms)
2026/10/06 00:19:43 OK   00021_sp04_archive_protection.sql (2.91ms)
2026/10/06 00:19:43 OK   00022_sp04_legal_hold_dependencies.sql (2.64ms)
2026/10/06 00:19:43 OK   00023_sp04_archive_query_intent.sql (2.47ms)
2026/10/06 00:19:43 OK   00024_sp05_finding_incident.sql (16.88ms)
2026/10/06 00:19:43 OK   00025_sp05_incident_event_time.sql (1.72ms)
2026/10/06 00:19:43 OK   00026_sp05_source_binding_lock.sql (1.69ms)
2026/10/06 00:19:43 OK   00027_sp05_rca_and_poll.sql (3.87ms)
2026/10/06 00:19:43 OK   00028_sp05_operator_lock.sql (1.73ms)
2026/10/06 00:19:43 OK   00029_sp05_evidence_links.sql (2.42ms)
2026/10/06 00:19:43 OK   00030_sp05_recipe_fence.sql (1.55ms)
2026/10/06 00:19:43 OK   00031_sp05_rca_postcheck.sql (1.37ms)
2026/10/06 00:19:43 OK   00032_sp05_transport_audit.sql (1.43ms)
2026/10/06 00:19:43 OK   00033_sp05_poll_resolution_clock.sql (1.78ms)
2026/10/06 00:19:43 OK   00034_sp06_investigation_ledger.sql (9.75ms)
2026/10/06 00:19:43 OK   00035_sp06_admission_data_classes.sql (1.83ms)
2026/10/06 00:19:43 goose: successfully migrated database to version: 35
