=== RUN   TestSP05OfficialObservationsActualOrbStackAndControlledProbeFailure
2026/10/06 09:53:31 OK   00001_roles_and_schemas.sql (8.77ms)
2026/10/06 09:53:31 goose: successfully migrated database to version: 1
2026/10/06 09:53:31 OK   00002_platform_meta.sql (12.24ms)
2026/10/06 09:53:31 OK   00003_finding.sql (10.69ms)
2026/10/06 09:53:31 OK   00004_incident.sql (6.15ms)
2026/10/06 09:53:31 OK   00005_investigation.sql (14.79ms)
2026/10/06 09:53:31 OK   00006_action_command.sql (5.89ms)
2026/10/06 09:53:31 OK   00007_audit.sql (19.72ms)
2026/10/06 09:53:31 OK   00008_rls.sql (11.29ms)
2026/10/06 09:53:31 OK   00009_idempotency_ledger.sql (5.12ms)
2026/10/06 09:53:31 OK   00010_tenant_provisioning.sql (5.33ms)
2026/10/06 09:53:31 OK   00011_source_registration_history.sql (7.34ms)
2026/10/06 09:53:31 OK   00012_config_registry_lifecycle.sql (12.48ms)
2026/10/06 09:53:31 OK   00013_audit_signed_segments.sql (13.22ms)
2026/10/06 09:53:31 OK   00014_audit_segment_predecessors.sql (9.69ms)
2026/10/06 09:53:31 OK   00015_source_schema_scope.sql (5.02ms)
2026/10/06 09:53:31 OK   00016_cluster_registration_metadata.sql (9.22ms)
2026/10/06 09:53:31 OK   00017_source_data_scope.sql (5.34ms)
2026/10/06 09:53:31 OK   00018_sp04_resources_evidence.sql (15.95ms)
2026/10/06 09:53:31 OK   00019_sp04_archive_ciphertext_bytes.sql (13.07ms)
2026/10/06 09:53:31 OK   00020_sp04_request_ledger.sql (5.83ms)
2026/10/06 09:53:31 OK   00021_sp04_archive_protection.sql (2.65ms)
2026/10/06 09:53:31 OK   00022_sp04_legal_hold_dependencies.sql (4.39ms)
2026/10/06 09:53:31 OK   00023_sp04_archive_query_intent.sql (17.96ms)
2026/10/06 09:53:31 OK   00024_sp05_finding_incident.sql (38.07ms)
2026/10/06 09:53:31 OK   00025_sp05_incident_event_time.sql (2.73ms)
2026/10/06 09:53:31 OK   00026_sp05_source_binding_lock.sql (5.95ms)
2026/10/06 09:53:31 OK   00027_sp05_rca_and_poll.sql (17.45ms)
2026/10/06 09:53:31 OK   00028_sp05_operator_lock.sql (7.03ms)
2026/10/06 09:53:31 OK   00029_sp05_evidence_links.sql (5.13ms)
2026/10/06 09:53:31 OK   00030_sp05_recipe_fence.sql (3.84ms)
2026/10/06 09:53:31 OK   00031_sp05_rca_postcheck.sql (3.26ms)
2026/10/06 09:53:31 OK   00032_sp05_transport_audit.sql (5.01ms)
2026/10/06 09:53:31 OK   00033_sp05_poll_resolution_clock.sql (7.48ms)
2026/10/06 09:53:31 OK   00034_sp06_investigation_ledger.sql (23.39ms)
2026/10/06 09:53:31 OK   00035_sp06_admission_data_classes.sql (5.82ms)
2026/10/06 09:53:31 goose: successfully migrated database to version: 35
    archive_iam_test.go:42: owned TLS/IAM fixture image=docker.io/chrislusf/seaweedfs@sha256:d4cf67729aa8777e1a43a5b61d72e5b96179e4b7bac9a221cb14cbc2036cb32e id=7f91b768d577dd5e81175a8baed35f2c1bcc097342d5bb340802bde45c8bcc49 bucket=sp05-golden-7d7b9ebe tenants=1
    sp05_official_observations_test.go:112: actual native official read report: {ProbeAvailable:true MetricAvailable:false PodMetricAvailable:false PodMetricDegraded:false Candidates:1 DegradedSources:[kubernetes/metrics]} (Metrics availability is observed, never a performance measurement)
    sp05_official_observations_test.go:115: required actual Metrics-server positive sample unavailable: {ProbeAvailable:true MetricAvailable:false PodMetricAvailable:false PodMetricDegraded:false Candidates:1 DegradedSources:[kubernetes/metrics]}
    archive_iam_test.go:155: retained owned Archive fixture id=7f91b768d577dd5e81175a8baed35f2c1bcc097342d5bb340802bde45c8bcc49 label=2f989f78-b5df-4df0-bd28-ff1bf4b187a5 bucket=sp05-golden-7d7b9ebe private-material-directory=/Users/mssc/.local/state/ops/pre-sp07-20261004/protected-integration-r40/archive-iam-1762823254; process stopped, no storage/identity deletion
--- FAIL: TestSP05OfficialObservationsActualOrbStackAndControlledProbeFailure (17.67s)
FAIL
FAIL	ops-platform/test/integration	18.635s
FAIL
