=== RUN   TestSP05OfficialObservationsActualOrbStackAndControlledProbeFailure
2026/10/06 09:48:37 OK   00001_roles_and_schemas.sql (92.19ms)
2026/10/06 09:48:37 goose: successfully migrated database to version: 1
2026/10/06 09:48:38 OK   00002_platform_meta.sql (152.29ms)
2026/10/06 09:48:38 OK   00003_finding.sql (45.76ms)
2026/10/06 09:48:38 OK   00004_incident.sql (66.82ms)
2026/10/06 09:48:38 OK   00005_investigation.sql (70.03ms)
2026/10/06 09:48:38 OK   00006_action_command.sql (38.37ms)
2026/10/06 09:48:38 OK   00007_audit.sql (79.47ms)
2026/10/06 09:48:38 OK   00008_rls.sql (115.05ms)
2026/10/06 09:48:38 OK   00009_idempotency_ledger.sql (39.71ms)
2026/10/06 09:48:38 OK   00010_tenant_provisioning.sql (18.94ms)
2026/10/06 09:48:38 OK   00011_source_registration_history.sql (76.62ms)
2026/10/06 09:48:38 OK   00012_config_registry_lifecycle.sql (24.33ms)
2026/10/06 09:48:38 OK   00013_audit_signed_segments.sql (149.44ms)
2026/10/06 09:48:39 OK   00014_audit_segment_predecessors.sql (60.73ms)
2026/10/06 09:48:39 OK   00015_source_schema_scope.sql (38.59ms)
2026/10/06 09:48:39 OK   00016_cluster_registration_metadata.sql (10.32ms)
2026/10/06 09:48:39 OK   00017_source_data_scope.sql (51.67ms)
2026/10/06 09:48:39 OK   00018_sp04_resources_evidence.sql (111.2ms)
2026/10/06 09:48:39 OK   00019_sp04_archive_ciphertext_bytes.sql (8.62ms)
2026/10/06 09:48:39 OK   00020_sp04_request_ledger.sql (58.21ms)
2026/10/06 09:48:39 OK   00021_sp04_archive_protection.sql (11.09ms)
2026/10/06 09:48:39 OK   00022_sp04_legal_hold_dependencies.sql (9ms)
2026/10/06 09:48:39 OK   00023_sp04_archive_query_intent.sql (16.74ms)
2026/10/06 09:48:39 OK   00024_sp05_finding_incident.sql (95.42ms)
2026/10/06 09:48:39 OK   00025_sp05_incident_event_time.sql (18.69ms)
2026/10/06 09:48:39 OK   00026_sp05_source_binding_lock.sql (16.95ms)
2026/10/06 09:48:39 OK   00027_sp05_rca_and_poll.sql (86.65ms)
2026/10/06 09:48:39 OK   00028_sp05_operator_lock.sql (12.74ms)
2026/10/06 09:48:39 OK   00029_sp05_evidence_links.sql (15.92ms)
2026/10/06 09:48:39 OK   00030_sp05_recipe_fence.sql (12.95ms)
2026/10/06 09:48:39 OK   00031_sp05_rca_postcheck.sql (55.87ms)
2026/10/06 09:48:39 OK   00032_sp05_transport_audit.sql (14.7ms)
2026/10/06 09:48:39 OK   00033_sp05_poll_resolution_clock.sql (19.33ms)
2026/10/06 09:48:39 OK   00034_sp06_investigation_ledger.sql (207.72ms)
2026/10/06 09:48:40 OK   00035_sp06_admission_data_classes.sql (77.23ms)
2026/10/06 09:48:40 goose: successfully migrated database to version: 35
    archive_iam_test.go:42: owned TLS/IAM fixture image=docker.io/chrislusf/seaweedfs@sha256:d4cf67729aa8777e1a43a5b61d72e5b96179e4b7bac9a221cb14cbc2036cb32e id=165d30d0e9d2db40eb5fea55221fb9eaadc1330612f3623f7bba0223ec27e458 bucket=sp05-golden-e35c5a38 tenants=1
    sp05_official_observations_test.go:112: actual native official read report: {ProbeAvailable:true MetricAvailable:true PodMetricAvailable:false PodMetricDegraded:false Candidates:3 DegradedSources:[]} (Metrics availability is observed, never a performance measurement)
    sp05_official_observations_test.go:117: LIVE METRICS: actual authorized positive read; healthy samples correctly do not invent a firing Finding.
    sp05_official_observations_test.go:198: S3 object upload failed
    archive_iam_test.go:155: retained owned Archive fixture id=165d30d0e9d2db40eb5fea55221fb9eaadc1330612f3623f7bba0223ec27e458 label=d5ba7c33-4083-4c15-bd92-bf3400229bc4 bucket=sp05-golden-e35c5a38 private-material-directory=/Users/mssc/.local/state/ops/pre-sp07-20261004/protected-integration-r39/archive-iam-1296933868; process stopped, no storage/identity deletion
    migrations_test.go:436: retained owned integration database=sp03_mig_ef6c1b2d5b8e441db02f04e1c7698250 test=TestSP05OfficialObservationsActualOrbStackAndControlledProbeFailure reason=audit.records; no automatic protected cleanup
--- FAIL: TestSP05OfficialObservationsActualOrbStackAndControlledProbeFailure (145.54s)
FAIL
FAIL	ops-platform/test/integration	147.073s
FAIL
