=== RUN   TestPodMetricObservationCurrentNativeIdentity
--- PASS: TestPodMetricObservationCurrentNativeIdentity (0.00s)
=== RUN   TestPodMetricObservationRejectsUnverifiableSamples
=== RUN   TestPodMetricObservationRejectsUnverifiableSamples/wrong_UID
=== RUN   TestPodMetricObservationRejectsUnverifiableSamples/wrong_namespace
=== RUN   TestPodMetricObservationRejectsUnverifiableSamples/wrong_node
=== RUN   TestPodMetricObservationRejectsUnverifiableSamples/stale
=== RUN   TestPodMetricObservationRejectsUnverifiableSamples/future
=== RUN   TestPodMetricObservationRejectsUnverifiableSamples/before_pod_recreation
=== RUN   TestPodMetricObservationRejectsUnverifiableSamples/before_container_restart
=== RUN   TestPodMetricObservationRejectsUnverifiableSamples/unknown_container
=== RUN   TestPodMetricObservationRejectsUnverifiableSamples/duplicate_container
=== RUN   TestPodMetricObservationRejectsUnverifiableSamples/negative_quantity
=== RUN   TestPodMetricObservationRejectsUnverifiableSamples/missing_usage
=== RUN   TestPodMetricObservationRejectsUnverifiableSamples/invalid_window
=== RUN   TestPodMetricObservationRejectsUnverifiableSamples/missing_container_identity
=== RUN   TestPodMetricObservationRejectsUnverifiableSamples/invalid_allocatable
--- PASS: TestPodMetricObservationRejectsUnverifiableSamples (0.00s)
    --- PASS: TestPodMetricObservationRejectsUnverifiableSamples/wrong_UID (0.00s)
    --- PASS: TestPodMetricObservationRejectsUnverifiableSamples/wrong_namespace (0.00s)
    --- PASS: TestPodMetricObservationRejectsUnverifiableSamples/wrong_node (0.00s)
    --- PASS: TestPodMetricObservationRejectsUnverifiableSamples/stale (0.00s)
    --- PASS: TestPodMetricObservationRejectsUnverifiableSamples/future (0.00s)
    --- PASS: TestPodMetricObservationRejectsUnverifiableSamples/before_pod_recreation (0.00s)
    --- PASS: TestPodMetricObservationRejectsUnverifiableSamples/before_container_restart (0.00s)
    --- PASS: TestPodMetricObservationRejectsUnverifiableSamples/unknown_container (0.00s)
    --- PASS: TestPodMetricObservationRejectsUnverifiableSamples/duplicate_container (0.00s)
    --- PASS: TestPodMetricObservationRejectsUnverifiableSamples/negative_quantity (0.00s)
    --- PASS: TestPodMetricObservationRejectsUnverifiableSamples/missing_usage (0.00s)
    --- PASS: TestPodMetricObservationRejectsUnverifiableSamples/invalid_window (0.00s)
    --- PASS: TestPodMetricObservationRejectsUnverifiableSamples/missing_container_identity (0.00s)
    --- PASS: TestPodMetricObservationRejectsUnverifiableSamples/invalid_allocatable (0.00s)
PASS
ok  	ops-platform/internal/inspection/kubernetes	0.665s
