=== RUN   TestSP05OfficialObservationsActualOrbStackAndControlledProbeFailure
2026/10/06 10:10:31 OK   00001_roles_and_schemas.sql (53.54ms)
2026/10/06 10:10:31 goose: successfully migrated database to version: 1
2026/10/06 10:10:31 OK   00002_platform_meta.sql (32.25ms)
2026/10/06 10:10:31 OK   00003_finding.sql (7.4ms)
2026/10/06 10:10:31 OK   00004_incident.sql (4.95ms)
2026/10/06 10:10:31 OK   00005_investigation.sql (23.46ms)
2026/10/06 10:10:31 OK   00006_action_command.sql (12.06ms)
2026/10/06 10:10:31 OK   00007_audit.sql (34.07ms)
2026/10/06 10:10:31 OK   00008_rls.sql (15.96ms)
2026/10/06 10:10:31 OK   00009_idempotency_ledger.sql (18.72ms)
2026/10/06 10:10:31 OK   00010_tenant_provisioning.sql (3.48ms)
2026/10/06 10:10:31 OK   00011_source_registration_history.sql (5.75ms)
2026/10/06 10:10:31 OK   00012_config_registry_lifecycle.sql (15.37ms)
2026/10/06 10:10:31 OK   00013_audit_signed_segments.sql (25.42ms)
2026/10/06 10:10:31 OK   00014_audit_segment_predecessors.sql (9.69ms)
2026/10/06 10:10:31 OK   00015_source_schema_scope.sql (15.14ms)
2026/10/06 10:10:31 OK   00016_cluster_registration_metadata.sql (5.9ms)
2026/10/06 10:10:31 OK   00017_source_data_scope.sql (3.53ms)
2026/10/06 10:10:31 OK   00018_sp04_resources_evidence.sql (21.9ms)
2026/10/06 10:10:31 OK   00019_sp04_archive_ciphertext_bytes.sql (17.93ms)
2026/10/06 10:10:31 OK   00020_sp04_request_ledger.sql (5.37ms)
2026/10/06 10:10:31 OK   00021_sp04_archive_protection.sql (9.34ms)
2026/10/06 10:10:31 OK   00022_sp04_legal_hold_dependencies.sql (12.98ms)
2026/10/06 10:10:31 OK   00023_sp04_archive_query_intent.sql (15.24ms)
2026/10/06 10:10:31 OK   00024_sp05_finding_incident.sql (22.81ms)
2026/10/06 10:10:31 OK   00025_sp05_incident_event_time.sql (18.21ms)
2026/10/06 10:10:31 OK   00026_sp05_source_binding_lock.sql (12.15ms)
2026/10/06 10:10:31 OK   00027_sp05_rca_and_poll.sql (9.82ms)
2026/10/06 10:10:31 OK   00028_sp05_operator_lock.sql (8.52ms)
2026/10/06 10:10:31 OK   00029_sp05_evidence_links.sql (13.63ms)
2026/10/06 10:10:31 OK   00030_sp05_recipe_fence.sql (7.21ms)
2026/10/06 10:10:31 OK   00031_sp05_rca_postcheck.sql (8.66ms)
2026/10/06 10:10:31 OK   00032_sp05_transport_audit.sql (3.61ms)
2026/10/06 10:10:31 OK   00033_sp05_poll_resolution_clock.sql (3.97ms)
2026/10/06 10:10:31 OK   00034_sp06_investigation_ledger.sql (41.79ms)
2026/10/06 10:10:31 OK   00035_sp06_admission_data_classes.sql (9.4ms)
2026/10/06 10:10:31 goose: successfully migrated database to version: 35
    archive_iam_test.go:42: owned TLS/IAM fixture image=docker.io/chrislusf/seaweedfs@sha256:d4cf67729aa8777e1a43a5b61d72e5b96179e4b7bac9a221cb14cbc2036cb32e id=8110018c4a440aca3f61c15b30b1a3fdad50c22e9ad5a297e81ccea256812adc bucket=sp05-golden-fd4c27c2 tenants=1
    sp05_official_observations_test.go:112: actual native official read report: {ProbeAvailable:true MetricAvailable:true PodMetricAvailable:false PodMetricDegraded:false Candidates:3 DegradedSources:[]} (Metrics availability is observed, never a performance measurement)
    sp05_official_observations_test.go:117: LIVE METRICS: actual authorized positive read; healthy samples correctly do not invent a firing Finding.
    sp05_official_observations_test.go:229: LIVE METRICS RECOVERY: actual Metrics-server -> fenced native Node UID/capacity -> official Inspection -> resolved Finding -> encrypted versioned Evidence readback. Previous firing was controlled protocol input; no live high-utilization or final cold delivery claim.
    sp05_official_observations_test.go:259: positive versioned Metrics transport Fixture -> real Node UID/auth fence -> unified Finding -> real Incident and immutable Evidence; Fixture thresholds do not prove live high-utilization symptoms
    sp05_official_observations_test.go:267: real OrbStack native Node/source -> official probe -> unified ingestion -> real PostgreSQL Incident and OpenBao/SeaweedFS archive; isolated HTTP 503/403 observation fault, real native recovery and source withdrawal; no shared API outage injected
    archive_iam_test.go:155: retained owned Archive fixture id=8110018c4a440aca3f61c15b30b1a3fdad50c22e9ad5a297e81ccea256812adc label=9662e4e2-aa1b-4eb0-b416-e4ce8845c37a bucket=sp05-golden-fd4c27c2 private-material-directory=/Users/mssc/.local/state/ops/pre-sp07-20261004/protected-integration-r43/archive-iam-2226952837; process stopped, no storage/identity deletion
    migrations_test.go:436: retained owned integration database=sp03_mig_8e226f0051cd4461922d9f1f22aa5b1d test=TestSP05OfficialObservationsActualOrbStackAndControlledProbeFailure reason=audit.records; no automatic protected cleanup
--- PASS: TestSP05OfficialObservationsActualOrbStackAndControlledProbeFailure (41.32s)
PASS
ok  	ops-platform/test/integration	42.566s
