contrib/AMQP-CPP lfs pointers 0
contrib/FP16 lfs pointers 0
contrib/NuRaft lfs pointers 0
contrib/SimSIMD lfs pointers 0
contrib/abseil-cpp lfs pointers 0
contrib/aklomp-base64 lfs pointers 0
contrib/annoy lfs pointers 0
contrib/arrow lfs pointers 0
contrib/avro lfs pointers 0
contrib/aws lfs pointers 0
contrib/aws-c-auth lfs pointers 0
contrib/aws-c-cal lfs pointers 0
contrib/aws-c-common lfs pointers 0
contrib/aws-c-compression lfs pointers 0
contrib/aws-c-event-stream lfs pointers 0
contrib/aws-c-http lfs pointers 0
contrib/aws-c-io lfs pointers 0
contrib/aws-c-mqtt lfs pointers 0
contrib/aws-c-s3 lfs pointers 0
contrib/aws-c-sdkutils lfs pointers 0
contrib/aws-checksums lfs pointers 0
contrib/aws-crt-cpp lfs pointers 0
contrib/aws-s2n-tls lfs pointers 0
contrib/azure lfs pointers 0
contrib/boost lfs pointers 0
contrib/boringssl lfs pointers 0
contrib/brotli lfs pointers 0
contrib/bzip2 lfs pointers 0
contrib/c-ares lfs pointers 0
contrib/capnproto lfs pointers 0
contrib/cassandra lfs pointers 0
contrib/cctz lfs pointers 0
contrib/cld2 lfs pointers 0
contrib/corrosion lfs pointers 0
contrib/cppkafka lfs pointers 0
contrib/crc32-s390x lfs pointers 0
contrib/crc32-vpmsum lfs pointers 0
contrib/croaring lfs pointers 0
contrib/curl lfs pointers 0
contrib/cyrus-sasl lfs pointers 0
contrib/datasketches-cpp lfs pointers 0
contrib/double-conversion lfs pointers 0
contrib/dragonbox lfs pointers 0
contrib/fast_float lfs pointers 0
contrib/fastops lfs pointers 0
contrib/flatbuffers lfs pointers 0
contrib/fmtlib lfs pointers 0
contrib/google-benchmark lfs pointers 0
contrib/google-protobuf lfs pointers 0
contrib/googletest lfs pointers 0
contrib/grpc lfs pointers 0
contrib/h3 lfs pointers 0
contrib/hive-metastore lfs pointers 0
contrib/icu lfs pointers 1
contrib/icudata lfs pointers 0
contrib/idxd-config lfs pointers 0
contrib/incbin lfs pointers 0
contrib/isa-l lfs pointers 0
contrib/jemalloc lfs pointers 0
contrib/krb5 lfs pointers 0
contrib/lemmagen-c lfs pointers 0
contrib/libarchive lfs pointers 0
contrib/libbcrypt lfs pointers 0
contrib/libcpuid lfs pointers 0
contrib/libdivide lfs pointers 0
contrib/libfiu lfs pointers 0
contrib/libgsasl lfs pointers 0
contrib/libhdfs3 lfs pointers 0
contrib/libpq lfs pointers 0
contrib/libpqxx lfs pointers 0
contrib/libprotobuf-mutator lfs pointers 0
contrib/librdkafka lfs pointers 0
contrib/libssh lfs pointers 0
contrib/libstemmer_c lfs pointers 0
contrib/libunwind lfs pointers 0
contrib/liburing lfs pointers 0
contrib/libuv lfs pointers 0
contrib/libxml2 lfs pointers 0
contrib/llvm-project lfs pointers 0
contrib/lz4 lfs pointers 0
contrib/magic_enum lfs pointers 0
contrib/mariadb-connector-c lfs pointers 0
contrib/miniselect lfs pointers 0
contrib/minizip-ng lfs pointers 0
contrib/morton-nd lfs pointers 0
contrib/msgpack-c lfs pointers 0
contrib/nanodbc lfs pointers 0
contrib/nats-io lfs pointers 0
contrib/nlp-data lfs pointers 0
contrib/openldap lfs pointers 0
contrib/openssl lfs pointers 0
contrib/orc lfs pointers 0
contrib/qpl lfs pointers 0
contrib/rapidjson lfs pointers 0
contrib/re2 lfs pointers 0
contrib/replxx lfs pointers 0
contrib/robin-map lfs pointers 0
contrib/rocksdb lfs pointers 0
contrib/s2geometry lfs pointers 0
contrib/sentry-native lfs pointers 0
contrib/simdjson lfs pointers 0
contrib/snappy lfs pointers 0
contrib/sparsehash-c11 lfs pointers 0
contrib/sqlite-amalgamation lfs pointers 0
contrib/sysroot lfs pointers 0
contrib/thrift lfs pointers 0
contrib/ulid-c lfs pointers 0
contrib/unixodbc lfs pointers 0
contrib/usearch lfs pointers 0
contrib/vectorscan lfs pointers 0
contrib/wordnet-blast lfs pointers 0
contrib/wyhash lfs pointers 0
contrib/xxHash lfs pointers 0
contrib/xz lfs pointers 0
contrib/yaml-cpp lfs pointers 0
contrib/zlib-ng lfs pointers 0
contrib/zstd lfs pointers 0
contrib/NuRaft/asio lfs pointers 0
contrib/arrow/cpp/submodules/parquet-testing lfs pointers 0
contrib/arrow/testing lfs pointers 0
contrib/aws-s2n-tls/tests/cbmc/aws-verification-model-for-libcrypto lfs pointers 0
contrib/cppkafka/third_party/Catch2 lfs pointers 0
contrib/google-protobuf/third_party/benchmark lfs pointers 0
contrib/google-protobuf/third_party/googletest lfs pointers 0
contrib/msgpack-c/external/boost/predef lfs pointers 0
contrib/msgpack-c/external/boost/preprocessor lfs pointers 0
contrib/nats-io/coveralls-cmake lfs pointers 0
contrib/qpl/tools/third-party/benchmark lfs pointers 0
contrib/qpl/tools/third-party/google-test lfs pointers 0
contrib/rapidjson/thirdparty/gtest lfs pointers 0
contrib/snappy/third_party/benchmark lfs pointers 0
contrib/snappy/third_party/googletest lfs pointers 0
contrib/usearch/fp16 lfs pointers 0
contrib/usearch/simsimd lfs pointers 0
Exact source audit completed; no admission PASS claimed
