contrib/librdkafka EXACT_ORIGINAL_SOURCE_PREPARED_REVIEW_PENDING
contrib/lz4 EXACT_ORIGINAL_SOURCE_PREPARED_REVIEW_PENDING
contrib/zstd EXACT_ORIGINAL_SOURCE_PREPARED_REVIEW_PENDING
contrib/cctz EXACT_ORIGINAL_SOURCE_PREPARED_REVIEW_PENDING
contrib/zlib-ng EXACT_ORIGINAL_SOURCE_PREPARED_REVIEW_PENDING
contrib/googletest EXACT_ORIGINAL_SOURCE_PREPARED_REVIEW_PENDING
contrib/re2 EXACT_ORIGINAL_SOURCE_PREPARED_REVIEW_PENDING
contrib/mariadb-connector-c EXACT_ORIGINAL_SOURCE_PREPARED_REVIEW_PENDING
contrib/jemalloc EXACT_ORIGINAL_SOURCE_PREPARED_REVIEW_PENDING
contrib/unixodbc EXACT_ORIGINAL_SOURCE_PREPARED_REVIEW_PENDING
contrib/capnproto EXACT_ORIGINAL_SOURCE_PREPARED_REVIEW_PENDING
contrib/boost EXACT_ORIGINAL_SOURCE_PREPARED_REVIEW_PENDING
contrib/arrow EXACT_ORIGINAL_SOURCE_PREPARED_REVIEW_PENDING
contrib/thrift EXACT_ORIGINAL_SOURCE_PREPARED_REVIEW_PENDING
contrib/libhdfs3 EXACT_ORIGINAL_SOURCE_PREPARED_REVIEW_PENDING
contrib/libxml2 EXACT_ORIGINAL_SOURCE_PREPARED_REVIEW_PENDING
contrib/double-conversion EXACT_ORIGINAL_SOURCE_PREPARED_REVIEW_PENDING
contrib/libgsasl EXACT_ORIGINAL_SOURCE_PREPARED_REVIEW_PENDING
contrib/snappy EXACT_ORIGINAL_SOURCE_PREPARED_REVIEW_PENDING
contrib/cppkafka EXACT_ORIGINAL_SOURCE_PREPARED_REVIEW_PENDING
contrib/brotli EXACT_ORIGINAL_SOURCE_PREPARED_REVIEW_PENDING
contrib/libunwind EXACT_ORIGINAL_SOURCE_PREPARED_REVIEW_PENDING
contrib/simdjson EXACT_ORIGINAL_SOURCE_PREPARED_REVIEW_PENDING
contrib/google-protobuf EXACT_ORIGINAL_SOURCE_PREPARED_REVIEW_PENDING
contrib/rapidjson EXACT_ORIGINAL_SOURCE_PREPARED_REVIEW_PENDING
contrib/fastops EXACT_ORIGINAL_SOURCE_PREPARED_REVIEW_PENDING
contrib/sparsehash-c11 EXACT_ORIGINAL_SOURCE_PREPARED_REVIEW_PENDING
contrib/orc EXACT_ORIGINAL_SOURCE_PREPARED_REVIEW_PENDING
contrib/h3 EXACT_ORIGINAL_SOURCE_PREPARED_REVIEW_PENDING
contrib/aws-c-event-stream EXACT_ORIGINAL_SOURCE_PREPARED_REVIEW_PENDING
contrib/grpc EXACT_ORIGINAL_SOURCE_PREPARED_REVIEW_PENDING
contrib/aws-c-common EXACT_ORIGINAL_SOURCE_PREPARED_REVIEW_PENDING
contrib/aws-checksums EXACT_ORIGINAL_SOURCE_PREPARED_REVIEW_PENDING
contrib/curl EXACT_ORIGINAL_SOURCE_PREPARED_REVIEW_PENDING
contrib/icudata EXACT_ORIGINAL_SOURCE_PREPARED_REVIEW_PENDING
contrib/flatbuffers EXACT_ORIGINAL_SOURCE_PREPARED_REVIEW_PENDING
contrib/replxx EXACT_ORIGINAL_SOURCE_PREPARED_REVIEW_PENDING
contrib/avro EXACT_ORIGINAL_SOURCE_PREPARED_REVIEW_PENDING
contrib/icu EXACT_ORIGINAL_SOURCE_PREPARED_REVIEW_PENDING
contrib/msgpack-c EXACT_ORIGINAL_SOURCE_PREPARED_REVIEW_PENDING
contrib/libcpuid EXACT_ORIGINAL_SOURCE_PREPARED_REVIEW_PENDING
contrib/AMQP-CPP EXACT_ORIGINAL_SOURCE_PREPARED_REVIEW_PENDING
contrib/aws EXACT_ORIGINAL_SOURCE_PREPARED_REVIEW_PENDING
contrib/libuv EXACT_ORIGINAL_SOURCE_PREPARED_REVIEW_PENDING
contrib/fmtlib EXACT_ORIGINAL_SOURCE_PREPARED_REVIEW_PENDING
contrib/sentry-native EXACT_ORIGINAL_SOURCE_PREPARED_REVIEW_PENDING
contrib/cassandra EXACT_ORIGINAL_SOURCE_PREPARED_REVIEW_PENDING
contrib/cyrus-sasl EXACT_ORIGINAL_SOURCE_PREPARED_REVIEW_PENDING
contrib/krb5 EXACT_ORIGINAL_SOURCE_PREPARED_REVIEW_PENDING
contrib/miniselect EXACT_ORIGINAL_SOURCE_PREPARED_REVIEW_PENDING
contrib/rocksdb EXACT_ORIGINAL_SOURCE_PREPARED_REVIEW_PENDING
contrib/xz EXACT_ORIGINAL_SOURCE_PREPARED_REVIEW_PENDING
contrib/abseil-cpp EXACT_ORIGINAL_SOURCE_PREPARED_REVIEW_PENDING
contrib/dragonbox EXACT_ORIGINAL_SOURCE_PREPARED_REVIEW_PENDING
contrib/fast_float EXACT_ORIGINAL_SOURCE_PREPARED_REVIEW_PENDING
contrib/libpq EXACT_ORIGINAL_SOURCE_PREPARED_REVIEW_PENDING
contrib/croaring EXACT_ORIGINAL_SOURCE_PREPARED_REVIEW_PENDING
contrib/NuRaft EXACT_ORIGINAL_SOURCE_PREPARED_REVIEW_PENDING
contrib/boringssl EXACT_ORIGINAL_SOURCE_PREPARED_REVIEW_PENDING
contrib/datasketches-cpp EXACT_ORIGINAL_SOURCE_PREPARED_REVIEW_PENDING
contrib/openldap EXACT_ORIGINAL_SOURCE_PREPARED_REVIEW_PENDING
contrib/nanodbc EXACT_ORIGINAL_SOURCE_PREPARED_REVIEW_PENDING
contrib/libstemmer_c EXACT_ORIGINAL_SOURCE_PREPARED_REVIEW_PENDING
contrib/yaml-cpp EXACT_ORIGINAL_SOURCE_PREPARED_REVIEW_PENDING
contrib/wordnet-blast EXACT_ORIGINAL_SOURCE_PREPARED_REVIEW_PENDING
contrib/libpqxx EXACT_ORIGINAL_SOURCE_PREPARED_REVIEW_PENDING
contrib/lemmagen-c EXACT_ORIGINAL_SOURCE_PREPARED_REVIEW_PENDING
contrib/sqlite-amalgamation EXACT_ORIGINAL_SOURCE_PREPARED_REVIEW_PENDING
contrib/s2geometry EXACT_ORIGINAL_SOURCE_PREPARED_REVIEW_PENDING
contrib/bzip2 EXACT_ORIGINAL_SOURCE_PREPARED_REVIEW_PENDING
contrib/libprotobuf-mutator EXACT_ORIGINAL_SOURCE_PREPARED_REVIEW_PENDING
contrib/magic_enum EXACT_ORIGINAL_SOURCE_PREPARED_REVIEW_PENDING
contrib/nlp-data EXACT_ORIGINAL_SOURCE_PREPARED_REVIEW_PENDING
contrib/hive-metastore EXACT_ORIGINAL_SOURCE_PREPARED_REVIEW_PENDING
contrib/azure EXACT_ORIGINAL_SOURCE_PREPARED_REVIEW_PENDING
contrib/minizip-ng EXACT_ORIGINAL_SOURCE_PREPARED_REVIEW_PENDING
contrib/annoy EXACT_ORIGINAL_SOURCE_PREPARED_REVIEW_PENDING
contrib/qpl EXACT_ORIGINAL_SOURCE_PREPARED_REVIEW_PENDING
contrib/sysroot EXACT_ORIGINAL_SOURCE_PREPARED_REVIEW_PENDING
contrib/idxd-config EXACT_ORIGINAL_SOURCE_PREPARED_REVIEW_PENDING
contrib/wyhash EXACT_ORIGINAL_SOURCE_PREPARED_REVIEW_PENDING
contrib/nats-io EXACT_ORIGINAL_SOURCE_PREPARED_REVIEW_PENDING
contrib/vectorscan EXACT_ORIGINAL_SOURCE_PREPARED_REVIEW_PENDING
contrib/corrosion EXACT_ORIGINAL_SOURCE_PREPARED_REVIEW_PENDING
contrib/libssh EXACT_ORIGINAL_SOURCE_PREPARED_REVIEW_PENDING
contrib/morton-nd EXACT_ORIGINAL_SOURCE_PREPARED_REVIEW_PENDING
contrib/xxHash EXACT_ORIGINAL_SOURCE_PREPARED_REVIEW_PENDING
contrib/crc32-s390x EXACT_ORIGINAL_SOURCE_PREPARED_REVIEW_PENDING
contrib/openssl EXACT_ORIGINAL_SOURCE_PREPARED_REVIEW_PENDING
contrib/google-benchmark EXACT_ORIGINAL_SOURCE_PREPARED_REVIEW_PENDING
contrib/libdivide EXACT_ORIGINAL_SOURCE_PREPARED_REVIEW_PENDING
contrib/libbcrypt EXACT_ORIGINAL_SOURCE_PREPARED_REVIEW_PENDING
contrib/ulid-c EXACT_ORIGINAL_SOURCE_PREPARED_REVIEW_PENDING
contrib/cld2 EXACT_ORIGINAL_SOURCE_PREPARED_REVIEW_PENDING
contrib/aws-crt-cpp EXACT_ORIGINAL_SOURCE_PREPARED_REVIEW_PENDING
contrib/aws-c-io EXACT_ORIGINAL_SOURCE_PREPARED_REVIEW_PENDING
contrib/aws-c-mqtt EXACT_ORIGINAL_SOURCE_PREPARED_REVIEW_PENDING
contrib/aws-c-auth EXACT_ORIGINAL_SOURCE_PREPARED_REVIEW_PENDING
contrib/aws-c-sdkutils EXACT_ORIGINAL_SOURCE_PREPARED_REVIEW_PENDING
contrib/llvm-project EXACT_ORIGINAL_SOURCE_PREPARED_REVIEW_PENDING
contrib/aws-c-s3 EXACT_ORIGINAL_SOURCE_PREPARED_REVIEW_PENDING
contrib/aws-c-http EXACT_ORIGINAL_SOURCE_PREPARED_REVIEW_PENDING
contrib/aws-c-compression EXACT_ORIGINAL_SOURCE_PREPARED_REVIEW_PENDING
contrib/crc32-vpmsum EXACT_ORIGINAL_SOURCE_PREPARED_REVIEW_PENDING
contrib/liburing EXACT_ORIGINAL_SOURCE_PREPARED_REVIEW_PENDING
contrib/aws-c-cal EXACT_ORIGINAL_SOURCE_PREPARED_REVIEW_PENDING
contrib/libfiu EXACT_ORIGINAL_SOURCE_PREPARED_REVIEW_PENDING
contrib/libarchive EXACT_ORIGINAL_SOURCE_PREPARED_REVIEW_PENDING
contrib/isa-l EXACT_ORIGINAL_SOURCE_PREPARED_REVIEW_PENDING
contrib/c-ares EXACT_ORIGINAL_SOURCE_PREPARED_REVIEW_PENDING
contrib/incbin EXACT_ORIGINAL_SOURCE_PREPARED_REVIEW_PENDING
contrib/usearch EXACT_ORIGINAL_SOURCE_PREPARED_REVIEW_PENDING
contrib/SimSIMD EXACT_ORIGINAL_SOURCE_PREPARED_REVIEW_PENDING
contrib/FP16 EXACT_ORIGINAL_SOURCE_PREPARED_REVIEW_PENDING
contrib/aklomp-base64 EXACT_ORIGINAL_SOURCE_PREPARED_REVIEW_PENDING
contrib/robin-map EXACT_ORIGINAL_SOURCE_PREPARED_REVIEW_PENDING
contrib/aws-s2n-tls EXACT_ORIGINAL_SOURCE_PREPARED_REVIEW_PENDING
Exact source preparation complete; full recursive closure and admission require separate verification
