python3 scripts/check-generated.py "go" gen web/src/api/generated internal/persistence/dbgen
$ orval --config ./orval.config.ts
🍻 orval v8.37.0 - A swagger client generator for typescript
platform - 🎉 Smart Operations Platform API - Your OpenAPI spec has been converted into ready to use orval!
python3 scripts/prepare-runtime-source.py --check
{"modules": 79, "selectedModuleFiles": 2419, "standardLibraryFiles": 1332, "sourceBundleSHA256": "sha256:afb124b95c9ec9e3687eac5cc7d1a5435b66018447abb201546e5dd7d8341e8a"}
go vet ./...
?   	ops-platform/api	[no test files]
?   	ops-platform/artifacts	[no test files]
?   	ops-platform/artifacts/task27-materials/sp010203-bao-operator	[no test files]
?   	ops-platform/artifacts/task27-materials/sp010203-cleanup-operator	[no test files]
?   	ops-platform/artifacts/task27-materials/sp010203-live-runtime-probe	[no test files]
?   	ops-platform/artifacts/task27-materials/sp010203-operator-helper	[no test files]
?   	ops-platform/artifacts/task27-materials/sp010203-role-probe	[no test files]
?   	ops-platform/bundle	[no test files]
?   	ops-platform/cmd/db-migrate	[no test files]
ok  	ops-platform/cmd/opsctl	16.025s
?   	ops-platform/cmd/platform-api	[no test files]
?   	ops-platform/cmd/platform-worker	[no test files]
?   	ops-platform/gen/api	[no test files]
ok  	ops-platform/internal/app	0.801s
ok  	ops-platform/internal/archive	1.192s
ok  	ops-platform/internal/audit	(cached)
ok  	ops-platform/internal/auth	(cached)
ok  	ops-platform/internal/bundle	19.815s
ok  	ops-platform/internal/bundle/drivers	(cached)
ok  	ops-platform/internal/configregistry	(cached)
?   	ops-platform/internal/contract	[no test files]
ok  	ops-platform/internal/crypto	(cached)
ok  	ops-platform/internal/httpapi	1.952s
?   	ops-platform/internal/integrations	[no test files]
ok  	ops-platform/internal/integrations/keycloak	(cached)
ok  	ops-platform/internal/integrations/openbao	(cached)
ok  	ops-platform/internal/integrations/s3	(cached)
?   	ops-platform/internal/integrations/victorialogs	[no test files]
?   	ops-platform/internal/integrations/victoriametrics	[no test files]
?   	ops-platform/internal/integrations/vmalert	[no test files]
ok  	ops-platform/internal/observability	2.767s
ok  	ops-platform/internal/persistence	(cached)
?   	ops-platform/internal/persistence/dbgen	[no test files]
ok  	ops-platform/internal/policy	(cached)
ok  	ops-platform/internal/profile	(cached)
ok  	ops-platform/internal/source	3.312s
ok  	ops-platform/internal/supplychain	(cached)
?   	ops-platform/internal/tenant	[no test files]
?   	ops-platform/policies	[no test files]
ok  	ops-platform/test/contract	25.707s
ok  	ops-platform/test/e2e	(cached)
?   	ops-platform/test/fixtures/upstream-inspection	[no test files]
--- FAIL: TestMigrationScriptsAreForwardOnlyAndContiguous (0.00s)
    migrations_test.go:42: migration 00017_source_data_scope.sql must provide only a forward Goose Up section
FAIL
FAIL	ops-platform/test/integration	9.732s
ok  	ops-platform/test/security	(cached)
FAIL
make: *** [test-unit] Error 1
