python3 scripts/check-generated.py "go" gen web/src/api/generated internal/persistence/dbgen
python3 scripts/prepare-runtime-source.py --check
✓ Lockfile passes supply-chain policies (verified 4d ago)
Lockfile is up to date, resolution step is skipped
Already up to date
Done in 87ms using pnpm v12.7.0
$ orval --config ./orval.config.ts
🍻 orval v8.37.0 - A swagger client generator for typescript
platform - 🎉 Smart Operations Platform API - Your OpenAPI spec has been converted into ready to use orval!
go vet ./...
{"modules": 79, "selectedModuleFiles": 2419, "standardLibraryFiles": 1332, "sourceBundleSHA256": "sha256:afb124b95c9ec9e3687eac5cc7d1a5435b66018447abb201546e5dd7d8341e8a"}
?   	ops-platform/api	[no test files]
?   	ops-platform/artifacts	[no test files]
?   	ops-platform/artifacts/task27-materials/sp010203-bao-operator	[no test files]
?   	ops-platform/artifacts/task27-materials/sp010203-cleanup-operator	[no test files]
?   	ops-platform/artifacts/task27-materials/sp010203-live-runtime-probe	[no test files]
?   	ops-platform/artifacts/task27-materials/sp010203-operator-helper	[no test files]
?   	ops-platform/artifacts/task27-materials/sp010203-role-probe	[no test files]
?   	ops-platform/bundle	[no test files]
?   	ops-platform/cmd/db-migrate	[no test files]
ok  	ops-platform/cmd/opsctl	(cached)
?   	ops-platform/cmd/platform-api	[no test files]
?   	ops-platform/cmd/platform-worker	[no test files]
?   	ops-platform/gen/api	[no test files]
ok  	ops-platform/internal/app	(cached)
ok  	ops-platform/internal/archive	(cached)
ok  	ops-platform/internal/audit	(cached)
ok  	ops-platform/internal/auth	(cached)
ok  	ops-platform/internal/bundle	(cached)
ok  	ops-platform/internal/bundle/drivers	(cached)
ok  	ops-platform/internal/configregistry	(cached)
?   	ops-platform/internal/contract	[no test files]
ok  	ops-platform/internal/crypto	(cached)
ok  	ops-platform/internal/httpapi	(cached)
?   	ops-platform/internal/integrations	[no test files]
ok  	ops-platform/internal/integrations/keycloak	(cached)
ok  	ops-platform/internal/integrations/openbao	(cached)
ok  	ops-platform/internal/integrations/s3	(cached)
?   	ops-platform/internal/integrations/victorialogs	[no test files]
?   	ops-platform/internal/integrations/victoriametrics	[no test files]
?   	ops-platform/internal/integrations/vmalert	[no test files]
ok  	ops-platform/internal/observability	(cached)
ok  	ops-platform/internal/persistence	(cached)
?   	ops-platform/internal/persistence/dbgen	[no test files]
ok  	ops-platform/internal/policy	(cached)
ok  	ops-platform/internal/profile	(cached)
ok  	ops-platform/internal/source	(cached)
ok  	ops-platform/internal/supplychain	(cached)
?   	ops-platform/internal/tenant	[no test files]
?   	ops-platform/policies	[no test files]
ok  	ops-platform/test/contract	31.937s
ok  	ops-platform/test/e2e	(cached)
?   	ops-platform/test/fixtures/upstream-inspection	[no test files]
ok  	ops-platform/test/integration	10.802s
ok  	ops-platform/test/security	(cached)
$ node --experimental-strip-types --test ./test/*.test.mjs
✔ typed SSE reader yields a decoded envelope before the stream closes (26.162666ms)
✔ typed SSE fetch client requests and parses text/event-stream (11.087167ms)
✔ typed SSE envelope decoder rejects incomplete event data (0.305625ms)
ℹ tests 3
ℹ suites 0
ℹ pass 3
ℹ fail 0
ℹ cancelled 0
ℹ skipped 0
ℹ todo 0
ℹ duration_ms 83.896958
ok  	ops-platform/test/contract	30.510s
