=== RUN   TestIdempotencyLedgerSchema
2026/09/30 23:45:31 OK   00001_roles_and_schemas.sql (17.04ms)
2026/09/30 23:45:31 goose: successfully migrated database to version: 1
2026/09/30 23:45:31 OK   00002_platform_meta.sql (13.92ms)
2026/09/30 23:45:31 OK   00003_finding.sql (5.71ms)
2026/09/30 23:45:31 OK   00004_incident.sql (4.66ms)
2026/09/30 23:45:31 OK   00005_investigation.sql (4.22ms)
2026/09/30 23:45:31 OK   00006_action_command.sql (3.74ms)
2026/09/30 23:45:31 OK   00007_audit.sql (7.65ms)
2026/09/30 23:45:31 OK   00008_rls.sql (6.36ms)
2026/09/30 23:45:31 OK   00009_idempotency_ledger.sql (5.06ms)
2026/09/30 23:45:31 OK   00010_tenant_provisioning.sql (2.76ms)
2026/09/30 23:45:31 OK   00011_source_registration_history.sql (5.01ms)
2026/09/30 23:45:31 OK   00012_config_registry_lifecycle.sql (8.67ms)
2026/09/30 23:45:31 OK   00013_audit_signed_segments.sql (8.6ms)
2026/09/30 23:45:31 goose: successfully migrated database to version: 13
--- PASS: TestIdempotencyLedgerSchema (0.23s)
=== RUN   TestIdempotencyLedger
2026/09/30 23:45:31 OK   00001_roles_and_schemas.sql (6.65ms)
2026/09/30 23:45:31 goose: successfully migrated database to version: 1
2026/09/30 23:45:31 OK   00002_platform_meta.sql (13.38ms)
2026/09/30 23:45:31 OK   00003_finding.sql (4.99ms)
2026/09/30 23:45:31 OK   00004_incident.sql (3.59ms)
2026/09/30 23:45:31 OK   00005_investigation.sql (5.99ms)
2026/09/30 23:45:31 OK   00006_action_command.sql (3.83ms)
2026/09/30 23:45:31 OK   00007_audit.sql (6.56ms)
2026/09/30 23:45:31 OK   00008_rls.sql (7.96ms)
2026/09/30 23:45:31 OK   00009_idempotency_ledger.sql (4.5ms)
2026/09/30 23:45:31 OK   00010_tenant_provisioning.sql (2.47ms)
2026/09/30 23:45:31 OK   00011_source_registration_history.sql (4.11ms)
2026/09/30 23:45:31 OK   00012_config_registry_lifecycle.sql (6.07ms)
2026/09/30 23:45:31 OK   00013_audit_signed_segments.sql (7.38ms)
2026/09/30 23:45:31 goose: successfully migrated database to version: 13
--- PASS: TestIdempotencyLedger (0.33s)
=== RUN   TestIdempotencyHTTPMiddleware
2026/09/30 23:45:31 OK   00001_roles_and_schemas.sql (6.86ms)
2026/09/30 23:45:31 goose: successfully migrated database to version: 1
2026/09/30 23:45:31 OK   00002_platform_meta.sql (23.49ms)
2026/09/30 23:45:31 OK   00003_finding.sql (5.79ms)
2026/09/30 23:45:31 OK   00004_incident.sql (4.19ms)
2026/09/30 23:45:31 OK   00005_investigation.sql (4.2ms)
2026/09/30 23:45:31 OK   00006_action_command.sql (4.3ms)
2026/09/30 23:45:31 OK   00007_audit.sql (6.77ms)
2026/09/30 23:45:31 OK   00008_rls.sql (18.37ms)
2026/09/30 23:45:31 OK   00009_idempotency_ledger.sql (8.17ms)
2026/09/30 23:45:31 OK   00010_tenant_provisioning.sql (2.73ms)
2026/09/30 23:45:31 OK   00011_source_registration_history.sql (4.65ms)
2026/09/30 23:45:31 OK   00012_config_registry_lifecycle.sql (7.08ms)
2026/09/30 23:45:31 OK   00013_audit_signed_segments.sql (7.78ms)
2026/09/30 23:45:31 goose: successfully migrated database to version: 13
--- PASS: TestIdempotencyHTTPMiddleware (0.20s)
=== RUN   TestMigrationsAndRoles
2026/09/30 23:45:31 OK   00001_roles_and_schemas.sql (6.2ms)
2026/09/30 23:45:31 goose: successfully migrated database to version: 1
2026/09/30 23:45:31 OK   00002_platform_meta.sql (12.6ms)
2026/09/30 23:45:31 OK   00003_finding.sql (5.14ms)
2026/09/30 23:45:31 OK   00004_incident.sql (3.64ms)
2026/09/30 23:45:31 OK   00005_investigation.sql (4.06ms)
2026/09/30 23:45:31 OK   00006_action_command.sql (3.87ms)
2026/09/30 23:45:31 OK   00007_audit.sql (5.84ms)
2026/09/30 23:45:31 OK   00008_rls.sql (5.59ms)
2026/09/30 23:45:31 OK   00009_idempotency_ledger.sql (4.47ms)
2026/09/30 23:45:31 OK   00010_tenant_provisioning.sql (3.2ms)
2026/09/30 23:45:31 OK   00011_source_registration_history.sql (4.16ms)
2026/09/30 23:45:31 OK   00012_config_registry_lifecycle.sql (6.06ms)
2026/09/30 23:45:31 OK   00013_audit_signed_segments.sql (7.32ms)
2026/09/30 23:45:31 goose: successfully migrated database to version: 13
--- PASS: TestMigrationsAndRoles (0.25s)
=== RUN   TestMigrationsUpgradeVersionOneData
2026/09/30 23:45:32 OK   00001_roles_and_schemas.sql (7.78ms)
2026/09/30 23:45:32 goose: successfully migrated database to version: 1
2026/09/30 23:45:32 OK   00002_platform_meta.sql (18.31ms)
2026/09/30 23:45:32 OK   00003_finding.sql (6.04ms)
2026/09/30 23:45:32 OK   00004_incident.sql (4.03ms)
2026/09/30 23:45:32 OK   00005_investigation.sql (4.6ms)
2026/09/30 23:45:32 OK   00006_action_command.sql (4.73ms)
2026/09/30 23:45:32 OK   00007_audit.sql (7.16ms)
2026/09/30 23:45:32 OK   00008_rls.sql (8.89ms)
2026/09/30 23:45:32 OK   00009_idempotency_ledger.sql (5.88ms)
2026/09/30 23:45:32 OK   00010_tenant_provisioning.sql (3.53ms)
2026/09/30 23:45:32 OK   00011_source_registration_history.sql (6.03ms)
2026/09/30 23:45:32 OK   00012_config_registry_lifecycle.sql (8.57ms)
2026/09/30 23:45:32 OK   00013_audit_signed_segments.sql (12.63ms)
2026/09/30 23:45:32 goose: successfully migrated database to version: 13
--- PASS: TestMigrationsUpgradeVersionOneData (0.19s)
=== RUN   TestWithTenantTxIsolatesTenantsAndUsesAppendOnlyAudit
2026/09/30 23:45:32 OK   00001_roles_and_schemas.sql (6.47ms)
2026/09/30 23:45:32 goose: successfully migrated database to version: 1
2026/09/30 23:45:32 OK   00002_platform_meta.sql (13.15ms)
2026/09/30 23:45:32 OK   00003_finding.sql (5.66ms)
2026/09/30 23:45:32 OK   00004_incident.sql (3.73ms)
2026/09/30 23:45:32 OK   00005_investigation.sql (4.17ms)
2026/09/30 23:45:32 OK   00006_action_command.sql (4.23ms)
2026/09/30 23:45:32 OK   00007_audit.sql (6.67ms)
2026/09/30 23:45:32 OK   00008_rls.sql (7.88ms)
2026/09/30 23:45:32 OK   00009_idempotency_ledger.sql (9.74ms)
2026/09/30 23:45:32 OK   00010_tenant_provisioning.sql (131.26ms)
2026/09/30 23:45:32 OK   00011_source_registration_history.sql (28.72ms)
2026/09/30 23:45:32 OK   00012_config_registry_lifecycle.sql (11.35ms)
2026/09/30 23:45:32 OK   00013_audit_signed_segments.sql (10.02ms)
2026/09/30 23:45:32 goose: successfully migrated database to version: 13
--- PASS: TestWithTenantTxIsolatesTenantsAndUsesAppendOnlyAudit (0.34s)
PASS
ok  	ops-platform/test/integration	2.417s
