=== RUN   TestKeycloakAuthorizationCodePKCEAndStepUp
2026/10/01 08:59:00 OK   00001_roles_and_schemas.sql (8.89ms)
2026/10/01 08:59:00 goose: successfully migrated database to version: 1
2026/10/01 08:59:00 OK   00002_platform_meta.sql (17ms)
2026/10/01 08:59:00 OK   00003_finding.sql (10.18ms)
2026/10/01 08:59:00 OK   00004_incident.sql (5.33ms)
2026/10/01 08:59:00 OK   00005_investigation.sql (5.35ms)
2026/10/01 08:59:00 OK   00006_action_command.sql (4.92ms)
2026/10/01 08:59:00 OK   00007_audit.sql (8.01ms)
2026/10/01 08:59:00 OK   00008_rls.sql (9.14ms)
2026/10/01 08:59:00 OK   00009_idempotency_ledger.sql (6.42ms)
2026/10/01 08:59:00 OK   00010_tenant_provisioning.sql (3.98ms)
2026/10/01 08:59:00 OK   00011_source_registration_history.sql (10.25ms)
2026/10/01 08:59:00 OK   00012_config_registry_lifecycle.sql (8.83ms)
2026/10/01 08:59:00 OK   00013_audit_signed_segments.sql (9.7ms)
2026/10/01 08:59:00 OK   00014_audit_segment_predecessors.sql (5.05ms)
2026/10/01 08:59:00 goose: successfully migrated database to version: 14
{"time":"2026-10-01T08:59:00.439975+08:00","level":"INFO","msg":"http request complete","request_id":"01a0f4f8-c9cf-7a0a-8616-e3a3d6fc05c9","trace_id":"4bf92f3577b34da6a3ce929d0e0e4736","span_id":"9ca6b66cd1d03855","method":"GET","status_code":200,"duration_ms":8}
{"time":"2026-10-01T08:59:00.442254+08:00","level":"INFO","msg":"http request complete","request_id":"01a0f4f8-c9d8-72b3-a764-cacd4fa42da4","trace_id":"4bf92f3577b34da6a3ce929d0e0e4736","span_id":"4c5ba7c911d2940f","method":"GET","status_code":200,"duration_ms":2}
{"time":"2026-10-01T08:59:00.444588+08:00","level":"INFO","msg":"http request complete","request_id":"01a0f4f8-c9da-75d0-b5e0-d0c77cab8e67","trace_id":"4bf92f3577b34da6a3ce929d0e0e4736","span_id":"4634199239e79a97","method":"GET","status_code":200,"duration_ms":2}
{"time":"2026-10-01T08:59:00.4467+08:00","level":"INFO","msg":"http request complete","request_id":"01a0f4f8-c9dc-7b5a-8040-105c2a9d94bd","trace_id":"4bf92f3577b34da6a3ce929d0e0e4736","span_id":"5ba6649dd0ce2754","method":"GET","status_code":200,"duration_ms":1}
{"time":"2026-10-01T08:59:00.448353+08:00","level":"INFO","msg":"http request complete","request_id":"01a0f4f8-c9de-7cf8-8596-13381d7e0f67","trace_id":"4bf92f3577b34da6a3ce929d0e0e4736","span_id":"774c6fe55bdcf77f","method":"GET","status_code":200,"duration_ms":1}
{"time":"2026-10-01T08:59:00.450071+08:00","level":"INFO","msg":"http request complete","request_id":"01a0f4f8-c9e0-7708-9968-6692a2a3a64b","trace_id":"4bf92f3577b34da6a3ce929d0e0e4736","span_id":"c7da94c7b1ee9661","method":"GET","status_code":200,"duration_ms":1}
{"time":"2026-10-01T08:59:00.459044+08:00","level":"INFO","msg":"http request complete","request_id":"01a0f4f8-c9e2-7324-9138-17646e827e9e","trace_id":"cf0405ed79dcf5ffec92be0dccb61a4d","span_id":"1f13bfe5eb9d5af6","method":"POST","status_code":201,"duration_ms":8}
{"time":"2026-10-01T08:59:00.463023+08:00","level":"INFO","msg":"http request complete","request_id":"01a0f4f8-c9eb-73b9-856d-28009c63306a","trace_id":"bd3469a64bdec11137446a64f9dfec72","span_id":"7b7e9c442b28b397","method":"POST","status_code":201,"duration_ms":3}
    keycloak_test.go:155: actual APIApp served six management routes and replayed claim-bound step-up using real Keycloak JWT and distinct database login
{"time":"2026-10-01T08:59:00.463746+08:00","level":"WARN","msg":"trace export failed","signal":"traces"}
{"time":"2026-10-01T08:59:00.465561+08:00","level":"INFO","msg":"http request complete","request_id":"01a0f4f8-c9ef-7c5f-8e0e-2917976b8e77","trace_id":"6214d0686ac066415143a87de0856048","span_id":"3187652e0ae26944","method":"GET","status_code":200,"duration_ms":1}
    keycloak_test.go:155: actual OTLP connection refusal reported degradation; authenticated management read continued
    keycloak_test.go:155: actual authenticated API stdout collected and queried in isolated VictoriaLogs
--- PASS: TestKeycloakAuthorizationCodePKCEAndStepUp (11.64s)
=== RUN   TestRealVictoriaMetricsScrapesPlatformProcessMetric
--- PASS: TestRealVictoriaMetricsScrapesPlatformProcessMetric (0.01s)
=== RUN   TestRealVictoriaLogsAcceptsStructuredPlatformStdout
--- PASS: TestRealVictoriaLogsAcceptsStructuredPlatformStdout (1.01s)
PASS
ok  	ops-platform/test/integration	13.740s
