/Users/mssc/go/pkg/mod/github.com/open-policy-agent/opa@v1.21.0/cmd/bench.go:31:2: missing go.sum entry for module providing package github.com/olekukonko/tablewriter (imported by github.com/open-policy-agent/opa/cmd); to add:
	go get github.com/open-policy-agent/opa/cmd@v1.21.0
/Users/mssc/go/pkg/mod/github.com/open-policy-agent/opa@v1.21.0/cmd/bench.go:22:2: missing go.sum entry for module providing package github.com/olekukonko/tablewriter/tw (imported by github.com/open-policy-agent/opa/cmd); to add:
	go get github.com/open-policy-agent/opa/cmd@v1.21.0
/Users/mssc/go/pkg/mod/github.com/open-policy-agent/opa@v1.21.0/cmd/internal/env/env.go:9:2: missing go.sum entry for module providing package github.com/spf13/viper (imported by github.com/open-policy-agent/opa/cmd/internal/env); to add:
	go get github.com/open-policy-agent/opa/cmd/internal/env@v1.21.0
/Users/mssc/go/pkg/mod/github.com/open-policy-agent/opa@v1.21.0/v1/plugins/rest/aws.go:27:2: missing go.sum entry for module providing package gopkg.in/ini.v1 (imported by github.com/open-policy-agent/opa/v1/plugins/rest); to add:
	go get github.com/open-policy-agent/opa/v1/plugins/rest@v1.21.0
/Users/mssc/go/pkg/mod/github.com/open-policy-agent/opa@v1.21.0/v1/download/oci_download.go:21:2: missing go.sum entry for module providing package github.com/opencontainers/image-spec/specs-go/v1 (imported by github.com/open-policy-agent/opa/v1/download); to add:
	go get github.com/open-policy-agent/opa/v1/download@v1.21.0
/Users/mssc/go/pkg/mod/github.com/open-policy-agent/opa@v1.21.0/v1/download/oci_download.go:22:2: missing go.sum entry for module providing package oras.land/oras-go/v2 (imported by github.com/open-policy-agent/opa/v1/download); to add:
	go get github.com/open-policy-agent/opa/v1/download@v1.21.0
/Users/mssc/go/pkg/mod/github.com/open-policy-agent/opa@v1.21.0/v1/download/oci_download.go:23:2: missing go.sum entry for module providing package oras.land/oras-go/v2/content/oci (imported by github.com/open-policy-agent/opa/v1/download); to add:
	go get github.com/open-policy-agent/opa/v1/download@v1.21.0
/Users/mssc/go/pkg/mod/github.com/open-policy-agent/opa@v1.21.0/v1/download/oci_download.go:24:2: missing go.sum entry for module providing package oras.land/oras-go/v2/registry (imported by github.com/open-policy-agent/opa/v1/download); to add:
	go get github.com/open-policy-agent/opa/v1/download@v1.21.0
/Users/mssc/go/pkg/mod/github.com/open-policy-agent/opa@v1.21.0/v1/download/oci_download.go:25:2: missing go.sum entry for module providing package oras.land/oras-go/v2/registry/remote/auth (imported by github.com/open-policy-agent/opa/v1/download); to add:
	go get github.com/open-policy-agent/opa/v1/download@v1.21.0
/Users/mssc/go/pkg/mod/github.com/open-policy-agent/opa@v1.21.0/v1/server/server.go:29:2: missing go.sum entry for module providing package github.com/hashicorp/golang-lru/v2 (imported by github.com/open-policy-agent/opa/v1/server); to add:
	go get github.com/open-policy-agent/opa/v1/server@v1.21.0
/Users/mssc/go/pkg/mod/github.com/open-policy-agent/opa@v1.21.0/internal/ucast/ucast.go:12:2: missing go.sum entry for module providing package github.com/huandu/go-sqlbuilder (imported by github.com/open-policy-agent/opa/internal/ucast); to add:
	go get github.com/open-policy-agent/opa/internal/ucast@v1.21.0
/Users/mssc/go/pkg/mod/github.com/open-policy-agent/opa@v1.21.0/v1/plugins/logs/eventBuffer.go:19:2: missing go.sum entry for module providing package golang.org/x/time/rate (imported by github.com/open-policy-agent/opa/v1/plugins/logs); to add:
	go get github.com/open-policy-agent/opa/v1/plugins/logs@v1.21.0
/Users/mssc/go/pkg/mod/github.com/open-policy-agent/opa@v1.21.0/internal/presentation/presentation.go:20:2: missing go.sum entry for module providing package github.com/olekukonko/tablewriter/renderer (imported by github.com/open-policy-agent/opa/internal/presentation); to add:
	go get github.com/open-policy-agent/opa/internal/presentation@v1.21.0
/Users/mssc/go/pkg/mod/github.com/open-policy-agent/opa@v1.21.0/v1/features/tracing/tracing.go:12:2: missing go.sum entry for module providing package go.opentelemetry.io/contrib/instrumentation/net/http/otelhttp (imported by github.com/open-policy-agent/opa/v1/runtime); to add:
	go get github.com/open-policy-agent/opa/v1/runtime@v1.21.0
/Users/mssc/go/pkg/mod/github.com/open-policy-agent/opa@v1.21.0/internal/distributedtracing/distributedtracing.go:21:2: missing go.sum entry for module providing package go.opentelemetry.io/otel/exporters/otlp/otlptrace/otlptracegrpc (imported by github.com/open-policy-agent/opa/internal/distributedtracing); to add:
	go get github.com/open-policy-agent/opa/internal/distributedtracing@v1.21.0
/Users/mssc/go/pkg/mod/github.com/open-policy-agent/opa@v1.21.0/internal/metricsexport/metricsexport.go:16:2: missing go.sum entry for module providing package go.opentelemetry.io/contrib/bridges/prometheus (imported by github.com/open-policy-agent/opa/internal/metricsexport); to add:
	go get github.com/open-policy-agent/opa/internal/metricsexport@v1.21.0
/Users/mssc/go/pkg/mod/github.com/open-policy-agent/opa@v1.21.0/internal/metricsexport/metricsexport.go:17:2: missing go.sum entry for module providing package go.opentelemetry.io/otel/exporters/otlp/otlpmetric/otlpmetricgrpc (imported by github.com/open-policy-agent/opa/internal/metricsexport); to add:
	go get github.com/open-policy-agent/opa/internal/metricsexport@v1.21.0
/Users/mssc/go/pkg/mod/github.com/open-policy-agent/opa@v1.21.0/internal/metricsexport/metricsexport.go:18:2: missing go.sum entry for module providing package go.opentelemetry.io/otel/exporters/otlp/otlpmetric/otlpmetrichttp (imported by github.com/open-policy-agent/opa/internal/metricsexport); to add:
	go get github.com/open-policy-agent/opa/internal/metricsexport@v1.21.0
/Users/mssc/go/pkg/mod/github.com/open-policy-agent/opa@v1.21.0/v1/repl/repl.go:25:2: missing go.sum entry for module providing package github.com/reeflective/readline (imported by github.com/open-policy-agent/opa/v1/repl); to add:
	go get github.com/open-policy-agent/opa/v1/repl@v1.21.0
/Users/mssc/go/pkg/mod/github.com/open-policy-agent/opa@v1.21.0/v1/repl/repl.go:26:2: missing go.sum entry for module providing package github.com/reeflective/readline/inputrc (imported by github.com/open-policy-agent/opa/v1/repl); to add:
	go get github.com/open-policy-agent/opa/v1/repl@v1.21.0
