=== RUN   TestAuditSegmentsAppendConcurrentlyRecoverAndVerifyTenantScoped
2026/10/01 08:56:50 OK   00001_roles_and_schemas.sql (18.01ms)
2026/10/01 08:56:50 goose: successfully migrated database to version: 1
2026/10/01 08:56:50 OK   00002_platform_meta.sql (15.55ms)
2026/10/01 08:56:50 OK   00003_finding.sql (6.56ms)
2026/10/01 08:56:50 OK   00004_incident.sql (4.91ms)
2026/10/01 08:56:50 OK   00005_investigation.sql (4.4ms)
2026/10/01 08:56:50 OK   00006_action_command.sql (3.98ms)
2026/10/01 08:56:50 OK   00007_audit.sql (6.99ms)
2026/10/01 08:56:50 OK   00008_rls.sql (5.27ms)
2026/10/01 08:56:50 OK   00009_idempotency_ledger.sql (4.42ms)
2026/10/01 08:56:50 OK   00010_tenant_provisioning.sql (3.64ms)
2026/10/01 08:56:50 OK   00011_source_registration_history.sql (3.6ms)
2026/10/01 08:56:50 OK   00012_config_registry_lifecycle.sql (6.04ms)
2026/10/01 08:56:50 OK   00013_audit_signed_segments.sql (7.88ms)
2026/10/01 08:56:50 OK   00014_audit_segment_predecessors.sql (3.93ms)
2026/10/01 08:56:50 goose: successfully migrated database to version: 14
--- PASS: TestAuditSegmentsAppendConcurrentlyRecoverAndVerifyTenantScoped (2.01s)
PASS
ok  	ops-platform/test/integration	3.087s
