{"Time":"2026-10-01T09:30:18.826376+08:00","Action":"start","Package":"ops-platform/test/integration"}
{"Time":"2026-10-01T09:30:19.309497+08:00","Action":"run","Package":"ops-platform/test/integration","Test":"TestRealOpenBaoTransitAndSeaweedS3AuditArchive"}
{"Time":"2026-10-01T09:30:19.309608+08:00","Action":"output","Package":"ops-platform/test/integration","Test":"TestRealOpenBaoTransitAndSeaweedS3AuditArchive","Output":"=== RUN   TestRealOpenBaoTransitAndSeaweedS3AuditArchive\n","OutputType":"frame"}
{"Time":"2026-10-01T09:30:19.624503+08:00","Action":"output","Package":"ops-platform/test/integration","Test":"TestRealOpenBaoTransitAndSeaweedS3AuditArchive","Output":"2026/10/01 09:30:19 OK   00001_roles_and_schemas.sql (15.94ms)\n"}
{"Time":"2026-10-01T09:30:19.624646+08:00","Action":"output","Package":"ops-platform/test/integration","Test":"TestRealOpenBaoTransitAndSeaweedS3AuditArchive","Output":"2026/10/01 09:30:19 goose: successfully migrated database to version: 1\n"}
{"Time":"2026-10-01T09:30:19.660527+08:00","Action":"output","Package":"ops-platform/test/integration","Test":"TestRealOpenBaoTransitAndSeaweedS3AuditArchive","Output":"2026/10/01 09:30:19 OK   00002_platform_meta.sql (20.72ms)\n"}
{"Time":"2026-10-01T09:30:19.667927+08:00","Action":"output","Package":"ops-platform/test/integration","Test":"TestRealOpenBaoTransitAndSeaweedS3AuditArchive","Output":"2026/10/01 09:30:19 OK   00003_finding.sql (7ms)\n"}
{"Time":"2026-10-01T09:30:19.67326+08:00","Action":"output","Package":"ops-platform/test/integration","Test":"TestRealOpenBaoTransitAndSeaweedS3AuditArchive","Output":"2026/10/01 09:30:19 OK   00004_incident.sql (5.04ms)\n"}
{"Time":"2026-10-01T09:30:19.678717+08:00","Action":"output","Package":"ops-platform/test/integration","Test":"TestRealOpenBaoTransitAndSeaweedS3AuditArchive","Output":"2026/10/01 09:30:19 OK   00005_investigation.sql (5.22ms)\n"}
{"Time":"2026-10-01T09:30:19.684401+08:00","Action":"output","Package":"ops-platform/test/integration","Test":"TestRealOpenBaoTransitAndSeaweedS3AuditArchive","Output":"2026/10/01 09:30:19 OK   00006_action_command.sql (5.4ms)\n"}
{"Time":"2026-10-01T09:30:19.693558+08:00","Action":"output","Package":"ops-platform/test/integration","Test":"TestRealOpenBaoTransitAndSeaweedS3AuditArchive","Output":"2026/10/01 09:30:19 OK   00007_audit.sql (8.89ms)\n"}
{"Time":"2026-10-01T09:30:19.703968+08:00","Action":"output","Package":"ops-platform/test/integration","Test":"TestRealOpenBaoTransitAndSeaweedS3AuditArchive","Output":"2026/10/01 09:30:19 OK   00008_rls.sql (10.18ms)\n"}
{"Time":"2026-10-01T09:30:19.711223+08:00","Action":"output","Package":"ops-platform/test/integration","Test":"TestRealOpenBaoTransitAndSeaweedS3AuditArchive","Output":"2026/10/01 09:30:19 OK   00009_idempotency_ledger.sql (6.46ms)\n"}
{"Time":"2026-10-01T09:30:19.715101+08:00","Action":"output","Package":"ops-platform/test/integration","Test":"TestRealOpenBaoTransitAndSeaweedS3AuditArchive","Output":"2026/10/01 09:30:19 OK   00010_tenant_provisioning.sql (3.57ms)\n"}
{"Time":"2026-10-01T09:30:19.720678+08:00","Action":"output","Package":"ops-platform/test/integration","Test":"TestRealOpenBaoTransitAndSeaweedS3AuditArchive","Output":"2026/10/01 09:30:19 OK   00011_source_registration_history.sql (5.27ms)\n"}
{"Time":"2026-10-01T09:30:19.728823+08:00","Action":"output","Package":"ops-platform/test/integration","Test":"TestRealOpenBaoTransitAndSeaweedS3AuditArchive","Output":"2026/10/01 09:30:19 OK   00012_config_registry_lifecycle.sql (7.43ms)\n"}
{"Time":"2026-10-01T09:30:19.73831+08:00","Action":"output","Package":"ops-platform/test/integration","Test":"TestRealOpenBaoTransitAndSeaweedS3AuditArchive","Output":"2026/10/01 09:30:19 OK   00013_audit_signed_segments.sql (9.09ms)\n"}
{"Time":"2026-10-01T09:30:19.742736+08:00","Action":"output","Package":"ops-platform/test/integration","Test":"TestRealOpenBaoTransitAndSeaweedS3AuditArchive","Output":"2026/10/01 09:30:19 OK   00014_audit_segment_predecessors.sql (4.21ms)\n"}
{"Time":"2026-10-01T09:30:19.742787+08:00","Action":"output","Package":"ops-platform/test/integration","Test":"TestRealOpenBaoTransitAndSeaweedS3AuditArchive","Output":"2026/10/01 09:30:19 goose: successfully migrated database to version: 14\n"}
{"Time":"2026-10-01T09:30:19.784153+08:00","Action":"output","Package":"ops-platform/test/integration","Test":"TestRealOpenBaoTransitAndSeaweedS3AuditArchive","Output":"    archive_services_test.go:182: isolated S3 bucket=sp03-b06fb86c object=301a9ff6-362c-4abf-b883-6b4e29f36480 digest=sha256:29e16a3c7cd8a747ca75df38a1eeb48a2e1ac0ca49630508c723320b21457c70; audit tenant=3b2d4905-fdcd-4c6c-9f41-afe396a56901 segment=01a0f515-76e8-7111-bc50-e9930b0c0ddd seq=1 verified\n"}
{"Time":"2026-10-01T09:30:19.827513+08:00","Action":"output","Package":"ops-platform/test/integration","Test":"TestRealOpenBaoTransitAndSeaweedS3AuditArchive","Output":"--- PASS: TestRealOpenBaoTransitAndSeaweedS3AuditArchive (0.52s)\n","OutputType":"frame"}
{"Time":"2026-10-01T09:30:19.827601+08:00","Action":"pass","Package":"ops-platform/test/integration","Test":"TestRealOpenBaoTransitAndSeaweedS3AuditArchive","Elapsed":0.52}
{"Time":"2026-10-01T09:30:19.827667+08:00","Action":"run","Package":"ops-platform/test/integration","Test":"TestAuditSegmentsAppendConcurrentlyRecoverAndVerifyTenantScoped"}
{"Time":"2026-10-01T09:30:19.827679+08:00","Action":"output","Package":"ops-platform/test/integration","Test":"TestAuditSegmentsAppendConcurrentlyRecoverAndVerifyTenantScoped","Output":"=== RUN   TestAuditSegmentsAppendConcurrentlyRecoverAndVerifyTenantScoped\n","OutputType":"frame"}
{"Time":"2026-10-01T09:30:19.867348+08:00","Action":"output","Package":"ops-platform/test/integration","Test":"TestAuditSegmentsAppendConcurrentlyRecoverAndVerifyTenantScoped","Output":"2026/10/01 09:30:19 OK   00001_roles_and_schemas.sql (6.75ms)\n"}
{"Time":"2026-10-01T09:30:19.867417+08:00","Action":"output","Package":"ops-platform/test/integration","Test":"TestAuditSegmentsAppendConcurrentlyRecoverAndVerifyTenantScoped","Output":"2026/10/01 09:30:19 goose: successfully migrated database to version: 1\n"}
{"Time":"2026-10-01T09:30:19.887378+08:00","Action":"output","Package":"ops-platform/test/integration","Test":"TestAuditSegmentsAppendConcurrentlyRecoverAndVerifyTenantScoped","Output":"2026/10/01 09:30:19 OK   00002_platform_meta.sql (13.39ms)\n"}
{"Time":"2026-10-01T09:30:19.892932+08:00","Action":"output","Package":"ops-platform/test/integration","Test":"TestAuditSegmentsAppendConcurrentlyRecoverAndVerifyTenantScoped","Output":"2026/10/01 09:30:19 OK   00003_finding.sql (5.3ms)\n"}
{"Time":"2026-10-01T09:30:19.896951+08:00","Action":"output","Package":"ops-platform/test/integration","Test":"TestAuditSegmentsAppendConcurrentlyRecoverAndVerifyTenantScoped","Output":"2026/10/01 09:30:19 OK   00004_incident.sql (3.82ms)\n"}
{"Time":"2026-10-01T09:30:19.901463+08:00","Action":"output","Package":"ops-platform/test/integration","Test":"TestAuditSegmentsAppendConcurrentlyRecoverAndVerifyTenantScoped","Output":"2026/10/01 09:30:19 OK   00005_investigation.sql (4.27ms)\n"}
{"Time":"2026-10-01T09:30:19.906675+08:00","Action":"output","Package":"ops-platform/test/integration","Test":"TestAuditSegmentsAppendConcurrentlyRecoverAndVerifyTenantScoped","Output":"2026/10/01 09:30:19 OK   00006_action_command.sql (4.93ms)\n"}
{"Time":"2026-10-01T09:30:19.913068+08:00","Action":"output","Package":"ops-platform/test/integration","Test":"TestAuditSegmentsAppendConcurrentlyRecoverAndVerifyTenantScoped","Output":"2026/10/01 09:30:19 OK   00007_audit.sql (6.12ms)\n"}
{"Time":"2026-10-01T09:30:19.92072+08:00","Action":"output","Package":"ops-platform/test/integration","Test":"TestAuditSegmentsAppendConcurrentlyRecoverAndVerifyTenantScoped","Output":"2026/10/01 09:30:19 OK   00008_rls.sql (6.11ms)\n"}
{"Time":"2026-10-01T09:30:19.926989+08:00","Action":"output","Package":"ops-platform/test/integration","Test":"TestAuditSegmentsAppendConcurrentlyRecoverAndVerifyTenantScoped","Output":"2026/10/01 09:30:19 OK   00009_idempotency_ledger.sql (6.86ms)\n"}
{"Time":"2026-10-01T09:30:19.930707+08:00","Action":"output","Package":"ops-platform/test/integration","Test":"TestAuditSegmentsAppendConcurrentlyRecoverAndVerifyTenantScoped","Output":"2026/10/01 09:30:19 OK   00010_tenant_provisioning.sql (3.46ms)\n"}
{"Time":"2026-10-01T09:30:19.935325+08:00","Action":"output","Package":"ops-platform/test/integration","Test":"TestAuditSegmentsAppendConcurrentlyRecoverAndVerifyTenantScoped","Output":"2026/10/01 09:30:19 OK   00011_source_registration_history.sql (4.36ms)\n"}
{"Time":"2026-10-01T09:30:19.942293+08:00","Action":"output","Package":"ops-platform/test/integration","Test":"TestAuditSegmentsAppendConcurrentlyRecoverAndVerifyTenantScoped","Output":"2026/10/01 09:30:19 OK   00012_config_registry_lifecycle.sql (6.6ms)\n"}
{"Time":"2026-10-01T09:30:19.949961+08:00","Action":"output","Package":"ops-platform/test/integration","Test":"TestAuditSegmentsAppendConcurrentlyRecoverAndVerifyTenantScoped","Output":"2026/10/01 09:30:19 OK   00013_audit_signed_segments.sql (7.5ms)\n"}
{"Time":"2026-10-01T09:30:19.953628+08:00","Action":"output","Package":"ops-platform/test/integration","Test":"TestAuditSegmentsAppendConcurrentlyRecoverAndVerifyTenantScoped","Output":"2026/10/01 09:30:19 OK   00014_audit_segment_predecessors.sql (3.59ms)\n"}
{"Time":"2026-10-01T09:30:19.953642+08:00","Action":"output","Package":"ops-platform/test/integration","Test":"TestAuditSegmentsAppendConcurrentlyRecoverAndVerifyTenantScoped","Output":"2026/10/01 09:30:19 goose: successfully migrated database to version: 14\n"}
{"Time":"2026-10-01T09:30:21.834669+08:00","Action":"output","Package":"ops-platform/test/integration","Test":"TestAuditSegmentsAppendConcurrentlyRecoverAndVerifyTenantScoped","Output":"--- PASS: TestAuditSegmentsAppendConcurrentlyRecoverAndVerifyTenantScoped (2.01s)\n","OutputType":"frame"}
{"Time":"2026-10-01T09:30:21.834721+08:00","Action":"pass","Package":"ops-platform/test/integration","Test":"TestAuditSegmentsAppendConcurrentlyRecoverAndVerifyTenantScoped","Elapsed":2.01}
{"Time":"2026-10-01T09:30:21.834758+08:00","Action":"run","Package":"ops-platform/test/integration","Test":"TestRoleBindingsAndStepUpSessions"}
{"Time":"2026-10-01T09:30:21.834769+08:00","Action":"output","Package":"ops-platform/test/integration","Test":"TestRoleBindingsAndStepUpSessions","Output":"=== RUN   TestRoleBindingsAndStepUpSessions\n","OutputType":"frame"}
{"Time":"2026-10-01T09:30:21.896769+08:00","Action":"output","Package":"ops-platform/test/integration","Test":"TestRoleBindingsAndStepUpSessions","Output":"2026/10/01 09:30:21 OK   00001_roles_and_schemas.sql (9.73ms)\n"}
{"Time":"2026-10-01T09:30:21.896852+08:00","Action":"output","Package":"ops-platform/test/integration","Test":"TestRoleBindingsAndStepUpSessions","Output":"2026/10/01 09:30:21 goose: successfully migrated database to version: 1\n"}
{"Time":"2026-10-01T09:30:21.925252+08:00","Action":"output","Package":"ops-platform/test/integration","Test":"TestRoleBindingsAndStepUpSessions","Output":"2026/10/01 09:30:21 OK   00002_platform_meta.sql (19.24ms)\n"}
{"Time":"2026-10-01T09:30:21.932004+08:00","Action":"output","Package":"ops-platform/test/integration","Test":"TestRoleBindingsAndStepUpSessions","Output":"2026/10/01 09:30:21 OK   00003_finding.sql (6.54ms)\n"}
{"Time":"2026-10-01T09:30:21.936613+08:00","Action":"output","Package":"ops-platform/test/integration","Test":"TestRoleBindingsAndStepUpSessions","Output":"2026/10/01 09:30:21 OK   00004_incident.sql (4.42ms)\n"}
{"Time":"2026-10-01T09:30:21.94247+08:00","Action":"output","Package":"ops-platform/test/integration","Test":"TestRoleBindingsAndStepUpSessions","Output":"2026/10/01 09:30:21 OK   00005_investigation.sql (5.68ms)\n"}
{"Time":"2026-10-01T09:30:21.947279+08:00","Action":"output","Package":"ops-platform/test/integration","Test":"TestRoleBindingsAndStepUpSessions","Output":"2026/10/01 09:30:21 OK   00006_action_command.sql (4.6ms)\n"}
{"Time":"2026-10-01T09:30:21.955548+08:00","Action":"output","Package":"ops-platform/test/integration","Test":"TestRoleBindingsAndStepUpSessions","Output":"2026/10/01 09:30:21 OK   00007_audit.sql (8ms)\n"}
{"Time":"2026-10-01T09:30:21.963254+08:00","Action":"output","Package":"ops-platform/test/integration","Test":"TestRoleBindingsAndStepUpSessions","Output":"2026/10/01 09:30:21 OK   00008_rls.sql (7.47ms)\n"}
{"Time":"2026-10-01T09:30:21.969027+08:00","Action":"output","Package":"ops-platform/test/integration","Test":"TestRoleBindingsAndStepUpSessions","Output":"2026/10/01 09:30:21 OK   00009_idempotency_ledger.sql (5.52ms)\n"}
{"Time":"2026-10-01T09:30:21.972744+08:00","Action":"output","Package":"ops-platform/test/integration","Test":"TestRoleBindingsAndStepUpSessions","Output":"2026/10/01 09:30:21 OK   00010_tenant_provisioning.sql (3.53ms)\n"}
{"Time":"2026-10-01T09:30:21.979324+08:00","Action":"output","Package":"ops-platform/test/integration","Test":"TestRoleBindingsAndStepUpSessions","Output":"2026/10/01 09:30:21 OK   00011_source_registration_history.sql (6.33ms)\n"}
{"Time":"2026-10-01T09:30:21.986821+08:00","Action":"output","Package":"ops-platform/test/integration","Test":"TestRoleBindingsAndStepUpSessions","Output":"2026/10/01 09:30:21 OK   00012_config_registry_lifecycle.sql (7.26ms)\n"}
{"Time":"2026-10-01T09:30:21.995828+08:00","Action":"output","Package":"ops-platform/test/integration","Test":"TestRoleBindingsAndStepUpSessions","Output":"2026/10/01 09:30:21 OK   00013_audit_signed_segments.sql (8.67ms)\n"}
{"Time":"2026-10-01T09:30:22.00016+08:00","Action":"output","Package":"ops-platform/test/integration","Test":"TestRoleBindingsAndStepUpSessions","Output":"2026/10/01 09:30:22 OK   00014_audit_segment_predecessors.sql (4.13ms)\n"}
{"Time":"2026-10-01T09:30:22.000201+08:00","Action":"output","Package":"ops-platform/test/integration","Test":"TestRoleBindingsAndStepUpSessions","Output":"2026/10/01 09:30:22 goose: successfully migrated database to version: 14\n"}
{"Time":"2026-10-01T09:30:22.058531+08:00","Action":"output","Package":"ops-platform/test/integration","Test":"TestRoleBindingsAndStepUpSessions","Output":"--- PASS: TestRoleBindingsAndStepUpSessions (0.22s)\n","OutputType":"frame"}
{"Time":"2026-10-01T09:30:22.05861+08:00","Action":"pass","Package":"ops-platform/test/integration","Test":"TestRoleBindingsAndStepUpSessions","Elapsed":0.22}
{"Time":"2026-10-01T09:30:22.058644+08:00","Action":"run","Package":"ops-platform/test/integration","Test":"TestConfigRegistryPublishesActivatesRollsBackAndPreservesHistory"}
{"Time":"2026-10-01T09:30:22.058655+08:00","Action":"output","Package":"ops-platform/test/integration","Test":"TestConfigRegistryPublishesActivatesRollsBackAndPreservesHistory","Output":"=== RUN   TestConfigRegistryPublishesActivatesRollsBackAndPreservesHistory\n","OutputType":"frame"}
{"Time":"2026-10-01T09:30:22.096697+08:00","Action":"output","Package":"ops-platform/test/integration","Test":"TestConfigRegistryPublishesActivatesRollsBackAndPreservesHistory","Output":"2026/10/01 09:30:22 OK   00001_roles_and_schemas.sql (7.75ms)\n"}
{"Time":"2026-10-01T09:30:22.096795+08:00","Action":"output","Package":"ops-platform/test/integration","Test":"TestConfigRegistryPublishesActivatesRollsBackAndPreservesHistory","Output":"2026/10/01 09:30:22 goose: successfully migrated database to version: 1\n"}
{"Time":"2026-10-01T09:30:22.118947+08:00","Action":"output","Package":"ops-platform/test/integration","Test":"TestConfigRegistryPublishesActivatesRollsBackAndPreservesHistory","Output":"2026/10/01 09:30:22 OK   00002_platform_meta.sql (15.41ms)\n"}
{"Time":"2026-10-01T09:30:22.125203+08:00","Action":"output","Package":"ops-platform/test/integration","Test":"TestConfigRegistryPublishesActivatesRollsBackAndPreservesHistory","Output":"2026/10/01 09:30:22 OK   00003_finding.sql (5.96ms)\n"}
{"Time":"2026-10-01T09:30:22.129849+08:00","Action":"output","Package":"ops-platform/test/integration","Test":"TestConfigRegistryPublishesActivatesRollsBackAndPreservesHistory","Output":"2026/10/01 09:30:22 OK   00004_incident.sql (4.38ms)\n"}
{"Time":"2026-10-01T09:30:22.134895+08:00","Action":"output","Package":"ops-platform/test/integration","Test":"TestConfigRegistryPublishesActivatesRollsBackAndPreservesHistory","Output":"2026/10/01 09:30:22 OK   00005_investigation.sql (4.82ms)\n"}
{"Time":"2026-10-01T09:30:22.140352+08:00","Action":"output","Package":"ops-platform/test/integration","Test":"TestConfigRegistryPublishesActivatesRollsBackAndPreservesHistory","Output":"2026/10/01 09:30:22 OK   00006_action_command.sql (4.84ms)\n"}
{"Time":"2026-10-01T09:30:22.14766+08:00","Action":"output","Package":"ops-platform/test/integration","Test":"TestConfigRegistryPublishesActivatesRollsBackAndPreservesHistory","Output":"2026/10/01 09:30:22 OK   00007_audit.sql (7.09ms)\n"}
{"Time":"2026-10-01T09:30:22.155361+08:00","Action":"output","Package":"ops-platform/test/integration","Test":"TestConfigRegistryPublishesActivatesRollsBackAndPreservesHistory","Output":"2026/10/01 09:30:22 OK   00008_rls.sql (7.45ms)\n"}
{"Time":"2026-10-01T09:30:22.160718+08:00","Action":"output","Package":"ops-platform/test/integration","Test":"TestConfigRegistryPublishesActivatesRollsBackAndPreservesHistory","Output":"2026/10/01 09:30:22 OK   00009_idempotency_ledger.sql (5.09ms)\n"}
{"Time":"2026-10-01T09:30:22.164115+08:00","Action":"output","Package":"ops-platform/test/integration","Test":"TestConfigRegistryPublishesActivatesRollsBackAndPreservesHistory","Output":"2026/10/01 09:30:22 OK   00010_tenant_provisioning.sql (3.19ms)\n"}
{"Time":"2026-10-01T09:30:22.169228+08:00","Action":"output","Package":"ops-platform/test/integration","Test":"TestConfigRegistryPublishesActivatesRollsBackAndPreservesHistory","Output":"2026/10/01 09:30:22 OK   00011_source_registration_history.sql (4.93ms)\n"}
{"Time":"2026-10-01T09:30:22.17686+08:00","Action":"output","Package":"ops-platform/test/integration","Test":"TestConfigRegistryPublishesActivatesRollsBackAndPreservesHistory","Output":"2026/10/01 09:30:22 OK   00012_config_registry_lifecycle.sql (7.42ms)\n"}
{"Time":"2026-10-01T09:30:22.184995+08:00","Action":"output","Package":"ops-platform/test/integration","Test":"TestConfigRegistryPublishesActivatesRollsBackAndPreservesHistory","Output":"2026/10/01 09:30:22 OK   00013_audit_signed_segments.sql (7.83ms)\n"}
{"Time":"2026-10-01T09:30:22.189068+08:00","Action":"output","Package":"ops-platform/test/integration","Test":"TestConfigRegistryPublishesActivatesRollsBackAndPreservesHistory","Output":"2026/10/01 09:30:22 OK   00014_audit_segment_predecessors.sql (3.87ms)\n"}
{"Time":"2026-10-01T09:30:22.189133+08:00","Action":"output","Package":"ops-platform/test/integration","Test":"TestConfigRegistryPublishesActivatesRollsBackAndPreservesHistory","Output":"2026/10/01 09:30:22 goose: successfully migrated database to version: 14\n"}
{"Time":"2026-10-01T09:30:22.328794+08:00","Action":"output","Package":"ops-platform/test/integration","Test":"TestConfigRegistryPublishesActivatesRollsBackAndPreservesHistory","Output":"--- PASS: TestConfigRegistryPublishesActivatesRollsBackAndPreservesHistory (0.27s)\n","OutputType":"frame"}
{"Time":"2026-10-01T09:30:22.328846+08:00","Action":"pass","Package":"ops-platform/test/integration","Test":"TestConfigRegistryPublishesActivatesRollsBackAndPreservesHistory","Elapsed":0.27}
{"Time":"2026-10-01T09:30:22.328865+08:00","Action":"run","Package":"ops-platform/test/integration","Test":"TestIdempotencyLedgerSchema"}
{"Time":"2026-10-01T09:30:22.328872+08:00","Action":"output","Package":"ops-platform/test/integration","Test":"TestIdempotencyLedgerSchema","Output":"=== RUN   TestIdempotencyLedgerSchema\n","OutputType":"frame"}
{"Time":"2026-10-01T09:30:22.359956+08:00","Action":"output","Package":"ops-platform/test/integration","Test":"TestIdempotencyLedgerSchema","Output":"2026/10/01 09:30:22 OK   00001_roles_and_schemas.sql (5.93ms)\n"}
{"Time":"2026-10-01T09:30:22.360009+08:00","Action":"output","Package":"ops-platform/test/integration","Test":"TestIdempotencyLedgerSchema","Output":"2026/10/01 09:30:22 goose: successfully migrated database to version: 1\n"}
{"Time":"2026-10-01T09:30:22.378344+08:00","Action":"output","Package":"ops-platform/test/integration","Test":"TestIdempotencyLedgerSchema","Output":"2026/10/01 09:30:22 OK   00002_platform_meta.sql (13.03ms)\n"}
{"Time":"2026-10-01T09:30:22.385695+08:00","Action":"output","Package":"ops-platform/test/integration","Test":"TestIdempotencyLedgerSchema","Output":"2026/10/01 09:30:22 OK   00003_finding.sql (6.86ms)\n"}
{"Time":"2026-10-01T09:30:22.390325+08:00","Action":"output","Package":"ops-platform/test/integration","Test":"TestIdempotencyLedgerSchema","Output":"2026/10/01 09:30:22 OK   00004_incident.sql (4.4ms)\n"}
{"Time":"2026-10-01T09:30:22.395762+08:00","Action":"output","Package":"ops-platform/test/integration","Test":"TestIdempotencyLedgerSchema","Output":"2026/10/01 09:30:22 OK   00005_investigation.sql (5.24ms)\n"}
{"Time":"2026-10-01T09:30:22.40011+08:00","Action":"output","Package":"ops-platform/test/integration","Test":"TestIdempotencyLedgerSchema","Output":"2026/10/01 09:30:22 OK   00006_action_command.sql (4.18ms)\n"}
{"Time":"2026-10-01T09:30:22.408047+08:00","Action":"output","Package":"ops-platform/test/integration","Test":"TestIdempotencyLedgerSchema","Output":"2026/10/01 09:30:22 OK   00007_audit.sql (7.74ms)\n"}
{"Time":"2026-10-01T09:30:22.416214+08:00","Action":"output","Package":"ops-platform/test/integration","Test":"TestIdempotencyLedgerSchema","Output":"2026/10/01 09:30:22 OK   00008_rls.sql (8.01ms)\n"}
{"Time":"2026-10-01T09:30:22.422073+08:00","Action":"output","Package":"ops-platform/test/integration","Test":"TestIdempotencyLedgerSchema","Output":"2026/10/01 09:30:22 OK   00009_idempotency_ledger.sql (5.66ms)\n"}
{"Time":"2026-10-01T09:30:22.425774+08:00","Action":"output","Package":"ops-platform/test/integration","Test":"TestIdempotencyLedgerSchema","Output":"2026/10/01 09:30:22 OK   00010_tenant_provisioning.sql (3.47ms)\n"}
{"Time":"2026-10-01T09:30:22.430428+08:00","Action":"output","Package":"ops-platform/test/integration","Test":"TestIdempotencyLedgerSchema","Output":"2026/10/01 09:30:22 OK   00011_source_registration_history.sql (4.55ms)\n"}
{"Time":"2026-10-01T09:30:22.437184+08:00","Action":"output","Package":"ops-platform/test/integration","Test":"TestIdempotencyLedgerSchema","Output":"2026/10/01 09:30:22 OK   00012_config_registry_lifecycle.sql (6.47ms)\n"}
{"Time":"2026-10-01T09:30:22.446027+08:00","Action":"output","Package":"ops-platform/test/integration","Test":"TestIdempotencyLedgerSchema","Output":"2026/10/01 09:30:22 OK   00013_audit_signed_segments.sql (8.4ms)\n"}
{"Time":"2026-10-01T09:30:22.450052+08:00","Action":"output","Package":"ops-platform/test/integration","Test":"TestIdempotencyLedgerSchema","Output":"2026/10/01 09:30:22 OK   00014_audit_segment_predecessors.sql (3.86ms)\n"}
{"Time":"2026-10-01T09:30:22.450107+08:00","Action":"output","Package":"ops-platform/test/integration","Test":"TestIdempotencyLedgerSchema","Output":"2026/10/01 09:30:22 goose: successfully migrated database to version: 14\n"}
{"Time":"2026-10-01T09:30:22.478727+08:00","Action":"output","Package":"ops-platform/test/integration","Test":"TestIdempotencyLedgerSchema","Output":"--- PASS: TestIdempotencyLedgerSchema (0.15s)\n","OutputType":"frame"}
{"Time":"2026-10-01T09:30:22.478798+08:00","Action":"pass","Package":"ops-platform/test/integration","Test":"TestIdempotencyLedgerSchema","Elapsed":0.15}
{"Time":"2026-10-01T09:30:22.478836+08:00","Action":"run","Package":"ops-platform/test/integration","Test":"TestIdempotencyLedger"}
{"Time":"2026-10-01T09:30:22.478848+08:00","Action":"output","Package":"ops-platform/test/integration","Test":"TestIdempotencyLedger","Output":"=== RUN   TestIdempotencyLedger\n","OutputType":"frame"}
{"Time":"2026-10-01T09:30:22.510823+08:00","Action":"output","Package":"ops-platform/test/integration","Test":"TestIdempotencyLedger","Output":"2026/10/01 09:30:22 OK   00001_roles_and_schemas.sql (5.37ms)\n"}
{"Time":"2026-10-01T09:30:22.510876+08:00","Action":"output","Package":"ops-platform/test/integration","Test":"TestIdempotencyLedger","Output":"2026/10/01 09:30:22 goose: successfully migrated database to version: 1\n"}
{"Time":"2026-10-01T09:30:22.529542+08:00","Action":"output","Package":"ops-platform/test/integration","Test":"TestIdempotencyLedger","Output":"2026/10/01 09:30:22 OK   00002_platform_meta.sql (13.27ms)\n"}
{"Time":"2026-10-01T09:30:22.534937+08:00","Action":"output","Package":"ops-platform/test/integration","Test":"TestIdempotencyLedger","Output":"2026/10/01 09:30:22 OK   00003_finding.sql (5.2ms)\n"}
{"Time":"2026-10-01T09:30:22.539451+08:00","Action":"output","Package":"ops-platform/test/integration","Test":"TestIdempotencyLedger","Output":"2026/10/01 09:30:22 OK   00004_incident.sql (4.37ms)\n"}
{"Time":"2026-10-01T09:30:22.543821+08:00","Action":"output","Package":"ops-platform/test/integration","Test":"TestIdempotencyLedger","Output":"2026/10/01 09:30:22 OK   00005_investigation.sql (4.19ms)\n"}
{"Time":"2026-10-01T09:30:22.549311+08:00","Action":"output","Package":"ops-platform/test/integration","Test":"TestIdempotencyLedger","Output":"2026/10/01 09:30:22 OK   00006_action_command.sql (5.29ms)\n"}
{"Time":"2026-10-01T09:30:22.560531+08:00","Action":"output","Package":"ops-platform/test/integration","Test":"TestIdempotencyLedger","Output":"2026/10/01 09:30:22 OK   00007_audit.sql (10.87ms)\n"}
{"Time":"2026-10-01T09:30:22.569735+08:00","Action":"output","Package":"ops-platform/test/integration","Test":"TestIdempotencyLedger","Output":"2026/10/01 09:30:22 OK   00008_rls.sql (9.06ms)\n"}
{"Time":"2026-10-01T09:30:22.575143+08:00","Action":"output","Package":"ops-platform/test/integration","Test":"TestIdempotencyLedger","Output":"2026/10/01 09:30:22 OK   00009_idempotency_ledger.sql (5.27ms)\n"}
{"Time":"2026-10-01T09:30:22.578486+08:00","Action":"output","Package":"ops-platform/test/integration","Test":"TestIdempotencyLedger","Output":"2026/10/01 09:30:22 OK   00010_tenant_provisioning.sql (3.15ms)\n"}
{"Time":"2026-10-01T09:30:22.582805+08:00","Action":"output","Package":"ops-platform/test/integration","Test":"TestIdempotencyLedger","Output":"2026/10/01 09:30:22 OK   00011_source_registration_history.sql (4.18ms)\n"}
{"Time":"2026-10-01T09:30:22.58992+08:00","Action":"output","Package":"ops-platform/test/integration","Test":"TestIdempotencyLedger","Output":"2026/10/01 09:30:22 OK   00012_config_registry_lifecycle.sql (6.88ms)\n"}
{"Time":"2026-10-01T09:30:22.598801+08:00","Action":"output","Package":"ops-platform/test/integration","Test":"TestIdempotencyLedger","Output":"2026/10/01 09:30:22 OK   00013_audit_signed_segments.sql (8.41ms)\n"}
{"Time":"2026-10-01T09:30:22.602604+08:00","Action":"output","Package":"ops-platform/test/integration","Test":"TestIdempotencyLedger","Output":"2026/10/01 09:30:22 OK   00014_audit_segment_predecessors.sql (3.65ms)\n"}
{"Time":"2026-10-01T09:30:22.602639+08:00","Action":"output","Package":"ops-platform/test/integration","Test":"TestIdempotencyLedger","Output":"2026/10/01 09:30:22 goose: successfully migrated database to version: 14\n"}
{"Time":"2026-10-01T09:30:22.703302+08:00","Action":"output","Package":"ops-platform/test/integration","Test":"TestIdempotencyLedger","Output":"--- PASS: TestIdempotencyLedger (0.22s)\n","OutputType":"frame"}
{"Time":"2026-10-01T09:30:22.70342+08:00","Action":"pass","Package":"ops-platform/test/integration","Test":"TestIdempotencyLedger","Elapsed":0.22}
{"Time":"2026-10-01T09:30:22.703453+08:00","Action":"run","Package":"ops-platform/test/integration","Test":"TestIdempotencyHTTPMiddleware"}
{"Time":"2026-10-01T09:30:22.70347+08:00","Action":"output","Package":"ops-platform/test/integration","Test":"TestIdempotencyHTTPMiddleware","Output":"=== RUN   TestIdempotencyHTTPMiddleware\n","OutputType":"frame"}
{"Time":"2026-10-01T09:30:22.73562+08:00","Action":"output","Package":"ops-platform/test/integration","Test":"TestIdempotencyHTTPMiddleware","Output":"2026/10/01 09:30:22 OK   00001_roles_and_schemas.sql (7.08ms)\n"}
{"Time":"2026-10-01T09:30:22.735676+08:00","Action":"output","Package":"ops-platform/test/integration","Test":"TestIdempotencyHTTPMiddleware","Output":"2026/10/01 09:30:22 goose: successfully migrated database to version: 1\n"}
{"Time":"2026-10-01T09:30:22.756872+08:00","Action":"output","Package":"ops-platform/test/integration","Test":"TestIdempotencyHTTPMiddleware","Output":"2026/10/01 09:30:22 OK   00002_platform_meta.sql (13.77ms)\n"}
{"Time":"2026-10-01T09:30:22.762482+08:00","Action":"output","Package":"ops-platform/test/integration","Test":"TestIdempotencyHTTPMiddleware","Output":"2026/10/01 09:30:22 OK   00003_finding.sql (5.43ms)\n"}
{"Time":"2026-10-01T09:30:22.766126+08:00","Action":"output","Package":"ops-platform/test/integration","Test":"TestIdempotencyHTTPMiddleware","Output":"2026/10/01 09:30:22 OK   00004_incident.sql (3.52ms)\n"}
{"Time":"2026-10-01T09:30:22.770693+08:00","Action":"output","Package":"ops-platform/test/integration","Test":"TestIdempotencyHTTPMiddleware","Output":"2026/10/01 09:30:22 OK   00005_investigation.sql (4.46ms)\n"}
{"Time":"2026-10-01T09:30:22.775001+08:00","Action":"output","Package":"ops-platform/test/integration","Test":"TestIdempotencyHTTPMiddleware","Output":"2026/10/01 09:30:22 OK   00006_action_command.sql (4.15ms)\n"}
{"Time":"2026-10-01T09:30:22.78087+08:00","Action":"output","Package":"ops-platform/test/integration","Test":"TestIdempotencyHTTPMiddleware","Output":"2026/10/01 09:30:22 OK   00007_audit.sql (5.67ms)\n"}
{"Time":"2026-10-01T09:30:22.787+08:00","Action":"output","Package":"ops-platform/test/integration","Test":"TestIdempotencyHTTPMiddleware","Output":"2026/10/01 09:30:22 OK   00008_rls.sql (5.97ms)\n"}
{"Time":"2026-10-01T09:30:22.792451+08:00","Action":"output","Package":"ops-platform/test/integration","Test":"TestIdempotencyHTTPMiddleware","Output":"2026/10/01 09:30:22 OK   00009_idempotency_ledger.sql (5.27ms)\n"}
{"Time":"2026-10-01T09:30:22.795556+08:00","Action":"output","Package":"ops-platform/test/integration","Test":"TestIdempotencyHTTPMiddleware","Output":"2026/10/01 09:30:22 OK   00010_tenant_provisioning.sql (2.89ms)\n"}
{"Time":"2026-10-01T09:30:22.799898+08:00","Action":"output","Package":"ops-platform/test/integration","Test":"TestIdempotencyHTTPMiddleware","Output":"2026/10/01 09:30:22 OK   00011_source_registration_history.sql (4.21ms)\n"}
{"Time":"2026-10-01T09:30:22.806543+08:00","Action":"output","Package":"ops-platform/test/integration","Test":"TestIdempotencyHTTPMiddleware","Output":"2026/10/01 09:30:22 OK   00012_config_registry_lifecycle.sql (6.47ms)\n"}
{"Time":"2026-10-01T09:30:22.815534+08:00","Action":"output","Package":"ops-platform/test/integration","Test":"TestIdempotencyHTTPMiddleware","Output":"2026/10/01 09:30:22 OK   00013_audit_signed_segments.sql (8.69ms)\n"}
{"Time":"2026-10-01T09:30:22.819585+08:00","Action":"output","Package":"ops-platform/test/integration","Test":"TestIdempotencyHTTPMiddleware","Output":"2026/10/01 09:30:22 OK   00014_audit_segment_predecessors.sql (3.88ms)\n"}
{"Time":"2026-10-01T09:30:22.819629+08:00","Action":"output","Package":"ops-platform/test/integration","Test":"TestIdempotencyHTTPMiddleware","Output":"2026/10/01 09:30:22 goose: successfully migrated database to version: 14\n"}
{"Time":"2026-10-01T09:30:22.872879+08:00","Action":"output","Package":"ops-platform/test/integration","Test":"TestIdempotencyHTTPMiddleware","Output":"--- PASS: TestIdempotencyHTTPMiddleware (0.17s)\n","OutputType":"frame"}
{"Time":"2026-10-01T09:30:22.872951+08:00","Action":"pass","Package":"ops-platform/test/integration","Test":"TestIdempotencyHTTPMiddleware","Elapsed":0.17}
{"Time":"2026-10-01T09:30:22.872975+08:00","Action":"run","Package":"ops-platform/test/integration","Test":"TestKeycloakAuthorizationCodePKCEAndStepUp"}
{"Time":"2026-10-01T09:30:22.872984+08:00","Action":"output","Package":"ops-platform/test/integration","Test":"TestKeycloakAuthorizationCodePKCEAndStepUp","Output":"=== RUN   TestKeycloakAuthorizationCodePKCEAndStepUp\n","OutputType":"frame"}
{"Time":"2026-10-01T09:30:30.268847+08:00","Action":"output","Package":"ops-platform/test/integration","Test":"TestKeycloakAuthorizationCodePKCEAndStepUp","Output":"2026/10/01 09:30:30 OK   00001_roles_and_schemas.sql (8.12ms)\n"}
{"Time":"2026-10-01T09:30:30.268907+08:00","Action":"output","Package":"ops-platform/test/integration","Test":"TestKeycloakAuthorizationCodePKCEAndStepUp","Output":"2026/10/01 09:30:30 goose: successfully migrated database to version: 1\n"}
{"Time":"2026-10-01T09:30:30.288088+08:00","Action":"output","Package":"ops-platform/test/integration","Test":"TestKeycloakAuthorizationCodePKCEAndStepUp","Output":"2026/10/01 09:30:30 OK   00002_platform_meta.sql (13.92ms)\n"}
{"Time":"2026-10-01T09:30:30.29422+08:00","Action":"output","Package":"ops-platform/test/integration","Test":"TestKeycloakAuthorizationCodePKCEAndStepUp","Output":"2026/10/01 09:30:30 OK   00003_finding.sql (5.89ms)\n"}
{"Time":"2026-10-01T09:30:30.299103+08:00","Action":"output","Package":"ops-platform/test/integration","Test":"TestKeycloakAuthorizationCodePKCEAndStepUp","Output":"2026/10/01 09:30:30 OK   00004_incident.sql (4.6ms)\n"}
{"Time":"2026-10-01T09:30:30.303715+08:00","Action":"output","Package":"ops-platform/test/integration","Test":"TestKeycloakAuthorizationCodePKCEAndStepUp","Output":"2026/10/01 09:30:30 OK   00005_investigation.sql (4.4ms)\n"}
{"Time":"2026-10-01T09:30:30.308348+08:00","Action":"output","Package":"ops-platform/test/integration","Test":"TestKeycloakAuthorizationCodePKCEAndStepUp","Output":"2026/10/01 09:30:30 OK   00006_action_command.sql (4.42ms)\n"}
{"Time":"2026-10-01T09:30:30.31585+08:00","Action":"output","Package":"ops-platform/test/integration","Test":"TestKeycloakAuthorizationCodePKCEAndStepUp","Output":"2026/10/01 09:30:30 OK   00007_audit.sql (7.2ms)\n"}
{"Time":"2026-10-01T09:30:30.323227+08:00","Action":"output","Package":"ops-platform/test/integration","Test":"TestKeycloakAuthorizationCodePKCEAndStepUp","Output":"2026/10/01 09:30:30 OK   00008_rls.sql (7.14ms)\n"}
{"Time":"2026-10-01T09:30:30.329113+08:00","Action":"output","Package":"ops-platform/test/integration","Test":"TestKeycloakAuthorizationCodePKCEAndStepUp","Output":"2026/10/01 09:30:30 OK   00009_idempotency_ledger.sql (5.61ms)\n"}
{"Time":"2026-10-01T09:30:30.33261+08:00","Action":"output","Package":"ops-platform/test/integration","Test":"TestKeycloakAuthorizationCodePKCEAndStepUp","Output":"2026/10/01 09:30:30 OK   00010_tenant_provisioning.sql (3.29ms)\n"}
{"Time":"2026-10-01T09:30:30.336802+08:00","Action":"output","Package":"ops-platform/test/integration","Test":"TestKeycloakAuthorizationCodePKCEAndStepUp","Output":"2026/10/01 09:30:30 OK   00011_source_registration_history.sql (4.05ms)\n"}
{"Time":"2026-10-01T09:30:30.343187+08:00","Action":"output","Package":"ops-platform/test/integration","Test":"TestKeycloakAuthorizationCodePKCEAndStepUp","Output":"2026/10/01 09:30:30 OK   00012_config_registry_lifecycle.sql (6.2ms)\n"}
{"Time":"2026-10-01T09:30:30.351427+08:00","Action":"output","Package":"ops-platform/test/integration","Test":"TestKeycloakAuthorizationCodePKCEAndStepUp","Output":"2026/10/01 09:30:30 OK   00013_audit_signed_segments.sql (7.98ms)\n"}
{"Time":"2026-10-01T09:30:30.355713+08:00","Action":"output","Package":"ops-platform/test/integration","Test":"TestKeycloakAuthorizationCodePKCEAndStepUp","Output":"2026/10/01 09:30:30 OK   00014_audit_segment_predecessors.sql (4.11ms)\n"}
{"Time":"2026-10-01T09:30:30.355749+08:00","Action":"output","Package":"ops-platform/test/integration","Test":"TestKeycloakAuthorizationCodePKCEAndStepUp","Output":"2026/10/01 09:30:30 goose: successfully migrated database to version: 14\n"}
{"Time":"2026-10-01T09:30:30.379396+08:00","Action":"output","Package":"ops-platform/test/integration","Test":"TestKeycloakAuthorizationCodePKCEAndStepUp","Output":"{\"time\":\"2026-10-01T09:30:30.379299+08:00\",\"level\":\"INFO\",\"msg\":\"http request complete\",\"request_id\":\"01a0f515-a066-7a9a-bca1-f1432073631e\",\"trace_id\":\"4bf92f3577b34da6a3ce929d0e0e4736\",\"span_id\":\"ef1c82730639d431\",\"method\":\"GET\",\"status_code\":200,\"duration_ms\":4}\n"}
{"Time":"2026-10-01T09:30:30.381875+08:00","Action":"output","Package":"ops-platform/test/integration","Test":"TestKeycloakAuthorizationCodePKCEAndStepUp","Output":"{\"time\":\"2026-10-01T09:30:30.381812+08:00\",\"level\":\"INFO\",\"msg\":\"http request complete\",\"request_id\":\"01a0f515-a06b-7a5c-b4d9-9b942750ac2b\",\"trace_id\":\"4bf92f3577b34da6a3ce929d0e0e4736\",\"span_id\":\"39c72b5dd497941b\",\"method\":\"GET\",\"status_code\":200,\"duration_ms\":2}\n"}
{"Time":"2026-10-01T09:30:30.383881+08:00","Action":"output","Package":"ops-platform/test/integration","Test":"TestKeycloakAuthorizationCodePKCEAndStepUp","Output":"{\"time\":\"2026-10-01T09:30:30.383845+08:00\",\"level\":\"INFO\",\"msg\":\"http request complete\",\"request_id\":\"01a0f515-a06d-7f26-a6bf-fd5126b3e3a8\",\"trace_id\":\"4bf92f3577b34da6a3ce929d0e0e4736\",\"span_id\":\"5f7eb259f1a0c681\",\"method\":\"GET\",\"status_code\":200,\"duration_ms\":1}\n"}
{"Time":"2026-10-01T09:30:30.386036+08:00","Action":"output","Package":"ops-platform/test/integration","Test":"TestKeycloakAuthorizationCodePKCEAndStepUp","Output":"{\"time\":\"2026-10-01T09:30:30.385996+08:00\",\"level\":\"INFO\",\"msg\":\"http request complete\",\"request_id\":\"01a0f515-a070-7003-b9de-118cf67c8883\",\"trace_id\":\"4bf92f3577b34da6a3ce929d0e0e4736\",\"span_id\":\"17dc062c1970443f\",\"method\":\"GET\",\"status_code\":200,\"duration_ms\":1}\n"}
{"Time":"2026-10-01T09:30:30.387687+08:00","Action":"output","Package":"ops-platform/test/integration","Test":"TestKeycloakAuthorizationCodePKCEAndStepUp","Output":"{\"time\":\"2026-10-01T09:30:30.387657+08:00\",\"level\":\"INFO\",\"msg\":\"http request complete\",\"request_id\":\"01a0f515-a072-7232-a204-bbeca6232ecc\",\"trace_id\":\"4bf92f3577b34da6a3ce929d0e0e4736\",\"span_id\":\"68cb025abed6dfe2\",\"method\":\"GET\",\"status_code\":200,\"duration_ms\":1}\n"}
{"Time":"2026-10-01T09:30:30.389313+08:00","Action":"output","Package":"ops-platform/test/integration","Test":"TestKeycloakAuthorizationCodePKCEAndStepUp","Output":"{\"time\":\"2026-10-01T09:30:30.389288+08:00\",\"level\":\"INFO\",\"msg\":\"http request complete\",\"request_id\":\"01a0f515-a073-7c15-8bc6-76685943d7da\",\"trace_id\":\"4bf92f3577b34da6a3ce929d0e0e4736\",\"span_id\":\"aa288aa2d3c1b06f\",\"method\":\"GET\",\"status_code\":200,\"duration_ms\":1}\n"}
{"Time":"2026-10-01T09:30:30.394835+08:00","Action":"output","Package":"ops-platform/test/integration","Test":"TestKeycloakAuthorizationCodePKCEAndStepUp","Output":"{\"time\":\"2026-10-01T09:30:30.394795+08:00\",\"level\":\"INFO\",\"msg\":\"http request complete\",\"request_id\":\"01a0f515-a075-7660-8d3f-b96a290a73f3\",\"trace_id\":\"d42df2c5135bad4951ea9a7b12edfc14\",\"span_id\":\"a89c647863d05760\",\"method\":\"POST\",\"status_code\":201,\"duration_ms\":5}\n"}
{"Time":"2026-10-01T09:30:30.397796+08:00","Action":"output","Package":"ops-platform/test/integration","Test":"TestKeycloakAuthorizationCodePKCEAndStepUp","Output":"{\"time\":\"2026-10-01T09:30:30.397749+08:00\",\"level\":\"INFO\",\"msg\":\"http request complete\",\"request_id\":\"01a0f515-a07a-7f26-90bb-2b798cf3ddb6\",\"trace_id\":\"b629dd9f6041ce54a73cd2f22f98fcb4\",\"span_id\":\"8eb4e185f79717b1\",\"method\":\"POST\",\"status_code\":201,\"duration_ms\":2}\n"}
{"Time":"2026-10-01T09:30:30.39789+08:00","Action":"output","Package":"ops-platform/test/integration","Test":"TestKeycloakAuthorizationCodePKCEAndStepUp","Output":"    keycloak_test.go:155: actual APIApp served six management routes and replayed claim-bound step-up using real Keycloak JWT and distinct database login\n"}
{"Time":"2026-10-01T09:30:30.398816+08:00","Action":"output","Package":"ops-platform/test/integration","Test":"TestKeycloakAuthorizationCodePKCEAndStepUp","Output":"{\"time\":\"2026-10-01T09:30:30.398775+08:00\",\"level\":\"WARN\",\"msg\":\"trace export failed\",\"signal\":\"traces\"}\n"}
{"Time":"2026-10-01T09:30:30.400107+08:00","Action":"output","Package":"ops-platform/test/integration","Test":"TestKeycloakAuthorizationCodePKCEAndStepUp","Output":"{\"time\":\"2026-10-01T09:30:30.400086+08:00\",\"level\":\"INFO\",\"msg\":\"http request complete\",\"request_id\":\"01a0f515-a07e-7d6d-a6a6-0e8091a1f991\",\"trace_id\":\"795f445c330fbebf23c47f8275dcb9d9\",\"span_id\":\"7d426c5a9e24b88d\",\"method\":\"GET\",\"status_code\":200,\"duration_ms\":1}\n"}
{"Time":"2026-10-01T09:30:30.400161+08:00","Action":"output","Package":"ops-platform/test/integration","Test":"TestKeycloakAuthorizationCodePKCEAndStepUp","Output":"    keycloak_test.go:155: actual OTLP connection refusal reported degradation; authenticated management read continued\n"}
{"Time":"2026-10-01T09:30:31.434123+08:00","Action":"output","Package":"ops-platform/test/integration","Test":"TestKeycloakAuthorizationCodePKCEAndStepUp","Output":"    keycloak_test.go:155: actual authenticated API stdout collected and queried in isolated VictoriaLogs\n"}
{"Time":"2026-10-01T09:30:31.508336+08:00","Action":"output","Package":"ops-platform/test/integration","Test":"TestKeycloakAuthorizationCodePKCEAndStepUp","Output":"--- PASS: TestKeycloakAuthorizationCodePKCEAndStepUp (8.64s)\n","OutputType":"frame"}
{"Time":"2026-10-01T09:30:31.50844+08:00","Action":"pass","Package":"ops-platform/test/integration","Test":"TestKeycloakAuthorizationCodePKCEAndStepUp","Elapsed":8.64}
{"Time":"2026-10-01T09:30:31.508464+08:00","Action":"run","Package":"ops-platform/test/integration","Test":"TestFailedForwardMigrationRollsBackAndCanRecover"}
{"Time":"2026-10-01T09:30:31.508472+08:00","Action":"output","Package":"ops-platform/test/integration","Test":"TestFailedForwardMigrationRollsBackAndCanRecover","Output":"=== RUN   TestFailedForwardMigrationRollsBackAndCanRecover\n","OutputType":"frame"}
{"Time":"2026-10-01T09:30:31.566154+08:00","Action":"output","Package":"ops-platform/test/integration","Test":"TestFailedForwardMigrationRollsBackAndCanRecover","Output":"2026/10/01 09:30:31 OK   00001_roles_and_schemas.sql (9.7ms)\n"}
{"Time":"2026-10-01T09:30:31.566227+08:00","Action":"output","Package":"ops-platform/test/integration","Test":"TestFailedForwardMigrationRollsBackAndCanRecover","Output":"2026/10/01 09:30:31 goose: successfully migrated database to version: 1\n"}
{"Time":"2026-10-01T09:30:31.591632+08:00","Action":"output","Package":"ops-platform/test/integration","Test":"TestFailedForwardMigrationRollsBackAndCanRecover","Output":"2026/10/01 09:30:31 OK   00002_platform_meta.sql (17.07ms)\n"}
{"Time":"2026-10-01T09:30:31.598957+08:00","Action":"output","Package":"ops-platform/test/integration","Test":"TestFailedForwardMigrationRollsBackAndCanRecover","Output":"2026/10/01 09:30:31 OK   00003_finding.sql (7.04ms)\n"}
{"Time":"2026-10-01T09:30:31.603229+08:00","Action":"output","Package":"ops-platform/test/integration","Test":"TestFailedForwardMigrationRollsBackAndCanRecover","Output":"2026/10/01 09:30:31 OK   00004_incident.sql (4.09ms)\n"}
{"Time":"2026-10-01T09:30:31.60814+08:00","Action":"output","Package":"ops-platform/test/integration","Test":"TestFailedForwardMigrationRollsBackAndCanRecover","Output":"2026/10/01 09:30:31 OK   00005_investigation.sql (4.72ms)\n"}
{"Time":"2026-10-01T09:30:31.612518+08:00","Action":"output","Package":"ops-platform/test/integration","Test":"TestFailedForwardMigrationRollsBackAndCanRecover","Output":"2026/10/01 09:30:31 OK   00006_action_command.sql (4.14ms)\n"}
{"Time":"2026-10-01T09:30:31.620715+08:00","Action":"output","Package":"ops-platform/test/integration","Test":"TestFailedForwardMigrationRollsBackAndCanRecover","Output":"2026/10/01 09:30:31 OK   00007_audit.sql (7.85ms)\n"}
{"Time":"2026-10-01T09:30:31.627218+08:00","Action":"output","Package":"ops-platform/test/integration","Test":"TestFailedForwardMigrationRollsBackAndCanRecover","Output":"2026/10/01 09:30:31 OK   00008_rls.sql (6.31ms)\n"}
{"Time":"2026-10-01T09:30:31.632391+08:00","Action":"output","Package":"ops-platform/test/integration","Test":"TestFailedForwardMigrationRollsBackAndCanRecover","Output":"2026/10/01 09:30:31 OK   00009_idempotency_ledger.sql (4.96ms)\n"}
{"Time":"2026-10-01T09:30:31.635322+08:00","Action":"output","Package":"ops-platform/test/integration","Test":"TestFailedForwardMigrationRollsBackAndCanRecover","Output":"2026/10/01 09:30:31 OK   00010_tenant_provisioning.sql (2.75ms)\n"}
{"Time":"2026-10-01T09:30:31.64044+08:00","Action":"output","Package":"ops-platform/test/integration","Test":"TestFailedForwardMigrationRollsBackAndCanRecover","Output":"2026/10/01 09:30:31 OK   00011_source_registration_history.sql (4.98ms)\n"}
{"Time":"2026-10-01T09:30:31.647124+08:00","Action":"output","Package":"ops-platform/test/integration","Test":"TestFailedForwardMigrationRollsBackAndCanRecover","Output":"2026/10/01 09:30:31 OK   00012_config_registry_lifecycle.sql (6.46ms)\n"}
{"Time":"2026-10-01T09:30:31.656315+08:00","Action":"output","Package":"ops-platform/test/integration","Test":"TestFailedForwardMigrationRollsBackAndCanRecover","Output":"2026/10/01 09:30:31 OK   00013_audit_signed_segments.sql (8.8ms)\n"}
{"Time":"2026-10-01T09:30:31.660566+08:00","Action":"output","Package":"ops-platform/test/integration","Test":"TestFailedForwardMigrationRollsBackAndCanRecover","Output":"2026/10/01 09:30:31 OK   00014_audit_segment_predecessors.sql (4.13ms)\n"}
{"Time":"2026-10-01T09:30:31.660596+08:00","Action":"output","Package":"ops-platform/test/integration","Test":"TestFailedForwardMigrationRollsBackAndCanRecover","Output":"2026/10/01 09:30:31 goose: successfully migrated database to version: 14\n"}
{"Time":"2026-10-01T09:30:31.681271+08:00","Action":"output","Package":"ops-platform/test/integration","Test":"TestFailedForwardMigrationRollsBackAndCanRecover","Output":"2026/10/01 09:30:31 OK   00015_review_failure.sql (2.75ms)\n"}
{"Time":"2026-10-01T09:30:31.681301+08:00","Action":"output","Package":"ops-platform/test/integration","Test":"TestFailedForwardMigrationRollsBackAndCanRecover","Output":"2026/10/01 09:30:31 goose: successfully migrated database to version: 15\n"}
{"Time":"2026-10-01T09:30:31.681307+08:00","Action":"output","Package":"ops-platform/test/integration","Test":"TestFailedForwardMigrationRollsBackAndCanRecover","Output":"    migration_recovery_test.go:66: deliberate SQL division-by-zero rolled back DDL/version; corrected unapplied forward migration succeeded as migration_role\n"}
{"Time":"2026-10-01T09:30:31.725012+08:00","Action":"output","Package":"ops-platform/test/integration","Test":"TestFailedForwardMigrationRollsBackAndCanRecover","Output":"--- PASS: TestFailedForwardMigrationRollsBackAndCanRecover (0.22s)\n","OutputType":"frame"}
{"Time":"2026-10-01T09:30:31.725104+08:00","Action":"pass","Package":"ops-platform/test/integration","Test":"TestFailedForwardMigrationRollsBackAndCanRecover","Elapsed":0.22}
{"Time":"2026-10-01T09:30:31.725125+08:00","Action":"run","Package":"ops-platform/test/integration","Test":"TestMigrationScriptsAreForwardOnlyAndContiguous"}
{"Time":"2026-10-01T09:30:31.725134+08:00","Action":"output","Package":"ops-platform/test/integration","Test":"TestMigrationScriptsAreForwardOnlyAndContiguous","Output":"=== RUN   TestMigrationScriptsAreForwardOnlyAndContiguous\n","OutputType":"frame"}
{"Time":"2026-10-01T09:30:31.725989+08:00","Action":"output","Package":"ops-platform/test/integration","Test":"TestMigrationScriptsAreForwardOnlyAndContiguous","Output":"--- PASS: TestMigrationScriptsAreForwardOnlyAndContiguous (0.00s)\n","OutputType":"frame"}
{"Time":"2026-10-01T09:30:31.72602+08:00","Action":"pass","Package":"ops-platform/test/integration","Test":"TestMigrationScriptsAreForwardOnlyAndContiguous","Elapsed":0}
{"Time":"2026-10-01T09:30:31.726032+08:00","Action":"run","Package":"ops-platform/test/integration","Test":"TestMigrationsAndRoles"}
{"Time":"2026-10-01T09:30:31.726039+08:00","Action":"output","Package":"ops-platform/test/integration","Test":"TestMigrationsAndRoles","Output":"=== RUN   TestMigrationsAndRoles\n","OutputType":"frame"}
{"Time":"2026-10-01T09:30:31.762403+08:00","Action":"output","Package":"ops-platform/test/integration","Test":"TestMigrationsAndRoles","Output":"2026/10/01 09:30:31 OK   00001_roles_and_schemas.sql (7.11ms)\n"}
{"Time":"2026-10-01T09:30:31.762528+08:00","Action":"output","Package":"ops-platform/test/integration","Test":"TestMigrationsAndRoles","Output":"2026/10/01 09:30:31 goose: successfully migrated database to version: 1\n"}
{"Time":"2026-10-01T09:30:31.782196+08:00","Action":"output","Package":"ops-platform/test/integration","Test":"TestMigrationsAndRoles","Output":"2026/10/01 09:30:31 OK   00002_platform_meta.sql (13.29ms)\n"}
{"Time":"2026-10-01T09:30:31.787688+08:00","Action":"output","Package":"ops-platform/test/integration","Test":"TestMigrationsAndRoles","Output":"2026/10/01 09:30:31 OK   00003_finding.sql (5.32ms)\n"}
{"Time":"2026-10-01T09:30:31.791618+08:00","Action":"output","Package":"ops-platform/test/integration","Test":"TestMigrationsAndRoles","Output":"2026/10/01 09:30:31 OK   00004_incident.sql (3.74ms)\n"}
{"Time":"2026-10-01T09:30:31.796199+08:00","Action":"output","Package":"ops-platform/test/integration","Test":"TestMigrationsAndRoles","Output":"2026/10/01 09:30:31 OK   00005_investigation.sql (4.21ms)\n"}
{"Time":"2026-10-01T09:30:31.800984+08:00","Action":"output","Package":"ops-platform/test/integration","Test":"TestMigrationsAndRoles","Output":"2026/10/01 09:30:31 OK   00006_action_command.sql (4.61ms)\n"}
{"Time":"2026-10-01T09:30:31.807767+08:00","Action":"output","Package":"ops-platform/test/integration","Test":"TestMigrationsAndRoles","Output":"2026/10/01 09:30:31 OK   00007_audit.sql (6.55ms)\n"}
{"Time":"2026-10-01T09:30:31.814713+08:00","Action":"output","Package":"ops-platform/test/integration","Test":"TestMigrationsAndRoles","Output":"2026/10/01 09:30:31 OK   00008_rls.sql (6.66ms)\n"}
{"Time":"2026-10-01T09:30:31.820804+08:00","Action":"output","Package":"ops-platform/test/integration","Test":"TestMigrationsAndRoles","Output":"2026/10/01 09:30:31 OK   00009_idempotency_ledger.sql (5.58ms)\n"}
{"Time":"2026-10-01T09:30:31.824336+08:00","Action":"output","Package":"ops-platform/test/integration","Test":"TestMigrationsAndRoles","Output":"2026/10/01 09:30:31 OK   00010_tenant_provisioning.sql (3.33ms)\n"}
{"Time":"2026-10-01T09:30:31.829364+08:00","Action":"output","Package":"ops-platform/test/integration","Test":"TestMigrationsAndRoles","Output":"2026/10/01 09:30:31 OK   00011_source_registration_history.sql (4.77ms)\n"}
{"Time":"2026-10-01T09:30:31.835933+08:00","Action":"output","Package":"ops-platform/test/integration","Test":"TestMigrationsAndRoles","Output":"2026/10/01 09:30:31 OK   00012_config_registry_lifecycle.sql (6.18ms)\n"}
{"Time":"2026-10-01T09:30:31.84469+08:00","Action":"output","Package":"ops-platform/test/integration","Test":"TestMigrationsAndRoles","Output":"2026/10/01 09:30:31 OK   00013_audit_signed_segments.sql (8.48ms)\n"}
{"Time":"2026-10-01T09:30:31.849184+08:00","Action":"output","Package":"ops-platform/test/integration","Test":"TestMigrationsAndRoles","Output":"2026/10/01 09:30:31 OK   00014_audit_segment_predecessors.sql (4.38ms)\n"}
{"Time":"2026-10-01T09:30:31.849204+08:00","Action":"output","Package":"ops-platform/test/integration","Test":"TestMigrationsAndRoles","Output":"2026/10/01 09:30:31 goose: successfully migrated database to version: 14\n"}
{"Time":"2026-10-01T09:30:31.891603+08:00","Action":"output","Package":"ops-platform/test/integration","Test":"TestMigrationsAndRoles","Output":"--- PASS: TestMigrationsAndRoles (0.17s)\n","OutputType":"frame"}
{"Time":"2026-10-01T09:30:31.891675+08:00","Action":"pass","Package":"ops-platform/test/integration","Test":"TestMigrationsAndRoles","Elapsed":0.17}
{"Time":"2026-10-01T09:30:31.891692+08:00","Action":"run","Package":"ops-platform/test/integration","Test":"TestMigrationsUpgradeVersionOneData"}
{"Time":"2026-10-01T09:30:31.8917+08:00","Action":"output","Package":"ops-platform/test/integration","Test":"TestMigrationsUpgradeVersionOneData","Output":"=== RUN   TestMigrationsUpgradeVersionOneData\n","OutputType":"frame"}
{"Time":"2026-10-01T09:30:31.925538+08:00","Action":"output","Package":"ops-platform/test/integration","Test":"TestMigrationsUpgradeVersionOneData","Output":"2026/10/01 09:30:31 OK   00001_roles_and_schemas.sql (6.41ms)\n"}
{"Time":"2026-10-01T09:30:31.925604+08:00","Action":"output","Package":"ops-platform/test/integration","Test":"TestMigrationsUpgradeVersionOneData","Output":"2026/10/01 09:30:31 goose: successfully migrated database to version: 1\n"}
{"Time":"2026-10-01T09:30:31.945758+08:00","Action":"output","Package":"ops-platform/test/integration","Test":"TestMigrationsUpgradeVersionOneData","Output":"2026/10/01 09:30:31 OK   00002_platform_meta.sql (12.91ms)\n"}
{"Time":"2026-10-01T09:30:31.951387+08:00","Action":"output","Package":"ops-platform/test/integration","Test":"TestMigrationsUpgradeVersionOneData","Output":"2026/10/01 09:30:31 OK   00003_finding.sql (5.4ms)\n"}
{"Time":"2026-10-01T09:30:31.955855+08:00","Action":"output","Package":"ops-platform/test/integration","Test":"TestMigrationsUpgradeVersionOneData","Output":"2026/10/01 09:30:31 OK   00004_incident.sql (4.31ms)\n"}
{"Time":"2026-10-01T09:30:31.961371+08:00","Action":"output","Package":"ops-platform/test/integration","Test":"TestMigrationsUpgradeVersionOneData","Output":"2026/10/01 09:30:31 OK   00005_investigation.sql (5.34ms)\n"}
{"Time":"2026-10-01T09:30:31.969461+08:00","Action":"output","Package":"ops-platform/test/integration","Test":"TestMigrationsUpgradeVersionOneData","Output":"2026/10/01 09:30:31 OK   00006_action_command.sql (7.87ms)\n"}
{"Time":"2026-10-01T09:30:31.979331+08:00","Action":"output","Package":"ops-platform/test/integration","Test":"TestMigrationsUpgradeVersionOneData","Output":"2026/10/01 09:30:31 OK   00007_audit.sql (9.6ms)\n"}
{"Time":"2026-10-01T09:30:31.987178+08:00","Action":"output","Package":"ops-platform/test/integration","Test":"TestMigrationsUpgradeVersionOneData","Output":"2026/10/01 09:30:31 OK   00008_rls.sql (7.41ms)\n"}
{"Time":"2026-10-01T09:30:31.99407+08:00","Action":"output","Package":"ops-platform/test/integration","Test":"TestMigrationsUpgradeVersionOneData","Output":"2026/10/01 09:30:31 OK   00009_idempotency_ledger.sql (6.71ms)\n"}
{"Time":"2026-10-01T09:30:31.998169+08:00","Action":"output","Package":"ops-platform/test/integration","Test":"TestMigrationsUpgradeVersionOneData","Output":"2026/10/01 09:30:31 OK   00010_tenant_provisioning.sql (3.88ms)\n"}
{"Time":"2026-10-01T09:30:32.004218+08:00","Action":"output","Package":"ops-platform/test/integration","Test":"TestMigrationsUpgradeVersionOneData","Output":"2026/10/01 09:30:32 OK   00011_source_registration_history.sql (5.57ms)\n"}
{"Time":"2026-10-01T09:30:32.01283+08:00","Action":"output","Package":"ops-platform/test/integration","Test":"TestMigrationsUpgradeVersionOneData","Output":"2026/10/01 09:30:32 OK   00012_config_registry_lifecycle.sql (8.41ms)\n"}
{"Time":"2026-10-01T09:30:32.023586+08:00","Action":"output","Package":"ops-platform/test/integration","Test":"TestMigrationsUpgradeVersionOneData","Output":"2026/10/01 09:30:32 OK   00013_audit_signed_segments.sql (10.52ms)\n"}
{"Time":"2026-10-01T09:30:32.028603+08:00","Action":"output","Package":"ops-platform/test/integration","Test":"TestMigrationsUpgradeVersionOneData","Output":"2026/10/01 09:30:32 OK   00014_audit_segment_predecessors.sql (4.83ms)\n"}
{"Time":"2026-10-01T09:30:32.028711+08:00","Action":"output","Package":"ops-platform/test/integration","Test":"TestMigrationsUpgradeVersionOneData","Output":"2026/10/01 09:30:32 goose: successfully migrated database to version: 14\n"}
{"Time":"2026-10-01T09:30:32.186003+08:00","Action":"output","Package":"ops-platform/test/integration","Test":"TestMigrationsUpgradeVersionOneData","Output":"--- PASS: TestMigrationsUpgradeVersionOneData (0.29s)\n","OutputType":"frame"}
{"Time":"2026-10-01T09:30:32.186058+08:00","Action":"pass","Package":"ops-platform/test/integration","Test":"TestMigrationsUpgradeVersionOneData","Elapsed":0.29}
{"Time":"2026-10-01T09:30:32.186076+08:00","Action":"run","Package":"ops-platform/test/integration","Test":"TestWithTenantTxIsolatesTenantsAndUsesAppendOnlyAudit"}
{"Time":"2026-10-01T09:30:32.186084+08:00","Action":"output","Package":"ops-platform/test/integration","Test":"TestWithTenantTxIsolatesTenantsAndUsesAppendOnlyAudit","Output":"=== RUN   TestWithTenantTxIsolatesTenantsAndUsesAppendOnlyAudit\n","OutputType":"frame"}
{"Time":"2026-10-01T09:30:32.22685+08:00","Action":"output","Package":"ops-platform/test/integration","Test":"TestWithTenantTxIsolatesTenantsAndUsesAppendOnlyAudit","Output":"2026/10/01 09:30:32 OK   00001_roles_and_schemas.sql (8.24ms)\n"}
{"Time":"2026-10-01T09:30:32.226912+08:00","Action":"output","Package":"ops-platform/test/integration","Test":"TestWithTenantTxIsolatesTenantsAndUsesAppendOnlyAudit","Output":"2026/10/01 09:30:32 goose: successfully migrated database to version: 1\n"}
{"Time":"2026-10-01T09:30:32.247365+08:00","Action":"output","Package":"ops-platform/test/integration","Test":"TestWithTenantTxIsolatesTenantsAndUsesAppendOnlyAudit","Output":"2026/10/01 09:30:32 OK   00002_platform_meta.sql (13.72ms)\n"}
{"Time":"2026-10-01T09:30:32.252918+08:00","Action":"output","Package":"ops-platform/test/integration","Test":"TestWithTenantTxIsolatesTenantsAndUsesAppendOnlyAudit","Output":"2026/10/01 09:30:32 OK   00003_finding.sql (5.39ms)\n"}
{"Time":"2026-10-01T09:30:32.257032+08:00","Action":"output","Package":"ops-platform/test/integration","Test":"TestWithTenantTxIsolatesTenantsAndUsesAppendOnlyAudit","Output":"2026/10/01 09:30:32 OK   00004_incident.sql (3.93ms)\n"}
{"Time":"2026-10-01T09:30:32.262167+08:00","Action":"output","Package":"ops-platform/test/integration","Test":"TestWithTenantTxIsolatesTenantsAndUsesAppendOnlyAudit","Output":"2026/10/01 09:30:32 OK   00005_investigation.sql (4.93ms)\n"}
{"Time":"2026-10-01T09:30:32.26691+08:00","Action":"output","Package":"ops-platform/test/integration","Test":"TestWithTenantTxIsolatesTenantsAndUsesAppendOnlyAudit","Output":"2026/10/01 09:30:32 OK   00006_action_command.sql (4.54ms)\n"}
{"Time":"2026-10-01T09:30:32.27466+08:00","Action":"output","Package":"ops-platform/test/integration","Test":"TestWithTenantTxIsolatesTenantsAndUsesAppendOnlyAudit","Output":"2026/10/01 09:30:32 OK   00007_audit.sql (7.52ms)\n"}
{"Time":"2026-10-01T09:30:32.282334+08:00","Action":"output","Package":"ops-platform/test/integration","Test":"TestWithTenantTxIsolatesTenantsAndUsesAppendOnlyAudit","Output":"2026/10/01 09:30:32 OK   00008_rls.sql (7.48ms)\n"}
{"Time":"2026-10-01T09:30:32.28777+08:00","Action":"output","Package":"ops-platform/test/integration","Test":"TestWithTenantTxIsolatesTenantsAndUsesAppendOnlyAudit","Output":"2026/10/01 09:30:32 OK   00009_idempotency_ledger.sql (5.17ms)\n"}
{"Time":"2026-10-01T09:30:32.291368+08:00","Action":"output","Package":"ops-platform/test/integration","Test":"TestWithTenantTxIsolatesTenantsAndUsesAppendOnlyAudit","Output":"2026/10/01 09:30:32 OK   00010_tenant_provisioning.sql (3.44ms)\n"}
{"Time":"2026-10-01T09:30:32.301132+08:00","Action":"output","Package":"ops-platform/test/integration","Test":"TestWithTenantTxIsolatesTenantsAndUsesAppendOnlyAudit","Output":"2026/10/01 09:30:32 OK   00011_source_registration_history.sql (9.56ms)\n"}
{"Time":"2026-10-01T09:30:32.308294+08:00","Action":"output","Package":"ops-platform/test/integration","Test":"TestWithTenantTxIsolatesTenantsAndUsesAppendOnlyAudit","Output":"2026/10/01 09:30:32 OK   00012_config_registry_lifecycle.sql (6.92ms)\n"}
{"Time":"2026-10-01T09:30:32.317895+08:00","Action":"output","Package":"ops-platform/test/integration","Test":"TestWithTenantTxIsolatesTenantsAndUsesAppendOnlyAudit","Output":"2026/10/01 09:30:32 OK   00013_audit_signed_segments.sql (9.37ms)\n"}
{"Time":"2026-10-01T09:30:32.321546+08:00","Action":"output","Package":"ops-platform/test/integration","Test":"TestWithTenantTxIsolatesTenantsAndUsesAppendOnlyAudit","Output":"2026/10/01 09:30:32 OK   00014_audit_segment_predecessors.sql (3.51ms)\n"}
{"Time":"2026-10-01T09:30:32.321604+08:00","Action":"output","Package":"ops-platform/test/integration","Test":"TestWithTenantTxIsolatesTenantsAndUsesAppendOnlyAudit","Output":"2026/10/01 09:30:32 goose: successfully migrated database to version: 14\n"}
{"Time":"2026-10-01T09:30:32.374136+08:00","Action":"output","Package":"ops-platform/test/integration","Test":"TestWithTenantTxIsolatesTenantsAndUsesAppendOnlyAudit","Output":"--- PASS: TestWithTenantTxIsolatesTenantsAndUsesAppendOnlyAudit (0.19s)\n","OutputType":"frame"}
{"Time":"2026-10-01T09:30:32.374198+08:00","Action":"pass","Package":"ops-platform/test/integration","Test":"TestWithTenantTxIsolatesTenantsAndUsesAppendOnlyAudit","Elapsed":0.19}
{"Time":"2026-10-01T09:30:32.374215+08:00","Action":"run","Package":"ops-platform/test/integration","Test":"TestRealVictoriaMetricsScrapesPlatformProcessMetric"}
{"Time":"2026-10-01T09:30:32.374226+08:00","Action":"output","Package":"ops-platform/test/integration","Test":"TestRealVictoriaMetricsScrapesPlatformProcessMetric","Output":"=== RUN   TestRealVictoriaMetricsScrapesPlatformProcessMetric\n","OutputType":"frame"}
{"Time":"2026-10-01T09:30:37.913942+08:00","Action":"output","Package":"ops-platform/test/integration","Test":"TestRealVictoriaMetricsScrapesPlatformProcessMetric","Output":"--- PASS: TestRealVictoriaMetricsScrapesPlatformProcessMetric (5.54s)\n","OutputType":"frame"}
{"Time":"2026-10-01T09:30:37.914082+08:00","Action":"pass","Package":"ops-platform/test/integration","Test":"TestRealVictoriaMetricsScrapesPlatformProcessMetric","Elapsed":5.54}
{"Time":"2026-10-01T09:30:37.91421+08:00","Action":"run","Package":"ops-platform/test/integration","Test":"TestRealVictoriaLogsAcceptsStructuredPlatformStdout"}
{"Time":"2026-10-01T09:30:37.914299+08:00","Action":"output","Package":"ops-platform/test/integration","Test":"TestRealVictoriaLogsAcceptsStructuredPlatformStdout","Output":"=== RUN   TestRealVictoriaLogsAcceptsStructuredPlatformStdout\n","OutputType":"frame"}
{"Time":"2026-10-01T09:30:38.948309+08:00","Action":"output","Package":"ops-platform/test/integration","Test":"TestRealVictoriaLogsAcceptsStructuredPlatformStdout","Output":"--- PASS: TestRealVictoriaLogsAcceptsStructuredPlatformStdout (1.03s)\n","OutputType":"frame"}
{"Time":"2026-10-01T09:30:38.948603+08:00","Action":"pass","Package":"ops-platform/test/integration","Test":"TestRealVictoriaLogsAcceptsStructuredPlatformStdout","Elapsed":1.03}
{"Time":"2026-10-01T09:30:38.94871+08:00","Action":"run","Package":"ops-platform/test/integration","Test":"TestRealProjectedPodTokensAuthenticateOpenBaoAndWorkloadMTLS"}
{"Time":"2026-10-01T09:30:38.948765+08:00","Action":"output","Package":"ops-platform/test/integration","Test":"TestRealProjectedPodTokensAuthenticateOpenBaoAndWorkloadMTLS","Output":"=== RUN   TestRealProjectedPodTokensAuthenticateOpenBaoAndWorkloadMTLS\n","OutputType":"frame"}
{"Time":"2026-10-01T09:30:38.948802+08:00","Action":"output","Package":"ops-platform/test/integration","Test":"TestRealProjectedPodTokensAuthenticateOpenBaoAndWorkloadMTLS","Output":"    projected_workload_test.go:37: isolated Kubernetes TokenReview/OpenBao authorization and environment are required\n"}
{"Time":"2026-10-01T09:30:38.949184+08:00","Action":"output","Package":"ops-platform/test/integration","Test":"TestRealProjectedPodTokensAuthenticateOpenBaoAndWorkloadMTLS","Output":"--- SKIP: TestRealProjectedPodTokensAuthenticateOpenBaoAndWorkloadMTLS (0.00s)\n","OutputType":"frame"}
{"Time":"2026-10-01T09:30:38.949326+08:00","Action":"skip","Package":"ops-platform/test/integration","Test":"TestRealProjectedPodTokensAuthenticateOpenBaoAndWorkloadMTLS","Elapsed":0}
{"Time":"2026-10-01T09:30:38.949377+08:00","Action":"run","Package":"ops-platform/test/integration","Test":"TestRuntimeDatabaseLoginCannotRegainOwnerOrOtherProcess"}
{"Time":"2026-10-01T09:30:38.949407+08:00","Action":"output","Package":"ops-platform/test/integration","Test":"TestRuntimeDatabaseLoginCannotRegainOwnerOrOtherProcess","Output":"=== RUN   TestRuntimeDatabaseLoginCannotRegainOwnerOrOtherProcess\n","OutputType":"frame"}
{"Time":"2026-10-01T09:30:39.035587+08:00","Action":"output","Package":"ops-platform/test/integration","Test":"TestRuntimeDatabaseLoginCannotRegainOwnerOrOtherProcess","Output":"2026/10/01 09:30:39 OK   00001_roles_and_schemas.sql (12.51ms)\n"}
{"Time":"2026-10-01T09:30:39.056267+08:00","Action":"output","Package":"ops-platform/test/integration","Test":"TestRuntimeDatabaseLoginCannotRegainOwnerOrOtherProcess","Output":"2026/10/01 09:30:39 OK   00002_platform_meta.sql (19.63ms)\n"}
{"Time":"2026-10-01T09:30:39.063668+08:00","Action":"output","Package":"ops-platform/test/integration","Test":"TestRuntimeDatabaseLoginCannotRegainOwnerOrOtherProcess","Output":"2026/10/01 09:30:39 OK   00003_finding.sql (7.17ms)\n"}
{"Time":"2026-10-01T09:30:39.069217+08:00","Action":"output","Package":"ops-platform/test/integration","Test":"TestRuntimeDatabaseLoginCannotRegainOwnerOrOtherProcess","Output":"2026/10/01 09:30:39 OK   00004_incident.sql (5.33ms)\n"}
{"Time":"2026-10-01T09:30:39.076068+08:00","Action":"output","Package":"ops-platform/test/integration","Test":"TestRuntimeDatabaseLoginCannotRegainOwnerOrOtherProcess","Output":"2026/10/01 09:30:39 OK   00005_investigation.sql (6.42ms)\n"}
{"Time":"2026-10-01T09:30:39.082685+08:00","Action":"output","Package":"ops-platform/test/integration","Test":"TestRuntimeDatabaseLoginCannotRegainOwnerOrOtherProcess","Output":"2026/10/01 09:30:39 OK   00006_action_command.sql (6.33ms)\n"}
{"Time":"2026-10-01T09:30:39.09428+08:00","Action":"output","Package":"ops-platform/test/integration","Test":"TestRuntimeDatabaseLoginCannotRegainOwnerOrOtherProcess","Output":"2026/10/01 09:30:39 OK   00007_audit.sql (11.28ms)\n"}
{"Time":"2026-10-01T09:30:39.10344+08:00","Action":"output","Package":"ops-platform/test/integration","Test":"TestRuntimeDatabaseLoginCannotRegainOwnerOrOtherProcess","Output":"2026/10/01 09:30:39 OK   00008_rls.sql (8.86ms)\n"}
{"Time":"2026-10-01T09:30:39.111789+08:00","Action":"output","Package":"ops-platform/test/integration","Test":"TestRuntimeDatabaseLoginCannotRegainOwnerOrOtherProcess","Output":"2026/10/01 09:30:39 OK   00009_idempotency_ledger.sql (6.84ms)\n"}
{"Time":"2026-10-01T09:30:39.118464+08:00","Action":"output","Package":"ops-platform/test/integration","Test":"TestRuntimeDatabaseLoginCannotRegainOwnerOrOtherProcess","Output":"2026/10/01 09:30:39 OK   00010_tenant_provisioning.sql (6.4ms)\n"}
{"Time":"2026-10-01T09:30:39.12498+08:00","Action":"output","Package":"ops-platform/test/integration","Test":"TestRuntimeDatabaseLoginCannotRegainOwnerOrOtherProcess","Output":"2026/10/01 09:30:39 OK   00011_source_registration_history.sql (6.05ms)\n"}
{"Time":"2026-10-01T09:30:39.132897+08:00","Action":"output","Package":"ops-platform/test/integration","Test":"TestRuntimeDatabaseLoginCannotRegainOwnerOrOtherProcess","Output":"2026/10/01 09:30:39 OK   00012_config_registry_lifecycle.sql (7.69ms)\n"}
{"Time":"2026-10-01T09:30:39.143072+08:00","Action":"output","Package":"ops-platform/test/integration","Test":"TestRuntimeDatabaseLoginCannotRegainOwnerOrOtherProcess","Output":"2026/10/01 09:30:39 OK   00013_audit_signed_segments.sql (9.92ms)\n"}
{"Time":"2026-10-01T09:30:39.148068+08:00","Action":"output","Package":"ops-platform/test/integration","Test":"TestRuntimeDatabaseLoginCannotRegainOwnerOrOtherProcess","Output":"2026/10/01 09:30:39 OK   00014_audit_segment_predecessors.sql (4.78ms)\n"}
{"Time":"2026-10-01T09:30:39.148137+08:00","Action":"output","Package":"ops-platform/test/integration","Test":"TestRuntimeDatabaseLoginCannotRegainOwnerOrOtherProcess","Output":"2026/10/01 09:30:39 goose: successfully migrated database to version: 14\n"}
{"Time":"2026-10-01T09:30:39.307336+08:00","Action":"output","Package":"ops-platform/test/integration","Test":"TestRuntimeDatabaseLoginCannotRegainOwnerOrOtherProcess","Output":"--- PASS: TestRuntimeDatabaseLoginCannotRegainOwnerOrOtherProcess (0.36s)\n","OutputType":"frame"}
{"Time":"2026-10-01T09:30:39.307402+08:00","Action":"pass","Package":"ops-platform/test/integration","Test":"TestRuntimeDatabaseLoginCannotRegainOwnerOrOtherProcess","Elapsed":0.36}
{"Time":"2026-10-01T09:30:39.30742+08:00","Action":"run","Package":"ops-platform/test/integration","Test":"TestSourceRegistrationsAreTenantBoundRevisionedAndAudited"}
{"Time":"2026-10-01T09:30:39.30743+08:00","Action":"output","Package":"ops-platform/test/integration","Test":"TestSourceRegistrationsAreTenantBoundRevisionedAndAudited","Output":"=== RUN   TestSourceRegistrationsAreTenantBoundRevisionedAndAudited\n","OutputType":"frame"}
{"Time":"2026-10-01T09:30:39.356021+08:00","Action":"output","Package":"ops-platform/test/integration","Test":"TestSourceRegistrationsAreTenantBoundRevisionedAndAudited","Output":"2026/10/01 09:30:39 OK   00001_roles_and_schemas.sql (8.14ms)\n"}
{"Time":"2026-10-01T09:30:39.356102+08:00","Action":"output","Package":"ops-platform/test/integration","Test":"TestSourceRegistrationsAreTenantBoundRevisionedAndAudited","Output":"2026/10/01 09:30:39 goose: successfully migrated database to version: 1\n"}
{"Time":"2026-10-01T09:30:39.380699+08:00","Action":"output","Package":"ops-platform/test/integration","Test":"TestSourceRegistrationsAreTenantBoundRevisionedAndAudited","Output":"2026/10/01 09:30:39 OK   00002_platform_meta.sql (17.57ms)\n"}
{"Time":"2026-10-01T09:30:39.388016+08:00","Action":"output","Package":"ops-platform/test/integration","Test":"TestSourceRegistrationsAreTenantBoundRevisionedAndAudited","Output":"2026/10/01 09:30:39 OK   00003_finding.sql (7.03ms)\n"}
{"Time":"2026-10-01T09:30:39.392544+08:00","Action":"output","Package":"ops-platform/test/integration","Test":"TestSourceRegistrationsAreTenantBoundRevisionedAndAudited","Output":"2026/10/01 09:30:39 OK   00004_incident.sql (4.29ms)\n"}
{"Time":"2026-10-01T09:30:39.398644+08:00","Action":"output","Package":"ops-platform/test/integration","Test":"TestSourceRegistrationsAreTenantBoundRevisionedAndAudited","Output":"2026/10/01 09:30:39 OK   00005_investigation.sql (5.77ms)\n"}
{"Time":"2026-10-01T09:30:39.404788+08:00","Action":"output","Package":"ops-platform/test/integration","Test":"TestSourceRegistrationsAreTenantBoundRevisionedAndAudited","Output":"2026/10/01 09:30:39 OK   00006_action_command.sql (5.83ms)\n"}
{"Time":"2026-10-01T09:30:39.41334+08:00","Action":"output","Package":"ops-platform/test/integration","Test":"TestSourceRegistrationsAreTenantBoundRevisionedAndAudited","Output":"2026/10/01 09:30:39 OK   00007_audit.sql (8.22ms)\n"}
{"Time":"2026-10-01T09:30:39.422962+08:00","Action":"output","Package":"ops-platform/test/integration","Test":"TestSourceRegistrationsAreTenantBoundRevisionedAndAudited","Output":"2026/10/01 09:30:39 OK   00008_rls.sql (9.35ms)\n"}
{"Time":"2026-10-01T09:30:39.428922+08:00","Action":"output","Package":"ops-platform/test/integration","Test":"TestSourceRegistrationsAreTenantBoundRevisionedAndAudited","Output":"2026/10/01 09:30:39 OK   00009_idempotency_ledger.sql (5.7ms)\n"}
{"Time":"2026-10-01T09:30:39.433104+08:00","Action":"output","Package":"ops-platform/test/integration","Test":"TestSourceRegistrationsAreTenantBoundRevisionedAndAudited","Output":"2026/10/01 09:30:39 OK   00010_tenant_provisioning.sql (3.97ms)\n"}
{"Time":"2026-10-01T09:30:39.439156+08:00","Action":"output","Package":"ops-platform/test/integration","Test":"TestSourceRegistrationsAreTenantBoundRevisionedAndAudited","Output":"2026/10/01 09:30:39 OK   00011_source_registration_history.sql (5.77ms)\n"}
{"Time":"2026-10-01T09:30:39.446891+08:00","Action":"output","Package":"ops-platform/test/integration","Test":"TestSourceRegistrationsAreTenantBoundRevisionedAndAudited","Output":"2026/10/01 09:30:39 OK   00012_config_registry_lifecycle.sql (7.44ms)\n"}
{"Time":"2026-10-01T09:30:39.457446+08:00","Action":"output","Package":"ops-platform/test/integration","Test":"TestSourceRegistrationsAreTenantBoundRevisionedAndAudited","Output":"2026/10/01 09:30:39 OK   00013_audit_signed_segments.sql (10.18ms)\n"}
{"Time":"2026-10-01T09:30:39.462333+08:00","Action":"output","Package":"ops-platform/test/integration","Test":"TestSourceRegistrationsAreTenantBoundRevisionedAndAudited","Output":"2026/10/01 09:30:39 OK   00014_audit_segment_predecessors.sql (4.76ms)\n"}
{"Time":"2026-10-01T09:30:39.462357+08:00","Action":"output","Package":"ops-platform/test/integration","Test":"TestSourceRegistrationsAreTenantBoundRevisionedAndAudited","Output":"2026/10/01 09:30:39 goose: successfully migrated database to version: 14\n"}
{"Time":"2026-10-01T09:30:39.492201+08:00","Action":"run","Package":"ops-platform/test/integration","Test":"TestSourceRegistrationsAreTenantBoundRevisionedAndAudited/payload-tenant"}
{"Time":"2026-10-01T09:30:39.49223+08:00","Action":"output","Package":"ops-platform/test/integration","Test":"TestSourceRegistrationsAreTenantBoundRevisionedAndAudited/payload-tenant","Output":"=== RUN   TestSourceRegistrationsAreTenantBoundRevisionedAndAudited/payload-tenant\n","OutputType":"frame"}
{"Time":"2026-10-01T09:30:39.492842+08:00","Action":"output","Package":"ops-platform/test/integration","Test":"TestSourceRegistrationsAreTenantBoundRevisionedAndAudited/payload-tenant","Output":"--- PASS: TestSourceRegistrationsAreTenantBoundRevisionedAndAudited/payload-tenant (0.00s)\n","OutputType":"frame"}
{"Time":"2026-10-01T09:30:39.492849+08:00","Action":"pass","Package":"ops-platform/test/integration","Test":"TestSourceRegistrationsAreTenantBoundRevisionedAndAudited/payload-tenant","Elapsed":0}
{"Time":"2026-10-01T09:30:39.492855+08:00","Action":"run","Package":"ops-platform/test/integration","Test":"TestSourceRegistrationsAreTenantBoundRevisionedAndAudited/payload-cluster"}
{"Time":"2026-10-01T09:30:39.492858+08:00","Action":"output","Package":"ops-platform/test/integration","Test":"TestSourceRegistrationsAreTenantBoundRevisionedAndAudited/payload-cluster","Output":"=== RUN   TestSourceRegistrationsAreTenantBoundRevisionedAndAudited/payload-cluster\n","OutputType":"frame"}
{"Time":"2026-10-01T09:30:39.493489+08:00","Action":"output","Package":"ops-platform/test/integration","Test":"TestSourceRegistrationsAreTenantBoundRevisionedAndAudited/payload-cluster","Output":"--- PASS: TestSourceRegistrationsAreTenantBoundRevisionedAndAudited/payload-cluster (0.00s)\n","OutputType":"frame"}
{"Time":"2026-10-01T09:30:39.493498+08:00","Action":"pass","Package":"ops-platform/test/integration","Test":"TestSourceRegistrationsAreTenantBoundRevisionedAndAudited/payload-cluster","Elapsed":0}
{"Time":"2026-10-01T09:30:39.566588+08:00","Action":"output","Package":"ops-platform/test/integration","Test":"TestSourceRegistrationsAreTenantBoundRevisionedAndAudited","Output":"--- PASS: TestSourceRegistrationsAreTenantBoundRevisionedAndAudited (0.26s)\n","OutputType":"frame"}
{"Time":"2026-10-01T09:30:39.566622+08:00","Action":"pass","Package":"ops-platform/test/integration","Test":"TestSourceRegistrationsAreTenantBoundRevisionedAndAudited","Elapsed":0.26}
{"Time":"2026-10-01T09:30:39.566632+08:00","Action":"run","Package":"ops-platform/test/integration","Test":"TestRevokedStepUpCannotBeRecreatedByReplayingSameJWT"}
{"Time":"2026-10-01T09:30:39.566635+08:00","Action":"output","Package":"ops-platform/test/integration","Test":"TestRevokedStepUpCannotBeRecreatedByReplayingSameJWT","Output":"=== RUN   TestRevokedStepUpCannotBeRecreatedByReplayingSameJWT\n","OutputType":"frame"}
{"Time":"2026-10-01T09:30:39.601291+08:00","Action":"output","Package":"ops-platform/test/integration","Test":"TestRevokedStepUpCannotBeRecreatedByReplayingSameJWT","Output":"2026/10/01 09:30:39 OK   00001_roles_and_schemas.sql (6.34ms)\n"}
{"Time":"2026-10-01T09:30:39.613573+08:00","Action":"output","Package":"ops-platform/test/integration","Test":"TestRevokedStepUpCannotBeRecreatedByReplayingSameJWT","Output":"2026/10/01 09:30:39 OK   00002_platform_meta.sql (12.16ms)\n"}
{"Time":"2026-10-01T09:30:39.61894+08:00","Action":"output","Package":"ops-platform/test/integration","Test":"TestRevokedStepUpCannotBeRecreatedByReplayingSameJWT","Output":"2026/10/01 09:30:39 OK   00003_finding.sql (5.25ms)\n"}
{"Time":"2026-10-01T09:30:39.622645+08:00","Action":"output","Package":"ops-platform/test/integration","Test":"TestRevokedStepUpCannotBeRecreatedByReplayingSameJWT","Output":"2026/10/01 09:30:39 OK   00004_incident.sql (3.61ms)\n"}
{"Time":"2026-10-01T09:30:39.626896+08:00","Action":"output","Package":"ops-platform/test/integration","Test":"TestRevokedStepUpCannotBeRecreatedByReplayingSameJWT","Output":"2026/10/01 09:30:39 OK   00005_investigation.sql (4.08ms)\n"}
{"Time":"2026-10-01T09:30:39.63115+08:00","Action":"output","Package":"ops-platform/test/integration","Test":"TestRevokedStepUpCannotBeRecreatedByReplayingSameJWT","Output":"2026/10/01 09:30:39 OK   00006_action_command.sql (3.96ms)\n"}
{"Time":"2026-10-01T09:30:39.639615+08:00","Action":"output","Package":"ops-platform/test/integration","Test":"TestRevokedStepUpCannotBeRecreatedByReplayingSameJWT","Output":"2026/10/01 09:30:39 OK   00007_audit.sql (8.1ms)\n"}
{"Time":"2026-10-01T09:30:39.645981+08:00","Action":"output","Package":"ops-platform/test/integration","Test":"TestRevokedStepUpCannotBeRecreatedByReplayingSameJWT","Output":"2026/10/01 09:30:39 OK   00008_rls.sql (6.15ms)\n"}
{"Time":"2026-10-01T09:30:39.651175+08:00","Action":"output","Package":"ops-platform/test/integration","Test":"TestRevokedStepUpCannotBeRecreatedByReplayingSameJWT","Output":"2026/10/01 09:30:39 OK   00009_idempotency_ledger.sql (4.99ms)\n"}
{"Time":"2026-10-01T09:30:39.654484+08:00","Action":"output","Package":"ops-platform/test/integration","Test":"TestRevokedStepUpCannotBeRecreatedByReplayingSameJWT","Output":"2026/10/01 09:30:39 OK   00010_tenant_provisioning.sql (3.22ms)\n"}
{"Time":"2026-10-01T09:30:39.658941+08:00","Action":"output","Package":"ops-platform/test/integration","Test":"TestRevokedStepUpCannotBeRecreatedByReplayingSameJWT","Output":"2026/10/01 09:30:39 OK   00011_source_registration_history.sql (4.39ms)\n"}
{"Time":"2026-10-01T09:30:39.665479+08:00","Action":"output","Package":"ops-platform/test/integration","Test":"TestRevokedStepUpCannotBeRecreatedByReplayingSameJWT","Output":"2026/10/01 09:30:39 OK   00012_config_registry_lifecycle.sql (6.32ms)\n"}
{"Time":"2026-10-01T09:30:39.67339+08:00","Action":"output","Package":"ops-platform/test/integration","Test":"TestRevokedStepUpCannotBeRecreatedByReplayingSameJWT","Output":"2026/10/01 09:30:39 OK   00013_audit_signed_segments.sql (7.8ms)\n"}
{"Time":"2026-10-01T09:30:39.677218+08:00","Action":"output","Package":"ops-platform/test/integration","Test":"TestRevokedStepUpCannotBeRecreatedByReplayingSameJWT","Output":"2026/10/01 09:30:39 OK   00014_audit_segment_predecessors.sql (3.73ms)\n"}
{"Time":"2026-10-01T09:30:39.677231+08:00","Action":"output","Package":"ops-platform/test/integration","Test":"TestRevokedStepUpCannotBeRecreatedByReplayingSameJWT","Output":"2026/10/01 09:30:39 goose: successfully migrated database to version: 14\n"}
{"Time":"2026-10-01T09:30:39.822936+08:00","Action":"output","Package":"ops-platform/test/integration","Test":"TestRevokedStepUpCannotBeRecreatedByReplayingSameJWT","Output":"--- PASS: TestRevokedStepUpCannotBeRecreatedByReplayingSameJWT (0.26s)\n","OutputType":"frame"}
{"Time":"2026-10-01T09:30:39.822994+08:00","Action":"pass","Package":"ops-platform/test/integration","Test":"TestRevokedStepUpCannotBeRecreatedByReplayingSameJWT","Elapsed":0.26}
{"Time":"2026-10-01T09:30:39.823011+08:00","Action":"run","Package":"ops-platform/test/integration","Test":"TestTenantProvisioningAndRoleBindingRevisions"}
{"Time":"2026-10-01T09:30:39.823046+08:00","Action":"output","Package":"ops-platform/test/integration","Test":"TestTenantProvisioningAndRoleBindingRevisions","Output":"=== RUN   TestTenantProvisioningAndRoleBindingRevisions\n","OutputType":"frame"}
{"Time":"2026-10-01T09:30:39.862146+08:00","Action":"output","Package":"ops-platform/test/integration","Test":"TestTenantProvisioningAndRoleBindingRevisions","Output":"2026/10/01 09:30:39 OK   00001_roles_and_schemas.sql (7.54ms)\n"}
{"Time":"2026-10-01T09:30:39.862206+08:00","Action":"output","Package":"ops-platform/test/integration","Test":"TestTenantProvisioningAndRoleBindingRevisions","Output":"2026/10/01 09:30:39 goose: successfully migrated database to version: 1\n"}
{"Time":"2026-10-01T09:30:39.881627+08:00","Action":"output","Package":"ops-platform/test/integration","Test":"TestTenantProvisioningAndRoleBindingRevisions","Output":"2026/10/01 09:30:39 OK   00002_platform_meta.sql (13.72ms)\n"}
{"Time":"2026-10-01T09:30:39.886733+08:00","Action":"output","Package":"ops-platform/test/integration","Test":"TestTenantProvisioningAndRoleBindingRevisions","Output":"2026/10/01 09:30:39 OK   00003_finding.sql (4.92ms)\n"}
{"Time":"2026-10-01T09:30:39.890837+08:00","Action":"output","Package":"ops-platform/test/integration","Test":"TestTenantProvisioningAndRoleBindingRevisions","Output":"2026/10/01 09:30:39 OK   00004_incident.sql (3.78ms)\n"}
{"Time":"2026-10-01T09:30:39.895003+08:00","Action":"output","Package":"ops-platform/test/integration","Test":"TestTenantProvisioningAndRoleBindingRevisions","Output":"2026/10/01 09:30:39 OK   00005_investigation.sql (4ms)\n"}
{"Time":"2026-10-01T09:30:39.899058+08:00","Action":"output","Package":"ops-platform/test/integration","Test":"TestTenantProvisioningAndRoleBindingRevisions","Output":"2026/10/01 09:30:39 OK   00006_action_command.sql (3.85ms)\n"}
{"Time":"2026-10-01T09:30:39.906186+08:00","Action":"output","Package":"ops-platform/test/integration","Test":"TestTenantProvisioningAndRoleBindingRevisions","Output":"2026/10/01 09:30:39 OK   00007_audit.sql (6.93ms)\n"}
{"Time":"2026-10-01T09:30:39.912958+08:00","Action":"output","Package":"ops-platform/test/integration","Test":"TestTenantProvisioningAndRoleBindingRevisions","Output":"2026/10/01 09:30:39 OK   00008_rls.sql (6.59ms)\n"}
{"Time":"2026-10-01T09:30:39.918007+08:00","Action":"output","Package":"ops-platform/test/integration","Test":"TestTenantProvisioningAndRoleBindingRevisions","Output":"2026/10/01 09:30:39 OK   00009_idempotency_ledger.sql (4.86ms)\n"}
{"Time":"2026-10-01T09:30:39.92157+08:00","Action":"output","Package":"ops-platform/test/integration","Test":"TestTenantProvisioningAndRoleBindingRevisions","Output":"2026/10/01 09:30:39 OK   00010_tenant_provisioning.sql (3.4ms)\n"}
{"Time":"2026-10-01T09:30:39.926091+08:00","Action":"output","Package":"ops-platform/test/integration","Test":"TestTenantProvisioningAndRoleBindingRevisions","Output":"2026/10/01 09:30:39 OK   00011_source_registration_history.sql (4.25ms)\n"}
{"Time":"2026-10-01T09:30:39.932432+08:00","Action":"output","Package":"ops-platform/test/integration","Test":"TestTenantProvisioningAndRoleBindingRevisions","Output":"2026/10/01 09:30:39 OK   00012_config_registry_lifecycle.sql (6.23ms)\n"}
{"Time":"2026-10-01T09:30:39.941256+08:00","Action":"output","Package":"ops-platform/test/integration","Test":"TestTenantProvisioningAndRoleBindingRevisions","Output":"2026/10/01 09:30:39 OK   00013_audit_signed_segments.sql (8.58ms)\n"}
{"Time":"2026-10-01T09:30:39.945192+08:00","Action":"output","Package":"ops-platform/test/integration","Test":"TestTenantProvisioningAndRoleBindingRevisions","Output":"2026/10/01 09:30:39 OK   00014_audit_segment_predecessors.sql (3.73ms)\n"}
{"Time":"2026-10-01T09:30:39.945248+08:00","Action":"output","Package":"ops-platform/test/integration","Test":"TestTenantProvisioningAndRoleBindingRevisions","Output":"2026/10/01 09:30:39 goose: successfully migrated database to version: 14\n"}
{"Time":"2026-10-01T09:30:39.997825+08:00","Action":"output","Package":"ops-platform/test/integration","Test":"TestTenantProvisioningAndRoleBindingRevisions","Output":"--- PASS: TestTenantProvisioningAndRoleBindingRevisions (0.17s)\n","OutputType":"frame"}
{"Time":"2026-10-01T09:30:39.997888+08:00","Action":"pass","Package":"ops-platform/test/integration","Test":"TestTenantProvisioningAndRoleBindingRevisions","Elapsed":0.17}
{"Time":"2026-10-01T09:30:39.997903+08:00","Action":"run","Package":"ops-platform/test/integration","Test":"TestRealAuditWorkerProjectedLoginResumesPendingAfterArchiveOutage"}
{"Time":"2026-10-01T09:30:39.99791+08:00","Action":"output","Package":"ops-platform/test/integration","Test":"TestRealAuditWorkerProjectedLoginResumesPendingAfterArchiveOutage","Output":"=== RUN   TestRealAuditWorkerProjectedLoginResumesPendingAfterArchiveOutage\n","OutputType":"frame"}
{"Time":"2026-10-01T09:30:39.997921+08:00","Action":"output","Package":"ops-platform/test/integration","Test":"TestRealAuditWorkerProjectedLoginResumesPendingAfterArchiveOutage","Output":"    worker_runtime_test.go:27: isolated Kubernetes TokenReview/OpenBao authorization and environment are required\n"}
{"Time":"2026-10-01T09:30:39.997929+08:00","Action":"output","Package":"ops-platform/test/integration","Test":"TestRealAuditWorkerProjectedLoginResumesPendingAfterArchiveOutage","Output":"--- SKIP: TestRealAuditWorkerProjectedLoginResumesPendingAfterArchiveOutage (0.00s)\n","OutputType":"frame"}
{"Time":"2026-10-01T09:30:39.997937+08:00","Action":"skip","Package":"ops-platform/test/integration","Test":"TestRealAuditWorkerProjectedLoginResumesPendingAfterArchiveOutage","Elapsed":0}
{"Time":"2026-10-01T09:30:39.997943+08:00","Action":"run","Package":"ops-platform/test/integration","Test":"TestRealOpenBaoWorkloadPKIIssuanceAndRevocation"}
{"Time":"2026-10-01T09:30:39.99795+08:00","Action":"output","Package":"ops-platform/test/integration","Test":"TestRealOpenBaoWorkloadPKIIssuanceAndRevocation","Output":"=== RUN   TestRealOpenBaoWorkloadPKIIssuanceAndRevocation\n","OutputType":"frame"}
{"Time":"2026-10-01T09:30:40.024027+08:00","Action":"output","Package":"ops-platform/test/integration","Test":"TestRealOpenBaoWorkloadPKIIssuanceAndRevocation","Output":"    workload_identity_test.go:86: isolated OpenBao workload role=platform-workload-ops-api certificate_serial=60e738816f8413b996fbd7d1bb3714c8464b7626 cert_ttl=1h0m30s revoked_crl_verified=true\n"}
{"Time":"2026-10-01T09:30:40.024113+08:00","Action":"output","Package":"ops-platform/test/integration","Test":"TestRealOpenBaoWorkloadPKIIssuanceAndRevocation","Output":"--- PASS: TestRealOpenBaoWorkloadPKIIssuanceAndRevocation (0.03s)\n","OutputType":"frame"}
{"Time":"2026-10-01T09:30:40.024125+08:00","Action":"pass","Package":"ops-platform/test/integration","Test":"TestRealOpenBaoWorkloadPKIIssuanceAndRevocation","Elapsed":0.03}
{"Time":"2026-10-01T09:30:40.024137+08:00","Action":"output","Package":"ops-platform/test/integration","Output":"PASS\n","OutputType":"frame"}
{"Time":"2026-10-01T09:30:40.027572+08:00","Action":"output","Package":"ops-platform/test/integration","Output":"ok  \tops-platform/test/integration\t21.200s\n"}
{"Time":"2026-10-01T09:30:40.027634+08:00","Action":"pass","Package":"ops-platform/test/integration","Elapsed":21.201}
Acceptance suite did not fully execute: TestRealProjectedPodTokensAuthenticateOpenBaoAndWorkloadMTLS, TestRealAuditWorkerProjectedLoginResumesPendingAfterArchiveOutage
make: *** [test-integration] Error 1
