=== RUN   TestAuditPayloadRejectsSensitiveValuesButAllowsDigestsAndReferences
--- PASS: TestAuditPayloadRejectsSensitiveValuesButAllowsDigestsAndReferences (0.00s)
PASS
ok  	ops-platform/internal/audit	0.502s
=== RUN   TestAuditSegmentsAppendConcurrentlyRecoverAndVerifyTenantScoped
2026/10/01 08:47:49 OK   00001_roles_and_schemas.sql (7.52ms)
2026/10/01 08:47:49 goose: successfully migrated database to version: 1
2026/10/01 08:47:49 OK   00002_platform_meta.sql (14.58ms)
2026/10/01 08:47:49 OK   00003_finding.sql (5.72ms)
2026/10/01 08:47:49 OK   00004_incident.sql (4.14ms)
2026/10/01 08:47:49 OK   00005_investigation.sql (4.25ms)
2026/10/01 08:47:49 OK   00006_action_command.sql (3.38ms)
2026/10/01 08:47:49 OK   00007_audit.sql (5.77ms)
2026/10/01 08:47:49 OK   00008_rls.sql (6.25ms)
2026/10/01 08:47:49 OK   00009_idempotency_ledger.sql (4.12ms)
2026/10/01 08:47:49 OK   00010_tenant_provisioning.sql (2.09ms)
2026/10/01 08:47:50 OK   00011_source_registration_history.sql (3.61ms)
2026/10/01 08:47:50 OK   00012_config_registry_lifecycle.sql (5.44ms)
2026/10/01 08:47:50 OK   00013_audit_signed_segments.sql (7.22ms)
2026/10/01 08:47:50 OK   00014_audit_segment_predecessors.sql (4.21ms)
2026/10/01 08:47:50 goose: successfully migrated database to version: 14
--- PASS: TestAuditSegmentsAppendConcurrentlyRecoverAndVerifyTenantScoped (2.06s)
=== RUN   TestMigrationsAndRoles
2026/10/01 08:47:52 OK   00001_roles_and_schemas.sql (10.35ms)
2026/10/01 08:47:52 goose: successfully migrated database to version: 1
2026/10/01 08:47:52 OK   00002_platform_meta.sql (17.95ms)
2026/10/01 08:47:52 OK   00003_finding.sql (6.45ms)
2026/10/01 08:47:52 OK   00004_incident.sql (4.2ms)
2026/10/01 08:47:52 OK   00005_investigation.sql (5.12ms)
2026/10/01 08:47:52 OK   00006_action_command.sql (4.78ms)
2026/10/01 08:47:52 OK   00007_audit.sql (7.74ms)
2026/10/01 08:47:52 OK   00008_rls.sql (6.51ms)
2026/10/01 08:47:52 OK   00009_idempotency_ledger.sql (5.16ms)
2026/10/01 08:47:52 OK   00010_tenant_provisioning.sql (3.06ms)
2026/10/01 08:47:52 OK   00011_source_registration_history.sql (4.43ms)
2026/10/01 08:47:52 OK   00012_config_registry_lifecycle.sql (6.15ms)
2026/10/01 08:47:52 OK   00013_audit_signed_segments.sql (8.27ms)
2026/10/01 08:47:52 OK   00014_audit_segment_predecessors.sql (4.14ms)
2026/10/01 08:47:52 goose: successfully migrated database to version: 14
--- PASS: TestMigrationsAndRoles (0.20s)
=== RUN   TestMigrationsUpgradeVersionOneData
2026/10/01 08:47:52 OK   00001_roles_and_schemas.sql (6.2ms)
2026/10/01 08:47:52 goose: successfully migrated database to version: 1
2026/10/01 08:47:52 OK   00002_platform_meta.sql (12.47ms)
2026/10/01 08:47:52 OK   00003_finding.sql (5.34ms)
2026/10/01 08:47:52 OK   00004_incident.sql (3.73ms)
2026/10/01 08:47:52 OK   00005_investigation.sql (4.1ms)
2026/10/01 08:47:52 OK   00006_action_command.sql (3.74ms)
2026/10/01 08:47:52 OK   00007_audit.sql (6.45ms)
2026/10/01 08:47:52 OK   00008_rls.sql (6.5ms)
2026/10/01 08:47:52 OK   00009_idempotency_ledger.sql (5.84ms)
2026/10/01 08:47:52 OK   00010_tenant_provisioning.sql (3.06ms)
2026/10/01 08:47:52 OK   00011_source_registration_history.sql (4.25ms)
2026/10/01 08:47:52 OK   00012_config_registry_lifecycle.sql (5.87ms)
2026/10/01 08:47:52 OK   00013_audit_signed_segments.sql (7.7ms)
2026/10/01 08:47:52 OK   00014_audit_segment_predecessors.sql (3.67ms)
2026/10/01 08:47:52 goose: successfully migrated database to version: 14
--- PASS: TestMigrationsUpgradeVersionOneData (0.15s)
PASS
ok  	ops-platform/test/integration	3.107s
