{"Time":"2026-10-01T08:38:12.999661+08:00","Action":"start","Package":"ops-platform/test/integration"}
{"Time":"2026-10-01T08:38:13.477986+08:00","Action":"run","Package":"ops-platform/test/integration","Test":"TestRealOpenBaoTransitAndSeaweedS3AuditArchive"}
{"Time":"2026-10-01T08:38:13.478083+08:00","Action":"output","Package":"ops-platform/test/integration","Test":"TestRealOpenBaoTransitAndSeaweedS3AuditArchive","Output":"=== RUN   TestRealOpenBaoTransitAndSeaweedS3AuditArchive\n","OutputType":"frame"}
{"Time":"2026-10-01T08:38:13.808007+08:00","Action":"output","Package":"ops-platform/test/integration","Test":"TestRealOpenBaoTransitAndSeaweedS3AuditArchive","Output":"2026/10/01 08:38:13 OK   00001_roles_and_schemas.sql (8.09ms)\n"}
{"Time":"2026-10-01T08:38:13.808117+08:00","Action":"output","Package":"ops-platform/test/integration","Test":"TestRealOpenBaoTransitAndSeaweedS3AuditArchive","Output":"2026/10/01 08:38:13 goose: successfully migrated database to version: 1\n"}
{"Time":"2026-10-01T08:38:13.832589+08:00","Action":"output","Package":"ops-platform/test/integration","Test":"TestRealOpenBaoTransitAndSeaweedS3AuditArchive","Output":"2026/10/01 08:38:13 OK   00002_platform_meta.sql (14.58ms)\n"}
{"Time":"2026-10-01T08:38:13.839216+08:00","Action":"output","Package":"ops-platform/test/integration","Test":"TestRealOpenBaoTransitAndSeaweedS3AuditArchive","Output":"2026/10/01 08:38:13 OK   00003_finding.sql (6.3ms)\n"}
{"Time":"2026-10-01T08:38:13.844436+08:00","Action":"output","Package":"ops-platform/test/integration","Test":"TestRealOpenBaoTransitAndSeaweedS3AuditArchive","Output":"2026/10/01 08:38:13 OK   00004_incident.sql (4.83ms)\n"}
{"Time":"2026-10-01T08:38:13.850103+08:00","Action":"output","Package":"ops-platform/test/integration","Test":"TestRealOpenBaoTransitAndSeaweedS3AuditArchive","Output":"2026/10/01 08:38:13 OK   00005_investigation.sql (5.31ms)\n"}
{"Time":"2026-10-01T08:38:13.854983+08:00","Action":"output","Package":"ops-platform/test/integration","Test":"TestRealOpenBaoTransitAndSeaweedS3AuditArchive","Output":"2026/10/01 08:38:13 OK   00006_action_command.sql (4.61ms)\n"}
{"Time":"2026-10-01T08:38:13.862922+08:00","Action":"output","Package":"ops-platform/test/integration","Test":"TestRealOpenBaoTransitAndSeaweedS3AuditArchive","Output":"2026/10/01 08:38:13 OK   00007_audit.sql (7.68ms)\n"}
{"Time":"2026-10-01T08:38:13.870841+08:00","Action":"output","Package":"ops-platform/test/integration","Test":"TestRealOpenBaoTransitAndSeaweedS3AuditArchive","Output":"2026/10/01 08:38:13 OK   00008_rls.sql (7.69ms)\n"}
{"Time":"2026-10-01T08:38:13.878582+08:00","Action":"output","Package":"ops-platform/test/integration","Test":"TestRealOpenBaoTransitAndSeaweedS3AuditArchive","Output":"2026/10/01 08:38:13 OK   00009_idempotency_ledger.sql (7.17ms)\n"}
{"Time":"2026-10-01T08:38:13.88311+08:00","Action":"output","Package":"ops-platform/test/integration","Test":"TestRealOpenBaoTransitAndSeaweedS3AuditArchive","Output":"2026/10/01 08:38:13 OK   00010_tenant_provisioning.sql (3.87ms)\n"}
{"Time":"2026-10-01T08:38:13.887879+08:00","Action":"output","Package":"ops-platform/test/integration","Test":"TestRealOpenBaoTransitAndSeaweedS3AuditArchive","Output":"2026/10/01 08:38:13 OK   00011_source_registration_history.sql (4.67ms)\n"}
{"Time":"2026-10-01T08:38:13.894921+08:00","Action":"output","Package":"ops-platform/test/integration","Test":"TestRealOpenBaoTransitAndSeaweedS3AuditArchive","Output":"2026/10/01 08:38:13 OK   00012_config_registry_lifecycle.sql (6.74ms)\n"}
{"Time":"2026-10-01T08:38:13.903394+08:00","Action":"output","Package":"ops-platform/test/integration","Test":"TestRealOpenBaoTransitAndSeaweedS3AuditArchive","Output":"2026/10/01 08:38:13 OK   00013_audit_signed_segments.sql (8.2ms)\n"}
{"Time":"2026-10-01T08:38:13.90354+08:00","Action":"output","Package":"ops-platform/test/integration","Test":"TestRealOpenBaoTransitAndSeaweedS3AuditArchive","Output":"2026/10/01 08:38:13 goose: successfully migrated database to version: 13\n"}
{"Time":"2026-10-01T08:38:13.937946+08:00","Action":"output","Package":"ops-platform/test/integration","Test":"TestRealOpenBaoTransitAndSeaweedS3AuditArchive","Output":"    archive_services_test.go:182: isolated S3 bucket=sp03-f62e649c object=47e71cb9-79be-4211-88b0-5e230d9743b7 digest=sha256:29e16a3c7cd8a747ca75df38a1eeb48a2e1ac0ca49630508c723320b21457c70; audit tenant=700043c5-120a-49c0-a200-11969cb76e54 segment=01a0f4e5-c499-7bb4-bbb1-db94fd55939e seq=1 verified\n"}
{"Time":"2026-10-01T08:38:13.986875+08:00","Action":"output","Package":"ops-platform/test/integration","Test":"TestRealOpenBaoTransitAndSeaweedS3AuditArchive","Output":"--- PASS: TestRealOpenBaoTransitAndSeaweedS3AuditArchive (0.51s)\n","OutputType":"frame"}
{"Time":"2026-10-01T08:38:13.986968+08:00","Action":"pass","Package":"ops-platform/test/integration","Test":"TestRealOpenBaoTransitAndSeaweedS3AuditArchive","Elapsed":0.51}
{"Time":"2026-10-01T08:38:13.987021+08:00","Action":"run","Package":"ops-platform/test/integration","Test":"TestAuditSegmentsAppendConcurrentlyRecoverAndVerifyTenantScoped"}
{"Time":"2026-10-01T08:38:13.987031+08:00","Action":"output","Package":"ops-platform/test/integration","Test":"TestAuditSegmentsAppendConcurrentlyRecoverAndVerifyTenantScoped","Output":"=== RUN   TestAuditSegmentsAppendConcurrentlyRecoverAndVerifyTenantScoped\n","OutputType":"frame"}
{"Time":"2026-10-01T08:38:14.020918+08:00","Action":"output","Package":"ops-platform/test/integration","Test":"TestAuditSegmentsAppendConcurrentlyRecoverAndVerifyTenantScoped","Output":"2026/10/01 08:38:14 OK   00001_roles_and_schemas.sql (6.66ms)\n"}
{"Time":"2026-10-01T08:38:14.020978+08:00","Action":"output","Package":"ops-platform/test/integration","Test":"TestAuditSegmentsAppendConcurrentlyRecoverAndVerifyTenantScoped","Output":"2026/10/01 08:38:14 goose: successfully migrated database to version: 1\n"}
{"Time":"2026-10-01T08:38:14.038434+08:00","Action":"output","Package":"ops-platform/test/integration","Test":"TestAuditSegmentsAppendConcurrentlyRecoverAndVerifyTenantScoped","Output":"2026/10/01 08:38:14 OK   00002_platform_meta.sql (12.25ms)\n"}
{"Time":"2026-10-01T08:38:14.044183+08:00","Action":"output","Package":"ops-platform/test/integration","Test":"TestAuditSegmentsAppendConcurrentlyRecoverAndVerifyTenantScoped","Output":"2026/10/01 08:38:14 OK   00003_finding.sql (5.51ms)\n"}
{"Time":"2026-10-01T08:38:14.048819+08:00","Action":"output","Package":"ops-platform/test/integration","Test":"TestAuditSegmentsAppendConcurrentlyRecoverAndVerifyTenantScoped","Output":"2026/10/01 08:38:14 OK   00004_incident.sql (4.01ms)\n"}
{"Time":"2026-10-01T08:38:14.053937+08:00","Action":"output","Package":"ops-platform/test/integration","Test":"TestAuditSegmentsAppendConcurrentlyRecoverAndVerifyTenantScoped","Output":"2026/10/01 08:38:14 OK   00005_investigation.sql (4.3ms)\n"}
{"Time":"2026-10-01T08:38:14.057909+08:00","Action":"output","Package":"ops-platform/test/integration","Test":"TestAuditSegmentsAppendConcurrentlyRecoverAndVerifyTenantScoped","Output":"2026/10/01 08:38:14 OK   00006_action_command.sql (3.82ms)\n"}
{"Time":"2026-10-01T08:38:14.064677+08:00","Action":"output","Package":"ops-platform/test/integration","Test":"TestAuditSegmentsAppendConcurrentlyRecoverAndVerifyTenantScoped","Output":"2026/10/01 08:38:14 OK   00007_audit.sql (6.58ms)\n"}
{"Time":"2026-10-01T08:38:14.071308+08:00","Action":"output","Package":"ops-platform/test/integration","Test":"TestAuditSegmentsAppendConcurrentlyRecoverAndVerifyTenantScoped","Output":"2026/10/01 08:38:14 OK   00008_rls.sql (6.44ms)\n"}
{"Time":"2026-10-01T08:38:14.076654+08:00","Action":"output","Package":"ops-platform/test/integration","Test":"TestAuditSegmentsAppendConcurrentlyRecoverAndVerifyTenantScoped","Output":"2026/10/01 08:38:14 OK   00009_idempotency_ledger.sql (5.11ms)\n"}
{"Time":"2026-10-01T08:38:14.080183+08:00","Action":"output","Package":"ops-platform/test/integration","Test":"TestAuditSegmentsAppendConcurrentlyRecoverAndVerifyTenantScoped","Output":"2026/10/01 08:38:14 OK   00010_tenant_provisioning.sql (3.28ms)\n"}
{"Time":"2026-10-01T08:38:14.084903+08:00","Action":"output","Package":"ops-platform/test/integration","Test":"TestAuditSegmentsAppendConcurrentlyRecoverAndVerifyTenantScoped","Output":"2026/10/01 08:38:14 OK   00011_source_registration_history.sql (4.47ms)\n"}
{"Time":"2026-10-01T08:38:14.091622+08:00","Action":"output","Package":"ops-platform/test/integration","Test":"TestAuditSegmentsAppendConcurrentlyRecoverAndVerifyTenantScoped","Output":"2026/10/01 08:38:14 OK   00012_config_registry_lifecycle.sql (6.51ms)\n"}
{"Time":"2026-10-01T08:38:14.100175+08:00","Action":"output","Package":"ops-platform/test/integration","Test":"TestAuditSegmentsAppendConcurrentlyRecoverAndVerifyTenantScoped","Output":"2026/10/01 08:38:14 OK   00013_audit_signed_segments.sql (8.34ms)\n"}
{"Time":"2026-10-01T08:38:14.100225+08:00","Action":"output","Package":"ops-platform/test/integration","Test":"TestAuditSegmentsAppendConcurrentlyRecoverAndVerifyTenantScoped","Output":"2026/10/01 08:38:14 goose: successfully migrated database to version: 13\n"}
{"Time":"2026-10-01T08:38:16.069116+08:00","Action":"output","Package":"ops-platform/test/integration","Test":"TestAuditSegmentsAppendConcurrentlyRecoverAndVerifyTenantScoped","Output":"--- PASS: TestAuditSegmentsAppendConcurrentlyRecoverAndVerifyTenantScoped (2.08s)\n","OutputType":"frame"}
{"Time":"2026-10-01T08:38:16.069184+08:00","Action":"pass","Package":"ops-platform/test/integration","Test":"TestAuditSegmentsAppendConcurrentlyRecoverAndVerifyTenantScoped","Elapsed":2.08}
{"Time":"2026-10-01T08:38:16.069225+08:00","Action":"run","Package":"ops-platform/test/integration","Test":"TestRoleBindingsAndStepUpSessions"}
{"Time":"2026-10-01T08:38:16.069237+08:00","Action":"output","Package":"ops-platform/test/integration","Test":"TestRoleBindingsAndStepUpSessions","Output":"=== RUN   TestRoleBindingsAndStepUpSessions\n","OutputType":"frame"}
{"Time":"2026-10-01T08:38:16.118126+08:00","Action":"output","Package":"ops-platform/test/integration","Test":"TestRoleBindingsAndStepUpSessions","Output":"2026/10/01 08:38:16 OK   00001_roles_and_schemas.sql (8.87ms)\n"}
{"Time":"2026-10-01T08:38:16.118223+08:00","Action":"output","Package":"ops-platform/test/integration","Test":"TestRoleBindingsAndStepUpSessions","Output":"2026/10/01 08:38:16 goose: successfully migrated database to version: 1\n"}
{"Time":"2026-10-01T08:38:16.140771+08:00","Action":"output","Package":"ops-platform/test/integration","Test":"TestRoleBindingsAndStepUpSessions","Output":"2026/10/01 08:38:16 OK   00002_platform_meta.sql (15.51ms)\n"}
{"Time":"2026-10-01T08:38:16.147809+08:00","Action":"output","Package":"ops-platform/test/integration","Test":"TestRoleBindingsAndStepUpSessions","Output":"2026/10/01 08:38:16 OK   00003_finding.sql (6.77ms)\n"}
{"Time":"2026-10-01T08:38:16.153345+08:00","Action":"output","Package":"ops-platform/test/integration","Test":"TestRoleBindingsAndStepUpSessions","Output":"2026/10/01 08:38:16 OK   00004_incident.sql (5.05ms)\n"}
{"Time":"2026-10-01T08:38:16.158733+08:00","Action":"output","Package":"ops-platform/test/integration","Test":"TestRoleBindingsAndStepUpSessions","Output":"2026/10/01 08:38:16 OK   00005_investigation.sql (5.1ms)\n"}
{"Time":"2026-10-01T08:38:16.164127+08:00","Action":"output","Package":"ops-platform/test/integration","Test":"TestRoleBindingsAndStepUpSessions","Output":"2026/10/01 08:38:16 OK   00006_action_command.sql (5.07ms)\n"}
{"Time":"2026-10-01T08:38:16.172469+08:00","Action":"output","Package":"ops-platform/test/integration","Test":"TestRoleBindingsAndStepUpSessions","Output":"2026/10/01 08:38:16 OK   00007_audit.sql (8.03ms)\n"}
{"Time":"2026-10-01T08:38:16.180044+08:00","Action":"output","Package":"ops-platform/test/integration","Test":"TestRoleBindingsAndStepUpSessions","Output":"2026/10/01 08:38:16 OK   00008_rls.sql (7.34ms)\n"}
{"Time":"2026-10-01T08:38:16.185526+08:00","Action":"output","Package":"ops-platform/test/integration","Test":"TestRoleBindingsAndStepUpSessions","Output":"2026/10/01 08:38:16 OK   00009_idempotency_ledger.sql (5.26ms)\n"}
{"Time":"2026-10-01T08:38:16.189107+08:00","Action":"output","Package":"ops-platform/test/integration","Test":"TestRoleBindingsAndStepUpSessions","Output":"2026/10/01 08:38:16 OK   00010_tenant_provisioning.sql (3.36ms)\n"}
{"Time":"2026-10-01T08:38:16.195194+08:00","Action":"output","Package":"ops-platform/test/integration","Test":"TestRoleBindingsAndStepUpSessions","Output":"2026/10/01 08:38:16 OK   00011_source_registration_history.sql (5.84ms)\n"}
{"Time":"2026-10-01T08:38:16.203879+08:00","Action":"output","Package":"ops-platform/test/integration","Test":"TestRoleBindingsAndStepUpSessions","Output":"2026/10/01 08:38:16 OK   00012_config_registry_lifecycle.sql (8.37ms)\n"}
{"Time":"2026-10-01T08:38:16.213423+08:00","Action":"output","Package":"ops-platform/test/integration","Test":"TestRoleBindingsAndStepUpSessions","Output":"2026/10/01 08:38:16 OK   00013_audit_signed_segments.sql (9.23ms)\n"}
{"Time":"2026-10-01T08:38:16.213496+08:00","Action":"output","Package":"ops-platform/test/integration","Test":"TestRoleBindingsAndStepUpSessions","Output":"2026/10/01 08:38:16 goose: successfully migrated database to version: 13\n"}
{"Time":"2026-10-01T08:38:16.28255+08:00","Action":"output","Package":"ops-platform/test/integration","Test":"TestRoleBindingsAndStepUpSessions","Output":"--- PASS: TestRoleBindingsAndStepUpSessions (0.21s)\n","OutputType":"frame"}
{"Time":"2026-10-01T08:38:16.282641+08:00","Action":"pass","Package":"ops-platform/test/integration","Test":"TestRoleBindingsAndStepUpSessions","Elapsed":0.21}
{"Time":"2026-10-01T08:38:16.282676+08:00","Action":"run","Package":"ops-platform/test/integration","Test":"TestConfigRegistryPublishesActivatesRollsBackAndPreservesHistory"}
{"Time":"2026-10-01T08:38:16.282686+08:00","Action":"output","Package":"ops-platform/test/integration","Test":"TestConfigRegistryPublishesActivatesRollsBackAndPreservesHistory","Output":"=== RUN   TestConfigRegistryPublishesActivatesRollsBackAndPreservesHistory\n","OutputType":"frame"}
{"Time":"2026-10-01T08:38:16.324086+08:00","Action":"output","Package":"ops-platform/test/integration","Test":"TestConfigRegistryPublishesActivatesRollsBackAndPreservesHistory","Output":"2026/10/01 08:38:16 OK   00001_roles_and_schemas.sql (9.57ms)\n"}
{"Time":"2026-10-01T08:38:16.324174+08:00","Action":"output","Package":"ops-platform/test/integration","Test":"TestConfigRegistryPublishesActivatesRollsBackAndPreservesHistory","Output":"2026/10/01 08:38:16 goose: successfully migrated database to version: 1\n"}
{"Time":"2026-10-01T08:38:16.346911+08:00","Action":"output","Package":"ops-platform/test/integration","Test":"TestConfigRegistryPublishesActivatesRollsBackAndPreservesHistory","Output":"2026/10/01 08:38:16 OK   00002_platform_meta.sql (15.06ms)\n"}
{"Time":"2026-10-01T08:38:16.353373+08:00","Action":"output","Package":"ops-platform/test/integration","Test":"TestConfigRegistryPublishesActivatesRollsBackAndPreservesHistory","Output":"2026/10/01 08:38:16 OK   00003_finding.sql (6.13ms)\n"}
{"Time":"2026-10-01T08:38:16.358108+08:00","Action":"output","Package":"ops-platform/test/integration","Test":"TestConfigRegistryPublishesActivatesRollsBackAndPreservesHistory","Output":"2026/10/01 08:38:16 OK   00004_incident.sql (4.45ms)\n"}
{"Time":"2026-10-01T08:38:16.362514+08:00","Action":"output","Package":"ops-platform/test/integration","Test":"TestConfigRegistryPublishesActivatesRollsBackAndPreservesHistory","Output":"2026/10/01 08:38:16 OK   00005_investigation.sql (4.15ms)\n"}
{"Time":"2026-10-01T08:38:16.367601+08:00","Action":"output","Package":"ops-platform/test/integration","Test":"TestConfigRegistryPublishesActivatesRollsBackAndPreservesHistory","Output":"2026/10/01 08:38:16 OK   00006_action_command.sql (4.82ms)\n"}
{"Time":"2026-10-01T08:38:16.375858+08:00","Action":"output","Package":"ops-platform/test/integration","Test":"TestConfigRegistryPublishesActivatesRollsBackAndPreservesHistory","Output":"2026/10/01 08:38:16 OK   00007_audit.sql (7.23ms)\n"}
{"Time":"2026-10-01T08:38:16.383484+08:00","Action":"output","Package":"ops-platform/test/integration","Test":"TestConfigRegistryPublishesActivatesRollsBackAndPreservesHistory","Output":"2026/10/01 08:38:16 OK   00008_rls.sql (7.31ms)\n"}
{"Time":"2026-10-01T08:38:16.389294+08:00","Action":"output","Package":"ops-platform/test/integration","Test":"TestConfigRegistryPublishesActivatesRollsBackAndPreservesHistory","Output":"2026/10/01 08:38:16 OK   00009_idempotency_ledger.sql (5.44ms)\n"}
{"Time":"2026-10-01T08:38:16.392724+08:00","Action":"output","Package":"ops-platform/test/integration","Test":"TestConfigRegistryPublishesActivatesRollsBackAndPreservesHistory","Output":"2026/10/01 08:38:16 OK   00010_tenant_provisioning.sql (3.27ms)\n"}
{"Time":"2026-10-01T08:38:16.397738+08:00","Action":"output","Package":"ops-platform/test/integration","Test":"TestConfigRegistryPublishesActivatesRollsBackAndPreservesHistory","Output":"2026/10/01 08:38:16 OK   00011_source_registration_history.sql (4.84ms)\n"}
{"Time":"2026-10-01T08:38:16.404196+08:00","Action":"output","Package":"ops-platform/test/integration","Test":"TestConfigRegistryPublishesActivatesRollsBackAndPreservesHistory","Output":"2026/10/01 08:38:16 OK   00012_config_registry_lifecycle.sql (6.26ms)\n"}
{"Time":"2026-10-01T08:38:16.412613+08:00","Action":"output","Package":"ops-platform/test/integration","Test":"TestConfigRegistryPublishesActivatesRollsBackAndPreservesHistory","Output":"2026/10/01 08:38:16 OK   00013_audit_signed_segments.sql (8.14ms)\n"}
{"Time":"2026-10-01T08:38:16.412683+08:00","Action":"output","Package":"ops-platform/test/integration","Test":"TestConfigRegistryPublishesActivatesRollsBackAndPreservesHistory","Output":"2026/10/01 08:38:16 goose: successfully migrated database to version: 13\n"}
{"Time":"2026-10-01T08:38:16.579207+08:00","Action":"output","Package":"ops-platform/test/integration","Test":"TestConfigRegistryPublishesActivatesRollsBackAndPreservesHistory","Output":"--- PASS: TestConfigRegistryPublishesActivatesRollsBackAndPreservesHistory (0.30s)\n","OutputType":"frame"}
{"Time":"2026-10-01T08:38:16.579254+08:00","Action":"pass","Package":"ops-platform/test/integration","Test":"TestConfigRegistryPublishesActivatesRollsBackAndPreservesHistory","Elapsed":0.3}
{"Time":"2026-10-01T08:38:16.579271+08:00","Action":"run","Package":"ops-platform/test/integration","Test":"TestIdempotencyLedgerSchema"}
{"Time":"2026-10-01T08:38:16.579279+08:00","Action":"output","Package":"ops-platform/test/integration","Test":"TestIdempotencyLedgerSchema","Output":"=== RUN   TestIdempotencyLedgerSchema\n","OutputType":"frame"}
{"Time":"2026-10-01T08:38:16.609225+08:00","Action":"output","Package":"ops-platform/test/integration","Test":"TestIdempotencyLedgerSchema","Output":"2026/10/01 08:38:16 OK   00001_roles_and_schemas.sql (6.44ms)\n"}
{"Time":"2026-10-01T08:38:16.609292+08:00","Action":"output","Package":"ops-platform/test/integration","Test":"TestIdempotencyLedgerSchema","Output":"2026/10/01 08:38:16 goose: successfully migrated database to version: 1\n"}
{"Time":"2026-10-01T08:38:16.625857+08:00","Action":"output","Package":"ops-platform/test/integration","Test":"TestIdempotencyLedgerSchema","Output":"2026/10/01 08:38:16 OK   00002_platform_meta.sql (11.54ms)\n"}
{"Time":"2026-10-01T08:38:16.630882+08:00","Action":"output","Package":"ops-platform/test/integration","Test":"TestIdempotencyLedgerSchema","Output":"2026/10/01 08:38:16 OK   00003_finding.sql (4.84ms)\n"}
{"Time":"2026-10-01T08:38:16.634465+08:00","Action":"output","Package":"ops-platform/test/integration","Test":"TestIdempotencyLedgerSchema","Output":"2026/10/01 08:38:16 OK   00004_incident.sql (3.44ms)\n"}
{"Time":"2026-10-01T08:38:16.638374+08:00","Action":"output","Package":"ops-platform/test/integration","Test":"TestIdempotencyLedgerSchema","Output":"2026/10/01 08:38:16 OK   00005_investigation.sql (3.75ms)\n"}
{"Time":"2026-10-01T08:38:16.64219+08:00","Action":"output","Package":"ops-platform/test/integration","Test":"TestIdempotencyLedgerSchema","Output":"2026/10/01 08:38:16 OK   00006_action_command.sql (3.68ms)\n"}
{"Time":"2026-10-01T08:38:16.648152+08:00","Action":"output","Package":"ops-platform/test/integration","Test":"TestIdempotencyLedgerSchema","Output":"2026/10/01 08:38:16 OK   00007_audit.sql (5.8ms)\n"}
{"Time":"2026-10-01T08:38:16.653669+08:00","Action":"output","Package":"ops-platform/test/integration","Test":"TestIdempotencyLedgerSchema","Output":"2026/10/01 08:38:16 OK   00008_rls.sql (5.36ms)\n"}
{"Time":"2026-10-01T08:38:16.65848+08:00","Action":"output","Package":"ops-platform/test/integration","Test":"TestIdempotencyLedgerSchema","Output":"2026/10/01 08:38:16 OK   00009_idempotency_ledger.sql (4.63ms)\n"}
{"Time":"2026-10-01T08:38:16.661357+08:00","Action":"output","Package":"ops-platform/test/integration","Test":"TestIdempotencyLedgerSchema","Output":"2026/10/01 08:38:16 OK   00010_tenant_provisioning.sql (2.78ms)\n"}
{"Time":"2026-10-01T08:38:16.66545+08:00","Action":"output","Package":"ops-platform/test/integration","Test":"TestIdempotencyLedgerSchema","Output":"2026/10/01 08:38:16 OK   00011_source_registration_history.sql (3.96ms)\n"}
{"Time":"2026-10-01T08:38:16.671916+08:00","Action":"output","Package":"ops-platform/test/integration","Test":"TestIdempotencyLedgerSchema","Output":"2026/10/01 08:38:16 OK   00012_config_registry_lifecycle.sql (6.27ms)\n"}
{"Time":"2026-10-01T08:38:16.680683+08:00","Action":"output","Package":"ops-platform/test/integration","Test":"TestIdempotencyLedgerSchema","Output":"2026/10/01 08:38:16 OK   00013_audit_signed_segments.sql (8.52ms)\n"}
{"Time":"2026-10-01T08:38:16.680775+08:00","Action":"output","Package":"ops-platform/test/integration","Test":"TestIdempotencyLedgerSchema","Output":"2026/10/01 08:38:16 goose: successfully migrated database to version: 13\n"}
{"Time":"2026-10-01T08:38:16.70643+08:00","Action":"output","Package":"ops-platform/test/integration","Test":"TestIdempotencyLedgerSchema","Output":"--- PASS: TestIdempotencyLedgerSchema (0.13s)\n","OutputType":"frame"}
{"Time":"2026-10-01T08:38:16.70653+08:00","Action":"pass","Package":"ops-platform/test/integration","Test":"TestIdempotencyLedgerSchema","Elapsed":0.13}
{"Time":"2026-10-01T08:38:16.706568+08:00","Action":"run","Package":"ops-platform/test/integration","Test":"TestIdempotencyLedger"}
{"Time":"2026-10-01T08:38:16.70658+08:00","Action":"output","Package":"ops-platform/test/integration","Test":"TestIdempotencyLedger","Output":"=== RUN   TestIdempotencyLedger\n","OutputType":"frame"}
{"Time":"2026-10-01T08:38:16.736971+08:00","Action":"output","Package":"ops-platform/test/integration","Test":"TestIdempotencyLedger","Output":"2026/10/01 08:38:16 OK   00001_roles_and_schemas.sql (5.56ms)\n"}
{"Time":"2026-10-01T08:38:16.737022+08:00","Action":"output","Package":"ops-platform/test/integration","Test":"TestIdempotencyLedger","Output":"2026/10/01 08:38:16 goose: successfully migrated database to version: 1\n"}
{"Time":"2026-10-01T08:38:16.754162+08:00","Action":"output","Package":"ops-platform/test/integration","Test":"TestIdempotencyLedger","Output":"2026/10/01 08:38:16 OK   00002_platform_meta.sql (12.26ms)\n"}
{"Time":"2026-10-01T08:38:16.759331+08:00","Action":"output","Package":"ops-platform/test/integration","Test":"TestIdempotencyLedger","Output":"2026/10/01 08:38:16 OK   00003_finding.sql (5.01ms)\n"}
{"Time":"2026-10-01T08:38:16.762825+08:00","Action":"output","Package":"ops-platform/test/integration","Test":"TestIdempotencyLedger","Output":"2026/10/01 08:38:16 OK   00004_incident.sql (3.4ms)\n"}
{"Time":"2026-10-01T08:38:16.766762+08:00","Action":"output","Package":"ops-platform/test/integration","Test":"TestIdempotencyLedger","Output":"2026/10/01 08:38:16 OK   00005_investigation.sql (3.82ms)\n"}
{"Time":"2026-10-01T08:38:16.770279+08:00","Action":"output","Package":"ops-platform/test/integration","Test":"TestIdempotencyLedger","Output":"2026/10/01 08:38:16 OK   00006_action_command.sql (3.36ms)\n"}
{"Time":"2026-10-01T08:38:16.776379+08:00","Action":"output","Package":"ops-platform/test/integration","Test":"TestIdempotencyLedger","Output":"2026/10/01 08:38:16 OK   00007_audit.sql (5.96ms)\n"}
{"Time":"2026-10-01T08:38:16.782565+08:00","Action":"output","Package":"ops-platform/test/integration","Test":"TestIdempotencyLedger","Output":"2026/10/01 08:38:16 OK   00008_rls.sql (6.06ms)\n"}
{"Time":"2026-10-01T08:38:16.787424+08:00","Action":"output","Package":"ops-platform/test/integration","Test":"TestIdempotencyLedger","Output":"2026/10/01 08:38:16 OK   00009_idempotency_ledger.sql (4.69ms)\n"}
{"Time":"2026-10-01T08:38:16.790294+08:00","Action":"output","Package":"ops-platform/test/integration","Test":"TestIdempotencyLedger","Output":"2026/10/01 08:38:16 OK   00010_tenant_provisioning.sql (2.75ms)\n"}
{"Time":"2026-10-01T08:38:16.79424+08:00","Action":"output","Package":"ops-platform/test/integration","Test":"TestIdempotencyLedger","Output":"2026/10/01 08:38:16 OK   00011_source_registration_history.sql (3.83ms)\n"}
{"Time":"2026-10-01T08:38:16.800364+08:00","Action":"output","Package":"ops-platform/test/integration","Test":"TestIdempotencyLedger","Output":"2026/10/01 08:38:16 OK   00012_config_registry_lifecycle.sql (5.97ms)\n"}
{"Time":"2026-10-01T08:38:16.80887+08:00","Action":"output","Package":"ops-platform/test/integration","Test":"TestIdempotencyLedger","Output":"2026/10/01 08:38:16 OK   00013_audit_signed_segments.sql (8.23ms)\n"}
{"Time":"2026-10-01T08:38:16.808914+08:00","Action":"output","Package":"ops-platform/test/integration","Test":"TestIdempotencyLedger","Output":"2026/10/01 08:38:16 goose: successfully migrated database to version: 13\n"}
{"Time":"2026-10-01T08:38:17.020382+08:00","Action":"output","Package":"ops-platform/test/integration","Test":"TestIdempotencyLedger","Output":"--- PASS: TestIdempotencyLedger (0.31s)\n","OutputType":"frame"}
{"Time":"2026-10-01T08:38:17.020443+08:00","Action":"pass","Package":"ops-platform/test/integration","Test":"TestIdempotencyLedger","Elapsed":0.31}
{"Time":"2026-10-01T08:38:17.020456+08:00","Action":"run","Package":"ops-platform/test/integration","Test":"TestIdempotencyHTTPMiddleware"}
{"Time":"2026-10-01T08:38:17.020463+08:00","Action":"output","Package":"ops-platform/test/integration","Test":"TestIdempotencyHTTPMiddleware","Output":"=== RUN   TestIdempotencyHTTPMiddleware\n","OutputType":"frame"}
{"Time":"2026-10-01T08:38:17.051821+08:00","Action":"output","Package":"ops-platform/test/integration","Test":"TestIdempotencyHTTPMiddleware","Output":"2026/10/01 08:38:17 OK   00001_roles_and_schemas.sql (6.3ms)\n"}
{"Time":"2026-10-01T08:38:17.051881+08:00","Action":"output","Package":"ops-platform/test/integration","Test":"TestIdempotencyHTTPMiddleware","Output":"2026/10/01 08:38:17 goose: successfully migrated database to version: 1\n"}
{"Time":"2026-10-01T08:38:17.070411+08:00","Action":"output","Package":"ops-platform/test/integration","Test":"TestIdempotencyHTTPMiddleware","Output":"2026/10/01 08:38:17 OK   00002_platform_meta.sql (13.06ms)\n"}
{"Time":"2026-10-01T08:38:17.075994+08:00","Action":"output","Package":"ops-platform/test/integration","Test":"TestIdempotencyHTTPMiddleware","Output":"2026/10/01 08:38:17 OK   00003_finding.sql (5.31ms)\n"}
{"Time":"2026-10-01T08:38:17.080232+08:00","Action":"output","Package":"ops-platform/test/integration","Test":"TestIdempotencyHTTPMiddleware","Output":"2026/10/01 08:38:17 OK   00004_incident.sql (4.06ms)\n"}
{"Time":"2026-10-01T08:38:17.084714+08:00","Action":"output","Package":"ops-platform/test/integration","Test":"TestIdempotencyHTTPMiddleware","Output":"2026/10/01 08:38:17 OK   00005_investigation.sql (4.27ms)\n"}
{"Time":"2026-10-01T08:38:17.089167+08:00","Action":"output","Package":"ops-platform/test/integration","Test":"TestIdempotencyHTTPMiddleware","Output":"2026/10/01 08:38:17 OK   00006_action_command.sql (4.27ms)\n"}
{"Time":"2026-10-01T08:38:17.096048+08:00","Action":"output","Package":"ops-platform/test/integration","Test":"TestIdempotencyHTTPMiddleware","Output":"2026/10/01 08:38:17 OK   00007_audit.sql (6.62ms)\n"}
{"Time":"2026-10-01T08:38:17.102481+08:00","Action":"output","Package":"ops-platform/test/integration","Test":"TestIdempotencyHTTPMiddleware","Output":"2026/10/01 08:38:17 OK   00008_rls.sql (6.22ms)\n"}
{"Time":"2026-10-01T08:38:17.107775+08:00","Action":"output","Package":"ops-platform/test/integration","Test":"TestIdempotencyHTTPMiddleware","Output":"2026/10/01 08:38:17 OK   00009_idempotency_ledger.sql (5.11ms)\n"}
{"Time":"2026-10-01T08:38:17.111222+08:00","Action":"output","Package":"ops-platform/test/integration","Test":"TestIdempotencyHTTPMiddleware","Output":"2026/10/01 08:38:17 OK   00010_tenant_provisioning.sql (3.3ms)\n"}
{"Time":"2026-10-01T08:38:17.115654+08:00","Action":"output","Package":"ops-platform/test/integration","Test":"TestIdempotencyHTTPMiddleware","Output":"2026/10/01 08:38:17 OK   00011_source_registration_history.sql (4.2ms)\n"}
{"Time":"2026-10-01T08:38:17.123085+08:00","Action":"output","Package":"ops-platform/test/integration","Test":"TestIdempotencyHTTPMiddleware","Output":"2026/10/01 08:38:17 OK   00012_config_registry_lifecycle.sql (7.21ms)\n"}
{"Time":"2026-10-01T08:38:17.131835+08:00","Action":"output","Package":"ops-platform/test/integration","Test":"TestIdempotencyHTTPMiddleware","Output":"2026/10/01 08:38:17 OK   00013_audit_signed_segments.sql (8.47ms)\n"}
{"Time":"2026-10-01T08:38:17.131916+08:00","Action":"output","Package":"ops-platform/test/integration","Test":"TestIdempotencyHTTPMiddleware","Output":"2026/10/01 08:38:17 goose: successfully migrated database to version: 13\n"}
{"Time":"2026-10-01T08:38:17.188945+08:00","Action":"output","Package":"ops-platform/test/integration","Test":"TestIdempotencyHTTPMiddleware","Output":"--- PASS: TestIdempotencyHTTPMiddleware (0.17s)\n","OutputType":"frame"}
{"Time":"2026-10-01T08:38:17.189003+08:00","Action":"pass","Package":"ops-platform/test/integration","Test":"TestIdempotencyHTTPMiddleware","Elapsed":0.17}
{"Time":"2026-10-01T08:38:17.189022+08:00","Action":"run","Package":"ops-platform/test/integration","Test":"TestKeycloakAuthorizationCodePKCEAndStepUp"}
{"Time":"2026-10-01T08:38:17.189032+08:00","Action":"output","Package":"ops-platform/test/integration","Test":"TestKeycloakAuthorizationCodePKCEAndStepUp","Output":"=== RUN   TestKeycloakAuthorizationCodePKCEAndStepUp\n","OutputType":"frame"}
{"Time":"2026-10-01T08:38:30.264774+08:00","Action":"output","Package":"ops-platform/test/integration","Test":"TestKeycloakAuthorizationCodePKCEAndStepUp","Output":"2026/10/01 08:38:30 OK   00001_roles_and_schemas.sql (7.65ms)\n"}
{"Time":"2026-10-01T08:38:30.264855+08:00","Action":"output","Package":"ops-platform/test/integration","Test":"TestKeycloakAuthorizationCodePKCEAndStepUp","Output":"2026/10/01 08:38:30 goose: successfully migrated database to version: 1\n"}
{"Time":"2026-10-01T08:38:30.286249+08:00","Action":"output","Package":"ops-platform/test/integration","Test":"TestKeycloakAuthorizationCodePKCEAndStepUp","Output":"2026/10/01 08:38:30 OK   00002_platform_meta.sql (14.37ms)\n"}
{"Time":"2026-10-01T08:38:30.292982+08:00","Action":"output","Package":"ops-platform/test/integration","Test":"TestKeycloakAuthorizationCodePKCEAndStepUp","Output":"2026/10/01 08:38:30 OK   00003_finding.sql (6.43ms)\n"}
{"Time":"2026-10-01T08:38:30.297591+08:00","Action":"output","Package":"ops-platform/test/integration","Test":"TestKeycloakAuthorizationCodePKCEAndStepUp","Output":"2026/10/01 08:38:30 OK   00004_incident.sql (4.29ms)\n"}
{"Time":"2026-10-01T08:38:30.303225+08:00","Action":"output","Package":"ops-platform/test/integration","Test":"TestKeycloakAuthorizationCodePKCEAndStepUp","Output":"2026/10/01 08:38:30 OK   00005_investigation.sql (5.3ms)\n"}
{"Time":"2026-10-01T08:38:30.308035+08:00","Action":"output","Package":"ops-platform/test/integration","Test":"TestKeycloakAuthorizationCodePKCEAndStepUp","Output":"2026/10/01 08:38:30 OK   00006_action_command.sql (4.55ms)\n"}
{"Time":"2026-10-01T08:38:30.315622+08:00","Action":"output","Package":"ops-platform/test/integration","Test":"TestKeycloakAuthorizationCodePKCEAndStepUp","Output":"2026/10/01 08:38:30 OK   00007_audit.sql (7.3ms)\n"}
{"Time":"2026-10-01T08:38:30.323082+08:00","Action":"output","Package":"ops-platform/test/integration","Test":"TestKeycloakAuthorizationCodePKCEAndStepUp","Output":"2026/10/01 08:38:30 OK   00008_rls.sql (7.21ms)\n"}
{"Time":"2026-10-01T08:38:30.328979+08:00","Action":"output","Package":"ops-platform/test/integration","Test":"TestKeycloakAuthorizationCodePKCEAndStepUp","Output":"2026/10/01 08:38:30 OK   00009_idempotency_ledger.sql (5.48ms)\n"}
{"Time":"2026-10-01T08:38:30.332351+08:00","Action":"output","Package":"ops-platform/test/integration","Test":"TestKeycloakAuthorizationCodePKCEAndStepUp","Output":"2026/10/01 08:38:30 OK   00010_tenant_provisioning.sql (3.21ms)\n"}
{"Time":"2026-10-01T08:38:30.336641+08:00","Action":"output","Package":"ops-platform/test/integration","Test":"TestKeycloakAuthorizationCodePKCEAndStepUp","Output":"2026/10/01 08:38:30 OK   00011_source_registration_history.sql (4.15ms)\n"}
{"Time":"2026-10-01T08:38:30.343147+08:00","Action":"output","Package":"ops-platform/test/integration","Test":"TestKeycloakAuthorizationCodePKCEAndStepUp","Output":"2026/10/01 08:38:30 OK   00012_config_registry_lifecycle.sql (6.32ms)\n"}
{"Time":"2026-10-01T08:38:30.351292+08:00","Action":"output","Package":"ops-platform/test/integration","Test":"TestKeycloakAuthorizationCodePKCEAndStepUp","Output":"2026/10/01 08:38:30 OK   00013_audit_signed_segments.sql (7.91ms)\n"}
{"Time":"2026-10-01T08:38:30.351362+08:00","Action":"output","Package":"ops-platform/test/integration","Test":"TestKeycloakAuthorizationCodePKCEAndStepUp","Output":"2026/10/01 08:38:30 goose: successfully migrated database to version: 13\n"}
{"Time":"2026-10-01T08:38:30.376109+08:00","Action":"output","Package":"ops-platform/test/integration","Test":"TestKeycloakAuthorizationCodePKCEAndStepUp","Output":"{\"time\":\"2026-10-01T08:38:30.376035+08:00\",\"level\":\"INFO\",\"msg\":\"http request complete\",\"request_id\":\"01a0f4e6-04e3-7860-8ca7-3fa9ae89f219\",\"method\":\"GET\",\"status_code\":200,\"duration_ms\":4}\n"}
{"Time":"2026-10-01T08:38:30.378459+08:00","Action":"output","Package":"ops-platform/test/integration","Test":"TestKeycloakAuthorizationCodePKCEAndStepUp","Output":"{\"time\":\"2026-10-01T08:38:30.378423+08:00\",\"level\":\"INFO\",\"msg\":\"http request complete\",\"request_id\":\"01a0f4e6-04e8-7403-8ddb-547531747553\",\"method\":\"GET\",\"status_code\":200,\"duration_ms\":2}\n"}
{"Time":"2026-10-01T08:38:30.380429+08:00","Action":"output","Package":"ops-platform/test/integration","Test":"TestKeycloakAuthorizationCodePKCEAndStepUp","Output":"{\"time\":\"2026-10-01T08:38:30.380397+08:00\",\"level\":\"INFO\",\"msg\":\"http request complete\",\"request_id\":\"01a0f4e6-04ea-78e5-a3ba-abc0c39d8a88\",\"method\":\"GET\",\"status_code\":200,\"duration_ms\":1}\n"}
{"Time":"2026-10-01T08:38:30.382501+08:00","Action":"output","Package":"ops-platform/test/integration","Test":"TestKeycloakAuthorizationCodePKCEAndStepUp","Output":"{\"time\":\"2026-10-01T08:38:30.38246+08:00\",\"level\":\"INFO\",\"msg\":\"http request complete\",\"request_id\":\"01a0f4e6-04ec-7841-8c93-21a17606b9d7\",\"method\":\"GET\",\"status_code\":200,\"duration_ms\":1}\n"}
{"Time":"2026-10-01T08:38:30.384083+08:00","Action":"output","Package":"ops-platform/test/integration","Test":"TestKeycloakAuthorizationCodePKCEAndStepUp","Output":"{\"time\":\"2026-10-01T08:38:30.384045+08:00\",\"level\":\"INFO\",\"msg\":\"http request complete\",\"request_id\":\"01a0f4e6-04ee-7956-bcdf-c6f80b87580b\",\"method\":\"GET\",\"status_code\":200,\"duration_ms\":1}\n"}
{"Time":"2026-10-01T08:38:30.385713+08:00","Action":"output","Package":"ops-platform/test/integration","Test":"TestKeycloakAuthorizationCodePKCEAndStepUp","Output":"{\"time\":\"2026-10-01T08:38:30.385685+08:00\",\"level\":\"INFO\",\"msg\":\"http request complete\",\"request_id\":\"01a0f4e6-04f0-737e-a27e-1b2d2855dc6a\",\"method\":\"GET\",\"status_code\":200,\"duration_ms\":1}\n"}
{"Time":"2026-10-01T08:38:30.391566+08:00","Action":"output","Package":"ops-platform/test/integration","Test":"TestKeycloakAuthorizationCodePKCEAndStepUp","Output":"{\"time\":\"2026-10-01T08:38:30.391519+08:00\",\"level\":\"INFO\",\"msg\":\"http request complete\",\"request_id\":\"01a0f4e6-04f1-7c67-beb7-f6f98d594ee5\",\"method\":\"POST\",\"status_code\":201,\"duration_ms\":5}\n"}
{"Time":"2026-10-01T08:38:30.394263+08:00","Action":"output","Package":"ops-platform/test/integration","Test":"TestKeycloakAuthorizationCodePKCEAndStepUp","Output":"{\"time\":\"2026-10-01T08:38:30.39423+08:00\",\"level\":\"INFO\",\"msg\":\"http request complete\",\"request_id\":\"01a0f4e6-04f7-7b1f-840a-acba78fb4755\",\"method\":\"POST\",\"status_code\":201,\"duration_ms\":2}\n"}
{"Time":"2026-10-01T08:38:30.394368+08:00","Action":"output","Package":"ops-platform/test/integration","Test":"TestKeycloakAuthorizationCodePKCEAndStepUp","Output":"    keycloak_test.go:155: actual APIApp served six management routes and replayed claim-bound step-up using real Keycloak JWT and distinct database login\n"}
{"Time":"2026-10-01T08:38:31.435645+08:00","Action":"output","Package":"ops-platform/test/integration","Test":"TestKeycloakAuthorizationCodePKCEAndStepUp","Output":"    keycloak_test.go:155: actual authenticated API stdout collected and queried in isolated VictoriaLogs\n"}
{"Time":"2026-10-01T08:38:31.505293+08:00","Action":"output","Package":"ops-platform/test/integration","Test":"TestKeycloakAuthorizationCodePKCEAndStepUp","Output":"--- PASS: TestKeycloakAuthorizationCodePKCEAndStepUp (14.32s)\n","OutputType":"frame"}
{"Time":"2026-10-01T08:38:31.505444+08:00","Action":"pass","Package":"ops-platform/test/integration","Test":"TestKeycloakAuthorizationCodePKCEAndStepUp","Elapsed":14.32}
{"Time":"2026-10-01T08:38:31.505486+08:00","Action":"run","Package":"ops-platform/test/integration","Test":"TestMigrationScriptsAreForwardOnlyAndContiguous"}
{"Time":"2026-10-01T08:38:31.505497+08:00","Action":"output","Package":"ops-platform/test/integration","Test":"TestMigrationScriptsAreForwardOnlyAndContiguous","Output":"=== RUN   TestMigrationScriptsAreForwardOnlyAndContiguous\n","OutputType":"frame"}
{"Time":"2026-10-01T08:38:31.506591+08:00","Action":"output","Package":"ops-platform/test/integration","Test":"TestMigrationScriptsAreForwardOnlyAndContiguous","Output":"--- PASS: TestMigrationScriptsAreForwardOnlyAndContiguous (0.00s)\n","OutputType":"frame"}
{"Time":"2026-10-01T08:38:31.50666+08:00","Action":"pass","Package":"ops-platform/test/integration","Test":"TestMigrationScriptsAreForwardOnlyAndContiguous","Elapsed":0}
{"Time":"2026-10-01T08:38:31.506679+08:00","Action":"run","Package":"ops-platform/test/integration","Test":"TestMigrationsAndRoles"}
{"Time":"2026-10-01T08:38:31.506688+08:00","Action":"output","Package":"ops-platform/test/integration","Test":"TestMigrationsAndRoles","Output":"=== RUN   TestMigrationsAndRoles\n","OutputType":"frame"}
{"Time":"2026-10-01T08:38:31.566354+08:00","Action":"output","Package":"ops-platform/test/integration","Test":"TestMigrationsAndRoles","Output":"2026/10/01 08:38:31 OK   00001_roles_and_schemas.sql (10.46ms)\n"}
{"Time":"2026-10-01T08:38:31.56646+08:00","Action":"output","Package":"ops-platform/test/integration","Test":"TestMigrationsAndRoles","Output":"2026/10/01 08:38:31 goose: successfully migrated database to version: 1\n"}
{"Time":"2026-10-01T08:38:31.594157+08:00","Action":"output","Package":"ops-platform/test/integration","Test":"TestMigrationsAndRoles","Output":"2026/10/01 08:38:31 OK   00002_platform_meta.sql (19.63ms)\n"}
{"Time":"2026-10-01T08:38:31.602162+08:00","Action":"output","Package":"ops-platform/test/integration","Test":"TestMigrationsAndRoles","Output":"2026/10/01 08:38:31 OK   00003_finding.sql (7.74ms)\n"}
{"Time":"2026-10-01T08:38:31.607707+08:00","Action":"output","Package":"ops-platform/test/integration","Test":"TestMigrationsAndRoles","Output":"2026/10/01 08:38:31 OK   00004_incident.sql (5.38ms)\n"}
{"Time":"2026-10-01T08:38:31.613561+08:00","Action":"output","Package":"ops-platform/test/integration","Test":"TestMigrationsAndRoles","Output":"2026/10/01 08:38:31 OK   00005_investigation.sql (5.62ms)\n"}
{"Time":"2026-10-01T08:38:31.619189+08:00","Action":"output","Package":"ops-platform/test/integration","Test":"TestMigrationsAndRoles","Output":"2026/10/01 08:38:31 OK   00006_action_command.sql (5.39ms)\n"}
{"Time":"2026-10-01T08:38:31.627977+08:00","Action":"output","Package":"ops-platform/test/integration","Test":"TestMigrationsAndRoles","Output":"2026/10/01 08:38:31 OK   00007_audit.sql (8.39ms)\n"}
{"Time":"2026-10-01T08:38:31.636184+08:00","Action":"output","Package":"ops-platform/test/integration","Test":"TestMigrationsAndRoles","Output":"2026/10/01 08:38:31 OK   00008_rls.sql (7.98ms)\n"}
{"Time":"2026-10-01T08:38:31.642199+08:00","Action":"output","Package":"ops-platform/test/integration","Test":"TestMigrationsAndRoles","Output":"2026/10/01 08:38:31 OK   00009_idempotency_ledger.sql (5.74ms)\n"}
{"Time":"2026-10-01T08:38:31.646099+08:00","Action":"output","Package":"ops-platform/test/integration","Test":"TestMigrationsAndRoles","Output":"2026/10/01 08:38:31 OK   00010_tenant_provisioning.sql (3.68ms)\n"}
{"Time":"2026-10-01T08:38:31.651056+08:00","Action":"output","Package":"ops-platform/test/integration","Test":"TestMigrationsAndRoles","Output":"2026/10/01 08:38:31 OK   00011_source_registration_history.sql (4.77ms)\n"}
{"Time":"2026-10-01T08:38:31.658535+08:00","Action":"output","Package":"ops-platform/test/integration","Test":"TestMigrationsAndRoles","Output":"2026/10/01 08:38:31 OK   00012_config_registry_lifecycle.sql (7.06ms)\n"}
{"Time":"2026-10-01T08:38:31.667632+08:00","Action":"output","Package":"ops-platform/test/integration","Test":"TestMigrationsAndRoles","Output":"2026/10/01 08:38:31 OK   00013_audit_signed_segments.sql (8.79ms)\n"}
{"Time":"2026-10-01T08:38:31.667687+08:00","Action":"output","Package":"ops-platform/test/integration","Test":"TestMigrationsAndRoles","Output":"2026/10/01 08:38:31 goose: successfully migrated database to version: 13\n"}
{"Time":"2026-10-01T08:38:31.709844+08:00","Action":"output","Package":"ops-platform/test/integration","Test":"TestMigrationsAndRoles","Output":"--- PASS: TestMigrationsAndRoles (0.20s)\n","OutputType":"frame"}
{"Time":"2026-10-01T08:38:31.709923+08:00","Action":"pass","Package":"ops-platform/test/integration","Test":"TestMigrationsAndRoles","Elapsed":0.2}
{"Time":"2026-10-01T08:38:31.709946+08:00","Action":"run","Package":"ops-platform/test/integration","Test":"TestMigrationsUpgradeVersionOneData"}
{"Time":"2026-10-01T08:38:31.709954+08:00","Action":"output","Package":"ops-platform/test/integration","Test":"TestMigrationsUpgradeVersionOneData","Output":"=== RUN   TestMigrationsUpgradeVersionOneData\n","OutputType":"frame"}
{"Time":"2026-10-01T08:38:31.747055+08:00","Action":"output","Package":"ops-platform/test/integration","Test":"TestMigrationsUpgradeVersionOneData","Output":"2026/10/01 08:38:31 OK   00001_roles_and_schemas.sql (7.94ms)\n"}
{"Time":"2026-10-01T08:38:31.747124+08:00","Action":"output","Package":"ops-platform/test/integration","Test":"TestMigrationsUpgradeVersionOneData","Output":"2026/10/01 08:38:31 goose: successfully migrated database to version: 1\n"}
{"Time":"2026-10-01T08:38:31.769341+08:00","Action":"output","Package":"ops-platform/test/integration","Test":"TestMigrationsUpgradeVersionOneData","Output":"2026/10/01 08:38:31 OK   00002_platform_meta.sql (14.35ms)\n"}
{"Time":"2026-10-01T08:38:31.774792+08:00","Action":"output","Package":"ops-platform/test/integration","Test":"TestMigrationsUpgradeVersionOneData","Output":"2026/10/01 08:38:31 OK   00003_finding.sql (5.16ms)\n"}
{"Time":"2026-10-01T08:38:31.778921+08:00","Action":"output","Package":"ops-platform/test/integration","Test":"TestMigrationsUpgradeVersionOneData","Output":"2026/10/01 08:38:31 OK   00004_incident.sql (3.95ms)\n"}
{"Time":"2026-10-01T08:38:31.783434+08:00","Action":"output","Package":"ops-platform/test/integration","Test":"TestMigrationsUpgradeVersionOneData","Output":"2026/10/01 08:38:31 OK   00005_investigation.sql (4.29ms)\n"}
{"Time":"2026-10-01T08:38:31.787965+08:00","Action":"output","Package":"ops-platform/test/integration","Test":"TestMigrationsUpgradeVersionOneData","Output":"2026/10/01 08:38:31 OK   00006_action_command.sql (4.31ms)\n"}
{"Time":"2026-10-01T08:38:31.795843+08:00","Action":"output","Package":"ops-platform/test/integration","Test":"TestMigrationsUpgradeVersionOneData","Output":"2026/10/01 08:38:31 OK   00007_audit.sql (7.62ms)\n"}
{"Time":"2026-10-01T08:38:31.802558+08:00","Action":"output","Package":"ops-platform/test/integration","Test":"TestMigrationsUpgradeVersionOneData","Output":"2026/10/01 08:38:31 OK   00008_rls.sql (6.48ms)\n"}
{"Time":"2026-10-01T08:38:31.808312+08:00","Action":"output","Package":"ops-platform/test/integration","Test":"TestMigrationsUpgradeVersionOneData","Output":"2026/10/01 08:38:31 OK   00009_idempotency_ledger.sql (5.51ms)\n"}
{"Time":"2026-10-01T08:38:31.812096+08:00","Action":"output","Package":"ops-platform/test/integration","Test":"TestMigrationsUpgradeVersionOneData","Output":"2026/10/01 08:38:31 OK   00010_tenant_provisioning.sql (3.6ms)\n"}
{"Time":"2026-10-01T08:38:31.816868+08:00","Action":"output","Package":"ops-platform/test/integration","Test":"TestMigrationsUpgradeVersionOneData","Output":"2026/10/01 08:38:31 OK   00011_source_registration_history.sql (4.58ms)\n"}
{"Time":"2026-10-01T08:38:31.824179+08:00","Action":"output","Package":"ops-platform/test/integration","Test":"TestMigrationsUpgradeVersionOneData","Output":"2026/10/01 08:38:31 OK   00012_config_registry_lifecycle.sql (7ms)\n"}
{"Time":"2026-10-01T08:38:31.833288+08:00","Action":"output","Package":"ops-platform/test/integration","Test":"TestMigrationsUpgradeVersionOneData","Output":"2026/10/01 08:38:31 OK   00013_audit_signed_segments.sql (8.73ms)\n"}
{"Time":"2026-10-01T08:38:31.833378+08:00","Action":"output","Package":"ops-platform/test/integration","Test":"TestMigrationsUpgradeVersionOneData","Output":"2026/10/01 08:38:31 goose: successfully migrated database to version: 13\n"}
{"Time":"2026-10-01T08:38:31.867341+08:00","Action":"output","Package":"ops-platform/test/integration","Test":"TestMigrationsUpgradeVersionOneData","Output":"--- PASS: TestMigrationsUpgradeVersionOneData (0.16s)\n","OutputType":"frame"}
{"Time":"2026-10-01T08:38:31.867464+08:00","Action":"pass","Package":"ops-platform/test/integration","Test":"TestMigrationsUpgradeVersionOneData","Elapsed":0.16}
{"Time":"2026-10-01T08:38:31.86749+08:00","Action":"run","Package":"ops-platform/test/integration","Test":"TestWithTenantTxIsolatesTenantsAndUsesAppendOnlyAudit"}
{"Time":"2026-10-01T08:38:31.867497+08:00","Action":"output","Package":"ops-platform/test/integration","Test":"TestWithTenantTxIsolatesTenantsAndUsesAppendOnlyAudit","Output":"=== RUN   TestWithTenantTxIsolatesTenantsAndUsesAppendOnlyAudit\n","OutputType":"frame"}
{"Time":"2026-10-01T08:38:31.901638+08:00","Action":"output","Package":"ops-platform/test/integration","Test":"TestWithTenantTxIsolatesTenantsAndUsesAppendOnlyAudit","Output":"2026/10/01 08:38:31 OK   00001_roles_and_schemas.sql (5.88ms)\n"}
{"Time":"2026-10-01T08:38:31.901726+08:00","Action":"output","Package":"ops-platform/test/integration","Test":"TestWithTenantTxIsolatesTenantsAndUsesAppendOnlyAudit","Output":"2026/10/01 08:38:31 goose: successfully migrated database to version: 1\n"}
{"Time":"2026-10-01T08:38:31.92043+08:00","Action":"output","Package":"ops-platform/test/integration","Test":"TestWithTenantTxIsolatesTenantsAndUsesAppendOnlyAudit","Output":"2026/10/01 08:38:31 OK   00002_platform_meta.sql (12.93ms)\n"}
{"Time":"2026-10-01T08:38:31.925897+08:00","Action":"output","Package":"ops-platform/test/integration","Test":"TestWithTenantTxIsolatesTenantsAndUsesAppendOnlyAudit","Output":"2026/10/01 08:38:31 OK   00003_finding.sql (5.22ms)\n"}
{"Time":"2026-10-01T08:38:31.929548+08:00","Action":"output","Package":"ops-platform/test/integration","Test":"TestWithTenantTxIsolatesTenantsAndUsesAppendOnlyAudit","Output":"2026/10/01 08:38:31 OK   00004_incident.sql (3.49ms)\n"}
{"Time":"2026-10-01T08:38:31.933681+08:00","Action":"output","Package":"ops-platform/test/integration","Test":"TestWithTenantTxIsolatesTenantsAndUsesAppendOnlyAudit","Output":"2026/10/01 08:38:31 OK   00005_investigation.sql (3.97ms)\n"}
{"Time":"2026-10-01T08:38:31.937743+08:00","Action":"output","Package":"ops-platform/test/integration","Test":"TestWithTenantTxIsolatesTenantsAndUsesAppendOnlyAudit","Output":"2026/10/01 08:38:31 OK   00006_action_command.sql (3.92ms)\n"}
{"Time":"2026-10-01T08:38:31.944653+08:00","Action":"output","Package":"ops-platform/test/integration","Test":"TestWithTenantTxIsolatesTenantsAndUsesAppendOnlyAudit","Output":"2026/10/01 08:38:31 OK   00007_audit.sql (6.71ms)\n"}
{"Time":"2026-10-01T08:38:31.951383+08:00","Action":"output","Package":"ops-platform/test/integration","Test":"TestWithTenantTxIsolatesTenantsAndUsesAppendOnlyAudit","Output":"2026/10/01 08:38:31 OK   00008_rls.sql (6.52ms)\n"}
{"Time":"2026-10-01T08:38:31.956705+08:00","Action":"output","Package":"ops-platform/test/integration","Test":"TestWithTenantTxIsolatesTenantsAndUsesAppendOnlyAudit","Output":"2026/10/01 08:38:31 OK   00009_idempotency_ledger.sql (5.05ms)\n"}
{"Time":"2026-10-01T08:38:31.960699+08:00","Action":"output","Package":"ops-platform/test/integration","Test":"TestWithTenantTxIsolatesTenantsAndUsesAppendOnlyAudit","Output":"2026/10/01 08:38:31 OK   00010_tenant_provisioning.sql (3.74ms)\n"}
{"Time":"2026-10-01T08:38:31.965754+08:00","Action":"output","Package":"ops-platform/test/integration","Test":"TestWithTenantTxIsolatesTenantsAndUsesAppendOnlyAudit","Output":"2026/10/01 08:38:31 OK   00011_source_registration_history.sql (4.74ms)\n"}
{"Time":"2026-10-01T08:38:31.972865+08:00","Action":"output","Package":"ops-platform/test/integration","Test":"TestWithTenantTxIsolatesTenantsAndUsesAppendOnlyAudit","Output":"2026/10/01 08:38:31 OK   00012_config_registry_lifecycle.sql (6.8ms)\n"}
{"Time":"2026-10-01T08:38:31.981237+08:00","Action":"output","Package":"ops-platform/test/integration","Test":"TestWithTenantTxIsolatesTenantsAndUsesAppendOnlyAudit","Output":"2026/10/01 08:38:31 OK   00013_audit_signed_segments.sql (7.99ms)\n"}
{"Time":"2026-10-01T08:38:31.981287+08:00","Action":"output","Package":"ops-platform/test/integration","Test":"TestWithTenantTxIsolatesTenantsAndUsesAppendOnlyAudit","Output":"2026/10/01 08:38:31 goose: successfully migrated database to version: 13\n"}
{"Time":"2026-10-01T08:38:32.024092+08:00","Action":"output","Package":"ops-platform/test/integration","Test":"TestWithTenantTxIsolatesTenantsAndUsesAppendOnlyAudit","Output":"--- PASS: TestWithTenantTxIsolatesTenantsAndUsesAppendOnlyAudit (0.16s)\n","OutputType":"frame"}
{"Time":"2026-10-01T08:38:32.024123+08:00","Action":"pass","Package":"ops-platform/test/integration","Test":"TestWithTenantTxIsolatesTenantsAndUsesAppendOnlyAudit","Elapsed":0.16}
{"Time":"2026-10-01T08:38:32.024131+08:00","Action":"run","Package":"ops-platform/test/integration","Test":"TestRealVictoriaMetricsScrapesPlatformProcessMetric"}
{"Time":"2026-10-01T08:38:32.024152+08:00","Action":"output","Package":"ops-platform/test/integration","Test":"TestRealVictoriaMetricsScrapesPlatformProcessMetric","Output":"=== RUN   TestRealVictoriaMetricsScrapesPlatformProcessMetric\n","OutputType":"frame"}
{"Time":"2026-10-01T08:39:02.238698+08:00","Action":"output","Package":"ops-platform/test/integration","Test":"TestRealVictoriaMetricsScrapesPlatformProcessMetric","Output":"    observability_test.go:53: isolated VictoriaMetrics did not scrape platform_process_up=1\n","OutputType":"error"}
{"Time":"2026-10-01T08:39:02.238907+08:00","Action":"output","Package":"ops-platform/test/integration","Test":"TestRealVictoriaMetricsScrapesPlatformProcessMetric","Output":"--- FAIL: TestRealVictoriaMetricsScrapesPlatformProcessMetric (30.21s)\n","OutputType":"frame"}
{"Time":"2026-10-01T08:39:02.239039+08:00","Action":"fail","Package":"ops-platform/test/integration","Test":"TestRealVictoriaMetricsScrapesPlatformProcessMetric","Elapsed":30.21}
{"Time":"2026-10-01T08:39:02.239175+08:00","Action":"run","Package":"ops-platform/test/integration","Test":"TestRealVictoriaLogsAcceptsStructuredPlatformStdout"}
{"Time":"2026-10-01T08:39:02.239246+08:00","Action":"output","Package":"ops-platform/test/integration","Test":"TestRealVictoriaLogsAcceptsStructuredPlatformStdout","Output":"=== RUN   TestRealVictoriaLogsAcceptsStructuredPlatformStdout\n","OutputType":"frame"}
{"Time":"2026-10-01T08:39:03.260495+08:00","Action":"output","Package":"ops-platform/test/integration","Test":"TestRealVictoriaLogsAcceptsStructuredPlatformStdout","Output":"--- PASS: TestRealVictoriaLogsAcceptsStructuredPlatformStdout (1.02s)\n","OutputType":"frame"}
{"Time":"2026-10-01T08:39:03.260622+08:00","Action":"pass","Package":"ops-platform/test/integration","Test":"TestRealVictoriaLogsAcceptsStructuredPlatformStdout","Elapsed":1.02}
{"Time":"2026-10-01T08:39:03.26068+08:00","Action":"run","Package":"ops-platform/test/integration","Test":"TestRealProjectedPodTokensAuthenticateOpenBaoAndWorkloadMTLS"}
{"Time":"2026-10-01T08:39:03.260709+08:00","Action":"output","Package":"ops-platform/test/integration","Test":"TestRealProjectedPodTokensAuthenticateOpenBaoAndWorkloadMTLS","Output":"=== RUN   TestRealProjectedPodTokensAuthenticateOpenBaoAndWorkloadMTLS\n","OutputType":"frame"}
{"Time":"2026-10-01T08:39:03.260731+08:00","Action":"output","Package":"ops-platform/test/integration","Test":"TestRealProjectedPodTokensAuthenticateOpenBaoAndWorkloadMTLS","Output":"    projected_workload_test.go:37: isolated Kubernetes TokenReview/OpenBao authorization and environment are required\n"}
{"Time":"2026-10-01T08:39:03.260752+08:00","Action":"output","Package":"ops-platform/test/integration","Test":"TestRealProjectedPodTokensAuthenticateOpenBaoAndWorkloadMTLS","Output":"--- SKIP: TestRealProjectedPodTokensAuthenticateOpenBaoAndWorkloadMTLS (0.00s)\n","OutputType":"frame"}
{"Time":"2026-10-01T08:39:03.260771+08:00","Action":"skip","Package":"ops-platform/test/integration","Test":"TestRealProjectedPodTokensAuthenticateOpenBaoAndWorkloadMTLS","Elapsed":0}
{"Time":"2026-10-01T08:39:03.260789+08:00","Action":"run","Package":"ops-platform/test/integration","Test":"TestRuntimeDatabaseLoginCannotRegainOwnerOrOtherProcess"}
{"Time":"2026-10-01T08:39:03.260805+08:00","Action":"output","Package":"ops-platform/test/integration","Test":"TestRuntimeDatabaseLoginCannotRegainOwnerOrOtherProcess","Output":"=== RUN   TestRuntimeDatabaseLoginCannotRegainOwnerOrOtherProcess\n","OutputType":"frame"}
{"Time":"2026-10-01T08:39:03.344743+08:00","Action":"output","Package":"ops-platform/test/integration","Test":"TestRuntimeDatabaseLoginCannotRegainOwnerOrOtherProcess","Output":"2026/10/01 08:39:03 OK   00001_roles_and_schemas.sql (10.83ms)\n"}
{"Time":"2026-10-01T08:39:03.363363+08:00","Action":"output","Package":"ops-platform/test/integration","Test":"TestRuntimeDatabaseLoginCannotRegainOwnerOrOtherProcess","Output":"2026/10/01 08:39:03 OK   00002_platform_meta.sql (18.13ms)\n"}
{"Time":"2026-10-01T08:39:03.371177+08:00","Action":"output","Package":"ops-platform/test/integration","Test":"TestRuntimeDatabaseLoginCannotRegainOwnerOrOtherProcess","Output":"2026/10/01 08:39:03 OK   00003_finding.sql (7.5ms)\n"}
{"Time":"2026-10-01T08:39:03.376764+08:00","Action":"output","Package":"ops-platform/test/integration","Test":"TestRuntimeDatabaseLoginCannotRegainOwnerOrOtherProcess","Output":"2026/10/01 08:39:03 OK   00004_incident.sql (5.23ms)\n"}
{"Time":"2026-10-01T08:39:03.382962+08:00","Action":"output","Package":"ops-platform/test/integration","Test":"TestRuntimeDatabaseLoginCannotRegainOwnerOrOtherProcess","Output":"2026/10/01 08:39:03 OK   00005_investigation.sql (5.87ms)\n"}
{"Time":"2026-10-01T08:39:03.388316+08:00","Action":"output","Package":"ops-platform/test/integration","Test":"TestRuntimeDatabaseLoginCannotRegainOwnerOrOtherProcess","Output":"2026/10/01 08:39:03 OK   00006_action_command.sql (4.9ms)\n"}
{"Time":"2026-10-01T08:39:03.397057+08:00","Action":"output","Package":"ops-platform/test/integration","Test":"TestRuntimeDatabaseLoginCannotRegainOwnerOrOtherProcess","Output":"2026/10/01 08:39:03 OK   00007_audit.sql (8.37ms)\n"}
{"Time":"2026-10-01T08:39:03.405242+08:00","Action":"output","Package":"ops-platform/test/integration","Test":"TestRuntimeDatabaseLoginCannotRegainOwnerOrOtherProcess","Output":"2026/10/01 08:39:03 OK   00008_rls.sql (7.92ms)\n"}
{"Time":"2026-10-01T08:39:03.411627+08:00","Action":"output","Package":"ops-platform/test/integration","Test":"TestRuntimeDatabaseLoginCannotRegainOwnerOrOtherProcess","Output":"2026/10/01 08:39:03 OK   00009_idempotency_ledger.sql (6.1ms)\n"}
{"Time":"2026-10-01T08:39:03.415369+08:00","Action":"output","Package":"ops-platform/test/integration","Test":"TestRuntimeDatabaseLoginCannotRegainOwnerOrOtherProcess","Output":"2026/10/01 08:39:03 OK   00010_tenant_provisioning.sql (3.46ms)\n"}
{"Time":"2026-10-01T08:39:03.421375+08:00","Action":"output","Package":"ops-platform/test/integration","Test":"TestRuntimeDatabaseLoginCannotRegainOwnerOrOtherProcess","Output":"2026/10/01 08:39:03 OK   00011_source_registration_history.sql (5.75ms)\n"}
{"Time":"2026-10-01T08:39:03.429055+08:00","Action":"output","Package":"ops-platform/test/integration","Test":"TestRuntimeDatabaseLoginCannotRegainOwnerOrOtherProcess","Output":"2026/10/01 08:39:03 OK   00012_config_registry_lifecycle.sql (7.33ms)\n"}
{"Time":"2026-10-01T08:39:03.438755+08:00","Action":"output","Package":"ops-platform/test/integration","Test":"TestRuntimeDatabaseLoginCannotRegainOwnerOrOtherProcess","Output":"2026/10/01 08:39:03 OK   00013_audit_signed_segments.sql (9.36ms)\n"}
{"Time":"2026-10-01T08:39:03.438824+08:00","Action":"output","Package":"ops-platform/test/integration","Test":"TestRuntimeDatabaseLoginCannotRegainOwnerOrOtherProcess","Output":"2026/10/01 08:39:03 goose: successfully migrated database to version: 13\n"}
{"Time":"2026-10-01T08:39:03.50204+08:00","Action":"output","Package":"ops-platform/test/integration","Test":"TestRuntimeDatabaseLoginCannotRegainOwnerOrOtherProcess","Output":"--- PASS: TestRuntimeDatabaseLoginCannotRegainOwnerOrOtherProcess (0.24s)\n","OutputType":"frame"}
{"Time":"2026-10-01T08:39:03.502112+08:00","Action":"pass","Package":"ops-platform/test/integration","Test":"TestRuntimeDatabaseLoginCannotRegainOwnerOrOtherProcess","Elapsed":0.24}
{"Time":"2026-10-01T08:39:03.502129+08:00","Action":"run","Package":"ops-platform/test/integration","Test":"TestSourceRegistrationsAreTenantBoundRevisionedAndAudited"}
{"Time":"2026-10-01T08:39:03.502137+08:00","Action":"output","Package":"ops-platform/test/integration","Test":"TestSourceRegistrationsAreTenantBoundRevisionedAndAudited","Output":"=== RUN   TestSourceRegistrationsAreTenantBoundRevisionedAndAudited\n","OutputType":"frame"}
{"Time":"2026-10-01T08:39:03.539932+08:00","Action":"output","Package":"ops-platform/test/integration","Test":"TestSourceRegistrationsAreTenantBoundRevisionedAndAudited","Output":"2026/10/01 08:39:03 OK   00001_roles_and_schemas.sql (6.89ms)\n"}
{"Time":"2026-10-01T08:39:03.539996+08:00","Action":"output","Package":"ops-platform/test/integration","Test":"TestSourceRegistrationsAreTenantBoundRevisionedAndAudited","Output":"2026/10/01 08:39:03 goose: successfully migrated database to version: 1\n"}
{"Time":"2026-10-01T08:39:03.558436+08:00","Action":"output","Package":"ops-platform/test/integration","Test":"TestSourceRegistrationsAreTenantBoundRevisionedAndAudited","Output":"2026/10/01 08:39:03 OK   00002_platform_meta.sql (12.86ms)\n"}
{"Time":"2026-10-01T08:39:03.564173+08:00","Action":"output","Package":"ops-platform/test/integration","Test":"TestSourceRegistrationsAreTenantBoundRevisionedAndAudited","Output":"2026/10/01 08:39:03 OK   00003_finding.sql (5.51ms)\n"}
{"Time":"2026-10-01T08:39:03.568625+08:00","Action":"output","Package":"ops-platform/test/integration","Test":"TestSourceRegistrationsAreTenantBoundRevisionedAndAudited","Output":"2026/10/01 08:39:03 OK   00004_incident.sql (4.21ms)\n"}
{"Time":"2026-10-01T08:39:03.57363+08:00","Action":"output","Package":"ops-platform/test/integration","Test":"TestSourceRegistrationsAreTenantBoundRevisionedAndAudited","Output":"2026/10/01 08:39:03 OK   00005_investigation.sql (4.78ms)\n"}
{"Time":"2026-10-01T08:39:03.577918+08:00","Action":"output","Package":"ops-platform/test/integration","Test":"TestSourceRegistrationsAreTenantBoundRevisionedAndAudited","Output":"2026/10/01 08:39:03 OK   00006_action_command.sql (4.12ms)\n"}
{"Time":"2026-10-01T08:39:03.584972+08:00","Action":"output","Package":"ops-platform/test/integration","Test":"TestSourceRegistrationsAreTenantBoundRevisionedAndAudited","Output":"2026/10/01 08:39:03 OK   00007_audit.sql (6.81ms)\n"}
{"Time":"2026-10-01T08:39:03.591813+08:00","Action":"output","Package":"ops-platform/test/integration","Test":"TestSourceRegistrationsAreTenantBoundRevisionedAndAudited","Output":"2026/10/01 08:39:03 OK   00008_rls.sql (6.61ms)\n"}
{"Time":"2026-10-01T08:39:03.598098+08:00","Action":"output","Package":"ops-platform/test/integration","Test":"TestSourceRegistrationsAreTenantBoundRevisionedAndAudited","Output":"2026/10/01 08:39:03 OK   00009_idempotency_ledger.sql (5.24ms)\n"}
{"Time":"2026-10-01T08:39:03.601974+08:00","Action":"output","Package":"ops-platform/test/integration","Test":"TestSourceRegistrationsAreTenantBoundRevisionedAndAudited","Output":"2026/10/01 08:39:03 OK   00010_tenant_provisioning.sql (3.61ms)\n"}
{"Time":"2026-10-01T08:39:03.60671+08:00","Action":"output","Package":"ops-platform/test/integration","Test":"TestSourceRegistrationsAreTenantBoundRevisionedAndAudited","Output":"2026/10/01 08:39:03 OK   00011_source_registration_history.sql (4.46ms)\n"}
{"Time":"2026-10-01T08:39:03.613399+08:00","Action":"output","Package":"ops-platform/test/integration","Test":"TestSourceRegistrationsAreTenantBoundRevisionedAndAudited","Output":"2026/10/01 08:39:03 OK   00012_config_registry_lifecycle.sql (6.42ms)\n"}
{"Time":"2026-10-01T08:39:03.621869+08:00","Action":"output","Package":"ops-platform/test/integration","Test":"TestSourceRegistrationsAreTenantBoundRevisionedAndAudited","Output":"2026/10/01 08:39:03 OK   00013_audit_signed_segments.sql (8.19ms)\n"}
{"Time":"2026-10-01T08:39:03.621938+08:00","Action":"output","Package":"ops-platform/test/integration","Test":"TestSourceRegistrationsAreTenantBoundRevisionedAndAudited","Output":"2026/10/01 08:39:03 goose: successfully migrated database to version: 13\n"}
{"Time":"2026-10-01T08:39:03.644508+08:00","Action":"run","Package":"ops-platform/test/integration","Test":"TestSourceRegistrationsAreTenantBoundRevisionedAndAudited/payload-tenant"}
{"Time":"2026-10-01T08:39:03.644584+08:00","Action":"output","Package":"ops-platform/test/integration","Test":"TestSourceRegistrationsAreTenantBoundRevisionedAndAudited/payload-tenant","Output":"=== RUN   TestSourceRegistrationsAreTenantBoundRevisionedAndAudited/payload-tenant\n","OutputType":"frame"}
{"Time":"2026-10-01T08:39:03.645152+08:00","Action":"output","Package":"ops-platform/test/integration","Test":"TestSourceRegistrationsAreTenantBoundRevisionedAndAudited/payload-tenant","Output":"--- PASS: TestSourceRegistrationsAreTenantBoundRevisionedAndAudited/payload-tenant (0.00s)\n","OutputType":"frame"}
{"Time":"2026-10-01T08:39:03.645168+08:00","Action":"pass","Package":"ops-platform/test/integration","Test":"TestSourceRegistrationsAreTenantBoundRevisionedAndAudited/payload-tenant","Elapsed":0}
{"Time":"2026-10-01T08:39:03.645184+08:00","Action":"run","Package":"ops-platform/test/integration","Test":"TestSourceRegistrationsAreTenantBoundRevisionedAndAudited/payload-cluster"}
{"Time":"2026-10-01T08:39:03.645193+08:00","Action":"output","Package":"ops-platform/test/integration","Test":"TestSourceRegistrationsAreTenantBoundRevisionedAndAudited/payload-cluster","Output":"=== RUN   TestSourceRegistrationsAreTenantBoundRevisionedAndAudited/payload-cluster\n","OutputType":"frame"}
{"Time":"2026-10-01T08:39:03.645727+08:00","Action":"output","Package":"ops-platform/test/integration","Test":"TestSourceRegistrationsAreTenantBoundRevisionedAndAudited/payload-cluster","Output":"--- PASS: TestSourceRegistrationsAreTenantBoundRevisionedAndAudited/payload-cluster (0.00s)\n","OutputType":"frame"}
{"Time":"2026-10-01T08:39:03.645745+08:00","Action":"pass","Package":"ops-platform/test/integration","Test":"TestSourceRegistrationsAreTenantBoundRevisionedAndAudited/payload-cluster","Elapsed":0}
{"Time":"2026-10-01T08:39:03.711538+08:00","Action":"output","Package":"ops-platform/test/integration","Test":"TestSourceRegistrationsAreTenantBoundRevisionedAndAudited","Output":"--- PASS: TestSourceRegistrationsAreTenantBoundRevisionedAndAudited (0.21s)\n","OutputType":"frame"}
{"Time":"2026-10-01T08:39:03.711676+08:00","Action":"pass","Package":"ops-platform/test/integration","Test":"TestSourceRegistrationsAreTenantBoundRevisionedAndAudited","Elapsed":0.21}
{"Time":"2026-10-01T08:39:03.711734+08:00","Action":"run","Package":"ops-platform/test/integration","Test":"TestRevokedStepUpCannotBeRecreatedByReplayingSameJWT"}
{"Time":"2026-10-01T08:39:03.711753+08:00","Action":"output","Package":"ops-platform/test/integration","Test":"TestRevokedStepUpCannotBeRecreatedByReplayingSameJWT","Output":"=== RUN   TestRevokedStepUpCannotBeRecreatedByReplayingSameJWT\n","OutputType":"frame"}
{"Time":"2026-10-01T08:39:03.741757+08:00","Action":"output","Package":"ops-platform/test/integration","Test":"TestRevokedStepUpCannotBeRecreatedByReplayingSameJWT","Output":"2026/10/01 08:39:03 OK   00001_roles_and_schemas.sql (6.15ms)\n"}
{"Time":"2026-10-01T08:39:03.753941+08:00","Action":"output","Package":"ops-platform/test/integration","Test":"TestRevokedStepUpCannotBeRecreatedByReplayingSameJWT","Output":"2026/10/01 08:39:03 OK   00002_platform_meta.sql (11.82ms)\n"}
{"Time":"2026-10-01T08:39:03.75844+08:00","Action":"output","Package":"ops-platform/test/integration","Test":"TestRevokedStepUpCannotBeRecreatedByReplayingSameJWT","Output":"2026/10/01 08:39:03 OK   00003_finding.sql (4.29ms)\n"}
{"Time":"2026-10-01T08:39:03.761701+08:00","Action":"output","Package":"ops-platform/test/integration","Test":"TestRevokedStepUpCannotBeRecreatedByReplayingSameJWT","Output":"2026/10/01 08:39:03 OK   00004_incident.sql (3.09ms)\n"}
{"Time":"2026-10-01T08:39:03.765569+08:00","Action":"output","Package":"ops-platform/test/integration","Test":"TestRevokedStepUpCannotBeRecreatedByReplayingSameJWT","Output":"2026/10/01 08:39:03 OK   00005_investigation.sql (3.68ms)\n"}
{"Time":"2026-10-01T08:39:03.769052+08:00","Action":"output","Package":"ops-platform/test/integration","Test":"TestRevokedStepUpCannotBeRecreatedByReplayingSameJWT","Output":"2026/10/01 08:39:03 OK   00006_action_command.sql (3.25ms)\n"}
{"Time":"2026-10-01T08:39:03.775983+08:00","Action":"output","Package":"ops-platform/test/integration","Test":"TestRevokedStepUpCannotBeRecreatedByReplayingSameJWT","Output":"2026/10/01 08:39:03 OK   00007_audit.sql (5.7ms)\n"}
{"Time":"2026-10-01T08:39:03.781539+08:00","Action":"output","Package":"ops-platform/test/integration","Test":"TestRevokedStepUpCannotBeRecreatedByReplayingSameJWT","Output":"2026/10/01 08:39:03 OK   00008_rls.sql (5.33ms)\n"}
{"Time":"2026-10-01T08:39:03.785909+08:00","Action":"output","Package":"ops-platform/test/integration","Test":"TestRevokedStepUpCannotBeRecreatedByReplayingSameJWT","Output":"2026/10/01 08:39:03 OK   00009_idempotency_ledger.sql (4.22ms)\n"}
{"Time":"2026-10-01T08:39:03.788538+08:00","Action":"output","Package":"ops-platform/test/integration","Test":"TestRevokedStepUpCannotBeRecreatedByReplayingSameJWT","Output":"2026/10/01 08:39:03 OK   00010_tenant_provisioning.sql (2.38ms)\n"}
{"Time":"2026-10-01T08:39:03.792037+08:00","Action":"output","Package":"ops-platform/test/integration","Test":"TestRevokedStepUpCannotBeRecreatedByReplayingSameJWT","Output":"2026/10/01 08:39:03 OK   00011_source_registration_history.sql (3.32ms)\n"}
{"Time":"2026-10-01T08:39:03.797202+08:00","Action":"output","Package":"ops-platform/test/integration","Test":"TestRevokedStepUpCannotBeRecreatedByReplayingSameJWT","Output":"2026/10/01 08:39:03 OK   00012_config_registry_lifecycle.sql (4.99ms)\n"}
{"Time":"2026-10-01T08:39:03.803941+08:00","Action":"output","Package":"ops-platform/test/integration","Test":"TestRevokedStepUpCannotBeRecreatedByReplayingSameJWT","Output":"2026/10/01 08:39:03 OK   00013_audit_signed_segments.sql (6.56ms)\n"}
{"Time":"2026-10-01T08:39:03.804043+08:00","Action":"output","Package":"ops-platform/test/integration","Test":"TestRevokedStepUpCannotBeRecreatedByReplayingSameJWT","Output":"2026/10/01 08:39:03 goose: successfully migrated database to version: 13\n"}
{"Time":"2026-10-01T08:39:03.94241+08:00","Action":"output","Package":"ops-platform/test/integration","Test":"TestRevokedStepUpCannotBeRecreatedByReplayingSameJWT","Output":"--- PASS: TestRevokedStepUpCannotBeRecreatedByReplayingSameJWT (0.23s)\n","OutputType":"frame"}
{"Time":"2026-10-01T08:39:03.942531+08:00","Action":"pass","Package":"ops-platform/test/integration","Test":"TestRevokedStepUpCannotBeRecreatedByReplayingSameJWT","Elapsed":0.23}
{"Time":"2026-10-01T08:39:03.942559+08:00","Action":"run","Package":"ops-platform/test/integration","Test":"TestTenantProvisioningAndRoleBindingRevisions"}
{"Time":"2026-10-01T08:39:03.94257+08:00","Action":"output","Package":"ops-platform/test/integration","Test":"TestTenantProvisioningAndRoleBindingRevisions","Output":"=== RUN   TestTenantProvisioningAndRoleBindingRevisions\n","OutputType":"frame"}
{"Time":"2026-10-01T08:39:03.99105+08:00","Action":"output","Package":"ops-platform/test/integration","Test":"TestTenantProvisioningAndRoleBindingRevisions","Output":"2026/10/01 08:39:03 OK   00001_roles_and_schemas.sql (10.93ms)\n"}
{"Time":"2026-10-01T08:39:03.991188+08:00","Action":"output","Package":"ops-platform/test/integration","Test":"TestTenantProvisioningAndRoleBindingRevisions","Output":"2026/10/01 08:39:03 goose: successfully migrated database to version: 1\n"}
{"Time":"2026-10-01T08:39:04.01561+08:00","Action":"output","Package":"ops-platform/test/integration","Test":"TestTenantProvisioningAndRoleBindingRevisions","Output":"2026/10/01 08:39:04 OK   00002_platform_meta.sql (16.12ms)\n"}
{"Time":"2026-10-01T08:39:04.023825+08:00","Action":"output","Package":"ops-platform/test/integration","Test":"TestTenantProvisioningAndRoleBindingRevisions","Output":"2026/10/01 08:39:04 OK   00003_finding.sql (7.92ms)\n"}
{"Time":"2026-10-01T08:39:04.029008+08:00","Action":"output","Package":"ops-platform/test/integration","Test":"TestTenantProvisioningAndRoleBindingRevisions","Output":"2026/10/01 08:39:04 OK   00004_incident.sql (4.81ms)\n"}
{"Time":"2026-10-01T08:39:04.034707+08:00","Action":"output","Package":"ops-platform/test/integration","Test":"TestTenantProvisioningAndRoleBindingRevisions","Output":"2026/10/01 08:39:04 OK   00005_investigation.sql (5.43ms)\n"}
{"Time":"2026-10-01T08:39:04.039976+08:00","Action":"output","Package":"ops-platform/test/integration","Test":"TestTenantProvisioningAndRoleBindingRevisions","Output":"2026/10/01 08:39:04 OK   00006_action_command.sql (5.04ms)\n"}
{"Time":"2026-10-01T08:39:04.048199+08:00","Action":"output","Package":"ops-platform/test/integration","Test":"TestTenantProvisioningAndRoleBindingRevisions","Output":"2026/10/01 08:39:04 OK   00007_audit.sql (7.93ms)\n"}
{"Time":"2026-10-01T08:39:04.057464+08:00","Action":"output","Package":"ops-platform/test/integration","Test":"TestTenantProvisioningAndRoleBindingRevisions","Output":"2026/10/01 08:39:04 OK   00008_rls.sql (8.99ms)\n"}
{"Time":"2026-10-01T08:39:04.063682+08:00","Action":"output","Package":"ops-platform/test/integration","Test":"TestTenantProvisioningAndRoleBindingRevisions","Output":"2026/10/01 08:39:04 OK   00009_idempotency_ledger.sql (5.87ms)\n"}
{"Time":"2026-10-01T08:39:04.067738+08:00","Action":"output","Package":"ops-platform/test/integration","Test":"TestTenantProvisioningAndRoleBindingRevisions","Output":"2026/10/01 08:39:04 OK   00010_tenant_provisioning.sql (3.82ms)\n"}
{"Time":"2026-10-01T08:39:04.073446+08:00","Action":"output","Package":"ops-platform/test/integration","Test":"TestTenantProvisioningAndRoleBindingRevisions","Output":"2026/10/01 08:39:04 OK   00011_source_registration_history.sql (5.44ms)\n"}
{"Time":"2026-10-01T08:39:04.081477+08:00","Action":"output","Package":"ops-platform/test/integration","Test":"TestTenantProvisioningAndRoleBindingRevisions","Output":"2026/10/01 08:39:04 OK   00012_config_registry_lifecycle.sql (7.73ms)\n"}
{"Time":"2026-10-01T08:39:04.090823+08:00","Action":"output","Package":"ops-platform/test/integration","Test":"TestTenantProvisioningAndRoleBindingRevisions","Output":"2026/10/01 08:39:04 OK   00013_audit_signed_segments.sql (9.04ms)\n"}
{"Time":"2026-10-01T08:39:04.090908+08:00","Action":"output","Package":"ops-platform/test/integration","Test":"TestTenantProvisioningAndRoleBindingRevisions","Output":"2026/10/01 08:39:04 goose: successfully migrated database to version: 13\n"}
{"Time":"2026-10-01T08:39:04.14625+08:00","Action":"output","Package":"ops-platform/test/integration","Test":"TestTenantProvisioningAndRoleBindingRevisions","Output":"--- PASS: TestTenantProvisioningAndRoleBindingRevisions (0.20s)\n","OutputType":"frame"}
{"Time":"2026-10-01T08:39:04.146333+08:00","Action":"pass","Package":"ops-platform/test/integration","Test":"TestTenantProvisioningAndRoleBindingRevisions","Elapsed":0.2}
{"Time":"2026-10-01T08:39:04.146354+08:00","Action":"run","Package":"ops-platform/test/integration","Test":"TestRealOpenBaoWorkloadPKIIssuanceAndRevocation"}
{"Time":"2026-10-01T08:39:04.146364+08:00","Action":"output","Package":"ops-platform/test/integration","Test":"TestRealOpenBaoWorkloadPKIIssuanceAndRevocation","Output":"=== RUN   TestRealOpenBaoWorkloadPKIIssuanceAndRevocation\n","OutputType":"frame"}
{"Time":"2026-10-01T08:39:04.168338+08:00","Action":"output","Package":"ops-platform/test/integration","Test":"TestRealOpenBaoWorkloadPKIIssuanceAndRevocation","Output":"    workload_identity_test.go:86: isolated OpenBao workload role=platform-workload-ops-api certificate_serial=4c899186f584b96ffacc5f1d428c2f6cdced9496 cert_ttl=1h0m30s revoked_crl_verified=true\n"}
{"Time":"2026-10-01T08:39:04.168436+08:00","Action":"output","Package":"ops-platform/test/integration","Test":"TestRealOpenBaoWorkloadPKIIssuanceAndRevocation","Output":"--- PASS: TestRealOpenBaoWorkloadPKIIssuanceAndRevocation (0.02s)\n","OutputType":"frame"}
{"Time":"2026-10-01T08:39:04.16846+08:00","Action":"pass","Package":"ops-platform/test/integration","Test":"TestRealOpenBaoWorkloadPKIIssuanceAndRevocation","Elapsed":0.02}
{"Time":"2026-10-01T08:39:04.168488+08:00","Action":"output","Package":"ops-platform/test/integration","Output":"FAIL\n","OutputType":"frame"}
{"Time":"2026-10-01T08:39:04.173426+08:00","Action":"output","Package":"ops-platform/test/integration","Output":"FAIL\tops-platform/test/integration\t51.173s\n","OutputType":"frame"}
{"Time":"2026-10-01T08:39:04.173494+08:00","Action":"fail","Package":"ops-platform/test/integration","Elapsed":51.173}
make: *** [test-integration] Error 1
