go generate ./...
$ orval --config ./orval.config.ts
🍻 orval v8.37.0 - A swagger client generator for typescript
platform - 🎉 Smart Operations Platform API - Your OpenAPI spec has been converted into ready to use orval!
go vet ./...
?   	ops-platform/api	[no test files]
?   	ops-platform/artifacts	[no test files]
?   	ops-platform/bundle	[no test files]
?   	ops-platform/cmd/db-migrate	[no test files]
ok  	ops-platform/cmd/opsctl	1.038s
?   	ops-platform/cmd/platform-api	[no test files]
?   	ops-platform/cmd/platform-worker	[no test files]
?   	ops-platform/gen/api	[no test files]
ok  	ops-platform/internal/app	2.549s
ok  	ops-platform/internal/archive	(cached)
ok  	ops-platform/internal/audit	1.896s
ok  	ops-platform/internal/auth	1.526s
ok  	ops-platform/internal/bundle	2.597s
ok  	ops-platform/internal/bundle/drivers	(cached)
ok  	ops-platform/internal/configregistry	0.459s
?   	ops-platform/internal/contract	[no test files]
ok  	ops-platform/internal/crypto	2.973s
ok  	ops-platform/internal/httpapi	3.571s
?   	ops-platform/internal/integrations	[no test files]
ok  	ops-platform/internal/integrations/keycloak	(cached)
ok  	ops-platform/internal/integrations/openbao	3.736s
?   	ops-platform/internal/integrations/s3	[no test files]
?   	ops-platform/internal/integrations/victorialogs	[no test files]
?   	ops-platform/internal/integrations/victoriametrics	[no test files]
?   	ops-platform/internal/integrations/vmalert	[no test files]
ok  	ops-platform/internal/observability	4.145s
ok  	ops-platform/internal/persistence	(cached)
?   	ops-platform/internal/persistence/dbgen	[no test files]
ok  	ops-platform/internal/policy	3.680s
ok  	ops-platform/internal/profile	6.068s
ok  	ops-platform/internal/source	3.275s
ok  	ops-platform/internal/supplychain	(cached)
?   	ops-platform/internal/tenant	[no test files]
?   	ops-platform/policies	[no test files]
ok  	ops-platform/test/contract	19.223s
ok  	ops-platform/test/e2e	4.054s
?   	ops-platform/test/fixtures/upstream-inspection	[no test files]
ok  	ops-platform/test/integration	3.714s
ok  	ops-platform/test/security	3.492s
$ node --experimental-strip-types --test ./test/*.test.mjs
✔ typed SSE reader yields a decoded envelope before the stream closes (35.434167ms)
✔ typed SSE fetch client requests and parses text/event-stream (12.990708ms)
✔ typed SSE envelope decoder rejects incomplete event data (0.251917ms)
ℹ tests 3
ℹ suites 0
ℹ pass 3
ℹ fail 0
ℹ cancelled 0
ℹ skipped 0
ℹ todo 0
ℹ duration_ms 88.708875
ok  	ops-platform/test/contract	(cached)
