{"Time":"2026-10-01T09:15:31.267628+08:00","Action":"start","Package":"ops-platform/test/integration"}
{"Time":"2026-10-01T09:15:31.772984+08:00","Action":"run","Package":"ops-platform/test/integration","Test":"TestRealOpenBaoTransitAndSeaweedS3AuditArchive"}
{"Time":"2026-10-01T09:15:31.773104+08:00","Action":"output","Package":"ops-platform/test/integration","Test":"TestRealOpenBaoTransitAndSeaweedS3AuditArchive","Output":"=== RUN   TestRealOpenBaoTransitAndSeaweedS3AuditArchive\n","OutputType":"frame"}
{"Time":"2026-10-01T09:15:32.155008+08:00","Action":"output","Package":"ops-platform/test/integration","Test":"TestRealOpenBaoTransitAndSeaweedS3AuditArchive","Output":"2026/10/01 09:15:32 OK   00001_roles_and_schemas.sql (11.24ms)\n"}
{"Time":"2026-10-01T09:15:32.155041+08:00","Action":"output","Package":"ops-platform/test/integration","Test":"TestRealOpenBaoTransitAndSeaweedS3AuditArchive","Output":"2026/10/01 09:15:32 goose: successfully migrated database to version: 1\n"}
{"Time":"2026-10-01T09:15:32.176238+08:00","Action":"output","Package":"ops-platform/test/integration","Test":"TestRealOpenBaoTransitAndSeaweedS3AuditArchive","Output":"2026/10/01 09:15:32 OK   00002_platform_meta.sql (12.82ms)\n"}
{"Time":"2026-10-01T09:15:32.186391+08:00","Action":"output","Package":"ops-platform/test/integration","Test":"TestRealOpenBaoTransitAndSeaweedS3AuditArchive","Output":"2026/10/01 09:15:32 OK   00003_finding.sql (9.59ms)\n"}
{"Time":"2026-10-01T09:15:32.192317+08:00","Action":"output","Package":"ops-platform/test/integration","Test":"TestRealOpenBaoTransitAndSeaweedS3AuditArchive","Output":"2026/10/01 09:15:32 OK   00004_incident.sql (6.14ms)\n"}
{"Time":"2026-10-01T09:15:32.204147+08:00","Action":"output","Package":"ops-platform/test/integration","Test":"TestRealOpenBaoTransitAndSeaweedS3AuditArchive","Output":"2026/10/01 09:15:32 OK   00005_investigation.sql (11.51ms)\n"}
{"Time":"2026-10-01T09:15:32.216351+08:00","Action":"output","Package":"ops-platform/test/integration","Test":"TestRealOpenBaoTransitAndSeaweedS3AuditArchive","Output":"2026/10/01 09:15:32 OK   00006_action_command.sql (12.02ms)\n"}
{"Time":"2026-10-01T09:15:32.23665+08:00","Action":"output","Package":"ops-platform/test/integration","Test":"TestRealOpenBaoTransitAndSeaweedS3AuditArchive","Output":"2026/10/01 09:15:32 OK   00007_audit.sql (19.52ms)\n"}
{"Time":"2026-10-01T09:15:32.254656+08:00","Action":"output","Package":"ops-platform/test/integration","Test":"TestRealOpenBaoTransitAndSeaweedS3AuditArchive","Output":"2026/10/01 09:15:32 OK   00008_rls.sql (17.7ms)\n"}
{"Time":"2026-10-01T09:15:32.272541+08:00","Action":"output","Package":"ops-platform/test/integration","Test":"TestRealOpenBaoTransitAndSeaweedS3AuditArchive","Output":"2026/10/01 09:15:32 OK   00009_idempotency_ledger.sql (17.62ms)\n"}
{"Time":"2026-10-01T09:15:32.279388+08:00","Action":"output","Package":"ops-platform/test/integration","Test":"TestRealOpenBaoTransitAndSeaweedS3AuditArchive","Output":"2026/10/01 09:15:32 OK   00010_tenant_provisioning.sql (6.32ms)\n"}
{"Time":"2026-10-01T09:15:32.312039+08:00","Action":"output","Package":"ops-platform/test/integration","Test":"TestRealOpenBaoTransitAndSeaweedS3AuditArchive","Output":"2026/10/01 09:15:32 OK   00011_source_registration_history.sql (32.52ms)\n"}
{"Time":"2026-10-01T09:15:32.351538+08:00","Action":"output","Package":"ops-platform/test/integration","Test":"TestRealOpenBaoTransitAndSeaweedS3AuditArchive","Output":"2026/10/01 09:15:32 OK   00012_config_registry_lifecycle.sql (39.25ms)\n"}
{"Time":"2026-10-01T09:15:32.395134+08:00","Action":"output","Package":"ops-platform/test/integration","Test":"TestRealOpenBaoTransitAndSeaweedS3AuditArchive","Output":"2026/10/01 09:15:32 OK   00013_audit_signed_segments.sql (42.57ms)\n"}
{"Time":"2026-10-01T09:15:32.409831+08:00","Action":"output","Package":"ops-platform/test/integration","Test":"TestRealOpenBaoTransitAndSeaweedS3AuditArchive","Output":"2026/10/01 09:15:32 OK   00014_audit_segment_predecessors.sql (15.5ms)\n"}
{"Time":"2026-10-01T09:15:32.409901+08:00","Action":"output","Package":"ops-platform/test/integration","Test":"TestRealOpenBaoTransitAndSeaweedS3AuditArchive","Output":"2026/10/01 09:15:32 goose: successfully migrated database to version: 14\n"}
{"Time":"2026-10-01T09:15:32.542633+08:00","Action":"output","Package":"ops-platform/test/integration","Test":"TestRealOpenBaoTransitAndSeaweedS3AuditArchive","Output":"    archive_services_test.go:182: isolated S3 bucket=sp03-a8cc8baf object=1289fa8a-5d5f-4bb9-89a6-e7412e458c29 digest=sha256:29e16a3c7cd8a747ca75df38a1eeb48a2e1ac0ca49630508c723320b21457c70; audit tenant=145f763c-c73c-4e15-b0f6-41c4522d1186 segment=01a0f507-ecd8-78b6-8dcd-f510444446c2 seq=1 verified\n"}
{"Time":"2026-10-01T09:15:32.779071+08:00","Action":"output","Package":"ops-platform/test/integration","Test":"TestRealOpenBaoTransitAndSeaweedS3AuditArchive","Output":"--- PASS: TestRealOpenBaoTransitAndSeaweedS3AuditArchive (1.01s)\n","OutputType":"frame"}
{"Time":"2026-10-01T09:15:32.779445+08:00","Action":"pass","Package":"ops-platform/test/integration","Test":"TestRealOpenBaoTransitAndSeaweedS3AuditArchive","Elapsed":1.01}
{"Time":"2026-10-01T09:15:32.779539+08:00","Action":"run","Package":"ops-platform/test/integration","Test":"TestAuditSegmentsAppendConcurrentlyRecoverAndVerifyTenantScoped"}
{"Time":"2026-10-01T09:15:32.779687+08:00","Action":"output","Package":"ops-platform/test/integration","Test":"TestAuditSegmentsAppendConcurrentlyRecoverAndVerifyTenantScoped","Output":"=== RUN   TestAuditSegmentsAppendConcurrentlyRecoverAndVerifyTenantScoped\n","OutputType":"frame"}
{"Time":"2026-10-01T09:15:32.98881+08:00","Action":"output","Package":"ops-platform/test/integration","Test":"TestAuditSegmentsAppendConcurrentlyRecoverAndVerifyTenantScoped","Output":"2026/10/01 09:15:32 OK   00001_roles_and_schemas.sql (93.41ms)\n"}
{"Time":"2026-10-01T09:15:32.988864+08:00","Action":"output","Package":"ops-platform/test/integration","Test":"TestAuditSegmentsAppendConcurrentlyRecoverAndVerifyTenantScoped","Output":"2026/10/01 09:15:32 goose: successfully migrated database to version: 1\n"}
{"Time":"2026-10-01T09:15:33.258691+08:00","Action":"output","Package":"ops-platform/test/integration","Test":"TestAuditSegmentsAppendConcurrentlyRecoverAndVerifyTenantScoped","Output":"2026/10/01 09:15:33 OK   00002_platform_meta.sql (203.57ms)\n"}
{"Time":"2026-10-01T09:15:33.278471+08:00","Action":"output","Package":"ops-platform/test/integration","Test":"TestAuditSegmentsAppendConcurrentlyRecoverAndVerifyTenantScoped","Output":"2026/10/01 09:15:33 OK   00003_finding.sql (19.52ms)\n"}
{"Time":"2026-10-01T09:15:33.311219+08:00","Action":"output","Package":"ops-platform/test/integration","Test":"TestAuditSegmentsAppendConcurrentlyRecoverAndVerifyTenantScoped","Output":"2026/10/01 09:15:33 OK   00004_incident.sql (32.23ms)\n"}
{"Time":"2026-10-01T09:15:33.349615+08:00","Action":"output","Package":"ops-platform/test/integration","Test":"TestAuditSegmentsAppendConcurrentlyRecoverAndVerifyTenantScoped","Output":"2026/10/01 09:15:33 OK   00005_investigation.sql (37.76ms)\n"}
{"Time":"2026-10-01T09:15:33.375716+08:00","Action":"output","Package":"ops-platform/test/integration","Test":"TestAuditSegmentsAppendConcurrentlyRecoverAndVerifyTenantScoped","Output":"2026/10/01 09:15:33 OK   00006_action_command.sql (26.24ms)\n"}
{"Time":"2026-10-01T09:15:33.419189+08:00","Action":"output","Package":"ops-platform/test/integration","Test":"TestAuditSegmentsAppendConcurrentlyRecoverAndVerifyTenantScoped","Output":"2026/10/01 09:15:33 OK   00007_audit.sql (43.23ms)\n"}
{"Time":"2026-10-01T09:15:33.572345+08:00","Action":"output","Package":"ops-platform/test/integration","Test":"TestAuditSegmentsAppendConcurrentlyRecoverAndVerifyTenantScoped","Output":"2026/10/01 09:15:33 OK   00008_rls.sql (151.65ms)\n"}
{"Time":"2026-10-01T09:15:33.601075+08:00","Action":"output","Package":"ops-platform/test/integration","Test":"TestAuditSegmentsAppendConcurrentlyRecoverAndVerifyTenantScoped","Output":"2026/10/01 09:15:33 OK   00009_idempotency_ledger.sql (29.97ms)\n"}
{"Time":"2026-10-01T09:15:33.632802+08:00","Action":"output","Package":"ops-platform/test/integration","Test":"TestAuditSegmentsAppendConcurrentlyRecoverAndVerifyTenantScoped","Output":"2026/10/01 09:15:33 OK   00010_tenant_provisioning.sql (31.01ms)\n"}
{"Time":"2026-10-01T09:15:33.684664+08:00","Action":"output","Package":"ops-platform/test/integration","Test":"TestAuditSegmentsAppendConcurrentlyRecoverAndVerifyTenantScoped","Output":"2026/10/01 09:15:33 OK   00011_source_registration_history.sql (51.93ms)\n"}
{"Time":"2026-10-01T09:15:33.725194+08:00","Action":"output","Package":"ops-platform/test/integration","Test":"TestAuditSegmentsAppendConcurrentlyRecoverAndVerifyTenantScoped","Output":"2026/10/01 09:15:33 OK   00012_config_registry_lifecycle.sql (40.42ms)\n"}
{"Time":"2026-10-01T09:15:33.775456+08:00","Action":"output","Package":"ops-platform/test/integration","Test":"TestAuditSegmentsAppendConcurrentlyRecoverAndVerifyTenantScoped","Output":"2026/10/01 09:15:33 OK   00013_audit_signed_segments.sql (49.89ms)\n"}
{"Time":"2026-10-01T09:15:33.78429+08:00","Action":"output","Package":"ops-platform/test/integration","Test":"TestAuditSegmentsAppendConcurrentlyRecoverAndVerifyTenantScoped","Output":"2026/10/01 09:15:33 OK   00014_audit_segment_predecessors.sql (8.71ms)\n"}
{"Time":"2026-10-01T09:15:33.784353+08:00","Action":"output","Package":"ops-platform/test/integration","Test":"TestAuditSegmentsAppendConcurrentlyRecoverAndVerifyTenantScoped","Output":"2026/10/01 09:15:33 goose: successfully migrated database to version: 14\n"}
{"Time":"2026-10-01T09:15:36.458111+08:00","Action":"output","Package":"ops-platform/test/integration","Test":"TestAuditSegmentsAppendConcurrentlyRecoverAndVerifyTenantScoped","Output":"--- PASS: TestAuditSegmentsAppendConcurrentlyRecoverAndVerifyTenantScoped (3.68s)\n","OutputType":"frame"}
{"Time":"2026-10-01T09:15:36.458143+08:00","Action":"pass","Package":"ops-platform/test/integration","Test":"TestAuditSegmentsAppendConcurrentlyRecoverAndVerifyTenantScoped","Elapsed":3.68}
{"Time":"2026-10-01T09:15:36.458165+08:00","Action":"run","Package":"ops-platform/test/integration","Test":"TestRoleBindingsAndStepUpSessions"}
{"Time":"2026-10-01T09:15:36.458169+08:00","Action":"output","Package":"ops-platform/test/integration","Test":"TestRoleBindingsAndStepUpSessions","Output":"=== RUN   TestRoleBindingsAndStepUpSessions\n","OutputType":"frame"}
{"Time":"2026-10-01T09:15:36.503922+08:00","Action":"output","Package":"ops-platform/test/integration","Test":"TestRoleBindingsAndStepUpSessions","Output":"2026/10/01 09:15:36 OK   00001_roles_and_schemas.sql (6.21ms)\n"}
{"Time":"2026-10-01T09:15:36.503943+08:00","Action":"output","Package":"ops-platform/test/integration","Test":"TestRoleBindingsAndStepUpSessions","Output":"2026/10/01 09:15:36 goose: successfully migrated database to version: 1\n"}
{"Time":"2026-10-01T09:15:36.522481+08:00","Action":"output","Package":"ops-platform/test/integration","Test":"TestRoleBindingsAndStepUpSessions","Output":"2026/10/01 09:15:36 OK   00002_platform_meta.sql (12.08ms)\n"}
{"Time":"2026-10-01T09:15:36.527863+08:00","Action":"output","Package":"ops-platform/test/integration","Test":"TestRoleBindingsAndStepUpSessions","Output":"2026/10/01 09:15:36 OK   00003_finding.sql (5.24ms)\n"}
{"Time":"2026-10-01T09:15:36.531141+08:00","Action":"output","Package":"ops-platform/test/integration","Test":"TestRoleBindingsAndStepUpSessions","Output":"2026/10/01 09:15:36 OK   00004_incident.sql (3.16ms)\n"}
{"Time":"2026-10-01T09:15:36.534724+08:00","Action":"output","Package":"ops-platform/test/integration","Test":"TestRoleBindingsAndStepUpSessions","Output":"2026/10/01 09:15:36 OK   00005_investigation.sql (3.52ms)\n"}
{"Time":"2026-10-01T09:15:36.538299+08:00","Action":"output","Package":"ops-platform/test/integration","Test":"TestRoleBindingsAndStepUpSessions","Output":"2026/10/01 09:15:36 OK   00006_action_command.sql (3.51ms)\n"}
{"Time":"2026-10-01T09:15:36.552249+08:00","Action":"output","Package":"ops-platform/test/integration","Test":"TestRoleBindingsAndStepUpSessions","Output":"2026/10/01 09:15:36 OK   00007_audit.sql (13.86ms)\n"}
{"Time":"2026-10-01T09:15:36.558674+08:00","Action":"output","Package":"ops-platform/test/integration","Test":"TestRoleBindingsAndStepUpSessions","Output":"2026/10/01 09:15:36 OK   00008_rls.sql (6.35ms)\n"}
{"Time":"2026-10-01T09:15:36.564072+08:00","Action":"output","Package":"ops-platform/test/integration","Test":"TestRoleBindingsAndStepUpSessions","Output":"2026/10/01 09:15:36 OK   00009_idempotency_ledger.sql (5.28ms)\n"}
{"Time":"2026-10-01T09:15:36.567323+08:00","Action":"output","Package":"ops-platform/test/integration","Test":"TestRoleBindingsAndStepUpSessions","Output":"2026/10/01 09:15:36 OK   00010_tenant_provisioning.sql (3.16ms)\n"}
{"Time":"2026-10-01T09:15:36.571579+08:00","Action":"output","Package":"ops-platform/test/integration","Test":"TestRoleBindingsAndStepUpSessions","Output":"2026/10/01 09:15:36 OK   00011_source_registration_history.sql (4.17ms)\n"}
{"Time":"2026-10-01T09:15:36.577976+08:00","Action":"output","Package":"ops-platform/test/integration","Test":"TestRoleBindingsAndStepUpSessions","Output":"2026/10/01 09:15:36 OK   00012_config_registry_lifecycle.sql (6.28ms)\n"}
{"Time":"2026-10-01T09:15:36.585793+08:00","Action":"output","Package":"ops-platform/test/integration","Test":"TestRoleBindingsAndStepUpSessions","Output":"2026/10/01 09:15:36 OK   00013_audit_signed_segments.sql (7.72ms)\n"}
{"Time":"2026-10-01T09:15:36.590233+08:00","Action":"output","Package":"ops-platform/test/integration","Test":"TestRoleBindingsAndStepUpSessions","Output":"2026/10/01 09:15:36 OK   00014_audit_segment_predecessors.sql (4.33ms)\n"}
{"Time":"2026-10-01T09:15:36.590257+08:00","Action":"output","Package":"ops-platform/test/integration","Test":"TestRoleBindingsAndStepUpSessions","Output":"2026/10/01 09:15:36 goose: successfully migrated database to version: 14\n"}
{"Time":"2026-10-01T09:15:36.647732+08:00","Action":"output","Package":"ops-platform/test/integration","Test":"TestRoleBindingsAndStepUpSessions","Output":"--- PASS: TestRoleBindingsAndStepUpSessions (0.19s)\n","OutputType":"frame"}
{"Time":"2026-10-01T09:15:36.647787+08:00","Action":"pass","Package":"ops-platform/test/integration","Test":"TestRoleBindingsAndStepUpSessions","Elapsed":0.19}
{"Time":"2026-10-01T09:15:36.647804+08:00","Action":"run","Package":"ops-platform/test/integration","Test":"TestConfigRegistryPublishesActivatesRollsBackAndPreservesHistory"}
{"Time":"2026-10-01T09:15:36.647812+08:00","Action":"output","Package":"ops-platform/test/integration","Test":"TestConfigRegistryPublishesActivatesRollsBackAndPreservesHistory","Output":"=== RUN   TestConfigRegistryPublishesActivatesRollsBackAndPreservesHistory\n","OutputType":"frame"}
{"Time":"2026-10-01T09:15:36.686329+08:00","Action":"output","Package":"ops-platform/test/integration","Test":"TestConfigRegistryPublishesActivatesRollsBackAndPreservesHistory","Output":"2026/10/01 09:15:36 OK   00001_roles_and_schemas.sql (7.07ms)\n"}
{"Time":"2026-10-01T09:15:36.68639+08:00","Action":"output","Package":"ops-platform/test/integration","Test":"TestConfigRegistryPublishesActivatesRollsBackAndPreservesHistory","Output":"2026/10/01 09:15:36 goose: successfully migrated database to version: 1\n"}
{"Time":"2026-10-01T09:15:36.708459+08:00","Action":"output","Package":"ops-platform/test/integration","Test":"TestConfigRegistryPublishesActivatesRollsBackAndPreservesHistory","Output":"2026/10/01 09:15:36 OK   00002_platform_meta.sql (16.49ms)\n"}
{"Time":"2026-10-01T09:15:36.716067+08:00","Action":"output","Package":"ops-platform/test/integration","Test":"TestConfigRegistryPublishesActivatesRollsBackAndPreservesHistory","Output":"2026/10/01 09:15:36 OK   00003_finding.sql (7.53ms)\n"}
{"Time":"2026-10-01T09:15:36.721931+08:00","Action":"output","Package":"ops-platform/test/integration","Test":"TestConfigRegistryPublishesActivatesRollsBackAndPreservesHistory","Output":"2026/10/01 09:15:36 OK   00004_incident.sql (5.79ms)\n"}
{"Time":"2026-10-01T09:15:36.726722+08:00","Action":"output","Package":"ops-platform/test/integration","Test":"TestConfigRegistryPublishesActivatesRollsBackAndPreservesHistory","Output":"2026/10/01 09:15:36 OK   00005_investigation.sql (4.73ms)\n"}
{"Time":"2026-10-01T09:15:36.730767+08:00","Action":"output","Package":"ops-platform/test/integration","Test":"TestConfigRegistryPublishesActivatesRollsBackAndPreservesHistory","Output":"2026/10/01 09:15:36 OK   00006_action_command.sql (3.97ms)\n"}
{"Time":"2026-10-01T09:15:36.737034+08:00","Action":"output","Package":"ops-platform/test/integration","Test":"TestConfigRegistryPublishesActivatesRollsBackAndPreservesHistory","Output":"2026/10/01 09:15:36 OK   00007_audit.sql (6.18ms)\n"}
{"Time":"2026-10-01T09:15:36.743126+08:00","Action":"output","Package":"ops-platform/test/integration","Test":"TestConfigRegistryPublishesActivatesRollsBackAndPreservesHistory","Output":"2026/10/01 09:15:36 OK   00008_rls.sql (6ms)\n"}
{"Time":"2026-10-01T09:15:36.748414+08:00","Action":"output","Package":"ops-platform/test/integration","Test":"TestConfigRegistryPublishesActivatesRollsBackAndPreservesHistory","Output":"2026/10/01 09:15:36 OK   00009_idempotency_ledger.sql (5.19ms)\n"}
{"Time":"2026-10-01T09:15:36.752354+08:00","Action":"output","Package":"ops-platform/test/integration","Test":"TestConfigRegistryPublishesActivatesRollsBackAndPreservesHistory","Output":"2026/10/01 09:15:36 OK   00010_tenant_provisioning.sql (3.87ms)\n"}
{"Time":"2026-10-01T09:15:36.757718+08:00","Action":"output","Package":"ops-platform/test/integration","Test":"TestConfigRegistryPublishesActivatesRollsBackAndPreservesHistory","Output":"2026/10/01 09:15:36 OK   00011_source_registration_history.sql (5.31ms)\n"}
{"Time":"2026-10-01T09:15:36.764474+08:00","Action":"output","Package":"ops-platform/test/integration","Test":"TestConfigRegistryPublishesActivatesRollsBackAndPreservesHistory","Output":"2026/10/01 09:15:36 OK   00012_config_registry_lifecycle.sql (6.67ms)\n"}
{"Time":"2026-10-01T09:15:36.772324+08:00","Action":"output","Package":"ops-platform/test/integration","Test":"TestConfigRegistryPublishesActivatesRollsBackAndPreservesHistory","Output":"2026/10/01 09:15:36 OK   00013_audit_signed_segments.sql (7.74ms)\n"}
{"Time":"2026-10-01T09:15:36.776431+08:00","Action":"output","Package":"ops-platform/test/integration","Test":"TestConfigRegistryPublishesActivatesRollsBackAndPreservesHistory","Output":"2026/10/01 09:15:36 OK   00014_audit_segment_predecessors.sql (4.02ms)\n"}
{"Time":"2026-10-01T09:15:36.776452+08:00","Action":"output","Package":"ops-platform/test/integration","Test":"TestConfigRegistryPublishesActivatesRollsBackAndPreservesHistory","Output":"2026/10/01 09:15:36 goose: successfully migrated database to version: 14\n"}
{"Time":"2026-10-01T09:15:36.960585+08:00","Action":"output","Package":"ops-platform/test/integration","Test":"TestConfigRegistryPublishesActivatesRollsBackAndPreservesHistory","Output":"--- PASS: TestConfigRegistryPublishesActivatesRollsBackAndPreservesHistory (0.31s)\n","OutputType":"frame"}
{"Time":"2026-10-01T09:15:36.960616+08:00","Action":"pass","Package":"ops-platform/test/integration","Test":"TestConfigRegistryPublishesActivatesRollsBackAndPreservesHistory","Elapsed":0.31}
{"Time":"2026-10-01T09:15:36.960624+08:00","Action":"run","Package":"ops-platform/test/integration","Test":"TestIdempotencyLedgerSchema"}
{"Time":"2026-10-01T09:15:36.960628+08:00","Action":"output","Package":"ops-platform/test/integration","Test":"TestIdempotencyLedgerSchema","Output":"=== RUN   TestIdempotencyLedgerSchema\n","OutputType":"frame"}
{"Time":"2026-10-01T09:15:37.001954+08:00","Action":"output","Package":"ops-platform/test/integration","Test":"TestIdempotencyLedgerSchema","Output":"2026/10/01 09:15:37 OK   00001_roles_and_schemas.sql (7.55ms)\n"}
{"Time":"2026-10-01T09:15:37.001986+08:00","Action":"output","Package":"ops-platform/test/integration","Test":"TestIdempotencyLedgerSchema","Output":"2026/10/01 09:15:37 goose: successfully migrated database to version: 1\n"}
{"Time":"2026-10-01T09:15:37.023108+08:00","Action":"output","Package":"ops-platform/test/integration","Test":"TestIdempotencyLedgerSchema","Output":"2026/10/01 09:15:37 OK   00002_platform_meta.sql (14.42ms)\n"}
{"Time":"2026-10-01T09:15:37.029155+08:00","Action":"output","Package":"ops-platform/test/integration","Test":"TestIdempotencyLedgerSchema","Output":"2026/10/01 09:15:37 OK   00003_finding.sql (5.92ms)\n"}
{"Time":"2026-10-01T09:15:37.033728+08:00","Action":"output","Package":"ops-platform/test/integration","Test":"TestIdempotencyLedgerSchema","Output":"2026/10/01 09:15:37 OK   00004_incident.sql (4.37ms)\n"}
{"Time":"2026-10-01T09:15:37.038482+08:00","Action":"output","Package":"ops-platform/test/integration","Test":"TestIdempotencyLedgerSchema","Output":"2026/10/01 09:15:37 OK   00005_investigation.sql (4.67ms)\n"}
{"Time":"2026-10-01T09:15:37.042542+08:00","Action":"output","Package":"ops-platform/test/integration","Test":"TestIdempotencyLedgerSchema","Output":"2026/10/01 09:15:37 OK   00006_action_command.sql (3.99ms)\n"}
{"Time":"2026-10-01T09:15:37.049451+08:00","Action":"output","Package":"ops-platform/test/integration","Test":"TestIdempotencyLedgerSchema","Output":"2026/10/01 09:15:37 OK   00007_audit.sql (6.81ms)\n"}
{"Time":"2026-10-01T09:15:37.056653+08:00","Action":"output","Package":"ops-platform/test/integration","Test":"TestIdempotencyLedgerSchema","Output":"2026/10/01 09:15:37 OK   00008_rls.sql (7.11ms)\n"}
{"Time":"2026-10-01T09:15:37.063017+08:00","Action":"output","Package":"ops-platform/test/integration","Test":"TestIdempotencyLedgerSchema","Output":"2026/10/01 09:15:37 OK   00009_idempotency_ledger.sql (6.07ms)\n"}
{"Time":"2026-10-01T09:15:37.066051+08:00","Action":"output","Package":"ops-platform/test/integration","Test":"TestIdempotencyLedgerSchema","Output":"2026/10/01 09:15:37 OK   00010_tenant_provisioning.sql (3.06ms)\n"}
{"Time":"2026-10-01T09:15:37.072073+08:00","Action":"output","Package":"ops-platform/test/integration","Test":"TestIdempotencyLedgerSchema","Output":"2026/10/01 09:15:37 OK   00011_source_registration_history.sql (5.93ms)\n"}
{"Time":"2026-10-01T09:15:37.079352+08:00","Action":"output","Package":"ops-platform/test/integration","Test":"TestIdempotencyLedgerSchema","Output":"2026/10/01 09:15:37 OK   00012_config_registry_lifecycle.sql (7.2ms)\n"}
{"Time":"2026-10-01T09:15:37.087295+08:00","Action":"output","Package":"ops-platform/test/integration","Test":"TestIdempotencyLedgerSchema","Output":"2026/10/01 09:15:37 OK   00013_audit_signed_segments.sql (7.82ms)\n"}
{"Time":"2026-10-01T09:15:37.091225+08:00","Action":"output","Package":"ops-platform/test/integration","Test":"TestIdempotencyLedgerSchema","Output":"2026/10/01 09:15:37 OK   00014_audit_segment_predecessors.sql (3.84ms)\n"}
{"Time":"2026-10-01T09:15:37.091271+08:00","Action":"output","Package":"ops-platform/test/integration","Test":"TestIdempotencyLedgerSchema","Output":"2026/10/01 09:15:37 goose: successfully migrated database to version: 14\n"}
{"Time":"2026-10-01T09:15:37.124317+08:00","Action":"output","Package":"ops-platform/test/integration","Test":"TestIdempotencyLedgerSchema","Output":"--- PASS: TestIdempotencyLedgerSchema (0.16s)\n","OutputType":"frame"}
{"Time":"2026-10-01T09:15:37.124387+08:00","Action":"pass","Package":"ops-platform/test/integration","Test":"TestIdempotencyLedgerSchema","Elapsed":0.16}
{"Time":"2026-10-01T09:15:37.124425+08:00","Action":"run","Package":"ops-platform/test/integration","Test":"TestIdempotencyLedger"}
{"Time":"2026-10-01T09:15:37.124442+08:00","Action":"output","Package":"ops-platform/test/integration","Test":"TestIdempotencyLedger","Output":"=== RUN   TestIdempotencyLedger\n","OutputType":"frame"}
{"Time":"2026-10-01T09:15:37.158887+08:00","Action":"output","Package":"ops-platform/test/integration","Test":"TestIdempotencyLedger","Output":"2026/10/01 09:15:37 OK   00001_roles_and_schemas.sql (5.97ms)\n"}
{"Time":"2026-10-01T09:15:37.158909+08:00","Action":"output","Package":"ops-platform/test/integration","Test":"TestIdempotencyLedger","Output":"2026/10/01 09:15:37 goose: successfully migrated database to version: 1\n"}
{"Time":"2026-10-01T09:15:37.178221+08:00","Action":"output","Package":"ops-platform/test/integration","Test":"TestIdempotencyLedger","Output":"2026/10/01 09:15:37 OK   00002_platform_meta.sql (14.38ms)\n"}
{"Time":"2026-10-01T09:15:37.184186+08:00","Action":"output","Package":"ops-platform/test/integration","Test":"TestIdempotencyLedger","Output":"2026/10/01 09:15:37 OK   00003_finding.sql (5.86ms)\n"}
{"Time":"2026-10-01T09:15:37.188831+08:00","Action":"output","Package":"ops-platform/test/integration","Test":"TestIdempotencyLedger","Output":"2026/10/01 09:15:37 OK   00004_incident.sql (4.58ms)\n"}
{"Time":"2026-10-01T09:15:37.193676+08:00","Action":"output","Package":"ops-platform/test/integration","Test":"TestIdempotencyLedger","Output":"2026/10/01 09:15:37 OK   00005_investigation.sql (4.78ms)\n"}
{"Time":"2026-10-01T09:15:37.197626+08:00","Action":"output","Package":"ops-platform/test/integration","Test":"TestIdempotencyLedger","Output":"2026/10/01 09:15:37 OK   00006_action_command.sql (3.87ms)\n"}
{"Time":"2026-10-01T09:15:37.205823+08:00","Action":"output","Package":"ops-platform/test/integration","Test":"TestIdempotencyLedger","Output":"2026/10/01 09:15:37 OK   00007_audit.sql (8.08ms)\n"}
{"Time":"2026-10-01T09:15:37.213632+08:00","Action":"output","Package":"ops-platform/test/integration","Test":"TestIdempotencyLedger","Output":"2026/10/01 09:15:37 OK   00008_rls.sql (7.69ms)\n"}
{"Time":"2026-10-01T09:15:37.219171+08:00","Action":"output","Package":"ops-platform/test/integration","Test":"TestIdempotencyLedger","Output":"2026/10/01 09:15:37 OK   00009_idempotency_ledger.sql (5.43ms)\n"}
{"Time":"2026-10-01T09:15:37.222401+08:00","Action":"output","Package":"ops-platform/test/integration","Test":"TestIdempotencyLedger","Output":"2026/10/01 09:15:37 OK   00010_tenant_provisioning.sql (3.13ms)\n"}
{"Time":"2026-10-01T09:15:37.228097+08:00","Action":"output","Package":"ops-platform/test/integration","Test":"TestIdempotencyLedger","Output":"2026/10/01 09:15:37 OK   00011_source_registration_history.sql (5.57ms)\n"}
{"Time":"2026-10-01T09:15:37.235775+08:00","Action":"output","Package":"ops-platform/test/integration","Test":"TestIdempotencyLedger","Output":"2026/10/01 09:15:37 OK   00012_config_registry_lifecycle.sql (7.62ms)\n"}
{"Time":"2026-10-01T09:15:37.243727+08:00","Action":"output","Package":"ops-platform/test/integration","Test":"TestIdempotencyLedger","Output":"2026/10/01 09:15:37 OK   00013_audit_signed_segments.sql (7.84ms)\n"}
{"Time":"2026-10-01T09:15:37.24797+08:00","Action":"output","Package":"ops-platform/test/integration","Test":"TestIdempotencyLedger","Output":"2026/10/01 09:15:37 OK   00014_audit_segment_predecessors.sql (4.15ms)\n"}
{"Time":"2026-10-01T09:15:37.24802+08:00","Action":"output","Package":"ops-platform/test/integration","Test":"TestIdempotencyLedger","Output":"2026/10/01 09:15:37 goose: successfully migrated database to version: 14\n"}
{"Time":"2026-10-01T09:15:37.658288+08:00","Action":"output","Package":"ops-platform/test/integration","Test":"TestIdempotencyLedger","Output":"--- PASS: TestIdempotencyLedger (0.53s)\n","OutputType":"frame"}
{"Time":"2026-10-01T09:15:37.658374+08:00","Action":"pass","Package":"ops-platform/test/integration","Test":"TestIdempotencyLedger","Elapsed":0.53}
{"Time":"2026-10-01T09:15:37.658396+08:00","Action":"run","Package":"ops-platform/test/integration","Test":"TestIdempotencyHTTPMiddleware"}
{"Time":"2026-10-01T09:15:37.658406+08:00","Action":"output","Package":"ops-platform/test/integration","Test":"TestIdempotencyHTTPMiddleware","Output":"=== RUN   TestIdempotencyHTTPMiddleware\n","OutputType":"frame"}
{"Time":"2026-10-01T09:15:37.704947+08:00","Action":"output","Package":"ops-platform/test/integration","Test":"TestIdempotencyHTTPMiddleware","Output":"2026/10/01 09:15:37 OK   00001_roles_and_schemas.sql (7.47ms)\n"}
{"Time":"2026-10-01T09:15:37.705064+08:00","Action":"output","Package":"ops-platform/test/integration","Test":"TestIdempotencyHTTPMiddleware","Output":"2026/10/01 09:15:37 goose: successfully migrated database to version: 1\n"}
{"Time":"2026-10-01T09:15:37.728941+08:00","Action":"output","Package":"ops-platform/test/integration","Test":"TestIdempotencyHTTPMiddleware","Output":"2026/10/01 09:15:37 OK   00002_platform_meta.sql (14.08ms)\n"}
{"Time":"2026-10-01T09:15:37.735421+08:00","Action":"output","Package":"ops-platform/test/integration","Test":"TestIdempotencyHTTPMiddleware","Output":"2026/10/01 09:15:37 OK   00003_finding.sql (5.75ms)\n"}
{"Time":"2026-10-01T09:15:37.739639+08:00","Action":"output","Package":"ops-platform/test/integration","Test":"TestIdempotencyHTTPMiddleware","Output":"2026/10/01 09:15:37 OK   00004_incident.sql (4.08ms)\n"}
{"Time":"2026-10-01T09:15:37.744795+08:00","Action":"output","Package":"ops-platform/test/integration","Test":"TestIdempotencyHTTPMiddleware","Output":"2026/10/01 09:15:37 OK   00005_investigation.sql (4.9ms)\n"}
{"Time":"2026-10-01T09:15:37.74938+08:00","Action":"output","Package":"ops-platform/test/integration","Test":"TestIdempotencyHTTPMiddleware","Output":"2026/10/01 09:15:37 OK   00006_action_command.sql (4.38ms)\n"}
{"Time":"2026-10-01T09:15:37.757707+08:00","Action":"output","Package":"ops-platform/test/integration","Test":"TestIdempotencyHTTPMiddleware","Output":"2026/10/01 09:15:37 OK   00007_audit.sql (8.05ms)\n"}
{"Time":"2026-10-01T09:15:37.765464+08:00","Action":"output","Package":"ops-platform/test/integration","Test":"TestIdempotencyHTTPMiddleware","Output":"2026/10/01 09:15:37 OK   00008_rls.sql (7.42ms)\n"}
{"Time":"2026-10-01T09:15:37.771398+08:00","Action":"output","Package":"ops-platform/test/integration","Test":"TestIdempotencyHTTPMiddleware","Output":"2026/10/01 09:15:37 OK   00009_idempotency_ledger.sql (5.6ms)\n"}
{"Time":"2026-10-01T09:15:37.775742+08:00","Action":"output","Package":"ops-platform/test/integration","Test":"TestIdempotencyHTTPMiddleware","Output":"2026/10/01 09:15:37 OK   00010_tenant_provisioning.sql (4.18ms)\n"}
{"Time":"2026-10-01T09:15:37.782262+08:00","Action":"output","Package":"ops-platform/test/integration","Test":"TestIdempotencyHTTPMiddleware","Output":"2026/10/01 09:15:37 OK   00011_source_registration_history.sql (5.82ms)\n"}
{"Time":"2026-10-01T09:15:37.793033+08:00","Action":"output","Package":"ops-platform/test/integration","Test":"TestIdempotencyHTTPMiddleware","Output":"2026/10/01 09:15:37 OK   00012_config_registry_lifecycle.sql (10.88ms)\n"}
{"Time":"2026-10-01T09:15:37.803183+08:00","Action":"output","Package":"ops-platform/test/integration","Test":"TestIdempotencyHTTPMiddleware","Output":"2026/10/01 09:15:37 OK   00013_audit_signed_segments.sql (10.02ms)\n"}
{"Time":"2026-10-01T09:15:37.808285+08:00","Action":"output","Package":"ops-platform/test/integration","Test":"TestIdempotencyHTTPMiddleware","Output":"2026/10/01 09:15:37 OK   00014_audit_segment_predecessors.sql (5.02ms)\n"}
{"Time":"2026-10-01T09:15:37.808299+08:00","Action":"output","Package":"ops-platform/test/integration","Test":"TestIdempotencyHTTPMiddleware","Output":"2026/10/01 09:15:37 goose: successfully migrated database to version: 14\n"}
{"Time":"2026-10-01T09:15:37.878392+08:00","Action":"output","Package":"ops-platform/test/integration","Test":"TestIdempotencyHTTPMiddleware","Output":"--- PASS: TestIdempotencyHTTPMiddleware (0.22s)\n","OutputType":"frame"}
{"Time":"2026-10-01T09:15:37.878471+08:00","Action":"pass","Package":"ops-platform/test/integration","Test":"TestIdempotencyHTTPMiddleware","Elapsed":0.22}
{"Time":"2026-10-01T09:15:37.87849+08:00","Action":"run","Package":"ops-platform/test/integration","Test":"TestKeycloakAuthorizationCodePKCEAndStepUp"}
{"Time":"2026-10-01T09:15:37.878498+08:00","Action":"output","Package":"ops-platform/test/integration","Test":"TestKeycloakAuthorizationCodePKCEAndStepUp","Output":"=== RUN   TestKeycloakAuthorizationCodePKCEAndStepUp\n","OutputType":"frame"}
{"Time":"2026-10-01T09:16:00.301307+08:00","Action":"output","Package":"ops-platform/test/integration","Test":"TestKeycloakAuthorizationCodePKCEAndStepUp","Output":"2026/10/01 09:16:00 OK   00001_roles_and_schemas.sql (8.47ms)\n"}
{"Time":"2026-10-01T09:16:00.301387+08:00","Action":"output","Package":"ops-platform/test/integration","Test":"TestKeycloakAuthorizationCodePKCEAndStepUp","Output":"2026/10/01 09:16:00 goose: successfully migrated database to version: 1\n"}
{"Time":"2026-10-01T09:16:00.321781+08:00","Action":"output","Package":"ops-platform/test/integration","Test":"TestKeycloakAuthorizationCodePKCEAndStepUp","Output":"2026/10/01 09:16:00 OK   00002_platform_meta.sql (14.32ms)\n"}
{"Time":"2026-10-01T09:16:00.328405+08:00","Action":"output","Package":"ops-platform/test/integration","Test":"TestKeycloakAuthorizationCodePKCEAndStepUp","Output":"2026/10/01 09:16:00 OK   00003_finding.sql (6.35ms)\n"}
{"Time":"2026-10-01T09:16:00.333044+08:00","Action":"output","Package":"ops-platform/test/integration","Test":"TestKeycloakAuthorizationCodePKCEAndStepUp","Output":"2026/10/01 09:16:00 OK   00004_incident.sql (4.32ms)\n"}
{"Time":"2026-10-01T09:16:00.338622+08:00","Action":"output","Package":"ops-platform/test/integration","Test":"TestKeycloakAuthorizationCodePKCEAndStepUp","Output":"2026/10/01 09:16:00 OK   00005_investigation.sql (5.3ms)\n"}
{"Time":"2026-10-01T09:16:00.344999+08:00","Action":"output","Package":"ops-platform/test/integration","Test":"TestKeycloakAuthorizationCodePKCEAndStepUp","Output":"2026/10/01 09:16:00 OK   00006_action_command.sql (6.09ms)\n"}
{"Time":"2026-10-01T09:16:00.35188+08:00","Action":"output","Package":"ops-platform/test/integration","Test":"TestKeycloakAuthorizationCodePKCEAndStepUp","Output":"2026/10/01 09:16:00 OK   00007_audit.sql (6.61ms)\n"}
{"Time":"2026-10-01T09:16:00.358922+08:00","Action":"output","Package":"ops-platform/test/integration","Test":"TestKeycloakAuthorizationCodePKCEAndStepUp","Output":"2026/10/01 09:16:00 OK   00008_rls.sql (6.8ms)\n"}
{"Time":"2026-10-01T09:16:00.364822+08:00","Action":"output","Package":"ops-platform/test/integration","Test":"TestKeycloakAuthorizationCodePKCEAndStepUp","Output":"2026/10/01 09:16:00 OK   00009_idempotency_ledger.sql (5.65ms)\n"}
{"Time":"2026-10-01T09:16:00.368477+08:00","Action":"output","Package":"ops-platform/test/integration","Test":"TestKeycloakAuthorizationCodePKCEAndStepUp","Output":"2026/10/01 09:16:00 OK   00010_tenant_provisioning.sql (3.47ms)\n"}
{"Time":"2026-10-01T09:16:00.37324+08:00","Action":"output","Package":"ops-platform/test/integration","Test":"TestKeycloakAuthorizationCodePKCEAndStepUp","Output":"2026/10/01 09:16:00 OK   00011_source_registration_history.sql (4.61ms)\n"}
{"Time":"2026-10-01T09:16:00.381067+08:00","Action":"output","Package":"ops-platform/test/integration","Test":"TestKeycloakAuthorizationCodePKCEAndStepUp","Output":"2026/10/01 09:16:00 OK   00012_config_registry_lifecycle.sql (7.59ms)\n"}
{"Time":"2026-10-01T09:16:00.38999+08:00","Action":"output","Package":"ops-platform/test/integration","Test":"TestKeycloakAuthorizationCodePKCEAndStepUp","Output":"2026/10/01 09:16:00 OK   00013_audit_signed_segments.sql (8.71ms)\n"}
{"Time":"2026-10-01T09:16:00.39412+08:00","Action":"output","Package":"ops-platform/test/integration","Test":"TestKeycloakAuthorizationCodePKCEAndStepUp","Output":"2026/10/01 09:16:00 OK   00014_audit_segment_predecessors.sql (3.93ms)\n"}
{"Time":"2026-10-01T09:16:00.394206+08:00","Action":"output","Package":"ops-platform/test/integration","Test":"TestKeycloakAuthorizationCodePKCEAndStepUp","Output":"2026/10/01 09:16:00 goose: successfully migrated database to version: 14\n"}
{"Time":"2026-10-01T09:16:00.419299+08:00","Action":"output","Package":"ops-platform/test/integration","Test":"TestKeycloakAuthorizationCodePKCEAndStepUp","Output":"{\"time\":\"2026-10-01T09:16:00.41922+08:00\",\"level\":\"INFO\",\"msg\":\"http request complete\",\"request_id\":\"01a0f508-5a1e-73b1-a170-7bc418f284ab\",\"trace_id\":\"4bf92f3577b34da6a3ce929d0e0e4736\",\"span_id\":\"3fb10e089da796cb\",\"method\":\"GET\",\"status_code\":200,\"duration_ms\":4}\n"}
{"Time":"2026-10-01T09:16:00.421664+08:00","Action":"output","Package":"ops-platform/test/integration","Test":"TestKeycloakAuthorizationCodePKCEAndStepUp","Output":"{\"time\":\"2026-10-01T09:16:00.421619+08:00\",\"level\":\"INFO\",\"msg\":\"http request complete\",\"request_id\":\"01a0f508-5a23-785c-ba2b-ad74c3990c42\",\"trace_id\":\"4bf92f3577b34da6a3ce929d0e0e4736\",\"span_id\":\"35a8681ef46ae462\",\"method\":\"GET\",\"status_code\":200,\"duration_ms\":2}\n"}
{"Time":"2026-10-01T09:16:00.423612+08:00","Action":"output","Package":"ops-platform/test/integration","Test":"TestKeycloakAuthorizationCodePKCEAndStepUp","Output":"{\"time\":\"2026-10-01T09:16:00.423564+08:00\",\"level\":\"INFO\",\"msg\":\"http request complete\",\"request_id\":\"01a0f508-5a25-7c83-aaee-3448645cf1cb\",\"trace_id\":\"4bf92f3577b34da6a3ce929d0e0e4736\",\"span_id\":\"94d73e3c3c8cea47\",\"method\":\"GET\",\"status_code\":200,\"duration_ms\":1}\n"}
{"Time":"2026-10-01T09:16:00.425766+08:00","Action":"output","Package":"ops-platform/test/integration","Test":"TestKeycloakAuthorizationCodePKCEAndStepUp","Output":"{\"time\":\"2026-10-01T09:16:00.425684+08:00\",\"level\":\"INFO\",\"msg\":\"http request complete\",\"request_id\":\"01a0f508-5a27-7b8d-8e9a-7ae5b3cb4b41\",\"trace_id\":\"4bf92f3577b34da6a3ce929d0e0e4736\",\"span_id\":\"fe895f783054c38d\",\"method\":\"GET\",\"status_code\":200,\"duration_ms\":1}\n"}
{"Time":"2026-10-01T09:16:00.427477+08:00","Action":"output","Package":"ops-platform/test/integration","Test":"TestKeycloakAuthorizationCodePKCEAndStepUp","Output":"{\"time\":\"2026-10-01T09:16:00.427427+08:00\",\"level\":\"INFO\",\"msg\":\"http request complete\",\"request_id\":\"01a0f508-5a29-7dcb-ba3f-b0cacf27db23\",\"trace_id\":\"4bf92f3577b34da6a3ce929d0e0e4736\",\"span_id\":\"989030d744dbca07\",\"method\":\"GET\",\"status_code\":200,\"duration_ms\":1}\n"}
{"Time":"2026-10-01T09:16:00.429048+08:00","Action":"output","Package":"ops-platform/test/integration","Test":"TestKeycloakAuthorizationCodePKCEAndStepUp","Output":"{\"time\":\"2026-10-01T09:16:00.428966+08:00\",\"level\":\"INFO\",\"msg\":\"http request complete\",\"request_id\":\"01a0f508-5a2b-79a4-aebd-edda69383569\",\"trace_id\":\"4bf92f3577b34da6a3ce929d0e0e4736\",\"span_id\":\"99a781c1bf62fa62\",\"method\":\"GET\",\"status_code\":200,\"duration_ms\":1}\n"}
{"Time":"2026-10-01T09:16:00.434384+08:00","Action":"output","Package":"ops-platform/test/integration","Test":"TestKeycloakAuthorizationCodePKCEAndStepUp","Output":"{\"time\":\"2026-10-01T09:16:00.434349+08:00\",\"level\":\"INFO\",\"msg\":\"http request complete\",\"request_id\":\"01a0f508-5a2d-72f1-b243-09fee139c2cb\",\"trace_id\":\"eb4a6c122a6e7ca5bbf9e8dc7795e7de\",\"span_id\":\"b552e40e5e30f018\",\"method\":\"POST\",\"status_code\":201,\"duration_ms\":5}\n"}
{"Time":"2026-10-01T09:16:00.43702+08:00","Action":"output","Package":"ops-platform/test/integration","Test":"TestKeycloakAuthorizationCodePKCEAndStepUp","Output":"{\"time\":\"2026-10-01T09:16:00.436988+08:00\",\"level\":\"INFO\",\"msg\":\"http request complete\",\"request_id\":\"01a0f508-5a32-77b4-b8de-3797cfa572f1\",\"trace_id\":\"317709ec8c7aad541f4c1ef37ac8ef41\",\"span_id\":\"afa05e3c1a5e3e1d\",\"method\":\"POST\",\"status_code\":201,\"duration_ms\":2}\n"}
{"Time":"2026-10-01T09:16:00.437096+08:00","Action":"output","Package":"ops-platform/test/integration","Test":"TestKeycloakAuthorizationCodePKCEAndStepUp","Output":"    keycloak_test.go:155: actual APIApp served six management routes and replayed claim-bound step-up using real Keycloak JWT and distinct database login\n"}
{"Time":"2026-10-01T09:16:00.437996+08:00","Action":"output","Package":"ops-platform/test/integration","Test":"TestKeycloakAuthorizationCodePKCEAndStepUp","Output":"{\"time\":\"2026-10-01T09:16:00.437962+08:00\",\"level\":\"WARN\",\"msg\":\"trace export failed\",\"signal\":\"traces\"}\n"}
{"Time":"2026-10-01T09:16:00.439312+08:00","Action":"output","Package":"ops-platform/test/integration","Test":"TestKeycloakAuthorizationCodePKCEAndStepUp","Output":"{\"time\":\"2026-10-01T09:16:00.439282+08:00\",\"level\":\"INFO\",\"msg\":\"http request complete\",\"request_id\":\"01a0f508-5a36-7121-b6f7-6f00156983bb\",\"trace_id\":\"1b3896de593af10e5b77c831e4a6bc46\",\"span_id\":\"471ad11b70453dec\",\"method\":\"GET\",\"status_code\":200,\"duration_ms\":1}\n"}
{"Time":"2026-10-01T09:16:00.439372+08:00","Action":"output","Package":"ops-platform/test/integration","Test":"TestKeycloakAuthorizationCodePKCEAndStepUp","Output":"    keycloak_test.go:155: actual OTLP connection refusal reported degradation; authenticated management read continued\n"}
{"Time":"2026-10-01T09:16:01.481303+08:00","Action":"output","Package":"ops-platform/test/integration","Test":"TestKeycloakAuthorizationCodePKCEAndStepUp","Output":"    keycloak_test.go:155: actual authenticated API stdout collected and queried in isolated VictoriaLogs\n"}
{"Time":"2026-10-01T09:16:01.575528+08:00","Action":"output","Package":"ops-platform/test/integration","Test":"TestKeycloakAuthorizationCodePKCEAndStepUp","Output":"--- PASS: TestKeycloakAuthorizationCodePKCEAndStepUp (23.70s)\n","OutputType":"frame"}
{"Time":"2026-10-01T09:16:01.575728+08:00","Action":"pass","Package":"ops-platform/test/integration","Test":"TestKeycloakAuthorizationCodePKCEAndStepUp","Elapsed":23.7}
{"Time":"2026-10-01T09:16:01.575772+08:00","Action":"run","Package":"ops-platform/test/integration","Test":"TestFailedForwardMigrationRollsBackAndCanRecover"}
{"Time":"2026-10-01T09:16:01.575792+08:00","Action":"output","Package":"ops-platform/test/integration","Test":"TestFailedForwardMigrationRollsBackAndCanRecover","Output":"=== RUN   TestFailedForwardMigrationRollsBackAndCanRecover\n","OutputType":"frame"}
{"Time":"2026-10-01T09:16:01.642879+08:00","Action":"output","Package":"ops-platform/test/integration","Test":"TestFailedForwardMigrationRollsBackAndCanRecover","Output":"2026/10/01 09:16:01 OK   00001_roles_and_schemas.sql (11.54ms)\n"}
{"Time":"2026-10-01T09:16:01.643227+08:00","Action":"output","Package":"ops-platform/test/integration","Test":"TestFailedForwardMigrationRollsBackAndCanRecover","Output":"2026/10/01 09:16:01 goose: successfully migrated database to version: 1\n"}
{"Time":"2026-10-01T09:16:01.673785+08:00","Action":"output","Package":"ops-platform/test/integration","Test":"TestFailedForwardMigrationRollsBackAndCanRecover","Output":"2026/10/01 09:16:01 OK   00002_platform_meta.sql (21.12ms)\n"}
{"Time":"2026-10-01T09:16:01.681368+08:00","Action":"output","Package":"ops-platform/test/integration","Test":"TestFailedForwardMigrationRollsBackAndCanRecover","Output":"2026/10/01 09:16:01 OK   00003_finding.sql (7.25ms)\n"}
{"Time":"2026-10-01T09:16:01.685716+08:00","Action":"output","Package":"ops-platform/test/integration","Test":"TestFailedForwardMigrationRollsBackAndCanRecover","Output":"2026/10/01 09:16:01 OK   00004_incident.sql (4.17ms)\n"}
{"Time":"2026-10-01T09:16:01.690923+08:00","Action":"output","Package":"ops-platform/test/integration","Test":"TestFailedForwardMigrationRollsBackAndCanRecover","Output":"2026/10/01 09:16:01 OK   00005_investigation.sql (5.06ms)\n"}
{"Time":"2026-10-01T09:16:01.696543+08:00","Action":"output","Package":"ops-platform/test/integration","Test":"TestFailedForwardMigrationRollsBackAndCanRecover","Output":"2026/10/01 09:16:01 OK   00006_action_command.sql (5.27ms)\n"}
{"Time":"2026-10-01T09:16:01.704762+08:00","Action":"output","Package":"ops-platform/test/integration","Test":"TestFailedForwardMigrationRollsBackAndCanRecover","Output":"2026/10/01 09:16:01 OK   00007_audit.sql (7.93ms)\n"}
{"Time":"2026-10-01T09:16:01.71244+08:00","Action":"output","Package":"ops-platform/test/integration","Test":"TestFailedForwardMigrationRollsBackAndCanRecover","Output":"2026/10/01 09:16:01 OK   00008_rls.sql (7.53ms)\n"}
{"Time":"2026-10-01T09:16:01.718853+08:00","Action":"output","Package":"ops-platform/test/integration","Test":"TestFailedForwardMigrationRollsBackAndCanRecover","Output":"2026/10/01 09:16:01 OK   00009_idempotency_ledger.sql (6.12ms)\n"}
{"Time":"2026-10-01T09:16:01.722476+08:00","Action":"output","Package":"ops-platform/test/integration","Test":"TestFailedForwardMigrationRollsBackAndCanRecover","Output":"2026/10/01 09:16:01 OK   00010_tenant_provisioning.sql (3.5ms)\n"}
{"Time":"2026-10-01T09:16:01.728554+08:00","Action":"output","Package":"ops-platform/test/integration","Test":"TestFailedForwardMigrationRollsBackAndCanRecover","Output":"2026/10/01 09:16:01 OK   00011_source_registration_history.sql (5.78ms)\n"}
{"Time":"2026-10-01T09:16:01.736707+08:00","Action":"output","Package":"ops-platform/test/integration","Test":"TestFailedForwardMigrationRollsBackAndCanRecover","Output":"2026/10/01 09:16:01 OK   00012_config_registry_lifecycle.sql (7.81ms)\n"}
{"Time":"2026-10-01T09:16:01.746835+08:00","Action":"output","Package":"ops-platform/test/integration","Test":"TestFailedForwardMigrationRollsBackAndCanRecover","Output":"2026/10/01 09:16:01 OK   00013_audit_signed_segments.sql (9.66ms)\n"}
{"Time":"2026-10-01T09:16:01.751243+08:00","Action":"output","Package":"ops-platform/test/integration","Test":"TestFailedForwardMigrationRollsBackAndCanRecover","Output":"2026/10/01 09:16:01 OK   00014_audit_segment_predecessors.sql (4.21ms)\n"}
{"Time":"2026-10-01T09:16:01.751299+08:00","Action":"output","Package":"ops-platform/test/integration","Test":"TestFailedForwardMigrationRollsBackAndCanRecover","Output":"2026/10/01 09:16:01 goose: successfully migrated database to version: 14\n"}
{"Time":"2026-10-01T09:16:01.772339+08:00","Action":"output","Package":"ops-platform/test/integration","Test":"TestFailedForwardMigrationRollsBackAndCanRecover","Output":"2026/10/01 09:16:01 OK   00015_review_failure.sql (2.16ms)\n"}
{"Time":"2026-10-01T09:16:01.772403+08:00","Action":"output","Package":"ops-platform/test/integration","Test":"TestFailedForwardMigrationRollsBackAndCanRecover","Output":"2026/10/01 09:16:01 goose: successfully migrated database to version: 15\n"}
{"Time":"2026-10-01T09:16:01.772419+08:00","Action":"output","Package":"ops-platform/test/integration","Test":"TestFailedForwardMigrationRollsBackAndCanRecover","Output":"    migration_recovery_test.go:66: deliberate SQL division-by-zero rolled back DDL/version; corrected unapplied forward migration succeeded as migration_role\n"}
{"Time":"2026-10-01T09:16:01.821995+08:00","Action":"output","Package":"ops-platform/test/integration","Test":"TestFailedForwardMigrationRollsBackAndCanRecover","Output":"--- PASS: TestFailedForwardMigrationRollsBackAndCanRecover (0.25s)\n","OutputType":"frame"}
{"Time":"2026-10-01T09:16:01.822088+08:00","Action":"pass","Package":"ops-platform/test/integration","Test":"TestFailedForwardMigrationRollsBackAndCanRecover","Elapsed":0.25}
{"Time":"2026-10-01T09:16:01.82212+08:00","Action":"run","Package":"ops-platform/test/integration","Test":"TestMigrationScriptsAreForwardOnlyAndContiguous"}
{"Time":"2026-10-01T09:16:01.822138+08:00","Action":"output","Package":"ops-platform/test/integration","Test":"TestMigrationScriptsAreForwardOnlyAndContiguous","Output":"=== RUN   TestMigrationScriptsAreForwardOnlyAndContiguous\n","OutputType":"frame"}
{"Time":"2026-10-01T09:16:01.823713+08:00","Action":"output","Package":"ops-platform/test/integration","Test":"TestMigrationScriptsAreForwardOnlyAndContiguous","Output":"--- PASS: TestMigrationScriptsAreForwardOnlyAndContiguous (0.00s)\n","OutputType":"frame"}
{"Time":"2026-10-01T09:16:01.823825+08:00","Action":"pass","Package":"ops-platform/test/integration","Test":"TestMigrationScriptsAreForwardOnlyAndContiguous","Elapsed":0}
{"Time":"2026-10-01T09:16:01.823854+08:00","Action":"run","Package":"ops-platform/test/integration","Test":"TestMigrationsAndRoles"}
{"Time":"2026-10-01T09:16:01.823872+08:00","Action":"output","Package":"ops-platform/test/integration","Test":"TestMigrationsAndRoles","Output":"=== RUN   TestMigrationsAndRoles\n","OutputType":"frame"}
{"Time":"2026-10-01T09:16:01.872675+08:00","Action":"output","Package":"ops-platform/test/integration","Test":"TestMigrationsAndRoles","Output":"2026/10/01 09:16:01 OK   00001_roles_and_schemas.sql (10.19ms)\n"}
{"Time":"2026-10-01T09:16:01.872764+08:00","Action":"output","Package":"ops-platform/test/integration","Test":"TestMigrationsAndRoles","Output":"2026/10/01 09:16:01 goose: successfully migrated database to version: 1\n"}
{"Time":"2026-10-01T09:16:01.897789+08:00","Action":"output","Package":"ops-platform/test/integration","Test":"TestMigrationsAndRoles","Output":"2026/10/01 09:16:01 OK   00002_platform_meta.sql (16.88ms)\n"}
{"Time":"2026-10-01T09:16:01.904522+08:00","Action":"output","Package":"ops-platform/test/integration","Test":"TestMigrationsAndRoles","Output":"2026/10/01 09:16:01 OK   00003_finding.sql (6.54ms)\n"}
{"Time":"2026-10-01T09:16:01.908645+08:00","Action":"output","Package":"ops-platform/test/integration","Test":"TestMigrationsAndRoles","Output":"2026/10/01 09:16:01 OK   00004_incident.sql (3.94ms)\n"}
{"Time":"2026-10-01T09:16:01.914311+08:00","Action":"output","Package":"ops-platform/test/integration","Test":"TestMigrationsAndRoles","Output":"2026/10/01 09:16:01 OK   00005_investigation.sql (5.49ms)\n"}
{"Time":"2026-10-01T09:16:01.919421+08:00","Action":"output","Package":"ops-platform/test/integration","Test":"TestMigrationsAndRoles","Output":"2026/10/01 09:16:01 OK   00006_action_command.sql (4.97ms)\n"}
{"Time":"2026-10-01T09:16:01.927068+08:00","Action":"output","Package":"ops-platform/test/integration","Test":"TestMigrationsAndRoles","Output":"2026/10/01 09:16:01 OK   00007_audit.sql (7.46ms)\n"}
{"Time":"2026-10-01T09:16:01.935068+08:00","Action":"output","Package":"ops-platform/test/integration","Test":"TestMigrationsAndRoles","Output":"2026/10/01 09:16:01 OK   00008_rls.sql (7.71ms)\n"}
{"Time":"2026-10-01T09:16:01.94264+08:00","Action":"output","Package":"ops-platform/test/integration","Test":"TestMigrationsAndRoles","Output":"2026/10/01 09:16:01 OK   00009_idempotency_ledger.sql (6.65ms)\n"}
{"Time":"2026-10-01T09:16:01.94657+08:00","Action":"output","Package":"ops-platform/test/integration","Test":"TestMigrationsAndRoles","Output":"2026/10/01 09:16:01 OK   00010_tenant_provisioning.sql (3.75ms)\n"}
{"Time":"2026-10-01T09:16:01.951458+08:00","Action":"output","Package":"ops-platform/test/integration","Test":"TestMigrationsAndRoles","Output":"2026/10/01 09:16:01 OK   00011_source_registration_history.sql (4.8ms)\n"}
{"Time":"2026-10-01T09:16:01.958668+08:00","Action":"output","Package":"ops-platform/test/integration","Test":"TestMigrationsAndRoles","Output":"2026/10/01 09:16:01 OK   00012_config_registry_lifecycle.sql (6.97ms)\n"}
{"Time":"2026-10-01T09:16:01.96727+08:00","Action":"output","Package":"ops-platform/test/integration","Test":"TestMigrationsAndRoles","Output":"2026/10/01 09:16:01 OK   00013_audit_signed_segments.sql (8.3ms)\n"}
{"Time":"2026-10-01T09:16:01.971605+08:00","Action":"output","Package":"ops-platform/test/integration","Test":"TestMigrationsAndRoles","Output":"2026/10/01 09:16:01 OK   00014_audit_segment_predecessors.sql (4.13ms)\n"}
{"Time":"2026-10-01T09:16:01.971657+08:00","Action":"output","Package":"ops-platform/test/integration","Test":"TestMigrationsAndRoles","Output":"2026/10/01 09:16:01 goose: successfully migrated database to version: 14\n"}
{"Time":"2026-10-01T09:16:02.025191+08:00","Action":"output","Package":"ops-platform/test/integration","Test":"TestMigrationsAndRoles","Output":"--- PASS: TestMigrationsAndRoles (0.20s)\n","OutputType":"frame"}
{"Time":"2026-10-01T09:16:02.025309+08:00","Action":"pass","Package":"ops-platform/test/integration","Test":"TestMigrationsAndRoles","Elapsed":0.2}
{"Time":"2026-10-01T09:16:02.025344+08:00","Action":"run","Package":"ops-platform/test/integration","Test":"TestMigrationsUpgradeVersionOneData"}
{"Time":"2026-10-01T09:16:02.025362+08:00","Action":"output","Package":"ops-platform/test/integration","Test":"TestMigrationsUpgradeVersionOneData","Output":"=== RUN   TestMigrationsUpgradeVersionOneData\n","OutputType":"frame"}
{"Time":"2026-10-01T09:16:02.067725+08:00","Action":"output","Package":"ops-platform/test/integration","Test":"TestMigrationsUpgradeVersionOneData","Output":"2026/10/01 09:16:02 OK   00001_roles_and_schemas.sql (9.07ms)\n"}
{"Time":"2026-10-01T09:16:02.067789+08:00","Action":"output","Package":"ops-platform/test/integration","Test":"TestMigrationsUpgradeVersionOneData","Output":"2026/10/01 09:16:02 goose: successfully migrated database to version: 1\n"}
{"Time":"2026-10-01T09:16:02.090203+08:00","Action":"output","Package":"ops-platform/test/integration","Test":"TestMigrationsUpgradeVersionOneData","Output":"2026/10/01 09:16:02 OK   00002_platform_meta.sql (14.2ms)\n"}
{"Time":"2026-10-01T09:16:02.096923+08:00","Action":"output","Package":"ops-platform/test/integration","Test":"TestMigrationsUpgradeVersionOneData","Output":"2026/10/01 09:16:02 OK   00003_finding.sql (6.48ms)\n"}
{"Time":"2026-10-01T09:16:02.10177+08:00","Action":"output","Package":"ops-platform/test/integration","Test":"TestMigrationsUpgradeVersionOneData","Output":"2026/10/01 09:16:02 OK   00004_incident.sql (4.55ms)\n"}
{"Time":"2026-10-01T09:16:02.107482+08:00","Action":"output","Package":"ops-platform/test/integration","Test":"TestMigrationsUpgradeVersionOneData","Output":"2026/10/01 09:16:02 OK   00005_investigation.sql (5.51ms)\n"}
{"Time":"2026-10-01T09:16:02.112179+08:00","Action":"output","Package":"ops-platform/test/integration","Test":"TestMigrationsUpgradeVersionOneData","Output":"2026/10/01 09:16:02 OK   00006_action_command.sql (4.43ms)\n"}
{"Time":"2026-10-01T09:16:02.11899+08:00","Action":"output","Package":"ops-platform/test/integration","Test":"TestMigrationsUpgradeVersionOneData","Output":"2026/10/01 09:16:02 OK   00007_audit.sql (6.56ms)\n"}
{"Time":"2026-10-01T09:16:02.125881+08:00","Action":"output","Package":"ops-platform/test/integration","Test":"TestMigrationsUpgradeVersionOneData","Output":"2026/10/01 09:16:02 OK   00008_rls.sql (6.54ms)\n"}
{"Time":"2026-10-01T09:16:02.132274+08:00","Action":"output","Package":"ops-platform/test/integration","Test":"TestMigrationsUpgradeVersionOneData","Output":"2026/10/01 09:16:02 OK   00009_idempotency_ledger.sql (6.14ms)\n"}
{"Time":"2026-10-01T09:16:02.135788+08:00","Action":"output","Package":"ops-platform/test/integration","Test":"TestMigrationsUpgradeVersionOneData","Output":"2026/10/01 09:16:02 OK   00010_tenant_provisioning.sql (3.34ms)\n"}
{"Time":"2026-10-01T09:16:02.140273+08:00","Action":"output","Package":"ops-platform/test/integration","Test":"TestMigrationsUpgradeVersionOneData","Output":"2026/10/01 09:16:02 OK   00011_source_registration_history.sql (4.32ms)\n"}
{"Time":"2026-10-01T09:16:02.146897+08:00","Action":"output","Package":"ops-platform/test/integration","Test":"TestMigrationsUpgradeVersionOneData","Output":"2026/10/01 09:16:02 OK   00012_config_registry_lifecycle.sql (6.36ms)\n"}
{"Time":"2026-10-01T09:16:02.155108+08:00","Action":"output","Package":"ops-platform/test/integration","Test":"TestMigrationsUpgradeVersionOneData","Output":"2026/10/01 09:16:02 OK   00013_audit_signed_segments.sql (7.98ms)\n"}
{"Time":"2026-10-01T09:16:02.159221+08:00","Action":"output","Package":"ops-platform/test/integration","Test":"TestMigrationsUpgradeVersionOneData","Output":"2026/10/01 09:16:02 OK   00014_audit_segment_predecessors.sql (3.92ms)\n"}
{"Time":"2026-10-01T09:16:02.15928+08:00","Action":"output","Package":"ops-platform/test/integration","Test":"TestMigrationsUpgradeVersionOneData","Output":"2026/10/01 09:16:02 goose: successfully migrated database to version: 14\n"}
{"Time":"2026-10-01T09:16:02.20433+08:00","Action":"output","Package":"ops-platform/test/integration","Test":"TestMigrationsUpgradeVersionOneData","Output":"--- PASS: TestMigrationsUpgradeVersionOneData (0.18s)\n","OutputType":"frame"}
{"Time":"2026-10-01T09:16:02.204407+08:00","Action":"pass","Package":"ops-platform/test/integration","Test":"TestMigrationsUpgradeVersionOneData","Elapsed":0.18}
{"Time":"2026-10-01T09:16:02.204444+08:00","Action":"run","Package":"ops-platform/test/integration","Test":"TestWithTenantTxIsolatesTenantsAndUsesAppendOnlyAudit"}
{"Time":"2026-10-01T09:16:02.204463+08:00","Action":"output","Package":"ops-platform/test/integration","Test":"TestWithTenantTxIsolatesTenantsAndUsesAppendOnlyAudit","Output":"=== RUN   TestWithTenantTxIsolatesTenantsAndUsesAppendOnlyAudit\n","OutputType":"frame"}
{"Time":"2026-10-01T09:16:02.242379+08:00","Action":"output","Package":"ops-platform/test/integration","Test":"TestWithTenantTxIsolatesTenantsAndUsesAppendOnlyAudit","Output":"2026/10/01 09:16:02 OK   00001_roles_and_schemas.sql (7.81ms)\n"}
{"Time":"2026-10-01T09:16:02.242447+08:00","Action":"output","Package":"ops-platform/test/integration","Test":"TestWithTenantTxIsolatesTenantsAndUsesAppendOnlyAudit","Output":"2026/10/01 09:16:02 goose: successfully migrated database to version: 1\n"}
{"Time":"2026-10-01T09:16:02.262887+08:00","Action":"output","Package":"ops-platform/test/integration","Test":"TestWithTenantTxIsolatesTenantsAndUsesAppendOnlyAudit","Output":"2026/10/01 09:16:02 OK   00002_platform_meta.sql (14.05ms)\n"}
{"Time":"2026-10-01T09:16:02.268268+08:00","Action":"output","Package":"ops-platform/test/integration","Test":"TestWithTenantTxIsolatesTenantsAndUsesAppendOnlyAudit","Output":"2026/10/01 09:16:02 OK   00003_finding.sql (5.17ms)\n"}
{"Time":"2026-10-01T09:16:02.272513+08:00","Action":"output","Package":"ops-platform/test/integration","Test":"TestWithTenantTxIsolatesTenantsAndUsesAppendOnlyAudit","Output":"2026/10/01 09:16:02 OK   00004_incident.sql (4.08ms)\n"}
{"Time":"2026-10-01T09:16:02.277797+08:00","Action":"output","Package":"ops-platform/test/integration","Test":"TestWithTenantTxIsolatesTenantsAndUsesAppendOnlyAudit","Output":"2026/10/01 09:16:02 OK   00005_investigation.sql (5.08ms)\n"}
{"Time":"2026-10-01T09:16:02.282681+08:00","Action":"output","Package":"ops-platform/test/integration","Test":"TestWithTenantTxIsolatesTenantsAndUsesAppendOnlyAudit","Output":"2026/10/01 09:16:02 OK   00006_action_command.sql (4.63ms)\n"}
{"Time":"2026-10-01T09:16:02.289794+08:00","Action":"output","Package":"ops-platform/test/integration","Test":"TestWithTenantTxIsolatesTenantsAndUsesAppendOnlyAudit","Output":"2026/10/01 09:16:02 OK   00007_audit.sql (6.85ms)\n"}
{"Time":"2026-10-01T09:16:02.297741+08:00","Action":"output","Package":"ops-platform/test/integration","Test":"TestWithTenantTxIsolatesTenantsAndUsesAppendOnlyAudit","Output":"2026/10/01 09:16:02 OK   00008_rls.sql (7.7ms)\n"}
{"Time":"2026-10-01T09:16:02.303937+08:00","Action":"output","Package":"ops-platform/test/integration","Test":"TestWithTenantTxIsolatesTenantsAndUsesAppendOnlyAudit","Output":"2026/10/01 09:16:02 OK   00009_idempotency_ledger.sql (5.91ms)\n"}
{"Time":"2026-10-01T09:16:02.307937+08:00","Action":"output","Package":"ops-platform/test/integration","Test":"TestWithTenantTxIsolatesTenantsAndUsesAppendOnlyAudit","Output":"2026/10/01 09:16:02 OK   00010_tenant_provisioning.sql (3.78ms)\n"}
{"Time":"2026-10-01T09:16:02.31304+08:00","Action":"output","Package":"ops-platform/test/integration","Test":"TestWithTenantTxIsolatesTenantsAndUsesAppendOnlyAudit","Output":"2026/10/01 09:16:02 OK   00011_source_registration_history.sql (4.94ms)\n"}
{"Time":"2026-10-01T09:16:02.32069+08:00","Action":"output","Package":"ops-platform/test/integration","Test":"TestWithTenantTxIsolatesTenantsAndUsesAppendOnlyAudit","Output":"2026/10/01 09:16:02 OK   00012_config_registry_lifecycle.sql (7.39ms)\n"}
{"Time":"2026-10-01T09:16:02.329693+08:00","Action":"output","Package":"ops-platform/test/integration","Test":"TestWithTenantTxIsolatesTenantsAndUsesAppendOnlyAudit","Output":"2026/10/01 09:16:02 OK   00013_audit_signed_segments.sql (8.72ms)\n"}
{"Time":"2026-10-01T09:16:02.33429+08:00","Action":"output","Package":"ops-platform/test/integration","Test":"TestWithTenantTxIsolatesTenantsAndUsesAppendOnlyAudit","Output":"2026/10/01 09:16:02 OK   00014_audit_segment_predecessors.sql (4.38ms)\n"}
{"Time":"2026-10-01T09:16:02.334382+08:00","Action":"output","Package":"ops-platform/test/integration","Test":"TestWithTenantTxIsolatesTenantsAndUsesAppendOnlyAudit","Output":"2026/10/01 09:16:02 goose: successfully migrated database to version: 14\n"}
{"Time":"2026-10-01T09:16:02.395576+08:00","Action":"output","Package":"ops-platform/test/integration","Test":"TestWithTenantTxIsolatesTenantsAndUsesAppendOnlyAudit","Output":"--- PASS: TestWithTenantTxIsolatesTenantsAndUsesAppendOnlyAudit (0.19s)\n","OutputType":"frame"}
{"Time":"2026-10-01T09:16:02.395641+08:00","Action":"pass","Package":"ops-platform/test/integration","Test":"TestWithTenantTxIsolatesTenantsAndUsesAppendOnlyAudit","Elapsed":0.19}
{"Time":"2026-10-01T09:16:02.395657+08:00","Action":"run","Package":"ops-platform/test/integration","Test":"TestRealVictoriaMetricsScrapesPlatformProcessMetric"}
{"Time":"2026-10-01T09:16:02.395668+08:00","Action":"output","Package":"ops-platform/test/integration","Test":"TestRealVictoriaMetricsScrapesPlatformProcessMetric","Output":"=== RUN   TestRealVictoriaMetricsScrapesPlatformProcessMetric\n","OutputType":"frame"}
{"Time":"2026-10-01T09:16:02.397782+08:00","Action":"output","Package":"ops-platform/test/integration","Test":"TestRealVictoriaMetricsScrapesPlatformProcessMetric","Output":"--- PASS: TestRealVictoriaMetricsScrapesPlatformProcessMetric (0.00s)\n","OutputType":"frame"}
{"Time":"2026-10-01T09:16:02.397816+08:00","Action":"pass","Package":"ops-platform/test/integration","Test":"TestRealVictoriaMetricsScrapesPlatformProcessMetric","Elapsed":0}
{"Time":"2026-10-01T09:16:02.397844+08:00","Action":"run","Package":"ops-platform/test/integration","Test":"TestRealVictoriaLogsAcceptsStructuredPlatformStdout"}
{"Time":"2026-10-01T09:16:02.397854+08:00","Action":"output","Package":"ops-platform/test/integration","Test":"TestRealVictoriaLogsAcceptsStructuredPlatformStdout","Output":"=== RUN   TestRealVictoriaLogsAcceptsStructuredPlatformStdout\n","OutputType":"frame"}
{"Time":"2026-10-01T09:16:03.405364+08:00","Action":"output","Package":"ops-platform/test/integration","Test":"TestRealVictoriaLogsAcceptsStructuredPlatformStdout","Output":"--- PASS: TestRealVictoriaLogsAcceptsStructuredPlatformStdout (1.01s)\n","OutputType":"frame"}
{"Time":"2026-10-01T09:16:03.405481+08:00","Action":"pass","Package":"ops-platform/test/integration","Test":"TestRealVictoriaLogsAcceptsStructuredPlatformStdout","Elapsed":1.01}
{"Time":"2026-10-01T09:16:03.405534+08:00","Action":"run","Package":"ops-platform/test/integration","Test":"TestRealProjectedPodTokensAuthenticateOpenBaoAndWorkloadMTLS"}
{"Time":"2026-10-01T09:16:03.405571+08:00","Action":"output","Package":"ops-platform/test/integration","Test":"TestRealProjectedPodTokensAuthenticateOpenBaoAndWorkloadMTLS","Output":"=== RUN   TestRealProjectedPodTokensAuthenticateOpenBaoAndWorkloadMTLS\n","OutputType":"frame"}
{"Time":"2026-10-01T09:16:03.405615+08:00","Action":"output","Package":"ops-platform/test/integration","Test":"TestRealProjectedPodTokensAuthenticateOpenBaoAndWorkloadMTLS","Output":"    projected_workload_test.go:37: isolated Kubernetes TokenReview/OpenBao authorization and environment are required\n"}
{"Time":"2026-10-01T09:16:03.405651+08:00","Action":"output","Package":"ops-platform/test/integration","Test":"TestRealProjectedPodTokensAuthenticateOpenBaoAndWorkloadMTLS","Output":"--- SKIP: TestRealProjectedPodTokensAuthenticateOpenBaoAndWorkloadMTLS (0.00s)\n","OutputType":"frame"}
{"Time":"2026-10-01T09:16:03.405732+08:00","Action":"skip","Package":"ops-platform/test/integration","Test":"TestRealProjectedPodTokensAuthenticateOpenBaoAndWorkloadMTLS","Elapsed":0}
{"Time":"2026-10-01T09:16:03.405837+08:00","Action":"run","Package":"ops-platform/test/integration","Test":"TestRuntimeDatabaseLoginCannotRegainOwnerOrOtherProcess"}
{"Time":"2026-10-01T09:16:03.405936+08:00","Action":"output","Package":"ops-platform/test/integration","Test":"TestRuntimeDatabaseLoginCannotRegainOwnerOrOtherProcess","Output":"=== RUN   TestRuntimeDatabaseLoginCannotRegainOwnerOrOtherProcess\n","OutputType":"frame"}
{"Time":"2026-10-01T09:16:03.499984+08:00","Action":"output","Package":"ops-platform/test/integration","Test":"TestRuntimeDatabaseLoginCannotRegainOwnerOrOtherProcess","Output":"2026/10/01 09:16:03 OK   00001_roles_and_schemas.sql (13.13ms)\n"}
{"Time":"2026-10-01T09:16:03.523406+08:00","Action":"output","Package":"ops-platform/test/integration","Test":"TestRuntimeDatabaseLoginCannotRegainOwnerOrOtherProcess","Output":"2026/10/01 09:16:03 OK   00002_platform_meta.sql (22.21ms)\n"}
{"Time":"2026-10-01T09:16:03.532441+08:00","Action":"output","Package":"ops-platform/test/integration","Test":"TestRuntimeDatabaseLoginCannotRegainOwnerOrOtherProcess","Output":"2026/10/01 09:16:03 OK   00003_finding.sql (8.67ms)\n"}
{"Time":"2026-10-01T09:16:03.540127+08:00","Action":"output","Package":"ops-platform/test/integration","Test":"TestRuntimeDatabaseLoginCannotRegainOwnerOrOtherProcess","Output":"2026/10/01 09:16:03 OK   00004_incident.sql (6.72ms)\n"}
{"Time":"2026-10-01T09:16:03.546889+08:00","Action":"output","Package":"ops-platform/test/integration","Test":"TestRuntimeDatabaseLoginCannotRegainOwnerOrOtherProcess","Output":"2026/10/01 09:16:03 OK   00005_investigation.sql (6.48ms)\n"}
{"Time":"2026-10-01T09:16:03.552659+08:00","Action":"output","Package":"ops-platform/test/integration","Test":"TestRuntimeDatabaseLoginCannotRegainOwnerOrOtherProcess","Output":"2026/10/01 09:16:03 OK   00006_action_command.sql (5.55ms)\n"}
{"Time":"2026-10-01T09:16:03.562202+08:00","Action":"output","Package":"ops-platform/test/integration","Test":"TestRuntimeDatabaseLoginCannotRegainOwnerOrOtherProcess","Output":"2026/10/01 09:16:03 OK   00007_audit.sql (9.2ms)\n"}
{"Time":"2026-10-01T09:16:03.571729+08:00","Action":"output","Package":"ops-platform/test/integration","Test":"TestRuntimeDatabaseLoginCannotRegainOwnerOrOtherProcess","Output":"2026/10/01 09:16:03 OK   00008_rls.sql (8.63ms)\n"}
{"Time":"2026-10-01T09:16:03.578856+08:00","Action":"output","Package":"ops-platform/test/integration","Test":"TestRuntimeDatabaseLoginCannotRegainOwnerOrOtherProcess","Output":"2026/10/01 09:16:03 OK   00009_idempotency_ledger.sql (6.92ms)\n"}
{"Time":"2026-10-01T09:16:03.58312+08:00","Action":"output","Package":"ops-platform/test/integration","Test":"TestRuntimeDatabaseLoginCannotRegainOwnerOrOtherProcess","Output":"2026/10/01 09:16:03 OK   00010_tenant_provisioning.sql (4.06ms)\n"}
{"Time":"2026-10-01T09:16:03.589315+08:00","Action":"output","Package":"ops-platform/test/integration","Test":"TestRuntimeDatabaseLoginCannotRegainOwnerOrOtherProcess","Output":"2026/10/01 09:16:03 OK   00011_source_registration_history.sql (5.98ms)\n"}
{"Time":"2026-10-01T09:16:03.598628+08:00","Action":"output","Package":"ops-platform/test/integration","Test":"TestRuntimeDatabaseLoginCannotRegainOwnerOrOtherProcess","Output":"2026/10/01 09:16:03 OK   00012_config_registry_lifecycle.sql (8.98ms)\n"}
{"Time":"2026-10-01T09:16:03.608985+08:00","Action":"output","Package":"ops-platform/test/integration","Test":"TestRuntimeDatabaseLoginCannotRegainOwnerOrOtherProcess","Output":"2026/10/01 09:16:03 OK   00013_audit_signed_segments.sql (9.91ms)\n"}
{"Time":"2026-10-01T09:16:03.6137+08:00","Action":"output","Package":"ops-platform/test/integration","Test":"TestRuntimeDatabaseLoginCannotRegainOwnerOrOtherProcess","Output":"2026/10/01 09:16:03 OK   00014_audit_segment_predecessors.sql (4.49ms)\n"}
{"Time":"2026-10-01T09:16:03.61377+08:00","Action":"output","Package":"ops-platform/test/integration","Test":"TestRuntimeDatabaseLoginCannotRegainOwnerOrOtherProcess","Output":"2026/10/01 09:16:03 goose: successfully migrated database to version: 14\n"}
{"Time":"2026-10-01T09:16:03.673724+08:00","Action":"output","Package":"ops-platform/test/integration","Test":"TestRuntimeDatabaseLoginCannotRegainOwnerOrOtherProcess","Output":"--- PASS: TestRuntimeDatabaseLoginCannotRegainOwnerOrOtherProcess (0.27s)\n","OutputType":"frame"}
{"Time":"2026-10-01T09:16:03.673811+08:00","Action":"pass","Package":"ops-platform/test/integration","Test":"TestRuntimeDatabaseLoginCannotRegainOwnerOrOtherProcess","Elapsed":0.27}
{"Time":"2026-10-01T09:16:03.673836+08:00","Action":"run","Package":"ops-platform/test/integration","Test":"TestSourceRegistrationsAreTenantBoundRevisionedAndAudited"}
{"Time":"2026-10-01T09:16:03.673848+08:00","Action":"output","Package":"ops-platform/test/integration","Test":"TestSourceRegistrationsAreTenantBoundRevisionedAndAudited","Output":"=== RUN   TestSourceRegistrationsAreTenantBoundRevisionedAndAudited\n","OutputType":"frame"}
{"Time":"2026-10-01T09:16:03.716297+08:00","Action":"output","Package":"ops-platform/test/integration","Test":"TestSourceRegistrationsAreTenantBoundRevisionedAndAudited","Output":"2026/10/01 09:16:03 OK   00001_roles_and_schemas.sql (9.76ms)\n"}
{"Time":"2026-10-01T09:16:03.71648+08:00","Action":"output","Package":"ops-platform/test/integration","Test":"TestSourceRegistrationsAreTenantBoundRevisionedAndAudited","Output":"2026/10/01 09:16:03 goose: successfully migrated database to version: 1\n"}
{"Time":"2026-10-01T09:16:03.739663+08:00","Action":"output","Package":"ops-platform/test/integration","Test":"TestSourceRegistrationsAreTenantBoundRevisionedAndAudited","Output":"2026/10/01 09:16:03 OK   00002_platform_meta.sql (14.58ms)\n"}
{"Time":"2026-10-01T09:16:03.745517+08:00","Action":"output","Package":"ops-platform/test/integration","Test":"TestSourceRegistrationsAreTenantBoundRevisionedAndAudited","Output":"2026/10/01 09:16:03 OK   00003_finding.sql (5.6ms)\n"}
{"Time":"2026-10-01T09:16:03.75003+08:00","Action":"output","Package":"ops-platform/test/integration","Test":"TestSourceRegistrationsAreTenantBoundRevisionedAndAudited","Output":"2026/10/01 09:16:03 OK   00004_incident.sql (4.3ms)\n"}
{"Time":"2026-10-01T09:16:03.754851+08:00","Action":"output","Package":"ops-platform/test/integration","Test":"TestSourceRegistrationsAreTenantBoundRevisionedAndAudited","Output":"2026/10/01 09:16:03 OK   00005_investigation.sql (4.62ms)\n"}
{"Time":"2026-10-01T09:16:03.760083+08:00","Action":"output","Package":"ops-platform/test/integration","Test":"TestSourceRegistrationsAreTenantBoundRevisionedAndAudited","Output":"2026/10/01 09:16:03 OK   00006_action_command.sql (5ms)\n"}
{"Time":"2026-10-01T09:16:03.768584+08:00","Action":"output","Package":"ops-platform/test/integration","Test":"TestSourceRegistrationsAreTenantBoundRevisionedAndAudited","Output":"2026/10/01 09:16:03 OK   00007_audit.sql (8.17ms)\n"}
{"Time":"2026-10-01T09:16:03.77605+08:00","Action":"output","Package":"ops-platform/test/integration","Test":"TestSourceRegistrationsAreTenantBoundRevisionedAndAudited","Output":"2026/10/01 09:16:03 OK   00008_rls.sql (7.21ms)\n"}
{"Time":"2026-10-01T09:16:03.781417+08:00","Action":"output","Package":"ops-platform/test/integration","Test":"TestSourceRegistrationsAreTenantBoundRevisionedAndAudited","Output":"2026/10/01 09:16:03 OK   00009_idempotency_ledger.sql (5.14ms)\n"}
{"Time":"2026-10-01T09:16:03.785759+08:00","Action":"output","Package":"ops-platform/test/integration","Test":"TestSourceRegistrationsAreTenantBoundRevisionedAndAudited","Output":"2026/10/01 09:16:03 OK   00010_tenant_provisioning.sql (4.13ms)\n"}
{"Time":"2026-10-01T09:16:03.791347+08:00","Action":"output","Package":"ops-platform/test/integration","Test":"TestSourceRegistrationsAreTenantBoundRevisionedAndAudited","Output":"2026/10/01 09:16:03 OK   00011_source_registration_history.sql (5.36ms)\n"}
{"Time":"2026-10-01T09:16:03.79897+08:00","Action":"output","Package":"ops-platform/test/integration","Test":"TestSourceRegistrationsAreTenantBoundRevisionedAndAudited","Output":"2026/10/01 09:16:03 OK   00012_config_registry_lifecycle.sql (7.29ms)\n"}
{"Time":"2026-10-01T09:16:03.807815+08:00","Action":"output","Package":"ops-platform/test/integration","Test":"TestSourceRegistrationsAreTenantBoundRevisionedAndAudited","Output":"2026/10/01 09:16:03 OK   00013_audit_signed_segments.sql (8.49ms)\n"}
{"Time":"2026-10-01T09:16:03.812695+08:00","Action":"output","Package":"ops-platform/test/integration","Test":"TestSourceRegistrationsAreTenantBoundRevisionedAndAudited","Output":"2026/10/01 09:16:03 OK   00014_audit_segment_predecessors.sql (4.65ms)\n"}
{"Time":"2026-10-01T09:16:03.812767+08:00","Action":"output","Package":"ops-platform/test/integration","Test":"TestSourceRegistrationsAreTenantBoundRevisionedAndAudited","Output":"2026/10/01 09:16:03 goose: successfully migrated database to version: 14\n"}
{"Time":"2026-10-01T09:16:03.839783+08:00","Action":"run","Package":"ops-platform/test/integration","Test":"TestSourceRegistrationsAreTenantBoundRevisionedAndAudited/payload-tenant"}
{"Time":"2026-10-01T09:16:03.839863+08:00","Action":"output","Package":"ops-platform/test/integration","Test":"TestSourceRegistrationsAreTenantBoundRevisionedAndAudited/payload-tenant","Output":"=== RUN   TestSourceRegistrationsAreTenantBoundRevisionedAndAudited/payload-tenant\n","OutputType":"frame"}
{"Time":"2026-10-01T09:16:03.840503+08:00","Action":"output","Package":"ops-platform/test/integration","Test":"TestSourceRegistrationsAreTenantBoundRevisionedAndAudited/payload-tenant","Output":"--- PASS: TestSourceRegistrationsAreTenantBoundRevisionedAndAudited/payload-tenant (0.00s)\n","OutputType":"frame"}
{"Time":"2026-10-01T09:16:03.840523+08:00","Action":"pass","Package":"ops-platform/test/integration","Test":"TestSourceRegistrationsAreTenantBoundRevisionedAndAudited/payload-tenant","Elapsed":0}
{"Time":"2026-10-01T09:16:03.840539+08:00","Action":"run","Package":"ops-platform/test/integration","Test":"TestSourceRegistrationsAreTenantBoundRevisionedAndAudited/payload-cluster"}
{"Time":"2026-10-01T09:16:03.840548+08:00","Action":"output","Package":"ops-platform/test/integration","Test":"TestSourceRegistrationsAreTenantBoundRevisionedAndAudited/payload-cluster","Output":"=== RUN   TestSourceRegistrationsAreTenantBoundRevisionedAndAudited/payload-cluster\n","OutputType":"frame"}
{"Time":"2026-10-01T09:16:03.841162+08:00","Action":"output","Package":"ops-platform/test/integration","Test":"TestSourceRegistrationsAreTenantBoundRevisionedAndAudited/payload-cluster","Output":"--- PASS: TestSourceRegistrationsAreTenantBoundRevisionedAndAudited/payload-cluster (0.00s)\n","OutputType":"frame"}
{"Time":"2026-10-01T09:16:03.841197+08:00","Action":"pass","Package":"ops-platform/test/integration","Test":"TestSourceRegistrationsAreTenantBoundRevisionedAndAudited/payload-cluster","Elapsed":0}
{"Time":"2026-10-01T09:16:03.931114+08:00","Action":"output","Package":"ops-platform/test/integration","Test":"TestSourceRegistrationsAreTenantBoundRevisionedAndAudited","Output":"--- PASS: TestSourceRegistrationsAreTenantBoundRevisionedAndAudited (0.26s)\n","OutputType":"frame"}
{"Time":"2026-10-01T09:16:03.931185+08:00","Action":"pass","Package":"ops-platform/test/integration","Test":"TestSourceRegistrationsAreTenantBoundRevisionedAndAudited","Elapsed":0.26}
{"Time":"2026-10-01T09:16:03.931204+08:00","Action":"run","Package":"ops-platform/test/integration","Test":"TestRevokedStepUpCannotBeRecreatedByReplayingSameJWT"}
{"Time":"2026-10-01T09:16:03.931214+08:00","Action":"output","Package":"ops-platform/test/integration","Test":"TestRevokedStepUpCannotBeRecreatedByReplayingSameJWT","Output":"=== RUN   TestRevokedStepUpCannotBeRecreatedByReplayingSameJWT\n","OutputType":"frame"}
{"Time":"2026-10-01T09:16:03.966678+08:00","Action":"output","Package":"ops-platform/test/integration","Test":"TestRevokedStepUpCannotBeRecreatedByReplayingSameJWT","Output":"2026/10/01 09:16:03 OK   00001_roles_and_schemas.sql (7.36ms)\n"}
{"Time":"2026-10-01T09:16:03.979121+08:00","Action":"output","Package":"ops-platform/test/integration","Test":"TestRevokedStepUpCannotBeRecreatedByReplayingSameJWT","Output":"2026/10/01 09:16:03 OK   00002_platform_meta.sql (12.1ms)\n"}
{"Time":"2026-10-01T09:16:03.985128+08:00","Action":"output","Package":"ops-platform/test/integration","Test":"TestRevokedStepUpCannotBeRecreatedByReplayingSameJWT","Output":"2026/10/01 09:16:03 OK   00003_finding.sql (5.86ms)\n"}
{"Time":"2026-10-01T09:16:03.989097+08:00","Action":"output","Package":"ops-platform/test/integration","Test":"TestRevokedStepUpCannotBeRecreatedByReplayingSameJWT","Output":"2026/10/01 09:16:03 OK   00004_incident.sql (3.87ms)\n"}
{"Time":"2026-10-01T09:16:03.994699+08:00","Action":"output","Package":"ops-platform/test/integration","Test":"TestRevokedStepUpCannotBeRecreatedByReplayingSameJWT","Output":"2026/10/01 09:16:03 OK   00005_investigation.sql (5.43ms)\n"}
{"Time":"2026-10-01T09:16:03.999458+08:00","Action":"output","Package":"ops-platform/test/integration","Test":"TestRevokedStepUpCannotBeRecreatedByReplayingSameJWT","Output":"2026/10/01 09:16:03 OK   00006_action_command.sql (4.55ms)\n"}
{"Time":"2026-10-01T09:16:04.006635+08:00","Action":"output","Package":"ops-platform/test/integration","Test":"TestRevokedStepUpCannotBeRecreatedByReplayingSameJWT","Output":"2026/10/01 09:16:04 OK   00007_audit.sql (7.01ms)\n"}
{"Time":"2026-10-01T09:16:04.013505+08:00","Action":"output","Package":"ops-platform/test/integration","Test":"TestRevokedStepUpCannotBeRecreatedByReplayingSameJWT","Output":"2026/10/01 09:16:04 OK   00008_rls.sql (6.62ms)\n"}
{"Time":"2026-10-01T09:16:04.019494+08:00","Action":"output","Package":"ops-platform/test/integration","Test":"TestRevokedStepUpCannotBeRecreatedByReplayingSameJWT","Output":"2026/10/01 09:16:04 OK   00009_idempotency_ledger.sql (5.76ms)\n"}
{"Time":"2026-10-01T09:16:04.022722+08:00","Action":"output","Package":"ops-platform/test/integration","Test":"TestRevokedStepUpCannotBeRecreatedByReplayingSameJWT","Output":"2026/10/01 09:16:04 OK   00010_tenant_provisioning.sql (3.05ms)\n"}
{"Time":"2026-10-01T09:16:04.027859+08:00","Action":"output","Package":"ops-platform/test/integration","Test":"TestRevokedStepUpCannotBeRecreatedByReplayingSameJWT","Output":"2026/10/01 09:16:04 OK   00011_source_registration_history.sql (4.97ms)\n"}
{"Time":"2026-10-01T09:16:04.035457+08:00","Action":"output","Package":"ops-platform/test/integration","Test":"TestRevokedStepUpCannotBeRecreatedByReplayingSameJWT","Output":"2026/10/01 09:16:04 OK   00012_config_registry_lifecycle.sql (7.4ms)\n"}
{"Time":"2026-10-01T09:16:04.044198+08:00","Action":"output","Package":"ops-platform/test/integration","Test":"TestRevokedStepUpCannotBeRecreatedByReplayingSameJWT","Output":"2026/10/01 09:16:04 OK   00013_audit_signed_segments.sql (8.53ms)\n"}
{"Time":"2026-10-01T09:16:04.048271+08:00","Action":"output","Package":"ops-platform/test/integration","Test":"TestRevokedStepUpCannotBeRecreatedByReplayingSameJWT","Output":"2026/10/01 09:16:04 OK   00014_audit_segment_predecessors.sql (3.93ms)\n"}
{"Time":"2026-10-01T09:16:04.04831+08:00","Action":"output","Package":"ops-platform/test/integration","Test":"TestRevokedStepUpCannotBeRecreatedByReplayingSameJWT","Output":"2026/10/01 09:16:04 goose: successfully migrated database to version: 14\n"}
{"Time":"2026-10-01T09:16:04.084251+08:00","Action":"output","Package":"ops-platform/test/integration","Test":"TestRevokedStepUpCannotBeRecreatedByReplayingSameJWT","Output":"--- PASS: TestRevokedStepUpCannotBeRecreatedByReplayingSameJWT (0.15s)\n","OutputType":"frame"}
{"Time":"2026-10-01T09:16:04.084311+08:00","Action":"pass","Package":"ops-platform/test/integration","Test":"TestRevokedStepUpCannotBeRecreatedByReplayingSameJWT","Elapsed":0.15}
{"Time":"2026-10-01T09:16:04.08433+08:00","Action":"run","Package":"ops-platform/test/integration","Test":"TestTenantProvisioningAndRoleBindingRevisions"}
{"Time":"2026-10-01T09:16:04.08434+08:00","Action":"output","Package":"ops-platform/test/integration","Test":"TestTenantProvisioningAndRoleBindingRevisions","Output":"=== RUN   TestTenantProvisioningAndRoleBindingRevisions\n","OutputType":"frame"}
{"Time":"2026-10-01T09:16:04.120789+08:00","Action":"output","Package":"ops-platform/test/integration","Test":"TestTenantProvisioningAndRoleBindingRevisions","Output":"2026/10/01 09:16:04 OK   00001_roles_and_schemas.sql (6.59ms)\n"}
{"Time":"2026-10-01T09:16:04.120852+08:00","Action":"output","Package":"ops-platform/test/integration","Test":"TestTenantProvisioningAndRoleBindingRevisions","Output":"2026/10/01 09:16:04 goose: successfully migrated database to version: 1\n"}
{"Time":"2026-10-01T09:16:04.140193+08:00","Action":"output","Package":"ops-platform/test/integration","Test":"TestTenantProvisioningAndRoleBindingRevisions","Output":"2026/10/01 09:16:04 OK   00002_platform_meta.sql (13.71ms)\n"}
{"Time":"2026-10-01T09:16:04.146479+08:00","Action":"output","Package":"ops-platform/test/integration","Test":"TestTenantProvisioningAndRoleBindingRevisions","Output":"2026/10/01 09:16:04 OK   00003_finding.sql (6.06ms)\n"}
{"Time":"2026-10-01T09:16:04.150996+08:00","Action":"output","Package":"ops-platform/test/integration","Test":"TestTenantProvisioningAndRoleBindingRevisions","Output":"2026/10/01 09:16:04 OK   00004_incident.sql (4.27ms)\n"}
{"Time":"2026-10-01T09:16:04.156124+08:00","Action":"output","Package":"ops-platform/test/integration","Test":"TestTenantProvisioningAndRoleBindingRevisions","Output":"2026/10/01 09:16:04 OK   00005_investigation.sql (4.92ms)\n"}
{"Time":"2026-10-01T09:16:04.16113+08:00","Action":"output","Package":"ops-platform/test/integration","Test":"TestTenantProvisioningAndRoleBindingRevisions","Output":"2026/10/01 09:16:04 OK   00006_action_command.sql (4.75ms)\n"}
{"Time":"2026-10-01T09:16:04.169126+08:00","Action":"output","Package":"ops-platform/test/integration","Test":"TestTenantProvisioningAndRoleBindingRevisions","Output":"2026/10/01 09:16:04 OK   00007_audit.sql (7.67ms)\n"}
{"Time":"2026-10-01T09:16:04.176629+08:00","Action":"output","Package":"ops-platform/test/integration","Test":"TestTenantProvisioningAndRoleBindingRevisions","Output":"2026/10/01 09:16:04 OK   00008_rls.sql (7.28ms)\n"}
{"Time":"2026-10-01T09:16:04.182787+08:00","Action":"output","Package":"ops-platform/test/integration","Test":"TestTenantProvisioningAndRoleBindingRevisions","Output":"2026/10/01 09:16:04 OK   00009_idempotency_ledger.sql (5.91ms)\n"}
{"Time":"2026-10-01T09:16:04.186789+08:00","Action":"output","Package":"ops-platform/test/integration","Test":"TestTenantProvisioningAndRoleBindingRevisions","Output":"2026/10/01 09:16:04 OK   00010_tenant_provisioning.sql (3.8ms)\n"}
{"Time":"2026-10-01T09:16:04.191436+08:00","Action":"output","Package":"ops-platform/test/integration","Test":"TestTenantProvisioningAndRoleBindingRevisions","Output":"2026/10/01 09:16:04 OK   00011_source_registration_history.sql (4.47ms)\n"}
{"Time":"2026-10-01T09:16:04.197763+08:00","Action":"output","Package":"ops-platform/test/integration","Test":"TestTenantProvisioningAndRoleBindingRevisions","Output":"2026/10/01 09:16:04 OK   00012_config_registry_lifecycle.sql (6.13ms)\n"}
{"Time":"2026-10-01T09:16:04.208633+08:00","Action":"output","Package":"ops-platform/test/integration","Test":"TestTenantProvisioningAndRoleBindingRevisions","Output":"2026/10/01 09:16:04 OK   00013_audit_signed_segments.sql (10.62ms)\n"}
{"Time":"2026-10-01T09:16:04.213703+08:00","Action":"output","Package":"ops-platform/test/integration","Test":"TestTenantProvisioningAndRoleBindingRevisions","Output":"2026/10/01 09:16:04 OK   00014_audit_segment_predecessors.sql (4.88ms)\n"}
{"Time":"2026-10-01T09:16:04.213798+08:00","Action":"output","Package":"ops-platform/test/integration","Test":"TestTenantProvisioningAndRoleBindingRevisions","Output":"2026/10/01 09:16:04 goose: successfully migrated database to version: 14\n"}
{"Time":"2026-10-01T09:16:04.285809+08:00","Action":"output","Package":"ops-platform/test/integration","Test":"TestTenantProvisioningAndRoleBindingRevisions","Output":"--- PASS: TestTenantProvisioningAndRoleBindingRevisions (0.20s)\n","OutputType":"frame"}
{"Time":"2026-10-01T09:16:04.285878+08:00","Action":"pass","Package":"ops-platform/test/integration","Test":"TestTenantProvisioningAndRoleBindingRevisions","Elapsed":0.2}
{"Time":"2026-10-01T09:16:04.285898+08:00","Action":"run","Package":"ops-platform/test/integration","Test":"TestRealAuditWorkerProjectedLoginResumesPendingAfterArchiveOutage"}
{"Time":"2026-10-01T09:16:04.285911+08:00","Action":"output","Package":"ops-platform/test/integration","Test":"TestRealAuditWorkerProjectedLoginResumesPendingAfterArchiveOutage","Output":"=== RUN   TestRealAuditWorkerProjectedLoginResumesPendingAfterArchiveOutage\n","OutputType":"frame"}
{"Time":"2026-10-01T09:16:04.28595+08:00","Action":"output","Package":"ops-platform/test/integration","Test":"TestRealAuditWorkerProjectedLoginResumesPendingAfterArchiveOutage","Output":"    worker_runtime_test.go:27: isolated Kubernetes TokenReview/OpenBao authorization and environment are required\n"}
{"Time":"2026-10-01T09:16:04.285965+08:00","Action":"output","Package":"ops-platform/test/integration","Test":"TestRealAuditWorkerProjectedLoginResumesPendingAfterArchiveOutage","Output":"--- SKIP: TestRealAuditWorkerProjectedLoginResumesPendingAfterArchiveOutage (0.00s)\n","OutputType":"frame"}
{"Time":"2026-10-01T09:16:04.285976+08:00","Action":"skip","Package":"ops-platform/test/integration","Test":"TestRealAuditWorkerProjectedLoginResumesPendingAfterArchiveOutage","Elapsed":0}
{"Time":"2026-10-01T09:16:04.285987+08:00","Action":"run","Package":"ops-platform/test/integration","Test":"TestRealOpenBaoWorkloadPKIIssuanceAndRevocation"}
{"Time":"2026-10-01T09:16:04.285998+08:00","Action":"output","Package":"ops-platform/test/integration","Test":"TestRealOpenBaoWorkloadPKIIssuanceAndRevocation","Output":"=== RUN   TestRealOpenBaoWorkloadPKIIssuanceAndRevocation\n","OutputType":"frame"}
{"Time":"2026-10-01T09:16:04.30226+08:00","Action":"output","Package":"ops-platform/test/integration","Test":"TestRealOpenBaoWorkloadPKIIssuanceAndRevocation","Output":"    workload_identity_test.go:86: isolated OpenBao workload role=platform-workload-ops-api certificate_serial=45ae44fc068179792de1a15a691a2e85a5c66ee4 cert_ttl=1h0m30s revoked_crl_verified=true\n"}
{"Time":"2026-10-01T09:16:04.302388+08:00","Action":"output","Package":"ops-platform/test/integration","Test":"TestRealOpenBaoWorkloadPKIIssuanceAndRevocation","Output":"--- PASS: TestRealOpenBaoWorkloadPKIIssuanceAndRevocation (0.02s)\n","OutputType":"frame"}
{"Time":"2026-10-01T09:16:04.302416+08:00","Action":"pass","Package":"ops-platform/test/integration","Test":"TestRealOpenBaoWorkloadPKIIssuanceAndRevocation","Elapsed":0.02}
{"Time":"2026-10-01T09:16:04.302433+08:00","Action":"output","Package":"ops-platform/test/integration","Output":"PASS\n","OutputType":"frame"}
{"Time":"2026-10-01T09:16:04.308153+08:00","Action":"output","Package":"ops-platform/test/integration","Output":"ok  \tops-platform/test/integration\t33.039s\n"}
{"Time":"2026-10-01T09:16:04.308216+08:00","Action":"pass","Package":"ops-platform/test/integration","Elapsed":33.04}
Acceptance suite did not fully execute: TestRealProjectedPodTokensAuthenticateOpenBaoAndWorkloadMTLS, TestRealAuditWorkerProjectedLoginResumesPendingAfterArchiveOutage
make: *** [test-integration] Error 1
