go generate ./...
$ orval --config ./orval.config.ts
🍻 orval v8.37.0 - A swagger client generator for typescript
platform - 🎉 Smart Operations Platform API - Your OpenAPI spec has been converted into ready to use orval!
go vet ./...
?   	ops-platform/api	[no test files]
?   	ops-platform/artifacts	[no test files]
?   	ops-platform/bundle	[no test files]
?   	ops-platform/cmd/db-migrate	[no test files]
ok  	ops-platform/cmd/opsctl	1.207s
?   	ops-platform/cmd/platform-api	[no test files]
?   	ops-platform/cmd/platform-worker	[no test files]
?   	ops-platform/gen/api	[no test files]
ok  	ops-platform/internal/app	2.427s
ok  	ops-platform/internal/archive	1.319s
ok  	ops-platform/internal/audit	0.920s
ok  	ops-platform/internal/auth	0.537s
ok  	ops-platform/internal/bundle	4.428s
ok  	ops-platform/internal/bundle/drivers	1.776s
ok  	ops-platform/internal/configregistry	3.334s
?   	ops-platform/internal/contract	[no test files]
ok  	ops-platform/internal/crypto	3.260s
ok  	ops-platform/internal/httpapi	3.841s
?   	ops-platform/internal/integrations	[no test files]
ok  	ops-platform/internal/integrations/keycloak	3.991s
ok  	ops-platform/internal/integrations/openbao	3.944s
?   	ops-platform/internal/integrations/s3	[no test files]
?   	ops-platform/internal/integrations/victorialogs	[no test files]
?   	ops-platform/internal/integrations/victoriametrics	[no test files]
?   	ops-platform/internal/integrations/vmalert	[no test files]
ok  	ops-platform/internal/observability	4.076s
ok  	ops-platform/internal/persistence	3.825s
?   	ops-platform/internal/persistence/dbgen	[no test files]
ok  	ops-platform/internal/policy	3.402s
ok  	ops-platform/internal/profile	6.926s
ok  	ops-platform/internal/source	3.263s
ok  	ops-platform/internal/supplychain	3.884s
?   	ops-platform/internal/tenant	[no test files]
?   	ops-platform/policies	[no test files]
ok  	ops-platform/test/contract	19.828s
ok  	ops-platform/test/e2e	4.027s
?   	ops-platform/test/fixtures/upstream-inspection	[no test files]
ok  	ops-platform/test/integration	3.969s
ok  	ops-platform/test/security	4.013s
$ node --experimental-strip-types --test ./test/*.test.mjs
✔ typed SSE reader yields a decoded envelope before the stream closes (36.815917ms)
✔ typed SSE fetch client requests and parses text/event-stream (14.840958ms)
✔ typed SSE envelope decoder rejects incomplete event data (0.229584ms)
ℹ tests 3
ℹ suites 0
ℹ pass 3
ℹ fail 0
ℹ cancelled 0
ℹ skipped 0
ℹ todo 0
ℹ duration_ms 92.864
ok  	ops-platform/test/contract	(cached)
