{"Time":"2026-10-01T08:26:40.104349+08:00","Action":"start","Package":"ops-platform/test/integration"}
{"Time":"2026-10-01T08:26:40.581152+08:00","Action":"run","Package":"ops-platform/test/integration","Test":"TestRealOpenBaoTransitAndSeaweedS3AuditArchive"}
{"Time":"2026-10-01T08:26:40.581981+08:00","Action":"output","Package":"ops-platform/test/integration","Test":"TestRealOpenBaoTransitAndSeaweedS3AuditArchive","Output":"=== RUN   TestRealOpenBaoTransitAndSeaweedS3AuditArchive\n","OutputType":"frame"}
{"Time":"2026-10-01T08:26:40.582021+08:00","Action":"output","Package":"ops-platform/test/integration","Test":"TestRealOpenBaoTransitAndSeaweedS3AuditArchive","Output":"    archive_services_test.go:33: isolated OpenBao and SeaweedFS test endpoints and credentials are required\n"}
{"Time":"2026-10-01T08:26:40.582041+08:00","Action":"output","Package":"ops-platform/test/integration","Test":"TestRealOpenBaoTransitAndSeaweedS3AuditArchive","Output":"--- SKIP: TestRealOpenBaoTransitAndSeaweedS3AuditArchive (0.00s)\n","OutputType":"frame"}
{"Time":"2026-10-01T08:26:40.582047+08:00","Action":"skip","Package":"ops-platform/test/integration","Test":"TestRealOpenBaoTransitAndSeaweedS3AuditArchive","Elapsed":0}
{"Time":"2026-10-01T08:26:40.582063+08:00","Action":"run","Package":"ops-platform/test/integration","Test":"TestAuditSegmentsAppendConcurrentlyRecoverAndVerifyTenantScoped"}
{"Time":"2026-10-01T08:26:40.582068+08:00","Action":"output","Package":"ops-platform/test/integration","Test":"TestAuditSegmentsAppendConcurrentlyRecoverAndVerifyTenantScoped","Output":"=== RUN   TestAuditSegmentsAppendConcurrentlyRecoverAndVerifyTenantScoped\n","OutputType":"frame"}
{"Time":"2026-10-01T08:26:40.582073+08:00","Action":"output","Package":"ops-platform/test/integration","Test":"TestAuditSegmentsAppendConcurrentlyRecoverAndVerifyTenantScoped","Output":"    audit_segments_test.go:31: SP03_TEST_DATABASE_URL must point at a disposable PostgreSQL test instance\n"}
{"Time":"2026-10-01T08:26:40.582083+08:00","Action":"output","Package":"ops-platform/test/integration","Test":"TestAuditSegmentsAppendConcurrentlyRecoverAndVerifyTenantScoped","Output":"--- SKIP: TestAuditSegmentsAppendConcurrentlyRecoverAndVerifyTenantScoped (0.00s)\n","OutputType":"frame"}
{"Time":"2026-10-01T08:26:40.582095+08:00","Action":"skip","Package":"ops-platform/test/integration","Test":"TestAuditSegmentsAppendConcurrentlyRecoverAndVerifyTenantScoped","Elapsed":0}
{"Time":"2026-10-01T08:26:40.582105+08:00","Action":"run","Package":"ops-platform/test/integration","Test":"TestRoleBindingsAndStepUpSessions"}
{"Time":"2026-10-01T08:26:40.58211+08:00","Action":"output","Package":"ops-platform/test/integration","Test":"TestRoleBindingsAndStepUpSessions","Output":"=== RUN   TestRoleBindingsAndStepUpSessions\n","OutputType":"frame"}
{"Time":"2026-10-01T08:26:40.582127+08:00","Action":"output","Package":"ops-platform/test/integration","Test":"TestRoleBindingsAndStepUpSessions","Output":"    auth_test.go:19: SP03_TEST_DATABASE_URL must point at a disposable PostgreSQL test instance\n"}
{"Time":"2026-10-01T08:26:40.582136+08:00","Action":"output","Package":"ops-platform/test/integration","Test":"TestRoleBindingsAndStepUpSessions","Output":"--- SKIP: TestRoleBindingsAndStepUpSessions (0.00s)\n","OutputType":"frame"}
{"Time":"2026-10-01T08:26:40.58215+08:00","Action":"skip","Package":"ops-platform/test/integration","Test":"TestRoleBindingsAndStepUpSessions","Elapsed":0}
{"Time":"2026-10-01T08:26:40.582154+08:00","Action":"run","Package":"ops-platform/test/integration","Test":"TestConfigRegistryPublishesActivatesRollsBackAndPreservesHistory"}
{"Time":"2026-10-01T08:26:40.582158+08:00","Action":"output","Package":"ops-platform/test/integration","Test":"TestConfigRegistryPublishesActivatesRollsBackAndPreservesHistory","Output":"=== RUN   TestConfigRegistryPublishesActivatesRollsBackAndPreservesHistory\n","OutputType":"frame"}
{"Time":"2026-10-01T08:26:40.582162+08:00","Action":"output","Package":"ops-platform/test/integration","Test":"TestConfigRegistryPublishesActivatesRollsBackAndPreservesHistory","Output":"    configregistry_test.go:32: SP03_TEST_DATABASE_URL is required for PostgreSQL integration tests\n"}
{"Time":"2026-10-01T08:26:40.582175+08:00","Action":"output","Package":"ops-platform/test/integration","Test":"TestConfigRegistryPublishesActivatesRollsBackAndPreservesHistory","Output":"--- SKIP: TestConfigRegistryPublishesActivatesRollsBackAndPreservesHistory (0.00s)\n","OutputType":"frame"}
{"Time":"2026-10-01T08:26:40.582179+08:00","Action":"skip","Package":"ops-platform/test/integration","Test":"TestConfigRegistryPublishesActivatesRollsBackAndPreservesHistory","Elapsed":0}
{"Time":"2026-10-01T08:26:40.582182+08:00","Action":"run","Package":"ops-platform/test/integration","Test":"TestIdempotencyLedgerSchema"}
{"Time":"2026-10-01T08:26:40.582185+08:00","Action":"output","Package":"ops-platform/test/integration","Test":"TestIdempotencyLedgerSchema","Output":"=== RUN   TestIdempotencyLedgerSchema\n","OutputType":"frame"}
{"Time":"2026-10-01T08:26:40.582189+08:00","Action":"output","Package":"ops-platform/test/integration","Test":"TestIdempotencyLedgerSchema","Output":"    idempotency_test.go:27: SP03_TEST_DATABASE_URL must point at a disposable PostgreSQL test instance\n"}
{"Time":"2026-10-01T08:26:40.582192+08:00","Action":"output","Package":"ops-platform/test/integration","Test":"TestIdempotencyLedgerSchema","Output":"--- SKIP: TestIdempotencyLedgerSchema (0.00s)\n","OutputType":"frame"}
{"Time":"2026-10-01T08:26:40.582196+08:00","Action":"skip","Package":"ops-platform/test/integration","Test":"TestIdempotencyLedgerSchema","Elapsed":0}
{"Time":"2026-10-01T08:26:40.582201+08:00","Action":"run","Package":"ops-platform/test/integration","Test":"TestIdempotencyLedger"}
{"Time":"2026-10-01T08:26:40.582204+08:00","Action":"output","Package":"ops-platform/test/integration","Test":"TestIdempotencyLedger","Output":"=== RUN   TestIdempotencyLedger\n","OutputType":"frame"}
{"Time":"2026-10-01T08:26:40.582212+08:00","Action":"output","Package":"ops-platform/test/integration","Test":"TestIdempotencyLedger","Output":"    idempotency_test.go:44: SP03_TEST_DATABASE_URL must point at a disposable PostgreSQL test instance\n"}
{"Time":"2026-10-01T08:26:40.582216+08:00","Action":"output","Package":"ops-platform/test/integration","Test":"TestIdempotencyLedger","Output":"--- SKIP: TestIdempotencyLedger (0.00s)\n","OutputType":"frame"}
{"Time":"2026-10-01T08:26:40.582222+08:00","Action":"skip","Package":"ops-platform/test/integration","Test":"TestIdempotencyLedger","Elapsed":0}
{"Time":"2026-10-01T08:26:40.582225+08:00","Action":"run","Package":"ops-platform/test/integration","Test":"TestIdempotencyHTTPMiddleware"}
{"Time":"2026-10-01T08:26:40.582228+08:00","Action":"output","Package":"ops-platform/test/integration","Test":"TestIdempotencyHTTPMiddleware","Output":"=== RUN   TestIdempotencyHTTPMiddleware\n","OutputType":"frame"}
{"Time":"2026-10-01T08:26:40.582232+08:00","Action":"output","Package":"ops-platform/test/integration","Test":"TestIdempotencyHTTPMiddleware","Output":"    idempotency_test.go:279: SP03_TEST_DATABASE_URL must point at a disposable PostgreSQL test instance\n"}
{"Time":"2026-10-01T08:26:40.582235+08:00","Action":"output","Package":"ops-platform/test/integration","Test":"TestIdempotencyHTTPMiddleware","Output":"--- SKIP: TestIdempotencyHTTPMiddleware (0.00s)\n","OutputType":"frame"}
{"Time":"2026-10-01T08:26:40.582241+08:00","Action":"skip","Package":"ops-platform/test/integration","Test":"TestIdempotencyHTTPMiddleware","Elapsed":0}
{"Time":"2026-10-01T08:26:40.582244+08:00","Action":"run","Package":"ops-platform/test/integration","Test":"TestKeycloakAuthorizationCodePKCEAndStepUp"}
{"Time":"2026-10-01T08:26:40.582247+08:00","Action":"output","Package":"ops-platform/test/integration","Test":"TestKeycloakAuthorizationCodePKCEAndStepUp","Output":"=== RUN   TestKeycloakAuthorizationCodePKCEAndStepUp\n","OutputType":"frame"}
{"Time":"2026-10-01T08:26:40.582251+08:00","Action":"output","Package":"ops-platform/test/integration","Test":"TestKeycloakAuthorizationCodePKCEAndStepUp","Output":"    keycloak_test.go:40: isolated Keycloak and PostgreSQL test environment variables are required\n"}
{"Time":"2026-10-01T08:26:40.582259+08:00","Action":"output","Package":"ops-platform/test/integration","Test":"TestKeycloakAuthorizationCodePKCEAndStepUp","Output":"--- SKIP: TestKeycloakAuthorizationCodePKCEAndStepUp (0.00s)\n","OutputType":"frame"}
{"Time":"2026-10-01T08:26:40.582262+08:00","Action":"skip","Package":"ops-platform/test/integration","Test":"TestKeycloakAuthorizationCodePKCEAndStepUp","Elapsed":0}
{"Time":"2026-10-01T08:26:40.582266+08:00","Action":"run","Package":"ops-platform/test/integration","Test":"TestMigrationScriptsAreForwardOnlyAndContiguous"}
{"Time":"2026-10-01T08:26:40.582268+08:00","Action":"output","Package":"ops-platform/test/integration","Test":"TestMigrationScriptsAreForwardOnlyAndContiguous","Output":"=== RUN   TestMigrationScriptsAreForwardOnlyAndContiguous\n","OutputType":"frame"}
{"Time":"2026-10-01T08:26:40.584037+08:00","Action":"output","Package":"ops-platform/test/integration","Test":"TestMigrationScriptsAreForwardOnlyAndContiguous","Output":"--- PASS: TestMigrationScriptsAreForwardOnlyAndContiguous (0.00s)\n","OutputType":"frame"}
{"Time":"2026-10-01T08:26:40.584043+08:00","Action":"pass","Package":"ops-platform/test/integration","Test":"TestMigrationScriptsAreForwardOnlyAndContiguous","Elapsed":0}
{"Time":"2026-10-01T08:26:40.584047+08:00","Action":"run","Package":"ops-platform/test/integration","Test":"TestMigrationsAndRoles"}
{"Time":"2026-10-01T08:26:40.584049+08:00","Action":"output","Package":"ops-platform/test/integration","Test":"TestMigrationsAndRoles","Output":"=== RUN   TestMigrationsAndRoles\n","OutputType":"frame"}
{"Time":"2026-10-01T08:26:40.584056+08:00","Action":"output","Package":"ops-platform/test/integration","Test":"TestMigrationsAndRoles","Output":"    migrations_test.go:52: SP03_TEST_DATABASE_URL must point at a disposable PostgreSQL test instance\n"}
{"Time":"2026-10-01T08:26:40.58406+08:00","Action":"output","Package":"ops-platform/test/integration","Test":"TestMigrationsAndRoles","Output":"--- SKIP: TestMigrationsAndRoles (0.00s)\n","OutputType":"frame"}
{"Time":"2026-10-01T08:26:40.584063+08:00","Action":"skip","Package":"ops-platform/test/integration","Test":"TestMigrationsAndRoles","Elapsed":0}
{"Time":"2026-10-01T08:26:40.584066+08:00","Action":"run","Package":"ops-platform/test/integration","Test":"TestMigrationsUpgradeVersionOneData"}
{"Time":"2026-10-01T08:26:40.584069+08:00","Action":"output","Package":"ops-platform/test/integration","Test":"TestMigrationsUpgradeVersionOneData","Output":"=== RUN   TestMigrationsUpgradeVersionOneData\n","OutputType":"frame"}
{"Time":"2026-10-01T08:26:40.584081+08:00","Action":"output","Package":"ops-platform/test/integration","Test":"TestMigrationsUpgradeVersionOneData","Output":"    migrations_test.go:207: SP03_TEST_DATABASE_URL must point at a disposable PostgreSQL test instance\n"}
{"Time":"2026-10-01T08:26:40.584086+08:00","Action":"output","Package":"ops-platform/test/integration","Test":"TestMigrationsUpgradeVersionOneData","Output":"--- SKIP: TestMigrationsUpgradeVersionOneData (0.00s)\n","OutputType":"frame"}
{"Time":"2026-10-01T08:26:40.584089+08:00","Action":"skip","Package":"ops-platform/test/integration","Test":"TestMigrationsUpgradeVersionOneData","Elapsed":0}
{"Time":"2026-10-01T08:26:40.584092+08:00","Action":"run","Package":"ops-platform/test/integration","Test":"TestWithTenantTxIsolatesTenantsAndUsesAppendOnlyAudit"}
{"Time":"2026-10-01T08:26:40.584095+08:00","Action":"output","Package":"ops-platform/test/integration","Test":"TestWithTenantTxIsolatesTenantsAndUsesAppendOnlyAudit","Output":"=== RUN   TestWithTenantTxIsolatesTenantsAndUsesAppendOnlyAudit\n","OutputType":"frame"}
{"Time":"2026-10-01T08:26:40.584099+08:00","Action":"output","Package":"ops-platform/test/integration","Test":"TestWithTenantTxIsolatesTenantsAndUsesAppendOnlyAudit","Output":"    migrations_test.go:228: SP03_TEST_DATABASE_URL must point at a disposable PostgreSQL test instance\n"}
{"Time":"2026-10-01T08:26:40.584102+08:00","Action":"output","Package":"ops-platform/test/integration","Test":"TestWithTenantTxIsolatesTenantsAndUsesAppendOnlyAudit","Output":"--- SKIP: TestWithTenantTxIsolatesTenantsAndUsesAppendOnlyAudit (0.00s)\n","OutputType":"frame"}
{"Time":"2026-10-01T08:26:40.584109+08:00","Action":"skip","Package":"ops-platform/test/integration","Test":"TestWithTenantTxIsolatesTenantsAndUsesAppendOnlyAudit","Elapsed":0}
{"Time":"2026-10-01T08:26:40.584115+08:00","Action":"run","Package":"ops-platform/test/integration","Test":"TestRealVictoriaMetricsScrapesPlatformProcessMetric"}
{"Time":"2026-10-01T08:26:40.584118+08:00","Action":"output","Package":"ops-platform/test/integration","Test":"TestRealVictoriaMetricsScrapesPlatformProcessMetric","Output":"=== RUN   TestRealVictoriaMetricsScrapesPlatformProcessMetric\n","OutputType":"frame"}
{"Time":"2026-10-01T08:26:40.584121+08:00","Action":"output","Package":"ops-platform/test/integration","Test":"TestRealVictoriaMetricsScrapesPlatformProcessMetric","Output":"    observability_test.go:23: isolated VictoriaMetrics endpoint is required\n"}
{"Time":"2026-10-01T08:26:40.584125+08:00","Action":"output","Package":"ops-platform/test/integration","Test":"TestRealVictoriaMetricsScrapesPlatformProcessMetric","Output":"--- SKIP: TestRealVictoriaMetricsScrapesPlatformProcessMetric (0.00s)\n","OutputType":"frame"}
{"Time":"2026-10-01T08:26:40.584129+08:00","Action":"skip","Package":"ops-platform/test/integration","Test":"TestRealVictoriaMetricsScrapesPlatformProcessMetric","Elapsed":0}
{"Time":"2026-10-01T08:26:40.584132+08:00","Action":"run","Package":"ops-platform/test/integration","Test":"TestRealVictoriaLogsAcceptsStructuredPlatformStdout"}
{"Time":"2026-10-01T08:26:40.584136+08:00","Action":"output","Package":"ops-platform/test/integration","Test":"TestRealVictoriaLogsAcceptsStructuredPlatformStdout","Output":"=== RUN   TestRealVictoriaLogsAcceptsStructuredPlatformStdout\n","OutputType":"frame"}
{"Time":"2026-10-01T08:26:40.58414+08:00","Action":"output","Package":"ops-platform/test/integration","Test":"TestRealVictoriaLogsAcceptsStructuredPlatformStdout","Output":"    observability_test.go:59: isolated VictoriaLogs endpoint is required\n"}
{"Time":"2026-10-01T08:26:40.584144+08:00","Action":"output","Package":"ops-platform/test/integration","Test":"TestRealVictoriaLogsAcceptsStructuredPlatformStdout","Output":"--- SKIP: TestRealVictoriaLogsAcceptsStructuredPlatformStdout (0.00s)\n","OutputType":"frame"}
{"Time":"2026-10-01T08:26:40.584147+08:00","Action":"skip","Package":"ops-platform/test/integration","Test":"TestRealVictoriaLogsAcceptsStructuredPlatformStdout","Elapsed":0}
{"Time":"2026-10-01T08:26:40.58415+08:00","Action":"run","Package":"ops-platform/test/integration","Test":"TestRuntimeDatabaseLoginCannotRegainOwnerOrOtherProcess"}
{"Time":"2026-10-01T08:26:40.584153+08:00","Action":"output","Package":"ops-platform/test/integration","Test":"TestRuntimeDatabaseLoginCannotRegainOwnerOrOtherProcess","Output":"=== RUN   TestRuntimeDatabaseLoginCannotRegainOwnerOrOtherProcess\n","OutputType":"frame"}
{"Time":"2026-10-01T08:26:40.584156+08:00","Action":"output","Package":"ops-platform/test/integration","Test":"TestRuntimeDatabaseLoginCannotRegainOwnerOrOtherProcess","Output":"    runtime_pool_test.go:14: SP03_TEST_DATABASE_URL must point at a disposable PostgreSQL test instance\n"}
{"Time":"2026-10-01T08:26:40.58416+08:00","Action":"output","Package":"ops-platform/test/integration","Test":"TestRuntimeDatabaseLoginCannotRegainOwnerOrOtherProcess","Output":"--- SKIP: TestRuntimeDatabaseLoginCannotRegainOwnerOrOtherProcess (0.00s)\n","OutputType":"frame"}
{"Time":"2026-10-01T08:26:40.584164+08:00","Action":"skip","Package":"ops-platform/test/integration","Test":"TestRuntimeDatabaseLoginCannotRegainOwnerOrOtherProcess","Elapsed":0}
{"Time":"2026-10-01T08:26:40.584167+08:00","Action":"run","Package":"ops-platform/test/integration","Test":"TestSourceRegistrationsAreTenantBoundRevisionedAndAudited"}
{"Time":"2026-10-01T08:26:40.584169+08:00","Action":"output","Package":"ops-platform/test/integration","Test":"TestSourceRegistrationsAreTenantBoundRevisionedAndAudited","Output":"=== RUN   TestSourceRegistrationsAreTenantBoundRevisionedAndAudited\n","OutputType":"frame"}
{"Time":"2026-10-01T08:26:40.584177+08:00","Action":"output","Package":"ops-platform/test/integration","Test":"TestSourceRegistrationsAreTenantBoundRevisionedAndAudited","Output":"    source_test.go:27: SP03_TEST_DATABASE_URL is required for PostgreSQL integration tests\n"}
{"Time":"2026-10-01T08:26:40.584181+08:00","Action":"output","Package":"ops-platform/test/integration","Test":"TestSourceRegistrationsAreTenantBoundRevisionedAndAudited","Output":"--- SKIP: TestSourceRegistrationsAreTenantBoundRevisionedAndAudited (0.00s)\n","OutputType":"frame"}
{"Time":"2026-10-01T08:26:40.584185+08:00","Action":"skip","Package":"ops-platform/test/integration","Test":"TestSourceRegistrationsAreTenantBoundRevisionedAndAudited","Elapsed":0}
{"Time":"2026-10-01T08:26:40.584188+08:00","Action":"run","Package":"ops-platform/test/integration","Test":"TestRevokedStepUpCannotBeRecreatedByReplayingSameJWT"}
{"Time":"2026-10-01T08:26:40.584191+08:00","Action":"output","Package":"ops-platform/test/integration","Test":"TestRevokedStepUpCannotBeRecreatedByReplayingSameJWT","Output":"=== RUN   TestRevokedStepUpCannotBeRecreatedByReplayingSameJWT\n","OutputType":"frame"}
{"Time":"2026-10-01T08:26:40.584195+08:00","Action":"output","Package":"ops-platform/test/integration","Test":"TestRevokedStepUpCannotBeRecreatedByReplayingSameJWT","Output":"    stepup_replay_test.go:18: SP03_TEST_DATABASE_URL must point at a disposable PostgreSQL test instance\n"}
{"Time":"2026-10-01T08:26:40.584198+08:00","Action":"output","Package":"ops-platform/test/integration","Test":"TestRevokedStepUpCannotBeRecreatedByReplayingSameJWT","Output":"--- SKIP: TestRevokedStepUpCannotBeRecreatedByReplayingSameJWT (0.00s)\n","OutputType":"frame"}
{"Time":"2026-10-01T08:26:40.584202+08:00","Action":"skip","Package":"ops-platform/test/integration","Test":"TestRevokedStepUpCannotBeRecreatedByReplayingSameJWT","Elapsed":0}
{"Time":"2026-10-01T08:26:40.584205+08:00","Action":"run","Package":"ops-platform/test/integration","Test":"TestTenantProvisioningAndRoleBindingRevisions"}
{"Time":"2026-10-01T08:26:40.584207+08:00","Action":"output","Package":"ops-platform/test/integration","Test":"TestTenantProvisioningAndRoleBindingRevisions","Output":"=== RUN   TestTenantProvisioningAndRoleBindingRevisions\n","OutputType":"frame"}
{"Time":"2026-10-01T08:26:40.584211+08:00","Action":"output","Package":"ops-platform/test/integration","Test":"TestTenantProvisioningAndRoleBindingRevisions","Output":"    tenant_test.go:20: SP03_TEST_DATABASE_URL must point at a disposable PostgreSQL test instance\n"}
{"Time":"2026-10-01T08:26:40.584214+08:00","Action":"output","Package":"ops-platform/test/integration","Test":"TestTenantProvisioningAndRoleBindingRevisions","Output":"--- SKIP: TestTenantProvisioningAndRoleBindingRevisions (0.00s)\n","OutputType":"frame"}
{"Time":"2026-10-01T08:26:40.584218+08:00","Action":"skip","Package":"ops-platform/test/integration","Test":"TestTenantProvisioningAndRoleBindingRevisions","Elapsed":0}
{"Time":"2026-10-01T08:26:40.58422+08:00","Action":"run","Package":"ops-platform/test/integration","Test":"TestRealOpenBaoWorkloadPKIIssuanceAndRevocation"}
{"Time":"2026-10-01T08:26:40.584223+08:00","Action":"output","Package":"ops-platform/test/integration","Test":"TestRealOpenBaoWorkloadPKIIssuanceAndRevocation","Output":"=== RUN   TestRealOpenBaoWorkloadPKIIssuanceAndRevocation\n","OutputType":"frame"}
{"Time":"2026-10-01T08:26:40.584226+08:00","Action":"output","Package":"ops-platform/test/integration","Test":"TestRealOpenBaoWorkloadPKIIssuanceAndRevocation","Output":"    workload_identity_test.go:23: isolated OpenBao test endpoint, token, and bootstrap CA are required\n"}
{"Time":"2026-10-01T08:26:40.58423+08:00","Action":"output","Package":"ops-platform/test/integration","Test":"TestRealOpenBaoWorkloadPKIIssuanceAndRevocation","Output":"--- SKIP: TestRealOpenBaoWorkloadPKIIssuanceAndRevocation (0.00s)\n","OutputType":"frame"}
{"Time":"2026-10-01T08:26:40.584241+08:00","Action":"skip","Package":"ops-platform/test/integration","Test":"TestRealOpenBaoWorkloadPKIIssuanceAndRevocation","Elapsed":0}
{"Time":"2026-10-01T08:26:40.584259+08:00","Action":"output","Package":"ops-platform/test/integration","Output":"PASS\n","OutputType":"frame"}
{"Time":"2026-10-01T08:26:40.585207+08:00","Action":"output","Package":"ops-platform/test/integration","Output":"ok  \tops-platform/test/integration\t0.481s\n"}
{"Time":"2026-10-01T08:26:40.585223+08:00","Action":"pass","Package":"ops-platform/test/integration","Elapsed":0.481}
Acceptance suite did not fully execute: TestRealOpenBaoTransitAndSeaweedS3AuditArchive, TestAuditSegmentsAppendConcurrentlyRecoverAndVerifyTenantScoped, TestRoleBindingsAndStepUpSessions, TestConfigRegistryPublishesActivatesRollsBackAndPreservesHistory, TestIdempotencyLedgerSchema, TestIdempotencyLedger, TestIdempotencyHTTPMiddleware, TestKeycloakAuthorizationCodePKCEAndStepUp, TestMigrationsAndRoles, TestMigrationsUpgradeVersionOneData, TestWithTenantTxIsolatesTenantsAndUsesAppendOnlyAudit, TestRealVictoriaMetricsScrapesPlatformProcessMetric, TestRealVictoriaLogsAcceptsStructuredPlatformStdout, TestRuntimeDatabaseLoginCannotRegainOwnerOrOtherProcess, TestSourceRegistrationsAreTenantBoundRevisionedAndAudited, TestRevokedStepUpCannotBeRecreatedByReplayingSameJWT, TestTenantProvisioningAndRoleBindingRevisions, TestRealOpenBaoWorkloadPKIIssuanceAndRevocation
make: *** [test-integration] Error 1
