=== RUN   TestSP07CommandTransactionAndClaim
2026/10/09 14:12:58 OK   00001_roles_and_schemas.sql (50.77ms)
2026/10/09 14:12:58 goose: successfully migrated database to version: 1
2026/10/09 14:12:58 OK   00002_platform_meta.sql (51.57ms)
2026/10/09 14:12:58 OK   00003_finding.sql (30.28ms)
2026/10/09 14:12:58 OK   00004_incident.sql (11.39ms)
2026/10/09 14:12:58 OK   00005_investigation.sql (22.77ms)
2026/10/09 14:12:58 OK   00006_action_command.sql (34.88ms)
2026/10/09 14:12:58 OK   00007_audit.sql (18.14ms)
2026/10/09 14:12:58 OK   00008_rls.sql (18.26ms)
2026/10/09 14:12:58 OK   00009_idempotency_ledger.sql (34.76ms)
2026/10/09 14:12:58 OK   00010_tenant_provisioning.sql (11.48ms)
2026/10/09 14:12:58 OK   00011_source_registration_history.sql (29.21ms)
2026/10/09 14:12:58 OK   00012_config_registry_lifecycle.sql (36.16ms)
2026/10/09 14:12:58 OK   00013_audit_signed_segments.sql (27.87ms)
2026/10/09 14:12:58 OK   00014_audit_segment_predecessors.sql (27.27ms)
2026/10/09 14:12:58 OK   00015_source_schema_scope.sql (15.24ms)
2026/10/09 14:12:58 OK   00016_cluster_registration_metadata.sql (11.24ms)
2026/10/09 14:12:58 OK   00017_source_data_scope.sql (6.49ms)
2026/10/09 14:12:58 OK   00018_sp04_resources_evidence.sql (97.35ms)
2026/10/09 14:12:58 OK   00019_sp04_archive_ciphertext_bytes.sql (8.28ms)
2026/10/09 14:12:58 OK   00020_sp04_request_ledger.sql (33.74ms)
2026/10/09 14:12:58 OK   00021_sp04_archive_protection.sql (31.52ms)
2026/10/09 14:12:58 OK   00022_sp04_legal_hold_dependencies.sql (3.97ms)
2026/10/09 14:12:58 OK   00023_sp04_archive_query_intent.sql (5.77ms)
2026/10/09 14:12:58 OK   00024_sp05_finding_incident.sql (48.79ms)
2026/10/09 14:12:58 OK   00025_sp05_incident_event_time.sql (8.01ms)
2026/10/09 14:12:58 OK   00026_sp05_source_binding_lock.sql (3.93ms)
2026/10/09 14:12:58 OK   00027_sp05_rca_and_poll.sql (19.07ms)
2026/10/09 14:12:58 OK   00028_sp05_operator_lock.sql (21.2ms)
2026/10/09 14:12:58 OK   00029_sp05_evidence_links.sql (9.02ms)
2026/10/09 14:12:58 OK   00030_sp05_recipe_fence.sql (4.07ms)
2026/10/09 14:12:58 OK   00031_sp05_rca_postcheck.sql (3.92ms)
2026/10/09 14:12:58 OK   00032_sp05_transport_audit.sql (5.13ms)
2026/10/09 14:12:58 OK   00033_sp05_poll_resolution_clock.sql (17.31ms)
2026/10/09 14:12:59 OK   00034_sp06_investigation_ledger.sql (51.57ms)
2026/10/09 14:12:59 OK   00035_sp06_admission_data_classes.sql (13.59ms)
2026/10/09 14:12:59 OK   00036_sp07_command_binding.sql (69.22ms)
2026/10/09 14:12:59 OK   00037_sp07_worker_authority.sql (13.48ms)
2026/10/09 14:12:59 goose: successfully migrated database to version: 37
    sp07_command_test.go:104: changed assessment reused acknowledgement idempotency key
    migrations_test.go:436: retained owned integration database=sp03_mig_08a8bfab28164c63b5103e68e77cb539 test=TestSP07CommandTransactionAndClaim reason=audit.records; no automatic protected cleanup
--- FAIL: TestSP07CommandTransactionAndClaim (1.53s)
FAIL
FAIL	ops-platform/test/integration	4.525s
FAIL
