=== RUN   TestSP07CommandTransactionAndClaim
2026/10/09 09:44:49 OK   00001_roles_and_schemas.sql (13.65ms)
2026/10/09 09:44:49 goose: successfully migrated database to version: 1
2026/10/09 09:44:49 OK   00002_platform_meta.sql (17.35ms)
2026/10/09 09:44:49 OK   00003_finding.sql (8.16ms)
2026/10/09 09:44:49 OK   00004_incident.sql (4.88ms)
2026/10/09 09:44:49 OK   00005_investigation.sql (5.53ms)
2026/10/09 09:44:49 OK   00006_action_command.sql (4.75ms)
2026/10/09 09:44:49 OK   00007_audit.sql (7.69ms)
2026/10/09 09:44:49 OK   00008_rls.sql (6.58ms)
2026/10/09 09:44:49 OK   00009_idempotency_ledger.sql (5.84ms)
2026/10/09 09:44:49 OK   00010_tenant_provisioning.sql (3.84ms)
2026/10/09 09:44:49 OK   00011_source_registration_history.sql (5.56ms)
2026/10/09 09:44:49 OK   00012_config_registry_lifecycle.sql (9.17ms)
2026/10/09 09:44:49 OK   00013_audit_signed_segments.sql (9.41ms)
2026/10/09 09:44:49 OK   00014_audit_segment_predecessors.sql (6.15ms)
2026/10/09 09:44:49 OK   00015_source_schema_scope.sql (3.89ms)
2026/10/09 09:44:49 OK   00016_cluster_registration_metadata.sql (6.41ms)
2026/10/09 09:44:49 OK   00017_source_data_scope.sql (4.27ms)
2026/10/09 09:44:49 OK   00018_sp04_resources_evidence.sql (12.64ms)
2026/10/09 09:44:49 OK   00019_sp04_archive_ciphertext_bytes.sql (2.63ms)
2026/10/09 09:44:49 OK   00020_sp04_request_ledger.sql (3.94ms)
2026/10/09 09:44:49 OK   00021_sp04_archive_protection.sql (2.55ms)
2026/10/09 09:44:50 OK   00022_sp04_legal_hold_dependencies.sql (2.06ms)
2026/10/09 09:44:50 OK   00023_sp04_archive_query_intent.sql (2.48ms)
2026/10/09 09:44:50 OK   00024_sp05_finding_incident.sql (12.65ms)
2026/10/09 09:44:50 OK   00025_sp05_incident_event_time.sql (2.07ms)
2026/10/09 09:44:50 OK   00026_sp05_source_binding_lock.sql (2.35ms)
2026/10/09 09:44:50 OK   00027_sp05_rca_and_poll.sql (5.57ms)
2026/10/09 09:44:50 OK   00028_sp05_operator_lock.sql (2.86ms)
2026/10/09 09:44:50 OK   00029_sp05_evidence_links.sql (16.54ms)
2026/10/09 09:44:50 OK   00030_sp05_recipe_fence.sql (2.89ms)
2026/10/09 09:44:50 OK   00031_sp05_rca_postcheck.sql (2.54ms)
2026/10/09 09:44:50 OK   00032_sp05_transport_audit.sql (3.02ms)
2026/10/09 09:44:50 OK   00033_sp05_poll_resolution_clock.sql (3.69ms)
2026/10/09 09:44:50 OK   00034_sp06_investigation_ledger.sql (13.81ms)
2026/10/09 09:44:50 OK   00035_sp06_admission_data_classes.sql (3.41ms)
2026/10/09 09:44:50 OK   00036_sp07_command_binding.sql (15.57ms)
2026/10/09 09:44:50 goose: successfully migrated database to version: 36
    migrations_test.go:436: retained owned integration database=sp03_mig_e7613ee9cfee410a932f533261aa74d7 test=TestSP07CommandTransactionAndClaim reason=audit.records; no automatic protected cleanup
--- PASS: TestSP07CommandTransactionAndClaim (0.55s)
PASS
ok  	ops-platform/test/integration	1.763s
