=== RUN   TestSP07CommandTransactionAndClaim
2026/10/09 14:45:29 OK   00001_roles_and_schemas.sql (17.14ms)
2026/10/09 14:45:29 goose: successfully migrated database to version: 1
2026/10/09 14:45:29 OK   00002_platform_meta.sql (59.29ms)
2026/10/09 14:45:29 OK   00003_finding.sql (44.24ms)
2026/10/09 14:45:29 OK   00004_incident.sql (8.94ms)
2026/10/09 14:45:29 OK   00005_investigation.sql (7.18ms)
2026/10/09 14:45:29 OK   00006_action_command.sql (37.51ms)
2026/10/09 14:45:29 OK   00007_audit.sql (16.1ms)
2026/10/09 14:45:30 OK   00008_rls.sql (94.1ms)
2026/10/09 14:45:30 OK   00009_idempotency_ledger.sql (19.39ms)
2026/10/09 14:45:30 OK   00010_tenant_provisioning.sql (10.76ms)
2026/10/09 14:45:30 OK   00011_source_registration_history.sql (20.14ms)
2026/10/09 14:45:30 OK   00012_config_registry_lifecycle.sql (25.33ms)
2026/10/09 14:45:30 OK   00013_audit_signed_segments.sql (36.26ms)
2026/10/09 14:45:30 OK   00014_audit_segment_predecessors.sql (10.96ms)
2026/10/09 14:45:30 OK   00015_source_schema_scope.sql (8.25ms)
2026/10/09 14:45:30 OK   00016_cluster_registration_metadata.sql (32.98ms)
2026/10/09 14:45:30 OK   00017_source_data_scope.sql (5.69ms)
2026/10/09 14:45:30 OK   00018_sp04_resources_evidence.sql (52.04ms)
2026/10/09 14:45:30 OK   00019_sp04_archive_ciphertext_bytes.sql (5.22ms)
2026/10/09 14:45:30 OK   00020_sp04_request_ledger.sql (21.77ms)
2026/10/09 14:45:30 OK   00021_sp04_archive_protection.sql (15.14ms)
2026/10/09 14:45:30 OK   00022_sp04_legal_hold_dependencies.sql (10.9ms)
2026/10/09 14:45:30 OK   00023_sp04_archive_query_intent.sql (5.92ms)
2026/10/09 14:45:30 OK   00024_sp05_finding_incident.sql (62.55ms)
2026/10/09 14:45:30 OK   00025_sp05_incident_event_time.sql (11.92ms)
2026/10/09 14:45:30 OK   00026_sp05_source_binding_lock.sql (12.83ms)
2026/10/09 14:45:30 OK   00027_sp05_rca_and_poll.sql (15.38ms)
2026/10/09 14:45:30 OK   00028_sp05_operator_lock.sql (4.67ms)
2026/10/09 14:45:30 OK   00029_sp05_evidence_links.sql (34.51ms)
2026/10/09 14:45:30 OK   00030_sp05_recipe_fence.sql (108.44ms)
2026/10/09 14:45:30 OK   00031_sp05_rca_postcheck.sql (19.07ms)
2026/10/09 14:45:30 OK   00032_sp05_transport_audit.sql (6.04ms)
2026/10/09 14:45:30 OK   00033_sp05_poll_resolution_clock.sql (5.81ms)
2026/10/09 14:45:30 OK   00034_sp06_investigation_ledger.sql (60.05ms)
2026/10/09 14:45:30 OK   00035_sp06_admission_data_classes.sql (8.58ms)
2026/10/09 14:45:30 OK   00036_sp07_command_binding.sql (60.98ms)
2026/10/09 14:45:30 OK   00037_sp07_worker_authority.sql (42.12ms)
2026/10/09 14:45:30 goose: successfully migrated database to version: 37
    sp07_command_test.go:213: SSE disclosed 5 events after first-event withdrawal; want one
    sp07_command_test.go:216: SSE write was not bounded by verified token expiry
    migrations_test.go:436: retained owned integration database=sp03_mig_c48926af47f84550b64c6e640742b49c test=TestSP07CommandTransactionAndClaim reason=audit.records; no automatic protected cleanup
--- FAIL: TestSP07CommandTransactionAndClaim (3.84s)
FAIL
FAIL	ops-platform/test/integration	5.394s
FAIL
