=== RUN   TestSP07CommandTransactionAndClaim
2026/10/09 10:10:38 OK   00001_roles_and_schemas.sql (17.72ms)
2026/10/09 10:10:38 goose: successfully migrated database to version: 1
2026/10/09 10:10:38 OK   00002_platform_meta.sql (16.77ms)
2026/10/09 10:10:38 OK   00003_finding.sql (8.71ms)
2026/10/09 10:10:38 OK   00004_incident.sql (5.94ms)
2026/10/09 10:10:38 OK   00005_investigation.sql (10.5ms)
2026/10/09 10:10:38 OK   00006_action_command.sql (15.09ms)
2026/10/09 10:10:38 OK   00007_audit.sql (19.75ms)
2026/10/09 10:10:38 OK   00008_rls.sql (32.83ms)
2026/10/09 10:10:38 OK   00009_idempotency_ledger.sql (8.44ms)
2026/10/09 10:10:38 OK   00010_tenant_provisioning.sql (4.01ms)
2026/10/09 10:10:38 OK   00011_source_registration_history.sql (6.42ms)
2026/10/09 10:10:38 OK   00012_config_registry_lifecycle.sql (28.9ms)
2026/10/09 10:10:38 OK   00013_audit_signed_segments.sql (11.99ms)
2026/10/09 10:10:38 OK   00014_audit_segment_predecessors.sql (7.63ms)
2026/10/09 10:10:38 OK   00015_source_schema_scope.sql (2.75ms)
2026/10/09 10:10:38 OK   00016_cluster_registration_metadata.sql (6.97ms)
2026/10/09 10:10:38 OK   00017_source_data_scope.sql (4.93ms)
2026/10/09 10:10:38 OK   00018_sp04_resources_evidence.sql (14.16ms)
2026/10/09 10:10:38 OK   00019_sp04_archive_ciphertext_bytes.sql (3.28ms)
2026/10/09 10:10:38 OK   00020_sp04_request_ledger.sql (7.4ms)
2026/10/09 10:10:38 OK   00021_sp04_archive_protection.sql (6.3ms)
2026/10/09 10:10:38 OK   00022_sp04_legal_hold_dependencies.sql (5.49ms)
2026/10/09 10:10:38 OK   00023_sp04_archive_query_intent.sql (8.62ms)
2026/10/09 10:10:38 OK   00024_sp05_finding_incident.sql (20.73ms)
2026/10/09 10:10:38 OK   00025_sp05_incident_event_time.sql (3.36ms)
2026/10/09 10:10:38 OK   00026_sp05_source_binding_lock.sql (5.55ms)
2026/10/09 10:10:38 OK   00027_sp05_rca_and_poll.sql (15.04ms)
2026/10/09 10:10:38 OK   00028_sp05_operator_lock.sql (3.61ms)
2026/10/09 10:10:38 OK   00029_sp05_evidence_links.sql (4.58ms)
2026/10/09 10:10:38 OK   00030_sp05_recipe_fence.sql (5.75ms)
2026/10/09 10:10:38 OK   00031_sp05_rca_postcheck.sql (2.82ms)
2026/10/09 10:10:38 OK   00032_sp05_transport_audit.sql (3.61ms)
2026/10/09 10:10:38 OK   00033_sp05_poll_resolution_clock.sql (2.79ms)
2026/10/09 10:10:38 OK   00034_sp06_investigation_ledger.sql (27.24ms)
2026/10/09 10:10:38 OK   00035_sp06_admission_data_classes.sql (3.63ms)
2026/10/09 10:10:38 OK   00036_sp07_command_binding.sql (18.68ms)
2026/10/09 10:10:38 goose: successfully migrated database to version: 36
    sp07_command_test.go:130: dispatch ERROR: current transaction is aborted, commands ignored until end of transaction block (SQLSTATE 25P02)
    migrations_test.go:436: retained owned integration database=sp03_mig_fcf9cfa1a4314b1788204ab6d11f34ec test=TestSP07CommandTransactionAndClaim reason=audit.records; no automatic protected cleanup
--- FAIL: TestSP07CommandTransactionAndClaim (0.73s)
FAIL
FAIL	ops-platform/test/integration	1.985s
FAIL
