=== RUN   TestSP07CommandTransactionAndClaim
2026/10/09 10:10:50 OK   00001_roles_and_schemas.sql (16.23ms)
2026/10/09 10:10:50 goose: successfully migrated database to version: 1
2026/10/09 10:10:51 OK   00002_platform_meta.sql (25.71ms)
2026/10/09 10:10:51 OK   00003_finding.sql (9.28ms)
2026/10/09 10:10:51 OK   00004_incident.sql (6.73ms)
2026/10/09 10:10:51 OK   00005_investigation.sql (5.97ms)
2026/10/09 10:10:51 OK   00006_action_command.sql (6.23ms)
2026/10/09 10:10:51 OK   00007_audit.sql (9.44ms)
2026/10/09 10:10:51 OK   00008_rls.sql (8.01ms)
2026/10/09 10:10:51 OK   00009_idempotency_ledger.sql (7.15ms)
2026/10/09 10:10:51 OK   00010_tenant_provisioning.sql (4.93ms)
2026/10/09 10:10:51 OK   00011_source_registration_history.sql (7.33ms)
2026/10/09 10:10:51 OK   00012_config_registry_lifecycle.sql (8.78ms)
2026/10/09 10:10:51 OK   00013_audit_signed_segments.sql (10.62ms)
2026/10/09 10:10:51 OK   00014_audit_segment_predecessors.sql (4.74ms)
2026/10/09 10:10:51 OK   00015_source_schema_scope.sql (3.09ms)
2026/10/09 10:10:51 OK   00016_cluster_registration_metadata.sql (5.78ms)
2026/10/09 10:10:51 OK   00017_source_data_scope.sql (11.26ms)
2026/10/09 10:10:51 OK   00018_sp04_resources_evidence.sql (24.38ms)
2026/10/09 10:10:51 OK   00019_sp04_archive_ciphertext_bytes.sql (2.45ms)
2026/10/09 10:10:51 OK   00020_sp04_request_ledger.sql (4.11ms)
2026/10/09 10:10:51 OK   00021_sp04_archive_protection.sql (3.5ms)
2026/10/09 10:10:51 OK   00022_sp04_legal_hold_dependencies.sql (3.07ms)
2026/10/09 10:10:51 OK   00023_sp04_archive_query_intent.sql (2.88ms)
2026/10/09 10:10:51 OK   00024_sp05_finding_incident.sql (18.89ms)
2026/10/09 10:10:51 OK   00025_sp05_incident_event_time.sql (3.28ms)
2026/10/09 10:10:51 OK   00026_sp05_source_binding_lock.sql (3.26ms)
2026/10/09 10:10:51 OK   00027_sp05_rca_and_poll.sql (8.04ms)
2026/10/09 10:10:51 OK   00028_sp05_operator_lock.sql (3.31ms)
2026/10/09 10:10:51 OK   00029_sp05_evidence_links.sql (14.59ms)
2026/10/09 10:10:51 OK   00030_sp05_recipe_fence.sql (3.53ms)
2026/10/09 10:10:51 OK   00031_sp05_rca_postcheck.sql (3.14ms)
2026/10/09 10:10:51 OK   00032_sp05_transport_audit.sql (2.88ms)
2026/10/09 10:10:51 OK   00033_sp05_poll_resolution_clock.sql (2.89ms)
2026/10/09 10:10:51 OK   00034_sp06_investigation_ledger.sql (15.35ms)
2026/10/09 10:10:51 OK   00035_sp06_admission_data_classes.sql (2.91ms)
2026/10/09 10:10:51 OK   00036_sp07_command_binding.sql (16.72ms)
2026/10/09 10:10:51 OK   00037_sp07_worker_authority.sql (3.23ms)
2026/10/09 10:10:51 goose: successfully migrated database to version: 37
    migrations_test.go:436: retained owned integration database=sp03_mig_797572eaf02f4ce09db19229756286de test=TestSP07CommandTransactionAndClaim reason=audit.records; no automatic protected cleanup
--- PASS: TestSP07CommandTransactionAndClaim (0.76s)
PASS
ok  	ops-platform/test/integration	1.927s
