=== RUN   TestSP07CommandTransactionAndClaim
2026/10/09 14:10:08 OK   00001_roles_and_schemas.sql (60.31ms)
2026/10/09 14:10:08 goose: successfully migrated database to version: 1
2026/10/09 14:10:09 OK   00002_platform_meta.sql (84.46ms)
2026/10/09 14:10:09 OK   00003_finding.sql (21.66ms)
2026/10/09 14:10:09 OK   00004_incident.sql (23.03ms)
2026/10/09 14:10:09 OK   00005_investigation.sql (21.04ms)
2026/10/09 14:10:09 OK   00006_action_command.sql (59.28ms)
2026/10/09 14:10:09 OK   00007_audit.sql (15.12ms)
2026/10/09 14:10:09 OK   00008_rls.sql (11.3ms)
2026/10/09 14:10:09 OK   00009_idempotency_ledger.sql (58.26ms)
2026/10/09 14:10:09 OK   00010_tenant_provisioning.sql (7.99ms)
2026/10/09 14:10:09 OK   00011_source_registration_history.sql (16.62ms)
2026/10/09 14:10:09 OK   00012_config_registry_lifecycle.sql (30.42ms)
2026/10/09 14:10:09 OK   00013_audit_signed_segments.sql (47.13ms)
2026/10/09 14:10:09 OK   00014_audit_segment_predecessors.sql (22.1ms)
2026/10/09 14:10:09 OK   00015_source_schema_scope.sql (26.22ms)
2026/10/09 14:10:09 OK   00016_cluster_registration_metadata.sql (59.52ms)
2026/10/09 14:10:09 OK   00017_source_data_scope.sql (16.5ms)
2026/10/09 14:10:09 OK   00018_sp04_resources_evidence.sql (105.38ms)
2026/10/09 14:10:09 OK   00019_sp04_archive_ciphertext_bytes.sql (49.58ms)
2026/10/09 14:10:09 OK   00020_sp04_request_ledger.sql (5.49ms)
2026/10/09 14:10:09 OK   00021_sp04_archive_protection.sql (18.26ms)
2026/10/09 14:10:09 OK   00022_sp04_legal_hold_dependencies.sql (29.27ms)
2026/10/09 14:10:09 OK   00023_sp04_archive_query_intent.sql (2.87ms)
2026/10/09 14:10:09 OK   00024_sp05_finding_incident.sql (40.49ms)
2026/10/09 14:10:09 OK   00025_sp05_incident_event_time.sql (5.2ms)
2026/10/09 14:10:09 OK   00026_sp05_source_binding_lock.sql (3.22ms)
2026/10/09 14:10:09 OK   00027_sp05_rca_and_poll.sql (6.68ms)
2026/10/09 14:10:09 OK   00028_sp05_operator_lock.sql (3.33ms)
2026/10/09 14:10:09 OK   00029_sp05_evidence_links.sql (21.04ms)
2026/10/09 14:10:09 OK   00030_sp05_recipe_fence.sql (8.24ms)
2026/10/09 14:10:09 OK   00031_sp05_rca_postcheck.sql (5.99ms)
2026/10/09 14:10:09 OK   00032_sp05_transport_audit.sql (5.09ms)
2026/10/09 14:10:09 OK   00033_sp05_poll_resolution_clock.sql (4.52ms)
2026/10/09 14:10:09 OK   00034_sp06_investigation_ledger.sql (62.24ms)
2026/10/09 14:10:10 OK   00035_sp06_admission_data_classes.sql (35.83ms)
2026/10/09 14:10:10 OK   00036_sp07_command_binding.sql (38.4ms)
2026/10/09 14:10:10 OK   00037_sp07_worker_authority.sql (6.28ms)
2026/10/09 14:10:10 goose: successfully migrated database to version: 37
    migrations_test.go:436: retained owned integration database=sp03_mig_cd303778c2194fccaf905d350b4cd0ec test=TestSP07CommandTransactionAndClaim reason=audit.records; no automatic protected cleanup
--- PASS: TestSP07CommandTransactionAndClaim (4.06s)
PASS
ok  	ops-platform/test/integration	5.696s
