=== RUN   TestSP07CommandTransactionAndClaim
2026/10/09 14:44:18 OK   00001_roles_and_schemas.sql (111.35ms)
2026/10/09 14:44:18 goose: successfully migrated database to version: 1
2026/10/09 14:44:18 OK   00002_platform_meta.sql (30.08ms)
2026/10/09 14:44:18 OK   00003_finding.sql (32.71ms)
2026/10/09 14:44:18 OK   00004_incident.sql (18.22ms)
2026/10/09 14:44:18 OK   00005_investigation.sql (30ms)
2026/10/09 14:44:18 OK   00006_action_command.sql (25.09ms)
2026/10/09 14:44:18 OK   00007_audit.sql (20.07ms)
2026/10/09 14:44:18 OK   00008_rls.sql (30.19ms)
2026/10/09 14:44:18 OK   00009_idempotency_ledger.sql (36.11ms)
2026/10/09 14:44:18 OK   00010_tenant_provisioning.sql (11.15ms)
2026/10/09 14:44:18 OK   00011_source_registration_history.sql (48.79ms)
2026/10/09 14:44:18 OK   00012_config_registry_lifecycle.sql (42.83ms)
2026/10/09 14:44:18 OK   00013_audit_signed_segments.sql (72.51ms)
2026/10/09 14:44:18 OK   00014_audit_segment_predecessors.sql (11.9ms)
2026/10/09 14:44:18 OK   00015_source_schema_scope.sql (7.24ms)
2026/10/09 14:44:18 OK   00016_cluster_registration_metadata.sql (12.46ms)
2026/10/09 14:44:18 OK   00017_source_data_scope.sql (15.67ms)
2026/10/09 14:44:18 OK   00018_sp04_resources_evidence.sql (42.59ms)
2026/10/09 14:44:18 OK   00019_sp04_archive_ciphertext_bytes.sql (6.53ms)
2026/10/09 14:44:18 OK   00020_sp04_request_ledger.sql (25.5ms)
2026/10/09 14:44:18 OK   00021_sp04_archive_protection.sql (19.75ms)
2026/10/09 14:44:18 OK   00022_sp04_legal_hold_dependencies.sql (9.48ms)
2026/10/09 14:44:18 OK   00023_sp04_archive_query_intent.sql (3.19ms)
2026/10/09 14:44:18 OK   00024_sp05_finding_incident.sql (36.11ms)
2026/10/09 14:44:18 OK   00025_sp05_incident_event_time.sql (8.69ms)
2026/10/09 14:44:18 OK   00026_sp05_source_binding_lock.sql (27.63ms)
2026/10/09 14:44:18 OK   00027_sp05_rca_and_poll.sql (19.87ms)
2026/10/09 14:44:18 OK   00028_sp05_operator_lock.sql (41.08ms)
2026/10/09 14:44:18 OK   00029_sp05_evidence_links.sql (9.89ms)
2026/10/09 14:44:18 OK   00030_sp05_recipe_fence.sql (4.22ms)
2026/10/09 14:44:18 OK   00031_sp05_rca_postcheck.sql (4.63ms)
2026/10/09 14:44:18 OK   00032_sp05_transport_audit.sql (4.84ms)
2026/10/09 14:44:18 OK   00033_sp05_poll_resolution_clock.sql (10.72ms)
2026/10/09 14:44:19 OK   00034_sp06_investigation_ledger.sql (50.59ms)
2026/10/09 14:44:19 OK   00035_sp06_admission_data_classes.sql (19.16ms)
2026/10/09 14:44:19 OK   00036_sp07_command_binding.sql (90.47ms)
2026/10/09 14:44:19 OK   00037_sp07_worker_authority.sql (4.74ms)
2026/10/09 14:44:19 goose: successfully migrated database to version: 37
    sp07_command_test.go:212: SSE disclosed 0 events after first-event withdrawal; want one
    sp07_command_test.go:215: SSE write was not bounded by verified token expiry
    migrations_test.go:436: retained owned integration database=sp03_mig_9b786eb3be654c889513396ca289f34f test=TestSP07CommandTransactionAndClaim reason=audit.records; no automatic protected cleanup
--- FAIL: TestSP07CommandTransactionAndClaim (3.24s)
FAIL
FAIL	ops-platform/test/integration	4.934s
FAIL
