=== RUN   TestSP07CommandTransactionAndClaim
2026/10/09 14:07:38 OK   00001_roles_and_schemas.sql (48.6ms)
2026/10/09 14:07:38 goose: successfully migrated database to version: 1
2026/10/09 14:07:38 OK   00002_platform_meta.sql (47.32ms)
2026/10/09 14:07:38 OK   00003_finding.sql (34.11ms)
2026/10/09 14:07:38 OK   00004_incident.sql (8.18ms)
2026/10/09 14:07:38 OK   00005_investigation.sql (31.3ms)
2026/10/09 14:07:38 OK   00006_action_command.sql (19.8ms)
2026/10/09 14:07:38 OK   00007_audit.sql (26.4ms)
2026/10/09 14:07:38 OK   00008_rls.sql (26.54ms)
2026/10/09 14:07:38 OK   00009_idempotency_ledger.sql (18.66ms)
2026/10/09 14:07:38 OK   00010_tenant_provisioning.sql (25.82ms)
2026/10/09 14:07:38 OK   00011_source_registration_history.sql (18.64ms)
2026/10/09 14:07:38 OK   00012_config_registry_lifecycle.sql (17.24ms)
2026/10/09 14:07:38 OK   00013_audit_signed_segments.sql (51.11ms)
2026/10/09 14:07:38 OK   00014_audit_segment_predecessors.sql (43.58ms)
2026/10/09 14:07:38 OK   00015_source_schema_scope.sql (7ms)
2026/10/09 14:07:38 OK   00016_cluster_registration_metadata.sql (22.75ms)
2026/10/09 14:07:38 OK   00017_source_data_scope.sql (20.37ms)
2026/10/09 14:07:38 OK   00018_sp04_resources_evidence.sql (67.79ms)
2026/10/09 14:07:38 OK   00019_sp04_archive_ciphertext_bytes.sql (31.25ms)
2026/10/09 14:07:38 OK   00020_sp04_request_ledger.sql (24.9ms)
2026/10/09 14:07:38 OK   00021_sp04_archive_protection.sql (7.36ms)
2026/10/09 14:07:38 OK   00022_sp04_legal_hold_dependencies.sql (5.15ms)
2026/10/09 14:07:38 OK   00023_sp04_archive_query_intent.sql (8.5ms)
2026/10/09 14:07:38 OK   00024_sp05_finding_incident.sql (51.93ms)
2026/10/09 14:07:38 OK   00025_sp05_incident_event_time.sql (6.44ms)
2026/10/09 14:07:38 OK   00026_sp05_source_binding_lock.sql (7.1ms)
2026/10/09 14:07:38 OK   00027_sp05_rca_and_poll.sql (24.9ms)
2026/10/09 14:07:38 OK   00028_sp05_operator_lock.sql (6.84ms)
2026/10/09 14:07:38 OK   00029_sp05_evidence_links.sql (12.25ms)
2026/10/09 14:07:39 OK   00030_sp05_recipe_fence.sql (31.95ms)
2026/10/09 14:07:39 OK   00031_sp05_rca_postcheck.sql (6.86ms)
2026/10/09 14:07:39 OK   00032_sp05_transport_audit.sql (15.16ms)
2026/10/09 14:07:39 OK   00033_sp05_poll_resolution_clock.sql (4.85ms)
2026/10/09 14:07:39 OK   00034_sp06_investigation_ledger.sql (105.45ms)
2026/10/09 14:07:39 OK   00035_sp06_admission_data_classes.sql (10.9ms)
2026/10/09 14:07:39 OK   00036_sp07_command_binding.sql (85.7ms)
2026/10/09 14:07:39 OK   00037_sp07_worker_authority.sql (12.11ms)
2026/10/09 14:07:39 goose: successfully migrated database to version: 37
    sp07_command_test.go:90: assess ERROR: new row for relation "assessments" violates check constraint "assessments_check" (SQLSTATE 23514)
    migrations_test.go:436: retained owned integration database=sp03_mig_7bce08c9598f47c8acfefd45519c2c28 test=TestSP07CommandTransactionAndClaim reason=audit.records; no automatic protected cleanup
--- FAIL: TestSP07CommandTransactionAndClaim (2.00s)
FAIL
FAIL	ops-platform/test/integration	3.612s
FAIL
