=== RUN   TestSP07CommandTransactionAndClaim
2026/10/09 09:09:54 OK   00001_roles_and_schemas.sql (18.04ms)
2026/10/09 09:09:54 goose: successfully migrated database to version: 1
2026/10/09 09:09:54 OK   00002_platform_meta.sql (21.55ms)
2026/10/09 09:09:54 OK   00003_finding.sql (8.85ms)
2026/10/09 09:09:54 OK   00004_incident.sql (4.94ms)
2026/10/09 09:09:54 OK   00005_investigation.sql (6.59ms)
2026/10/09 09:09:54 OK   00006_action_command.sql (5.78ms)
2026/10/09 09:09:54 OK   00007_audit.sql (9.16ms)
2026/10/09 09:09:54 OK   00008_rls.sql (12.68ms)
2026/10/09 09:09:54 OK   00009_idempotency_ledger.sql (15.88ms)
2026/10/09 09:09:54 OK   00010_tenant_provisioning.sql (5.42ms)
2026/10/09 09:09:54 OK   00011_source_registration_history.sql (6.43ms)
2026/10/09 09:09:54 OK   00012_config_registry_lifecycle.sql (8.59ms)
2026/10/09 09:09:54 OK   00013_audit_signed_segments.sql (10.52ms)
2026/10/09 09:09:54 OK   00014_audit_segment_predecessors.sql (4.82ms)
2026/10/09 09:09:54 OK   00015_source_schema_scope.sql (4.6ms)
2026/10/09 09:09:54 OK   00016_cluster_registration_metadata.sql (5.12ms)
2026/10/09 09:09:54 OK   00017_source_data_scope.sql (4.02ms)
2026/10/09 09:09:54 OK   00018_sp04_resources_evidence.sql (11.34ms)
2026/10/09 09:09:54 OK   00019_sp04_archive_ciphertext_bytes.sql (4.08ms)
2026/10/09 09:09:54 OK   00020_sp04_request_ledger.sql (4.62ms)
2026/10/09 09:09:54 OK   00021_sp04_archive_protection.sql (4.61ms)
2026/10/09 09:09:54 OK   00022_sp04_legal_hold_dependencies.sql (3.33ms)
2026/10/09 09:09:54 OK   00023_sp04_archive_query_intent.sql (3.69ms)
2026/10/09 09:09:54 OK   00024_sp05_finding_incident.sql (14.04ms)
2026/10/09 09:09:54 OK   00025_sp05_incident_event_time.sql (4.07ms)
2026/10/09 09:09:54 OK   00026_sp05_source_binding_lock.sql (12.32ms)
2026/10/09 09:09:54 OK   00027_sp05_rca_and_poll.sql (13.87ms)
2026/10/09 09:09:54 OK   00028_sp05_operator_lock.sql (6.64ms)
2026/10/09 09:09:54 OK   00029_sp05_evidence_links.sql (10.75ms)
2026/10/09 09:09:54 OK   00030_sp05_recipe_fence.sql (5.78ms)
2026/10/09 09:09:54 OK   00031_sp05_rca_postcheck.sql (3.66ms)
2026/10/09 09:09:54 OK   00032_sp05_transport_audit.sql (2.44ms)
2026/10/09 09:09:54 OK   00033_sp05_poll_resolution_clock.sql (2.58ms)
2026/10/09 09:09:54 OK   00034_sp06_investigation_ledger.sql (13.76ms)
2026/10/09 09:09:54 OK   00035_sp06_admission_data_classes.sql (2.91ms)
2026/10/09 09:09:54 OK   00036_sp07_command_binding.sql (22.42ms)
2026/10/09 09:09:54 goose: successfully migrated database to version: 36
    migrations_test.go:436: retained owned integration database=sp03_mig_80554ecee6a94c399fd7c595678b6dc7 test=TestSP07CommandTransactionAndClaim reason=audit.records; no automatic protected cleanup
--- PASS: TestSP07CommandTransactionAndClaim (0.64s)
PASS
ok  	ops-platform/test/integration	1.734s
