=== RUN   TestSP07CommandTransactionAndClaim
2026/10/09 08:44:18 OK   00001_roles_and_schemas.sql (8.81ms)
2026/10/09 08:44:18 goose: successfully migrated database to version: 1
2026/10/09 08:44:18 OK   00002_platform_meta.sql (15.58ms)
2026/10/09 08:44:18 OK   00003_finding.sql (5.76ms)
2026/10/09 08:44:18 OK   00004_incident.sql (4.37ms)
2026/10/09 08:44:18 OK   00005_investigation.sql (4.69ms)
2026/10/09 08:44:18 OK   00006_action_command.sql (5.41ms)
2026/10/09 08:44:18 OK   00007_audit.sql (6.74ms)
2026/10/09 08:44:18 OK   00008_rls.sql (6.61ms)
2026/10/09 08:44:18 OK   00009_idempotency_ledger.sql (5.07ms)
2026/10/09 08:44:18 OK   00010_tenant_provisioning.sql (2.99ms)
2026/10/09 08:44:18 OK   00011_source_registration_history.sql (4.39ms)
2026/10/09 08:44:18 OK   00012_config_registry_lifecycle.sql (6.96ms)
2026/10/09 08:44:18 OK   00013_audit_signed_segments.sql (10.03ms)
2026/10/09 08:44:18 OK   00014_audit_segment_predecessors.sql (5.56ms)
2026/10/09 08:44:18 OK   00015_source_schema_scope.sql (3.23ms)
2026/10/09 08:44:18 OK   00016_cluster_registration_metadata.sql (4.58ms)
2026/10/09 08:44:18 OK   00017_source_data_scope.sql (3.99ms)
2026/10/09 08:44:18 OK   00018_sp04_resources_evidence.sql (14.28ms)
2026/10/09 08:44:18 OK   00019_sp04_archive_ciphertext_bytes.sql (3.76ms)
2026/10/09 08:44:18 OK   00020_sp04_request_ledger.sql (4.24ms)
2026/10/09 08:44:18 OK   00021_sp04_archive_protection.sql (3.66ms)
2026/10/09 08:44:18 OK   00022_sp04_legal_hold_dependencies.sql (2.78ms)
2026/10/09 08:44:18 OK   00023_sp04_archive_query_intent.sql (3.21ms)
2026/10/09 08:44:18 OK   00024_sp05_finding_incident.sql (11.35ms)
2026/10/09 08:44:18 OK   00025_sp05_incident_event_time.sql (2.33ms)
2026/10/09 08:44:18 OK   00026_sp05_source_binding_lock.sql (2.59ms)
2026/10/09 08:44:18 OK   00027_sp05_rca_and_poll.sql (5.31ms)
2026/10/09 08:44:18 OK   00028_sp05_operator_lock.sql (3.74ms)
2026/10/09 08:44:18 OK   00029_sp05_evidence_links.sql (5.05ms)
2026/10/09 08:44:18 OK   00030_sp05_recipe_fence.sql (3.58ms)
2026/10/09 08:44:18 OK   00031_sp05_rca_postcheck.sql (4.11ms)
2026/10/09 08:44:18 OK   00032_sp05_transport_audit.sql (3.15ms)
2026/10/09 08:44:18 OK   00033_sp05_poll_resolution_clock.sql (2.69ms)
2026/10/09 08:44:18 OK   00034_sp06_investigation_ledger.sql (25.2ms)
2026/10/09 08:44:18 OK   00035_sp06_admission_data_classes.sql (3.28ms)
2026/10/09 08:44:18 OK   00036_sp07_command_binding.sql (11.51ms)
2026/10/09 08:44:18 goose: successfully migrated database to version: 36
    migrations_test.go:436: retained owned integration database=sp03_mig_cddedde794de4324958b5f77df90fbae test=TestSP07CommandTransactionAndClaim reason=audit.records; no automatic protected cleanup
--- PASS: TestSP07CommandTransactionAndClaim (0.62s)
PASS
ok  	ops-platform/test/integration	1.768s
