=== RUN   TestSP07CommandTransactionAndClaim
2026/10/09 14:08:54 OK   00001_roles_and_schemas.sql (54.79ms)
2026/10/09 14:08:54 goose: successfully migrated database to version: 1
2026/10/09 14:08:54 OK   00002_platform_meta.sql (40.28ms)
2026/10/09 14:08:54 OK   00003_finding.sql (18.37ms)
2026/10/09 14:08:54 OK   00004_incident.sql (14.04ms)
2026/10/09 14:08:54 OK   00005_investigation.sql (12.21ms)
2026/10/09 14:08:54 OK   00006_action_command.sql (19.1ms)
2026/10/09 14:08:54 OK   00007_audit.sql (18.15ms)
2026/10/09 14:08:54 OK   00008_rls.sql (12.44ms)
2026/10/09 14:08:54 OK   00009_idempotency_ledger.sql (19.9ms)
2026/10/09 14:08:54 OK   00010_tenant_provisioning.sql (11.58ms)
2026/10/09 14:08:54 OK   00011_source_registration_history.sql (9.76ms)
2026/10/09 14:08:55 OK   00012_config_registry_lifecycle.sql (26.39ms)
2026/10/09 14:08:55 OK   00013_audit_signed_segments.sql (20.45ms)
2026/10/09 14:08:55 OK   00014_audit_segment_predecessors.sql (24.53ms)
2026/10/09 14:08:55 OK   00015_source_schema_scope.sql (3.85ms)
2026/10/09 14:08:55 OK   00016_cluster_registration_metadata.sql (4.2ms)
2026/10/09 14:08:55 OK   00017_source_data_scope.sql (6.65ms)
2026/10/09 14:08:55 OK   00018_sp04_resources_evidence.sql (37.62ms)
2026/10/09 14:08:55 OK   00019_sp04_archive_ciphertext_bytes.sql (3.79ms)
2026/10/09 14:08:55 OK   00020_sp04_request_ledger.sql (6.51ms)
2026/10/09 14:08:55 OK   00021_sp04_archive_protection.sql (7.44ms)
2026/10/09 14:08:55 OK   00022_sp04_legal_hold_dependencies.sql (10.11ms)
2026/10/09 14:08:55 OK   00023_sp04_archive_query_intent.sql (4.56ms)
2026/10/09 14:08:55 OK   00024_sp05_finding_incident.sql (57.08ms)
2026/10/09 14:08:55 OK   00025_sp05_incident_event_time.sql (6.96ms)
2026/10/09 14:08:55 OK   00026_sp05_source_binding_lock.sql (6.48ms)
2026/10/09 14:08:55 OK   00027_sp05_rca_and_poll.sql (11.89ms)
2026/10/09 14:08:55 OK   00028_sp05_operator_lock.sql (13.17ms)
2026/10/09 14:08:55 OK   00029_sp05_evidence_links.sql (26.26ms)
2026/10/09 14:08:55 OK   00030_sp05_recipe_fence.sql (3.16ms)
2026/10/09 14:08:55 OK   00031_sp05_rca_postcheck.sql (3.1ms)
2026/10/09 14:08:55 OK   00032_sp05_transport_audit.sql (5.8ms)
2026/10/09 14:08:55 OK   00033_sp05_poll_resolution_clock.sql (8.02ms)
2026/10/09 14:08:55 OK   00034_sp06_investigation_ledger.sql (61.38ms)
2026/10/09 14:08:55 OK   00035_sp06_admission_data_classes.sql (7.68ms)
2026/10/09 14:08:55 OK   00036_sp07_command_binding.sql (28.15ms)
2026/10/09 14:08:55 OK   00037_sp07_worker_authority.sql (5.1ms)
2026/10/09 14:08:55 goose: successfully migrated database to version: 37
    sp07_command_test.go:271: command request denied
    migrations_test.go:436: retained owned integration database=sp03_mig_3097b5a3555841dab8ea4338cc2e4a99 test=TestSP07CommandTransactionAndClaim reason=audit.records; no automatic protected cleanup
--- FAIL: TestSP07CommandTransactionAndClaim (1.70s)
FAIL
FAIL	ops-platform/test/integration	3.036s
FAIL
