=== RUN   TestSP07CommandTransactionAndClaim
2026/10/09 09:04:17 OK   00001_roles_and_schemas.sql (14.18ms)
2026/10/09 09:04:17 goose: successfully migrated database to version: 1
2026/10/09 09:04:17 OK   00002_platform_meta.sql (16.2ms)
2026/10/09 09:04:17 OK   00003_finding.sql (7.69ms)
2026/10/09 09:04:17 OK   00004_incident.sql (5.47ms)
2026/10/09 09:04:17 OK   00005_investigation.sql (7.95ms)
2026/10/09 09:04:17 OK   00006_action_command.sql (5.77ms)
2026/10/09 09:04:17 OK   00007_audit.sql (8.91ms)
2026/10/09 09:04:17 OK   00008_rls.sql (8.23ms)
2026/10/09 09:04:17 OK   00009_idempotency_ledger.sql (6.92ms)
2026/10/09 09:04:17 OK   00010_tenant_provisioning.sql (6.56ms)
2026/10/09 09:04:17 OK   00011_source_registration_history.sql (6.04ms)
2026/10/09 09:04:17 OK   00012_config_registry_lifecycle.sql (7.97ms)
2026/10/09 09:04:17 OK   00013_audit_signed_segments.sql (11.05ms)
2026/10/09 09:04:17 OK   00014_audit_segment_predecessors.sql (4.73ms)
2026/10/09 09:04:17 OK   00015_source_schema_scope.sql (3.43ms)
2026/10/09 09:04:17 OK   00016_cluster_registration_metadata.sql (6.32ms)
2026/10/09 09:04:17 OK   00017_source_data_scope.sql (3.23ms)
2026/10/09 09:04:17 OK   00018_sp04_resources_evidence.sql (11.2ms)
2026/10/09 09:04:17 OK   00019_sp04_archive_ciphertext_bytes.sql (4.41ms)
2026/10/09 09:04:17 OK   00020_sp04_request_ledger.sql (5.77ms)
2026/10/09 09:04:17 OK   00021_sp04_archive_protection.sql (3.38ms)
2026/10/09 09:04:17 OK   00022_sp04_legal_hold_dependencies.sql (4.07ms)
2026/10/09 09:04:17 OK   00023_sp04_archive_query_intent.sql (3.1ms)
2026/10/09 09:04:17 OK   00024_sp05_finding_incident.sql (13.29ms)
2026/10/09 09:04:17 OK   00025_sp05_incident_event_time.sql (2.97ms)
2026/10/09 09:04:17 OK   00026_sp05_source_binding_lock.sql (3.61ms)
2026/10/09 09:04:17 OK   00027_sp05_rca_and_poll.sql (7.49ms)
2026/10/09 09:04:17 OK   00028_sp05_operator_lock.sql (5.2ms)
2026/10/09 09:04:17 OK   00029_sp05_evidence_links.sql (5.62ms)
2026/10/09 09:04:17 OK   00030_sp05_recipe_fence.sql (3.38ms)
2026/10/09 09:04:17 OK   00031_sp05_rca_postcheck.sql (3.34ms)
2026/10/09 09:04:17 OK   00032_sp05_transport_audit.sql (3.44ms)
2026/10/09 09:04:17 OK   00033_sp05_poll_resolution_clock.sql (4.05ms)
2026/10/09 09:04:17 OK   00034_sp06_investigation_ledger.sql (17.26ms)
2026/10/09 09:04:17 OK   00035_sp06_admission_data_classes.sql (3.06ms)
2026/10/09 09:04:17 OK   00036_sp07_command_binding.sql (16.25ms)
2026/10/09 09:04:17 goose: successfully migrated database to version: 36
    migrations_test.go:436: retained owned integration database=sp03_mig_9ebe94623b1d408f9ca0562167a9c56e test=TestSP07CommandTransactionAndClaim reason=audit.records; no automatic protected cleanup
--- PASS: TestSP07CommandTransactionAndClaim (0.54s)
PASS
ok  	ops-platform/test/integration	2.948s
