=== RUN   TestSP07CommandTransactionAndClaim
2026/10/09 09:43:48 OK   00001_roles_and_schemas.sql (8.07ms)
2026/10/09 09:43:48 goose: successfully migrated database to version: 1
2026/10/09 09:43:48 OK   00002_platform_meta.sql (14.46ms)
2026/10/09 09:43:48 OK   00003_finding.sql (6.09ms)
2026/10/09 09:43:48 OK   00004_incident.sql (4.25ms)
2026/10/09 09:43:48 OK   00005_investigation.sql (5.04ms)
2026/10/09 09:43:48 OK   00006_action_command.sql (4.84ms)
2026/10/09 09:43:48 OK   00007_audit.sql (6.69ms)
2026/10/09 09:43:48 OK   00008_rls.sql (6.75ms)
2026/10/09 09:43:48 OK   00009_idempotency_ledger.sql (5.66ms)
2026/10/09 09:43:48 OK   00010_tenant_provisioning.sql (3.67ms)
2026/10/09 09:43:48 OK   00011_source_registration_history.sql (4.99ms)
2026/10/09 09:43:48 OK   00012_config_registry_lifecycle.sql (8.28ms)
2026/10/09 09:43:48 OK   00013_audit_signed_segments.sql (9.85ms)
2026/10/09 09:43:48 OK   00014_audit_segment_predecessors.sql (4.61ms)
2026/10/09 09:43:48 OK   00015_source_schema_scope.sql (2.49ms)
2026/10/09 09:43:48 OK   00016_cluster_registration_metadata.sql (3.12ms)
2026/10/09 09:43:48 OK   00017_source_data_scope.sql (3.08ms)
2026/10/09 09:43:48 OK   00018_sp04_resources_evidence.sql (11.09ms)
2026/10/09 09:43:48 OK   00019_sp04_archive_ciphertext_bytes.sql (3.7ms)
2026/10/09 09:43:48 OK   00020_sp04_request_ledger.sql (4.87ms)
2026/10/09 09:43:48 OK   00021_sp04_archive_protection.sql (3.76ms)
2026/10/09 09:43:48 OK   00022_sp04_legal_hold_dependencies.sql (3.54ms)
2026/10/09 09:43:48 OK   00023_sp04_archive_query_intent.sql (3.32ms)
2026/10/09 09:43:48 OK   00024_sp05_finding_incident.sql (13.18ms)
2026/10/09 09:43:48 OK   00025_sp05_incident_event_time.sql (3.49ms)
2026/10/09 09:43:48 OK   00026_sp05_source_binding_lock.sql (3.9ms)
2026/10/09 09:43:48 OK   00027_sp05_rca_and_poll.sql (6.95ms)
2026/10/09 09:43:48 OK   00028_sp05_operator_lock.sql (4.1ms)
2026/10/09 09:43:48 OK   00029_sp05_evidence_links.sql (5.72ms)
2026/10/09 09:43:48 OK   00030_sp05_recipe_fence.sql (2.62ms)
2026/10/09 09:43:48 OK   00031_sp05_rca_postcheck.sql (2.21ms)
2026/10/09 09:43:48 OK   00032_sp05_transport_audit.sql (2.92ms)
2026/10/09 09:43:48 OK   00033_sp05_poll_resolution_clock.sql (3.73ms)
2026/10/09 09:43:48 OK   00034_sp06_investigation_ledger.sql (14.47ms)
2026/10/09 09:43:48 OK   00035_sp06_admission_data_classes.sql (2.51ms)
2026/10/09 09:43:48 OK   00036_sp07_command_binding.sql (13.89ms)
2026/10/09 09:43:48 goose: successfully migrated database to version: 36
    migrations_test.go:436: retained owned integration database=sp03_mig_10090d28d982465a940712c0642d1ccc test=TestSP07CommandTransactionAndClaim reason=audit.records; no automatic protected cleanup
--- PASS: TestSP07CommandTransactionAndClaim (0.60s)
PASS
ok  	ops-platform/test/integration	1.869s
