=== RUN   TestSP07CommandTransactionAndClaim
2026/10/09 08:43:37 OK   00001_roles_and_schemas.sql (8.5ms)
2026/10/09 08:43:37 goose: successfully migrated database to version: 1
2026/10/09 08:43:37 OK   00002_platform_meta.sql (16.33ms)
2026/10/09 08:43:37 OK   00003_finding.sql (6.69ms)
2026/10/09 08:43:37 OK   00004_incident.sql (4.45ms)
2026/10/09 08:43:37 OK   00005_investigation.sql (5.2ms)
2026/10/09 08:43:37 OK   00006_action_command.sql (4.11ms)
2026/10/09 08:43:37 OK   00007_audit.sql (6.55ms)
2026/10/09 08:43:37 OK   00008_rls.sql (6.01ms)
2026/10/09 08:43:37 OK   00009_idempotency_ledger.sql (4.8ms)
2026/10/09 08:43:37 OK   00010_tenant_provisioning.sql (2.96ms)
2026/10/09 08:43:37 OK   00011_source_registration_history.sql (4.41ms)
2026/10/09 08:43:37 OK   00012_config_registry_lifecycle.sql (6.23ms)
2026/10/09 08:43:37 OK   00013_audit_signed_segments.sql (8.08ms)
2026/10/09 08:43:38 OK   00014_audit_segment_predecessors.sql (4ms)
2026/10/09 08:43:38 OK   00015_source_schema_scope.sql (2.34ms)
2026/10/09 08:43:38 OK   00016_cluster_registration_metadata.sql (3.1ms)
2026/10/09 08:43:38 OK   00017_source_data_scope.sql (2.72ms)
2026/10/09 08:43:38 OK   00018_sp04_resources_evidence.sql (9.31ms)
2026/10/09 08:43:38 OK   00019_sp04_archive_ciphertext_bytes.sql (2.31ms)
2026/10/09 08:43:38 OK   00020_sp04_request_ledger.sql (3.24ms)
2026/10/09 08:43:38 OK   00021_sp04_archive_protection.sql (3.18ms)
2026/10/09 08:43:38 OK   00022_sp04_legal_hold_dependencies.sql (2.81ms)
2026/10/09 08:43:38 OK   00023_sp04_archive_query_intent.sql (2.77ms)
2026/10/09 08:43:38 OK   00024_sp05_finding_incident.sql (11.99ms)
2026/10/09 08:43:38 OK   00025_sp05_incident_event_time.sql (2.68ms)
2026/10/09 08:43:38 OK   00026_sp05_source_binding_lock.sql (3.04ms)
2026/10/09 08:43:38 OK   00027_sp05_rca_and_poll.sql (5.95ms)
2026/10/09 08:43:38 OK   00028_sp05_operator_lock.sql (3.2ms)
2026/10/09 08:43:38 OK   00029_sp05_evidence_links.sql (4.4ms)
2026/10/09 08:43:38 OK   00030_sp05_recipe_fence.sql (3.33ms)
2026/10/09 08:43:38 OK   00031_sp05_rca_postcheck.sql (3.26ms)
2026/10/09 08:43:38 OK   00032_sp05_transport_audit.sql (3.27ms)
2026/10/09 08:43:38 OK   00033_sp05_poll_resolution_clock.sql (3.87ms)
2026/10/09 08:43:38 OK   00034_sp06_investigation_ledger.sql (15.65ms)
2026/10/09 08:43:38 OK   00035_sp06_admission_data_classes.sql (2.61ms)
2026/10/09 08:43:38 OK   00036_sp07_command_binding.sql (10.15ms)
2026/10/09 08:43:38 goose: successfully migrated database to version: 36
    sp07_command_test.go:89: assess command request denied
    migrations_test.go:436: retained owned integration database=sp03_mig_f99f6a2fb56f4e2fbc09198e33783833 test=TestSP07CommandTransactionAndClaim reason=audit.records; no automatic protected cleanup
--- FAIL: TestSP07CommandTransactionAndClaim (0.43s)
FAIL
FAIL	ops-platform/test/integration	1.634s
FAIL
