=== RUN   TestSP07CommandTransactionAndClaim
2026/10/09 14:48:50 OK   00001_roles_and_schemas.sql (46.71ms)
2026/10/09 14:48:50 goose: successfully migrated database to version: 1
2026/10/09 14:48:50 OK   00002_platform_meta.sql (121.42ms)
2026/10/09 14:48:50 OK   00003_finding.sql (27.68ms)
2026/10/09 14:48:51 OK   00004_incident.sql (15.19ms)
2026/10/09 14:48:51 OK   00005_investigation.sql (17.99ms)
2026/10/09 14:48:51 OK   00006_action_command.sql (28.21ms)
2026/10/09 14:48:51 OK   00007_audit.sql (17.45ms)
2026/10/09 14:48:51 OK   00008_rls.sql (50.04ms)
2026/10/09 14:48:51 OK   00009_idempotency_ledger.sql (12.98ms)
2026/10/09 14:48:51 OK   00010_tenant_provisioning.sql (32.82ms)
2026/10/09 14:48:51 OK   00011_source_registration_history.sql (7.91ms)
2026/10/09 14:48:51 OK   00012_config_registry_lifecycle.sql (25.72ms)
2026/10/09 14:48:51 OK   00013_audit_signed_segments.sql (33.98ms)
2026/10/09 14:48:51 OK   00014_audit_segment_predecessors.sql (22.44ms)
2026/10/09 14:48:51 OK   00015_source_schema_scope.sql (13.82ms)
2026/10/09 14:48:51 OK   00016_cluster_registration_metadata.sql (7.84ms)
2026/10/09 14:48:51 OK   00017_source_data_scope.sql (13.2ms)
2026/10/09 14:48:51 OK   00018_sp04_resources_evidence.sql (44.51ms)
2026/10/09 14:48:51 OK   00019_sp04_archive_ciphertext_bytes.sql (68.26ms)
2026/10/09 14:48:51 OK   00020_sp04_request_ledger.sql (9.69ms)
2026/10/09 14:48:51 OK   00021_sp04_archive_protection.sql (39.41ms)
2026/10/09 14:48:51 OK   00022_sp04_legal_hold_dependencies.sql (9.96ms)
2026/10/09 14:48:51 OK   00023_sp04_archive_query_intent.sql (5.51ms)
2026/10/09 14:48:51 OK   00024_sp05_finding_incident.sql (43.9ms)
2026/10/09 14:48:51 OK   00025_sp05_incident_event_time.sql (6.23ms)
2026/10/09 14:48:51 OK   00026_sp05_source_binding_lock.sql (9.26ms)
2026/10/09 14:48:51 OK   00027_sp05_rca_and_poll.sql (11.94ms)
2026/10/09 14:48:51 OK   00028_sp05_operator_lock.sql (5.7ms)
2026/10/09 14:48:51 OK   00029_sp05_evidence_links.sql (25.88ms)
2026/10/09 14:48:51 OK   00030_sp05_recipe_fence.sql (5.84ms)
2026/10/09 14:48:51 OK   00031_sp05_rca_postcheck.sql (8.15ms)
2026/10/09 14:48:51 OK   00032_sp05_transport_audit.sql (7.28ms)
2026/10/09 14:48:51 OK   00033_sp05_poll_resolution_clock.sql (4.58ms)
2026/10/09 14:48:51 OK   00034_sp06_investigation_ledger.sql (41.54ms)
2026/10/09 14:48:51 OK   00035_sp06_admission_data_classes.sql (5.58ms)
2026/10/09 14:48:51 OK   00036_sp07_command_binding.sql (32.11ms)
2026/10/09 14:48:51 OK   00037_sp07_worker_authority.sql (28.81ms)
2026/10/09 14:48:51 goose: successfully migrated database to version: 37
    migrations_test.go:436: retained owned integration database=sp03_mig_4d1f3810636044199d0336bdcc30342a test=TestSP07CommandTransactionAndClaim reason=audit.records; no automatic protected cleanup
--- PASS: TestSP07CommandTransactionAndClaim (3.37s)
PASS
ok  	ops-platform/test/integration	5.071s
