=== RUN   TestSP07CommandTransactionAndClaim
2026/10/09 09:40:37 OK   00001_roles_and_schemas.sql (13.46ms)
2026/10/09 09:40:37 goose: successfully migrated database to version: 1
2026/10/09 09:40:37 OK   00002_platform_meta.sql (18.1ms)
2026/10/09 09:40:37 OK   00003_finding.sql (7.26ms)
2026/10/09 09:40:37 OK   00004_incident.sql (6ms)
2026/10/09 09:40:37 OK   00005_investigation.sql (6.07ms)
2026/10/09 09:40:37 OK   00006_action_command.sql (5.75ms)
2026/10/09 09:40:37 OK   00007_audit.sql (8.66ms)
2026/10/09 09:40:37 OK   00008_rls.sql (7.48ms)
2026/10/09 09:40:37 OK   00009_idempotency_ledger.sql (5.51ms)
2026/10/09 09:40:37 OK   00010_tenant_provisioning.sql (3.7ms)
2026/10/09 09:40:37 OK   00011_source_registration_history.sql (5.81ms)
2026/10/09 09:40:37 OK   00012_config_registry_lifecycle.sql (7.28ms)
2026/10/09 09:40:37 OK   00013_audit_signed_segments.sql (9.15ms)
2026/10/09 09:40:37 OK   00014_audit_segment_predecessors.sql (7.43ms)
2026/10/09 09:40:37 OK   00015_source_schema_scope.sql (2.9ms)
2026/10/09 09:40:37 OK   00016_cluster_registration_metadata.sql (4.44ms)
2026/10/09 09:40:37 OK   00017_source_data_scope.sql (3.23ms)
2026/10/09 09:40:37 OK   00018_sp04_resources_evidence.sql (11.8ms)
2026/10/09 09:40:37 OK   00019_sp04_archive_ciphertext_bytes.sql (2.63ms)
2026/10/09 09:40:37 OK   00020_sp04_request_ledger.sql (4.38ms)
2026/10/09 09:40:37 OK   00021_sp04_archive_protection.sql (3.1ms)
2026/10/09 09:40:37 OK   00022_sp04_legal_hold_dependencies.sql (2.99ms)
2026/10/09 09:40:37 OK   00023_sp04_archive_query_intent.sql (3.77ms)
2026/10/09 09:40:37 OK   00024_sp05_finding_incident.sql (14.31ms)
2026/10/09 09:40:37 OK   00025_sp05_incident_event_time.sql (3.98ms)
2026/10/09 09:40:37 OK   00026_sp05_source_binding_lock.sql (3.69ms)
2026/10/09 09:40:37 OK   00027_sp05_rca_and_poll.sql (7.42ms)
2026/10/09 09:40:37 OK   00028_sp05_operator_lock.sql (4.32ms)
2026/10/09 09:40:37 OK   00029_sp05_evidence_links.sql (5.79ms)
2026/10/09 09:40:37 OK   00030_sp05_recipe_fence.sql (3.87ms)
2026/10/09 09:40:37 OK   00031_sp05_rca_postcheck.sql (3.33ms)
2026/10/09 09:40:37 OK   00032_sp05_transport_audit.sql (3.67ms)
2026/10/09 09:40:37 OK   00033_sp05_poll_resolution_clock.sql (4.09ms)
2026/10/09 09:40:37 OK   00034_sp06_investigation_ledger.sql (16.99ms)
2026/10/09 09:40:37 OK   00035_sp06_admission_data_classes.sql (3.84ms)
2026/10/09 09:40:37 OK   00036_sp07_command_binding.sql (17.34ms)
2026/10/09 09:40:37 goose: successfully migrated database to version: 36
    sp07_command_test.go:109: public execution contract validate payload against schema "https://ops.local/schemas/command-execution/v1": jsonschema validation failed with 'https://ops.local/schemas/command-execution/v1#'
        - at '/suggestionMatchVersion': 'bash-target/v1-mvdan-3.14.1' does not match pattern '^[A-Za-z0-9][A-Za-z0-9._:-]*$'
    migrations_test.go:436: retained owned integration database=sp03_mig_e08db3caa1f44e6d90a0fd95984d108e test=TestSP07CommandTransactionAndClaim reason=audit.records; no automatic protected cleanup
--- FAIL: TestSP07CommandTransactionAndClaim (0.52s)
FAIL
FAIL	ops-platform/test/integration	1.672s
FAIL
