=== RUN   TestSP07CommandTransactionAndClaim
2026/10/09 09:42:35 OK   00001_roles_and_schemas.sql (15.99ms)
2026/10/09 09:42:35 goose: successfully migrated database to version: 1
2026/10/09 09:42:35 OK   00002_platform_meta.sql (40.74ms)
2026/10/09 09:42:35 OK   00003_finding.sql (11.36ms)
2026/10/09 09:42:35 OK   00004_incident.sql (6.69ms)
2026/10/09 09:42:35 OK   00005_investigation.sql (6.58ms)
2026/10/09 09:42:35 OK   00006_action_command.sql (11.92ms)
2026/10/09 09:42:35 OK   00007_audit.sql (13.86ms)
2026/10/09 09:42:35 OK   00008_rls.sql (9.48ms)
2026/10/09 09:42:35 OK   00009_idempotency_ledger.sql (6.16ms)
2026/10/09 09:42:35 OK   00010_tenant_provisioning.sql (3.31ms)
2026/10/09 09:42:35 OK   00011_source_registration_history.sql (5.81ms)
2026/10/09 09:42:35 OK   00012_config_registry_lifecycle.sql (9.63ms)
2026/10/09 09:42:35 OK   00013_audit_signed_segments.sql (8.91ms)
2026/10/09 09:42:35 OK   00014_audit_segment_predecessors.sql (5.81ms)
2026/10/09 09:42:35 OK   00015_source_schema_scope.sql (3.16ms)
2026/10/09 09:42:35 OK   00016_cluster_registration_metadata.sql (6.92ms)
2026/10/09 09:42:35 OK   00017_source_data_scope.sql (4.55ms)
2026/10/09 09:42:35 OK   00018_sp04_resources_evidence.sql (13.58ms)
2026/10/09 09:42:35 OK   00019_sp04_archive_ciphertext_bytes.sql (3.71ms)
2026/10/09 09:42:35 OK   00020_sp04_request_ledger.sql (3.81ms)
2026/10/09 09:42:35 OK   00021_sp04_archive_protection.sql (3.29ms)
2026/10/09 09:42:35 OK   00022_sp04_legal_hold_dependencies.sql (2.05ms)
2026/10/09 09:42:35 OK   00023_sp04_archive_query_intent.sql (2.43ms)
2026/10/09 09:42:35 OK   00024_sp05_finding_incident.sql (14.4ms)
2026/10/09 09:42:35 OK   00025_sp05_incident_event_time.sql (2.53ms)
2026/10/09 09:42:35 OK   00026_sp05_source_binding_lock.sql (2.92ms)
2026/10/09 09:42:35 OK   00027_sp05_rca_and_poll.sql (6.24ms)
2026/10/09 09:42:35 OK   00028_sp05_operator_lock.sql (3.48ms)
2026/10/09 09:42:35 OK   00029_sp05_evidence_links.sql (4.4ms)
2026/10/09 09:42:35 OK   00030_sp05_recipe_fence.sql (2.95ms)
2026/10/09 09:42:35 OK   00031_sp05_rca_postcheck.sql (2.3ms)
2026/10/09 09:42:35 OK   00032_sp05_transport_audit.sql (2.62ms)
2026/10/09 09:42:35 OK   00033_sp05_poll_resolution_clock.sql (3.94ms)
2026/10/09 09:42:35 OK   00034_sp06_investigation_ledger.sql (30.4ms)
2026/10/09 09:42:35 OK   00035_sp06_admission_data_classes.sql (5.36ms)
2026/10/09 09:42:35 OK   00036_sp07_command_binding.sql (20.56ms)
2026/10/09 09:42:35 goose: successfully migrated database to version: 36
    sp07_command_test.go:207: ERROR: new row for relation "risk_acknowledgements" violates check constraint "risk_acknowledgements_check" (SQLSTATE 23514)
    migrations_test.go:436: retained owned integration database=sp03_mig_a106aadc908d4b38ba705cfdb2f79f56 test=TestSP07CommandTransactionAndClaim reason=audit.records; no automatic protected cleanup
--- FAIL: TestSP07CommandTransactionAndClaim (0.77s)
FAIL
FAIL	ops-platform/test/integration	1.969s
FAIL
