=== RUN   TestSP06JobLeaseReplayAndAtomicBudget
2026/10/09 14:24:25 OK   00001_roles_and_schemas.sql (149.88ms)
2026/10/09 14:24:25 goose: successfully migrated database to version: 1
2026/10/09 14:24:26 OK   00002_platform_meta.sql (98.61ms)
2026/10/09 14:24:26 OK   00003_finding.sql (89.46ms)
2026/10/09 14:24:26 OK   00004_incident.sql (16.08ms)
2026/10/09 14:24:26 OK   00005_investigation.sql (17.74ms)
2026/10/09 14:24:26 OK   00006_action_command.sql (12.24ms)
2026/10/09 14:24:26 OK   00007_audit.sql (37.54ms)
2026/10/09 14:24:26 OK   00008_rls.sql (25.94ms)
2026/10/09 14:24:26 OK   00009_idempotency_ledger.sql (48.08ms)
2026/10/09 14:24:26 OK   00010_tenant_provisioning.sql (29.66ms)
2026/10/09 14:24:26 OK   00011_source_registration_history.sql (37.15ms)
2026/10/09 14:24:26 OK   00012_config_registry_lifecycle.sql (36.5ms)
2026/10/09 14:24:26 OK   00013_audit_signed_segments.sql (23.32ms)
2026/10/09 14:24:26 OK   00014_audit_segment_predecessors.sql (19.87ms)
2026/10/09 14:24:26 OK   00015_source_schema_scope.sql (9.18ms)
2026/10/09 14:24:26 OK   00016_cluster_registration_metadata.sql (12.59ms)
2026/10/09 14:24:26 OK   00017_source_data_scope.sql (7.86ms)
2026/10/09 14:24:26 OK   00018_sp04_resources_evidence.sql (41.53ms)
2026/10/09 14:24:26 OK   00019_sp04_archive_ciphertext_bytes.sql (18.95ms)
2026/10/09 14:24:26 OK   00020_sp04_request_ledger.sql (26.2ms)
2026/10/09 14:24:26 OK   00021_sp04_archive_protection.sql (25.69ms)
2026/10/09 14:24:26 OK   00022_sp04_legal_hold_dependencies.sql (23.58ms)
2026/10/09 14:24:26 OK   00023_sp04_archive_query_intent.sql (11.74ms)
2026/10/09 14:24:26 OK   00024_sp05_finding_incident.sql (104.99ms)
2026/10/09 14:24:26 OK   00025_sp05_incident_event_time.sql (25.98ms)
2026/10/09 14:24:26 OK   00026_sp05_source_binding_lock.sql (15.32ms)
2026/10/09 14:24:26 OK   00027_sp05_rca_and_poll.sql (32.65ms)
2026/10/09 14:24:26 OK   00028_sp05_operator_lock.sql (14.92ms)
2026/10/09 14:24:27 OK   00029_sp05_evidence_links.sql (53.17ms)
2026/10/09 14:24:27 OK   00030_sp05_recipe_fence.sql (29.18ms)
2026/10/09 14:24:27 OK   00031_sp05_rca_postcheck.sql (116.55ms)
2026/10/09 14:24:27 OK   00032_sp05_transport_audit.sql (43.15ms)
2026/10/09 14:24:27 OK   00033_sp05_poll_resolution_clock.sql (106.69ms)
2026/10/09 14:24:27 OK   00034_sp06_investigation_ledger.sql (128.94ms)
2026/10/09 14:24:27 OK   00035_sp06_admission_data_classes.sql (8.86ms)
2026/10/09 14:24:27 OK   00036_sp07_command_binding.sql (40.43ms)
2026/10/09 14:24:27 OK   00037_sp07_worker_authority.sql (5.79ms)
2026/10/09 14:24:27 goose: successfully migrated database to version: 37
    migrations_test.go:436: retained owned integration database=sp03_mig_a9060b1ece1d42a796e7f31865ed27f8 test=TestSP06JobLeaseReplayAndAtomicBudget reason=audit.records; no automatic protected cleanup
--- PASS: TestSP06JobLeaseReplayAndAtomicBudget (2.96s)
=== RUN   TestSP06StandardMCPToolStateReplayAndDenialMatrix
2026/10/09 14:24:28 OK   00001_roles_and_schemas.sql (37.28ms)
2026/10/09 14:24:28 goose: successfully migrated database to version: 1
2026/10/09 14:24:29 OK   00002_platform_meta.sql (268.78ms)
2026/10/09 14:24:29 OK   00003_finding.sql (164.19ms)
2026/10/09 14:24:29 OK   00004_incident.sql (16.2ms)
2026/10/09 14:24:29 OK   00005_investigation.sql (13.94ms)
2026/10/09 14:24:29 OK   00006_action_command.sql (18.89ms)
2026/10/09 14:24:29 OK   00007_audit.sql (72.2ms)
2026/10/09 14:24:29 OK   00008_rls.sql (71.12ms)
2026/10/09 14:24:29 OK   00009_idempotency_ledger.sql (39.85ms)
2026/10/09 14:24:29 OK   00010_tenant_provisioning.sql (30.96ms)
2026/10/09 14:24:29 OK   00011_source_registration_history.sql (32.12ms)
2026/10/09 14:24:29 OK   00012_config_registry_lifecycle.sql (53.37ms)
2026/10/09 14:24:29 OK   00013_audit_signed_segments.sql (126.19ms)
2026/10/09 14:24:29 OK   00014_audit_segment_predecessors.sql (9.24ms)
2026/10/09 14:24:29 OK   00015_source_schema_scope.sql (9.8ms)
2026/10/09 14:24:29 OK   00016_cluster_registration_metadata.sql (8.71ms)
2026/10/09 14:24:29 OK   00017_source_data_scope.sql (9.69ms)
2026/10/09 14:24:29 OK   00018_sp04_resources_evidence.sql (28.05ms)
2026/10/09 14:24:30 OK   00019_sp04_archive_ciphertext_bytes.sql (8.48ms)
2026/10/09 14:24:30 OK   00020_sp04_request_ledger.sql (11.19ms)
2026/10/09 14:24:30 OK   00021_sp04_archive_protection.sql (5.78ms)
2026/10/09 14:24:30 OK   00022_sp04_legal_hold_dependencies.sql (6.87ms)
2026/10/09 14:24:30 OK   00023_sp04_archive_query_intent.sql (12.17ms)
2026/10/09 14:24:30 OK   00024_sp05_finding_incident.sql (212.52ms)
2026/10/09 14:24:30 OK   00025_sp05_incident_event_time.sql (59.04ms)
2026/10/09 14:24:30 OK   00026_sp05_source_binding_lock.sql (107.21ms)
2026/10/09 14:24:30 OK   00027_sp05_rca_and_poll.sql (142.51ms)
2026/10/09 14:24:30 OK   00028_sp05_operator_lock.sql (86.11ms)
2026/10/09 14:24:30 OK   00029_sp05_evidence_links.sql (51.21ms)
2026/10/09 14:24:30 OK   00030_sp05_recipe_fence.sql (12.98ms)
2026/10/09 14:24:30 OK   00031_sp05_rca_postcheck.sql (40.22ms)
2026/10/09 14:24:30 OK   00032_sp05_transport_audit.sql (28.6ms)
2026/10/09 14:24:30 OK   00033_sp05_poll_resolution_clock.sql (16.48ms)
2026/10/09 14:24:30 OK   00034_sp06_investigation_ledger.sql (127.03ms)
2026/10/09 14:24:30 OK   00035_sp06_admission_data_classes.sql (10.15ms)
2026/10/09 14:24:31 OK   00036_sp07_command_binding.sql (122.63ms)
2026/10/09 14:24:31 OK   00037_sp07_worker_authority.sql (21.02ms)
2026/10/09 14:24:31 goose: successfully migrated database to version: 37
    sp06_mcp_test.go:242: 15 tools x succeeded/partial/degraded/current-denied with official Streamable HTTP, real Transit and PostgreSQL; disabled VM and unregistered writes remain unavailable
    migrations_test.go:436: retained owned integration database=sp03_mig_64e0deb47cd24f62b0f9aa10a55ad0d0 test=TestSP06StandardMCPToolStateReplayAndDenialMatrix reason=audit.records; no automatic protected cleanup
--- PASS: TestSP06StandardMCPToolStateReplayAndDenialMatrix (30.86s)
=== RUN   TestSP06RecoveryNonceTransactionAndValidator
2026/10/09 14:24:59 OK   00001_roles_and_schemas.sql (11.1ms)
2026/10/09 14:24:59 goose: successfully migrated database to version: 1
2026/10/09 14:24:59 OK   00002_platform_meta.sql (52.16ms)
2026/10/09 14:24:59 OK   00003_finding.sql (9.34ms)
2026/10/09 14:24:59 OK   00004_incident.sql (8.58ms)
2026/10/09 14:24:59 OK   00005_investigation.sql (13.24ms)
2026/10/09 14:24:59 OK   00006_action_command.sql (9.47ms)
2026/10/09 14:24:59 OK   00007_audit.sql (10.49ms)
2026/10/09 14:24:59 OK   00008_rls.sql (10.58ms)
2026/10/09 14:24:59 OK   00009_idempotency_ledger.sql (9.92ms)
2026/10/09 14:24:59 OK   00010_tenant_provisioning.sql (6.63ms)
2026/10/09 14:24:59 OK   00011_source_registration_history.sql (9.71ms)
2026/10/09 14:24:59 OK   00012_config_registry_lifecycle.sql (11.06ms)
2026/10/09 14:24:59 OK   00013_audit_signed_segments.sql (11.47ms)
2026/10/09 14:24:59 OK   00014_audit_segment_predecessors.sql (28.32ms)
2026/10/09 14:24:59 OK   00015_source_schema_scope.sql (18.34ms)
2026/10/09 14:24:59 OK   00016_cluster_registration_metadata.sql (12.07ms)
2026/10/09 14:24:59 OK   00017_source_data_scope.sql (19.62ms)
2026/10/09 14:24:59 OK   00018_sp04_resources_evidence.sql (52.89ms)
2026/10/09 14:24:59 OK   00019_sp04_archive_ciphertext_bytes.sql (8.33ms)
2026/10/09 14:24:59 OK   00020_sp04_request_ledger.sql (7.4ms)
2026/10/09 14:24:59 OK   00021_sp04_archive_protection.sql (11.77ms)
2026/10/09 14:24:59 OK   00022_sp04_legal_hold_dependencies.sql (4.26ms)
2026/10/09 14:24:59 OK   00023_sp04_archive_query_intent.sql (3.43ms)
2026/10/09 14:24:59 OK   00024_sp05_finding_incident.sql (33.05ms)
2026/10/09 14:25:00 OK   00025_sp05_incident_event_time.sql (11.98ms)
2026/10/09 14:25:00 OK   00026_sp05_source_binding_lock.sql (7.76ms)
2026/10/09 14:25:00 OK   00027_sp05_rca_and_poll.sql (14.5ms)
2026/10/09 14:25:00 OK   00028_sp05_operator_lock.sql (6.69ms)
2026/10/09 14:25:00 OK   00029_sp05_evidence_links.sql (38.91ms)
2026/10/09 14:25:00 OK   00030_sp05_recipe_fence.sql (5.08ms)
2026/10/09 14:25:00 OK   00031_sp05_rca_postcheck.sql (3ms)
2026/10/09 14:25:00 OK   00032_sp05_transport_audit.sql (3.25ms)
2026/10/09 14:25:00 OK   00033_sp05_poll_resolution_clock.sql (30.67ms)
2026/10/09 14:25:00 OK   00034_sp06_investigation_ledger.sql (75.46ms)
2026/10/09 14:25:00 OK   00035_sp06_admission_data_classes.sql (3.91ms)
2026/10/09 14:25:00 OK   00036_sp07_command_binding.sql (42.25ms)
2026/10/09 14:25:00 OK   00037_sp07_worker_authority.sql (16.88ms)
2026/10/09 14:25:00 goose: successfully migrated database to version: 37
    migrations_test.go:436: retained owned integration database=sp03_mig_79c38e21727348a1b54e7831005a39be test=TestSP06RecoveryNonceTransactionAndValidator reason=audit.records; no automatic protected cleanup
--- PASS: TestSP06RecoveryNonceTransactionAndValidator (2.09s)
=== RUN   TestSP06CancelExpireAndCurrentRevocation
2026/10/09 14:25:01 OK   00001_roles_and_schemas.sql (44.13ms)
2026/10/09 14:25:01 goose: successfully migrated database to version: 1
2026/10/09 14:25:01 OK   00002_platform_meta.sql (87.13ms)
2026/10/09 14:25:01 OK   00003_finding.sql (55.88ms)
2026/10/09 14:25:02 OK   00004_incident.sql (42.87ms)
2026/10/09 14:25:02 OK   00005_investigation.sql (16.54ms)
2026/10/09 14:25:02 OK   00006_action_command.sql (28.02ms)
2026/10/09 14:25:02 OK   00007_audit.sql (67.77ms)
2026/10/09 14:25:02 OK   00008_rls.sql (59.66ms)
2026/10/09 14:25:02 OK   00009_idempotency_ledger.sql (26.37ms)
2026/10/09 14:25:02 OK   00010_tenant_provisioning.sql (21.36ms)
2026/10/09 14:25:02 OK   00011_source_registration_history.sql (37.44ms)
2026/10/09 14:25:02 OK   00012_config_registry_lifecycle.sql (14.53ms)
2026/10/09 14:25:02 OK   00013_audit_signed_segments.sql (53.54ms)
2026/10/09 14:25:02 OK   00014_audit_segment_predecessors.sql (14.22ms)
2026/10/09 14:25:02 OK   00015_source_schema_scope.sql (11.79ms)
2026/10/09 14:25:02 OK   00016_cluster_registration_metadata.sql (12.38ms)
2026/10/09 14:25:02 OK   00017_source_data_scope.sql (7.05ms)
2026/10/09 14:25:02 OK   00018_sp04_resources_evidence.sql (30.29ms)
2026/10/09 14:25:02 OK   00019_sp04_archive_ciphertext_bytes.sql (40.67ms)
2026/10/09 14:25:02 OK   00020_sp04_request_ledger.sql (10.08ms)
2026/10/09 14:25:02 OK   00021_sp04_archive_protection.sql (5.62ms)
2026/10/09 14:25:02 OK   00022_sp04_legal_hold_dependencies.sql (13.68ms)
2026/10/09 14:25:02 OK   00023_sp04_archive_query_intent.sql (19.76ms)
2026/10/09 14:25:02 OK   00024_sp05_finding_incident.sql (75.17ms)
2026/10/09 14:25:02 OK   00025_sp05_incident_event_time.sql (39.44ms)
2026/10/09 14:25:02 OK   00026_sp05_source_binding_lock.sql (30.83ms)
2026/10/09 14:25:02 OK   00027_sp05_rca_and_poll.sql (63.11ms)
2026/10/09 14:25:02 OK   00028_sp05_operator_lock.sql (17.6ms)
2026/10/09 14:25:02 OK   00029_sp05_evidence_links.sql (96.02ms)
2026/10/09 14:25:02 OK   00030_sp05_recipe_fence.sql (19.67ms)
2026/10/09 14:25:02 OK   00031_sp05_rca_postcheck.sql (11.52ms)
2026/10/09 14:25:02 OK   00032_sp05_transport_audit.sql (42.07ms)
2026/10/09 14:25:02 OK   00033_sp05_poll_resolution_clock.sql (33.2ms)
2026/10/09 14:25:03 OK   00034_sp06_investigation_ledger.sql (125.82ms)
2026/10/09 14:25:03 OK   00035_sp06_admission_data_classes.sql (9.99ms)
2026/10/09 14:25:03 OK   00036_sp07_command_binding.sql (250.82ms)
2026/10/09 14:25:03 OK   00037_sp07_worker_authority.sql (14.98ms)
2026/10/09 14:25:03 goose: successfully migrated database to version: 37
    migrations_test.go:436: retained owned integration database=sp03_mig_691f3bb52e354ba59eae3e05580ae557 test=TestSP06CancelExpireAndCurrentRevocation reason=audit.records; no automatic protected cleanup
--- PASS: TestSP06CancelExpireAndCurrentRevocation (3.56s)
=== RUN   TestSP06ConcurrentRecoveryReadsAtomicBudget
2026/10/09 14:25:05 OK   00001_roles_and_schemas.sql (269.4ms)
2026/10/09 14:25:05 goose: successfully migrated database to version: 1
2026/10/09 14:25:06 OK   00002_platform_meta.sql (234.68ms)
2026/10/09 14:25:06 OK   00003_finding.sql (50.32ms)
2026/10/09 14:25:06 OK   00004_incident.sql (95.2ms)
2026/10/09 14:25:06 OK   00005_investigation.sql (82.29ms)
2026/10/09 14:25:06 OK   00006_action_command.sql (34.9ms)
2026/10/09 14:25:06 OK   00007_audit.sql (173.98ms)
2026/10/09 14:25:06 OK   00008_rls.sql (190.45ms)
2026/10/09 14:25:06 OK   00009_idempotency_ledger.sql (83.12ms)
2026/10/09 14:25:06 OK   00010_tenant_provisioning.sql (75.17ms)
2026/10/09 14:25:06 OK   00011_source_registration_history.sql (148.38ms)
2026/10/09 14:25:07 OK   00012_config_registry_lifecycle.sql (114.23ms)
2026/10/09 14:25:07 OK   00013_audit_signed_segments.sql (226.8ms)
2026/10/09 14:25:07 OK   00014_audit_segment_predecessors.sql (70.3ms)
2026/10/09 14:25:07 OK   00015_source_schema_scope.sql (126.38ms)
2026/10/09 14:25:07 OK   00016_cluster_registration_metadata.sql (77.18ms)
2026/10/09 14:25:07 OK   00017_source_data_scope.sql (146.17ms)
2026/10/09 14:25:07 OK   00018_sp04_resources_evidence.sql (161.55ms)
2026/10/09 14:25:07 OK   00019_sp04_archive_ciphertext_bytes.sql (78.03ms)
2026/10/09 14:25:08 OK   00020_sp04_request_ledger.sql (80.31ms)
2026/10/09 14:25:08 OK   00021_sp04_archive_protection.sql (140.86ms)
2026/10/09 14:25:08 OK   00022_sp04_legal_hold_dependencies.sql (102.59ms)
2026/10/09 14:25:08 OK   00023_sp04_archive_query_intent.sql (64.56ms)
2026/10/09 14:25:08 OK   00024_sp05_finding_incident.sql (133.15ms)
2026/10/09 14:25:08 OK   00025_sp05_incident_event_time.sql (43.61ms)
2026/10/09 14:25:08 OK   00026_sp05_source_binding_lock.sql (88.98ms)
2026/10/09 14:25:08 OK   00027_sp05_rca_and_poll.sql (46.85ms)
2026/10/09 14:25:08 OK   00028_sp05_operator_lock.sql (13.14ms)
2026/10/09 14:25:08 OK   00029_sp05_evidence_links.sql (47.53ms)
2026/10/09 14:25:08 OK   00030_sp05_recipe_fence.sql (90.06ms)
2026/10/09 14:25:08 OK   00031_sp05_rca_postcheck.sql (20.93ms)
2026/10/09 14:25:08 OK   00032_sp05_transport_audit.sql (68.98ms)
2026/10/09 14:25:08 OK   00033_sp05_poll_resolution_clock.sql (7.34ms)
2026/10/09 14:25:09 OK   00034_sp06_investigation_ledger.sql (155.88ms)
2026/10/09 14:25:09 OK   00035_sp06_admission_data_classes.sql (91.93ms)
2026/10/09 14:25:09 OK   00036_sp07_command_binding.sql (173.7ms)
2026/10/09 14:25:09 OK   00037_sp07_worker_authority.sql (46.15ms)
2026/10/09 14:25:09 goose: successfully migrated database to version: 37
    migrations_test.go:436: retained owned integration database=sp03_mig_9e458535d7e44106a2fb27b111227daf test=TestSP06ConcurrentRecoveryReadsAtomicBudget reason=audit.records; no automatic protected cleanup
--- PASS: TestSP06ConcurrentRecoveryReadsAtomicBudget (5.53s)
=== RUN   TestSP06ActualCurrentRCARecommendationValidator
2026/10/09 14:25:10 OK   00001_roles_and_schemas.sql (59.74ms)
2026/10/09 14:25:10 goose: successfully migrated database to version: 1
2026/10/09 14:25:11 OK   00002_platform_meta.sql (120.19ms)
2026/10/09 14:25:11 OK   00003_finding.sql (68.2ms)
2026/10/09 14:25:11 OK   00004_incident.sql (12.47ms)
2026/10/09 14:25:11 OK   00005_investigation.sql (34.2ms)
2026/10/09 14:25:11 OK   00006_action_command.sql (65.06ms)
2026/10/09 14:25:11 OK   00007_audit.sql (50.8ms)
2026/10/09 14:25:11 OK   00008_rls.sql (25.84ms)
2026/10/09 14:25:11 OK   00009_idempotency_ledger.sql (31.07ms)
2026/10/09 14:25:11 OK   00010_tenant_provisioning.sql (11.14ms)
2026/10/09 14:25:11 OK   00011_source_registration_history.sql (31.41ms)
2026/10/09 14:25:11 OK   00012_config_registry_lifecycle.sql (47.5ms)
2026/10/09 14:25:11 OK   00013_audit_signed_segments.sql (36.57ms)
2026/10/09 14:25:11 OK   00014_audit_segment_predecessors.sql (47.39ms)
2026/10/09 14:25:11 OK   00015_source_schema_scope.sql (11.07ms)
2026/10/09 14:25:11 OK   00016_cluster_registration_metadata.sql (35.54ms)
2026/10/09 14:25:11 OK   00017_source_data_scope.sql (17.7ms)
2026/10/09 14:25:11 OK   00018_sp04_resources_evidence.sql (161.48ms)
2026/10/09 14:25:11 OK   00019_sp04_archive_ciphertext_bytes.sql (35.15ms)
2026/10/09 14:25:11 OK   00020_sp04_request_ledger.sql (67.11ms)
2026/10/09 14:25:11 OK   00021_sp04_archive_protection.sql (93.87ms)
2026/10/09 14:25:11 OK   00022_sp04_legal_hold_dependencies.sql (11.19ms)
2026/10/09 14:25:11 OK   00023_sp04_archive_query_intent.sql (24.12ms)
2026/10/09 14:25:12 OK   00024_sp05_finding_incident.sql (72.64ms)
2026/10/09 14:25:12 OK   00025_sp05_incident_event_time.sql (31.89ms)
2026/10/09 14:25:12 OK   00026_sp05_source_binding_lock.sql (7.86ms)
2026/10/09 14:25:12 OK   00027_sp05_rca_and_poll.sql (74.08ms)
2026/10/09 14:25:12 OK   00028_sp05_operator_lock.sql (30.75ms)
2026/10/09 14:25:12 OK   00029_sp05_evidence_links.sql (26.78ms)
2026/10/09 14:25:12 OK   00030_sp05_recipe_fence.sql (5.38ms)
2026/10/09 14:25:12 OK   00031_sp05_rca_postcheck.sql (4.35ms)
2026/10/09 14:25:12 OK   00032_sp05_transport_audit.sql (15.36ms)
2026/10/09 14:25:12 OK   00033_sp05_poll_resolution_clock.sql (15.59ms)
2026/10/09 14:25:12 OK   00034_sp06_investigation_ledger.sql (38.2ms)
2026/10/09 14:25:12 OK   00035_sp06_admission_data_classes.sql (16.83ms)
2026/10/09 14:25:12 OK   00036_sp07_command_binding.sql (29.1ms)
2026/10/09 14:25:12 OK   00037_sp07_worker_authority.sql (12.43ms)
2026/10/09 14:25:12 goose: successfully migrated database to version: 37
    archive_iam_test.go:42: owned TLS/IAM fixture image=docker.io/chrislusf/seaweedfs@sha256:d4cf67729aa8777e1a43a5b61d72e5b96179e4b7bac9a221cb14cbc2036cb32e id=77f003dd9238e98085f932f42fc12dec1990edfea9911aee0a03ee820255712e bucket=sp05-golden-1d5ab479 tenants=1
    sp05_golden_vertical_test.go:338: actual signed OPA/SDK/domain binding tool=get_dependencies state=succeeded partial=false refs=0
    sp05_golden_vertical_test.go:338: actual signed OPA/SDK/domain binding tool=get_evidence_conflicts state=succeeded partial=false refs=0
    sp05_golden_vertical_test.go:338: actual signed OPA/SDK/domain binding tool=get_findings state=succeeded partial=false refs=1
    sp05_golden_vertical_test.go:338: actual signed OPA/SDK/domain binding tool=get_impact_scope state=succeeded partial=false refs=0
    sp05_golden_vertical_test.go:338: actual signed OPA/SDK/domain binding tool=get_incident_context state=succeeded partial=false refs=1
    sp05_golden_vertical_test.go:338: actual signed OPA/SDK/domain binding tool=get_ranked_evidence state=succeeded partial=false refs=2
    sp05_golden_vertical_test.go:338: actual signed OPA/SDK/domain binding tool=get_recent_changes state=succeeded partial=false refs=0
    sp05_golden_vertical_test.go:338: actual signed OPA/SDK/domain binding tool=get_resource_context state=succeeded partial=false refs=0
    sp05_golden_vertical_test.go:338: actual signed OPA/SDK/domain binding tool=get_resource_health state=succeeded partial=false refs=0
    sp05_golden_vertical_test.go:338: actual signed OPA/SDK/domain binding tool=get_root_cause_candidates state=succeeded partial=false refs=2
    sp05_golden_vertical_test.go:338: actual signed OPA/SDK/domain binding tool=query_deepflow state=degraded partial=true refs=0
    sp05_golden_vertical_test.go:338: actual signed OPA/SDK/domain binding tool=query_hardware state=degraded partial=true refs=0
    sp05_golden_vertical_test.go:338: actual signed OPA/SDK/domain binding tool=query_kubernetes state=succeeded partial=false refs=0
    sp05_golden_vertical_test.go:338: actual signed OPA/SDK/domain binding tool=query_logs state=degraded partial=true refs=0
    sp05_golden_vertical_test.go:338: actual signed OPA/SDK/domain binding tool=query_metrics state=degraded partial=true refs=0
    sp05_golden_vertical_test.go:338: valid recommendation rejected:  invalid command request
    archive_iam_test.go:155: retained owned Archive fixture id=77f003dd9238e98085f932f42fc12dec1990edfea9911aee0a03ee820255712e label=3901d83d-7e62-4222-af56-7eac5a09040a bucket=sp05-golden-1d5ab479 private-material-directory=/Users/mssc/.local/state/ops/sp07-20261009/protected-final-correctness/archive-iam-3137663931; process stopped, no storage/identity deletion
    migrations_test.go:436: retained owned integration database=sp03_mig_9acba041ce5f425595c64c3db14d602e test=TestSP06ActualCurrentRCARecommendationValidator reason=audit.records; no automatic protected cleanup
--- FAIL: TestSP06ActualCurrentRCARecommendationValidator (49.09s)
=== RUN   TestSP07CommandTransactionAndClaim
2026/10/09 14:26:00 OK   00001_roles_and_schemas.sql (180.86ms)
2026/10/09 14:26:00 goose: successfully migrated database to version: 1
2026/10/09 14:26:00 OK   00002_platform_meta.sql (312.3ms)
2026/10/09 14:26:00 OK   00003_finding.sql (181.82ms)
2026/10/09 14:26:01 OK   00004_incident.sql (122.46ms)
2026/10/09 14:26:01 OK   00005_investigation.sql (75.54ms)
2026/10/09 14:26:01 OK   00006_action_command.sql (128.32ms)
2026/10/09 14:26:01 OK   00007_audit.sql (23.47ms)
2026/10/09 14:26:01 OK   00008_rls.sql (151.99ms)
2026/10/09 14:26:01 OK   00009_idempotency_ledger.sql (79.51ms)
2026/10/09 14:26:01 OK   00010_tenant_provisioning.sql (111.45ms)
2026/10/09 14:26:01 OK   00011_source_registration_history.sql (128.18ms)
2026/10/09 14:26:01 OK   00012_config_registry_lifecycle.sql (77.2ms)
2026/10/09 14:26:02 OK   00013_audit_signed_segments.sql (486.47ms)
2026/10/09 14:26:02 OK   00014_audit_segment_predecessors.sql (264.52ms)
2026/10/09 14:26:02 OK   00015_source_schema_scope.sql (92.14ms)
2026/10/09 14:26:02 OK   00016_cluster_registration_metadata.sql (88.68ms)
2026/10/09 14:26:02 OK   00017_source_data_scope.sql (133.36ms)
2026/10/09 14:26:03 OK   00018_sp04_resources_evidence.sql (142.5ms)
2026/10/09 14:26:03 OK   00019_sp04_archive_ciphertext_bytes.sql (119.05ms)
2026/10/09 14:26:03 OK   00020_sp04_request_ledger.sql (202.66ms)
2026/10/09 14:26:03 OK   00021_sp04_archive_protection.sql (183.62ms)
2026/10/09 14:26:03 OK   00022_sp04_legal_hold_dependencies.sql (95.19ms)
2026/10/09 14:26:03 OK   00023_sp04_archive_query_intent.sql (61.54ms)
2026/10/09 14:26:03 OK   00024_sp05_finding_incident.sql (158.87ms)
2026/10/09 14:26:04 OK   00025_sp05_incident_event_time.sql (109.45ms)
2026/10/09 14:26:04 OK   00026_sp05_source_binding_lock.sql (129.61ms)
2026/10/09 14:26:04 OK   00027_sp05_rca_and_poll.sql (288.22ms)
2026/10/09 14:26:04 OK   00028_sp05_operator_lock.sql (48.35ms)
2026/10/09 14:26:04 OK   00029_sp05_evidence_links.sql (164.82ms)
2026/10/09 14:26:04 OK   00030_sp05_recipe_fence.sql (151.12ms)
2026/10/09 14:26:04 OK   00031_sp05_rca_postcheck.sql (195.44ms)
2026/10/09 14:26:05 OK   00032_sp05_transport_audit.sql (78.32ms)
2026/10/09 14:26:05 OK   00033_sp05_poll_resolution_clock.sql (56.37ms)
2026/10/09 14:26:05 OK   00034_sp06_investigation_ledger.sql (344.83ms)
2026/10/09 14:26:05 OK   00035_sp06_admission_data_classes.sql (144.02ms)
2026/10/09 14:26:05 OK   00036_sp07_command_binding.sql (363.96ms)
2026/10/09 14:26:06 OK   00037_sp07_worker_authority.sql (107.56ms)
2026/10/09 14:26:06 goose: successfully migrated database to version: 37
    migrations_test.go:436: retained owned integration database=sp03_mig_ac0d65a2ed3745b5b24dd22b43b2453e test=TestSP07CommandTransactionAndClaim reason=audit.records; no automatic protected cleanup
--- PASS: TestSP07CommandTransactionAndClaim (15.08s)
FAIL
FAIL	ops-platform/test/integration	110.417s
FAIL
