=== RUN   TestSP06JobLeaseReplayAndAtomicBudget
2026/10/09 14:20:04 OK   00001_roles_and_schemas.sql (430.71ms)
2026/10/09 14:20:04 goose: successfully migrated database to version: 1
2026/10/09 14:20:04 OK   00002_platform_meta.sql (127.85ms)
2026/10/09 14:20:04 OK   00003_finding.sql (11.13ms)
2026/10/09 14:20:04 OK   00004_incident.sql (42.86ms)
2026/10/09 14:20:04 OK   00005_investigation.sql (70.54ms)
2026/10/09 14:20:04 OK   00006_action_command.sql (28.02ms)
2026/10/09 14:20:04 OK   00007_audit.sql (77.41ms)
2026/10/09 14:20:04 OK   00008_rls.sql (23.97ms)
2026/10/09 14:20:04 OK   00009_idempotency_ledger.sql (29.85ms)
2026/10/09 14:20:04 OK   00010_tenant_provisioning.sql (11.58ms)
2026/10/09 14:20:04 OK   00011_source_registration_history.sql (24.43ms)
2026/10/09 14:20:04 OK   00012_config_registry_lifecycle.sql (22.78ms)
2026/10/09 14:20:04 OK   00013_audit_signed_segments.sql (26.51ms)
2026/10/09 14:20:05 OK   00014_audit_segment_predecessors.sql (36.9ms)
2026/10/09 14:20:05 OK   00015_source_schema_scope.sql (10.81ms)
2026/10/09 14:20:05 OK   00016_cluster_registration_metadata.sql (31.79ms)
2026/10/09 14:20:05 OK   00017_source_data_scope.sql (7.9ms)
2026/10/09 14:20:05 OK   00018_sp04_resources_evidence.sql (40.57ms)
2026/10/09 14:20:05 OK   00019_sp04_archive_ciphertext_bytes.sql (12.71ms)
2026/10/09 14:20:05 OK   00020_sp04_request_ledger.sql (25.39ms)
2026/10/09 14:20:05 OK   00021_sp04_archive_protection.sql (22.82ms)
2026/10/09 14:20:05 OK   00022_sp04_legal_hold_dependencies.sql (6.89ms)
2026/10/09 14:20:05 OK   00023_sp04_archive_query_intent.sql (29.7ms)
2026/10/09 14:20:05 OK   00024_sp05_finding_incident.sql (69.71ms)
2026/10/09 14:20:05 OK   00025_sp05_incident_event_time.sql (23.34ms)
2026/10/09 14:20:05 OK   00026_sp05_source_binding_lock.sql (8ms)
2026/10/09 14:20:05 OK   00027_sp05_rca_and_poll.sql (30.87ms)
2026/10/09 14:20:05 OK   00028_sp05_operator_lock.sql (16.17ms)
2026/10/09 14:20:05 OK   00029_sp05_evidence_links.sql (19.47ms)
2026/10/09 14:20:05 OK   00030_sp05_recipe_fence.sql (5.67ms)
2026/10/09 14:20:05 OK   00031_sp05_rca_postcheck.sql (18.11ms)
2026/10/09 14:20:05 OK   00032_sp05_transport_audit.sql (11.04ms)
2026/10/09 14:20:05 OK   00033_sp05_poll_resolution_clock.sql (53.37ms)
2026/10/09 14:20:05 OK   00034_sp06_investigation_ledger.sql (48.04ms)
2026/10/09 14:20:05 OK   00035_sp06_admission_data_classes.sql (6.74ms)
2026/10/09 14:20:05 OK   00036_sp07_command_binding.sql (48.81ms)
2026/10/09 14:20:05 OK   00037_sp07_worker_authority.sql (8.88ms)
2026/10/09 14:20:05 goose: successfully migrated database to version: 37
    migrations_test.go:436: retained owned integration database=sp03_mig_0e6b332b9e1d42a69a5526e3a01f60fb test=TestSP06JobLeaseReplayAndAtomicBudget reason=audit.records; no automatic protected cleanup
--- PASS: TestSP06JobLeaseReplayAndAtomicBudget (2.55s)
=== RUN   TestSP06StandardMCPToolStateReplayAndDenialMatrix
2026/10/09 14:20:06 OK   00001_roles_and_schemas.sql (44.1ms)
2026/10/09 14:20:06 goose: successfully migrated database to version: 1
2026/10/09 14:20:06 OK   00002_platform_meta.sql (77.95ms)
2026/10/09 14:20:06 OK   00003_finding.sql (27.21ms)
2026/10/09 14:20:06 OK   00004_incident.sql (25.77ms)
2026/10/09 14:20:06 OK   00005_investigation.sql (27.14ms)
2026/10/09 14:20:06 OK   00006_action_command.sql (26.19ms)
2026/10/09 14:20:06 OK   00007_audit.sql (13.97ms)
2026/10/09 14:20:06 OK   00008_rls.sql (34.81ms)
2026/10/09 14:20:06 OK   00009_idempotency_ledger.sql (9.17ms)
2026/10/09 14:20:06 OK   00010_tenant_provisioning.sql (4.44ms)
2026/10/09 14:20:06 OK   00011_source_registration_history.sql (6.01ms)
2026/10/09 14:20:06 OK   00012_config_registry_lifecycle.sql (9.35ms)
2026/10/09 14:20:06 OK   00013_audit_signed_segments.sql (43.9ms)
2026/10/09 14:20:06 OK   00014_audit_segment_predecessors.sql (30.4ms)
2026/10/09 14:20:06 OK   00015_source_schema_scope.sql (24.72ms)
2026/10/09 14:20:06 OK   00016_cluster_registration_metadata.sql (18.99ms)
2026/10/09 14:20:06 OK   00017_source_data_scope.sql (9.84ms)
2026/10/09 14:20:06 OK   00018_sp04_resources_evidence.sql (22.31ms)
2026/10/09 14:20:06 OK   00019_sp04_archive_ciphertext_bytes.sql (14.45ms)
2026/10/09 14:20:06 OK   00020_sp04_request_ledger.sql (12.67ms)
2026/10/09 14:20:06 OK   00021_sp04_archive_protection.sql (4.99ms)
2026/10/09 14:20:06 OK   00022_sp04_legal_hold_dependencies.sql (5.81ms)
2026/10/09 14:20:06 OK   00023_sp04_archive_query_intent.sql (35.81ms)
2026/10/09 14:20:06 OK   00024_sp05_finding_incident.sql (24.36ms)
2026/10/09 14:20:07 OK   00025_sp05_incident_event_time.sql (14.58ms)
2026/10/09 14:20:07 OK   00026_sp05_source_binding_lock.sql (28.54ms)
2026/10/09 14:20:07 OK   00027_sp05_rca_and_poll.sql (23.84ms)
2026/10/09 14:20:07 OK   00028_sp05_operator_lock.sql (20.79ms)
2026/10/09 14:20:07 OK   00029_sp05_evidence_links.sql (18.04ms)
2026/10/09 14:20:07 OK   00030_sp05_recipe_fence.sql (20.16ms)
2026/10/09 14:20:07 OK   00031_sp05_rca_postcheck.sql (5.95ms)
2026/10/09 14:20:07 OK   00032_sp05_transport_audit.sql (6.66ms)
2026/10/09 14:20:07 OK   00033_sp05_poll_resolution_clock.sql (25.2ms)
2026/10/09 14:20:07 OK   00034_sp06_investigation_ledger.sql (61.05ms)
2026/10/09 14:20:07 OK   00035_sp06_admission_data_classes.sql (9.91ms)
2026/10/09 14:20:07 OK   00036_sp07_command_binding.sql (53.44ms)
2026/10/09 14:20:07 OK   00037_sp07_worker_authority.sql (25.24ms)
2026/10/09 14:20:07 goose: successfully migrated database to version: 37
    sp06_mcp_test.go:62: open : no such file or directory
    migrations_test.go:436: retained owned integration database=sp03_mig_ed43b45cff6b485f986c52bcd416b967 test=TestSP06StandardMCPToolStateReplayAndDenialMatrix reason=audit.records; no automatic protected cleanup
--- FAIL: TestSP06StandardMCPToolStateReplayAndDenialMatrix (1.46s)
=== RUN   TestSP06RecoveryNonceTransactionAndValidator
2026/10/09 14:20:08 OK   00001_roles_and_schemas.sql (48.88ms)
2026/10/09 14:20:08 goose: successfully migrated database to version: 1
2026/10/09 14:20:08 OK   00002_platform_meta.sql (78.87ms)
2026/10/09 14:20:08 OK   00003_finding.sql (60.43ms)
2026/10/09 14:20:08 OK   00004_incident.sql (38.84ms)
2026/10/09 14:20:08 OK   00005_investigation.sql (43.38ms)
2026/10/09 14:20:08 OK   00006_action_command.sql (33.45ms)
2026/10/09 14:20:08 OK   00007_audit.sql (28.21ms)
2026/10/09 14:20:08 OK   00008_rls.sql (180.52ms)
2026/10/09 14:20:08 OK   00009_idempotency_ledger.sql (32.49ms)
2026/10/09 14:20:08 OK   00010_tenant_provisioning.sql (18.99ms)
2026/10/09 14:20:08 OK   00011_source_registration_history.sql (33.46ms)
2026/10/09 14:20:08 OK   00012_config_registry_lifecycle.sql (33ms)
2026/10/09 14:20:08 OK   00013_audit_signed_segments.sql (24.91ms)
2026/10/09 14:20:08 OK   00014_audit_segment_predecessors.sql (10.6ms)
2026/10/09 14:20:08 OK   00015_source_schema_scope.sql (31.23ms)
2026/10/09 14:20:08 OK   00016_cluster_registration_metadata.sql (7.31ms)
2026/10/09 14:20:08 OK   00017_source_data_scope.sql (7.94ms)
2026/10/09 14:20:08 OK   00018_sp04_resources_evidence.sql (41.33ms)
2026/10/09 14:20:08 OK   00019_sp04_archive_ciphertext_bytes.sql (22.29ms)
2026/10/09 14:20:08 OK   00020_sp04_request_ledger.sql (7.37ms)
2026/10/09 14:20:08 OK   00021_sp04_archive_protection.sql (7.6ms)
2026/10/09 14:20:08 OK   00022_sp04_legal_hold_dependencies.sql (22.49ms)
2026/10/09 14:20:08 OK   00023_sp04_archive_query_intent.sql (9.07ms)
2026/10/09 14:20:08 OK   00024_sp05_finding_incident.sql (47.24ms)
2026/10/09 14:20:08 OK   00025_sp05_incident_event_time.sql (5.36ms)
2026/10/09 14:20:08 OK   00026_sp05_source_binding_lock.sql (18.43ms)
2026/10/09 14:20:08 OK   00027_sp05_rca_and_poll.sql (32.89ms)
2026/10/09 14:20:08 OK   00028_sp05_operator_lock.sql (33.01ms)
2026/10/09 14:20:08 OK   00029_sp05_evidence_links.sql (8.3ms)
2026/10/09 14:20:08 OK   00030_sp05_recipe_fence.sql (8.36ms)
2026/10/09 14:20:08 OK   00031_sp05_rca_postcheck.sql (18ms)
2026/10/09 14:20:09 OK   00032_sp05_transport_audit.sql (35.41ms)
2026/10/09 14:20:09 OK   00033_sp05_poll_resolution_clock.sql (44.97ms)
2026/10/09 14:20:09 OK   00034_sp06_investigation_ledger.sql (69.56ms)
2026/10/09 14:20:09 OK   00035_sp06_admission_data_classes.sql (8.07ms)
2026/10/09 14:20:09 OK   00036_sp07_command_binding.sql (44.98ms)
2026/10/09 14:20:09 OK   00037_sp07_worker_authority.sql (7.95ms)
2026/10/09 14:20:09 goose: successfully migrated database to version: 37
    migrations_test.go:436: retained owned integration database=sp03_mig_30f7535d8fc8497d89cca01ddbd57ddd test=TestSP06RecoveryNonceTransactionAndValidator reason=audit.records; no automatic protected cleanup
--- PASS: TestSP06RecoveryNonceTransactionAndValidator (2.95s)
=== RUN   TestSP06CancelExpireAndCurrentRevocation
2026/10/09 14:20:10 OK   00001_roles_and_schemas.sql (91.25ms)
2026/10/09 14:20:10 goose: successfully migrated database to version: 1
2026/10/09 14:20:11 OK   00002_platform_meta.sql (115.13ms)
2026/10/09 14:20:11 OK   00003_finding.sql (18.17ms)
2026/10/09 14:20:11 OK   00004_incident.sql (12.66ms)
2026/10/09 14:20:11 OK   00005_investigation.sql (13.44ms)
2026/10/09 14:20:11 OK   00006_action_command.sql (12.85ms)
2026/10/09 14:20:11 OK   00007_audit.sql (13.85ms)
2026/10/09 14:20:11 OK   00008_rls.sql (14.64ms)
2026/10/09 14:20:11 OK   00009_idempotency_ledger.sql (25.16ms)
2026/10/09 14:20:11 OK   00010_tenant_provisioning.sql (14.03ms)
2026/10/09 14:20:11 OK   00011_source_registration_history.sql (8.29ms)
2026/10/09 14:20:11 OK   00012_config_registry_lifecycle.sql (39.92ms)
2026/10/09 14:20:11 OK   00013_audit_signed_segments.sql (39.35ms)
2026/10/09 14:20:11 OK   00014_audit_segment_predecessors.sql (11.31ms)
2026/10/09 14:20:11 OK   00015_source_schema_scope.sql (13.1ms)
2026/10/09 14:20:11 OK   00016_cluster_registration_metadata.sql (15.82ms)
2026/10/09 14:20:11 OK   00017_source_data_scope.sql (6.47ms)
2026/10/09 14:20:11 OK   00018_sp04_resources_evidence.sql (65.84ms)
2026/10/09 14:20:11 OK   00019_sp04_archive_ciphertext_bytes.sql (6.03ms)
2026/10/09 14:20:11 OK   00020_sp04_request_ledger.sql (7.43ms)
2026/10/09 14:20:11 OK   00021_sp04_archive_protection.sql (14.47ms)
2026/10/09 14:20:11 OK   00022_sp04_legal_hold_dependencies.sql (9.31ms)
2026/10/09 14:20:11 OK   00023_sp04_archive_query_intent.sql (5.03ms)
2026/10/09 14:20:11 OK   00024_sp05_finding_incident.sql (23.32ms)
2026/10/09 14:20:11 OK   00025_sp05_incident_event_time.sql (8.49ms)
2026/10/09 14:20:11 OK   00026_sp05_source_binding_lock.sql (4.62ms)
2026/10/09 14:20:11 OK   00027_sp05_rca_and_poll.sql (16.2ms)
2026/10/09 14:20:11 OK   00028_sp05_operator_lock.sql (8.51ms)
2026/10/09 14:20:11 OK   00029_sp05_evidence_links.sql (11.94ms)
2026/10/09 14:20:11 OK   00030_sp05_recipe_fence.sql (24.57ms)
2026/10/09 14:20:11 OK   00031_sp05_rca_postcheck.sql (16.32ms)
2026/10/09 14:20:11 OK   00032_sp05_transport_audit.sql (4.01ms)
2026/10/09 14:20:11 OK   00033_sp05_poll_resolution_clock.sql (7.94ms)
2026/10/09 14:20:11 OK   00034_sp06_investigation_ledger.sql (73.16ms)
2026/10/09 14:20:11 OK   00035_sp06_admission_data_classes.sql (7.72ms)
2026/10/09 14:20:11 OK   00036_sp07_command_binding.sql (33.52ms)
2026/10/09 14:20:11 OK   00037_sp07_worker_authority.sql (10.28ms)
2026/10/09 14:20:11 goose: successfully migrated database to version: 37
    migrations_test.go:436: retained owned integration database=sp03_mig_6db3db79a2344e98b2d019920d648b32 test=TestSP06CancelExpireAndCurrentRevocation reason=audit.records; no automatic protected cleanup
--- PASS: TestSP06CancelExpireAndCurrentRevocation (1.56s)
=== RUN   TestSP06ConcurrentRecoveryReadsAtomicBudget
2026/10/09 14:20:12 OK   00001_roles_and_schemas.sql (21.33ms)
2026/10/09 14:20:12 goose: successfully migrated database to version: 1
2026/10/09 14:20:12 OK   00002_platform_meta.sql (47.08ms)
2026/10/09 14:20:12 OK   00003_finding.sql (8.21ms)
2026/10/09 14:20:12 OK   00004_incident.sql (5.55ms)
2026/10/09 14:20:12 OK   00005_investigation.sql (30.07ms)
2026/10/09 14:20:12 OK   00006_action_command.sql (6.64ms)
2026/10/09 14:20:12 OK   00007_audit.sql (29.28ms)
2026/10/09 14:20:12 OK   00008_rls.sql (29.7ms)
2026/10/09 14:20:12 OK   00009_idempotency_ledger.sql (8.38ms)
2026/10/09 14:20:12 OK   00010_tenant_provisioning.sql (26.83ms)
2026/10/09 14:20:12 OK   00011_source_registration_history.sql (27.41ms)
2026/10/09 14:20:12 OK   00012_config_registry_lifecycle.sql (11.44ms)
2026/10/09 14:20:12 OK   00013_audit_signed_segments.sql (38.83ms)
2026/10/09 14:20:12 OK   00014_audit_segment_predecessors.sql (12.3ms)
2026/10/09 14:20:12 OK   00015_source_schema_scope.sql (17.65ms)
2026/10/09 14:20:12 OK   00016_cluster_registration_metadata.sql (12.38ms)
2026/10/09 14:20:12 OK   00017_source_data_scope.sql (17.18ms)
2026/10/09 14:20:12 OK   00018_sp04_resources_evidence.sql (35.27ms)
2026/10/09 14:20:12 OK   00019_sp04_archive_ciphertext_bytes.sql (3.17ms)
2026/10/09 14:20:12 OK   00020_sp04_request_ledger.sql (6.76ms)
2026/10/09 14:20:12 OK   00021_sp04_archive_protection.sql (2.98ms)
2026/10/09 14:20:12 OK   00022_sp04_legal_hold_dependencies.sql (3.09ms)
2026/10/09 14:20:12 OK   00023_sp04_archive_query_intent.sql (2.77ms)
2026/10/09 14:20:12 OK   00024_sp05_finding_incident.sql (38.51ms)
2026/10/09 14:20:12 OK   00025_sp05_incident_event_time.sql (2.74ms)
2026/10/09 14:20:12 OK   00026_sp05_source_binding_lock.sql (2.98ms)
2026/10/09 14:20:12 OK   00027_sp05_rca_and_poll.sql (29.46ms)
2026/10/09 14:20:12 OK   00028_sp05_operator_lock.sql (3.32ms)
2026/10/09 14:20:12 OK   00029_sp05_evidence_links.sql (28.95ms)
2026/10/09 14:20:12 OK   00030_sp05_recipe_fence.sql (4.45ms)
2026/10/09 14:20:13 OK   00031_sp05_rca_postcheck.sql (29.41ms)
2026/10/09 14:20:13 OK   00032_sp05_transport_audit.sql (3.74ms)
2026/10/09 14:20:13 OK   00033_sp05_poll_resolution_clock.sql (3.82ms)
2026/10/09 14:20:13 OK   00034_sp06_investigation_ledger.sql (47.96ms)
2026/10/09 14:20:13 OK   00035_sp06_admission_data_classes.sql (3.77ms)
2026/10/09 14:20:13 OK   00036_sp07_command_binding.sql (45.07ms)
2026/10/09 14:20:13 OK   00037_sp07_worker_authority.sql (21.75ms)
2026/10/09 14:20:13 goose: successfully migrated database to version: 37
    migrations_test.go:436: retained owned integration database=sp03_mig_d6aa8c4506054ebcb307da1ed11f74b1 test=TestSP06ConcurrentRecoveryReadsAtomicBudget reason=audit.records; no automatic protected cleanup
--- PASS: TestSP06ConcurrentRecoveryReadsAtomicBudget (1.45s)
=== RUN   TestSP07CommandTransactionAndClaim
2026/10/09 14:20:14 OK   00001_roles_and_schemas.sql (35.29ms)
2026/10/09 14:20:14 goose: successfully migrated database to version: 1
2026/10/09 14:20:14 OK   00002_platform_meta.sql (106.88ms)
2026/10/09 14:20:14 OK   00003_finding.sql (35.51ms)
2026/10/09 14:20:14 OK   00004_incident.sql (32.18ms)
2026/10/09 14:20:14 OK   00005_investigation.sql (24.97ms)
2026/10/09 14:20:14 OK   00006_action_command.sql (30.83ms)
2026/10/09 14:20:14 OK   00007_audit.sql (37.62ms)
2026/10/09 14:20:14 OK   00008_rls.sql (38.46ms)
2026/10/09 14:20:14 OK   00009_idempotency_ledger.sql (49.45ms)
2026/10/09 14:20:14 OK   00010_tenant_provisioning.sql (30.82ms)
2026/10/09 14:20:14 OK   00011_source_registration_history.sql (9.88ms)
2026/10/09 14:20:14 OK   00012_config_registry_lifecycle.sql (37.15ms)
2026/10/09 14:20:14 OK   00013_audit_signed_segments.sql (36.38ms)
2026/10/09 14:20:14 OK   00014_audit_segment_predecessors.sql (25.55ms)
2026/10/09 14:20:14 OK   00015_source_schema_scope.sql (16.59ms)
2026/10/09 14:20:14 OK   00016_cluster_registration_metadata.sql (16.34ms)
2026/10/09 14:20:14 OK   00017_source_data_scope.sql (4.72ms)
2026/10/09 14:20:14 OK   00018_sp04_resources_evidence.sql (41.1ms)
2026/10/09 14:20:14 OK   00019_sp04_archive_ciphertext_bytes.sql (25.77ms)
2026/10/09 14:20:14 OK   00020_sp04_request_ledger.sql (14.28ms)
2026/10/09 14:20:14 OK   00021_sp04_archive_protection.sql (6.38ms)
2026/10/09 14:20:14 OK   00022_sp04_legal_hold_dependencies.sql (4.02ms)
2026/10/09 14:20:14 OK   00023_sp04_archive_query_intent.sql (11.79ms)
2026/10/09 14:20:15 OK   00024_sp05_finding_incident.sql (47.55ms)
2026/10/09 14:20:15 OK   00025_sp05_incident_event_time.sql (3.35ms)
2026/10/09 14:20:15 OK   00026_sp05_source_binding_lock.sql (6.13ms)
2026/10/09 14:20:15 OK   00027_sp05_rca_and_poll.sql (25.84ms)
2026/10/09 14:20:15 OK   00028_sp05_operator_lock.sql (5.21ms)
2026/10/09 14:20:15 OK   00029_sp05_evidence_links.sql (5.27ms)
2026/10/09 14:20:15 OK   00030_sp05_recipe_fence.sql (10.96ms)
2026/10/09 14:20:15 OK   00031_sp05_rca_postcheck.sql (10.07ms)
2026/10/09 14:20:15 OK   00032_sp05_transport_audit.sql (10.15ms)
2026/10/09 14:20:15 OK   00033_sp05_poll_resolution_clock.sql (5.08ms)
2026/10/09 14:20:15 OK   00034_sp06_investigation_ledger.sql (73.8ms)
2026/10/09 14:20:15 OK   00035_sp06_admission_data_classes.sql (5.7ms)
2026/10/09 14:20:15 OK   00036_sp07_command_binding.sql (47.37ms)
2026/10/09 14:20:15 OK   00037_sp07_worker_authority.sql (10.27ms)
2026/10/09 14:20:15 goose: successfully migrated database to version: 37
    migrations_test.go:436: retained owned integration database=sp03_mig_d1b3cace0ac647bfbdbf31dad9481141 test=TestSP07CommandTransactionAndClaim reason=audit.records; no automatic protected cleanup
--- PASS: TestSP07CommandTransactionAndClaim (3.15s)
FAIL
FAIL	ops-platform/test/integration	14.547s
FAIL
