#0 building with "orbstack" instance using docker driver

#1 [internal] load build definition from offline-sp05-worker.Dockerfile
#1 transferring dockerfile: 287B 0.0s done
#1 DONE 0.1s

#2 [internal] load .dockerignore
#2 transferring context:
#2 transferring context: 2B done
#2 DONE 0.1s

#3 [internal] load build context
#3 transferring context: 76.18MB 0.9s done
#3 DONE 1.1s

#4 [1/3] COPY --chown=65532:65532 --chmod=0555 ops-process /ops-process
#4 DONE 0.3s

#5 [2/3] COPY --chown=65532:65532 --chmod=0555 k8sgpt /opt/ops/bin/k8sgpt
#5 DONE 1.2s

#6 [3/3] COPY runtime-notices /usr/share/ops/legal
#6 DONE 0.4s

#7 exporting to oci image format
#7 exporting layers
#7 exporting layers 5.1s done
#7 exporting manifest sha256:04a7c72f06d3e1e3f004dda8fd6f58c5180c5b1b9e828ce4bc8ce9eb3e16f7ab 0.1s done
#7 exporting config sha256:a4ac0325d81e7790f3567d5c327e8f970a31e176d99ba603b5f0db51c3cebbbb 0.1s done
#7 sending tarball
#7 sending tarball 2.1s done
#7 DONE 7.3s

View build details: docker-desktop://dashboard/build/orbstack/orbstack/55g0rkdu0hd4zjg8yzucbb8oi
