#0 building with "orbstack" instance using docker driver

#1 [internal] load build definition from offline-sp05-worker.Dockerfile
#1 transferring dockerfile: 287B done
#1 DONE 0.0s

#2 [internal] load .dockerignore
#2 transferring context: 2B done
#2 DONE 0.0s

#3 [internal] load build context
#3 transferring context: 76.17MB 0.7s done
#3 DONE 0.7s

#4 [1/3] COPY --chown=65532:65532 --chmod=0555 ops-process /ops-process
#4 DONE 0.2s

#5 [2/3] COPY --chown=65532:65532 --chmod=0555 k8sgpt /opt/ops/bin/k8sgpt
#5 DONE 0.8s

#6 [3/3] COPY runtime-notices /usr/share/ops/legal
#6 DONE 0.3s

#7 exporting to oci image format
#7 exporting layers
#7 exporting layers 3.5s done
#7 exporting manifest sha256:e3df2e31be4315527c76484d985726c434aadb51fcebdfacd61f2e4f888bfe01
#7 exporting manifest sha256:e3df2e31be4315527c76484d985726c434aadb51fcebdfacd61f2e4f888bfe01 0.0s done
#7 exporting config sha256:ff38b15c0214fb1dd8ba98c95306753c5044ce18d911f18d0d292394ca063245 0.0s done
#7 sending tarball
#7 sending tarball 0.7s done
#7 DONE 4.3s

View build details: docker-desktop://dashboard/build/orbstack/orbstack/i7wtw1lcihuu5ndh2r29grtu5
