#0 building with "orbstack" instance using docker driver

#1 [internal] load build definition from offline-runtime.Dockerfile
#1 transferring dockerfile: 378B done
#1 DONE 0.0s

#2 [internal] load .dockerignore
#2 transferring context: 2B done
#2 DONE 0.0s

#3 [internal] load build context
#3 transferring context: 58.95MB 0.3s done
#3 DONE 0.3s

#4 [1/2] COPY --chown=65532:65532 --chmod=0555 ops-process /ops-process
#4 DONE 0.1s

#5 [2/2] COPY runtime-notices /usr/share/ops/legal
#5 DONE 0.3s

#6 exporting to oci image format
#6 exporting layers
#6 exporting layers 1.6s done
#6 exporting manifest sha256:bfe179f0e56508481b85919583201838939ef4166f9ecab2d4a74589c3316343
#6 exporting manifest sha256:bfe179f0e56508481b85919583201838939ef4166f9ecab2d4a74589c3316343 0.0s done
#6 exporting config sha256:2535e7dcf7e7d20ef484aa9d0bbb2895195d00a4805aaa78b983a59c4a73878e 0.0s done
#6 sending tarball
#6 sending tarball 0.3s done
#6 DONE 1.9s

View build details: docker-desktop://dashboard/build/orbstack/orbstack/itnomt3uqe26h8m6wpcciinbq
