#0 building with "orbstack" instance using docker driver

#1 [internal] load build definition from offline-sp05-worker.Dockerfile
#1 transferring dockerfile: 287B 0.0s done
#1 DONE 0.0s

#2 [internal] load .dockerignore
#2 transferring context: 2B done
#2 DONE 0.0s

#3 [internal] load build context
#3 transferring context: 76.17MB 0.8s done
#3 DONE 0.8s

#4 [1/3] COPY --chown=65532:65532 --chmod=0555 ops-process /ops-process
#4 DONE 0.1s

#5 [2/3] COPY --chown=65532:65532 --chmod=0555 k8sgpt /opt/ops/bin/k8sgpt
#5 DONE 0.9s

#6 [3/3] COPY runtime-notices /usr/share/ops/legal
#6 DONE 0.9s

#7 exporting to oci image format
#7 exporting layers
#7 exporting layers 4.8s done
#7 exporting manifest sha256:60a63279f25f9a7455bc66c675df6185b10187450e001069a36054dac94b9b83
#7 exporting manifest sha256:60a63279f25f9a7455bc66c675df6185b10187450e001069a36054dac94b9b83 0.0s done
#7 exporting config sha256:7f7e364c6b67ccdba920cafc8958c5c1a4ce959b4459cdfd1746e53fc0cb7331 0.0s done
#7 sending tarball
#7 sending tarball 1.2s done
#7 DONE 6.1s

View build details: docker-desktop://dashboard/build/orbstack/orbstack/2ax6bna9cto6ety6vmzarjj50
