#0 building with "orbstack" instance using docker driver

#1 [internal] load build definition from offline-runtime.Dockerfile
#1 transferring dockerfile: 378B 0.1s done
#1 DONE 0.2s

#2 [internal] load .dockerignore
#2 transferring context: 2B done
#2 DONE 0.0s

#3 [internal] load build context
#3 transferring context: 58.95MB 0.7s done
#3 DONE 0.7s

#4 [1/2] COPY --chown=65532:65532 --chmod=0555 ops-process /ops-process
#4 DONE 0.1s

#5 [2/2] COPY runtime-notices /usr/share/ops/legal
#5 DONE 0.3s

#6 exporting to oci image format
#6 exporting layers
#6 exporting layers 2.2s done
#6 exporting manifest sha256:811e5cc511e792d03cd3840fb981881edddd26f850ce00447961b16e2f762bf2 0.0s done
#6 exporting config sha256:7df21844637a65ea1527957209634e4761aed8b5d240e9419de377b27c6f99b9 0.0s done
#6 sending tarball
#6 sending tarball 0.5s done
#6 DONE 2.8s

View build details: docker-desktop://dashboard/build/orbstack/orbstack/fcwp137ajjasqj5aibh01onns
