#0 building with "orbstack" instance using docker driver

#1 [internal] load build definition from offline-runtime.Dockerfile
#1 transferring dockerfile: 378B 0.0s done
#1 DONE 0.1s

#2 [internal] load .dockerignore
#2 transferring context: 2B done
#2 DONE 0.1s

#3 [internal] load build context
#3 transferring context: 58.95MB 0.6s done
#3 DONE 0.7s

#4 [1/2] COPY --chown=65532:65532 --chmod=0555 ops-process /ops-process
#4 DONE 0.3s

#5 [2/2] COPY runtime-notices /usr/share/ops/legal
#5 DONE 0.4s

#6 exporting to oci image format
#6 exporting layers
#6 exporting layers 2.1s done
#6 exporting manifest sha256:38aa41d1d1546e670969b16a8055f5de1d9cfcd7bbe0a8f9f54b367433ad0604
#6 exporting manifest sha256:38aa41d1d1546e670969b16a8055f5de1d9cfcd7bbe0a8f9f54b367433ad0604 0.1s done
#6 exporting config sha256:ef474bcc9680dcb725fe1daf193fcc8ebc684b4c89284ada41a789488f8f5fd2 0.0s done
#6 sending tarball
#6 sending tarball 0.4s done
#6 DONE 2.6s

View build details: docker-desktop://dashboard/build/orbstack/orbstack/kncqftfw52xmkzcfi69n0vtco
