#0 building with "orbstack" instance using docker driver

#1 [internal] load build definition from offline-runtime.Dockerfile
#1 transferring dockerfile: 378B done
#1 DONE 0.1s

#2 [internal] load .dockerignore
#2 transferring context:
#2 transferring context: 2B done
#2 DONE 0.0s

#3 [internal] load build context
#3 transferring context: 58.95MB 0.7s done
#3 DONE 0.7s

#4 [1/2] COPY --chown=65532:65532 --chmod=0555 ops-process /ops-process
#4 DONE 0.3s

#5 [2/2] COPY runtime-notices /usr/share/ops/legal
#5 DONE 0.9s

#6 exporting to oci image format
#6 exporting layers
#6 exporting layers 2.4s done
#6 exporting manifest sha256:440067f020636c6b2d1283f1d27fa00f93fec9064dd78eed5a536efe85e9b800 0.1s done
#6 exporting config sha256:599a488d98701ddcf01b3510618de351eff4adbaf1f1228e6f2e7ac898fa1e90 0.1s done
#6 sending tarball
#6 sending tarball 0.5s done
#6 DONE 3.1s

View build details: docker-desktop://dashboard/build/orbstack/orbstack/ruig7l96wyj8m91k7c8j0mu1j
