#0 building with "orbstack" instance using docker driver

#1 [internal] load build definition from offline-sp05-worker.Dockerfile
#1 transferring dockerfile: 287B done
#1 DONE 0.0s

#2 [internal] load .dockerignore
#2 transferring context: 2B 0.0s done
#2 DONE 0.1s

#3 [internal] load build context
#3 transferring context: 76.17MB 0.5s done
#3 DONE 0.6s

#4 [1/3] COPY --chown=65532:65532 --chmod=0555 ops-process /ops-process
#4 DONE 0.2s

#5 [2/3] COPY --chown=65532:65532 --chmod=0555 k8sgpt /opt/ops/bin/k8sgpt
#5 DONE 0.7s

#6 [3/3] COPY runtime-notices /usr/share/ops/legal
#6 DONE 0.3s

#7 exporting to oci image format
#7 exporting layers
#7 exporting layers 5.5s done
#7 exporting manifest sha256:2a2bd0bb40b3911cf42ecdd94eee1dc1109cea2506499c301393a6ed6908a0e5
#7 exporting manifest sha256:2a2bd0bb40b3911cf42ecdd94eee1dc1109cea2506499c301393a6ed6908a0e5 0.0s done
#7 exporting config sha256:bf70928cde07b2871561133e75301d14ef2489490423e7c1e2fbba36639a616f 0.0s done
#7 sending tarball
#7 sending tarball 1.2s done
#7 DONE 6.8s

View build details: docker-desktop://dashboard/build/orbstack/orbstack/qvhmfw8kjmpo97ze6sat57peh
