#0 building with "orbstack" instance using docker driver

#1 [internal] load build definition from offline-sp05-worker.Dockerfile
#1 transferring dockerfile: 287B 0.1s done
#1 DONE 0.1s

#2 [internal] load .dockerignore
#2 transferring context: 2B done
#2 DONE 0.1s

#3 [internal] load build context
#3 transferring context: 76.18MB 2.9s done
#3 DONE 3.0s

#4 [1/3] COPY --chown=65532:65532 --chmod=0555 ops-process /ops-process
#4 DONE 0.3s

#5 [2/3] COPY --chown=65532:65532 --chmod=0555 k8sgpt /opt/ops/bin/k8sgpt
#5 DONE 1.5s

#6 [3/3] COPY runtime-notices /usr/share/ops/legal
#6 DONE 1.9s

#7 exporting to oci image format
#7 exporting layers
#7 exporting layers 5.7s done
#7 exporting manifest sha256:dce2050be2f1e15313619d0319ecb7b7793b97e534b6e297effc4402506bcb6b
#7 exporting manifest sha256:dce2050be2f1e15313619d0319ecb7b7793b97e534b6e297effc4402506bcb6b 0.0s done
#7 exporting config sha256:c20ca787dca1bb4a0cfeb6fe7e0988797bfad9cb1392b936d107ce8e0b04f3da 0.0s done
#7 sending tarball
#7 sending tarball 1.6s done
#7 DONE 7.4s

View build details: docker-desktop://dashboard/build/orbstack/orbstack/zwzcmoaxng3bykzvmcuf0eqln
