#0 building with "orbstack" instance using docker driver

#1 [internal] load build definition from offline-sp05-worker.Dockerfile
#1 transferring dockerfile: 287B 0.0s done
#1 DONE 0.1s

#2 [internal] load .dockerignore
#2 transferring context: 2B done
#2 DONE 0.1s

#3 [internal] load build context
#3 transferring context: 76.18MB 0.5s done
#3 DONE 0.6s

#4 [1/3] COPY --chown=65532:65532 --chmod=0555 ops-process /ops-process
#4 DONE 0.1s

#5 [2/3] COPY --chown=65532:65532 --chmod=0555 k8sgpt /opt/ops/bin/k8sgpt
#5 DONE 0.9s

#6 [3/3] COPY runtime-notices /usr/share/ops/legal
#6 DONE 0.6s

#7 exporting to oci image format
#7 exporting layers
#7 exporting layers 5.8s done
#7 exporting manifest sha256:28a23a5b9153b52c8cdf9b7c7473f4593324436c0765adf092b52631d5e4f011 0.0s done
#7 exporting config sha256:0a5a6712606c255b92ab0a826bac314fd0598d65a8864203b2876ef7f418ec0a 0.1s done
#7 sending tarball
#7 sending tarball 1.8s done
#7 DONE 7.7s

View build details: docker-desktop://dashboard/build/orbstack/orbstack/bh1iiqtxpgz3fedbdvrk9m80c
