Loaded image ID: sha256:5ebe2e9407f53b89a327358373a73466e2b453dc8ce0152972f0b811d557606c
GNU bash, version 5.2.37(1)-release (aarch64-unknown-linux-gnu)
Copyright (C) 2022 Free Software Foundation, Inc.
License GPLv3+: GNU GPL version 3 or later <http://gnu.org/licenses/gpl.html>

This is free software; you are free to change and redistribute it.
There is NO WARRANTY, to the extent permitted by law.
Python 3.12.14
ansible [core 2.21.5]
  config file = None
  configured module search path = ['/tmp/.ansible/plugins/modules', '/usr/share/ansible/plugins/modules']
  ansible python module location = /usr/local/lib/python3.12/site-packages/ansible
  ansible collection location = /tmp/.ansible/collections:/usr/share/ansible/collections
  executable location = /usr/local/bin/ansible
  python version = 3.12.14 (main, Sep 19 2026, 01:11:14) [GCC 14.2.0] (/usr/local/bin/python3)
  jinja version = 3.1.6
  pyyaml version = 6.0.3 (with libyaml v0.2.5)
2.4.3
OpenSSH_10.0p2 Debian-7+deb13u4, OpenSSL 3.5.7 9 Jun 2026
{
  "clientVersion": {
    "major": "1",
    "minor": "35",
    "gitVersion": "v1.35.6",
    "gitCommit": "fc0e7a6ca50f7ce368f9a5516e1716b473ed3a26",
    "gitTreeState": "clean",
    "buildDate": "2026-06-11T18:07:55Z",
    "goVersion": "go1.25.11",
    "compiler": "gc",
    "platform": "linux/arm64"
  },
  "kustomizeVersion": "v5.7.1"
}
