Collecting ansible-core==2.21.5 (from -r /material/requirements.lock (line 1))
  Downloading ansible_core-2.21.5-py3-none-any.whl (2.5 MB)
     ━━━━━━━━━━━━━━━━━━━━━━━━━━━━━━━━━━━━━━━━ 2.5/2.5 MB 304.9 kB/s eta 0:00:00
Collecting ansible-runner==2.4.3 (from -r /material/requirements.lock (line 5))
  Downloading ansible_runner-2.4.3-py3-none-any.whl (80 kB)
Collecting cffi==2.1.1 (from -r /material/requirements.lock (line 9))
  Downloading cffi-2.1.1-cp312-cp312-manylinux2014_aarch64.manylinux_2_17_aarch64.whl (222 kB)
Collecting cryptography==50.0.2 (from -r /material/requirements.lock (line 111))
  Downloading cryptography-50.0.2-cp311-abi3-manylinux_2_34_aarch64.whl (4.7 MB)
     ━━━━━━━━━━━━━━━━━━━━━━━━━━━━━━━━━━━━━━━━ 4.7/4.7 MB 270.0 kB/s eta 0:00:00
Collecting jinja2==3.1.6 (from -r /material/requirements.lock (line 172))
  Downloading jinja2-3.1.6-py3-none-any.whl (134 kB)
Collecting lockfile==0.12.2 (from -r /material/requirements.lock (line 176))
  Downloading lockfile-0.12.2-py2.py3-none-any.whl (13 kB)
Collecting markupsafe==3.0.4 (from -r /material/requirements.lock (line 180))
  Downloading markupsafe-3.0.4-cp312-cp312-manylinux2014_aarch64.manylinux_2_17_aarch64.manylinux_2_28_aarch64.whl (24 kB)
Collecting packaging==26.3 (from -r /material/requirements.lock (line 333))
  Downloading packaging-26.3-py3-none-any.whl (129 kB)
Collecting pexpect==4.9.0 (from -r /material/requirements.lock (line 339))
  Downloading pexpect-4.9.0-py2.py3-none-any.whl (63 kB)
Collecting ptyprocess==0.7.0 (from -r /material/requirements.lock (line 343))
  Downloading ptyprocess-0.7.0-py2.py3-none-any.whl (13 kB)
Collecting pycparser==3.1 (from -r /material/requirements.lock (line 347))
  Downloading pycparser-3.1-py3-none-any.whl (48 kB)
Collecting python-daemon==3.1.2 (from -r /material/requirements.lock (line 351))
  Downloading python_daemon-3.1.2-py3-none-any.whl (30 kB)
Collecting pyyaml==6.0.3 (from -r /material/requirements.lock (line 355))
  Downloading pyyaml-6.0.3-cp312-cp312-manylinux2014_aarch64.manylinux_2_17_aarch64.manylinux_2_28_aarch64.whl (775 kB)
     ━━━━━━━━━━━━━━━━━━━━━━━━━━━━━━━━━━━━━ 775.1/775.1 kB 303.3 kB/s eta 0:00:00
Collecting resolvelib==1.2.1 (from -r /material/requirements.lock (line 432))
  Downloading resolvelib-1.2.1-py3-none-any.whl (18 kB)
Saved /material/wheels/ansible_core-2.21.5-py3-none-any.whl
Saved /material/wheels/ansible_runner-2.4.3-py3-none-any.whl
Saved /material/wheels/cffi-2.1.1-cp312-cp312-manylinux2014_aarch64.manylinux_2_17_aarch64.whl
Saved /material/wheels/cryptography-50.0.2-cp311-abi3-manylinux_2_34_aarch64.whl
Saved /material/wheels/jinja2-3.1.6-py3-none-any.whl
Saved /material/wheels/lockfile-0.12.2-py2.py3-none-any.whl
Saved /material/wheels/markupsafe-3.0.4-cp312-cp312-manylinux2014_aarch64.manylinux_2_17_aarch64.manylinux_2_28_aarch64.whl
Saved /material/wheels/packaging-26.3-py3-none-any.whl
Saved /material/wheels/pexpect-4.9.0-py2.py3-none-any.whl
Saved /material/wheels/ptyprocess-0.7.0-py2.py3-none-any.whl
Saved /material/wheels/pycparser-3.1-py3-none-any.whl
Saved /material/wheels/python_daemon-3.1.2-py3-none-any.whl
Saved /material/wheels/pyyaml-6.0.3-cp312-cp312-manylinux2014_aarch64.manylinux_2_17_aarch64.manylinux_2_28_aarch64.whl
Saved /material/wheels/resolvelib-1.2.1-py3-none-any.whl
Successfully downloaded ansible-core ansible-runner cffi cryptography jinja2 lockfile markupsafe packaging pexpect ptyprocess pycparser python-daemon pyyaml resolvelib

[notice] A new release of pip is available: 25.0.1 -> 26.2.1
[notice] To update, run: pip install --upgrade pip
