#0 building with "orbstack" instance using docker driver

#1 [internal] load build definition from Dockerfile
#1 transferring dockerfile: 1.09kB done
#1 DONE 0.1s

#2 [internal] load metadata for docker.io/library/python:3.12.14-slim@sha256:f77ac9e44ae96ef2c90b8053ea08c31f8be030f824196b0ae4db6d462c84e51f
#2 DONE 2.6s

#3 [internal] load .dockerignore
#3 transferring context: 189B done
#3 DONE 0.1s

#4 [ 1/11] FROM docker.io/library/python:3.12.14-slim@sha256:f77ac9e44ae96ef2c90b8053ea08c31f8be030f824196b0ae4db6d462c84e51f
#4 resolve docker.io/library/python:3.12.14-slim@sha256:f77ac9e44ae96ef2c90b8053ea08c31f8be030f824196b0ae4db6d462c84e51f 0.0s done
#4 CACHED

#5 [internal] load build context
#5 transferring context: 116.11MB 0.3s done
#5 DONE 0.3s

#6 [ 2/11] COPY debian/packages/ /opt/material/debs/
#6 DONE 1.2s

#7 [ 3/11] RUN dpkg -i /opt/material/debs/*.deb && rm -rf /opt/material/debs
#7 0.093 Selecting previously unselected package curl.
#7 0.112 (Reading database ... 5657 files and directories currently installed.)
#7 0.112 Preparing to unpack .../curl_8.14.1-2+deb13u5_arm64.deb ...
#7 0.121 Unpacking curl (8.14.1-2+deb13u5) ...
#7 0.152 Selecting previously unselected package jq.
#7 0.152 Preparing to unpack .../jq_1.7.1-6+deb13u4_arm64.deb ...
#7 0.154 Unpacking jq (1.7.1-6+deb13u4) ...
#7 0.183 Selecting previously unselected package libbrotli1:arm64.
#7 0.183 Preparing to unpack .../libbrotli1_1.1.0-2+b7_arm64.deb ...
#7 0.187 Unpacking libbrotli1:arm64 (1.1.0-2+b7) ...
#7 0.218 Selecting previously unselected package libcbor0.10:arm64.
#7 0.218 Preparing to unpack .../libcbor0.10_0.10.2-2_arm64.deb ...
#7 0.221 Unpacking libcbor0.10:arm64 (0.10.2-2) ...
#7 0.239 Selecting previously unselected package libcom-err2:arm64.
#7 0.239 Preparing to unpack .../libcom-err2_1.47.2-3+b12_arm64.deb ...
#7 0.241 Unpacking libcom-err2:arm64 (1.47.2-3+b12) ...
#7 0.260 Selecting previously unselected package libcurl4t64:arm64.
#7 0.261 Preparing to unpack .../libcurl4t64_8.14.1-2+deb13u5_arm64.deb ...
#7 0.263 Unpacking libcurl4t64:arm64 (8.14.1-2+deb13u5) ...
#7 0.296 Selecting previously unselected package libedit2:arm64.
#7 0.296 Preparing to unpack .../libedit2_3.1-20250104-1_arm64.deb ...
#7 0.298 Unpacking libedit2:arm64 (3.1-20250104-1) ...
#7 0.324 Selecting previously unselected package libfido2-1:arm64.
#7 0.325 Preparing to unpack .../libfido2-1_1.15.0-1+b1_arm64.deb ...
#7 0.328 Unpacking libfido2-1:arm64 (1.15.0-1+b1) ...
#7 0.357 Selecting previously unselected package libgnutls30t64:arm64.
#7 0.357 Preparing to unpack .../libgnutls30t64_3.8.9-3+deb13u4_arm64.deb ...
#7 0.360 Unpacking libgnutls30t64:arm64 (3.8.9-3+deb13u4) ...
#7 0.455 Selecting previously unselected package libgssapi-krb5-2:arm64.
#7 0.456 Preparing to unpack .../libgssapi-krb5-2_1.21.3-5+deb13u1_arm64.deb ...
#7 0.462 Unpacking libgssapi-krb5-2:arm64 (1.21.3-5+deb13u1) ...
#7 0.508 Selecting previously unselected package libidn2-0:arm64.
#7 0.508 Preparing to unpack .../libidn2-0_2.3.8-2_arm64.deb ...
#7 0.516 Unpacking libidn2-0:arm64 (2.3.8-2) ...
#7 0.561 Selecting previously unselected package libjq1:arm64.
#7 0.561 Preparing to unpack .../libjq1_1.7.1-6+deb13u4_arm64.deb ...
#7 0.564 Unpacking libjq1:arm64 (1.7.1-6+deb13u4) ...
#7 0.613 Selecting previously unselected package libk5crypto3:arm64.
#7 0.614 Preparing to unpack .../libk5crypto3_1.21.3-5+deb13u1_arm64.deb ...
#7 0.618 Unpacking libk5crypto3:arm64 (1.21.3-5+deb13u1) ...
#7 0.667 Selecting previously unselected package libkeyutils1:arm64.
#7 0.667 Preparing to unpack .../libkeyutils1_1.6.3-6_arm64.deb ...
#7 0.671 Unpacking libkeyutils1:arm64 (1.6.3-6) ...
#7 0.706 Selecting previously unselected package libkrb5-3:arm64.
#7 0.707 Preparing to unpack .../libkrb5-3_1.21.3-5+deb13u1_arm64.deb ...
#7 0.711 Unpacking libkrb5-3:arm64 (1.21.3-5+deb13u1) ...
#7 0.753 Selecting previously unselected package libkrb5support0:arm64.
#7 0.753 Preparing to unpack .../libkrb5support0_1.21.3-5+deb13u1_arm64.deb ...
#7 0.757 Unpacking libkrb5support0:arm64 (1.21.3-5+deb13u1) ...
#7 0.785 Selecting previously unselected package libldap2:arm64.
#7 0.786 Preparing to unpack .../libldap2_2.6.10+dfsg-1_arm64.deb ...
#7 0.790 Unpacking libldap2:arm64 (2.6.10+dfsg-1) ...
#7 0.828 Selecting previously unselected package libnghttp2-14:arm64.
#7 0.828 Preparing to unpack .../libnghttp2-14_1.64.0-1.1+deb13u1_arm64.deb ...
#7 0.832 Unpacking libnghttp2-14:arm64 (1.64.0-1.1+deb13u1) ...
#7 0.863 Selecting previously unselected package libnghttp3-9:arm64.
#7 0.863 Preparing to unpack .../libnghttp3-9_1.8.0-1_arm64.deb ...
#7 0.866 Unpacking libnghttp3-9:arm64 (1.8.0-1) ...
#7 0.894 Selecting previously unselected package libonig5:arm64.
#7 0.894 Preparing to unpack .../libonig5_6.9.9-1+b1_arm64.deb ...
#7 0.897 Unpacking libonig5:arm64 (6.9.9-1+b1) ...
#7 0.932 Selecting previously unselected package libp11-kit0:arm64.
#7 0.932 Preparing to unpack .../libp11-kit0_0.25.5-3_arm64.deb ...
#7 0.934 Unpacking libp11-kit0:arm64 (0.25.5-3) ...
#7 0.980 Selecting previously unselected package libpsl5t64:arm64.
#7 0.980 Preparing to unpack .../libpsl5t64_0.21.2-1.1+b1_arm64.deb ...
#7 0.983 Unpacking libpsl5t64:arm64 (0.21.2-1.1+b1) ...
#7 1.013 Selecting previously unselected package librtmp1:arm64.
#7 1.014 Preparing to unpack .../librtmp1_2.4+20151223.gitfa8646d.1-2+b5_arm64.deb ...
#7 1.018 Unpacking librtmp1:arm64 (2.4+20151223.gitfa8646d.1-2+b5) ...
#7 1.046 Selecting previously unselected package libsasl2-2:arm64.
#7 1.046 Preparing to unpack .../libsasl2-2_2.1.28+dfsg1-9_arm64.deb ...
#7 1.050 Unpacking libsasl2-2:arm64 (2.1.28+dfsg1-9) ...
#7 1.072 Selecting previously unselected package libsasl2-modules-db:arm64.
#7 1.072 Preparing to unpack .../libsasl2-modules-db_2.1.28+dfsg1-9_arm64.deb ...
#7 1.075 Unpacking libsasl2-modules-db:arm64 (2.1.28+dfsg1-9) ...
#7 1.102 Selecting previously unselected package libssh2-1t64:arm64.
#7 1.102 Preparing to unpack .../libssh2-1t64_1.11.1-1+deb13u2_arm64.deb ...
#7 1.106 Unpacking libssh2-1t64:arm64 (1.11.1-1+deb13u2) ...
#7 1.141 Selecting previously unselected package libtasn1-6:arm64.
#7 1.141 Preparing to unpack .../libtasn1-6_4.20.0-2+deb13u1_arm64.deb ...
#7 1.143 Unpacking libtasn1-6:arm64 (4.20.0-2+deb13u1) ...
#7 1.168 Selecting previously unselected package libunistring5:arm64.
#7 1.168 Preparing to unpack .../libunistring5_1.3-2_arm64.deb ...
#7 1.171 Unpacking libunistring5:arm64 (1.3-2) ...
#7 1.225 Selecting previously unselected package openssh-client.
#7 1.225 Preparing to unpack .../openssh-client_1%3a10.0p1-7+deb13u4_arm64.deb ...
#7 1.232 Unpacking openssh-client (1:10.0p1-7+deb13u4) ...
#7 1.305 Setting up libbrotli1:arm64 (1.1.0-2+b7) ...
#7 1.321 Setting up libcbor0.10:arm64 (0.10.2-2) ...
#7 1.336 Setting up libcom-err2:arm64 (1.47.2-3+b12) ...
#7 1.349 Setting up libedit2:arm64 (3.1-20250104-1) ...
#7 1.361 Setting up libfido2-1:arm64 (1.15.0-1+b1) ...
#7 1.372 Setting up libkeyutils1:arm64 (1.6.3-6) ...
#7 1.384 Setting up libkrb5support0:arm64 (1.21.3-5+deb13u1) ...
#7 1.396 Setting up libnghttp2-14:arm64 (1.64.0-1.1+deb13u1) ...
#7 1.411 Setting up libnghttp3-9:arm64 (1.8.0-1) ...
#7 1.428 Setting up libonig5:arm64 (6.9.9-1+b1) ...
#7 1.439 Setting up libp11-kit0:arm64 (0.25.5-3) ...
#7 1.450 Setting up libsasl2-modules-db:arm64 (2.1.28+dfsg1-9) ...
#7 1.462 Setting up libssh2-1t64:arm64 (1.11.1-1+deb13u2) ...
#7 1.476 Setting up libtasn1-6:arm64 (4.20.0-2+deb13u1) ...
#7 1.495 Setting up libunistring5:arm64 (1.3-2) ...
#7 1.509 Setting up libidn2-0:arm64 (2.3.8-2) ...
#7 1.521 Setting up libjq1:arm64 (1.7.1-6+deb13u4) ...
#7 1.533 Setting up libk5crypto3:arm64 (1.21.3-5+deb13u1) ...
#7 1.544 Setting up libkrb5-3:arm64 (1.21.3-5+deb13u1) ...
#7 1.554 Setting up libpsl5t64:arm64 (0.21.2-1.1+b1) ...
#7 1.563 Setting up libsasl2-2:arm64 (2.1.28+dfsg1-9) ...
#7 1.572 Setting up jq (1.7.1-6+deb13u4) ...
#7 1.580 Setting up libgnutls30t64:arm64 (3.8.9-3+deb13u4) ...
#7 1.589 Setting up libgssapi-krb5-2:arm64 (1.21.3-5+deb13u1) ...
#7 1.599 Setting up libldap2:arm64 (2.6.10+dfsg-1) ...
#7 1.608 Setting up librtmp1:arm64 (2.4+20151223.gitfa8646d.1-2+b5) ...
#7 1.615 Setting up openssh-client (1:10.0p1-7+deb13u4) ...
#7 1.738 Setting up libcurl4t64:arm64 (8.14.1-2+deb13u5) ...
#7 1.751 Setting up curl (8.14.1-2+deb13u5) ...
#7 1.764 Processing triggers for libc-bin (2.41-12+deb13u4) ...
#7 DONE 1.9s

#8 [ 4/11] COPY wheels/ /opt/material/wheels/
#8 DONE 0.1s

#9 [ 5/11] COPY requirements.lock /opt/material/requirements.lock
#9 DONE 0.0s

#10 [ 6/11] RUN python3 -m pip install --no-index --find-links=/opt/material/wheels --require-hashes -r /opt/material/requirements.lock && rm -rf /opt/material
#10 0.805 Looking in links: /opt/material/wheels
#10 0.807 Processing /opt/material/wheels/ansible_core-2.21.5-py3-none-any.whl (from -r /opt/material/requirements.lock (line 1))
#10 0.815 Processing /opt/material/wheels/ansible_runner-2.4.3-py3-none-any.whl (from -r /opt/material/requirements.lock (line 5))
#10 0.816 Processing /opt/material/wheels/cffi-2.1.1-cp312-cp312-manylinux2014_aarch64.manylinux_2_17_aarch64.whl (from -r /opt/material/requirements.lock (line 9))
#10 0.817 Processing /opt/material/wheels/cryptography-50.0.2-cp311-abi3-manylinux_2_34_aarch64.whl (from -r /opt/material/requirements.lock (line 111))
#10 0.823 Processing /opt/material/wheels/jinja2-3.1.6-py3-none-any.whl (from -r /opt/material/requirements.lock (line 172))
#10 0.823 Processing /opt/material/wheels/lockfile-0.12.2-py2.py3-none-any.whl (from -r /opt/material/requirements.lock (line 176))
#10 0.824 Processing /opt/material/wheels/markupsafe-3.0.4-cp312-cp312-manylinux2014_aarch64.manylinux_2_17_aarch64.manylinux_2_28_aarch64.whl (from -r /opt/material/requirements.lock (line 180))
#10 0.825 Processing /opt/material/wheels/packaging-26.3-py3-none-any.whl (from -r /opt/material/requirements.lock (line 333))
#10 0.826 Processing /opt/material/wheels/pexpect-4.9.0-py2.py3-none-any.whl (from -r /opt/material/requirements.lock (line 339))
#10 0.827 Processing /opt/material/wheels/ptyprocess-0.7.0-py2.py3-none-any.whl (from -r /opt/material/requirements.lock (line 343))
#10 0.827 Processing /opt/material/wheels/pycparser-3.1-py3-none-any.whl (from -r /opt/material/requirements.lock (line 347))
#10 0.828 Processing /opt/material/wheels/python_daemon-3.1.2-py3-none-any.whl (from -r /opt/material/requirements.lock (line 351))
#10 0.830 Processing /opt/material/wheels/pyyaml-6.0.3-cp312-cp312-manylinux2014_aarch64.manylinux_2_17_aarch64.manylinux_2_28_aarch64.whl (from -r /opt/material/requirements.lock (line 355))
#10 0.831 Processing /opt/material/wheels/resolvelib-1.2.1-py3-none-any.whl (from -r /opt/material/requirements.lock (line 432))
#10 0.845 Installing collected packages: ptyprocess, lockfile, resolvelib, pyyaml, python-daemon, pycparser, pexpect, packaging, markupsafe, jinja2, cffi, ansible-runner, cryptography, ansible-core
#10 1.831 Successfully installed ansible-core-2.21.5 ansible-runner-2.4.3 cffi-2.1.1 cryptography-50.0.2 jinja2-3.1.6 lockfile-0.12.2 markupsafe-3.0.4 packaging-26.3 pexpect-4.9.0 ptyprocess-0.7.0 pycparser-3.1 python-daemon-3.1.2 pyyaml-6.0.3 resolvelib-1.2.1
#10 1.831 WARNING: Running pip as the 'root' user can result in broken permissions and conflicting behaviour with the system package manager, possibly rendering your system unusable. It is recommended to use a virtual environment instead: https://pip.pypa.io/warnings/venv. Use the --root-user-action option if you know what you are doing and want to suppress this warning.
#10 DONE 2.3s

#11 [ 7/11] COPY kubectl /usr/local/bin/kubectl
#11 DONE 0.1s

#12 [ 8/11] COPY command-runner /ops-command-runner
#12 DONE 0.1s

#13 [ 9/11] COPY ansible_transport.py /opt/ops/ansible_transport.py
#13 DONE 0.1s

#14 [10/11] RUN chmod 0555 /ops-command-runner /usr/local/bin/kubectl /opt/ops/ansible_transport.py && printf 'opsrunner:x:65532:65532:SP07 one-shot runner:/tmp:/bin/bash\n' >> /etc/passwd && printf 'opsrunner:x:65532:\n' >> /etc/group
#14 DONE 0.1s

#15 [11/11] WORKDIR /tmp
#15 DONE 0.1s

#16 exporting to oci image format
#16 exporting layers
#16 exporting layers 2.2s done
#16 exporting manifest sha256:cf6e247c8bf054a1c94ab94fb2e1a96376f8182cd83afd72524e3623406e3aba
#16 exporting manifest sha256:cf6e247c8bf054a1c94ab94fb2e1a96376f8182cd83afd72524e3623406e3aba 0.0s done
#16 exporting config sha256:7e71a9cb1c721d4e55f74b2e573543dd4733b07c6c5a8ba83fbb88f5dc129a16 0.0s done
#16 sending tarball
#16 sending tarball 0.9s done
#16 DONE 3.2s

View build details: docker-desktop://dashboard/build/orbstack/orbstack/iqcodtggh7ul719vjb25oww6f
