docker.io/chrislusf/seaweedfs@sha256:d4cf67729aa8777e1a43a5b61d72e5b96179e4b7bac9a221cb14cbc2036cb32e
docker.io/cloudnativelabs/kube-router@sha256:fec5ac13d36a812636d545263fda75e5b729ac9dac624f1f19f1170d3372324b
docker.io/kindest/kindnetd:v20260528-9350166c
docker.io/kindest/local-path-helper:v20260131-7181c60a
docker.io/kindest/local-path-provisioner:v20260521-9fb22683
docker.io/library/postgres@sha256:75731e2765e7d0c8bb7dea960ef3bdcde68d16314991ab2057a2a74ea0fff257
docker.io/victoriametrics/victoria-logs@sha256:47b820890d64c4575a2a0a46415dcd8a4fd59a0f1fcd6a377693d7aea639442e
docker.io/victoriametrics/victoria-metrics@sha256:b10c78f4bd9b52554b7f863ff416e480d931b1811f591049d166eea1fb247638
docker.io/victoriametrics/vmalert@sha256:48e01bd36d098b9c8a1537d38235e0194013e38853196b446cb0eb1f17057311
ghcr.io/openbao/openbao@sha256:4ca9310dd2a50c746d4227f44058088ee0470a8470031ee3f09cc8b1a69dd7f6
import-2026-06-02@sha256:5339e9d706bfb303fa53bac37a7c35ae3c9cf59cb14bd70b9b165a6dfa4d982c
import-2026-06-02@sha256:c12aaddcbf9b7e65fbf9c3a387ae3eb34866bf587c143da1de4ac7a550a0766c
import-2026-06-02@sha256:c5efbd6c949d441e446d75d8ef27a2f3b03327f35bdfdde75e10a17b5803dd4f
import-2026-06-02@sha256:ce2107ecb81c0d67a0ac77be5d8f0fcb06b0d06cc6b5fcc9f97b8b4d41c20037
import-2026-10-08@sha256:fec5ac13d36a812636d545263fda75e5b729ac9dac624f1f19f1170d3372324b
ops.local/task27/holmesgpt@sha256:b2c93e4e2c4f589ca71b09596a99ec3b19b87339352fb8db0f7a59fc926db593
ops.local/task27/platform-api@sha256:e39896f6ecd1208421bf7f6f5d1501c9155aca95edc2bcd0ed62b70abbc52908
ops.local/task27/platform-worker@sha256:43db93edde71b67bd537043fdbac573d87ad6b0f6359a555578b92a7c0b6517c
quay.io/keycloak/keycloak@sha256:1f91ac24e8d68b8189d5d53a8381464c1db0fcff479348d5de973a86b63d621c
registry.k8s.io/coredns/coredns:v1.13.1
registry.k8s.io/etcd:3.6.6-0
registry.k8s.io/kube-apiserver-arm64:v1.35.5
registry.k8s.io/kube-apiserver:v1.35.5
registry.k8s.io/kube-controller-manager-arm64:v1.35.5
registry.k8s.io/kube-controller-manager:v1.35.5
registry.k8s.io/kube-proxy-arm64:v1.35.5
registry.k8s.io/kube-proxy:v1.35.5
registry.k8s.io/kube-scheduler-arm64:v1.35.5
registry.k8s.io/kube-scheduler:v1.35.5
registry.k8s.io/metrics-server/metrics-server@sha256:8f49cf1b0688bb0eae18437882dbf6de2c7a2baac71b1492bc4eca25439a1bf2
registry.k8s.io/pause:3.10
sha256:1c21408137ee7210714b670fc7ab985229d664de37e7c4d5bcbf84af9e18f4a8
sha256:271e49a0ebc56647476845128fcd2a73bb138beeca3878cc3bf52b4ff1172a57
sha256:3105655f4973239213f49a626ab9a25de6735e85ed5d3946793829f0410bcde8
sha256:3300775c2560bfb0d4176741a76e4a8fc3f42a4a6ce93213ac24e22c13fc6993
sha256:3501a03785a84b6253f61a2afca39659be40c654c4536df30c15ec81cb9ac452
sha256:55fd43b04f951609d90461d8ea30fd06a29d23b1527e10264f5416c25f30ca08
sha256:6e8eea6eaf2561926416346b27bced3fcb77450be25ade84cb3302ad7ad68ef3
sha256:792d04fd029d934de82fe435035216a542e53e192fdcd65b64250bdc426860a0
sha256:8e1dd86ec58866b8d0e8f81393ee91b27efa7c9ce61d0c6057744a0e470d42e3
sha256:8f375e9f935137d1f92bd9bbfb860bbb6862a90c54e086f2696ce2385d0a5b78
sha256:9df891ef2cb4debd927cfb735d697aebcefe6f29bf345eb1fd003c2a66418f62
sha256:a4dfe9e6d63c1a1da95c319fe8cee74fe0748eed4bd2ad7cb87a691b79aa5d56
sha256:afb61768ce381961ca0beff95337601f29dc70ff3ed14e5e4b3e5699057e6aa8
sha256:b40b0318c39c62b872b4839ea710e2a0bf6ab0c3f8bef42459559e345e83689c
sha256:bc6c1e09a843da7191a25631adb08537bdcf0ee8c188bcb55ca8b51039272809
sha256:c65a238f8c1c806536b7e16ce4a98720513a5467a82f35c0bc341b46b75db01b
sha256:d1a0125f5abc0af0ce7a5ca8f9de7ae6492a0a2a79670973cf3411af03f300e4
sha256:dc0f6a6c61f4170f154b6dd89dfc160c839fd24989d2c798af2a7072498bfbac
sha256:e08f4d9d2e6ede8185064c13b41f8eeee95b609c0ca93b6fe7509fe527c907cf
sha256:e9b51517109f06e850b5a59e2d9edacdba34eaef9b4f199e0c06dcdfb90d2ae9
sha256:f2ede2b789a61a39eac89ac5e6eeebd80acc122fdc106d71035dafe754edc5d0
sha256:fe9a3ec3d2ba3e16f4502f73ae6e92b0142ff7bf72606ce239542502aa9b3e83
