docker.io/cloudnativelabs/kube-router@sha256:fec5ac13d36a812636d545263fda75e5b729ac9dac624f1f19f1170d3372324b
docker.io/kindest/kindnetd:v20260528-9350166c
docker.io/kindest/local-path-helper:v20260131-7181c60a
docker.io/kindest/local-path-provisioner:v20260521-9fb22683
import-2026-06-02@sha256:5339e9d706bfb303fa53bac37a7c35ae3c9cf59cb14bd70b9b165a6dfa4d982c
import-2026-06-02@sha256:c12aaddcbf9b7e65fbf9c3a387ae3eb34866bf587c143da1de4ac7a550a0766c
import-2026-06-02@sha256:c5efbd6c949d441e446d75d8ef27a2f3b03327f35bdfdde75e10a17b5803dd4f
import-2026-06-02@sha256:ce2107ecb81c0d67a0ac77be5d8f0fcb06b0d06cc6b5fcc9f97b8b4d41c20037
import-2026-10-08@sha256:fec5ac13d36a812636d545263fda75e5b729ac9dac624f1f19f1170d3372324b
registry.k8s.io/coredns/coredns:v1.13.1
registry.k8s.io/etcd:3.6.6-0
registry.k8s.io/kube-apiserver-arm64:v1.35.5
registry.k8s.io/kube-apiserver:v1.35.5
registry.k8s.io/kube-controller-manager-arm64:v1.35.5
registry.k8s.io/kube-controller-manager:v1.35.5
registry.k8s.io/kube-proxy-arm64:v1.35.5
registry.k8s.io/kube-proxy:v1.35.5
registry.k8s.io/kube-scheduler-arm64:v1.35.5
registry.k8s.io/kube-scheduler:v1.35.5
registry.k8s.io/pause:3.10
sha256:271e49a0ebc56647476845128fcd2a73bb138beeca3878cc3bf52b4ff1172a57
sha256:3105655f4973239213f49a626ab9a25de6735e85ed5d3946793829f0410bcde8
sha256:3501a03785a84b6253f61a2afca39659be40c654c4536df30c15ec81cb9ac452
sha256:8f375e9f935137d1f92bd9bbfb860bbb6862a90c54e086f2696ce2385d0a5b78
sha256:9df891ef2cb4debd927cfb735d697aebcefe6f29bf345eb1fd003c2a66418f62
sha256:afb61768ce381961ca0beff95337601f29dc70ff3ed14e5e4b3e5699057e6aa8
sha256:b40b0318c39c62b872b4839ea710e2a0bf6ab0c3f8bef42459559e345e83689c
sha256:d1a0125f5abc0af0ce7a5ca8f9de7ae6492a0a2a79670973cf3411af03f300e4
sha256:e08f4d9d2e6ede8185064c13b41f8eeee95b609c0ca93b6fe7509fe527c907cf
sha256:e9b51517109f06e850b5a59e2d9edacdba34eaef9b4f199e0c06dcdfb90d2ae9
sha256:f2ede2b789a61a39eac89ac5e6eeebd80acc122fdc106d71035dafe754edc5d0
