using docker due to KIND_EXPERIMENTAL_PROVIDER
Creating cluster "ops-offline-20261008" ...
 • Ensuring node image (kindest/node:v1.35.5) 🖼  ...
WARNING: Overriding docker network due to KIND_EXPERIMENTAL_DOCKER_NETWORK
WARNING: Here be dragons! This is not supported currently.
 ✓ Ensuring node image (kindest/node:v1.35.5) 🖼
 • Preparing nodes 📦   ...
 ✓ Preparing nodes 📦 
 • Writing configuration 📜  ...
 ✓ Writing configuration 📜
 • Starting control-plane 🕹️  ...
 ✓ Starting control-plane 🕹️
 • Installing CNI 🔌  ...
 ✓ Installing CNI 🔌
 • Installing StorageClass 💾  ...
 ✓ Installing StorageClass 💾
 • Waiting ≤ 2m0s for control-plane = Ready ⏳  ...
 ✓ Waiting ≤ 2m0s for control-plane = Ready ⏳
 • Ready after 16s 💚
Set kubectl context to "kind-ops-offline-20261008"
You can now use your cluster with:

kubectl cluster-info --context kind-ops-offline-20261008 --kubeconfig /Users/mssc/.local/state/ops/generic-k8s-offline-20261008/kubeconfig

Not sure what to do next? 😅  Check out https://kind.sigs.k8s.io/docs/user/quick-start/
