=== RUN   TestSP05APIListFiltersAndAllLinkedNamespaceAuthorization
2026/10/02 22:08:49 OK   00001_roles_and_schemas.sql (13.31ms)
2026/10/02 22:08:49 goose: successfully migrated database to version: 1
2026/10/02 22:08:49 OK   00002_platform_meta.sql (13.94ms)
2026/10/02 22:08:49 OK   00003_finding.sql (29.82ms)
2026/10/02 22:08:49 OK   00004_incident.sql (5.58ms)
2026/10/02 22:08:49 OK   00005_investigation.sql (5.91ms)
2026/10/02 22:08:49 OK   00006_action_command.sql (5.5ms)
2026/10/02 22:08:49 OK   00007_audit.sql (7.73ms)
2026/10/02 22:08:49 OK   00008_rls.sql (7.79ms)
2026/10/02 22:08:49 OK   00009_idempotency_ledger.sql (5ms)
2026/10/02 22:08:49 OK   00010_tenant_provisioning.sql (3.99ms)
2026/10/02 22:08:49 OK   00011_source_registration_history.sql (5.45ms)
2026/10/02 22:08:49 OK   00012_config_registry_lifecycle.sql (7.55ms)
2026/10/02 22:08:49 OK   00013_audit_signed_segments.sql (8.46ms)
2026/10/02 22:08:49 OK   00014_audit_segment_predecessors.sql (4.35ms)
2026/10/02 22:08:49 OK   00015_source_schema_scope.sql (3.36ms)
2026/10/02 22:08:49 OK   00016_cluster_registration_metadata.sql (4.02ms)
2026/10/02 22:08:49 OK   00017_source_data_scope.sql (3.52ms)
2026/10/02 22:08:49 OK   00018_sp04_resources_evidence.sql (10.3ms)
2026/10/02 22:08:49 OK   00019_sp04_archive_ciphertext_bytes.sql (3.69ms)
2026/10/02 22:08:49 OK   00020_sp04_request_ledger.sql (4.67ms)
2026/10/02 22:08:49 OK   00021_sp04_archive_protection.sql (3.83ms)
2026/10/02 22:08:49 OK   00022_sp04_legal_hold_dependencies.sql (3.91ms)
2026/10/02 22:08:49 OK   00023_sp04_archive_query_intent.sql (3.29ms)
2026/10/02 22:08:49 OK   00024_sp05_finding_incident.sql (11.6ms)
2026/10/02 22:08:49 OK   00025_sp05_incident_event_time.sql (3.71ms)
2026/10/02 22:08:49 OK   00026_sp05_source_binding_lock.sql (5.74ms)
2026/10/02 22:08:49 OK   00027_sp05_rca_and_poll.sql (7.34ms)
2026/10/02 22:08:49 OK   00028_sp05_operator_lock.sql (27.14ms)
2026/10/02 22:08:49 OK   00029_sp05_evidence_links.sql (5.26ms)
2026/10/02 22:08:49 OK   00030_sp05_recipe_fence.sql (3.55ms)
2026/10/02 22:08:49 OK   00031_sp05_rca_postcheck.sql (3.2ms)
2026/10/02 22:08:49 OK   00032_sp05_transport_audit.sql (3.46ms)
2026/10/02 22:08:49 goose: successfully migrated database to version: 32
    sp05_api_read_test.go:43: severity filter count 2 status 200
--- FAIL: TestSP05APIListFiltersAndAllLinkedNamespaceAuthorization (1.28s)
FAIL
FAIL	ops-platform/test/integration	2.093s
FAIL
