=== RUN   TestSP05APIListFiltersAndAllLinkedNamespaceAuthorization
2026/10/02 22:09:50 OK   00001_roles_and_schemas.sql (11ms)
2026/10/02 22:09:50 goose: successfully migrated database to version: 1
2026/10/02 22:09:50 OK   00002_platform_meta.sql (15.71ms)
2026/10/02 22:09:50 OK   00003_finding.sql (5.85ms)
2026/10/02 22:09:50 OK   00004_incident.sql (3.67ms)
2026/10/02 22:09:50 OK   00005_investigation.sql (4.66ms)
2026/10/02 22:09:50 OK   00006_action_command.sql (4.07ms)
2026/10/02 22:09:50 OK   00007_audit.sql (6.94ms)
2026/10/02 22:09:50 OK   00008_rls.sql (6.37ms)
2026/10/02 22:09:50 OK   00009_idempotency_ledger.sql (6.83ms)
2026/10/02 22:09:50 OK   00010_tenant_provisioning.sql (3.53ms)
2026/10/02 22:09:50 OK   00011_source_registration_history.sql (4.59ms)
2026/10/02 22:09:50 OK   00012_config_registry_lifecycle.sql (6.63ms)
2026/10/02 22:09:50 OK   00013_audit_signed_segments.sql (8.28ms)
2026/10/02 22:09:50 OK   00014_audit_segment_predecessors.sql (4.34ms)
2026/10/02 22:09:50 OK   00015_source_schema_scope.sql (2.48ms)
2026/10/02 22:09:50 OK   00016_cluster_registration_metadata.sql (3.25ms)
2026/10/02 22:09:50 OK   00017_source_data_scope.sql (2.99ms)
2026/10/02 22:09:50 OK   00018_sp04_resources_evidence.sql (9.75ms)
2026/10/02 22:09:50 OK   00019_sp04_archive_ciphertext_bytes.sql (2.73ms)
2026/10/02 22:09:50 OK   00020_sp04_request_ledger.sql (4.74ms)
2026/10/02 22:09:50 OK   00021_sp04_archive_protection.sql (3.7ms)
2026/10/02 22:09:50 OK   00022_sp04_legal_hold_dependencies.sql (3.54ms)
2026/10/02 22:09:50 OK   00023_sp04_archive_query_intent.sql (3.21ms)
2026/10/02 22:09:50 OK   00024_sp05_finding_incident.sql (14ms)
2026/10/02 22:09:50 OK   00025_sp05_incident_event_time.sql (3.71ms)
2026/10/02 22:09:50 OK   00026_sp05_source_binding_lock.sql (3.41ms)
2026/10/02 22:09:50 OK   00027_sp05_rca_and_poll.sql (6.73ms)
2026/10/02 22:09:50 OK   00028_sp05_operator_lock.sql (3.57ms)
2026/10/02 22:09:50 OK   00029_sp05_evidence_links.sql (5.4ms)
2026/10/02 22:09:50 OK   00030_sp05_recipe_fence.sql (3.49ms)
2026/10/02 22:09:50 OK   00031_sp05_rca_postcheck.sql (2.76ms)
2026/10/02 22:09:50 OK   00032_sp05_transport_audit.sql (3.63ms)
2026/10/02 22:09:50 goose: successfully migrated database to version: 32
--- PASS: TestSP05APIListFiltersAndAllLinkedNamespaceAuthorization (0.38s)
=== RUN   TestSP05EqualSequenceConflictAndTransportAliasAreAudited
2026/10/02 22:09:50 OK   00001_roles_and_schemas.sql (6.46ms)
2026/10/02 22:09:50 goose: successfully migrated database to version: 1
2026/10/02 22:09:51 OK   00002_platform_meta.sql (12.54ms)
2026/10/02 22:09:51 OK   00003_finding.sql (4.98ms)
2026/10/02 22:09:51 OK   00004_incident.sql (3.38ms)
2026/10/02 22:09:51 OK   00005_investigation.sql (3.88ms)
2026/10/02 22:09:51 OK   00006_action_command.sql (7.33ms)
2026/10/02 22:09:51 OK   00007_audit.sql (6.12ms)
2026/10/02 22:09:51 OK   00008_rls.sql (5.51ms)
2026/10/02 22:09:51 OK   00009_idempotency_ledger.sql (4.57ms)
2026/10/02 22:09:51 OK   00010_tenant_provisioning.sql (2.58ms)
2026/10/02 22:09:51 OK   00011_source_registration_history.sql (3.71ms)
2026/10/02 22:09:51 OK   00012_config_registry_lifecycle.sql (6.14ms)
2026/10/02 22:09:51 OK   00013_audit_signed_segments.sql (8.28ms)
2026/10/02 22:09:51 OK   00014_audit_segment_predecessors.sql (3.18ms)
2026/10/02 22:09:51 OK   00015_source_schema_scope.sql (1.69ms)
2026/10/02 22:09:51 OK   00016_cluster_registration_metadata.sql (2.27ms)
2026/10/02 22:09:51 OK   00017_source_data_scope.sql (2.03ms)
2026/10/02 22:09:51 OK   00018_sp04_resources_evidence.sql (8.45ms)
2026/10/02 22:09:51 OK   00019_sp04_archive_ciphertext_bytes.sql (1.63ms)
2026/10/02 22:09:51 OK   00020_sp04_request_ledger.sql (2.59ms)
2026/10/02 22:09:51 OK   00021_sp04_archive_protection.sql (1.76ms)
2026/10/02 22:09:51 OK   00022_sp04_legal_hold_dependencies.sql (1.63ms)
2026/10/02 22:09:51 OK   00023_sp04_archive_query_intent.sql (1.55ms)
2026/10/02 22:09:51 OK   00024_sp05_finding_incident.sql (10.73ms)
2026/10/02 22:09:51 OK   00025_sp05_incident_event_time.sql (1.64ms)
2026/10/02 22:09:51 OK   00026_sp05_source_binding_lock.sql (2.04ms)
2026/10/02 22:09:51 OK   00027_sp05_rca_and_poll.sql (4.63ms)
2026/10/02 22:09:51 OK   00028_sp05_operator_lock.sql (2.02ms)
2026/10/02 22:09:51 OK   00029_sp05_evidence_links.sql (3.57ms)
2026/10/02 22:09:51 OK   00030_sp05_recipe_fence.sql (1.9ms)
2026/10/02 22:09:51 OK   00031_sp05_rca_postcheck.sql (1.58ms)
2026/10/02 22:09:51 OK   00032_sp05_transport_audit.sql (1.64ms)
2026/10/02 22:09:51 goose: successfully migrated database to version: 32
--- PASS: TestSP05EqualSequenceConflictAndTransportAliasAreAudited (0.22s)
=== RUN   TestSP05RCARegistryImmutableEvidenceAppendOnlyAndReplayRevocation
2026/10/02 22:09:51 OK   00001_roles_and_schemas.sql (6.34ms)
2026/10/02 22:09:51 goose: successfully migrated database to version: 1
2026/10/02 22:09:51 OK   00002_platform_meta.sql (12.18ms)
2026/10/02 22:09:51 OK   00003_finding.sql (5.07ms)
2026/10/02 22:09:51 OK   00004_incident.sql (3.38ms)
2026/10/02 22:09:51 OK   00005_investigation.sql (3.81ms)
2026/10/02 22:09:51 OK   00006_action_command.sql (3.5ms)
2026/10/02 22:09:51 OK   00007_audit.sql (5.89ms)
2026/10/02 22:09:51 OK   00008_rls.sql (5.67ms)
2026/10/02 22:09:51 OK   00009_idempotency_ledger.sql (4.51ms)
2026/10/02 22:09:51 OK   00010_tenant_provisioning.sql (2.49ms)
2026/10/02 22:09:51 OK   00011_source_registration_history.sql (3.8ms)
2026/10/02 22:09:51 OK   00012_config_registry_lifecycle.sql (5.91ms)
2026/10/02 22:09:51 OK   00013_audit_signed_segments.sql (7.31ms)
2026/10/02 22:09:51 OK   00014_audit_segment_predecessors.sql (3.62ms)
2026/10/02 22:09:51 OK   00015_source_schema_scope.sql (1.57ms)
2026/10/02 22:09:51 OK   00016_cluster_registration_metadata.sql (2.5ms)
2026/10/02 22:09:51 OK   00017_source_data_scope.sql (2ms)
2026/10/02 22:09:51 OK   00018_sp04_resources_evidence.sql (8.84ms)
2026/10/02 22:09:51 OK   00019_sp04_archive_ciphertext_bytes.sql (1.6ms)
2026/10/02 22:09:51 OK   00020_sp04_request_ledger.sql (2.6ms)
2026/10/02 22:09:51 OK   00021_sp04_archive_protection.sql (1.78ms)
2026/10/02 22:09:51 OK   00022_sp04_legal_hold_dependencies.sql (1.59ms)
2026/10/02 22:09:51 OK   00023_sp04_archive_query_intent.sql (1.58ms)
2026/10/02 22:09:51 OK   00024_sp05_finding_incident.sql (10.46ms)
2026/10/02 22:09:51 OK   00025_sp05_incident_event_time.sql (1.6ms)
2026/10/02 22:09:51 OK   00026_sp05_source_binding_lock.sql (1.98ms)
2026/10/02 22:09:51 OK   00027_sp05_rca_and_poll.sql (4.44ms)
2026/10/02 22:09:51 OK   00028_sp05_operator_lock.sql (1.97ms)
2026/10/02 22:09:51 OK   00029_sp05_evidence_links.sql (3.49ms)
2026/10/02 22:09:51 OK   00030_sp05_recipe_fence.sql (1.78ms)
2026/10/02 22:09:51 OK   00031_sp05_rca_postcheck.sql (1.51ms)
2026/10/02 22:09:51 OK   00032_sp05_transport_audit.sql (1.65ms)
2026/10/02 22:09:51 goose: successfully migrated database to version: 32
--- PASS: TestSP05RCARegistryImmutableEvidenceAppendOnlyAndReplayRevocation (0.41s)
PASS
ok  	ops-platform/test/integration	2.014s
