=== RUN   TestSP05ActualOrbStackInspectionAPIWorkerArchiveAndRestart
2026/10/03 10:03:23 OK   00001_roles_and_schemas.sql (22.01ms)
2026/10/03 10:03:23 goose: successfully migrated database to version: 1
2026/10/03 10:03:23 OK   00002_platform_meta.sql (13.37ms)
2026/10/03 10:03:23 OK   00003_finding.sql (5.79ms)
2026/10/03 10:03:23 OK   00004_incident.sql (4.75ms)
2026/10/03 10:03:23 OK   00005_investigation.sql (5.7ms)
2026/10/03 10:03:23 OK   00006_action_command.sql (5.31ms)
2026/10/03 10:03:23 OK   00007_audit.sql (7.8ms)
2026/10/03 10:03:23 OK   00008_rls.sql (6.61ms)
2026/10/03 10:03:23 OK   00009_idempotency_ledger.sql (4.78ms)
2026/10/03 10:03:23 OK   00010_tenant_provisioning.sql (4.29ms)
2026/10/03 10:03:23 OK   00011_source_registration_history.sql (5.42ms)
2026/10/03 10:03:23 OK   00012_config_registry_lifecycle.sql (7.48ms)
2026/10/03 10:03:23 OK   00013_audit_signed_segments.sql (9.16ms)
2026/10/03 10:03:23 OK   00014_audit_segment_predecessors.sql (5.38ms)
2026/10/03 10:03:23 OK   00015_source_schema_scope.sql (3.61ms)
2026/10/03 10:03:23 OK   00016_cluster_registration_metadata.sql (4.31ms)
2026/10/03 10:03:23 OK   00017_source_data_scope.sql (4.02ms)
2026/10/03 10:03:23 OK   00018_sp04_resources_evidence.sql (9.55ms)
2026/10/03 10:03:23 OK   00019_sp04_archive_ciphertext_bytes.sql (3.44ms)
2026/10/03 10:03:23 OK   00020_sp04_request_ledger.sql (24.18ms)
2026/10/03 10:03:23 OK   00021_sp04_archive_protection.sql (3.97ms)
2026/10/03 10:03:23 OK   00022_sp04_legal_hold_dependencies.sql (3.14ms)
2026/10/03 10:03:23 OK   00023_sp04_archive_query_intent.sql (3.57ms)
2026/10/03 10:03:23 OK   00024_sp05_finding_incident.sql (12.3ms)
2026/10/03 10:03:23 OK   00025_sp05_incident_event_time.sql (3.07ms)
2026/10/03 10:03:23 OK   00026_sp05_source_binding_lock.sql (4.05ms)
2026/10/03 10:03:23 OK   00027_sp05_rca_and_poll.sql (5.36ms)
2026/10/03 10:03:23 OK   00028_sp05_operator_lock.sql (3.82ms)
2026/10/03 10:03:23 OK   00029_sp05_evidence_links.sql (5.15ms)
2026/10/03 10:03:23 OK   00030_sp05_recipe_fence.sql (2.9ms)
2026/10/03 10:03:23 OK   00031_sp05_rca_postcheck.sql (2.83ms)
2026/10/03 10:03:23 OK   00032_sp05_transport_audit.sql (3.15ms)
2026/10/03 10:03:23 OK   00033_sp05_poll_resolution_clock.sql (3.28ms)
2026/10/03 10:03:23 goose: successfully migrated database to version: 33
    archive_iam_test.go:41: owned TLS/IAM fixture image=docker.io/chrislusf/seaweedfs@sha256:d4cf67729aa8777e1a43a5b61d72e5b96179e4b7bac9a221cb14cbc2036cb32e id=320f5a483aae66a34bb56fd9b9dac41f0652257fbdc56cdc7525a0f774d49896 bucket=sp05-chain-a73ea992 tenants=1
{"time":"2026-10-03T10:03:28.756329+08:00","level":"WARN","msg":"Graph ownership not ready","qualification":{"/v1/configmaps":"list_missing","/v1/events":"list_missing","/v1/nodes":"list_missing","/v1/persistentvolumeclaims":"list_missing","/v1/persistentvolumes":"list_missing","/v1/pods":"list_missing","/v1/services":"list_missing","apps/v1/daemonsets":"list_missing","apps/v1/deployments":"list_missing","apps/v1/replicasets":"list_missing","apps/v1/statefulsets":"list_missing","batch/v1/jobs":"list_missing","discovery.k8s.io/v1/endpointslices":"list_missing","storage.k8s.io/v1/csidrivers":"list_missing","storage.k8s.io/v1/csinodes":"list_missing","storage.k8s.io/v1/storageclasses":"list_missing","storage.k8s.io/v1/volumeattachments":"list_missing"}}
{"time":"2026-10-03T10:03:30.784695+08:00","level":"WARN","msg":"Graph ownership not ready","qualification":{"/v1/configmaps":"list_missing","/v1/events":"list_missing","/v1/nodes":"list_missing","/v1/persistentvolumeclaims":"list_missing","/v1/persistentvolumes":"list_missing","/v1/services":"list_missing","apps/v1/daemonsets":"list_missing","apps/v1/deployments":"list_missing","apps/v1/replicasets":"list_missing","apps/v1/statefulsets":"list_missing","discovery.k8s.io/v1/endpointslices":"list_missing","storage.k8s.io/v1/csidrivers":"list_missing","storage.k8s.io/v1/csinodes":"list_missing","storage.k8s.io/v1/storageclasses":"list_missing","storage.k8s.io/v1/volumeattachments":"list_missing"}}
{"time":"2026-10-03T10:03:39.13817+08:00","level":"INFO","msg":"http request complete","request_id":"01a0ff80-b073-7ead-99bf-b8ff739fa0b8","method":"GET","status_code":200,"duration_ms":142}
{"time":"2026-10-03T10:03:39.147059+08:00","level":"INFO","msg":"http request complete","request_id":"01a0ff80-b103-74da-924d-687a64a7dbf6","method":"GET","status_code":200,"duration_ms":7}
{"time":"2026-10-03T10:03:39.151443+08:00","level":"INFO","msg":"http request complete","request_id":"01a0ff80-b10b-7465-adda-3e1691c9ed9a","method":"GET","status_code":200,"duration_ms":4}
{"time":"2026-10-03T10:03:39.156946+08:00","level":"INFO","msg":"http request complete","request_id":"01a0ff80-b10f-78cd-9b85-6c58485ffa2e","method":"GET","status_code":200,"duration_ms":5}
{"time":"2026-10-03T10:03:39.186555+08:00","level":"INFO","msg":"http request complete","request_id":"01a0ff80-b115-7246-8b30-5889e761b1cc","method":"GET","status_code":200,"duration_ms":29}
{"time":"2026-10-03T10:03:39.40676+08:00","level":"INFO","msg":"http request complete","request_id":"01a0ff80-b1fc-7c6f-ad69-213031ecc161","method":"GET","status_code":200,"duration_ms":17}
{"time":"2026-10-03T10:03:39.632438+08:00","level":"INFO","msg":"http request complete","request_id":"01a0ff80-b2d9-72e6-9cf8-89c3943c67e9","method":"GET","status_code":200,"duration_ms":23}
{"time":"2026-10-03T10:03:39.861492+08:00","level":"INFO","msg":"http request complete","request_id":"01a0ff80-b3ba-7edc-9ccf-bd3ce207ed8c","method":"GET","status_code":200,"duration_ms":26}
{"time":"2026-10-03T10:03:40.083446+08:00","level":"INFO","msg":"http request complete","request_id":"01a0ff80-b49e-7b85-a410-2fc2a5758046","method":"GET","status_code":200,"duration_ms":20}
{"time":"2026-10-03T10:03:40.310613+08:00","level":"INFO","msg":"http request complete","request_id":"01a0ff80-b57d-7ef8-b582-2deab826bd0a","method":"GET","status_code":200,"duration_ms":24}
{"time":"2026-10-03T10:03:40.53734+08:00","level":"INFO","msg":"http request complete","request_id":"01a0ff80-b65f-79a0-9af0-895e84344dd3","method":"GET","status_code":200,"duration_ms":25}
{"time":"2026-10-03T10:03:40.764606+08:00","level":"INFO","msg":"http request complete","request_id":"01a0ff80-b742-70b7-8e71-5459e7d85144","method":"GET","status_code":200,"duration_ms":26}
{"time":"2026-10-03T10:03:40.98558+08:00","level":"INFO","msg":"http request complete","request_id":"01a0ff80-b827-7061-a9e1-f69ace620269","method":"GET","status_code":200,"duration_ms":18}
{"time":"2026-10-03T10:03:41.197358+08:00","level":"INFO","msg":"http request complete","request_id":"01a0ff80-b903-7f2e-a380-3e351c8ccd21","method":"GET","status_code":200,"duration_ms":9}
{"time":"2026-10-03T10:03:41.408541+08:00","level":"INFO","msg":"http request complete","request_id":"01a0ff80-b9d7-7664-afd7-edd879855ddc","method":"GET","status_code":200,"duration_ms":9}
{"time":"2026-10-03T10:03:41.653456+08:00","level":"INFO","msg":"http request complete","request_id":"01a0ff80-baaa-70bb-9db9-76d901d26d27","method":"GET","status_code":200,"duration_ms":43}
{"time":"2026-10-03T10:03:41.904189+08:00","level":"INFO","msg":"http request complete","request_id":"01a0ff80-bb9f-7b81-a234-f34ba96b5b5e","method":"GET","status_code":200,"duration_ms":48}
{"time":"2026-10-03T10:03:42.182117+08:00","level":"INFO","msg":"http request complete","request_id":"01a0ff80-bc99-736e-a41b-88cdb504f36f","method":"GET","status_code":200,"duration_ms":76}
{"time":"2026-10-03T10:03:42.414773+08:00","level":"INFO","msg":"http request complete","request_id":"01a0ff80-bdb0-7816-8fcf-7e74b1dbd907","method":"GET","status_code":200,"duration_ms":30}
{"time":"2026-10-03T10:03:42.642631+08:00","level":"INFO","msg":"http request complete","request_id":"01a0ff80-be97-7f26-b4fb-97eefe7c2c90","method":"GET","status_code":200,"duration_ms":26}
{"time":"2026-10-03T10:03:42.86872+08:00","level":"INFO","msg":"http request complete","request_id":"01a0ff80-bf7d-7148-bf67-f53b01084b75","method":"GET","status_code":200,"duration_ms":23}
{"time":"2026-10-03T10:03:43.092619+08:00","level":"INFO","msg":"http request complete","request_id":"01a0ff80-c05e-75cc-bde9-05935ea5224b","method":"GET","status_code":200,"duration_ms":22}
{"time":"2026-10-03T10:03:43.319923+08:00","level":"INFO","msg":"http request complete","request_id":"01a0ff80-c13d-774f-ab54-e6b28efa8fa7","method":"GET","status_code":200,"duration_ms":26}
{"time":"2026-10-03T10:03:43.57399+08:00","level":"INFO","msg":"http request complete","request_id":"01a0ff80-c221-7668-a0fa-28b1ee8dc4bd","method":"GET","status_code":200,"duration_ms":52}
{"time":"2026-10-03T10:03:43.794754+08:00","level":"INFO","msg":"http request complete","request_id":"01a0ff80-c31f-750c-97af-4e0085b5b67a","method":"GET","status_code":200,"duration_ms":19}
{"time":"2026-10-03T10:03:44.022893+08:00","level":"INFO","msg":"http request complete","request_id":"01a0ff80-c3fd-71bd-aea7-54d197f1e94b","method":"GET","status_code":200,"duration_ms":25}
{"time":"2026-10-03T10:03:44.238224+08:00","level":"INFO","msg":"http request complete","request_id":"01a0ff80-c4e0-74fd-bc30-a8f4be57e14e","method":"GET","status_code":200,"duration_ms":13}
{"time":"2026-10-03T10:03:44.464052+08:00","level":"INFO","msg":"http request complete","request_id":"01a0ff80-c5b8-79fa-b5ee-554fffb84e56","method":"GET","status_code":200,"duration_ms":23}
{"time":"2026-10-03T10:03:44.681175+08:00","level":"INFO","msg":"http request complete","request_id":"01a0ff80-c698-7a60-bdb7-1c7dac399074","method":"GET","status_code":200,"duration_ms":16}
{"time":"2026-10-03T10:03:44.894317+08:00","level":"INFO","msg":"http request complete","request_id":"01a0ff80-c773-7910-a6a1-f92534335c6a","method":"GET","status_code":200,"duration_ms":10}
{"time":"2026-10-03T10:03:45.125652+08:00","level":"INFO","msg":"http request complete","request_id":"01a0ff80-c847-7b81-bd4c-ea6dfee407a8","method":"GET","status_code":200,"duration_ms":29}
{"time":"2026-10-03T10:03:45.343647+08:00","level":"INFO","msg":"http request complete","request_id":"01a0ff80-c92e-7e01-ab02-9abe43ba3208","method":"GET","status_code":200,"duration_ms":16}
{"time":"2026-10-03T10:03:45.566436+08:00","level":"INFO","msg":"http request complete","request_id":"01a0ff80-ca09-7e6f-ad23-e088206aa2e8","method":"GET","status_code":200,"duration_ms":20}
{"time":"2026-10-03T10:03:45.793955+08:00","level":"INFO","msg":"http request complete","request_id":"01a0ff80-cae8-716f-9852-8ad6c6dcd4bf","method":"GET","status_code":200,"duration_ms":25}
{"time":"2026-10-03T10:03:46.005043+08:00","level":"INFO","msg":"http request complete","request_id":"01a0ff80-cbcc-750c-94a7-0f3d11448fa4","method":"GET","status_code":200,"duration_ms":8}
{"time":"2026-10-03T10:03:46.250443+08:00","level":"INFO","msg":"http request complete","request_id":"01a0ff80-cc9f-77d0-9967-4b19ffc6992c","method":"GET","status_code":200,"duration_ms":42}
{"time":"2026-10-03T10:03:46.469102+08:00","level":"INFO","msg":"http request complete","request_id":"01a0ff80-cd93-744d-8963-81a7b1cc9523","method":"GET","status_code":200,"duration_ms":17}
{"time":"2026-10-03T10:03:46.722645+08:00","level":"INFO","msg":"http request complete","request_id":"01a0ff80-ce6d-7947-867e-9315b01268d3","method":"GET","status_code":200,"duration_ms":52}
{"time":"2026-10-03T10:03:46.934635+08:00","level":"INFO","msg":"http request complete","request_id":"01a0ff80-cf6d-71f7-9167-e66003167b91","method":"GET","status_code":200,"duration_ms":9}
{"time":"2026-10-03T10:03:47.166154+08:00","level":"INFO","msg":"http request complete","request_id":"01a0ff80-d040-7eec-8efb-85dc08861176","method":"GET","status_code":200,"duration_ms":29}
{"time":"2026-10-03T10:03:47.376856+08:00","level":"INFO","msg":"http request complete","request_id":"01a0ff80-d126-78f1-978f-0508b69663de","method":"GET","status_code":200,"duration_ms":10}
{"time":"2026-10-03T10:03:47.593532+08:00","level":"INFO","msg":"http request complete","request_id":"01a0ff80-d1f9-769f-ac16-dad0569c2cf2","method":"GET","status_code":200,"duration_ms":16}
{"time":"2026-10-03T10:03:47.825517+08:00","level":"INFO","msg":"http request complete","request_id":"01a0ff80-d2d2-7119-aebb-ecdd8ca3c97a","method":"GET","status_code":200,"duration_ms":31}
{"time":"2026-10-03T10:03:48.038774+08:00","level":"INFO","msg":"http request complete","request_id":"01a0ff80-d3bb-7e38-a07f-a97b7e5db5ae","method":"GET","status_code":200,"duration_ms":10}
{"time":"2026-10-03T10:03:48.249764+08:00","level":"INFO","msg":"http request complete","request_id":"01a0ff80-d491-735b-af76-42ca19b01040","method":"GET","status_code":200,"duration_ms":8}
{"time":"2026-10-03T10:03:48.460632+08:00","level":"INFO","msg":"http request complete","request_id":"01a0ff80-d563-7687-94ef-066a0c359575","method":"GET","status_code":200,"duration_ms":9}
{"time":"2026-10-03T10:03:48.685743+08:00","level":"INFO","msg":"http request complete","request_id":"01a0ff80-d636-7547-866e-2899f9477119","method":"GET","status_code":200,"duration_ms":23}
{"time":"2026-10-03T10:03:48.931255+08:00","level":"INFO","msg":"http request complete","request_id":"01a0ff80-d717-76c6-8048-ca65cb7d109b","method":"GET","status_code":200,"duration_ms":43}
{"time":"2026-10-03T10:03:49.142445+08:00","level":"INFO","msg":"http request complete","request_id":"01a0ff80-d80d-79e7-8372-73a2b4896dec","method":"GET","status_code":200,"duration_ms":8}
{"time":"2026-10-03T10:03:49.353958+08:00","level":"INFO","msg":"http request complete","request_id":"01a0ff80-d8e1-71ec-a8d8-b85a037484a4","method":"GET","status_code":200,"duration_ms":8}
{"time":"2026-10-03T10:03:49.574454+08:00","level":"INFO","msg":"http request complete","request_id":"01a0ff80-d9b2-7b23-bbc6-a846f18a7fee","method":"GET","status_code":200,"duration_ms":19}
{"time":"2026-10-03T10:03:49.785871+08:00","level":"INFO","msg":"http request complete","request_id":"01a0ff80-da90-7d36-9dd3-9ad885cb7276","method":"GET","status_code":200,"duration_ms":8}
{"time":"2026-10-03T10:03:50.018573+08:00","level":"INFO","msg":"http request complete","request_id":"01a0ff80-db63-73ef-bea5-b924b46d5b26","method":"GET","status_code":200,"duration_ms":31}
{"time":"2026-10-03T10:03:50.258508+08:00","level":"INFO","msg":"http request complete","request_id":"01a0ff80-dc4d-703e-8b54-134de74eb33b","method":"GET","status_code":200,"duration_ms":37}
{"time":"2026-10-03T10:03:50.475665+08:00","level":"INFO","msg":"http request complete","request_id":"01a0ff80-dd3b-7547-acd4-921f7482a112","method":"GET","status_code":200,"duration_ms":16}
{"time":"2026-10-03T10:03:50.756729+08:00","level":"INFO","msg":"http request complete","request_id":"01a0ff80-de15-7aa6-b17b-d9d0ecc41a59","method":"GET","status_code":200,"duration_ms":78}
{"time":"2026-10-03T10:03:50.973604+08:00","level":"INFO","msg":"http request complete","request_id":"01a0ff80-df2e-798d-aba4-3d27e0348cb5","method":"GET","status_code":200,"duration_ms":14}
{"time":"2026-10-03T10:03:51.186209+08:00","level":"INFO","msg":"http request complete","request_id":"01a0ff80-e008-706d-a801-1f675d545dd9","method":"GET","status_code":200,"duration_ms":10}
{"time":"2026-10-03T10:03:51.418597+08:00","level":"INFO","msg":"http request complete","request_id":"01a0ff80-e0da-78fc-89e1-2877cf80cca4","method":"GET","status_code":200,"duration_ms":31}
{"time":"2026-10-03T10:03:51.652033+08:00","level":"INFO","msg":"http request complete","request_id":"01a0ff80-e1c3-789f-b82f-a50e4fe52382","method":"GET","status_code":200,"duration_ms":32}
{"time":"2026-10-03T10:03:51.888351+08:00","level":"INFO","msg":"http request complete","request_id":"01a0ff80-e2ae-71f4-a3b0-75957a4bef41","method":"GET","status_code":200,"duration_ms":34}
{"time":"2026-10-03T10:03:52.102391+08:00","level":"INFO","msg":"http request complete","request_id":"01a0ff80-e39a-7641-a6b5-9f7211dcf128","method":"GET","status_code":200,"duration_ms":11}
{"time":"2026-10-03T10:03:52.323698+08:00","level":"INFO","msg":"http request complete","request_id":"01a0ff80-e470-78ae-8695-5d74dc26c9b9","method":"GET","status_code":200,"duration_ms":19}
{"time":"2026-10-03T10:03:52.537088+08:00","level":"INFO","msg":"http request complete","request_id":"01a0ff80-e54e-7167-8168-91f554f247c5","method":"GET","status_code":200,"duration_ms":10}
{"time":"2026-10-03T10:03:52.74985+08:00","level":"INFO","msg":"http request complete","request_id":"01a0ff80-e623-780a-b5a3-7b382b3989a8","method":"GET","status_code":200,"duration_ms":10}
{"time":"2026-10-03T10:03:52.966488+08:00","level":"INFO","msg":"http request complete","request_id":"01a0ff80-e6f8-750c-af63-461f03198d7b","method":"GET","status_code":200,"duration_ms":14}
{"time":"2026-10-03T10:03:53.184511+08:00","level":"INFO","msg":"http request complete","request_id":"01a0ff80-e7d0-7ef0-9f55-e8e32c632764","method":"GET","status_code":200,"duration_ms":15}
{"time":"2026-10-03T10:03:53.397532+08:00","level":"INFO","msg":"http request complete","request_id":"01a0ff80-e8aa-7dea-a44b-8b87362eed35","method":"GET","status_code":200,"duration_ms":10}
{"time":"2026-10-03T10:03:53.628479+08:00","level":"INFO","msg":"http request complete","request_id":"01a0ff80-e97f-7e53-ba78-eb0f64b9d485","method":"GET","status_code":200,"duration_ms":28}
{"time":"2026-10-03T10:03:53.857863+08:00","level":"INFO","msg":"http request complete","request_id":"01a0ff80-ea65-75f3-999e-eedd6478cae1","method":"GET","status_code":200,"duration_ms":28}
{"time":"2026-10-03T10:03:54.089258+08:00","level":"INFO","msg":"http request complete","request_id":"01a0ff80-eb4c-7883-b1c2-b4d5c26fdc0b","method":"GET","status_code":200,"duration_ms":28}
{"time":"2026-10-03T10:03:54.306964+08:00","level":"INFO","msg":"http request complete","request_id":"01a0ff80-ec33-7b2f-a83c-ba28f9771209","method":"GET","status_code":200,"duration_ms":15}
{"time":"2026-10-03T10:03:54.526084+08:00","level":"INFO","msg":"http request complete","request_id":"01a0ff80-ed0d-7367-947e-e3e539a08eb5","method":"GET","status_code":200,"duration_ms":16}
{"time":"2026-10-03T10:03:54.738852+08:00","level":"INFO","msg":"http request complete","request_id":"01a0ff80-ede8-792f-9f57-165dd5b56cb2","method":"GET","status_code":200,"duration_ms":10}
{"time":"2026-10-03T10:03:54.95083+08:00","level":"INFO","msg":"http request complete","request_id":"01a0ff80-eebd-753f-b5dc-951b72e00bfa","method":"GET","status_code":200,"duration_ms":9}
{"time":"2026-10-03T10:03:55.163593+08:00","level":"INFO","msg":"http request complete","request_id":"01a0ff80-ef91-7612-9143-7407457db456","method":"GET","status_code":200,"duration_ms":10}
{"time":"2026-10-03T10:03:55.376562+08:00","level":"INFO","msg":"http request complete","request_id":"01a0ff80-f066-723a-9359-3bd7aed92867","method":"GET","status_code":200,"duration_ms":10}
{"time":"2026-10-03T10:03:55.599452+08:00","level":"INFO","msg":"http request complete","request_id":"01a0ff80-f13a-7ebd-a13c-454b6a0bfa4a","method":"GET","status_code":200,"duration_ms":20}
{"time":"2026-10-03T10:03:55.816794+08:00","level":"INFO","msg":"http request complete","request_id":"01a0ff80-f219-7e09-806c-ca6687b16e7d","method":"GET","status_code":200,"duration_ms":14}
{"time":"2026-10-03T10:03:56.031622+08:00","level":"INFO","msg":"http request complete","request_id":"01a0ff80-f2f3-7395-b9da-955ac18a9ab6","method":"GET","status_code":200,"duration_ms":12}
{"time":"2026-10-03T10:03:56.24553+08:00","level":"INFO","msg":"http request complete","request_id":"01a0ff80-f3ca-7138-863f-df85bc8c03b9","method":"GET","status_code":200,"duration_ms":11}
{"time":"2026-10-03T10:03:56.472001+08:00","level":"INFO","msg":"http request complete","request_id":"01a0ff80-f4a0-703a-a015-3bd6e9783b08","method":"GET","status_code":200,"duration_ms":23}
{"time":"2026-10-03T10:03:56.68387+08:00","level":"INFO","msg":"http request complete","request_id":"01a0ff80-f581-7b56-8990-a6f960effeed","method":"GET","status_code":200,"duration_ms":10}
{"time":"2026-10-03T10:03:56.909116+08:00","level":"INFO","msg":"http request complete","request_id":"01a0ff80-f656-74ca-841b-55a48f7d6295","method":"GET","status_code":200,"duration_ms":22}
{"time":"2026-10-03T10:03:57.130396+08:00","level":"INFO","msg":"http request complete","request_id":"01a0ff80-f737-7937-a585-ae3e95d80150","method":"GET","status_code":200,"duration_ms":18}
{"time":"2026-10-03T10:03:57.345464+08:00","level":"INFO","msg":"http request complete","request_id":"01a0ff80-f814-7c7b-999d-84e2630ac1fa","method":"GET","status_code":200,"duration_ms":12}
{"time":"2026-10-03T10:03:57.558395+08:00","level":"INFO","msg":"http request complete","request_id":"01a0ff80-f8ec-71e0-9c60-69311ec8de95","method":"GET","status_code":200,"duration_ms":10}
{"time":"2026-10-03T10:03:57.770372+08:00","level":"INFO","msg":"http request complete","request_id":"01a0ff80-f9bf-76b2-930a-94dc355a1845","method":"GET","status_code":200,"duration_ms":10}
{"time":"2026-10-03T10:03:57.990114+08:00","level":"INFO","msg":"http request complete","request_id":"01a0ff80-fa93-77d3-aac8-79b8d49e6331","method":"GET","status_code":200,"duration_ms":18}
{"time":"2026-10-03T10:03:58.202276+08:00","level":"INFO","msg":"http request complete","request_id":"01a0ff80-fb6f-730d-a197-c45ed82f6e89","method":"GET","status_code":200,"duration_ms":11}
{"time":"2026-10-03T10:03:58.419949+08:00","level":"INFO","msg":"http request complete","request_id":"01a0ff80-fc44-7a6f-af00-3b66d83e330c","method":"GET","status_code":200,"duration_ms":15}
{"time":"2026-10-03T10:03:58.641413+08:00","level":"INFO","msg":"http request complete","request_id":"01a0ff80-fd1e-7655-bd5a-76a866a18416","method":"GET","status_code":200,"duration_ms":18}
{"time":"2026-10-03T10:03:58.85747+08:00","level":"INFO","msg":"http request complete","request_id":"01a0ff80-fdfb-7e29-9525-cdf3757a7dd1","method":"GET","status_code":200,"duration_ms":13}
{"time":"2026-10-03T10:03:59.081797+08:00","level":"INFO","msg":"http request complete","request_id":"01a0ff80-fed1-7da0-b1cd-e302731a9044","method":"GET","status_code":200,"duration_ms":23}
{"time":"2026-10-03T10:03:59.309629+08:00","level":"INFO","msg":"http request complete","request_id":"01a0ff80-ffb4-7403-8c6a-3ebb85e58c13","method":"GET","status_code":200,"duration_ms":25}
{"time":"2026-10-03T10:03:59.538882+08:00","level":"INFO","msg":"http request complete","request_id":"01a0ff81-0098-72d6-b72e-7c390cee6be0","method":"GET","status_code":200,"duration_ms":26}
{"time":"2026-10-03T10:03:59.752808+08:00","level":"INFO","msg":"http request complete","request_id":"01a0ff81-017d-74be-8295-f95a8a655cab","method":"GET","status_code":200,"duration_ms":11}
{"time":"2026-10-03T10:03:59.984028+08:00","level":"INFO","msg":"http request complete","request_id":"01a0ff81-0253-741a-9d7f-425834a6c82f","method":"GET","status_code":200,"duration_ms":28}
{"time":"2026-10-03T10:04:00.194851+08:00","level":"INFO","msg":"http request complete","request_id":"01a0ff81-0339-7000-ae52-aa7f09032dc4","method":"GET","status_code":200,"duration_ms":9}
{"time":"2026-10-03T10:04:00.430349+08:00","level":"INFO","msg":"http request complete","request_id":"01a0ff81-040d-7363-af13-854e2fb89528","method":"GET","status_code":200,"duration_ms":33}
{"time":"2026-10-03T10:04:00.643541+08:00","level":"INFO","msg":"http request complete","request_id":"01a0ff81-04f7-721b-9cad-3c2269d8bdc3","method":"GET","status_code":200,"duration_ms":12}
{"time":"2026-10-03T10:04:00.881347+08:00","level":"INFO","msg":"http request complete","request_id":"01a0ff81-05cd-7de2-bf66-8114fff8cfb0","method":"GET","status_code":200,"duration_ms":35}
{"time":"2026-10-03T10:04:01.096444+08:00","level":"INFO","msg":"http request complete","request_id":"01a0ff81-06bb-7ead-9a25-aa5920c36bd5","method":"GET","status_code":200,"duration_ms":12}
{"time":"2026-10-03T10:04:01.3238+08:00","level":"INFO","msg":"http request complete","request_id":"01a0ff81-0790-7b94-9eaa-63d8e3cb3402","method":"GET","status_code":200,"duration_ms":27}
{"time":"2026-10-03T10:04:01.582268+08:00","level":"INFO","msg":"http request complete","request_id":"01a0ff81-0874-777a-91df-4a30973ac10f","method":"GET","status_code":200,"duration_ms":57}
{"time":"2026-10-03T10:04:01.808323+08:00","level":"INFO","msg":"http request complete","request_id":"01a0ff81-0978-7b6d-b4a5-f62a31af0c05","method":"GET","status_code":200,"duration_ms":23}
{"time":"2026-10-03T10:04:02.047742+08:00","level":"INFO","msg":"http request complete","request_id":"01a0ff81-0a58-7e29-9a26-a54c8c2eb739","method":"GET","status_code":200,"duration_ms":38}
{"time":"2026-10-03T10:04:02.26121+08:00","level":"INFO","msg":"http request complete","request_id":"01a0ff81-0b49-78e5-9579-c2201fab943a","method":"GET","status_code":200,"duration_ms":11}
{"time":"2026-10-03T10:04:02.475386+08:00","level":"INFO","msg":"http request complete","request_id":"01a0ff81-0c1f-7a48-8a34-57298f88ef0d","method":"GET","status_code":200,"duration_ms":11}
{"time":"2026-10-03T10:04:02.699794+08:00","level":"INFO","msg":"http request complete","request_id":"01a0ff81-0cf3-7abe-985c-4dde7408b134","method":"GET","status_code":200,"duration_ms":24}
{"time":"2026-10-03T10:04:02.925171+08:00","level":"INFO","msg":"http request complete","request_id":"01a0ff81-0dd5-76a7-98e9-a6001ad5ccc7","method":"GET","status_code":200,"duration_ms":23}
{"time":"2026-10-03T10:04:03.158285+08:00","level":"INFO","msg":"http request complete","request_id":"01a0ff81-0eb7-7d56-9a3b-9749d8d89e3c","method":"GET","status_code":200,"duration_ms":30}
{"time":"2026-10-03T10:04:03.378191+08:00","level":"INFO","msg":"http request complete","request_id":"01a0ff81-0f9f-79c7-bb2b-b9fdc8b9cdf6","method":"GET","status_code":200,"duration_ms":18}
{"time":"2026-10-03T10:04:03.604026+08:00","level":"INFO","msg":"http request complete","request_id":"01a0ff81-107c-7b08-9395-9c33d32a7261","method":"GET","status_code":200,"duration_ms":23}
{"time":"2026-10-03T10:04:03.83441+08:00","level":"INFO","msg":"http request complete","request_id":"01a0ff81-115e-780a-9220-5d206e55475a","method":"GET","status_code":200,"duration_ms":27}
{"time":"2026-10-03T10:04:04.078405+08:00","level":"INFO","msg":"http request complete","request_id":"01a0ff81-1244-7d04-afbc-7510326054b2","method":"GET","status_code":200,"duration_ms":41}
{"time":"2026-10-03T10:04:04.293111+08:00","level":"INFO","msg":"http request complete","request_id":"01a0ff81-1337-7a31-a711-68e05faeefd6","method":"GET","status_code":200,"duration_ms":13}
{"time":"2026-10-03T10:04:04.518092+08:00","level":"INFO","msg":"http request complete","request_id":"01a0ff81-140f-7831-aa59-3059c3bb6d88","method":"GET","status_code":200,"duration_ms":22}
{"time":"2026-10-03T10:04:04.736421+08:00","level":"INFO","msg":"http request complete","request_id":"01a0ff81-14ee-77f7-a2cb-eeb663c4ee22","method":"GET","status_code":200,"duration_ms":17}
{"time":"2026-10-03T10:04:04.972463+08:00","level":"INFO","msg":"http request complete","request_id":"01a0ff81-15ca-7d81-aedc-1f9e5e1f508e","method":"GET","status_code":200,"duration_ms":33}
{"time":"2026-10-03T10:04:05.186618+08:00","level":"INFO","msg":"http request complete","request_id":"01a0ff81-16b6-7ea9-b681-93760db7bbd8","method":"GET","status_code":200,"duration_ms":11}
{"time":"2026-10-03T10:04:05.419337+08:00","level":"INFO","msg":"http request complete","request_id":"01a0ff81-178d-730d-a9c4-ad1b34e72e84","method":"GET","status_code":200,"duration_ms":30}
{"time":"2026-10-03T10:04:05.647223+08:00","level":"INFO","msg":"http request complete","request_id":"01a0ff81-1875-7d36-a0da-425cccb6c689","method":"GET","status_code":200,"duration_ms":25}
{"time":"2026-10-03T10:04:05.859571+08:00","level":"INFO","msg":"http request complete","request_id":"01a0ff81-1959-7bf6-908a-5901c6b7f1c7","method":"GET","status_code":200,"duration_ms":9}
{"time":"2026-10-03T10:04:06.075173+08:00","level":"INFO","msg":"http request complete","request_id":"01a0ff81-1a2d-7324-83f1-e2fbd0b67187","method":"GET","status_code":200,"duration_ms":13}
{"time":"2026-10-03T10:04:06.297621+08:00","level":"INFO","msg":"http request complete","request_id":"01a0ff81-1b05-79c0-b400-9c248ca4aa0a","method":"GET","status_code":200,"duration_ms":19}
{"time":"2026-10-03T10:04:06.520916+08:00","level":"INFO","msg":"http request complete","request_id":"01a0ff81-1be4-714f-92c9-693bd3e25406","method":"GET","status_code":200,"duration_ms":20}
{"time":"2026-10-03T10:04:06.7347+08:00","level":"INFO","msg":"http request complete","request_id":"01a0ff81-1cc3-7562-8abf-2f6a033bcb13","method":"GET","status_code":200,"duration_ms":11}
{"time":"2026-10-03T10:04:07.124461+08:00","level":"INFO","msg":"http request complete","request_id":"01a0ff81-1d97-7cbd-bebb-41b0bdb2144a","method":"GET","status_code":200,"duration_ms":188}
{"time":"2026-10-03T10:04:07.379459+08:00","level":"INFO","msg":"http request complete","request_id":"01a0ff81-1f1f-7f3e-b34b-7b3fc72bafc1","method":"GET","status_code":200,"duration_ms":51}
{"time":"2026-10-03T10:04:07.598593+08:00","level":"INFO","msg":"http request complete","request_id":"01a0ff81-201e-791c-a1e4-1946cbbc8862","method":"GET","status_code":200,"duration_ms":15}
{"time":"2026-10-03T10:04:07.819642+08:00","level":"INFO","msg":"http request complete","request_id":"01a0ff81-20f9-7318-bdb1-d218105df00d","method":"GET","status_code":200,"duration_ms":18}
{"time":"2026-10-03T10:04:08.036537+08:00","level":"INFO","msg":"http request complete","request_id":"01a0ff81-21d5-7543-9aeb-78209dea79e4","method":"GET","status_code":200,"duration_ms":15}
{"time":"2026-10-03T10:04:08.249684+08:00","level":"INFO","msg":"http request complete","request_id":"01a0ff81-22af-7290-ac2b-b53f7e5447da","method":"GET","status_code":200,"duration_ms":10}
{"time":"2026-10-03T10:04:08.462331+08:00","level":"INFO","msg":"http request complete","request_id":"01a0ff81-2383-7ab6-b730-a18b839d01ee","method":"GET","status_code":200,"duration_ms":10}
{"time":"2026-10-03T10:04:08.675038+08:00","level":"INFO","msg":"http request complete","request_id":"01a0ff81-2456-7b27-b8dc-95e8d24bece3","method":"GET","status_code":200,"duration_ms":12}
{"time":"2026-10-03T10:04:08.893174+08:00","level":"INFO","msg":"http request complete","request_id":"01a0ff81-252d-7845-b28c-da563cf88259","method":"GET","status_code":200,"duration_ms":15}
{"time":"2026-10-03T10:04:09.114436+08:00","level":"INFO","msg":"http request complete","request_id":"01a0ff81-2607-7a29-9b89-fc77995c75bc","method":"GET","status_code":200,"duration_ms":18}
{"time":"2026-10-03T10:04:09.329831+08:00","level":"INFO","msg":"http request complete","request_id":"01a0ff81-26e4-7dde-a0ab-6ba4458d09cb","method":"GET","status_code":200,"duration_ms":12}
{"time":"2026-10-03T10:04:09.57047+08:00","level":"INFO","msg":"http request complete","request_id":"01a0ff81-27bc-7461-bcab-3ddd0584cf20","method":"GET","status_code":200,"duration_ms":38}
{"time":"2026-10-03T10:04:09.792159+08:00","level":"INFO","msg":"http request complete","request_id":"01a0ff81-28ab-7678-b9cb-f795bc5859fa","method":"GET","status_code":200,"duration_ms":20}
{"time":"2026-10-03T10:04:10.021341+08:00","level":"INFO","msg":"http request complete","request_id":"01a0ff81-298a-7c31-8089-35d070a1f11d","method":"GET","status_code":200,"duration_ms":26}
{"time":"2026-10-03T10:04:10.233258+08:00","level":"INFO","msg":"http request complete","request_id":"01a0ff81-2a6e-7af4-9474-5a5693be3640","method":"GET","status_code":200,"duration_ms":10}
{"time":"2026-10-03T10:04:10.446133+08:00","level":"INFO","msg":"http request complete","request_id":"01a0ff81-2b43-7a8b-a31f-61861bffb4a7","method":"GET","status_code":200,"duration_ms":10}
{"time":"2026-10-03T10:04:10.672553+08:00","level":"INFO","msg":"http request complete","request_id":"01a0ff81-2c18-7416-b722-5d507567451f","method":"GET","status_code":200,"duration_ms":24}
{"time":"2026-10-03T10:04:10.910487+08:00","level":"INFO","msg":"http request complete","request_id":"01a0ff81-2cfb-721e-94ec-9f7809f9c6cc","method":"GET","status_code":200,"duration_ms":35}
{"time":"2026-10-03T10:04:11.130003+08:00","level":"INFO","msg":"http request complete","request_id":"01a0ff81-2de8-7ef8-9851-30900e468175","method":"GET","status_code":200,"duration_ms":16}
{"time":"2026-10-03T10:04:11.35624+08:00","level":"INFO","msg":"http request complete","request_id":"01a0ff81-2ec3-723a-befb-42250621dda0","method":"GET","status_code":200,"duration_ms":25}
{"time":"2026-10-03T10:04:11.577937+08:00","level":"INFO","msg":"http request complete","request_id":"01a0ff81-2fa4-7d52-b9ac-5455c77afd15","method":"GET","status_code":200,"duration_ms":21}
{"time":"2026-10-03T10:04:11.815819+08:00","level":"INFO","msg":"http request complete","request_id":"01a0ff81-3084-7daf-876b-54de99357860","method":"GET","status_code":200,"duration_ms":34}
{"time":"2026-10-03T10:04:12.029089+08:00","level":"INFO","msg":"http request complete","request_id":"01a0ff81-3171-7520-a8a9-8ca0f8369006","method":"GET","status_code":200,"duration_ms":11}
{"time":"2026-10-03T10:04:12.241822+08:00","level":"INFO","msg":"http request complete","request_id":"01a0ff81-3247-79fa-801d-d449b005f294","method":"GET","status_code":200,"duration_ms":10}
{"time":"2026-10-03T10:04:12.458575+08:00","level":"INFO","msg":"http request complete","request_id":"01a0ff81-331c-742a-b5ef-8ec78cc6ddf4","method":"GET","status_code":200,"duration_ms":14}
{"time":"2026-10-03T10:04:12.66966+08:00","level":"INFO","msg":"http request complete","request_id":"01a0ff81-33f3-786c-bc7a-15b9664de820","method":"GET","status_code":200,"duration_ms":10}
{"time":"2026-10-03T10:04:12.88391+08:00","level":"INFO","msg":"http request complete","request_id":"01a0ff81-34c8-7334-b51d-cb6d79117ce4","method":"GET","status_code":200,"duration_ms":11}
{"time":"2026-10-03T10:04:13.119231+08:00","level":"INFO","msg":"http request complete","request_id":"01a0ff81-359e-76ca-bbbf-cc4f46f5104b","method":"GET","status_code":200,"duration_ms":32}
{"time":"2026-10-03T10:04:13.333774+08:00","level":"INFO","msg":"http request complete","request_id":"01a0ff81-3689-76ae-9d5e-ed81e28d37a8","method":"GET","status_code":200,"duration_ms":12}
{"time":"2026-10-03T10:04:13.567299+08:00","level":"INFO","msg":"http request complete","request_id":"01a0ff81-3760-73bd-a0e3-0644c7b30666","method":"GET","status_code":200,"duration_ms":31}
{"time":"2026-10-03T10:04:13.792168+08:00","level":"INFO","msg":"http request complete","request_id":"01a0ff81-3849-7d9c-8a30-dd3a477bd055","method":"GET","status_code":200,"duration_ms":22}
{"time":"2026-10-03T10:04:14.026573+08:00","level":"INFO","msg":"http request complete","request_id":"01a0ff81-392a-7966-ae8b-f9bc5b7a4e4a","method":"GET","status_code":200,"duration_ms":31}
{"time":"2026-10-03T10:04:14.252549+08:00","level":"INFO","msg":"http request complete","request_id":"01a0ff81-3a15-714f-afe7-86f34e7ca24b","method":"GET","status_code":200,"duration_ms":23}
{"time":"2026-10-03T10:04:14.465737+08:00","level":"INFO","msg":"http request complete","request_id":"01a0ff81-3af5-7b81-8287-8eadc0b88708","method":"GET","status_code":200,"duration_ms":11}
{"time":"2026-10-03T10:04:14.683824+08:00","level":"INFO","msg":"http request complete","request_id":"01a0ff81-3bca-787f-bd92-a1f0e1053319","method":"GET","status_code":200,"duration_ms":17}
{"time":"2026-10-03T10:04:14.897752+08:00","level":"INFO","msg":"http request complete","request_id":"01a0ff81-3ca6-757a-a84b-ee944c72d850","method":"GET","status_code":200,"duration_ms":11}
{"time":"2026-10-03T10:04:15.131124+08:00","level":"INFO","msg":"http request complete","request_id":"01a0ff81-3d7c-758d-bcc6-3255b64bc225","method":"GET","status_code":200,"duration_ms":30}
{"time":"2026-10-03T10:04:15.356695+08:00","level":"INFO","msg":"http request complete","request_id":"01a0ff81-3e65-797d-a5cb-cc6cedcec553","method":"GET","status_code":200,"duration_ms":22}
{"time":"2026-10-03T10:04:15.61194+08:00","level":"INFO","msg":"http request complete","request_id":"01a0ff81-3f46-77a5-b05d-31464714e74c","method":"GET","status_code":200,"duration_ms":53}
{"time":"2026-10-03T10:04:15.845201+08:00","level":"INFO","msg":"http request complete","request_id":"01a0ff81-4044-776e-8f6f-a798f3dab591","method":"GET","status_code":200,"duration_ms":32}
{"time":"2026-10-03T10:04:16.058988+08:00","level":"INFO","msg":"http request complete","request_id":"01a0ff81-412f-7db3-bf8a-e682afe7cc15","method":"GET","status_code":200,"duration_ms":11}
{"time":"2026-10-03T10:04:16.292409+08:00","level":"INFO","msg":"http request complete","request_id":"01a0ff81-4205-7835-84a4-c90d8390212f","method":"GET","status_code":200,"duration_ms":30}
{"time":"2026-10-03T10:04:16.51272+08:00","level":"INFO","msg":"http request complete","request_id":"01a0ff81-42ee-7db7-9dbd-e98199103cad","method":"GET","status_code":200,"duration_ms":17}
{"time":"2026-10-03T10:04:16.729619+08:00","level":"INFO","msg":"http request complete","request_id":"01a0ff81-43cb-735f-b249-09388904c815","method":"GET","status_code":200,"duration_ms":14}
{"time":"2026-10-03T10:04:16.953373+08:00","level":"INFO","msg":"http request complete","request_id":"01a0ff81-44a2-70ea-a19c-1030d9a98e12","method":"GET","status_code":200,"duration_ms":23}
{"time":"2026-10-03T10:04:17.167551+08:00","level":"INFO","msg":"http request complete","request_id":"01a0ff81-4583-7c58-a91f-f86a99f72f48","method":"GET","status_code":200,"duration_ms":11}
{"time":"2026-10-03T10:04:17.381637+08:00","level":"INFO","msg":"http request complete","request_id":"01a0ff81-465a-71f0-9fcc-91ec2cddc288","method":"GET","status_code":200,"duration_ms":11}
{"time":"2026-10-03T10:04:17.596601+08:00","level":"INFO","msg":"http request complete","request_id":"01a0ff81-4730-72e2-aabf-fef00ab94eb3","method":"GET","status_code":200,"duration_ms":12}
{"time":"2026-10-03T10:04:17.829867+08:00","level":"INFO","msg":"http request complete","request_id":"01a0ff81-4807-7246-bf82-34e2e5162b2d","method":"GET","status_code":200,"duration_ms":30}
{"time":"2026-10-03T10:04:18.054578+08:00","level":"INFO","msg":"http request complete","request_id":"01a0ff81-48ef-739d-abb9-3fef2ce0474a","method":"GET","status_code":200,"duration_ms":23}
{"time":"2026-10-03T10:04:18.269125+08:00","level":"INFO","msg":"http request complete","request_id":"01a0ff81-49d1-72a3-b3a3-3d6b289f92ad","method":"GET","status_code":200,"duration_ms":11}
{"time":"2026-10-03T10:04:18.48445+08:00","level":"INFO","msg":"http request complete","request_id":"01a0ff81-4aa7-7395-9229-453b7c5167e3","method":"GET","status_code":200,"duration_ms":13}
{"time":"2026-10-03T10:04:18.698102+08:00","level":"INFO","msg":"http request complete","request_id":"01a0ff81-4b7e-7a25-8600-064aede47c54","method":"GET","status_code":200,"duration_ms":11}
{"time":"2026-10-03T10:04:18.927952+08:00","level":"INFO","msg":"http request complete","request_id":"01a0ff81-4c54-7098-898a-f692f8ec066f","method":"GET","status_code":200,"duration_ms":27}
{"time":"2026-10-03T10:04:19.141461+08:00","level":"INFO","msg":"http request complete","request_id":"01a0ff81-4d3a-787b-82a7-fd01b188735b","method":"GET","status_code":200,"duration_ms":10}
{"time":"2026-10-03T10:04:19.3559+08:00","level":"INFO","msg":"http request complete","request_id":"01a0ff81-4e0f-7d94-9b1c-13af2e0c356a","method":"GET","status_code":200,"duration_ms":11}
{"time":"2026-10-03T10:04:19.57446+08:00","level":"INFO","msg":"http request complete","request_id":"01a0ff81-4ee6-75d8-a978-f064a80364f3","method":"GET","status_code":200,"duration_ms":16}
{"time":"2026-10-03T10:04:19.790381+08:00","level":"INFO","msg":"http request complete","request_id":"01a0ff81-4fc0-7e3c-b705-e2859941be8a","method":"GET","status_code":200,"duration_ms":13}
{"time":"2026-10-03T10:04:20.009677+08:00","level":"INFO","msg":"http request complete","request_id":"01a0ff81-5097-7032-a960-b2599adbce55","method":"GET","status_code":200,"duration_ms":18}
{"time":"2026-10-03T10:04:20.236259+08:00","level":"INFO","msg":"http request complete","request_id":"01a0ff81-5172-7d07-9223-499444a4c557","method":"GET","status_code":200,"duration_ms":25}
{"time":"2026-10-03T10:04:20.45019+08:00","level":"INFO","msg":"http request complete","request_id":"01a0ff81-5254-7b46-b223-aeb92997fe88","method":"GET","status_code":200,"duration_ms":13}
{"time":"2026-10-03T10:04:20.677267+08:00","level":"INFO","msg":"http request complete","request_id":"01a0ff81-532b-7259-8054-eafe271fe2cf","method":"GET","status_code":200,"duration_ms":26}
{"time":"2026-10-03T10:04:20.889593+08:00","level":"INFO","msg":"http request complete","request_id":"01a0ff81-540e-734b-a7e5-71aa40a8d497","method":"GET","status_code":200,"duration_ms":11}
{"time":"2026-10-03T10:04:21.122054+08:00","level":"INFO","msg":"http request complete","request_id":"01a0ff81-54e4-7246-b4e7-6b02a7b3a51f","method":"GET","status_code":200,"duration_ms":29}
{"time":"2026-10-03T10:04:21.336299+08:00","level":"INFO","msg":"http request complete","request_id":"01a0ff81-55ca-792b-8539-bc72a0796701","method":"GET","status_code":200,"duration_ms":13}
{"time":"2026-10-03T10:04:21.562404+08:00","level":"INFO","msg":"http request complete","request_id":"01a0ff81-56a2-75c8-8bb9-7ab3eae01bbf","method":"GET","status_code":200,"duration_ms":23}
{"time":"2026-10-03T10:04:21.796117+08:00","level":"INFO","msg":"http request complete","request_id":"01a0ff81-5784-7f26-b163-2cbcf3af8979","method":"GET","status_code":200,"duration_ms":31}
{"time":"2026-10-03T10:04:22.010006+08:00","level":"INFO","msg":"http request complete","request_id":"01a0ff81-586c-7bcf-9e73-b98f53d926fc","method":"GET","status_code":200,"duration_ms":13}
{"time":"2026-10-03T10:04:22.22421+08:00","level":"INFO","msg":"http request complete","request_id":"01a0ff81-5943-7efb-bff8-125db46192ac","method":"GET","status_code":200,"duration_ms":12}
{"time":"2026-10-03T10:04:22.453314+08:00","level":"INFO","msg":"http request complete","request_id":"01a0ff81-5a18-7ad1-af2a-8df1815b6cd4","method":"GET","status_code":200,"duration_ms":28}
{"time":"2026-10-03T10:04:22.672662+08:00","level":"INFO","msg":"http request complete","request_id":"01a0ff81-5afd-7a48-a61e-00f715e80392","method":"GET","status_code":200,"duration_ms":18}
{"time":"2026-10-03T10:04:22.885867+08:00","level":"INFO","msg":"http request complete","request_id":"01a0ff81-5bd9-7a6f-b440-b410204ff482","method":"GET","status_code":200,"duration_ms":12}
{"time":"2026-10-03T10:04:23.107311+08:00","level":"INFO","msg":"http request complete","request_id":"01a0ff81-5cb0-760a-b036-88956463ce69","method":"GET","status_code":200,"duration_ms":18}
{"time":"2026-10-03T10:04:23.36289+08:00","level":"INFO","msg":"http request complete","request_id":"01a0ff81-5d8d-7d9c-9ffc-15d5bc88d4df","method":"GET","status_code":200,"duration_ms":52}
{"time":"2026-10-03T10:04:23.585533+08:00","level":"INFO","msg":"http request complete","request_id":"01a0ff81-5e8c-7c11-8f29-9b9ab6305f2d","method":"GET","status_code":200,"duration_ms":20}
{"time":"2026-10-03T10:04:23.830654+08:00","level":"INFO","msg":"http request complete","request_id":"01a0ff81-5f6b-79c7-a51d-8e3554d3af11","method":"GET","status_code":200,"duration_ms":42}
{"time":"2026-10-03T10:04:24.045349+08:00","level":"INFO","msg":"http request complete","request_id":"01a0ff81-6061-7395-b54f-1acdf7609bf2","method":"GET","status_code":200,"duration_ms":12}
{"time":"2026-10-03T10:04:24.25972+08:00","level":"INFO","msg":"http request complete","request_id":"01a0ff81-6137-7f23-88e7-5d9a5457e4aa","method":"GET","status_code":200,"duration_ms":11}
{"time":"2026-10-03T10:04:24.47379+08:00","level":"INFO","msg":"http request complete","request_id":"01a0ff81-620e-7412-850a-6d1a27e27ea7","method":"GET","status_code":200,"duration_ms":11}
{"time":"2026-10-03T10:04:24.688019+08:00","level":"INFO","msg":"http request complete","request_id":"01a0ff81-62e3-7d81-a991-321d7510e06c","method":"GET","status_code":200,"duration_ms":12}
{"time":"2026-10-03T10:04:24.908764+08:00","level":"INFO","msg":"http request complete","request_id":"01a0ff81-63ba-780e-b278-63ae82fd55bf","method":"GET","status_code":200,"duration_ms":18}
{"time":"2026-10-03T10:04:25.122948+08:00","level":"INFO","msg":"http request complete","request_id":"01a0ff81-6497-7660-acff-72d6632ae4bb","method":"GET","status_code":200,"duration_ms":11}
{"time":"2026-10-03T10:04:25.337135+08:00","level":"INFO","msg":"http request complete","request_id":"01a0ff81-656d-7484-966d-e0bdc04421d7","method":"GET","status_code":200,"duration_ms":11}
{"time":"2026-10-03T10:04:25.570108+08:00","level":"INFO","msg":"http request complete","request_id":"01a0ff81-6643-7b4e-831e-33c1bc481a07","method":"GET","status_code":200,"duration_ms":30}
{"time":"2026-10-03T10:04:25.784566+08:00","level":"INFO","msg":"http request complete","request_id":"01a0ff81-672c-7d5d-aed8-b8b3662c65c5","method":"GET","status_code":200,"duration_ms":11}
{"time":"2026-10-03T10:04:25.999282+08:00","level":"INFO","msg":"http request complete","request_id":"01a0ff81-6803-7222-bcf3-0449b7bd7388","method":"GET","status_code":200,"duration_ms":12}
{"time":"2026-10-03T10:04:26.215188+08:00","level":"INFO","msg":"http request complete","request_id":"01a0ff81-68d9-7ca2-9720-3ed982750e7b","method":"GET","status_code":200,"duration_ms":13}
{"time":"2026-10-03T10:04:26.429373+08:00","level":"INFO","msg":"http request complete","request_id":"01a0ff81-69b1-79d3-a6f9-664f92eb274b","method":"GET","status_code":200,"duration_ms":11}
{"time":"2026-10-03T10:04:26.643549+08:00","level":"INFO","msg":"http request complete","request_id":"01a0ff81-6a87-7e92-a9a7-bdf126d1411c","method":"GET","status_code":200,"duration_ms":11}
{"time":"2026-10-03T10:04:26.857525+08:00","level":"INFO","msg":"http request complete","request_id":"01a0ff81-6b5e-71c5-8a39-3ac31f999573","method":"GET","status_code":200,"duration_ms":11}
{"time":"2026-10-03T10:04:27.083346+08:00","level":"INFO","msg":"http request complete","request_id":"01a0ff81-6c34-7027-94d2-4b85e0f30a68","method":"GET","status_code":200,"duration_ms":23}
{"time":"2026-10-03T10:04:27.31639+08:00","level":"INFO","msg":"http request complete","request_id":"01a0ff81-6d16-720b-8c93-9f80d04ed721","method":"GET","status_code":200,"duration_ms":30}
{"time":"2026-10-03T10:04:27.542917+08:00","level":"INFO","msg":"http request complete","request_id":"01a0ff81-6dfe-7cd9-95a4-e2fdea4e6c68","method":"GET","status_code":200,"duration_ms":24}
{"time":"2026-10-03T10:04:27.791246+08:00","level":"INFO","msg":"http request complete","request_id":"01a0ff81-6ee0-79e3-b519-57b32ed70acb","method":"GET","status_code":200,"duration_ms":46}
{"time":"2026-10-03T10:04:28.01896+08:00","level":"INFO","msg":"http request complete","request_id":"01a0ff81-6fd9-7c31-9ac9-e3adfd08b64e","method":"GET","status_code":200,"duration_ms":25}
{"time":"2026-10-03T10:04:28.232212+08:00","level":"INFO","msg":"http request complete","request_id":"01a0ff81-70bc-7157-879c-f0840cabe261","method":"GET","status_code":200,"duration_ms":12}
{"time":"2026-10-03T10:04:28.454987+08:00","level":"INFO","msg":"http request complete","request_id":"01a0ff81-7192-7bb8-b83a-987ab3d07918","method":"GET","status_code":200,"duration_ms":20}
{"time":"2026-10-03T10:04:28.684219+08:00","level":"INFO","msg":"http request complete","request_id":"01a0ff81-726f-7641-9ec9-96a832789b76","method":"GET","status_code":200,"duration_ms":28}
{"time":"2026-10-03T10:04:28.912645+08:00","level":"INFO","msg":"http request complete","request_id":"01a0ff81-7355-7b1b-ad50-070823e6eb8c","method":"GET","status_code":200,"duration_ms":26}
{"time":"2026-10-03T10:04:29.151207+08:00","level":"INFO","msg":"http request complete","request_id":"01a0ff81-743b-7290-b6b7-efd6d9484d4d","method":"GET","status_code":200,"duration_ms":36}
{"time":"2026-10-03T10:04:29.376617+08:00","level":"INFO","msg":"http request complete","request_id":"01a0ff81-7529-716b-858c-60b70f2e2bcf","method":"GET","status_code":200,"duration_ms":23}
{"time":"2026-10-03T10:04:29.591026+08:00","level":"INFO","msg":"http request complete","request_id":"01a0ff81-760b-722a-95c0-9f60eb56aba9","method":"GET","status_code":200,"duration_ms":11}
{"time":"2026-10-03T10:04:29.818934+08:00","level":"INFO","msg":"http request complete","request_id":"01a0ff81-76df-768f-8ef6-dabe5a2e4544","method":"GET","status_code":200,"duration_ms":27}
{"time":"2026-10-03T10:04:30.029729+08:00","level":"INFO","msg":"http request complete","request_id":"01a0ff81-77c3-748c-9e29-64416bc4a08a","method":"GET","status_code":200,"duration_ms":10}
{"time":"2026-10-03T10:04:30.24136+08:00","level":"INFO","msg":"http request complete","request_id":"01a0ff81-7896-7dfa-a7bb-eae6b6be2dd4","method":"GET","status_code":200,"duration_ms":10}
{"time":"2026-10-03T10:04:30.46088+08:00","level":"INFO","msg":"http request complete","request_id":"01a0ff81-796b-7dee-897e-b660694e545d","method":"GET","status_code":200,"duration_ms":16}
{"time":"2026-10-03T10:04:30.691421+08:00","level":"INFO","msg":"http request complete","request_id":"01a0ff81-7a45-74ba-8e4e-fb2153dba329","method":"GET","status_code":200,"duration_ms":30}
{"time":"2026-10-03T10:04:30.91108+08:00","level":"INFO","msg":"http request complete","request_id":"01a0ff81-7b2c-773f-86e0-b6d201676faa","method":"GET","status_code":200,"duration_ms":18}
{"time":"2026-10-03T10:04:31.128044+08:00","level":"INFO","msg":"http request complete","request_id":"01a0ff81-7c07-7c50-84d2-f7e37b0f685f","method":"GET","status_code":200,"duration_ms":16}
{"time":"2026-10-03T10:04:31.356763+08:00","level":"INFO","msg":"http request complete","request_id":"01a0ff81-7ce2-71e8-a6d3-7a904921cc9b","method":"GET","status_code":200,"duration_ms":26}
{"time":"2026-10-03T10:04:31.576475+08:00","level":"INFO","msg":"http request complete","request_id":"01a0ff81-7dc5-7468-9240-bfc4c5d7cfdd","method":"GET","status_code":200,"duration_ms":19}
{"time":"2026-10-03T10:04:31.830145+08:00","level":"INFO","msg":"http request complete","request_id":"01a0ff81-7ea0-7d90-99e4-8c8029bb6557","method":"GET","status_code":200,"duration_ms":53}
{"time":"2026-10-03T10:04:32.052636+08:00","level":"INFO","msg":"http request complete","request_id":"01a0ff81-7f9f-716b-9271-827fc3395cc2","method":"GET","status_code":200,"duration_ms":21}
{"time":"2026-10-03T10:04:32.286333+08:00","level":"INFO","msg":"http request complete","request_id":"01a0ff81-807e-71ff-9bd2-c685e8897336","method":"GET","status_code":200,"duration_ms":32}
{"time":"2026-10-03T10:04:32.498583+08:00","level":"INFO","msg":"http request complete","request_id":"01a0ff81-8167-753b-8e26-7fdf728776e4","method":"GET","status_code":200,"duration_ms":11}
{"time":"2026-10-03T10:04:32.717349+08:00","level":"INFO","msg":"http request complete","request_id":"01a0ff81-823a-7e30-a622-e0d17b489af9","method":"GET","status_code":200,"duration_ms":18}
{"time":"2026-10-03T10:04:32.939064+08:00","level":"INFO","msg":"http request complete","request_id":"01a0ff81-8317-7a4c-9bba-ec783da6ebe0","method":"GET","status_code":200,"duration_ms":19}
{"time":"2026-10-03T10:04:33.157286+08:00","level":"INFO","msg":"http request complete","request_id":"01a0ff81-83f3-7d1b-8774-65dc816803b8","method":"GET","status_code":200,"duration_ms":17}
{"time":"2026-10-03T10:04:33.406563+08:00","level":"INFO","msg":"http request complete","request_id":"01a0ff81-84ce-70bb-b89c-ad9798c700b9","method":"GET","status_code":200,"duration_ms":48}
{"time":"2026-10-03T10:04:33.630775+08:00","level":"INFO","msg":"http request complete","request_id":"01a0ff81-85c8-7714-8939-514ecdd24554","method":"GET","status_code":200,"duration_ms":22}
{"time":"2026-10-03T10:04:33.867979+08:00","level":"INFO","msg":"http request complete","request_id":"01a0ff81-86a9-7659-875b-8ae287498399","method":"GET","status_code":200,"duration_ms":34}
{"time":"2026-10-03T10:04:34.081611+08:00","level":"INFO","msg":"http request complete","request_id":"01a0ff81-8796-783d-a3a4-5e619e2efe93","method":"GET","status_code":200,"duration_ms":11}
{"time":"2026-10-03T10:04:34.314735+08:00","level":"INFO","msg":"http request complete","request_id":"01a0ff81-886b-7130-a2d6-c1d483fe8b42","method":"GET","status_code":200,"duration_ms":31}
{"time":"2026-10-03T10:04:34.540946+08:00","level":"INFO","msg":"http request complete","request_id":"01a0ff81-8955-7399-a609-0f805eca1895","method":"GET","status_code":200,"duration_ms":23}
{"time":"2026-10-03T10:04:34.772985+08:00","level":"INFO","msg":"http request complete","request_id":"01a0ff81-8a37-70fd-ab27-e24dcb89547b","method":"GET","status_code":200,"duration_ms":29}
{"time":"2026-10-03T10:04:34.985572+08:00","level":"INFO","msg":"http request complete","request_id":"01a0ff81-8b1e-753b-866d-863edbd25a1c","method":"GET","status_code":200,"duration_ms":10}
{"time":"2026-10-03T10:04:35.217208+08:00","level":"INFO","msg":"http request complete","request_id":"01a0ff81-8bf4-735f-bf6f-89460e5889e5","method":"GET","status_code":200,"duration_ms":28}
{"time":"2026-10-03T10:04:35.454329+08:00","level":"INFO","msg":"http request complete","request_id":"01a0ff81-8cdb-79cb-9e46-adbc8ba76814","method":"GET","status_code":200,"duration_ms":34}
{"time":"2026-10-03T10:04:35.689368+08:00","level":"INFO","msg":"http request complete","request_id":"01a0ff81-8dc8-7c44-ad01-d952a5d130e2","method":"GET","status_code":200,"duration_ms":32}
{"time":"2026-10-03T10:04:35.918849+08:00","level":"INFO","msg":"http request complete","request_id":"01a0ff81-8eb3-7ead-b63e-c3cc43bac40d","method":"GET","status_code":200,"duration_ms":26}
{"time":"2026-10-03T10:04:36.151232+08:00","level":"INFO","msg":"http request complete","request_id":"01a0ff81-8f99-7747-9ffd-151658ec49bf","method":"GET","status_code":200,"duration_ms":29}
{"time":"2026-10-03T10:04:36.366222+08:00","level":"INFO","msg":"http request complete","request_id":"01a0ff81-9081-7854-8207-1a4932bf5522","method":"GET","status_code":200,"duration_ms":12}
{"time":"2026-10-03T10:04:36.582547+08:00","level":"INFO","msg":"http request complete","request_id":"01a0ff81-9158-7bbf-84f4-3e6ff5a25a07","method":"GET","status_code":200,"duration_ms":13}
{"time":"2026-10-03T10:04:36.797412+08:00","level":"INFO","msg":"http request complete","request_id":"01a0ff81-9230-741a-9f83-636787b31d74","method":"GET","status_code":200,"duration_ms":13}
{"time":"2026-10-03T10:04:37.029327+08:00","level":"INFO","msg":"http request complete","request_id":"01a0ff81-9307-7d23-99f5-2f7e88701f6d","method":"GET","status_code":200,"duration_ms":29}
{"time":"2026-10-03T10:04:37.254887+08:00","level":"INFO","msg":"http request complete","request_id":"01a0ff81-93ef-7cc5-ad92-bc758becc934","method":"GET","status_code":200,"duration_ms":23}
{"time":"2026-10-03T10:04:37.484114+08:00","level":"INFO","msg":"http request complete","request_id":"01a0ff81-94d0-772f-874f-fb09c493c167","method":"GET","status_code":200,"duration_ms":27}
{"time":"2026-10-03T10:04:37.730098+08:00","level":"INFO","msg":"http request complete","request_id":"01a0ff81-95b6-7a0e-b757-540e9a267067","method":"GET","status_code":200,"duration_ms":43}
{"time":"2026-10-03T10:04:37.94634+08:00","level":"INFO","msg":"http request complete","request_id":"01a0ff81-96ab-7115-852e-b73d9c6c3813","method":"GET","status_code":200,"duration_ms":15}
{"time":"2026-10-03T10:04:38.165196+08:00","level":"INFO","msg":"http request complete","request_id":"01a0ff81-9784-7c8e-803a-0d15074bf4f1","method":"GET","status_code":200,"duration_ms":16}
{"time":"2026-10-03T10:04:38.383675+08:00","level":"INFO","msg":"http request complete","request_id":"01a0ff81-985f-7c63-9643-961e1ef03e29","method":"GET","status_code":200,"duration_ms":15}
{"time":"2026-10-03T10:04:38.597939+08:00","level":"INFO","msg":"http request complete","request_id":"01a0ff81-9938-78c2-8d69-b3d1949f23ff","method":"GET","status_code":200,"duration_ms":13}
{"time":"2026-10-03T10:04:38.82563+08:00","level":"INFO","msg":"http request complete","request_id":"01a0ff81-9a10-75e7-be9a-2b14ba29115e","method":"GET","status_code":200,"duration_ms":25}
{"time":"2026-10-03T10:04:39.048662+08:00","level":"INFO","msg":"http request complete","request_id":"01a0ff81-9af4-72ee-8adc-2ff6dbb1a713","method":"GET","status_code":200,"duration_ms":20}
{"time":"2026-10-03T10:04:39.27669+08:00","level":"INFO","msg":"http request complete","request_id":"01a0ff81-9bd3-73bd-8657-c43592b5cfce","method":"GET","status_code":200,"duration_ms":25}
    sp05_live_test.go:239: current RCA did not recheck actual Graph/Recipe/Evidence: 200 {"data":{"currentDegradedSources":["current-runtime-unverified","current-graph-unavailable"],"currentEligible":false,"revision":{"tenantId":"f4ac0a81-f883-4f7e-b26a-4b7d54949545","incidentId":"01a0ff80-97c8-7979-a880-5bcd81e478bf","revision":2,"baseIncidentRevision":2,"inputDigest":"sha256:1f74376cb72d917a09d8d38a2ebbef4defd127983fe418fd46e82e799c7515bc","actor":"deterministic-worker","source":"deterministic","superseded":false,"inputManifest":{"resourceCanonicalId":"k8s+v1://f4ac0a81-f883-4f7e-b26a-4b7d54949545/607d16b7-8684-491b-bca8-be31264b371e/core/PersistentVolumeClaim/d55da77d-7ed6-496c-9c5b-6e00605cc6e4","evidence":[{"sourceScopeDigest":"sha256:b700d962d2e36bb3121739d62f595f83bf64d14b110d602d4af6c789500b2257","schemaVersion":"evidence/v2","evidenceId":"8accd90c-4f03-5979-a29b-5d9329c55419","tenantId":"f4ac0a81-f883-4f7e-b26a-4b7d54949545","resourceCanonicalId":"k8s+v1://f4ac0a81-f883-4f7e-b26a-4b7d54949545/607d16b7-8684-491b-bca8-be31264b371e/core/PersistentVolumeClaim/d55da77d-7ed6-496c-9c5b-6e00605cc6e4","type":"resource_state","dataClass":"D0","sourceRegistrationId":"7d5210c4-f143-4451-888f-b19fbe3723b8","sourceRevision":1,"sourceSystem":"kubernetes","backendLogicalId":"orbstack-owned-collector","queryTemplateVersion":"sp05-signal/v1","queryHash":"sha256:a0ec3cb2c4d6b5df51ee71577af95ce0022292ab232ca9be06d45d9bca2b30ab","effectiveScope":{"tenantId":"f4ac0a81-f883-4f7e-b26a-4b7d54949545","clusterUid":"607d16b7-8684-491b-bca8-be31264b371e","namespaces":["sp04-chain-0d688edc"],"resources":[],"clusterScoped":false,"authorizationRevision":"collector/7d5210c4-f143-4451-888f-b19fbe3723b8/1"},"evaluatedAt":"2026-10-03T02:03:29.867529Z","observedFrom":"2026-10-03T02:03:29.867529Z","observedTo":"2026-10-03T02:03:29.867529Z","sourceRetentionUntil":"2026-10-03T02:03:29.867529Z","timeReliable":true,"replayState":"archived_verified","contentDigest":"sha256:d829d66d170cf3ece21616cec2cf12fd254629f51f816a552123331d5e0566d5","derivationEvidenceRefs":[],"independenceGroup":"7d5210c4-f143-4451-888f-b19fbe3723b8/d55da77d-7ed6-496c-9c5b-6e00605cc6e4","archiveRef":{"backendLogicalId":"archive-live","object":{"tenantId":"f4ac0a81-f883-4f7e-b26a-4b7d54949545","objectId":"8accd90c-4f03-5979-a29b-5d9329c55419","category":"evidence","key":"tenants/4f92a14e3a25c0013e378e95741ce1f5539e3cd1a5e1d5fc311ed4666d881a55/evidence/8accd90c-4f03-5979-a29b-5d9329c55419","digest":"sha256:51ffc1fb3d4387172b578a84aadfa935499f845c787bf199603314c0aa1e94e3","size":544,"contentType":"application/vnd.ops.transit-envelope+json","versionId":"67251d56a78a573b89e0660f43575f1c","etag":"\"8feb3e7a7fb76af3c1e051f32e3e695e\"","retainUntil":"2027-10-04T02:03:39Z"},"encryptionKeyVersion":"8","plaintextDigest":"sha256:d829d66d170cf3ece21616cec2cf12fd254629f51f816a552123331d5e0566d5","ciphertextDigest":"sha256:51ffc1fb3d4387172b578a84aadfa935499f845c787bf199603314c0aa1e94e3"}},{"sourceScopeDigest":"sha256:b700d962d2e36bb3121739d62f595f83bf64d14b110d602d4af6c789500b2257","schemaVersion":"evidence/v2","evidenceId":"ae55d341-b466-5508-9691-471ac968188b","tenantId":"f4ac0a81-f883-4f7e-b26a-4b7d54949545","resourceCanonicalId":"k8s+v1://f4ac0a81-f883-4f7e-b26a-4b7d54949545/607d16b7-8684-491b-bca8-be31264b371e/core/PersistentVolumeClaim/d55da77d-7ed6-496c-9c5b-6e00605cc6e4","type":"resource_state","dataClass":"D0","sourceRegistrationId":"7d5210c4-f143-4451-888f-b19fbe3723b8","sourceRevision":1,"sourceSystem":"kubernetes","backendLogicalId":"orbstack-owned-collector","queryTemplateVersion":"kubernetes-projection/v1","queryHash":"sha256:8cbc2a4c352e7626794f7067d8f3e44aec0aa482c9736e1a2476334d4f34728d","effectiveScope":{"tenantId":"f4ac0a81-f883-4f7e-b26a-4b7d54949545","clusterUid":"607d16b7-8684-491b-bca8-be31264b371e","namespaces":["sp04-chain-0d688edc"],"resources":[],"clusterScoped":true,"authorizationRevision":"collector/7d5210c4-f143-4451-888f-b19fbe3723b8/1"},"evaluatedAt":"2026-10-03T02:03:29.867529Z","observedFrom":"2026-10-03T02:03:29.867529Z","observedTo":"2026-10-03T02:03:29.867529Z","sourceRetentionUntil":"2026-10-03T02:03:29.867529Z","timeReliable":true,"replayState":"archived_verified","contentDigest":"sha256:05b3208c2fb14beffba50ab468875f4b686755008d7c5eb8ad38002dd3dbc490","derivationEvidenceRefs":[],"independenceGroup":"7d5210c4-f143-4451-888f-b19fbe3723b8","archiveRef":{"backendLogicalId":"archive-live","object":{"tenantId":"f4ac0a81-f883-4f7e-b26a-4b7d54949545","objectId":"ae55d341-b466-5508-9691-471ac968188b","category":"evidence","key":"tenants/4f92a14e3a25c0013e378e95741ce1f5539e3cd1a5e1d5fc311ed4666d881a55/evidence/ae55d341-b466-5508-9691-471ac968188b","digest":"sha256:dcd0389bb80a00e71cda7196a10f9248878e084fa2a162ce23501dbc3d60f174","size":768,"contentType":"application/vnd.ops.transit-envelope+json","versionId":"67251d586584202d93cb5df443360a8e","etag":"\"0a45d769495475f0f82376ed98f0b3fb\"","retainUntil":"2027-10-04T02:03:32Z"},"encryptionKeyVersion":"8","plaintextDigest":"sha256:05b3208c2fb14beffba50ab468875f4b686755008d7c5eb8ad38002dd3dbc490","ciphertextDigest":"sha256:dcd0389bb80a00e71cda7196a10f9248878e084fa2a162ce23501dbc3d60f174"}},{"sourceScopeDigest":"sha256:b700d962d2e36bb3121739d62f595f83bf64d14b110d602d4af6c789500b2257","schemaVersion":"evidence/v2","evidenceId":"d439d8f6-f21e-5ef2-b8af-0b79d4a37da6","tenantId":"f4ac0a81-f883-4f7e-b26a-4b7d54949545","resourceCanonicalId":"k8s+v1://f4ac0a81-f883-4f7e-b26a-4b7d54949545/607d16b7-8684-491b-bca8-be31264b371e/core/PersistentVolumeClaim/d55da77d-7ed6-496c-9c5b-6e00605cc6e4","type":"resource_state","dataClass":"D0","sourceRegistrationId":"7d5210c4-f143-4451-888f-b19fbe3723b8","sourceRevision":1,"sourceSystem":"kubernetes","backendLogicalId":"orbstack-owned-collector","queryTemplateVersion":"sp05-signal/v1","queryHash":"sha256:eff7a9236d89117cb6854416987ed176598bb0d1efe6122e72baca5bbbd2c633","effectiveScope":{"tenantId":"f4ac0a81-f883-4f7e-b26a-4b7d54949545","clusterUid":"607d16b7-8684-491b-bca8-be31264b371e","namespaces":["sp04-chain-0d688edc"],"resources":[],"clusterScoped":false,"authorizationRevision":"collector/7d5210c4-f143-4451-888f-b19fbe3723b8/1"},"evaluatedAt":"2026-10-03T02:03:29.565184Z","observedFrom":"2026-10-03T02:03:29.565184Z","observedTo":"2026-10-03T02:03:29.565184Z","sourceRetentionUntil":"2026-10-03T02:03:29.565184Z","timeReliable":true,"replayState":"archived_verified","contentDigest":"sha256:fd88e83bf74db462d15b298904cf36bd5bcc594142f62929d4d5a0b5eb9e5fef","derivationEvidenceRefs":[],"independenceGroup":"7d5210c4-f143-4451-888f-b19fbe3723b8/e2f3e566-6f51-446b-9dbf-5aa16a3a8111","archiveRef":{"backendLogicalId":"archive-live","object":{"tenantId":"f4ac0a81-f883-4f7e-b26a-4b7d54949545","objectId":"d439d8f6-f21e-5ef2-b8af-0b79d4a37da6","category":"evidence","key":"tenants/4f92a14e3a25c0013e378e95741ce1f5539e3cd1a5e1d5fc311ed4666d881a55/evidence/d439d8f6-f21e-5ef2-b8af-0b79d4a37da6","digest":"sha256:6e1fc27c3a0527384ce9424552abcb0b3bfe1768906aeb8c65f16a57732da4d4","size":508,"contentType":"application/vnd.ops.transit-envelope+json","versionId":"67251d56a6a05543e95d784d8e5a0d69","etag":"\"29c76888726eedaf7f6d0e617ab9d042\"","retainUntil":"2027-10-04T02:03:39Z"},"encryptionKeyVersion":"8","plaintextDigest":"sha256:fd88e83bf74db462d15b298904cf36bd5bcc594142f62929d4d5a0b5eb9e5fef","ciphertextDigest":"sha256:6e1fc27c3a0527384ce9424552abcb0b3bfe1768906aeb8c65f16a57732da4d4"}}],"graph":{"directlyAffected":[],"indirectlyAffected":[],"dependencyOnly":[],"schemaVersion":"resource-graph/v2","graphRevision":{"ownerEpoch":1,"graphGeneration":1},"ownerInstance":"940ee50c-aa46-411d-b0b3-56f9e3c4ba47","collectedAt":"2026-10-03T10:04:04.734559+08:00","freshness":"fresh","partial":false,"warnings":[],"degradedSources":[],"nodes":[{"canonicalId":"k8s+v1://f4ac0a81-f883-4f7e-b26a-4b7d54949545/607d16b7-8684-491b-bca8-be31264b371e/core/PersistentVolumeClaim/d55da77d-7ed6-496c-9c5b-6e00605cc6e4","kind":"PersistentVolumeClaim","name":"sp05-pvc","updatedAt":"2026-10-03T02:03:29.867529Z","tenantId":"f4ac0a81-f883-4f7e-b26a-4b7d54949545","domain":"k8s","scope":"607d16b7-8684-491b-bca8-be31264b371e","apiGroup":"core","stableId":"d55da77d-7ed6-496c-9c5b-6e00605cc6e4","namespace":"sp04-chain-0d688edc","labels":{},"attributes":{"status":{"phase":"Pending"}},"sourceRefs":["7d5210c4-f143-4451-888f-b19fbe3723b8"],"firstObservedAt":"2026-10-03T02:03:29.867529Z","lastObservedAt":"2026-10-03T02:03:29.867529Z"}],"edges":[],"budgets":{"maxDepth":2,"storageMaxDepth":2,"maxNodes":200,"maxEdges":400,"nodeCount":1,"edgeCount":0,"truncated":false},"rankedEvidence":[],"conflicts":null},"from":"2026-10-03T01:59:04.730039Z","to":"2026-10-03T02:04:04.730039Z","evaluatedAt":"2026-10-03T02:04:04.730039Z"},"result":{"schemaVersion":"rca-evaluation/v2","status":"unresolved","partial":true,"candidates":[{"candidateKey":"sha256:c2384077820e933d980893a400f1fd7d58b7a3a3525f85d0f70dd672d5b4cf75","candidateType":"csi_provisioner_failure","resourceCanonicalId":"k8s+v1://f4ac0a81-f883-4f7e-b26a-4b7d54949545/607d16b7-8684-491b-bca8-be31264b371e/core/PersistentVolumeClaim/d55da77d-7ed6-496c-9c5b-6e00605cc6e4","source":"deterministic","evidenceRefs":["8accd90c-4f03-5979-a29b-5d9329c55419"],"score":90,"provenance":["pvc-csi-failure/v1","ontology/346236312685a2e2e824c46b9ecdb3e8e8a10c76"]}],"evidenceBundle":{"supporting":["8accd90c-4f03-5979-a29b-5d9329c55419"],"contradicting":[],"missing":["csi-error","storage-path"],"degradedSources":[],"ranked":[{"rank":1,"source":"event","nodeId":"8accd90c-4f03-5979-a29b-5d9329c55419","kind":"Event","severity":"warning","reason":"FailureEvidence","message":"csi_provisioner_failure","confidence":"observed","score":90,"timestamp":"2026-10-03T02:03:29.867529Z"}],"conflicts":null},"recipeVersion":"v1","recipeDigest":"sha256:962374d5f8fb8181c8bd52ae856610cfad591fe0fdc298dd56f70aa69e1d24d9","impact":{"directlyAffected":[],"indirectlyAffected":[],"dependencyOnly":[],"schemaVersion":"resource-graph/v2","graphRevision":{"ownerEpoch":1,"graphGeneration":1},"ownerInstance":"940ee50c-aa46-411d-b0b3-56f9e3c4ba47","collectedAt":"2026-10-03T10:04:04.734559+08:00","freshness":"fresh","partial":false,"warnings":[],"degradedSources":[],"nodes":[{"canonicalId":"k8s+v1://f4ac0a81-f883-4f7e-b26a-4b7d54949545/607d16b7-8684-491b-bca8-be31264b371e/core/PersistentVolumeClaim/d55da77d-7ed6-496c-9c5b-6e00605cc6e4","kind":"PersistentVolumeClaim","name":"sp05-pvc","updatedAt":"2026-10-03T02:03:29.867529Z","tenantId":"f4ac0a81-f883-4f7e-b26a-4b7d54949545","domain":"k8s","scope":"607d16b7-8684-491b-bca8-be31264b371e","apiGroup":"core","stableId":"d55da77d-7ed6-496c-9c5b-6e00605cc6e4","namespace":"sp04-chain-0d688edc","labels":{},"attributes":{"status":{"phase":"Pending"}},"sourceRefs":["7d5210c4-f143-4451-888f-b19fbe3723b8"],"firstObservedAt":"2026-10-03T02:03:29.867529Z","lastObservedAt":"2026-10-03T02:03:29.867529Z"}],"edges":[],"budgets":{"maxDepth":2,"storageMaxDepth":2,"maxNodes":200,"maxEdges":400,"nodeCount":1,"edgeCount":0,"truncated":false},"rankedEvidence":[],"conflicts":null},"graphPlan":"single-query/v1"},"createdAt":"2026-10-03T02:04:04.754744Z"},"semantics":"frozen-revision-with-current-reference-authorization"},"meta":{"nextCursor":null},"requestId":"01a0ff81-9bd3-73bd-8657-c43592b5cfce"}
--- FAIL: TestSP05ActualOrbStackInspectionAPIWorkerArchiveAndRestart (77.36s)
FAIL
FAIL	ops-platform/test/integration	78.345s
FAIL
