=== RUN   TestSP05FindingAtomicConcurrentTransportAndRecovery
2026/10/02 19:45:27 OK   00001_roles_and_schemas.sql (8.79ms)
2026/10/02 19:45:27 goose: successfully migrated database to version: 1
2026/10/02 19:45:27 OK   00002_platform_meta.sql (24.78ms)
2026/10/02 19:45:27 OK   00003_finding.sql (22.97ms)
2026/10/02 19:45:27 OK   00004_incident.sql (8.88ms)
2026/10/02 19:45:27 OK   00005_investigation.sql (17.16ms)
2026/10/02 19:45:27 OK   00006_action_command.sql (8.15ms)
2026/10/02 19:45:27 OK   00007_audit.sql (27.5ms)
2026/10/02 19:45:27 OK   00008_rls.sql (16.37ms)
2026/10/02 19:45:27 OK   00009_idempotency_ledger.sql (20.6ms)
2026/10/02 19:45:27 OK   00010_tenant_provisioning.sql (3.83ms)
2026/10/02 19:45:27 OK   00011_source_registration_history.sql (6.18ms)
2026/10/02 19:45:27 OK   00012_config_registry_lifecycle.sql (15.77ms)
2026/10/02 19:45:27 OK   00013_audit_signed_segments.sql (10.74ms)
2026/10/02 19:45:27 OK   00014_audit_segment_predecessors.sql (5.4ms)
2026/10/02 19:45:27 OK   00015_source_schema_scope.sql (3.51ms)
2026/10/02 19:45:27 OK   00016_cluster_registration_metadata.sql (5.83ms)
2026/10/02 19:45:27 OK   00017_source_data_scope.sql (4.64ms)
2026/10/02 19:45:27 OK   00018_sp04_resources_evidence.sql (16.77ms)
2026/10/02 19:45:27 OK   00019_sp04_archive_ciphertext_bytes.sql (5.7ms)
2026/10/02 19:45:27 OK   00020_sp04_request_ledger.sql (7.04ms)
2026/10/02 19:45:27 OK   00021_sp04_archive_protection.sql (3.48ms)
2026/10/02 19:45:27 OK   00022_sp04_legal_hold_dependencies.sql (4.23ms)
2026/10/02 19:45:27 OK   00023_sp04_archive_query_intent.sql (7.16ms)
2026/10/02 19:45:27 OK   00024_sp05_finding_incident.sql (14.17ms)
2026/10/02 19:45:27 OK   00025_sp05_incident_event_time.sql (11.52ms)
2026/10/02 19:45:27 OK   00026_sp05_source_binding_lock.sql (6.87ms)
2026/10/02 19:45:27 OK   00027_sp05_rca_and_poll.sql (8.47ms)
2026/10/02 19:45:27 OK   00028_sp05_operator_lock.sql (5.09ms)
2026/10/02 19:45:27 OK   00029_sp05_evidence_links.sql (6.7ms)
2026/10/02 19:45:27 OK   00030_sp05_recipe_fence.sql (4.8ms)
2026/10/02 19:45:27 OK   00031_sp05_rca_postcheck.sql (4.45ms)
2026/10/02 19:45:27 OK   00032_sp05_transport_audit.sql (3.11ms)
2026/10/02 19:45:27 goose: successfully migrated database to version: 32
--- PASS: TestSP05FindingAtomicConcurrentTransportAndRecovery (0.81s)
=== RUN   TestSP05EqualSequenceConflictAndTransportAliasAreAudited
2026/10/02 19:45:27 OK   00001_roles_and_schemas.sql (13.9ms)
2026/10/02 19:45:27 goose: successfully migrated database to version: 1
2026/10/02 19:45:27 OK   00002_platform_meta.sql (17.97ms)
2026/10/02 19:45:27 OK   00003_finding.sql (7.72ms)
2026/10/02 19:45:27 OK   00004_incident.sql (11.52ms)
2026/10/02 19:45:27 OK   00005_investigation.sql (7.33ms)
2026/10/02 19:45:27 OK   00006_action_command.sql (6.62ms)
2026/10/02 19:45:27 OK   00007_audit.sql (8.86ms)
2026/10/02 19:45:28 OK   00008_rls.sql (17.48ms)
2026/10/02 19:45:28 OK   00009_idempotency_ledger.sql (18.42ms)
2026/10/02 19:45:28 OK   00010_tenant_provisioning.sql (8.97ms)
2026/10/02 19:45:28 OK   00011_source_registration_history.sql (6.76ms)
2026/10/02 19:45:28 OK   00012_config_registry_lifecycle.sql (9.39ms)
2026/10/02 19:45:28 OK   00013_audit_signed_segments.sql (9.63ms)
2026/10/02 19:45:28 OK   00014_audit_segment_predecessors.sql (4.66ms)
2026/10/02 19:45:28 OK   00015_source_schema_scope.sql (3.42ms)
2026/10/02 19:45:28 OK   00016_cluster_registration_metadata.sql (4.98ms)
2026/10/02 19:45:28 OK   00017_source_data_scope.sql (3.2ms)
2026/10/02 19:45:28 OK   00018_sp04_resources_evidence.sql (27.44ms)
2026/10/02 19:45:28 OK   00019_sp04_archive_ciphertext_bytes.sql (7.2ms)
2026/10/02 19:45:28 OK   00020_sp04_request_ledger.sql (8.06ms)
2026/10/02 19:45:28 OK   00021_sp04_archive_protection.sql (4.78ms)
2026/10/02 19:45:28 OK   00022_sp04_legal_hold_dependencies.sql (4.2ms)
2026/10/02 19:45:28 OK   00023_sp04_archive_query_intent.sql (2.98ms)
2026/10/02 19:45:28 OK   00024_sp05_finding_incident.sql (22.29ms)
2026/10/02 19:45:28 OK   00025_sp05_incident_event_time.sql (2.92ms)
2026/10/02 19:45:28 OK   00026_sp05_source_binding_lock.sql (4.79ms)
2026/10/02 19:45:28 OK   00027_sp05_rca_and_poll.sql (7.71ms)
2026/10/02 19:45:28 OK   00028_sp05_operator_lock.sql (3.78ms)
2026/10/02 19:45:28 OK   00029_sp05_evidence_links.sql (8.66ms)
2026/10/02 19:45:28 OK   00030_sp05_recipe_fence.sql (4.23ms)
2026/10/02 19:45:28 OK   00031_sp05_rca_postcheck.sql (3.01ms)
2026/10/02 19:45:28 OK   00032_sp05_transport_audit.sql (3.31ms)
2026/10/02 19:45:28 goose: successfully migrated database to version: 32
--- PASS: TestSP05EqualSequenceConflictAndTransportAliasAreAudited (0.51s)
=== RUN   TestSP05FindingRejectsMissingEvidenceWithoutPartialCommit
2026/10/02 19:45:28 OK   00001_roles_and_schemas.sql (16.54ms)
2026/10/02 19:45:28 goose: successfully migrated database to version: 1
2026/10/02 19:45:28 OK   00002_platform_meta.sql (29.66ms)
2026/10/02 19:45:28 OK   00003_finding.sql (19.57ms)
2026/10/02 19:45:28 OK   00004_incident.sql (6.85ms)
2026/10/02 19:45:28 OK   00005_investigation.sql (8.43ms)
2026/10/02 19:45:28 OK   00006_action_command.sql (11.22ms)
2026/10/02 19:45:28 OK   00007_audit.sql (12.21ms)
2026/10/02 19:45:28 OK   00008_rls.sql (8.03ms)
2026/10/02 19:45:28 OK   00009_idempotency_ledger.sql (6.16ms)
2026/10/02 19:45:28 OK   00010_tenant_provisioning.sql (4.98ms)
2026/10/02 19:45:28 OK   00011_source_registration_history.sql (7.6ms)
2026/10/02 19:45:28 OK   00012_config_registry_lifecycle.sql (9.62ms)
2026/10/02 19:45:28 OK   00013_audit_signed_segments.sql (11.72ms)
2026/10/02 19:45:28 OK   00014_audit_segment_predecessors.sql (13.8ms)
2026/10/02 19:45:28 OK   00015_source_schema_scope.sql (10.81ms)
2026/10/02 19:45:28 OK   00016_cluster_registration_metadata.sql (5.28ms)
2026/10/02 19:45:28 OK   00017_source_data_scope.sql (4.61ms)
2026/10/02 19:45:28 OK   00018_sp04_resources_evidence.sql (19.17ms)
2026/10/02 19:45:28 OK   00019_sp04_archive_ciphertext_bytes.sql (5.66ms)
2026/10/02 19:45:28 OK   00020_sp04_request_ledger.sql (5.37ms)
2026/10/02 19:45:28 OK   00021_sp04_archive_protection.sql (4.71ms)
2026/10/02 19:45:28 OK   00022_sp04_legal_hold_dependencies.sql (4.39ms)
2026/10/02 19:45:28 OK   00023_sp04_archive_query_intent.sql (3.74ms)
2026/10/02 19:45:28 OK   00024_sp05_finding_incident.sql (28.62ms)
2026/10/02 19:45:28 OK   00025_sp05_incident_event_time.sql (3.7ms)
2026/10/02 19:45:28 OK   00026_sp05_source_binding_lock.sql (5.85ms)
2026/10/02 19:45:28 OK   00027_sp05_rca_and_poll.sql (15.37ms)
2026/10/02 19:45:28 OK   00028_sp05_operator_lock.sql (6.35ms)
2026/10/02 19:45:28 OK   00029_sp05_evidence_links.sql (8.74ms)
2026/10/02 19:45:28 OK   00030_sp05_recipe_fence.sql (3.37ms)
2026/10/02 19:45:28 OK   00031_sp05_rca_postcheck.sql (3.35ms)
2026/10/02 19:45:28 OK   00032_sp05_transport_audit.sql (4.77ms)
2026/10/02 19:45:28 goose: successfully migrated database to version: 32
--- PASS: TestSP05FindingRejectsMissingEvidenceWithoutPartialCommit (0.49s)
PASS
ok  	ops-platform/test/integration	2.844s
