=== RUN   TestSP05FindingAtomicConcurrentTransportAndRecovery
2026/10/02 18:31:02 OK   00001_roles_and_schemas.sql (30.81ms)
2026/10/02 18:31:02 goose: successfully migrated database to version: 1
2026/10/02 18:31:02 OK   00002_platform_meta.sql (29.15ms)
2026/10/02 18:31:02 OK   00003_finding.sql (29.51ms)
2026/10/02 18:31:02 OK   00004_incident.sql (5.72ms)
2026/10/02 18:31:02 OK   00005_investigation.sql (23.4ms)
2026/10/02 18:31:02 OK   00006_action_command.sql (11.42ms)
2026/10/02 18:31:02 OK   00007_audit.sql (26.43ms)
2026/10/02 18:31:02 OK   00008_rls.sql (13.64ms)
2026/10/02 18:31:02 OK   00009_idempotency_ledger.sql (8.42ms)
2026/10/02 18:31:02 OK   00010_tenant_provisioning.sql (10.24ms)
2026/10/02 18:31:02 OK   00011_source_registration_history.sql (18.02ms)
2026/10/02 18:31:02 OK   00012_config_registry_lifecycle.sql (29.57ms)
2026/10/02 18:31:02 OK   00013_audit_signed_segments.sql (18.74ms)
2026/10/02 18:31:02 OK   00014_audit_segment_predecessors.sql (7.11ms)
2026/10/02 18:31:02 OK   00015_source_schema_scope.sql (6.46ms)
2026/10/02 18:31:02 OK   00016_cluster_registration_metadata.sql (4.22ms)
2026/10/02 18:31:02 OK   00017_source_data_scope.sql (3.51ms)
2026/10/02 18:31:02 OK   00018_sp04_resources_evidence.sql (33.5ms)
2026/10/02 18:31:02 OK   00019_sp04_archive_ciphertext_bytes.sql (2.81ms)
2026/10/02 18:31:02 OK   00020_sp04_request_ledger.sql (4.15ms)
2026/10/02 18:31:02 OK   00021_sp04_archive_protection.sql (2.69ms)
2026/10/02 18:31:02 OK   00022_sp04_legal_hold_dependencies.sql (22.46ms)
2026/10/02 18:31:02 OK   00023_sp04_archive_query_intent.sql (2.84ms)
2026/10/02 18:31:02 OK   00024_sp05_finding_incident.sql (32.16ms)
2026/10/02 18:31:02 OK   00025_sp05_incident_event_time.sql (2.98ms)
2026/10/02 18:31:03 OK   00026_sp05_source_binding_lock.sql (2.81ms)
2026/10/02 18:31:03 goose: successfully migrated database to version: 26
--- PASS: TestSP05FindingAtomicConcurrentTransportAndRecovery (1.00s)
=== RUN   TestSP05ResolvedBeforeFiringAndTenantIsolation
2026/10/02 18:31:03 OK   00001_roles_and_schemas.sql (9.55ms)
2026/10/02 18:31:03 goose: successfully migrated database to version: 1
2026/10/02 18:31:03 OK   00002_platform_meta.sql (14.79ms)
2026/10/02 18:31:03 OK   00003_finding.sql (9.58ms)
2026/10/02 18:31:03 OK   00004_incident.sql (7.01ms)
2026/10/02 18:31:03 OK   00005_investigation.sql (5.72ms)
2026/10/02 18:31:03 OK   00006_action_command.sql (4.46ms)
2026/10/02 18:31:03 OK   00007_audit.sql (7.44ms)
2026/10/02 18:31:03 OK   00008_rls.sql (22.85ms)
2026/10/02 18:31:03 OK   00009_idempotency_ledger.sql (11.33ms)
2026/10/02 18:31:03 OK   00010_tenant_provisioning.sql (15.44ms)
2026/10/02 18:31:03 OK   00011_source_registration_history.sql (5.24ms)
2026/10/02 18:31:03 OK   00012_config_registry_lifecycle.sql (24.66ms)
2026/10/02 18:31:03 OK   00013_audit_signed_segments.sql (8.41ms)
2026/10/02 18:31:03 OK   00014_audit_segment_predecessors.sql (4.28ms)
2026/10/02 18:31:03 OK   00015_source_schema_scope.sql (2.35ms)
2026/10/02 18:31:03 OK   00016_cluster_registration_metadata.sql (5ms)
2026/10/02 18:31:03 OK   00017_source_data_scope.sql (8.44ms)
2026/10/02 18:31:03 OK   00018_sp04_resources_evidence.sql (19.77ms)
2026/10/02 18:31:03 OK   00019_sp04_archive_ciphertext_bytes.sql (3.94ms)
2026/10/02 18:31:03 OK   00020_sp04_request_ledger.sql (15.03ms)
2026/10/02 18:31:03 OK   00021_sp04_archive_protection.sql (4.82ms)
2026/10/02 18:31:03 OK   00022_sp04_legal_hold_dependencies.sql (18.2ms)
2026/10/02 18:31:03 OK   00023_sp04_archive_query_intent.sql (3.07ms)
2026/10/02 18:31:03 OK   00024_sp05_finding_incident.sql (11.25ms)
2026/10/02 18:31:03 OK   00025_sp05_incident_event_time.sql (2.31ms)
2026/10/02 18:31:03 OK   00026_sp05_source_binding_lock.sql (2.96ms)
2026/10/02 18:31:03 goose: successfully migrated database to version: 26
--- PASS: TestSP05ResolvedBeforeFiringAndTenantIsolation (0.54s)
PASS
ok  	ops-platform/test/integration	2.577s
