=== RUN   TestSP05FindingAtomicConcurrentTransportAndRecovery
2026/10/02 18:55:35 OK   00001_roles_and_schemas.sql (17.32ms)
2026/10/02 18:55:35 goose: successfully migrated database to version: 1
2026/10/02 18:55:35 OK   00002_platform_meta.sql (38.99ms)
2026/10/02 18:55:35 OK   00003_finding.sql (14.9ms)
2026/10/02 18:55:35 OK   00004_incident.sql (14.14ms)
2026/10/02 18:55:35 OK   00005_investigation.sql (7.76ms)
2026/10/02 18:55:35 OK   00006_action_command.sql (12.34ms)
2026/10/02 18:55:35 OK   00007_audit.sql (11.15ms)
2026/10/02 18:55:35 OK   00008_rls.sql (9.24ms)
2026/10/02 18:55:35 OK   00009_idempotency_ledger.sql (6.94ms)
2026/10/02 18:55:35 OK   00010_tenant_provisioning.sql (4.54ms)
2026/10/02 18:55:35 OK   00011_source_registration_history.sql (10.6ms)
2026/10/02 18:55:35 OK   00012_config_registry_lifecycle.sql (11.84ms)
2026/10/02 18:55:35 OK   00013_audit_signed_segments.sql (20.39ms)
2026/10/02 18:55:35 OK   00014_audit_segment_predecessors.sql (12.57ms)
2026/10/02 18:55:35 OK   00015_source_schema_scope.sql (4.25ms)
2026/10/02 18:55:35 OK   00016_cluster_registration_metadata.sql (4.54ms)
2026/10/02 18:55:35 OK   00017_source_data_scope.sql (4.79ms)
2026/10/02 18:55:35 OK   00018_sp04_resources_evidence.sql (25.67ms)
2026/10/02 18:55:35 OK   00019_sp04_archive_ciphertext_bytes.sql (3.59ms)
2026/10/02 18:55:35 OK   00020_sp04_request_ledger.sql (6.33ms)
2026/10/02 18:55:35 OK   00021_sp04_archive_protection.sql (11.35ms)
2026/10/02 18:55:35 OK   00022_sp04_legal_hold_dependencies.sql (3.63ms)
2026/10/02 18:55:35 OK   00023_sp04_archive_query_intent.sql (5.47ms)
2026/10/02 18:55:35 OK   00024_sp05_finding_incident.sql (22.46ms)
2026/10/02 18:55:35 OK   00025_sp05_incident_event_time.sql (5.69ms)
2026/10/02 18:55:35 OK   00026_sp05_source_binding_lock.sql (9.22ms)
2026/10/02 18:55:35 OK   00027_sp05_rca_and_poll.sql (8.5ms)
2026/10/02 18:55:35 OK   00028_sp05_operator_lock.sql (4.2ms)
2026/10/02 18:55:35 OK   00029_sp05_evidence_links.sql (9.36ms)
2026/10/02 18:55:35 goose: successfully migrated database to version: 29
--- PASS: TestSP05FindingAtomicConcurrentTransportAndRecovery (0.82s)
=== RUN   TestSP05ResolvedBeforeFiringAndTenantIsolation
2026/10/02 18:55:36 OK   00001_roles_and_schemas.sql (20.68ms)
2026/10/02 18:55:36 goose: successfully migrated database to version: 1
2026/10/02 18:55:36 OK   00002_platform_meta.sql (17.98ms)
2026/10/02 18:55:36 OK   00003_finding.sql (11.48ms)
2026/10/02 18:55:36 OK   00004_incident.sql (15.68ms)
2026/10/02 18:55:36 OK   00005_investigation.sql (11.77ms)
2026/10/02 18:55:36 OK   00006_action_command.sql (23.95ms)
2026/10/02 18:55:36 OK   00007_audit.sql (11.79ms)
2026/10/02 18:55:36 OK   00008_rls.sql (10.95ms)
2026/10/02 18:55:36 OK   00009_idempotency_ledger.sql (9.37ms)
2026/10/02 18:55:36 OK   00010_tenant_provisioning.sql (5.26ms)
2026/10/02 18:55:36 OK   00011_source_registration_history.sql (5.7ms)
2026/10/02 18:55:36 OK   00012_config_registry_lifecycle.sql (17.68ms)
2026/10/02 18:55:36 OK   00013_audit_signed_segments.sql (20.32ms)
2026/10/02 18:55:36 OK   00014_audit_segment_predecessors.sql (8.06ms)
2026/10/02 18:55:36 OK   00015_source_schema_scope.sql (4.49ms)
2026/10/02 18:55:36 OK   00016_cluster_registration_metadata.sql (4.59ms)
2026/10/02 18:55:36 OK   00017_source_data_scope.sql (4.31ms)
2026/10/02 18:55:36 OK   00018_sp04_resources_evidence.sql (28.33ms)
2026/10/02 18:55:36 OK   00019_sp04_archive_ciphertext_bytes.sql (4.4ms)
2026/10/02 18:55:36 OK   00020_sp04_request_ledger.sql (6.95ms)
2026/10/02 18:55:36 OK   00021_sp04_archive_protection.sql (3.12ms)
2026/10/02 18:55:36 OK   00022_sp04_legal_hold_dependencies.sql (3.04ms)
2026/10/02 18:55:36 OK   00023_sp04_archive_query_intent.sql (3.31ms)
2026/10/02 18:55:36 OK   00024_sp05_finding_incident.sql (29.31ms)
2026/10/02 18:55:36 OK   00025_sp05_incident_event_time.sql (3.13ms)
2026/10/02 18:55:36 OK   00026_sp05_source_binding_lock.sql (8.45ms)
2026/10/02 18:55:36 OK   00027_sp05_rca_and_poll.sql (15.07ms)
2026/10/02 18:55:36 OK   00028_sp05_operator_lock.sql (6.61ms)
2026/10/02 18:55:36 OK   00029_sp05_evidence_links.sql (10.73ms)
2026/10/02 18:55:36 goose: successfully migrated database to version: 29
--- PASS: TestSP05ResolvedBeforeFiringAndTenantIsolation (0.54s)
=== RUN   TestSP05FindingRejectsMissingEvidenceWithoutPartialCommit
2026/10/02 18:55:36 OK   00001_roles_and_schemas.sql (18.28ms)
2026/10/02 18:55:36 goose: successfully migrated database to version: 1
2026/10/02 18:55:36 OK   00002_platform_meta.sql (23.16ms)
2026/10/02 18:55:36 OK   00003_finding.sql (9.34ms)
2026/10/02 18:55:36 OK   00004_incident.sql (5.28ms)
2026/10/02 18:55:36 OK   00005_investigation.sql (5.81ms)
2026/10/02 18:55:36 OK   00006_action_command.sql (5.4ms)
2026/10/02 18:55:36 OK   00007_audit.sql (8.42ms)
2026/10/02 18:55:36 OK   00008_rls.sql (20.28ms)
2026/10/02 18:55:36 OK   00009_idempotency_ledger.sql (6.98ms)
2026/10/02 18:55:36 OK   00010_tenant_provisioning.sql (4.54ms)
2026/10/02 18:55:36 OK   00011_source_registration_history.sql (19.49ms)
2026/10/02 18:55:36 OK   00012_config_registry_lifecycle.sql (12.6ms)
2026/10/02 18:55:36 OK   00013_audit_signed_segments.sql (11.07ms)
2026/10/02 18:55:36 OK   00014_audit_segment_predecessors.sql (18.7ms)
2026/10/02 18:55:36 OK   00015_source_schema_scope.sql (7.11ms)
2026/10/02 18:55:36 OK   00016_cluster_registration_metadata.sql (5.05ms)
2026/10/02 18:55:36 OK   00017_source_data_scope.sql (4.18ms)
2026/10/02 18:55:36 OK   00018_sp04_resources_evidence.sql (26.81ms)
2026/10/02 18:55:36 OK   00019_sp04_archive_ciphertext_bytes.sql (3.61ms)
2026/10/02 18:55:36 OK   00020_sp04_request_ledger.sql (12.2ms)
2026/10/02 18:55:36 OK   00021_sp04_archive_protection.sql (6.01ms)
2026/10/02 18:55:36 OK   00022_sp04_legal_hold_dependencies.sql (5.12ms)
2026/10/02 18:55:36 OK   00023_sp04_archive_query_intent.sql (3.82ms)
2026/10/02 18:55:36 OK   00024_sp05_finding_incident.sql (13.98ms)
2026/10/02 18:55:36 OK   00025_sp05_incident_event_time.sql (3.04ms)
2026/10/02 18:55:36 OK   00026_sp05_source_binding_lock.sql (4.12ms)
2026/10/02 18:55:36 OK   00027_sp05_rca_and_poll.sql (6.72ms)
2026/10/02 18:55:36 OK   00028_sp05_operator_lock.sql (6.81ms)
2026/10/02 18:55:36 OK   00029_sp05_evidence_links.sql (9.25ms)
2026/10/02 18:55:36 goose: successfully migrated database to version: 29
--- PASS: TestSP05FindingRejectsMissingEvidenceWithoutPartialCommit (0.45s)
PASS
ok  	ops-platform/test/integration	2.823s
