=== RUN   TestSP05EqualSequenceConflictAndTransportAliasAreAudited
2026/10/02 19:44:40 OK   00001_roles_and_schemas.sql (28.77ms)
2026/10/02 19:44:40 goose: successfully migrated database to version: 1
2026/10/02 19:44:40 OK   00002_platform_meta.sql (32.23ms)
2026/10/02 19:44:40 OK   00003_finding.sql (6.4ms)
2026/10/02 19:44:40 OK   00004_incident.sql (16.06ms)
2026/10/02 19:44:40 OK   00005_investigation.sql (14.3ms)
2026/10/02 19:44:40 OK   00006_action_command.sql (9.62ms)
2026/10/02 19:44:40 OK   00007_audit.sql (22.96ms)
2026/10/02 19:44:40 OK   00008_rls.sql (7.85ms)
2026/10/02 19:44:40 OK   00009_idempotency_ledger.sql (18.16ms)
2026/10/02 19:44:40 OK   00010_tenant_provisioning.sql (3.66ms)
2026/10/02 19:44:40 OK   00011_source_registration_history.sql (10.78ms)
2026/10/02 19:44:40 OK   00012_config_registry_lifecycle.sql (18.74ms)
2026/10/02 19:44:40 OK   00013_audit_signed_segments.sql (11.85ms)
2026/10/02 19:44:40 OK   00014_audit_segment_predecessors.sql (12.42ms)
2026/10/02 19:44:40 OK   00015_source_schema_scope.sql (3.98ms)
2026/10/02 19:44:40 OK   00016_cluster_registration_metadata.sql (3.46ms)
2026/10/02 19:44:40 OK   00017_source_data_scope.sql (3.48ms)
2026/10/02 19:44:40 OK   00018_sp04_resources_evidence.sql (13.51ms)
2026/10/02 19:44:40 OK   00019_sp04_archive_ciphertext_bytes.sql (9.07ms)
2026/10/02 19:44:40 OK   00020_sp04_request_ledger.sql (3.74ms)
2026/10/02 19:44:40 OK   00021_sp04_archive_protection.sql (2.83ms)
2026/10/02 19:44:40 OK   00022_sp04_legal_hold_dependencies.sql (2.52ms)
2026/10/02 19:44:40 OK   00023_sp04_archive_query_intent.sql (4.83ms)
2026/10/02 19:44:40 OK   00024_sp05_finding_incident.sql (28.44ms)
2026/10/02 19:44:40 OK   00025_sp05_incident_event_time.sql (2.3ms)
2026/10/02 19:44:40 OK   00026_sp05_source_binding_lock.sql (3.73ms)
2026/10/02 19:44:40 OK   00027_sp05_rca_and_poll.sql (18.65ms)
2026/10/02 19:44:40 OK   00028_sp05_operator_lock.sql (4.02ms)
2026/10/02 19:44:40 OK   00029_sp05_evidence_links.sql (22.45ms)
2026/10/02 19:44:40 OK   00030_sp05_recipe_fence.sql (2.83ms)
2026/10/02 19:44:40 OK   00031_sp05_rca_postcheck.sql (3.91ms)
2026/10/02 19:44:40 goose: successfully migrated database to version: 31
    sp05_order_audit_test.go:19: alias inbox 0: <nil>
--- FAIL: TestSP05EqualSequenceConflictAndTransportAliasAreAudited (0.75s)
FAIL
FAIL	ops-platform/test/integration	1.968s
FAIL
