=== RUN   TestSP05FindingAtomicConcurrentTransportAndRecovery
2026/10/02 18:21:08 OK   00001_roles_and_schemas.sql (17.75ms)
2026/10/02 18:21:08 goose: successfully migrated database to version: 1
2026/10/02 18:21:08 OK   00002_platform_meta.sql (28.07ms)
2026/10/02 18:21:08 OK   00003_finding.sql (20.16ms)
2026/10/02 18:21:08 OK   00004_incident.sql (7.94ms)
2026/10/02 18:21:08 OK   00005_investigation.sql (6.98ms)
2026/10/02 18:21:08 OK   00006_action_command.sql (8.95ms)
2026/10/02 18:21:08 OK   00007_audit.sql (19.42ms)
2026/10/02 18:21:08 OK   00008_rls.sql (9.36ms)
2026/10/02 18:21:08 OK   00009_idempotency_ledger.sql (6.81ms)
2026/10/02 18:21:08 OK   00010_tenant_provisioning.sql (6.61ms)
2026/10/02 18:21:08 OK   00011_source_registration_history.sql (7.04ms)
2026/10/02 18:21:08 OK   00012_config_registry_lifecycle.sql (13.83ms)
2026/10/02 18:21:08 OK   00013_audit_signed_segments.sql (29.36ms)
2026/10/02 18:21:08 OK   00014_audit_segment_predecessors.sql (8.32ms)
2026/10/02 18:21:08 OK   00015_source_schema_scope.sql (5.01ms)
2026/10/02 18:21:08 OK   00016_cluster_registration_metadata.sql (7.25ms)
2026/10/02 18:21:08 OK   00017_source_data_scope.sql (8.33ms)
2026/10/02 18:21:08 OK   00018_sp04_resources_evidence.sql (18.17ms)
2026/10/02 18:21:09 OK   00019_sp04_archive_ciphertext_bytes.sql (14.25ms)
2026/10/02 18:21:09 OK   00020_sp04_request_ledger.sql (13.23ms)
2026/10/02 18:21:09 OK   00021_sp04_archive_protection.sql (13.93ms)
2026/10/02 18:21:09 OK   00022_sp04_legal_hold_dependencies.sql (3.75ms)
2026/10/02 18:21:09 OK   00023_sp04_archive_query_intent.sql (4.14ms)
2026/10/02 18:21:09 OK   00024_sp05_finding_incident.sql (48.73ms)
2026/10/02 18:21:09 OK   00025_sp05_incident_event_time.sql (3.65ms)
2026/10/02 18:21:09 OK   00026_sp05_source_binding_lock.sql (4.01ms)
2026/10/02 18:21:09 goose: successfully migrated database to version: 26
--- PASS: TestSP05FindingAtomicConcurrentTransportAndRecovery (0.89s)
=== RUN   TestSP05ResolvedBeforeFiringAndTenantIsolation
2026/10/02 18:21:09 OK   00001_roles_and_schemas.sql (9.66ms)
2026/10/02 18:21:09 goose: successfully migrated database to version: 1
2026/10/02 18:21:09 OK   00002_platform_meta.sql (30.89ms)
2026/10/02 18:21:09 OK   00003_finding.sql (11.87ms)
2026/10/02 18:21:09 OK   00004_incident.sql (7.04ms)
2026/10/02 18:21:09 OK   00005_investigation.sql (24.11ms)
2026/10/02 18:21:09 OK   00006_action_command.sql (7.47ms)
2026/10/02 18:21:09 OK   00007_audit.sql (10.11ms)
2026/10/02 18:21:09 OK   00008_rls.sql (13.87ms)
2026/10/02 18:21:09 OK   00009_idempotency_ledger.sql (11.65ms)
2026/10/02 18:21:09 OK   00010_tenant_provisioning.sql (7.89ms)
2026/10/02 18:21:09 OK   00011_source_registration_history.sql (8.18ms)
2026/10/02 18:21:09 OK   00012_config_registry_lifecycle.sql (9.42ms)
2026/10/02 18:21:09 OK   00013_audit_signed_segments.sql (10.31ms)
2026/10/02 18:21:09 OK   00014_audit_segment_predecessors.sql (6.2ms)
2026/10/02 18:21:09 OK   00015_source_schema_scope.sql (3.87ms)
2026/10/02 18:21:09 OK   00016_cluster_registration_metadata.sql (5.27ms)
2026/10/02 18:21:09 OK   00017_source_data_scope.sql (10.17ms)
2026/10/02 18:21:09 OK   00018_sp04_resources_evidence.sql (18.31ms)
2026/10/02 18:21:09 OK   00019_sp04_archive_ciphertext_bytes.sql (8.61ms)
2026/10/02 18:21:09 OK   00020_sp04_request_ledger.sql (9.04ms)
2026/10/02 18:21:09 OK   00021_sp04_archive_protection.sql (5.08ms)
2026/10/02 18:21:09 OK   00022_sp04_legal_hold_dependencies.sql (4.67ms)
2026/10/02 18:21:09 OK   00023_sp04_archive_query_intent.sql (2.8ms)
2026/10/02 18:21:09 OK   00024_sp05_finding_incident.sql (31.6ms)
2026/10/02 18:21:09 OK   00025_sp05_incident_event_time.sql (4.75ms)
2026/10/02 18:21:09 OK   00026_sp05_source_binding_lock.sql (12.63ms)
2026/10/02 18:21:09 goose: successfully migrated database to version: 26
--- PASS: TestSP05ResolvedBeforeFiringAndTenantIsolation (0.54s)
PASS
ok  	ops-platform/test/integration	2.437s
