=== RUN   TestSP05FirstHealthyPollDurablyFencesLateAndRepeatedFiring
2026/10/03 09:06:37 OK   00001_roles_and_schemas.sql (13.8ms)
2026/10/03 09:06:37 goose: successfully migrated database to version: 1
2026/10/03 09:06:37 OK   00002_platform_meta.sql (14.04ms)
2026/10/03 09:06:37 OK   00003_finding.sql (6.68ms)
2026/10/03 09:06:37 OK   00004_incident.sql (4.27ms)
2026/10/03 09:06:37 OK   00005_investigation.sql (5.71ms)
2026/10/03 09:06:37 OK   00006_action_command.sql (21.2ms)
2026/10/03 09:06:37 OK   00007_audit.sql (8.86ms)
2026/10/03 09:06:37 OK   00008_rls.sql (6.79ms)
2026/10/03 09:06:37 OK   00009_idempotency_ledger.sql (6.19ms)
2026/10/03 09:06:37 OK   00010_tenant_provisioning.sql (4.41ms)
2026/10/03 09:06:37 OK   00011_source_registration_history.sql (4.77ms)
2026/10/03 09:06:37 OK   00012_config_registry_lifecycle.sql (8.21ms)
2026/10/03 09:06:37 OK   00013_audit_signed_segments.sql (8.91ms)
2026/10/03 09:06:37 OK   00014_audit_segment_predecessors.sql (5.03ms)
2026/10/03 09:06:37 OK   00015_source_schema_scope.sql (3.36ms)
2026/10/03 09:06:37 OK   00016_cluster_registration_metadata.sql (3.65ms)
2026/10/03 09:06:37 OK   00017_source_data_scope.sql (3.91ms)
2026/10/03 09:06:37 OK   00018_sp04_resources_evidence.sql (10.95ms)
2026/10/03 09:06:37 OK   00019_sp04_archive_ciphertext_bytes.sql (2.57ms)
2026/10/03 09:06:37 OK   00020_sp04_request_ledger.sql (3.91ms)
2026/10/03 09:06:37 OK   00021_sp04_archive_protection.sql (3.34ms)
2026/10/03 09:06:37 OK   00022_sp04_legal_hold_dependencies.sql (3.17ms)
2026/10/03 09:06:37 OK   00023_sp04_archive_query_intent.sql (2.77ms)
2026/10/03 09:06:37 OK   00024_sp05_finding_incident.sql (11.82ms)
2026/10/03 09:06:37 OK   00025_sp05_incident_event_time.sql (3.33ms)
2026/10/03 09:06:37 OK   00026_sp05_source_binding_lock.sql (2.91ms)
2026/10/03 09:06:37 OK   00027_sp05_rca_and_poll.sql (6ms)
2026/10/03 09:06:37 OK   00028_sp05_operator_lock.sql (3.84ms)
2026/10/03 09:06:37 OK   00029_sp05_evidence_links.sql (4.51ms)
2026/10/03 09:06:37 OK   00030_sp05_recipe_fence.sql (2.73ms)
2026/10/03 09:06:37 OK   00031_sp05_rca_postcheck.sql (2.27ms)
2026/10/03 09:06:37 OK   00032_sp05_transport_audit.sql (2.18ms)
2026/10/03 09:06:37 OK   00033_sp05_poll_resolution_clock.sql (2.56ms)
2026/10/03 09:06:37 goose: successfully migrated database to version: 33
    sp05_poll_test.go:77: late observation 2026-10-01 23:59:59 +0000 UTC reopened healthy signal: <nil>
--- FAIL: TestSP05FirstHealthyPollDurablyFencesLateAndRepeatedFiring (0.48s)
FAIL
FAIL	ops-platform/test/integration	1.198s
FAIL
