=== RUN   TestSP05FindingAtomicConcurrentTransportAndRecovery
2026/10/03 09:07:22 OK   00001_roles_and_schemas.sql (12.93ms)
2026/10/03 09:07:22 goose: successfully migrated database to version: 1
2026/10/03 09:07:22 OK   00002_platform_meta.sql (15.91ms)
2026/10/03 09:07:22 OK   00003_finding.sql (7.22ms)
2026/10/03 09:07:22 OK   00004_incident.sql (5.49ms)
2026/10/03 09:07:22 OK   00005_investigation.sql (4.88ms)
2026/10/03 09:07:22 OK   00006_action_command.sql (5.25ms)
2026/10/03 09:07:22 OK   00007_audit.sql (8.75ms)
2026/10/03 09:07:22 OK   00008_rls.sql (7.7ms)
2026/10/03 09:07:22 OK   00009_idempotency_ledger.sql (6.6ms)
2026/10/03 09:07:22 OK   00010_tenant_provisioning.sql (3.68ms)
2026/10/03 09:07:22 OK   00011_source_registration_history.sql (5.65ms)
2026/10/03 09:07:22 OK   00012_config_registry_lifecycle.sql (7.63ms)
2026/10/03 09:07:22 OK   00013_audit_signed_segments.sql (9.53ms)
2026/10/03 09:07:22 OK   00014_audit_segment_predecessors.sql (5.41ms)
2026/10/03 09:07:22 OK   00015_source_schema_scope.sql (3.85ms)
2026/10/03 09:07:22 OK   00016_cluster_registration_metadata.sql (3.75ms)
2026/10/03 09:07:22 OK   00017_source_data_scope.sql (3.68ms)
2026/10/03 09:07:22 OK   00018_sp04_resources_evidence.sql (10.77ms)
2026/10/03 09:07:22 OK   00019_sp04_archive_ciphertext_bytes.sql (3.28ms)
2026/10/03 09:07:22 OK   00020_sp04_request_ledger.sql (4.76ms)
2026/10/03 09:07:22 OK   00021_sp04_archive_protection.sql (4.05ms)
2026/10/03 09:07:22 OK   00022_sp04_legal_hold_dependencies.sql (3.89ms)
2026/10/03 09:07:22 OK   00023_sp04_archive_query_intent.sql (3.57ms)
2026/10/03 09:07:22 OK   00024_sp05_finding_incident.sql (11.93ms)
2026/10/03 09:07:22 OK   00025_sp05_incident_event_time.sql (2.56ms)
2026/10/03 09:07:22 OK   00026_sp05_source_binding_lock.sql (3.6ms)
2026/10/03 09:07:22 OK   00027_sp05_rca_and_poll.sql (5.96ms)
2026/10/03 09:07:22 OK   00028_sp05_operator_lock.sql (3.67ms)
2026/10/03 09:07:22 OK   00029_sp05_evidence_links.sql (4.84ms)
2026/10/03 09:07:22 OK   00030_sp05_recipe_fence.sql (3.59ms)
2026/10/03 09:07:22 OK   00031_sp05_rca_postcheck.sql (3.78ms)
2026/10/03 09:07:22 OK   00032_sp05_transport_audit.sql (3.82ms)
2026/10/03 09:07:22 OK   00033_sp05_poll_resolution_clock.sql (4.01ms)
2026/10/03 09:07:22 goose: successfully migrated database to version: 33
--- PASS: TestSP05FindingAtomicConcurrentTransportAndRecovery (0.51s)
=== RUN   TestSP05ResolvedBeforeFiringAndTenantIsolation
2026/10/03 09:07:22 OK   00001_roles_and_schemas.sql (9.02ms)
2026/10/03 09:07:22 goose: successfully migrated database to version: 1
2026/10/03 09:07:22 OK   00002_platform_meta.sql (16.82ms)
2026/10/03 09:07:22 OK   00003_finding.sql (5.96ms)
2026/10/03 09:07:22 OK   00004_incident.sql (4.19ms)
2026/10/03 09:07:22 OK   00005_investigation.sql (4.39ms)
2026/10/03 09:07:22 OK   00006_action_command.sql (4.24ms)
2026/10/03 09:07:22 OK   00007_audit.sql (9.45ms)
2026/10/03 09:07:22 OK   00008_rls.sql (9.38ms)
2026/10/03 09:07:22 OK   00009_idempotency_ledger.sql (8ms)
2026/10/03 09:07:22 OK   00010_tenant_provisioning.sql (2.94ms)
2026/10/03 09:07:22 OK   00011_source_registration_history.sql (4.19ms)
2026/10/03 09:07:23 OK   00012_config_registry_lifecycle.sql (5.96ms)
2026/10/03 09:07:23 OK   00013_audit_signed_segments.sql (7.82ms)
2026/10/03 09:07:23 OK   00014_audit_segment_predecessors.sql (3.4ms)
2026/10/03 09:07:23 OK   00015_source_schema_scope.sql (1.62ms)
2026/10/03 09:07:23 OK   00016_cluster_registration_metadata.sql (2.41ms)
2026/10/03 09:07:23 OK   00017_source_data_scope.sql (1.9ms)
2026/10/03 09:07:23 OK   00018_sp04_resources_evidence.sql (8.37ms)
2026/10/03 09:07:23 OK   00019_sp04_archive_ciphertext_bytes.sql (1.66ms)
2026/10/03 09:07:23 OK   00020_sp04_request_ledger.sql (2.43ms)
2026/10/03 09:07:23 OK   00021_sp04_archive_protection.sql (1.85ms)
2026/10/03 09:07:23 OK   00022_sp04_legal_hold_dependencies.sql (1.67ms)
2026/10/03 09:07:23 OK   00023_sp04_archive_query_intent.sql (1.58ms)
2026/10/03 09:07:23 OK   00024_sp05_finding_incident.sql (10.5ms)
2026/10/03 09:07:23 OK   00025_sp05_incident_event_time.sql (1.54ms)
2026/10/03 09:07:23 OK   00026_sp05_source_binding_lock.sql (1.89ms)
2026/10/03 09:07:23 OK   00027_sp05_rca_and_poll.sql (4.29ms)
2026/10/03 09:07:23 OK   00028_sp05_operator_lock.sql (1.79ms)
2026/10/03 09:07:23 OK   00029_sp05_evidence_links.sql (3.19ms)
2026/10/03 09:07:23 OK   00030_sp05_recipe_fence.sql (1.69ms)
2026/10/03 09:07:23 OK   00031_sp05_rca_postcheck.sql (1.54ms)
2026/10/03 09:07:23 OK   00032_sp05_transport_audit.sql (1.64ms)
2026/10/03 09:07:23 OK   00033_sp05_poll_resolution_clock.sql (1.9ms)
2026/10/03 09:07:23 goose: successfully migrated database to version: 33
--- PASS: TestSP05ResolvedBeforeFiringAndTenantIsolation (0.25s)
=== RUN   TestSP05PollBirthClockSurvivesPostgreSQLPrecisionAndRestart
2026/10/03 09:07:23 OK   00001_roles_and_schemas.sql (6ms)
2026/10/03 09:07:23 goose: successfully migrated database to version: 1
2026/10/03 09:07:23 OK   00002_platform_meta.sql (11.39ms)
2026/10/03 09:07:23 OK   00003_finding.sql (5.83ms)
2026/10/03 09:07:23 OK   00004_incident.sql (3.08ms)
2026/10/03 09:07:23 OK   00005_investigation.sql (3.53ms)
2026/10/03 09:07:23 OK   00006_action_command.sql (4.11ms)
2026/10/03 09:07:23 OK   00007_audit.sql (6.61ms)
2026/10/03 09:07:23 OK   00008_rls.sql (6.11ms)
2026/10/03 09:07:23 OK   00009_idempotency_ledger.sql (3.84ms)
2026/10/03 09:07:23 OK   00010_tenant_provisioning.sql (1.98ms)
2026/10/03 09:07:23 OK   00011_source_registration_history.sql (3.3ms)
2026/10/03 09:07:23 OK   00012_config_registry_lifecycle.sql (4.93ms)
2026/10/03 09:07:23 OK   00013_audit_signed_segments.sql (5.4ms)
2026/10/03 09:07:23 OK   00014_audit_segment_predecessors.sql (4.08ms)
2026/10/03 09:07:23 OK   00015_source_schema_scope.sql (1.66ms)
2026/10/03 09:07:23 OK   00016_cluster_registration_metadata.sql (2.35ms)
2026/10/03 09:07:23 OK   00017_source_data_scope.sql (2ms)
2026/10/03 09:07:23 OK   00018_sp04_resources_evidence.sql (8.29ms)
2026/10/03 09:07:23 OK   00019_sp04_archive_ciphertext_bytes.sql (1.77ms)
2026/10/03 09:07:23 OK   00020_sp04_request_ledger.sql (2.54ms)
2026/10/03 09:07:23 OK   00021_sp04_archive_protection.sql (1.57ms)
2026/10/03 09:07:23 OK   00022_sp04_legal_hold_dependencies.sql (1.56ms)
2026/10/03 09:07:23 OK   00023_sp04_archive_query_intent.sql (1.74ms)
2026/10/03 09:07:23 OK   00024_sp05_finding_incident.sql (10.35ms)
2026/10/03 09:07:23 OK   00025_sp05_incident_event_time.sql (1.49ms)
2026/10/03 09:07:23 OK   00026_sp05_source_binding_lock.sql (2.37ms)
2026/10/03 09:07:23 OK   00027_sp05_rca_and_poll.sql (5.21ms)
2026/10/03 09:07:23 OK   00028_sp05_operator_lock.sql (2.58ms)
2026/10/03 09:07:23 OK   00029_sp05_evidence_links.sql (2.97ms)
2026/10/03 09:07:23 OK   00030_sp05_recipe_fence.sql (2.47ms)
2026/10/03 09:07:23 OK   00031_sp05_rca_postcheck.sql (2.48ms)
2026/10/03 09:07:23 OK   00032_sp05_transport_audit.sql (1.43ms)
2026/10/03 09:07:23 OK   00033_sp05_poll_resolution_clock.sql (2.68ms)
2026/10/03 09:07:23 goose: successfully migrated database to version: 33
--- PASS: TestSP05PollBirthClockSurvivesPostgreSQLPrecisionAndRestart (0.25s)
=== RUN   TestSP05PollCrashAfterResolveAndLateReplayCannotCreateOccurrence
=== RUN   TestSP05PollCrashAfterResolveAndLateReplayCannotCreateOccurrence/crash-before-close
2026/10/03 09:07:23 OK   00001_roles_and_schemas.sql (15.34ms)
2026/10/03 09:07:23 goose: successfully migrated database to version: 1
2026/10/03 09:07:23 OK   00002_platform_meta.sql (13.7ms)
2026/10/03 09:07:23 OK   00003_finding.sql (5.79ms)
2026/10/03 09:07:23 OK   00004_incident.sql (4.39ms)
2026/10/03 09:07:23 OK   00005_investigation.sql (4.24ms)
2026/10/03 09:07:23 OK   00006_action_command.sql (4.72ms)
2026/10/03 09:07:23 OK   00007_audit.sql (6.62ms)
2026/10/03 09:07:23 OK   00008_rls.sql (6.95ms)
2026/10/03 09:07:23 OK   00009_idempotency_ledger.sql (5.36ms)
2026/10/03 09:07:23 OK   00010_tenant_provisioning.sql (3.61ms)
2026/10/03 09:07:23 OK   00011_source_registration_history.sql (4.36ms)
2026/10/03 09:07:23 OK   00012_config_registry_lifecycle.sql (6.54ms)
2026/10/03 09:07:23 OK   00013_audit_signed_segments.sql (8.71ms)
2026/10/03 09:07:23 OK   00014_audit_segment_predecessors.sql (4.82ms)
2026/10/03 09:07:23 OK   00015_source_schema_scope.sql (2.71ms)
2026/10/03 09:07:23 OK   00016_cluster_registration_metadata.sql (3.14ms)
2026/10/03 09:07:23 OK   00017_source_data_scope.sql (3.04ms)
2026/10/03 09:07:23 OK   00018_sp04_resources_evidence.sql (9.36ms)
2026/10/03 09:07:23 OK   00019_sp04_archive_ciphertext_bytes.sql (2.58ms)
2026/10/03 09:07:23 OK   00020_sp04_request_ledger.sql (4.14ms)
2026/10/03 09:07:23 OK   00021_sp04_archive_protection.sql (3ms)
2026/10/03 09:07:23 OK   00022_sp04_legal_hold_dependencies.sql (2.88ms)
2026/10/03 09:07:23 OK   00023_sp04_archive_query_intent.sql (2.85ms)
2026/10/03 09:07:23 OK   00024_sp05_finding_incident.sql (11.35ms)
2026/10/03 09:07:23 OK   00025_sp05_incident_event_time.sql (2.87ms)
2026/10/03 09:07:23 OK   00026_sp05_source_binding_lock.sql (2.77ms)
2026/10/03 09:07:23 OK   00027_sp05_rca_and_poll.sql (6.39ms)
2026/10/03 09:07:23 OK   00028_sp05_operator_lock.sql (2.89ms)
2026/10/03 09:07:23 OK   00029_sp05_evidence_links.sql (3.96ms)
2026/10/03 09:07:23 OK   00030_sp05_recipe_fence.sql (4.06ms)
2026/10/03 09:07:23 OK   00031_sp05_rca_postcheck.sql (3.3ms)
2026/10/03 09:07:23 OK   00032_sp05_transport_audit.sql (3.53ms)
2026/10/03 09:07:23 OK   00033_sp05_poll_resolution_clock.sql (2.81ms)
2026/10/03 09:07:23 goose: successfully migrated database to version: 33
=== RUN   TestSP05PollCrashAfterResolveAndLateReplayCannotCreateOccurrence/late-replay
2026/10/03 09:07:23 OK   00001_roles_and_schemas.sql (6.66ms)
2026/10/03 09:07:23 goose: successfully migrated database to version: 1
2026/10/03 09:07:23 OK   00002_platform_meta.sql (12.2ms)
2026/10/03 09:07:23 OK   00003_finding.sql (5.63ms)
2026/10/03 09:07:23 OK   00004_incident.sql (3.99ms)
2026/10/03 09:07:23 OK   00005_investigation.sql (4.3ms)
2026/10/03 09:07:23 OK   00006_action_command.sql (4.03ms)
2026/10/03 09:07:23 OK   00007_audit.sql (6.44ms)
2026/10/03 09:07:23 OK   00008_rls.sql (6.3ms)
2026/10/03 09:07:23 OK   00009_idempotency_ledger.sql (5.01ms)
2026/10/03 09:07:23 OK   00010_tenant_provisioning.sql (3.51ms)
2026/10/03 09:07:23 OK   00011_source_registration_history.sql (4.64ms)
2026/10/03 09:07:23 OK   00012_config_registry_lifecycle.sql (6.37ms)
2026/10/03 09:07:23 OK   00013_audit_signed_segments.sql (8.53ms)
2026/10/03 09:07:23 OK   00014_audit_segment_predecessors.sql (4.59ms)
2026/10/03 09:07:23 OK   00015_source_schema_scope.sql (2.81ms)
2026/10/03 09:07:23 OK   00016_cluster_registration_metadata.sql (3.3ms)
2026/10/03 09:07:23 OK   00017_source_data_scope.sql (2.84ms)
2026/10/03 09:07:23 OK   00018_sp04_resources_evidence.sql (9.31ms)
2026/10/03 09:07:23 OK   00019_sp04_archive_ciphertext_bytes.sql (2.8ms)
2026/10/03 09:07:23 OK   00020_sp04_request_ledger.sql (4.11ms)
2026/10/03 09:07:23 OK   00021_sp04_archive_protection.sql (3.06ms)
2026/10/03 09:07:23 OK   00022_sp04_legal_hold_dependencies.sql (3.25ms)
2026/10/03 09:07:23 OK   00023_sp04_archive_query_intent.sql (3.69ms)
2026/10/03 09:07:23 OK   00024_sp05_finding_incident.sql (23.93ms)
2026/10/03 09:07:23 OK   00025_sp05_incident_event_time.sql (3.91ms)
2026/10/03 09:07:23 OK   00026_sp05_source_binding_lock.sql (4.43ms)
2026/10/03 09:07:23 OK   00027_sp05_rca_and_poll.sql (6.29ms)
2026/10/03 09:07:23 OK   00028_sp05_operator_lock.sql (4.61ms)
2026/10/03 09:07:23 OK   00029_sp05_evidence_links.sql (4.7ms)
2026/10/03 09:07:23 OK   00030_sp05_recipe_fence.sql (3.05ms)
2026/10/03 09:07:23 OK   00031_sp05_rca_postcheck.sql (2.84ms)
2026/10/03 09:07:23 OK   00032_sp05_transport_audit.sql (2.92ms)
2026/10/03 09:07:23 OK   00033_sp05_poll_resolution_clock.sql (3.2ms)
2026/10/03 09:07:23 goose: successfully migrated database to version: 33
--- PASS: TestSP05PollCrashAfterResolveAndLateReplayCannotCreateOccurrence (0.63s)
    --- PASS: TestSP05PollCrashAfterResolveAndLateReplayCannotCreateOccurrence/crash-before-close (0.30s)
    --- PASS: TestSP05PollCrashAfterResolveAndLateReplayCannotCreateOccurrence/late-replay (0.33s)
=== RUN   TestSP05FirstHealthyPollDurablyFencesLateAndRepeatedFiring
2026/10/03 09:07:24 OK   00001_roles_and_schemas.sql (9.45ms)
2026/10/03 09:07:24 goose: successfully migrated database to version: 1
2026/10/03 09:07:24 OK   00002_platform_meta.sql (14.17ms)
2026/10/03 09:07:24 OK   00003_finding.sql (6.31ms)
2026/10/03 09:07:24 OK   00004_incident.sql (6.02ms)
2026/10/03 09:07:24 OK   00005_investigation.sql (6.65ms)
2026/10/03 09:07:24 OK   00006_action_command.sql (5.99ms)
2026/10/03 09:07:24 OK   00007_audit.sql (9.6ms)
2026/10/03 09:07:24 OK   00008_rls.sql (11.58ms)
2026/10/03 09:07:24 OK   00009_idempotency_ledger.sql (7.02ms)
2026/10/03 09:07:24 OK   00010_tenant_provisioning.sql (5.13ms)
2026/10/03 09:07:24 OK   00011_source_registration_history.sql (6.93ms)
2026/10/03 09:07:24 OK   00012_config_registry_lifecycle.sql (9.22ms)
2026/10/03 09:07:24 OK   00013_audit_signed_segments.sql (10.39ms)
2026/10/03 09:07:24 OK   00014_audit_segment_predecessors.sql (4.96ms)
2026/10/03 09:07:24 OK   00015_source_schema_scope.sql (3.52ms)
2026/10/03 09:07:24 OK   00016_cluster_registration_metadata.sql (4.33ms)
2026/10/03 09:07:24 OK   00017_source_data_scope.sql (3.94ms)
2026/10/03 09:07:24 OK   00018_sp04_resources_evidence.sql (11.32ms)
2026/10/03 09:07:24 OK   00019_sp04_archive_ciphertext_bytes.sql (18.99ms)
2026/10/03 09:07:24 OK   00020_sp04_request_ledger.sql (5.14ms)
2026/10/03 09:07:24 OK   00021_sp04_archive_protection.sql (4.21ms)
2026/10/03 09:07:24 OK   00022_sp04_legal_hold_dependencies.sql (3.91ms)
2026/10/03 09:07:24 OK   00023_sp04_archive_query_intent.sql (3.91ms)
2026/10/03 09:07:24 OK   00024_sp05_finding_incident.sql (13.09ms)
2026/10/03 09:07:24 OK   00025_sp05_incident_event_time.sql (3.91ms)
2026/10/03 09:07:24 OK   00026_sp05_source_binding_lock.sql (4.18ms)
2026/10/03 09:07:24 OK   00027_sp05_rca_and_poll.sql (7.12ms)
2026/10/03 09:07:24 OK   00028_sp05_operator_lock.sql (3.55ms)
2026/10/03 09:07:24 OK   00029_sp05_evidence_links.sql (4.74ms)
2026/10/03 09:07:24 OK   00030_sp05_recipe_fence.sql (3.16ms)
2026/10/03 09:07:24 OK   00031_sp05_rca_postcheck.sql (2.75ms)
2026/10/03 09:07:24 OK   00032_sp05_transport_audit.sql (3.05ms)
2026/10/03 09:07:24 OK   00033_sp05_poll_resolution_clock.sql (3.4ms)
2026/10/03 09:07:24 goose: successfully migrated database to version: 33
--- PASS: TestSP05FirstHealthyPollDurablyFencesLateAndRepeatedFiring (0.36s)
PASS
ok  	ops-platform/test/integration	2.981s
