=== RUN   TestRecipeCannotConfirmFromDisconnectedOrDerivedFacts
=== RUN   TestRecipeCannotConfirmFromDisconnectedOrDerivedFacts/dimm-failure
=== RUN   TestRecipeCannotConfirmFromDisconnectedOrDerivedFacts/pvc-csi-failure
=== RUN   TestRecipeCannotConfirmFromDisconnectedOrDerivedFacts/node-failure
--- PASS: TestRecipeCannotConfirmFromDisconnectedOrDerivedFacts (0.00s)
    --- PASS: TestRecipeCannotConfirmFromDisconnectedOrDerivedFacts/dimm-failure (0.00s)
    --- PASS: TestRecipeCannotConfirmFromDisconnectedOrDerivedFacts/pvc-csi-failure (0.00s)
    --- PASS: TestRecipeCannotConfirmFromDisconnectedOrDerivedFacts/node-failure (0.00s)
=== RUN   TestFutureRequiredEvidenceCannotConfirm
--- PASS: TestFutureRequiredEvidenceCannotConfirm (0.00s)
=== RUN   TestEveryRecipeRespectsSP04KernelDepth
--- PASS: TestEveryRecipeRespectsSP04KernelDepth (0.00s)
=== RUN   TestDIMMFixedPlanComposesRealKernelAndHonorsNamespaceScope
--- PASS: TestDIMMFixedPlanComposesRealKernelAndHonorsNamespaceScope (0.00s)
=== RUN   TestRecipeFrozenGoldenConfirmation
=== RUN   TestRecipeFrozenGoldenConfirmation/dimm-failure
=== RUN   TestRecipeFrozenGoldenConfirmation/dimm-failure/missing
=== RUN   TestRecipeFrozenGoldenConfirmation/dimm-failure/conflict
=== RUN   TestRecipeFrozenGoldenConfirmation/dimm-failure/degraded
=== RUN   TestRecipeFrozenGoldenConfirmation/dimm-failure/time-unreliable
=== RUN   TestRecipeFrozenGoldenConfirmation/dimm-failure/duplicate
=== RUN   TestRecipeFrozenGoldenConfirmation/dimm-failure/expired
=== RUN   TestRecipeFrozenGoldenConfirmation/dimm-failure/cpu-high
=== RUN   TestRecipeFrozenGoldenConfirmation/dimm-failure/recent-change
=== RUN   TestRecipeFrozenGoldenConfirmation/pvc-csi-failure
=== RUN   TestRecipeFrozenGoldenConfirmation/pvc-csi-failure/missing
=== RUN   TestRecipeFrozenGoldenConfirmation/pvc-csi-failure/conflict
=== RUN   TestRecipeFrozenGoldenConfirmation/pvc-csi-failure/degraded
=== RUN   TestRecipeFrozenGoldenConfirmation/pvc-csi-failure/time-unreliable
=== RUN   TestRecipeFrozenGoldenConfirmation/pvc-csi-failure/duplicate
=== RUN   TestRecipeFrozenGoldenConfirmation/pvc-csi-failure/expired
=== RUN   TestRecipeFrozenGoldenConfirmation/pvc-csi-failure/cpu-high
=== RUN   TestRecipeFrozenGoldenConfirmation/pvc-csi-failure/recent-change
=== RUN   TestRecipeFrozenGoldenConfirmation/node-failure
=== RUN   TestRecipeFrozenGoldenConfirmation/node-failure/missing
=== RUN   TestRecipeFrozenGoldenConfirmation/node-failure/conflict
=== RUN   TestRecipeFrozenGoldenConfirmation/node-failure/degraded
=== RUN   TestRecipeFrozenGoldenConfirmation/node-failure/time-unreliable
=== RUN   TestRecipeFrozenGoldenConfirmation/node-failure/duplicate
=== RUN   TestRecipeFrozenGoldenConfirmation/node-failure/expired
=== RUN   TestRecipeFrozenGoldenConfirmation/node-failure/cpu-high
=== RUN   TestRecipeFrozenGoldenConfirmation/node-failure/recent-change
--- PASS: TestRecipeFrozenGoldenConfirmation (0.00s)
    --- PASS: TestRecipeFrozenGoldenConfirmation/dimm-failure (0.00s)
        --- PASS: TestRecipeFrozenGoldenConfirmation/dimm-failure/missing (0.00s)
        --- PASS: TestRecipeFrozenGoldenConfirmation/dimm-failure/conflict (0.00s)
        --- PASS: TestRecipeFrozenGoldenConfirmation/dimm-failure/degraded (0.00s)
        --- PASS: TestRecipeFrozenGoldenConfirmation/dimm-failure/time-unreliable (0.00s)
        --- PASS: TestRecipeFrozenGoldenConfirmation/dimm-failure/duplicate (0.00s)
        --- PASS: TestRecipeFrozenGoldenConfirmation/dimm-failure/expired (0.00s)
        --- PASS: TestRecipeFrozenGoldenConfirmation/dimm-failure/cpu-high (0.00s)
        --- PASS: TestRecipeFrozenGoldenConfirmation/dimm-failure/recent-change (0.00s)
    --- PASS: TestRecipeFrozenGoldenConfirmation/pvc-csi-failure (0.00s)
        --- PASS: TestRecipeFrozenGoldenConfirmation/pvc-csi-failure/missing (0.00s)
        --- PASS: TestRecipeFrozenGoldenConfirmation/pvc-csi-failure/conflict (0.00s)
        --- PASS: TestRecipeFrozenGoldenConfirmation/pvc-csi-failure/degraded (0.00s)
        --- PASS: TestRecipeFrozenGoldenConfirmation/pvc-csi-failure/time-unreliable (0.00s)
        --- PASS: TestRecipeFrozenGoldenConfirmation/pvc-csi-failure/duplicate (0.00s)
        --- PASS: TestRecipeFrozenGoldenConfirmation/pvc-csi-failure/expired (0.00s)
        --- PASS: TestRecipeFrozenGoldenConfirmation/pvc-csi-failure/cpu-high (0.00s)
        --- PASS: TestRecipeFrozenGoldenConfirmation/pvc-csi-failure/recent-change (0.00s)
    --- PASS: TestRecipeFrozenGoldenConfirmation/node-failure (0.00s)
        --- PASS: TestRecipeFrozenGoldenConfirmation/node-failure/missing (0.00s)
        --- PASS: TestRecipeFrozenGoldenConfirmation/node-failure/conflict (0.00s)
        --- PASS: TestRecipeFrozenGoldenConfirmation/node-failure/degraded (0.00s)
        --- PASS: TestRecipeFrozenGoldenConfirmation/node-failure/time-unreliable (0.00s)
        --- PASS: TestRecipeFrozenGoldenConfirmation/node-failure/duplicate (0.00s)
        --- PASS: TestRecipeFrozenGoldenConfirmation/node-failure/expired (0.00s)
        --- PASS: TestRecipeFrozenGoldenConfirmation/node-failure/cpu-high (0.00s)
        --- PASS: TestRecipeFrozenGoldenConfirmation/node-failure/recent-change (0.00s)
PASS
ok  	ops-platform/internal/rca	0.686s
