=== RUN   TestSP05FrozenNonvirtualGoldenVerticalAndReplay
=== RUN   TestSP05FrozenNonvirtualGoldenVerticalAndReplay/dimm-failure/valid
2026/10/03 09:47:20 OK   00001_roles_and_schemas.sql (13.98ms)
2026/10/03 09:47:20 goose: successfully migrated database to version: 1
2026/10/03 09:47:20 OK   00002_platform_meta.sql (19.43ms)
2026/10/03 09:47:21 OK   00003_finding.sql (8.4ms)
2026/10/03 09:47:21 OK   00004_incident.sql (6ms)
2026/10/03 09:47:21 OK   00005_investigation.sql (7.62ms)
2026/10/03 09:47:21 OK   00006_action_command.sql (6.03ms)
2026/10/03 09:47:21 OK   00007_audit.sql (10.23ms)
2026/10/03 09:47:21 OK   00008_rls.sql (9.61ms)
2026/10/03 09:47:21 OK   00009_idempotency_ledger.sql (7.31ms)
2026/10/03 09:47:21 OK   00010_tenant_provisioning.sql (3.82ms)
2026/10/03 09:47:21 OK   00011_source_registration_history.sql (6.91ms)
2026/10/03 09:47:21 OK   00012_config_registry_lifecycle.sql (9.76ms)
2026/10/03 09:47:21 OK   00013_audit_signed_segments.sql (11.52ms)
2026/10/03 09:47:21 OK   00014_audit_segment_predecessors.sql (5.47ms)
2026/10/03 09:47:21 OK   00015_source_schema_scope.sql (3.56ms)
2026/10/03 09:47:21 OK   00016_cluster_registration_metadata.sql (4.64ms)
2026/10/03 09:47:21 OK   00017_source_data_scope.sql (4.77ms)
2026/10/03 09:47:21 OK   00018_sp04_resources_evidence.sql (13.21ms)
2026/10/03 09:47:21 OK   00019_sp04_archive_ciphertext_bytes.sql (2.83ms)
2026/10/03 09:47:21 OK   00020_sp04_request_ledger.sql (5.13ms)
2026/10/03 09:47:21 OK   00021_sp04_archive_protection.sql (4.22ms)
2026/10/03 09:47:21 OK   00022_sp04_legal_hold_dependencies.sql (4.12ms)
2026/10/03 09:47:21 OK   00023_sp04_archive_query_intent.sql (3.79ms)
2026/10/03 09:47:21 OK   00024_sp05_finding_incident.sql (15.29ms)
2026/10/03 09:47:21 OK   00025_sp05_incident_event_time.sql (3.92ms)
2026/10/03 09:47:21 OK   00026_sp05_source_binding_lock.sql (4.14ms)
2026/10/03 09:47:21 OK   00027_sp05_rca_and_poll.sql (6.52ms)
2026/10/03 09:47:21 OK   00028_sp05_operator_lock.sql (3.6ms)
2026/10/03 09:47:21 OK   00029_sp05_evidence_links.sql (6.24ms)
2026/10/03 09:47:21 OK   00030_sp05_recipe_fence.sql (4.32ms)
2026/10/03 09:47:21 OK   00031_sp05_rca_postcheck.sql (3.11ms)
2026/10/03 09:47:21 OK   00032_sp05_transport_audit.sql (3.99ms)
2026/10/03 09:47:21 OK   00033_sp05_poll_resolution_clock.sql (4.35ms)
2026/10/03 09:47:21 goose: successfully migrated database to version: 33
    archive_iam_test.go:41: owned TLS/IAM fixture image=docker.io/chrislusf/seaweedfs@sha256:d4cf67729aa8777e1a43a5b61d72e5b96179e4b7bac9a221cb14cbc2036cb32e id=2967651dac8ec448f096c3aede8f3d3e59a5e40a5b89c8fc7763d85988978a59 bucket=sp05-golden-d73956ec tenants=1
    sp05_golden_vertical_test.go:318: dimm-failure/valid: fixed clock, admitted native adapters -> actual identity/Graph and unified ingestion -> PostgreSQL reducer -> signed published Recipe -> real immutable OpenBao/SeaweedFS Evidence -> append-only RCA and bounded Impact, twice replay; protocol Fixture, no physical BMC/Node failure claim
=== RUN   TestSP05FrozenNonvirtualGoldenVerticalAndReplay/dimm-failure/missing
2026/10/03 09:47:28 OK   00001_roles_and_schemas.sql (12.21ms)
2026/10/03 09:47:28 goose: successfully migrated database to version: 1
2026/10/03 09:47:28 OK   00002_platform_meta.sql (15.1ms)
2026/10/03 09:47:28 OK   00003_finding.sql (8.54ms)
2026/10/03 09:47:28 OK   00004_incident.sql (12.91ms)
2026/10/03 09:47:28 OK   00005_investigation.sql (11.29ms)
2026/10/03 09:47:28 OK   00006_action_command.sql (11.23ms)
2026/10/03 09:47:28 OK   00007_audit.sql (16.2ms)
2026/10/03 09:47:28 OK   00008_rls.sql (14.85ms)
2026/10/03 09:47:28 OK   00009_idempotency_ledger.sql (10.39ms)
2026/10/03 09:47:28 OK   00010_tenant_provisioning.sql (7.15ms)
2026/10/03 09:47:28 OK   00011_source_registration_history.sql (15.09ms)
2026/10/03 09:47:28 OK   00012_config_registry_lifecycle.sql (11.93ms)
2026/10/03 09:47:28 OK   00013_audit_signed_segments.sql (21.38ms)
2026/10/03 09:47:28 OK   00014_audit_segment_predecessors.sql (7.46ms)
2026/10/03 09:47:28 OK   00015_source_schema_scope.sql (3.36ms)
2026/10/03 09:47:28 OK   00016_cluster_registration_metadata.sql (4.57ms)
2026/10/03 09:47:28 OK   00017_source_data_scope.sql (4.44ms)
2026/10/03 09:47:28 OK   00018_sp04_resources_evidence.sql (10.7ms)
2026/10/03 09:47:28 OK   00019_sp04_archive_ciphertext_bytes.sql (3.01ms)
2026/10/03 09:47:28 OK   00020_sp04_request_ledger.sql (4.11ms)
2026/10/03 09:47:28 OK   00021_sp04_archive_protection.sql (2.95ms)
2026/10/03 09:47:28 OK   00022_sp04_legal_hold_dependencies.sql (2.92ms)
2026/10/03 09:47:28 OK   00023_sp04_archive_query_intent.sql (2.78ms)
2026/10/03 09:47:29 OK   00024_sp05_finding_incident.sql (11.77ms)
2026/10/03 09:47:29 OK   00025_sp05_incident_event_time.sql (2.36ms)
2026/10/03 09:47:29 OK   00026_sp05_source_binding_lock.sql (3.17ms)
2026/10/03 09:47:29 OK   00027_sp05_rca_and_poll.sql (9.75ms)
2026/10/03 09:47:29 OK   00028_sp05_operator_lock.sql (3.64ms)
2026/10/03 09:47:29 OK   00029_sp05_evidence_links.sql (6.59ms)
2026/10/03 09:47:29 OK   00030_sp05_recipe_fence.sql (3.73ms)
2026/10/03 09:47:29 OK   00031_sp05_rca_postcheck.sql (2.91ms)
2026/10/03 09:47:29 OK   00032_sp05_transport_audit.sql (3.07ms)
2026/10/03 09:47:29 OK   00033_sp05_poll_resolution_clock.sql (3.82ms)
2026/10/03 09:47:29 goose: successfully migrated database to version: 33
    archive_iam_test.go:41: owned TLS/IAM fixture image=docker.io/chrislusf/seaweedfs@sha256:d4cf67729aa8777e1a43a5b61d72e5b96179e4b7bac9a221cb14cbc2036cb32e id=6bcc26f9d1a2b7b1d3e56462e402b36cb4dbb1b37f725da9605c777393086a54 bucket=sp05-golden-528b7b07 tenants=1
    sp05_golden_vertical_test.go:318: dimm-failure/missing: fixed clock, admitted native adapters -> actual identity/Graph and unified ingestion -> PostgreSQL reducer -> signed published Recipe -> real immutable OpenBao/SeaweedFS Evidence -> append-only RCA and bounded Impact, twice replay; protocol Fixture, no physical BMC/Node failure claim
=== RUN   TestSP05FrozenNonvirtualGoldenVerticalAndReplay/dimm-failure/conflict
2026/10/03 09:47:33 OK   00001_roles_and_schemas.sql (9.05ms)
2026/10/03 09:47:33 goose: successfully migrated database to version: 1
2026/10/03 09:47:33 OK   00002_platform_meta.sql (15.59ms)
2026/10/03 09:47:33 OK   00003_finding.sql (6.11ms)
2026/10/03 09:47:33 OK   00004_incident.sql (4.83ms)
2026/10/03 09:47:33 OK   00005_investigation.sql (5.03ms)
2026/10/03 09:47:33 OK   00006_action_command.sql (4.72ms)
2026/10/03 09:47:33 OK   00007_audit.sql (7.6ms)
2026/10/03 09:47:33 OK   00008_rls.sql (8.17ms)
2026/10/03 09:47:33 OK   00009_idempotency_ledger.sql (6.04ms)
2026/10/03 09:47:33 OK   00010_tenant_provisioning.sql (3.99ms)
2026/10/03 09:47:33 OK   00011_source_registration_history.sql (5.6ms)
2026/10/03 09:47:34 OK   00012_config_registry_lifecycle.sql (7.69ms)
2026/10/03 09:47:34 OK   00013_audit_signed_segments.sql (9.83ms)
2026/10/03 09:47:34 OK   00014_audit_segment_predecessors.sql (4.48ms)
2026/10/03 09:47:34 OK   00015_source_schema_scope.sql (3.07ms)
2026/10/03 09:47:34 OK   00016_cluster_registration_metadata.sql (3.83ms)
2026/10/03 09:47:34 OK   00017_source_data_scope.sql (2.9ms)
2026/10/03 09:47:34 OK   00018_sp04_resources_evidence.sql (12.86ms)
2026/10/03 09:47:34 OK   00019_sp04_archive_ciphertext_bytes.sql (3.59ms)
2026/10/03 09:47:34 OK   00020_sp04_request_ledger.sql (4.57ms)
2026/10/03 09:47:34 OK   00021_sp04_archive_protection.sql (3.75ms)
2026/10/03 09:47:34 OK   00022_sp04_legal_hold_dependencies.sql (3.56ms)
2026/10/03 09:47:34 OK   00023_sp04_archive_query_intent.sql (3.55ms)
2026/10/03 09:47:34 OK   00024_sp05_finding_incident.sql (13.41ms)
2026/10/03 09:47:34 OK   00025_sp05_incident_event_time.sql (3.78ms)
2026/10/03 09:47:34 OK   00026_sp05_source_binding_lock.sql (4.28ms)
2026/10/03 09:47:34 OK   00027_sp05_rca_and_poll.sql (6.83ms)
2026/10/03 09:47:34 OK   00028_sp05_operator_lock.sql (4.26ms)
2026/10/03 09:47:34 OK   00029_sp05_evidence_links.sql (4.41ms)
2026/10/03 09:47:34 OK   00030_sp05_recipe_fence.sql (2.67ms)
2026/10/03 09:47:34 OK   00031_sp05_rca_postcheck.sql (3.6ms)
2026/10/03 09:47:34 OK   00032_sp05_transport_audit.sql (6.38ms)
2026/10/03 09:47:34 OK   00033_sp05_poll_resolution_clock.sql (7.63ms)
2026/10/03 09:47:34 goose: successfully migrated database to version: 33
    archive_iam_test.go:41: owned TLS/IAM fixture image=docker.io/chrislusf/seaweedfs@sha256:d4cf67729aa8777e1a43a5b61d72e5b96179e4b7bac9a221cb14cbc2036cb32e id=133a67e62b30ae83ecba7b292e784c2d8976962f1e3aef71287fe10e2d7e8ed4 bucket=sp05-golden-aa5eebed tenants=1
    sp05_golden_vertical_test.go:318: dimm-failure/conflict: fixed clock, admitted native adapters -> actual identity/Graph and unified ingestion -> PostgreSQL reducer -> signed published Recipe -> real immutable OpenBao/SeaweedFS Evidence -> append-only RCA and bounded Impact, twice replay; protocol Fixture, no physical BMC/Node failure claim
=== RUN   TestSP05FrozenNonvirtualGoldenVerticalAndReplay/dimm-failure/degraded
2026/10/03 09:47:40 OK   00001_roles_and_schemas.sql (13.82ms)
2026/10/03 09:47:40 goose: successfully migrated database to version: 1
2026/10/03 09:47:40 OK   00002_platform_meta.sql (17.61ms)
2026/10/03 09:47:40 OK   00003_finding.sql (11.01ms)
2026/10/03 09:47:40 OK   00004_incident.sql (8.96ms)
2026/10/03 09:47:40 OK   00005_investigation.sql (12.47ms)
2026/10/03 09:47:40 OK   00006_action_command.sql (6.47ms)
2026/10/03 09:47:40 OK   00007_audit.sql (11.92ms)
2026/10/03 09:47:40 OK   00008_rls.sql (12.51ms)
2026/10/03 09:47:40 OK   00009_idempotency_ledger.sql (10.31ms)
2026/10/03 09:47:40 OK   00010_tenant_provisioning.sql (6.37ms)
2026/10/03 09:47:40 OK   00011_source_registration_history.sql (19.71ms)
2026/10/03 09:47:40 OK   00012_config_registry_lifecycle.sql (15.93ms)
2026/10/03 09:47:40 OK   00013_audit_signed_segments.sql (9.72ms)
2026/10/03 09:47:40 OK   00014_audit_segment_predecessors.sql (4.27ms)
2026/10/03 09:47:40 OK   00015_source_schema_scope.sql (2.41ms)
2026/10/03 09:47:40 OK   00016_cluster_registration_metadata.sql (3.14ms)
2026/10/03 09:47:40 OK   00017_source_data_scope.sql (3.7ms)
2026/10/03 09:47:40 OK   00018_sp04_resources_evidence.sql (9.03ms)
2026/10/03 09:47:40 OK   00019_sp04_archive_ciphertext_bytes.sql (2.36ms)
2026/10/03 09:47:40 OK   00020_sp04_request_ledger.sql (3.18ms)
2026/10/03 09:47:40 OK   00021_sp04_archive_protection.sql (2.56ms)
2026/10/03 09:47:40 OK   00022_sp04_legal_hold_dependencies.sql (2.35ms)
2026/10/03 09:47:40 OK   00023_sp04_archive_query_intent.sql (2.29ms)
2026/10/03 09:47:40 OK   00024_sp05_finding_incident.sql (10.88ms)
2026/10/03 09:47:40 OK   00025_sp05_incident_event_time.sql (2.45ms)
2026/10/03 09:47:40 OK   00026_sp05_source_binding_lock.sql (2.75ms)
2026/10/03 09:47:40 OK   00027_sp05_rca_and_poll.sql (5.35ms)
2026/10/03 09:47:40 OK   00028_sp05_operator_lock.sql (2.8ms)
2026/10/03 09:47:40 OK   00029_sp05_evidence_links.sql (4.29ms)
2026/10/03 09:47:40 OK   00030_sp05_recipe_fence.sql (2.91ms)
2026/10/03 09:47:40 OK   00031_sp05_rca_postcheck.sql (2.29ms)
2026/10/03 09:47:40 OK   00032_sp05_transport_audit.sql (2.48ms)
2026/10/03 09:47:40 OK   00033_sp05_poll_resolution_clock.sql (2.64ms)
2026/10/03 09:47:40 goose: successfully migrated database to version: 33
    archive_iam_test.go:41: owned TLS/IAM fixture image=docker.io/chrislusf/seaweedfs@sha256:d4cf67729aa8777e1a43a5b61d72e5b96179e4b7bac9a221cb14cbc2036cb32e id=9647b061c894fefdc840671847fb2034fbd6fc7daa45f5d4022724f3f9b967db bucket=sp05-golden-cb0f0ce0 tenants=1
    sp05_golden_vertical_test.go:318: dimm-failure/degraded: fixed clock, admitted native adapters -> actual identity/Graph and unified ingestion -> PostgreSQL reducer -> signed published Recipe -> real immutable OpenBao/SeaweedFS Evidence -> append-only RCA and bounded Impact, twice replay; protocol Fixture, no physical BMC/Node failure claim
=== RUN   TestSP05FrozenNonvirtualGoldenVerticalAndReplay/pvc-csi-failure/valid
2026/10/03 09:47:48 OK   00001_roles_and_schemas.sql (10.89ms)
2026/10/03 09:47:48 goose: successfully migrated database to version: 1
2026/10/03 09:47:48 OK   00002_platform_meta.sql (14.73ms)
2026/10/03 09:47:48 OK   00003_finding.sql (8.9ms)
2026/10/03 09:47:48 OK   00004_incident.sql (4.68ms)
2026/10/03 09:47:48 OK   00005_investigation.sql (5.28ms)
2026/10/03 09:47:48 OK   00006_action_command.sql (5.05ms)
2026/10/03 09:47:48 OK   00007_audit.sql (7.88ms)
2026/10/03 09:47:48 OK   00008_rls.sql (6.77ms)
2026/10/03 09:47:48 OK   00009_idempotency_ledger.sql (7.57ms)
2026/10/03 09:47:48 OK   00010_tenant_provisioning.sql (3.79ms)
2026/10/03 09:47:48 OK   00011_source_registration_history.sql (5.53ms)
2026/10/03 09:47:48 OK   00012_config_registry_lifecycle.sql (11.76ms)
2026/10/03 09:47:48 OK   00013_audit_signed_segments.sql (10.05ms)
2026/10/03 09:47:48 OK   00014_audit_segment_predecessors.sql (5.11ms)
2026/10/03 09:47:48 OK   00015_source_schema_scope.sql (2.48ms)
2026/10/03 09:47:48 OK   00016_cluster_registration_metadata.sql (4.56ms)
2026/10/03 09:47:48 OK   00017_source_data_scope.sql (4.46ms)
2026/10/03 09:47:48 OK   00018_sp04_resources_evidence.sql (13.48ms)
2026/10/03 09:47:48 OK   00019_sp04_archive_ciphertext_bytes.sql (4.3ms)
2026/10/03 09:47:48 OK   00020_sp04_request_ledger.sql (5.19ms)
2026/10/03 09:47:48 OK   00021_sp04_archive_protection.sql (3.93ms)
2026/10/03 09:47:48 OK   00022_sp04_legal_hold_dependencies.sql (3.63ms)
2026/10/03 09:47:48 OK   00023_sp04_archive_query_intent.sql (2.61ms)
2026/10/03 09:47:48 OK   00024_sp05_finding_incident.sql (15.69ms)
2026/10/03 09:47:48 OK   00025_sp05_incident_event_time.sql (3.68ms)
2026/10/03 09:47:48 OK   00026_sp05_source_binding_lock.sql (4.43ms)
2026/10/03 09:47:48 OK   00027_sp05_rca_and_poll.sql (5.94ms)
2026/10/03 09:47:48 OK   00028_sp05_operator_lock.sql (2.92ms)
2026/10/03 09:47:48 OK   00029_sp05_evidence_links.sql (5.75ms)
2026/10/03 09:47:48 OK   00030_sp05_recipe_fence.sql (3.51ms)
2026/10/03 09:47:48 OK   00031_sp05_rca_postcheck.sql (3.75ms)
2026/10/03 09:47:48 OK   00032_sp05_transport_audit.sql (3.88ms)
2026/10/03 09:47:48 OK   00033_sp05_poll_resolution_clock.sql (4.21ms)
2026/10/03 09:47:48 goose: successfully migrated database to version: 33
    archive_iam_test.go:41: owned TLS/IAM fixture image=docker.io/chrislusf/seaweedfs@sha256:d4cf67729aa8777e1a43a5b61d72e5b96179e4b7bac9a221cb14cbc2036cb32e id=8db79e60b60f359688f723f005df3de6d7543b87e0fec3e8e0939005e347cbc4 bucket=sp05-golden-ecd1c443 tenants=1
    sp05_golden_vertical_test.go:318: pvc-csi-failure/valid: fixed clock, admitted native adapters -> actual identity/Graph and unified ingestion -> PostgreSQL reducer -> signed published Recipe -> real immutable OpenBao/SeaweedFS Evidence -> append-only RCA and bounded Impact, twice replay; protocol Fixture, no physical BMC/Node failure claim
=== RUN   TestSP05FrozenNonvirtualGoldenVerticalAndReplay/pvc-csi-failure/missing
2026/10/03 09:47:53 OK   00001_roles_and_schemas.sql (10.91ms)
2026/10/03 09:47:53 goose: successfully migrated database to version: 1
2026/10/03 09:47:53 OK   00002_platform_meta.sql (30.77ms)
2026/10/03 09:47:53 OK   00003_finding.sql (17.87ms)
2026/10/03 09:47:53 OK   00004_incident.sql (13.95ms)
2026/10/03 09:47:53 OK   00005_investigation.sql (11.97ms)
2026/10/03 09:47:53 OK   00006_action_command.sql (8.44ms)
2026/10/03 09:47:53 OK   00007_audit.sql (13.44ms)
2026/10/03 09:47:53 OK   00008_rls.sql (20.84ms)
2026/10/03 09:47:53 OK   00009_idempotency_ledger.sql (10.05ms)
2026/10/03 09:47:53 OK   00010_tenant_provisioning.sql (3.4ms)
2026/10/03 09:47:53 OK   00011_source_registration_history.sql (4.59ms)
2026/10/03 09:47:54 OK   00012_config_registry_lifecycle.sql (6.12ms)
2026/10/03 09:47:54 OK   00013_audit_signed_segments.sql (7.98ms)
2026/10/03 09:47:54 OK   00014_audit_segment_predecessors.sql (4.54ms)
2026/10/03 09:47:54 OK   00015_source_schema_scope.sql (3.09ms)
2026/10/03 09:47:54 OK   00016_cluster_registration_metadata.sql (4.16ms)
2026/10/03 09:47:54 OK   00017_source_data_scope.sql (3.25ms)
2026/10/03 09:47:54 OK   00018_sp04_resources_evidence.sql (9.4ms)
2026/10/03 09:47:54 OK   00019_sp04_archive_ciphertext_bytes.sql (2.68ms)
2026/10/03 09:47:54 OK   00020_sp04_request_ledger.sql (3.69ms)
2026/10/03 09:47:54 OK   00021_sp04_archive_protection.sql (2.85ms)
2026/10/03 09:47:54 OK   00022_sp04_legal_hold_dependencies.sql (2.9ms)
2026/10/03 09:47:54 OK   00023_sp04_archive_query_intent.sql (2.76ms)
2026/10/03 09:47:54 OK   00024_sp05_finding_incident.sql (11.23ms)
2026/10/03 09:47:54 OK   00025_sp05_incident_event_time.sql (2.86ms)
2026/10/03 09:47:54 OK   00026_sp05_source_binding_lock.sql (2.8ms)
2026/10/03 09:47:54 OK   00027_sp05_rca_and_poll.sql (5.52ms)
2026/10/03 09:47:54 OK   00028_sp05_operator_lock.sql (2.98ms)
2026/10/03 09:47:54 OK   00029_sp05_evidence_links.sql (4.45ms)
2026/10/03 09:47:54 OK   00030_sp05_recipe_fence.sql (2.88ms)
2026/10/03 09:47:54 OK   00031_sp05_rca_postcheck.sql (2.74ms)
2026/10/03 09:47:54 OK   00032_sp05_transport_audit.sql (2.83ms)
2026/10/03 09:47:54 OK   00033_sp05_poll_resolution_clock.sql (3.07ms)
2026/10/03 09:47:54 goose: successfully migrated database to version: 33
    archive_iam_test.go:41: owned TLS/IAM fixture image=docker.io/chrislusf/seaweedfs@sha256:d4cf67729aa8777e1a43a5b61d72e5b96179e4b7bac9a221cb14cbc2036cb32e id=b1da6ad7287a50c38fdb8a32f4dbeb434952e87bc81202a84ba66e78a2437a3f bucket=sp05-golden-7d895ff0 tenants=1
    sp05_golden_vertical_test.go:318: pvc-csi-failure/missing: fixed clock, admitted native adapters -> actual identity/Graph and unified ingestion -> PostgreSQL reducer -> signed published Recipe -> real immutable OpenBao/SeaweedFS Evidence -> append-only RCA and bounded Impact, twice replay; protocol Fixture, no physical BMC/Node failure claim
=== RUN   TestSP05FrozenNonvirtualGoldenVerticalAndReplay/pvc-csi-failure/conflict
2026/10/03 09:47:59 OK   00001_roles_and_schemas.sql (8.43ms)
2026/10/03 09:47:59 goose: successfully migrated database to version: 1
2026/10/03 09:47:59 OK   00002_platform_meta.sql (12.6ms)
2026/10/03 09:47:59 OK   00003_finding.sql (5.9ms)
2026/10/03 09:47:59 OK   00004_incident.sql (4.12ms)
2026/10/03 09:47:59 OK   00005_investigation.sql (4.48ms)
2026/10/03 09:47:59 OK   00006_action_command.sql (4.11ms)
2026/10/03 09:47:59 OK   00007_audit.sql (12.23ms)
2026/10/03 09:47:59 OK   00008_rls.sql (7.58ms)
2026/10/03 09:47:59 OK   00009_idempotency_ledger.sql (6.88ms)
2026/10/03 09:47:59 OK   00010_tenant_provisioning.sql (4.9ms)
2026/10/03 09:47:59 OK   00011_source_registration_history.sql (5.75ms)
2026/10/03 09:47:59 OK   00012_config_registry_lifecycle.sql (8.05ms)
2026/10/03 09:47:59 OK   00013_audit_signed_segments.sql (10.19ms)
2026/10/03 09:47:59 OK   00014_audit_segment_predecessors.sql (6.11ms)
2026/10/03 09:47:59 OK   00015_source_schema_scope.sql (5.92ms)
2026/10/03 09:47:59 OK   00016_cluster_registration_metadata.sql (4.62ms)
2026/10/03 09:47:59 OK   00017_source_data_scope.sql (4.48ms)
2026/10/03 09:47:59 OK   00018_sp04_resources_evidence.sql (11.58ms)
2026/10/03 09:47:59 OK   00019_sp04_archive_ciphertext_bytes.sql (3.91ms)
2026/10/03 09:47:59 OK   00020_sp04_request_ledger.sql (5.15ms)
2026/10/03 09:47:59 OK   00021_sp04_archive_protection.sql (4.42ms)
2026/10/03 09:47:59 OK   00022_sp04_legal_hold_dependencies.sql (3.87ms)
2026/10/03 09:47:59 OK   00023_sp04_archive_query_intent.sql (3.15ms)
2026/10/03 09:47:59 OK   00024_sp05_finding_incident.sql (13.24ms)
2026/10/03 09:47:59 OK   00025_sp05_incident_event_time.sql (3.76ms)
2026/10/03 09:47:59 OK   00026_sp05_source_binding_lock.sql (4.17ms)
2026/10/03 09:47:59 OK   00027_sp05_rca_and_poll.sql (7.11ms)
2026/10/03 09:47:59 OK   00028_sp05_operator_lock.sql (4.01ms)
2026/10/03 09:47:59 OK   00029_sp05_evidence_links.sql (5.68ms)
2026/10/03 09:47:59 OK   00030_sp05_recipe_fence.sql (3.99ms)
2026/10/03 09:47:59 OK   00031_sp05_rca_postcheck.sql (3.75ms)
2026/10/03 09:47:59 OK   00032_sp05_transport_audit.sql (3.1ms)
2026/10/03 09:47:59 OK   00033_sp05_poll_resolution_clock.sql (3.16ms)
2026/10/03 09:47:59 goose: successfully migrated database to version: 33
    archive_iam_test.go:41: owned TLS/IAM fixture image=docker.io/chrislusf/seaweedfs@sha256:d4cf67729aa8777e1a43a5b61d72e5b96179e4b7bac9a221cb14cbc2036cb32e id=2b86169e1ee61519047bbed8843c9864dcab9379fbbe014adf84e984a69ca7ad bucket=sp05-golden-ad354947 tenants=1
    sp05_golden_vertical_test.go:318: pvc-csi-failure/conflict: fixed clock, admitted native adapters -> actual identity/Graph and unified ingestion -> PostgreSQL reducer -> signed published Recipe -> real immutable OpenBao/SeaweedFS Evidence -> append-only RCA and bounded Impact, twice replay; protocol Fixture, no physical BMC/Node failure claim
=== RUN   TestSP05FrozenNonvirtualGoldenVerticalAndReplay/pvc-csi-failure/degraded
2026/10/03 09:48:04 OK   00001_roles_and_schemas.sql (13.24ms)
2026/10/03 09:48:04 goose: successfully migrated database to version: 1
2026/10/03 09:48:04 OK   00002_platform_meta.sql (32.57ms)
2026/10/03 09:48:04 OK   00003_finding.sql (8.37ms)
2026/10/03 09:48:04 OK   00004_incident.sql (11.8ms)
2026/10/03 09:48:04 OK   00005_investigation.sql (11.89ms)
2026/10/03 09:48:04 OK   00006_action_command.sql (13.02ms)
2026/10/03 09:48:04 OK   00007_audit.sql (8.74ms)
2026/10/03 09:48:04 OK   00008_rls.sql (10.33ms)
2026/10/03 09:48:04 OK   00009_idempotency_ledger.sql (5.45ms)
2026/10/03 09:48:04 OK   00010_tenant_provisioning.sql (3.52ms)
2026/10/03 09:48:04 OK   00011_source_registration_history.sql (5.22ms)
2026/10/03 09:48:04 OK   00012_config_registry_lifecycle.sql (7.59ms)
2026/10/03 09:48:04 OK   00013_audit_signed_segments.sql (8.01ms)
2026/10/03 09:48:04 OK   00014_audit_segment_predecessors.sql (4.22ms)
2026/10/03 09:48:04 OK   00015_source_schema_scope.sql (2.42ms)
2026/10/03 09:48:04 OK   00016_cluster_registration_metadata.sql (2.95ms)
2026/10/03 09:48:04 OK   00017_source_data_scope.sql (2.59ms)
2026/10/03 09:48:04 OK   00018_sp04_resources_evidence.sql (8.8ms)
2026/10/03 09:48:04 OK   00019_sp04_archive_ciphertext_bytes.sql (2.31ms)
2026/10/03 09:48:04 OK   00020_sp04_request_ledger.sql (3.3ms)
2026/10/03 09:48:04 OK   00021_sp04_archive_protection.sql (2.57ms)
2026/10/03 09:48:04 OK   00022_sp04_legal_hold_dependencies.sql (5.15ms)
2026/10/03 09:48:04 OK   00023_sp04_archive_query_intent.sql (3.2ms)
2026/10/03 09:48:04 OK   00024_sp05_finding_incident.sql (19.36ms)
2026/10/03 09:48:04 OK   00025_sp05_incident_event_time.sql (3.07ms)
2026/10/03 09:48:04 OK   00026_sp05_source_binding_lock.sql (2.9ms)
2026/10/03 09:48:04 OK   00027_sp05_rca_and_poll.sql (5.86ms)
2026/10/03 09:48:04 OK   00028_sp05_operator_lock.sql (3.08ms)
2026/10/03 09:48:04 OK   00029_sp05_evidence_links.sql (4.56ms)
2026/10/03 09:48:04 OK   00030_sp05_recipe_fence.sql (2.9ms)
2026/10/03 09:48:04 OK   00031_sp05_rca_postcheck.sql (2.63ms)
2026/10/03 09:48:04 OK   00032_sp05_transport_audit.sql (2.85ms)
2026/10/03 09:48:05 OK   00033_sp05_poll_resolution_clock.sql (3.24ms)
2026/10/03 09:48:05 goose: successfully migrated database to version: 33
    archive_iam_test.go:41: owned TLS/IAM fixture image=docker.io/chrislusf/seaweedfs@sha256:d4cf67729aa8777e1a43a5b61d72e5b96179e4b7bac9a221cb14cbc2036cb32e id=8ed2f0236c201fe788d5744dc4fdc3ddd4e0dcdf8e5f2c8fa35b91d582183818 bucket=sp05-golden-cdc639ca tenants=1
    sp05_golden_vertical_test.go:318: pvc-csi-failure/degraded: fixed clock, admitted native adapters -> actual identity/Graph and unified ingestion -> PostgreSQL reducer -> signed published Recipe -> real immutable OpenBao/SeaweedFS Evidence -> append-only RCA and bounded Impact, twice replay; protocol Fixture, no physical BMC/Node failure claim
=== RUN   TestSP05FrozenNonvirtualGoldenVerticalAndReplay/node-failure/valid
2026/10/03 09:48:14 OK   00001_roles_and_schemas.sql (19.71ms)
2026/10/03 09:48:14 goose: successfully migrated database to version: 1
2026/10/03 09:48:14 OK   00002_platform_meta.sql (20.24ms)
2026/10/03 09:48:14 OK   00003_finding.sql (17.5ms)
2026/10/03 09:48:14 OK   00004_incident.sql (9.31ms)
2026/10/03 09:48:14 OK   00005_investigation.sql (8.9ms)
2026/10/03 09:48:14 OK   00006_action_command.sql (8.74ms)
2026/10/03 09:48:14 OK   00007_audit.sql (9.52ms)
2026/10/03 09:48:14 OK   00008_rls.sql (8.94ms)
2026/10/03 09:48:14 OK   00009_idempotency_ledger.sql (8.64ms)
2026/10/03 09:48:14 OK   00010_tenant_provisioning.sql (3.73ms)
2026/10/03 09:48:14 OK   00011_source_registration_history.sql (4.86ms)
2026/10/03 09:48:14 OK   00012_config_registry_lifecycle.sql (6.18ms)
2026/10/03 09:48:14 OK   00013_audit_signed_segments.sql (8.14ms)
2026/10/03 09:48:14 OK   00014_audit_segment_predecessors.sql (3.8ms)
2026/10/03 09:48:14 OK   00015_source_schema_scope.sql (2.15ms)
2026/10/03 09:48:14 OK   00016_cluster_registration_metadata.sql (2.82ms)
2026/10/03 09:48:14 OK   00017_source_data_scope.sql (2.4ms)
2026/10/03 09:48:14 OK   00018_sp04_resources_evidence.sql (8.64ms)
2026/10/03 09:48:14 OK   00019_sp04_archive_ciphertext_bytes.sql (2.18ms)
2026/10/03 09:48:14 OK   00020_sp04_request_ledger.sql (3.2ms)
2026/10/03 09:48:14 OK   00021_sp04_archive_protection.sql (2.42ms)
2026/10/03 09:48:14 OK   00022_sp04_legal_hold_dependencies.sql (2.24ms)
2026/10/03 09:48:14 OK   00023_sp04_archive_query_intent.sql (2.2ms)
2026/10/03 09:48:14 OK   00024_sp05_finding_incident.sql (10.47ms)
2026/10/03 09:48:14 OK   00025_sp05_incident_event_time.sql (2.3ms)
2026/10/03 09:48:14 OK   00026_sp05_source_binding_lock.sql (2.53ms)
2026/10/03 09:48:14 OK   00027_sp05_rca_and_poll.sql (5.03ms)
2026/10/03 09:48:14 OK   00028_sp05_operator_lock.sql (2.54ms)
2026/10/03 09:48:14 OK   00029_sp05_evidence_links.sql (4.01ms)
2026/10/03 09:48:14 OK   00030_sp05_recipe_fence.sql (2.58ms)
2026/10/03 09:48:14 OK   00031_sp05_rca_postcheck.sql (2.2ms)
2026/10/03 09:48:14 OK   00032_sp05_transport_audit.sql (2.36ms)
2026/10/03 09:48:14 OK   00033_sp05_poll_resolution_clock.sql (2.58ms)
2026/10/03 09:48:14 goose: successfully migrated database to version: 33
    archive_iam_test.go:41: owned TLS/IAM fixture image=docker.io/chrislusf/seaweedfs@sha256:d4cf67729aa8777e1a43a5b61d72e5b96179e4b7bac9a221cb14cbc2036cb32e id=595bb62a0273a0f9ce0b33bc81b731ed0a543b65a4ebb50f0fec3eee756f0761 bucket=sp05-golden-193484d2 tenants=1
    sp05_golden_vertical_test.go:318: node-failure/valid: fixed clock, admitted native adapters -> actual identity/Graph and unified ingestion -> PostgreSQL reducer -> signed published Recipe -> real immutable OpenBao/SeaweedFS Evidence -> append-only RCA and bounded Impact, twice replay; protocol Fixture, no physical BMC/Node failure claim
=== RUN   TestSP05FrozenNonvirtualGoldenVerticalAndReplay/node-failure/missing
2026/10/03 09:48:20 OK   00001_roles_and_schemas.sql (11.97ms)
2026/10/03 09:48:20 goose: successfully migrated database to version: 1
2026/10/03 09:48:20 OK   00002_platform_meta.sql (19.1ms)
2026/10/03 09:48:20 OK   00003_finding.sql (12.56ms)
2026/10/03 09:48:20 OK   00004_incident.sql (8.37ms)
2026/10/03 09:48:20 OK   00005_investigation.sql (11.62ms)
2026/10/03 09:48:20 OK   00006_action_command.sql (10.13ms)
2026/10/03 09:48:20 OK   00007_audit.sql (15.57ms)
2026/10/03 09:48:20 OK   00008_rls.sql (10.91ms)
2026/10/03 09:48:20 OK   00009_idempotency_ledger.sql (10.17ms)
2026/10/03 09:48:20 OK   00010_tenant_provisioning.sql (5.6ms)
2026/10/03 09:48:20 OK   00011_source_registration_history.sql (5.69ms)
2026/10/03 09:48:20 OK   00012_config_registry_lifecycle.sql (7.17ms)
2026/10/03 09:48:20 OK   00013_audit_signed_segments.sql (9.56ms)
2026/10/03 09:48:20 OK   00014_audit_segment_predecessors.sql (5.38ms)
2026/10/03 09:48:20 OK   00015_source_schema_scope.sql (2.71ms)
2026/10/03 09:48:20 OK   00016_cluster_registration_metadata.sql (3.28ms)
2026/10/03 09:48:20 OK   00017_source_data_scope.sql (2.88ms)
2026/10/03 09:48:20 OK   00018_sp04_resources_evidence.sql (9.03ms)
2026/10/03 09:48:20 OK   00019_sp04_archive_ciphertext_bytes.sql (2.58ms)
2026/10/03 09:48:20 OK   00020_sp04_request_ledger.sql (3.43ms)
2026/10/03 09:48:20 OK   00021_sp04_archive_protection.sql (2.69ms)
2026/10/03 09:48:20 OK   00022_sp04_legal_hold_dependencies.sql (2.34ms)
2026/10/03 09:48:20 OK   00023_sp04_archive_query_intent.sql (2.36ms)
2026/10/03 09:48:20 OK   00024_sp05_finding_incident.sql (10.85ms)
2026/10/03 09:48:20 OK   00025_sp05_incident_event_time.sql (2.44ms)
2026/10/03 09:48:20 OK   00026_sp05_source_binding_lock.sql (2.61ms)
2026/10/03 09:48:20 OK   00027_sp05_rca_and_poll.sql (5.4ms)
2026/10/03 09:48:20 OK   00028_sp05_operator_lock.sql (2.66ms)
2026/10/03 09:48:20 OK   00029_sp05_evidence_links.sql (4.08ms)
2026/10/03 09:48:20 OK   00030_sp05_recipe_fence.sql (2.59ms)
2026/10/03 09:48:20 OK   00031_sp05_rca_postcheck.sql (2.28ms)
2026/10/03 09:48:20 OK   00032_sp05_transport_audit.sql (2.57ms)
2026/10/03 09:48:20 OK   00033_sp05_poll_resolution_clock.sql (2.54ms)
2026/10/03 09:48:20 goose: successfully migrated database to version: 33
    archive_iam_test.go:41: owned TLS/IAM fixture image=docker.io/chrislusf/seaweedfs@sha256:d4cf67729aa8777e1a43a5b61d72e5b96179e4b7bac9a221cb14cbc2036cb32e id=5a19933ef7cdfa58ea2be29a646aba426b79692b6c57856f33f68c36a2f3bc29 bucket=sp05-golden-06610ef3 tenants=1
    sp05_golden_vertical_test.go:318: node-failure/missing: fixed clock, admitted native adapters -> actual identity/Graph and unified ingestion -> PostgreSQL reducer -> signed published Recipe -> real immutable OpenBao/SeaweedFS Evidence -> append-only RCA and bounded Impact, twice replay; protocol Fixture, no physical BMC/Node failure claim
=== RUN   TestSP05FrozenNonvirtualGoldenVerticalAndReplay/node-failure/conflict
2026/10/03 09:48:28 OK   00001_roles_and_schemas.sql (13ms)
2026/10/03 09:48:28 goose: successfully migrated database to version: 1
2026/10/03 09:48:28 OK   00002_platform_meta.sql (20.83ms)
2026/10/03 09:48:28 OK   00003_finding.sql (6.2ms)
2026/10/03 09:48:28 OK   00004_incident.sql (4.7ms)
2026/10/03 09:48:28 OK   00005_investigation.sql (5.26ms)
2026/10/03 09:48:28 OK   00006_action_command.sql (4.75ms)
2026/10/03 09:48:28 OK   00007_audit.sql (7.31ms)
2026/10/03 09:48:28 OK   00008_rls.sql (7ms)
2026/10/03 09:48:28 OK   00009_idempotency_ledger.sql (5.07ms)
2026/10/03 09:48:28 OK   00010_tenant_provisioning.sql (4.14ms)
2026/10/03 09:48:28 OK   00011_source_registration_history.sql (5.55ms)
2026/10/03 09:48:28 OK   00012_config_registry_lifecycle.sql (7.02ms)
2026/10/03 09:48:28 OK   00013_audit_signed_segments.sql (8.42ms)
2026/10/03 09:48:28 OK   00014_audit_segment_predecessors.sql (4.45ms)
2026/10/03 09:48:28 OK   00015_source_schema_scope.sql (2.27ms)
2026/10/03 09:48:28 OK   00016_cluster_registration_metadata.sql (3.82ms)
2026/10/03 09:48:28 OK   00017_source_data_scope.sql (3.48ms)
2026/10/03 09:48:28 OK   00018_sp04_resources_evidence.sql (10.11ms)
2026/10/03 09:48:28 OK   00019_sp04_archive_ciphertext_bytes.sql (2.82ms)
2026/10/03 09:48:28 OK   00020_sp04_request_ledger.sql (3.8ms)
2026/10/03 09:48:28 OK   00021_sp04_archive_protection.sql (3.06ms)
2026/10/03 09:48:28 OK   00022_sp04_legal_hold_dependencies.sql (2.86ms)
2026/10/03 09:48:28 OK   00023_sp04_archive_query_intent.sql (2.88ms)
2026/10/03 09:48:28 OK   00024_sp05_finding_incident.sql (12.5ms)
2026/10/03 09:48:28 OK   00025_sp05_incident_event_time.sql (3.49ms)
2026/10/03 09:48:28 OK   00026_sp05_source_binding_lock.sql (4.05ms)
2026/10/03 09:48:28 OK   00027_sp05_rca_and_poll.sql (6.83ms)
2026/10/03 09:48:28 OK   00028_sp05_operator_lock.sql (3.95ms)
2026/10/03 09:48:28 OK   00029_sp05_evidence_links.sql (6.12ms)
2026/10/03 09:48:28 OK   00030_sp05_recipe_fence.sql (4.06ms)
2026/10/03 09:48:28 OK   00031_sp05_rca_postcheck.sql (3.62ms)
2026/10/03 09:48:28 OK   00032_sp05_transport_audit.sql (3.93ms)
2026/10/03 09:48:28 OK   00033_sp05_poll_resolution_clock.sql (4.15ms)
2026/10/03 09:48:28 goose: successfully migrated database to version: 33
    archive_iam_test.go:41: owned TLS/IAM fixture image=docker.io/chrislusf/seaweedfs@sha256:d4cf67729aa8777e1a43a5b61d72e5b96179e4b7bac9a221cb14cbc2036cb32e id=92a27b7fff83e6c2ae08191fbad40b464d23ce2e55a19733df7d56ec25e2dccd bucket=sp05-golden-107850ee tenants=1
    sp05_golden_vertical_test.go:318: node-failure/conflict: fixed clock, admitted native adapters -> actual identity/Graph and unified ingestion -> PostgreSQL reducer -> signed published Recipe -> real immutable OpenBao/SeaweedFS Evidence -> append-only RCA and bounded Impact, twice replay; protocol Fixture, no physical BMC/Node failure claim
=== RUN   TestSP05FrozenNonvirtualGoldenVerticalAndReplay/node-failure/degraded
2026/10/03 09:48:35 OK   00001_roles_and_schemas.sql (12.07ms)
2026/10/03 09:48:35 goose: successfully migrated database to version: 1
2026/10/03 09:48:35 OK   00002_platform_meta.sql (15.87ms)
2026/10/03 09:48:35 OK   00003_finding.sql (7.59ms)
2026/10/03 09:48:35 OK   00004_incident.sql (5.64ms)
2026/10/03 09:48:35 OK   00005_investigation.sql (5.97ms)
2026/10/03 09:48:35 OK   00006_action_command.sql (5.62ms)
2026/10/03 09:48:35 OK   00007_audit.sql (8.06ms)
2026/10/03 09:48:35 OK   00008_rls.sql (7.91ms)
2026/10/03 09:48:35 OK   00009_idempotency_ledger.sql (5.75ms)
2026/10/03 09:48:35 OK   00010_tenant_provisioning.sql (3.87ms)
2026/10/03 09:48:35 OK   00011_source_registration_history.sql (5.36ms)
2026/10/03 09:48:35 OK   00012_config_registry_lifecycle.sql (7.72ms)
2026/10/03 09:48:35 OK   00013_audit_signed_segments.sql (22.37ms)
2026/10/03 09:48:35 OK   00014_audit_segment_predecessors.sql (6.41ms)
2026/10/03 09:48:35 OK   00015_source_schema_scope.sql (2.88ms)
2026/10/03 09:48:35 OK   00016_cluster_registration_metadata.sql (4.57ms)
2026/10/03 09:48:35 OK   00017_source_data_scope.sql (4.23ms)
2026/10/03 09:48:35 OK   00018_sp04_resources_evidence.sql (11.06ms)
2026/10/03 09:48:35 OK   00019_sp04_archive_ciphertext_bytes.sql (3.53ms)
2026/10/03 09:48:35 OK   00020_sp04_request_ledger.sql (4.94ms)
2026/10/03 09:48:35 OK   00021_sp04_archive_protection.sql (3.79ms)
2026/10/03 09:48:35 OK   00022_sp04_legal_hold_dependencies.sql (3.56ms)
2026/10/03 09:48:35 OK   00023_sp04_archive_query_intent.sql (2.58ms)
2026/10/03 09:48:35 OK   00024_sp05_finding_incident.sql (30.15ms)
2026/10/03 09:48:35 OK   00025_sp05_incident_event_time.sql (3.78ms)
2026/10/03 09:48:35 OK   00026_sp05_source_binding_lock.sql (4.23ms)
2026/10/03 09:48:35 OK   00027_sp05_rca_and_poll.sql (12.39ms)
2026/10/03 09:48:35 OK   00028_sp05_operator_lock.sql (10.04ms)
2026/10/03 09:48:35 OK   00029_sp05_evidence_links.sql (6.11ms)
2026/10/03 09:48:35 OK   00030_sp05_recipe_fence.sql (3.62ms)
2026/10/03 09:48:35 OK   00031_sp05_rca_postcheck.sql (3.83ms)
2026/10/03 09:48:35 OK   00032_sp05_transport_audit.sql (7.13ms)
2026/10/03 09:48:35 OK   00033_sp05_poll_resolution_clock.sql (7.31ms)
2026/10/03 09:48:35 goose: successfully migrated database to version: 33
    archive_iam_test.go:41: owned TLS/IAM fixture image=docker.io/chrislusf/seaweedfs@sha256:d4cf67729aa8777e1a43a5b61d72e5b96179e4b7bac9a221cb14cbc2036cb32e id=9436277edf4a62dbe46ddca3ce6ced925904c10fe359fd51b46d457b2a89d471 bucket=sp05-golden-9aeabdf8 tenants=1
    sp05_golden_vertical_test.go:318: node-failure/degraded: fixed clock, admitted native adapters -> actual identity/Graph and unified ingestion -> PostgreSQL reducer -> signed published Recipe -> real immutable OpenBao/SeaweedFS Evidence -> append-only RCA and bounded Impact, twice replay; protocol Fixture, no physical BMC/Node failure claim
--- PASS: TestSP05FrozenNonvirtualGoldenVerticalAndReplay (79.61s)
    --- PASS: TestSP05FrozenNonvirtualGoldenVerticalAndReplay/dimm-failure/valid (7.84s)
    --- PASS: TestSP05FrozenNonvirtualGoldenVerticalAndReplay/dimm-failure/missing (5.14s)
    --- PASS: TestSP05FrozenNonvirtualGoldenVerticalAndReplay/dimm-failure/conflict (6.27s)
    --- PASS: TestSP05FrozenNonvirtualGoldenVerticalAndReplay/dimm-failure/degraded (8.44s)
    --- PASS: TestSP05FrozenNonvirtualGoldenVerticalAndReplay/pvc-csi-failure/valid (5.24s)
    --- PASS: TestSP05FrozenNonvirtualGoldenVerticalAndReplay/pvc-csi-failure/missing (5.54s)
    --- PASS: TestSP05FrozenNonvirtualGoldenVerticalAndReplay/pvc-csi-failure/conflict (5.37s)
    --- PASS: TestSP05FrozenNonvirtualGoldenVerticalAndReplay/pvc-csi-failure/degraded (9.56s)
    --- PASS: TestSP05FrozenNonvirtualGoldenVerticalAndReplay/node-failure/valid (5.70s)
    --- PASS: TestSP05FrozenNonvirtualGoldenVerticalAndReplay/node-failure/missing (8.46s)
    --- PASS: TestSP05FrozenNonvirtualGoldenVerticalAndReplay/node-failure/conflict (6.76s)
    --- PASS: TestSP05FrozenNonvirtualGoldenVerticalAndReplay/node-failure/degraded (5.29s)
=== RUN   TestSP05FrozenNodeHardwareUpstreamVerticalAndReplay
=== RUN   TestSP05FrozenNodeHardwareUpstreamVerticalAndReplay/valid
2026/10/03 09:48:40 OK   00001_roles_and_schemas.sql (14.4ms)
2026/10/03 09:48:40 goose: successfully migrated database to version: 1
2026/10/03 09:48:40 OK   00002_platform_meta.sql (20.35ms)
2026/10/03 09:48:40 OK   00003_finding.sql (8.75ms)
2026/10/03 09:48:40 OK   00004_incident.sql (7.78ms)
2026/10/03 09:48:40 OK   00005_investigation.sql (10.42ms)
2026/10/03 09:48:40 OK   00006_action_command.sql (8.21ms)
2026/10/03 09:48:40 OK   00007_audit.sql (13.59ms)
2026/10/03 09:48:40 OK   00008_rls.sql (12.87ms)
2026/10/03 09:48:40 OK   00009_idempotency_ledger.sql (10.14ms)
2026/10/03 09:48:40 OK   00010_tenant_provisioning.sql (7.13ms)
2026/10/03 09:48:40 OK   00011_source_registration_history.sql (7.59ms)
2026/10/03 09:48:40 OK   00012_config_registry_lifecycle.sql (9.2ms)
2026/10/03 09:48:40 OK   00013_audit_signed_segments.sql (15.82ms)
2026/10/03 09:48:40 OK   00014_audit_segment_predecessors.sql (5.37ms)
2026/10/03 09:48:40 OK   00015_source_schema_scope.sql (3.04ms)
2026/10/03 09:48:40 OK   00016_cluster_registration_metadata.sql (3.84ms)
2026/10/03 09:48:40 OK   00017_source_data_scope.sql (3.54ms)
2026/10/03 09:48:40 OK   00018_sp04_resources_evidence.sql (10.19ms)
2026/10/03 09:48:40 OK   00019_sp04_archive_ciphertext_bytes.sql (2.89ms)
2026/10/03 09:48:40 OK   00020_sp04_request_ledger.sql (4.04ms)
2026/10/03 09:48:40 OK   00021_sp04_archive_protection.sql (2.96ms)
2026/10/03 09:48:40 OK   00022_sp04_legal_hold_dependencies.sql (2.84ms)
2026/10/03 09:48:40 OK   00023_sp04_archive_query_intent.sql (2.75ms)
2026/10/03 09:48:40 OK   00024_sp05_finding_incident.sql (10.61ms)
2026/10/03 09:48:40 OK   00025_sp05_incident_event_time.sql (2.42ms)
2026/10/03 09:48:40 OK   00026_sp05_source_binding_lock.sql (2.66ms)
2026/10/03 09:48:40 OK   00027_sp05_rca_and_poll.sql (5.21ms)
2026/10/03 09:48:40 OK   00028_sp05_operator_lock.sql (2.62ms)
2026/10/03 09:48:40 OK   00029_sp05_evidence_links.sql (3.66ms)
2026/10/03 09:48:40 OK   00030_sp05_recipe_fence.sql (2.34ms)
2026/10/03 09:48:40 OK   00031_sp05_rca_postcheck.sql (2.2ms)
2026/10/03 09:48:40 OK   00032_sp05_transport_audit.sql (2.49ms)
2026/10/03 09:48:40 OK   00033_sp05_poll_resolution_clock.sql (2.64ms)
2026/10/03 09:48:40 goose: successfully migrated database to version: 33
    archive_iam_test.go:41: owned TLS/IAM fixture image=docker.io/chrislusf/seaweedfs@sha256:d4cf67729aa8777e1a43a5b61d72e5b96179e4b7bac9a221cb14cbc2036cb32e id=86a2b8da685fb2148ebc68b52b51d907fee08b8fe325b3a3c52701ce5b2269fd bucket=sp05-golden-aecfe7c5 tenants=1
    sp05_golden_vertical_test.go:318: node-hardware-upstream/valid: fixed clock, admitted native adapters -> actual identity/Graph and unified ingestion -> PostgreSQL reducer -> signed published Recipe -> real immutable OpenBao/SeaweedFS Evidence -> append-only RCA and bounded Impact, twice replay; protocol Fixture, no physical BMC/Node failure claim
=== RUN   TestSP05FrozenNodeHardwareUpstreamVerticalAndReplay/missing
2026/10/03 09:48:46 OK   00001_roles_and_schemas.sql (8.98ms)
2026/10/03 09:48:46 goose: successfully migrated database to version: 1
2026/10/03 09:48:46 OK   00002_platform_meta.sql (12.83ms)
2026/10/03 09:48:46 OK   00003_finding.sql (5.7ms)
2026/10/03 09:48:46 OK   00004_incident.sql (4.18ms)
2026/10/03 09:48:46 OK   00005_investigation.sql (5.28ms)
2026/10/03 09:48:46 OK   00006_action_command.sql (4.42ms)
2026/10/03 09:48:46 OK   00007_audit.sql (7.31ms)
2026/10/03 09:48:46 OK   00008_rls.sql (7.17ms)
2026/10/03 09:48:46 OK   00009_idempotency_ledger.sql (5.8ms)
2026/10/03 09:48:46 OK   00010_tenant_provisioning.sql (3.49ms)
2026/10/03 09:48:46 OK   00011_source_registration_history.sql (4.5ms)
2026/10/03 09:48:46 OK   00012_config_registry_lifecycle.sql (11.17ms)
2026/10/03 09:48:46 OK   00013_audit_signed_segments.sql (21.03ms)
2026/10/03 09:48:46 OK   00014_audit_segment_predecessors.sql (4.1ms)
2026/10/03 09:48:46 OK   00015_source_schema_scope.sql (2.93ms)
2026/10/03 09:48:46 OK   00016_cluster_registration_metadata.sql (3.81ms)
2026/10/03 09:48:46 OK   00017_source_data_scope.sql (3.64ms)
2026/10/03 09:48:46 OK   00018_sp04_resources_evidence.sql (9.75ms)
2026/10/03 09:48:46 OK   00019_sp04_archive_ciphertext_bytes.sql (2.86ms)
2026/10/03 09:48:46 OK   00020_sp04_request_ledger.sql (4.64ms)
2026/10/03 09:48:46 OK   00021_sp04_archive_protection.sql (3.68ms)
2026/10/03 09:48:46 OK   00022_sp04_legal_hold_dependencies.sql (3.06ms)
2026/10/03 09:48:46 OK   00023_sp04_archive_query_intent.sql (2.9ms)
2026/10/03 09:48:46 OK   00024_sp05_finding_incident.sql (14.5ms)
2026/10/03 09:48:46 OK   00025_sp05_incident_event_time.sql (4ms)
2026/10/03 09:48:46 OK   00026_sp05_source_binding_lock.sql (12.96ms)
2026/10/03 09:48:46 OK   00027_sp05_rca_and_poll.sql (7.37ms)
2026/10/03 09:48:46 OK   00028_sp05_operator_lock.sql (5.83ms)
2026/10/03 09:48:46 OK   00029_sp05_evidence_links.sql (4.86ms)
2026/10/03 09:48:46 OK   00030_sp05_recipe_fence.sql (4.55ms)
2026/10/03 09:48:46 OK   00031_sp05_rca_postcheck.sql (3.57ms)
2026/10/03 09:48:46 OK   00032_sp05_transport_audit.sql (4.47ms)
2026/10/03 09:48:46 OK   00033_sp05_poll_resolution_clock.sql (3.93ms)
2026/10/03 09:48:46 goose: successfully migrated database to version: 33
    archive_iam_test.go:41: owned TLS/IAM fixture image=docker.io/chrislusf/seaweedfs@sha256:d4cf67729aa8777e1a43a5b61d72e5b96179e4b7bac9a221cb14cbc2036cb32e id=d831b3e721c72e19b7d3cc7f0451a0512a8007a5a4c6db14a9760094933664e5 bucket=sp05-golden-5b156c1d tenants=1
    sp05_golden_vertical_test.go:318: node-hardware-upstream/missing: fixed clock, admitted native adapters -> actual identity/Graph and unified ingestion -> PostgreSQL reducer -> signed published Recipe -> real immutable OpenBao/SeaweedFS Evidence -> append-only RCA and bounded Impact, twice replay; protocol Fixture, no physical BMC/Node failure claim
=== RUN   TestSP05FrozenNodeHardwareUpstreamVerticalAndReplay/conflict
2026/10/03 09:48:56 OK   00001_roles_and_schemas.sql (21.26ms)
2026/10/03 09:48:56 goose: successfully migrated database to version: 1
2026/10/03 09:48:56 OK   00002_platform_meta.sql (24.97ms)
2026/10/03 09:48:56 OK   00003_finding.sql (15.64ms)
2026/10/03 09:48:56 OK   00004_incident.sql (6.47ms)
2026/10/03 09:48:56 OK   00005_investigation.sql (8.53ms)
2026/10/03 09:48:56 OK   00006_action_command.sql (9.82ms)
2026/10/03 09:48:56 OK   00007_audit.sql (13.26ms)
2026/10/03 09:48:56 OK   00008_rls.sql (8.76ms)
2026/10/03 09:48:56 OK   00009_idempotency_ledger.sql (5.85ms)
2026/10/03 09:48:56 OK   00010_tenant_provisioning.sql (5.11ms)
2026/10/03 09:48:56 OK   00011_source_registration_history.sql (6.31ms)
2026/10/03 09:48:56 OK   00012_config_registry_lifecycle.sql (7.88ms)
2026/10/03 09:48:56 OK   00013_audit_signed_segments.sql (10.09ms)
2026/10/03 09:48:56 OK   00014_audit_segment_predecessors.sql (4.71ms)
2026/10/03 09:48:56 OK   00015_source_schema_scope.sql (2.81ms)
2026/10/03 09:48:56 OK   00016_cluster_registration_metadata.sql (4.38ms)
2026/10/03 09:48:56 OK   00017_source_data_scope.sql (4.76ms)
2026/10/03 09:48:56 OK   00018_sp04_resources_evidence.sql (10.78ms)
2026/10/03 09:48:56 OK   00019_sp04_archive_ciphertext_bytes.sql (3.81ms)
2026/10/03 09:48:56 OK   00020_sp04_request_ledger.sql (4.9ms)
2026/10/03 09:48:56 OK   00021_sp04_archive_protection.sql (4.09ms)
2026/10/03 09:48:56 OK   00022_sp04_legal_hold_dependencies.sql (3.64ms)
2026/10/03 09:48:56 OK   00023_sp04_archive_query_intent.sql (3.61ms)
2026/10/03 09:48:56 OK   00024_sp05_finding_incident.sql (27.88ms)
2026/10/03 09:48:56 OK   00025_sp05_incident_event_time.sql (3.82ms)
2026/10/03 09:48:56 OK   00026_sp05_source_binding_lock.sql (4.06ms)
2026/10/03 09:48:56 OK   00027_sp05_rca_and_poll.sql (6.3ms)
2026/10/03 09:48:56 OK   00028_sp05_operator_lock.sql (2.62ms)
2026/10/03 09:48:56 OK   00029_sp05_evidence_links.sql (5.3ms)
2026/10/03 09:48:56 OK   00030_sp05_recipe_fence.sql (3.54ms)
2026/10/03 09:48:56 OK   00031_sp05_rca_postcheck.sql (3.27ms)
2026/10/03 09:48:56 OK   00032_sp05_transport_audit.sql (3.67ms)
2026/10/03 09:48:56 OK   00033_sp05_poll_resolution_clock.sql (3.85ms)
2026/10/03 09:48:56 goose: successfully migrated database to version: 33
    archive_iam_test.go:41: owned TLS/IAM fixture image=docker.io/chrislusf/seaweedfs@sha256:d4cf67729aa8777e1a43a5b61d72e5b96179e4b7bac9a221cb14cbc2036cb32e id=3dd90b5886412eef1b2bb85d580a73f32e0bb61ebcc333f506aba0378e525fc7 bucket=sp05-golden-14f433df tenants=1
    sp05_golden_vertical_test.go:318: node-hardware-upstream/conflict: fixed clock, admitted native adapters -> actual identity/Graph and unified ingestion -> PostgreSQL reducer -> signed published Recipe -> real immutable OpenBao/SeaweedFS Evidence -> append-only RCA and bounded Impact, twice replay; protocol Fixture, no physical BMC/Node failure claim
=== RUN   TestSP05FrozenNodeHardwareUpstreamVerticalAndReplay/degraded
2026/10/03 09:49:04 OK   00001_roles_and_schemas.sql (11.21ms)
2026/10/03 09:49:04 goose: successfully migrated database to version: 1
2026/10/03 09:49:04 OK   00002_platform_meta.sql (17.91ms)
2026/10/03 09:49:04 OK   00003_finding.sql (13.17ms)
2026/10/03 09:49:04 OK   00004_incident.sql (9.65ms)
2026/10/03 09:49:04 OK   00005_investigation.sql (7.73ms)
2026/10/03 09:49:04 OK   00006_action_command.sql (20.2ms)
2026/10/03 09:49:04 OK   00007_audit.sql (10.21ms)
2026/10/03 09:49:04 OK   00008_rls.sql (10.37ms)
2026/10/03 09:49:04 OK   00009_idempotency_ledger.sql (5.65ms)
2026/10/03 09:49:04 OK   00010_tenant_provisioning.sql (3.81ms)
2026/10/03 09:49:04 OK   00011_source_registration_history.sql (5ms)
2026/10/03 09:49:04 OK   00012_config_registry_lifecycle.sql (8.43ms)
2026/10/03 09:49:04 OK   00013_audit_signed_segments.sql (10.06ms)
2026/10/03 09:49:04 OK   00014_audit_segment_predecessors.sql (4.37ms)
2026/10/03 09:49:04 OK   00015_source_schema_scope.sql (3.05ms)
2026/10/03 09:49:04 OK   00016_cluster_registration_metadata.sql (3.76ms)
2026/10/03 09:49:04 OK   00017_source_data_scope.sql (3.48ms)
2026/10/03 09:49:04 OK   00018_sp04_resources_evidence.sql (9.77ms)
2026/10/03 09:49:04 OK   00019_sp04_archive_ciphertext_bytes.sql (2.86ms)
2026/10/03 09:49:04 OK   00020_sp04_request_ledger.sql (4.03ms)
2026/10/03 09:49:04 OK   00021_sp04_archive_protection.sql (3.04ms)
2026/10/03 09:49:04 OK   00022_sp04_legal_hold_dependencies.sql (2.79ms)
2026/10/03 09:49:04 OK   00023_sp04_archive_query_intent.sql (2.78ms)
2026/10/03 09:49:04 OK   00024_sp05_finding_incident.sql (12.8ms)
2026/10/03 09:49:04 OK   00025_sp05_incident_event_time.sql (3.71ms)
2026/10/03 09:49:04 OK   00026_sp05_source_binding_lock.sql (3.72ms)
2026/10/03 09:49:04 OK   00027_sp05_rca_and_poll.sql (5.86ms)
2026/10/03 09:49:04 OK   00028_sp05_operator_lock.sql (3.13ms)
2026/10/03 09:49:04 OK   00029_sp05_evidence_links.sql (4.13ms)
2026/10/03 09:49:04 OK   00030_sp05_recipe_fence.sql (2.97ms)
2026/10/03 09:49:04 OK   00031_sp05_rca_postcheck.sql (2.73ms)
2026/10/03 09:49:04 OK   00032_sp05_transport_audit.sql (2.97ms)
2026/10/03 09:49:04 OK   00033_sp05_poll_resolution_clock.sql (3.14ms)
2026/10/03 09:49:04 goose: successfully migrated database to version: 33
    archive_iam_test.go:41: owned TLS/IAM fixture image=docker.io/chrislusf/seaweedfs@sha256:d4cf67729aa8777e1a43a5b61d72e5b96179e4b7bac9a221cb14cbc2036cb32e id=a2c3cc169402e0e8c8715a657c56332748dc7712f41bd82aac9acee2a2b70a11 bucket=sp05-golden-0c4f7dc2 tenants=1
    sp05_golden_vertical_test.go:318: node-hardware-upstream/degraded: fixed clock, admitted native adapters -> actual identity/Graph and unified ingestion -> PostgreSQL reducer -> signed published Recipe -> real immutable OpenBao/SeaweedFS Evidence -> append-only RCA and bounded Impact, twice replay; protocol Fixture, no physical BMC/Node failure claim
--- PASS: TestSP05FrozenNodeHardwareUpstreamVerticalAndReplay (30.12s)
    --- PASS: TestSP05FrozenNodeHardwareUpstreamVerticalAndReplay/valid (5.69s)
    --- PASS: TestSP05FrozenNodeHardwareUpstreamVerticalAndReplay/missing (10.31s)
    --- PASS: TestSP05FrozenNodeHardwareUpstreamVerticalAndReplay/conflict (7.61s)
    --- PASS: TestSP05FrozenNodeHardwareUpstreamVerticalAndReplay/degraded (6.51s)
PASS
ok  	ops-platform/test/integration	110.757s
