=== RUN   TestSP05FrozenNonvirtualGoldenVerticalAndReplay
=== RUN   TestSP05FrozenNonvirtualGoldenVerticalAndReplay/dimm-failure/valid
2026/10/03 09:34:41 OK   00001_roles_and_schemas.sql (18.55ms)
2026/10/03 09:34:41 goose: successfully migrated database to version: 1
2026/10/03 09:34:41 OK   00002_platform_meta.sql (24.88ms)
2026/10/03 09:34:41 OK   00003_finding.sql (8.34ms)
2026/10/03 09:34:41 OK   00004_incident.sql (5.85ms)
2026/10/03 09:34:41 OK   00005_investigation.sql (6.55ms)
2026/10/03 09:34:41 OK   00006_action_command.sql (6.07ms)
2026/10/03 09:34:41 OK   00007_audit.sql (9.24ms)
2026/10/03 09:34:41 OK   00008_rls.sql (8.28ms)
2026/10/03 09:34:41 OK   00009_idempotency_ledger.sql (6.04ms)
2026/10/03 09:34:41 OK   00010_tenant_provisioning.sql (5.41ms)
2026/10/03 09:34:41 OK   00011_source_registration_history.sql (6.31ms)
2026/10/03 09:34:41 OK   00012_config_registry_lifecycle.sql (8.64ms)
2026/10/03 09:34:41 OK   00013_audit_signed_segments.sql (10.32ms)
2026/10/03 09:34:41 OK   00014_audit_segment_predecessors.sql (4.9ms)
2026/10/03 09:34:41 OK   00015_source_schema_scope.sql (3.27ms)
2026/10/03 09:34:41 OK   00016_cluster_registration_metadata.sql (4.75ms)
2026/10/03 09:34:41 OK   00017_source_data_scope.sql (4.63ms)
2026/10/03 09:34:41 OK   00018_sp04_resources_evidence.sql (11.35ms)
2026/10/03 09:34:41 OK   00019_sp04_archive_ciphertext_bytes.sql (3.73ms)
2026/10/03 09:34:41 OK   00020_sp04_request_ledger.sql (4.8ms)
2026/10/03 09:34:41 OK   00021_sp04_archive_protection.sql (3.81ms)
2026/10/03 09:34:41 OK   00022_sp04_legal_hold_dependencies.sql (3.74ms)
2026/10/03 09:34:41 OK   00023_sp04_archive_query_intent.sql (3.8ms)
2026/10/03 09:34:41 OK   00024_sp05_finding_incident.sql (13.44ms)
2026/10/03 09:34:41 OK   00025_sp05_incident_event_time.sql (3.31ms)
2026/10/03 09:34:41 OK   00026_sp05_source_binding_lock.sql (3.92ms)
2026/10/03 09:34:41 OK   00027_sp05_rca_and_poll.sql (6.91ms)
2026/10/03 09:34:41 OK   00028_sp05_operator_lock.sql (4.7ms)
2026/10/03 09:34:41 OK   00029_sp05_evidence_links.sql (5.95ms)
2026/10/03 09:34:41 OK   00030_sp05_recipe_fence.sql (3.89ms)
2026/10/03 09:34:41 OK   00031_sp05_rca_postcheck.sql (3.46ms)
2026/10/03 09:34:41 OK   00032_sp05_transport_audit.sql (2.95ms)
2026/10/03 09:34:41 OK   00033_sp05_poll_resolution_clock.sql (4.25ms)
2026/10/03 09:34:41 goose: successfully migrated database to version: 33
    archive_iam_test.go:41: owned TLS/IAM fixture image=docker.io/chrislusf/seaweedfs@sha256:d4cf67729aa8777e1a43a5b61d72e5b96179e4b7bac9a221cb14cbc2036cb32e id=ad4bb097a33a7475acfd2690f0af48e48296b80de4f380d9b62da41232d8a639 bucket=sp05-golden-10ee60e5 tenants=1
    sp05_golden_vertical_test.go:288: dimm-failure/valid: fixed clock, admitted native adapters -> actual identity/Graph and unified ingestion -> PostgreSQL reducer -> signed published Recipe -> real immutable OpenBao/SeaweedFS Evidence -> append-only RCA and bounded Impact, twice replay; protocol Fixture, no physical BMC/Node failure claim
=== RUN   TestSP05FrozenNonvirtualGoldenVerticalAndReplay/dimm-failure/missing
2026/10/03 09:34:46 OK   00001_roles_and_schemas.sql (7.62ms)
2026/10/03 09:34:46 goose: successfully migrated database to version: 1
2026/10/03 09:34:46 OK   00002_platform_meta.sql (14.47ms)
2026/10/03 09:34:46 OK   00003_finding.sql (6.62ms)
2026/10/03 09:34:46 OK   00004_incident.sql (5.7ms)
2026/10/03 09:34:46 OK   00005_investigation.sql (6.05ms)
2026/10/03 09:34:46 OK   00006_action_command.sql (5.83ms)
2026/10/03 09:34:46 OK   00007_audit.sql (8.49ms)
2026/10/03 09:34:46 OK   00008_rls.sql (12.24ms)
2026/10/03 09:34:46 OK   00009_idempotency_ledger.sql (6.21ms)
2026/10/03 09:34:46 OK   00010_tenant_provisioning.sql (4.89ms)
2026/10/03 09:34:46 OK   00011_source_registration_history.sql (6.7ms)
2026/10/03 09:34:46 OK   00012_config_registry_lifecycle.sql (8.39ms)
2026/10/03 09:34:46 OK   00013_audit_signed_segments.sql (9.75ms)
2026/10/03 09:34:46 OK   00014_audit_segment_predecessors.sql (5.12ms)
2026/10/03 09:34:46 OK   00015_source_schema_scope.sql (4.07ms)
2026/10/03 09:34:46 OK   00016_cluster_registration_metadata.sql (5.23ms)
2026/10/03 09:34:46 OK   00017_source_data_scope.sql (4.87ms)
2026/10/03 09:34:46 OK   00018_sp04_resources_evidence.sql (12.26ms)
2026/10/03 09:34:46 OK   00019_sp04_archive_ciphertext_bytes.sql (4.14ms)
2026/10/03 09:34:46 OK   00020_sp04_request_ledger.sql (11.86ms)
2026/10/03 09:34:47 OK   00021_sp04_archive_protection.sql (10.75ms)
2026/10/03 09:34:47 OK   00022_sp04_legal_hold_dependencies.sql (3.16ms)
2026/10/03 09:34:47 OK   00023_sp04_archive_query_intent.sql (2.71ms)
2026/10/03 09:34:47 OK   00024_sp05_finding_incident.sql (27.47ms)
2026/10/03 09:34:47 OK   00025_sp05_incident_event_time.sql (3.66ms)
2026/10/03 09:34:47 OK   00026_sp05_source_binding_lock.sql (4.1ms)
2026/10/03 09:34:47 OK   00027_sp05_rca_and_poll.sql (7.39ms)
2026/10/03 09:34:47 OK   00028_sp05_operator_lock.sql (3.69ms)
2026/10/03 09:34:47 OK   00029_sp05_evidence_links.sql (5.86ms)
2026/10/03 09:34:47 OK   00030_sp05_recipe_fence.sql (3.88ms)
2026/10/03 09:34:47 OK   00031_sp05_rca_postcheck.sql (3.66ms)
2026/10/03 09:34:47 OK   00032_sp05_transport_audit.sql (3.82ms)
2026/10/03 09:34:47 OK   00033_sp05_poll_resolution_clock.sql (4.12ms)
2026/10/03 09:34:47 goose: successfully migrated database to version: 33
    archive_iam_test.go:41: owned TLS/IAM fixture image=docker.io/chrislusf/seaweedfs@sha256:d4cf67729aa8777e1a43a5b61d72e5b96179e4b7bac9a221cb14cbc2036cb32e id=6c24084705040c5eae21ccc18f365691362c2d84710034a87136f45b3a7d84c0 bucket=sp05-golden-f0a20d6b tenants=1
    sp05_golden_vertical_test.go:288: dimm-failure/missing: fixed clock, admitted native adapters -> actual identity/Graph and unified ingestion -> PostgreSQL reducer -> signed published Recipe -> real immutable OpenBao/SeaweedFS Evidence -> append-only RCA and bounded Impact, twice replay; protocol Fixture, no physical BMC/Node failure claim
=== RUN   TestSP05FrozenNonvirtualGoldenVerticalAndReplay/dimm-failure/conflict
2026/10/03 09:34:53 OK   00001_roles_and_schemas.sql (20.56ms)
2026/10/03 09:34:53 goose: successfully migrated database to version: 1
2026/10/03 09:34:53 OK   00002_platform_meta.sql (50.6ms)
2026/10/03 09:34:53 OK   00003_finding.sql (13.65ms)
2026/10/03 09:34:53 OK   00004_incident.sql (13.08ms)
2026/10/03 09:34:53 OK   00005_investigation.sql (11.45ms)
2026/10/03 09:34:53 OK   00006_action_command.sql (10.9ms)
2026/10/03 09:34:53 OK   00007_audit.sql (9.07ms)
2026/10/03 09:34:53 OK   00008_rls.sql (8.1ms)
2026/10/03 09:34:53 OK   00009_idempotency_ledger.sql (5.75ms)
2026/10/03 09:34:53 OK   00010_tenant_provisioning.sql (3.63ms)
2026/10/03 09:34:53 OK   00011_source_registration_history.sql (5.08ms)
2026/10/03 09:34:53 OK   00012_config_registry_lifecycle.sql (7.02ms)
2026/10/03 09:34:53 OK   00013_audit_signed_segments.sql (9.02ms)
2026/10/03 09:34:53 OK   00014_audit_segment_predecessors.sql (4.28ms)
2026/10/03 09:34:53 OK   00015_source_schema_scope.sql (2.58ms)
2026/10/03 09:34:53 OK   00016_cluster_registration_metadata.sql (3.15ms)
2026/10/03 09:34:53 OK   00017_source_data_scope.sql (2.79ms)
2026/10/03 09:34:53 OK   00018_sp04_resources_evidence.sql (9ms)
2026/10/03 09:34:53 OK   00019_sp04_archive_ciphertext_bytes.sql (2.55ms)
2026/10/03 09:34:53 OK   00020_sp04_request_ledger.sql (3.34ms)
2026/10/03 09:34:53 OK   00021_sp04_archive_protection.sql (2.61ms)
2026/10/03 09:34:53 OK   00022_sp04_legal_hold_dependencies.sql (2.43ms)
2026/10/03 09:34:53 OK   00023_sp04_archive_query_intent.sql (2.32ms)
2026/10/03 09:34:53 OK   00024_sp05_finding_incident.sql (10.97ms)
2026/10/03 09:34:53 OK   00025_sp05_incident_event_time.sql (2.5ms)
2026/10/03 09:34:53 OK   00026_sp05_source_binding_lock.sql (2.81ms)
2026/10/03 09:34:53 OK   00027_sp05_rca_and_poll.sql (5.15ms)
2026/10/03 09:34:53 OK   00028_sp05_operator_lock.sql (2.7ms)
2026/10/03 09:34:53 OK   00029_sp05_evidence_links.sql (4.25ms)
2026/10/03 09:34:53 OK   00030_sp05_recipe_fence.sql (2.63ms)
2026/10/03 09:34:53 OK   00031_sp05_rca_postcheck.sql (2.37ms)
2026/10/03 09:34:53 OK   00032_sp05_transport_audit.sql (2.39ms)
2026/10/03 09:34:53 OK   00033_sp05_poll_resolution_clock.sql (2.57ms)
2026/10/03 09:34:53 goose: successfully migrated database to version: 33
    archive_iam_test.go:41: owned TLS/IAM fixture image=docker.io/chrislusf/seaweedfs@sha256:d4cf67729aa8777e1a43a5b61d72e5b96179e4b7bac9a221cb14cbc2036cb32e id=69feec82f64501287b6130b4574edeecc2bc7b7c642745fff65f2f95a0e47c70 bucket=sp05-golden-1c9e5a1b tenants=1
    sp05_golden_vertical_test.go:285: frozen replay changed semantic IDs/revisions/roots/impact: first={"finding": [["01a0ff66-7269-7c5c-bdbb-25bc8ad01a98", "resolved", 2], ["01a0ff66-727c-7e4c-8d8c-278aa2942c61", "firing", 1]], "evidence": ["49b78e9c-0379-5a25-ba61-d21e785148e4", "cbe52281-daa2-566b-b220-4755fb923f04", "f6ec3780-c39a-517b-a696-43b01808e7c7"], "incident": [["01a0ff66-7d9c-7ec9-a5c8-e8d51c1f6844", "open", 1]]} second={"finding": [["01a0ff66-7269-7c5c-bdbb-25bc8ad01a98", "resolved", 2], ["01a0ff66-727c-7e4c-8d8c-278aa2942c61", "firing", 1]], "evidence": ["49b78e9c-0379-5a25-ba61-d21e785148e4", "cbe52281-daa2-566b-b220-4755fb923f04", "f6ec3780-c39a-517b-a696-43b01808e7c7"], "incident": [["01a0ff66-7d9c-7ec9-a5c8-e8d51c1f6844", "open", 2]]}
=== RUN   TestSP05FrozenNonvirtualGoldenVerticalAndReplay/dimm-failure/degraded
2026/10/03 09:35:02 OK   00001_roles_and_schemas.sql (12.38ms)
2026/10/03 09:35:02 goose: successfully migrated database to version: 1
2026/10/03 09:35:02 OK   00002_platform_meta.sql (17.07ms)
2026/10/03 09:35:02 OK   00003_finding.sql (7.69ms)
2026/10/03 09:35:02 OK   00004_incident.sql (15.29ms)
2026/10/03 09:35:02 OK   00005_investigation.sql (19.73ms)
2026/10/03 09:35:02 OK   00006_action_command.sql (7.84ms)
2026/10/03 09:35:02 OK   00007_audit.sql (8.59ms)
2026/10/03 09:35:02 OK   00008_rls.sql (8.91ms)
2026/10/03 09:35:02 OK   00009_idempotency_ledger.sql (8.68ms)
2026/10/03 09:35:02 OK   00010_tenant_provisioning.sql (3.45ms)
2026/10/03 09:35:02 OK   00011_source_registration_history.sql (20.71ms)
2026/10/03 09:35:02 OK   00012_config_registry_lifecycle.sql (11.62ms)
2026/10/03 09:35:02 OK   00013_audit_signed_segments.sql (22.64ms)
2026/10/03 09:35:02 OK   00014_audit_segment_predecessors.sql (6.07ms)
2026/10/03 09:35:02 OK   00015_source_schema_scope.sql (4.24ms)
2026/10/03 09:35:02 OK   00016_cluster_registration_metadata.sql (4.9ms)
2026/10/03 09:35:02 OK   00017_source_data_scope.sql (5.15ms)
2026/10/03 09:35:02 OK   00018_sp04_resources_evidence.sql (19.08ms)
2026/10/03 09:35:02 OK   00019_sp04_archive_ciphertext_bytes.sql (3.49ms)
2026/10/03 09:35:02 OK   00020_sp04_request_ledger.sql (3.76ms)
2026/10/03 09:35:02 OK   00021_sp04_archive_protection.sql (2.62ms)
2026/10/03 09:35:02 OK   00022_sp04_legal_hold_dependencies.sql (2.51ms)
2026/10/03 09:35:02 OK   00023_sp04_archive_query_intent.sql (2.93ms)
2026/10/03 09:35:03 OK   00024_sp05_finding_incident.sql (15.11ms)
2026/10/03 09:35:03 OK   00025_sp05_incident_event_time.sql (3.71ms)
2026/10/03 09:35:03 OK   00026_sp05_source_binding_lock.sql (3.35ms)
2026/10/03 09:35:03 OK   00027_sp05_rca_and_poll.sql (6.86ms)
2026/10/03 09:35:03 OK   00028_sp05_operator_lock.sql (3.45ms)
2026/10/03 09:35:03 OK   00029_sp05_evidence_links.sql (5.84ms)
2026/10/03 09:35:03 OK   00030_sp05_recipe_fence.sql (4.07ms)
2026/10/03 09:35:03 OK   00031_sp05_rca_postcheck.sql (3.49ms)
2026/10/03 09:35:03 OK   00032_sp05_transport_audit.sql (3.71ms)
2026/10/03 09:35:03 OK   00033_sp05_poll_resolution_clock.sql (4.07ms)
2026/10/03 09:35:03 goose: successfully migrated database to version: 33
    archive_iam_test.go:41: owned TLS/IAM fixture image=docker.io/chrislusf/seaweedfs@sha256:d4cf67729aa8777e1a43a5b61d72e5b96179e4b7bac9a221cb14cbc2036cb32e id=3d0eff20c9a57b922251b9d8e7c6d78198abb7c43255e4385efc0112d37855de bucket=sp05-golden-6c1c5429 tenants=1
    sp05_golden_vertical_test.go:288: dimm-failure/degraded: fixed clock, admitted native adapters -> actual identity/Graph and unified ingestion -> PostgreSQL reducer -> signed published Recipe -> real immutable OpenBao/SeaweedFS Evidence -> append-only RCA and bounded Impact, twice replay; protocol Fixture, no physical BMC/Node failure claim
=== RUN   TestSP05FrozenNonvirtualGoldenVerticalAndReplay/pvc-csi-failure/valid
2026/10/03 09:35:11 OK   00001_roles_and_schemas.sql (20.81ms)
2026/10/03 09:35:11 goose: successfully migrated database to version: 1
2026/10/03 09:35:11 OK   00002_platform_meta.sql (19.89ms)
2026/10/03 09:35:11 OK   00003_finding.sql (21.47ms)
2026/10/03 09:35:11 OK   00004_incident.sql (12.2ms)
2026/10/03 09:35:11 OK   00005_investigation.sql (14.74ms)
2026/10/03 09:35:11 OK   00006_action_command.sql (15.21ms)
2026/10/03 09:35:11 OK   00007_audit.sql (25.23ms)
2026/10/03 09:35:11 OK   00008_rls.sql (12.75ms)
2026/10/03 09:35:11 OK   00009_idempotency_ledger.sql (9.44ms)
2026/10/03 09:35:11 OK   00010_tenant_provisioning.sql (4.54ms)
2026/10/03 09:35:11 OK   00011_source_registration_history.sql (5.46ms)
2026/10/03 09:35:11 OK   00012_config_registry_lifecycle.sql (7.38ms)
2026/10/03 09:35:11 OK   00013_audit_signed_segments.sql (9.16ms)
2026/10/03 09:35:11 OK   00014_audit_segment_predecessors.sql (4.8ms)
2026/10/03 09:35:11 OK   00015_source_schema_scope.sql (3.45ms)
2026/10/03 09:35:11 OK   00016_cluster_registration_metadata.sql (4.38ms)
2026/10/03 09:35:11 OK   00017_source_data_scope.sql (3.89ms)
2026/10/03 09:35:11 OK   00018_sp04_resources_evidence.sql (10.16ms)
2026/10/03 09:35:11 OK   00019_sp04_archive_ciphertext_bytes.sql (3.22ms)
2026/10/03 09:35:11 OK   00020_sp04_request_ledger.sql (4.2ms)
2026/10/03 09:35:11 OK   00021_sp04_archive_protection.sql (3.36ms)
2026/10/03 09:35:11 OK   00022_sp04_legal_hold_dependencies.sql (3.21ms)
2026/10/03 09:35:11 OK   00023_sp04_archive_query_intent.sql (3.12ms)
2026/10/03 09:35:11 OK   00024_sp05_finding_incident.sql (10.89ms)
2026/10/03 09:35:11 OK   00025_sp05_incident_event_time.sql (6.43ms)
2026/10/03 09:35:11 OK   00026_sp05_source_binding_lock.sql (3.22ms)
2026/10/03 09:35:11 OK   00027_sp05_rca_and_poll.sql (14.19ms)
2026/10/03 09:35:11 OK   00028_sp05_operator_lock.sql (3.68ms)
2026/10/03 09:35:11 OK   00029_sp05_evidence_links.sql (4.23ms)
2026/10/03 09:35:11 OK   00030_sp05_recipe_fence.sql (2.85ms)
2026/10/03 09:35:11 OK   00031_sp05_rca_postcheck.sql (2.47ms)
2026/10/03 09:35:11 OK   00032_sp05_transport_audit.sql (2.45ms)
2026/10/03 09:35:11 OK   00033_sp05_poll_resolution_clock.sql (2.71ms)
2026/10/03 09:35:11 goose: successfully migrated database to version: 33
    archive_iam_test.go:41: owned TLS/IAM fixture image=docker.io/chrislusf/seaweedfs@sha256:d4cf67729aa8777e1a43a5b61d72e5b96179e4b7bac9a221cb14cbc2036cb32e id=a4a95233c81aa3da806b91e70c6355dafeb68159c3d9860f20d620f71695d764 bucket=sp05-golden-24d02d51 tenants=1
    sp05_golden_vertical_test.go:288: pvc-csi-failure/valid: fixed clock, admitted native adapters -> actual identity/Graph and unified ingestion -> PostgreSQL reducer -> signed published Recipe -> real immutable OpenBao/SeaweedFS Evidence -> append-only RCA and bounded Impact, twice replay; protocol Fixture, no physical BMC/Node failure claim
=== RUN   TestSP05FrozenNonvirtualGoldenVerticalAndReplay/pvc-csi-failure/missing
2026/10/03 09:35:16 OK   00001_roles_and_schemas.sql (8.77ms)
2026/10/03 09:35:16 goose: successfully migrated database to version: 1
2026/10/03 09:35:16 OK   00002_platform_meta.sql (26.25ms)
2026/10/03 09:35:16 OK   00003_finding.sql (12.04ms)
2026/10/03 09:35:16 OK   00004_incident.sql (9.11ms)
2026/10/03 09:35:16 OK   00005_investigation.sql (9.43ms)
2026/10/03 09:35:16 OK   00006_action_command.sql (9.11ms)
2026/10/03 09:35:16 OK   00007_audit.sql (14.48ms)
2026/10/03 09:35:16 OK   00008_rls.sql (17.98ms)
2026/10/03 09:35:16 OK   00009_idempotency_ledger.sql (11.22ms)
2026/10/03 09:35:16 OK   00010_tenant_provisioning.sql (8.95ms)
2026/10/03 09:35:16 OK   00011_source_registration_history.sql (12.97ms)
2026/10/03 09:35:16 OK   00012_config_registry_lifecycle.sql (9.86ms)
2026/10/03 09:35:16 OK   00013_audit_signed_segments.sql (17.2ms)
2026/10/03 09:35:16 OK   00014_audit_segment_predecessors.sql (12.33ms)
2026/10/03 09:35:16 OK   00015_source_schema_scope.sql (4.03ms)
2026/10/03 09:35:16 OK   00016_cluster_registration_metadata.sql (3.72ms)
2026/10/03 09:35:16 OK   00017_source_data_scope.sql (3.23ms)
2026/10/03 09:35:16 OK   00018_sp04_resources_evidence.sql (11.05ms)
2026/10/03 09:35:16 OK   00019_sp04_archive_ciphertext_bytes.sql (2.78ms)
2026/10/03 09:35:16 OK   00020_sp04_request_ledger.sql (3.49ms)
2026/10/03 09:35:16 OK   00021_sp04_archive_protection.sql (2.64ms)
2026/10/03 09:35:16 OK   00022_sp04_legal_hold_dependencies.sql (2.27ms)
2026/10/03 09:35:16 OK   00023_sp04_archive_query_intent.sql (2.19ms)
2026/10/03 09:35:16 OK   00024_sp05_finding_incident.sql (11.37ms)
2026/10/03 09:35:16 OK   00025_sp05_incident_event_time.sql (2.58ms)
2026/10/03 09:35:16 OK   00026_sp05_source_binding_lock.sql (2.8ms)
2026/10/03 09:35:16 OK   00027_sp05_rca_and_poll.sql (5.27ms)
2026/10/03 09:35:16 OK   00028_sp05_operator_lock.sql (2.63ms)
2026/10/03 09:35:16 OK   00029_sp05_evidence_links.sql (3.87ms)
2026/10/03 09:35:16 OK   00030_sp05_recipe_fence.sql (2.61ms)
2026/10/03 09:35:16 OK   00031_sp05_rca_postcheck.sql (2.44ms)
2026/10/03 09:35:16 OK   00032_sp05_transport_audit.sql (2.49ms)
2026/10/03 09:35:16 OK   00033_sp05_poll_resolution_clock.sql (2.68ms)
2026/10/03 09:35:16 goose: successfully migrated database to version: 33
    archive_iam_test.go:41: owned TLS/IAM fixture image=docker.io/chrislusf/seaweedfs@sha256:d4cf67729aa8777e1a43a5b61d72e5b96179e4b7bac9a221cb14cbc2036cb32e id=8495c9bc022b4aafb1998455e1922baa8253e91ad7822fb7c0099b71789341be bucket=sp05-golden-03892e46 tenants=1
    sp05_golden_vertical_test.go:288: pvc-csi-failure/missing: fixed clock, admitted native adapters -> actual identity/Graph and unified ingestion -> PostgreSQL reducer -> signed published Recipe -> real immutable OpenBao/SeaweedFS Evidence -> append-only RCA and bounded Impact, twice replay; protocol Fixture, no physical BMC/Node failure claim
=== RUN   TestSP05FrozenNonvirtualGoldenVerticalAndReplay/pvc-csi-failure/conflict
2026/10/03 09:35:22 OK   00001_roles_and_schemas.sql (16.03ms)
2026/10/03 09:35:22 goose: successfully migrated database to version: 1
2026/10/03 09:35:22 OK   00002_platform_meta.sql (32.41ms)
2026/10/03 09:35:22 OK   00003_finding.sql (18.67ms)
2026/10/03 09:35:22 OK   00004_incident.sql (12.02ms)
2026/10/03 09:35:22 OK   00005_investigation.sql (8.55ms)
2026/10/03 09:35:22 OK   00006_action_command.sql (7.75ms)
2026/10/03 09:35:22 OK   00007_audit.sql (9.52ms)
2026/10/03 09:35:22 OK   00008_rls.sql (8.53ms)
2026/10/03 09:35:22 OK   00009_idempotency_ledger.sql (5.35ms)
2026/10/03 09:35:22 OK   00010_tenant_provisioning.sql (3.81ms)
2026/10/03 09:35:22 OK   00011_source_registration_history.sql (12.63ms)
2026/10/03 09:35:22 OK   00012_config_registry_lifecycle.sql (12.6ms)
2026/10/03 09:35:22 OK   00013_audit_signed_segments.sql (11.5ms)
2026/10/03 09:35:22 OK   00014_audit_segment_predecessors.sql (5.6ms)
2026/10/03 09:35:22 OK   00015_source_schema_scope.sql (3.91ms)
2026/10/03 09:35:22 OK   00016_cluster_registration_metadata.sql (6.73ms)
2026/10/03 09:35:22 OK   00017_source_data_scope.sql (9.36ms)
2026/10/03 09:35:22 OK   00018_sp04_resources_evidence.sql (14.19ms)
2026/10/03 09:35:22 OK   00019_sp04_archive_ciphertext_bytes.sql (12.33ms)
2026/10/03 09:35:22 OK   00020_sp04_request_ledger.sql (7.1ms)
2026/10/03 09:35:22 OK   00021_sp04_archive_protection.sql (4.13ms)
2026/10/03 09:35:22 OK   00022_sp04_legal_hold_dependencies.sql (3.95ms)
2026/10/03 09:35:22 OK   00023_sp04_archive_query_intent.sql (3.79ms)
2026/10/03 09:35:22 OK   00024_sp05_finding_incident.sql (13.49ms)
2026/10/03 09:35:22 OK   00025_sp05_incident_event_time.sql (3.07ms)
2026/10/03 09:35:22 OK   00026_sp05_source_binding_lock.sql (3.91ms)
2026/10/03 09:35:22 OK   00027_sp05_rca_and_poll.sql (7.28ms)
2026/10/03 09:35:22 OK   00028_sp05_operator_lock.sql (4.19ms)
2026/10/03 09:35:22 OK   00029_sp05_evidence_links.sql (5.87ms)
2026/10/03 09:35:22 OK   00030_sp05_recipe_fence.sql (4.14ms)
2026/10/03 09:35:22 OK   00031_sp05_rca_postcheck.sql (3.61ms)
2026/10/03 09:35:22 OK   00032_sp05_transport_audit.sql (3.91ms)
2026/10/03 09:35:22 OK   00033_sp05_poll_resolution_clock.sql (4.08ms)
2026/10/03 09:35:22 goose: successfully migrated database to version: 33
    archive_iam_test.go:41: owned TLS/IAM fixture image=docker.io/chrislusf/seaweedfs@sha256:d4cf67729aa8777e1a43a5b61d72e5b96179e4b7bac9a221cb14cbc2036cb32e id=1db9c91eeb1523ebedb94cab4dbbf7f78b782c34daf58f4d5e2fb01d2b948784 bucket=sp05-golden-6a83d9d1 tenants=1
    sp05_golden_vertical_test.go:285: frozen replay changed semantic IDs/revisions/roots/impact: first={"finding": [["01a0ff66-e342-7d61-be06-1a6ea9d6189d", "resolved", 2], ["01a0ff66-e35e-77d0-b4d1-b78963aa88b1", "firing", 1]], "evidence": ["6113c502-49db-5e14-8ba9-ae8082286dfd", "bc7f31a9-2cc4-5927-83c8-378e0523ef89", "cee768f4-4009-54f0-be4b-f8cf4ea91e53"], "incident": [["01a0ff66-ee65-7c0d-9b3e-b1864bff2009", "open", 1]]} second={"finding": [["01a0ff66-e342-7d61-be06-1a6ea9d6189d", "resolved", 2], ["01a0ff66-e35e-77d0-b4d1-b78963aa88b1", "firing", 1]], "evidence": ["6113c502-49db-5e14-8ba9-ae8082286dfd", "bc7f31a9-2cc4-5927-83c8-378e0523ef89", "cee768f4-4009-54f0-be4b-f8cf4ea91e53"], "incident": [["01a0ff66-ee65-7c0d-9b3e-b1864bff2009", "open", 2]]}
=== RUN   TestSP05FrozenNonvirtualGoldenVerticalAndReplay/pvc-csi-failure/degraded
2026/10/03 09:35:31 OK   00001_roles_and_schemas.sql (12.76ms)
2026/10/03 09:35:31 goose: successfully migrated database to version: 1
2026/10/03 09:35:31 OK   00002_platform_meta.sql (13.53ms)
2026/10/03 09:35:31 OK   00003_finding.sql (5.93ms)
2026/10/03 09:35:31 OK   00004_incident.sql (4.32ms)
2026/10/03 09:35:31 OK   00005_investigation.sql (5.25ms)
2026/10/03 09:35:31 OK   00006_action_command.sql (5.6ms)
2026/10/03 09:35:31 OK   00007_audit.sql (8.53ms)
2026/10/03 09:35:31 OK   00008_rls.sql (7.96ms)
2026/10/03 09:35:31 OK   00009_idempotency_ledger.sql (5.89ms)
2026/10/03 09:35:31 OK   00010_tenant_provisioning.sql (17.8ms)
2026/10/03 09:35:31 OK   00011_source_registration_history.sql (9.8ms)
2026/10/03 09:35:31 OK   00012_config_registry_lifecycle.sql (8.47ms)
2026/10/03 09:35:31 OK   00013_audit_signed_segments.sql (9.7ms)
2026/10/03 09:35:31 OK   00014_audit_segment_predecessors.sql (5.03ms)
2026/10/03 09:35:31 OK   00015_source_schema_scope.sql (3.4ms)
2026/10/03 09:35:31 OK   00016_cluster_registration_metadata.sql (6.2ms)
2026/10/03 09:35:31 OK   00017_source_data_scope.sql (3.97ms)
2026/10/03 09:35:31 OK   00018_sp04_resources_evidence.sql (10.96ms)
2026/10/03 09:35:31 OK   00019_sp04_archive_ciphertext_bytes.sql (3.99ms)
2026/10/03 09:35:31 OK   00020_sp04_request_ledger.sql (4.83ms)
2026/10/03 09:35:31 OK   00021_sp04_archive_protection.sql (4.15ms)
2026/10/03 09:35:31 OK   00022_sp04_legal_hold_dependencies.sql (3.89ms)
2026/10/03 09:35:31 OK   00023_sp04_archive_query_intent.sql (3.66ms)
2026/10/03 09:35:31 OK   00024_sp05_finding_incident.sql (13.09ms)
2026/10/03 09:35:31 OK   00025_sp05_incident_event_time.sql (3.73ms)
2026/10/03 09:35:31 OK   00026_sp05_source_binding_lock.sql (4.12ms)
2026/10/03 09:35:31 OK   00027_sp05_rca_and_poll.sql (7.01ms)
2026/10/03 09:35:31 OK   00028_sp05_operator_lock.sql (4.13ms)
2026/10/03 09:35:31 OK   00029_sp05_evidence_links.sql (5.83ms)
2026/10/03 09:35:31 OK   00030_sp05_recipe_fence.sql (3.89ms)
2026/10/03 09:35:31 OK   00031_sp05_rca_postcheck.sql (3.59ms)
2026/10/03 09:35:31 OK   00032_sp05_transport_audit.sql (3.94ms)
2026/10/03 09:35:31 OK   00033_sp05_poll_resolution_clock.sql (4.15ms)
2026/10/03 09:35:31 goose: successfully migrated database to version: 33
    archive_iam_test.go:41: owned TLS/IAM fixture image=docker.io/chrislusf/seaweedfs@sha256:d4cf67729aa8777e1a43a5b61d72e5b96179e4b7bac9a221cb14cbc2036cb32e id=3023c1260bf11596cb054bc908300c99486ab811efd653bda76b6641c746366e bucket=sp05-golden-5d414a62 tenants=1
    sp05_golden_vertical_test.go:288: pvc-csi-failure/degraded: fixed clock, admitted native adapters -> actual identity/Graph and unified ingestion -> PostgreSQL reducer -> signed published Recipe -> real immutable OpenBao/SeaweedFS Evidence -> append-only RCA and bounded Impact, twice replay; protocol Fixture, no physical BMC/Node failure claim
=== RUN   TestSP05FrozenNonvirtualGoldenVerticalAndReplay/node-failure/valid
2026/10/03 09:35:36 OK   00001_roles_and_schemas.sql (7.78ms)
2026/10/03 09:35:36 goose: successfully migrated database to version: 1
2026/10/03 09:35:36 OK   00002_platform_meta.sql (28.72ms)
2026/10/03 09:35:36 OK   00003_finding.sql (15.72ms)
2026/10/03 09:35:36 OK   00004_incident.sql (10.3ms)
2026/10/03 09:35:36 OK   00005_investigation.sql (9.98ms)
2026/10/03 09:35:36 OK   00006_action_command.sql (10.36ms)
2026/10/03 09:35:36 OK   00007_audit.sql (10.99ms)
2026/10/03 09:35:36 OK   00008_rls.sql (10.5ms)
2026/10/03 09:35:36 OK   00009_idempotency_ledger.sql (10.4ms)
2026/10/03 09:35:36 OK   00010_tenant_provisioning.sql (11.03ms)
2026/10/03 09:35:36 OK   00011_source_registration_history.sql (12.66ms)
2026/10/03 09:35:36 OK   00012_config_registry_lifecycle.sql (11.32ms)
2026/10/03 09:35:36 OK   00013_audit_signed_segments.sql (20.05ms)
2026/10/03 09:35:36 OK   00014_audit_segment_predecessors.sql (8.77ms)
2026/10/03 09:35:36 OK   00015_source_schema_scope.sql (3.57ms)
2026/10/03 09:35:36 OK   00016_cluster_registration_metadata.sql (3.47ms)
2026/10/03 09:35:36 OK   00017_source_data_scope.sql (3.24ms)
2026/10/03 09:35:36 OK   00018_sp04_resources_evidence.sql (10.29ms)
2026/10/03 09:35:36 OK   00019_sp04_archive_ciphertext_bytes.sql (2.63ms)
2026/10/03 09:35:36 OK   00020_sp04_request_ledger.sql (3.86ms)
2026/10/03 09:35:36 OK   00021_sp04_archive_protection.sql (2.6ms)
2026/10/03 09:35:36 OK   00022_sp04_legal_hold_dependencies.sql (2.69ms)
2026/10/03 09:35:36 OK   00023_sp04_archive_query_intent.sql (2.84ms)
2026/10/03 09:35:36 OK   00024_sp05_finding_incident.sql (14.89ms)
2026/10/03 09:35:36 OK   00025_sp05_incident_event_time.sql (3.08ms)
2026/10/03 09:35:36 OK   00026_sp05_source_binding_lock.sql (3.77ms)
2026/10/03 09:35:36 OK   00027_sp05_rca_and_poll.sql (11.32ms)
2026/10/03 09:35:36 OK   00028_sp05_operator_lock.sql (7.29ms)
2026/10/03 09:35:36 OK   00029_sp05_evidence_links.sql (8.34ms)
2026/10/03 09:35:36 OK   00030_sp05_recipe_fence.sql (2.98ms)
2026/10/03 09:35:36 OK   00031_sp05_rca_postcheck.sql (2.98ms)
2026/10/03 09:35:36 OK   00032_sp05_transport_audit.sql (3.26ms)
2026/10/03 09:35:36 OK   00033_sp05_poll_resolution_clock.sql (4.16ms)
2026/10/03 09:35:36 goose: successfully migrated database to version: 33
    archive_iam_test.go:41: owned TLS/IAM fixture image=docker.io/chrislusf/seaweedfs@sha256:d4cf67729aa8777e1a43a5b61d72e5b96179e4b7bac9a221cb14cbc2036cb32e id=60e9226d37fd7fef252418c54c3ec7057f143ce731630d1e573cbee73ff74b08 bucket=sp05-golden-dac5d253 tenants=1
    sp05_golden_vertical_test.go:288: node-failure/valid: fixed clock, admitted native adapters -> actual identity/Graph and unified ingestion -> PostgreSQL reducer -> signed published Recipe -> real immutable OpenBao/SeaweedFS Evidence -> append-only RCA and bounded Impact, twice replay; protocol Fixture, no physical BMC/Node failure claim
=== RUN   TestSP05FrozenNonvirtualGoldenVerticalAndReplay/node-failure/missing
2026/10/03 09:35:44 OK   00001_roles_and_schemas.sql (15.88ms)
2026/10/03 09:35:44 goose: successfully migrated database to version: 1
2026/10/03 09:35:44 OK   00002_platform_meta.sql (37.84ms)
2026/10/03 09:35:45 OK   00003_finding.sql (8.25ms)
2026/10/03 09:35:45 OK   00004_incident.sql (4.49ms)
2026/10/03 09:35:45 OK   00005_investigation.sql (6.17ms)
2026/10/03 09:35:45 OK   00006_action_command.sql (5.92ms)
2026/10/03 09:35:45 OK   00007_audit.sql (8.66ms)
2026/10/03 09:35:45 OK   00008_rls.sql (8.13ms)
2026/10/03 09:35:45 OK   00009_idempotency_ledger.sql (6.34ms)
2026/10/03 09:35:45 OK   00010_tenant_provisioning.sql (5.34ms)
2026/10/03 09:35:45 OK   00011_source_registration_history.sql (6.18ms)
2026/10/03 09:35:45 OK   00012_config_registry_lifecycle.sql (7.79ms)
2026/10/03 09:35:45 OK   00013_audit_signed_segments.sql (9.47ms)
2026/10/03 09:35:45 OK   00014_audit_segment_predecessors.sql (4.89ms)
2026/10/03 09:35:45 OK   00015_source_schema_scope.sql (3.37ms)
2026/10/03 09:35:45 OK   00016_cluster_registration_metadata.sql (4.45ms)
2026/10/03 09:35:45 OK   00017_source_data_scope.sql (4.18ms)
2026/10/03 09:35:45 OK   00018_sp04_resources_evidence.sql (13.3ms)
2026/10/03 09:35:45 OK   00019_sp04_archive_ciphertext_bytes.sql (4.22ms)
2026/10/03 09:35:45 OK   00020_sp04_request_ledger.sql (5.71ms)
2026/10/03 09:35:45 OK   00021_sp04_archive_protection.sql (5.09ms)
2026/10/03 09:35:45 OK   00022_sp04_legal_hold_dependencies.sql (3.26ms)
2026/10/03 09:35:45 OK   00023_sp04_archive_query_intent.sql (3.16ms)
2026/10/03 09:35:45 OK   00024_sp05_finding_incident.sql (12.85ms)
2026/10/03 09:35:45 OK   00025_sp05_incident_event_time.sql (2.63ms)
2026/10/03 09:35:45 OK   00026_sp05_source_binding_lock.sql (3.02ms)
2026/10/03 09:35:45 OK   00027_sp05_rca_and_poll.sql (21.23ms)
2026/10/03 09:35:45 OK   00028_sp05_operator_lock.sql (3.61ms)
2026/10/03 09:35:45 OK   00029_sp05_evidence_links.sql (11.22ms)
2026/10/03 09:35:45 OK   00030_sp05_recipe_fence.sql (5.06ms)
2026/10/03 09:35:45 OK   00031_sp05_rca_postcheck.sql (3.17ms)
2026/10/03 09:35:45 OK   00032_sp05_transport_audit.sql (4.48ms)
2026/10/03 09:35:45 OK   00033_sp05_poll_resolution_clock.sql (5.06ms)
2026/10/03 09:35:45 goose: successfully migrated database to version: 33
    archive_iam_test.go:41: owned TLS/IAM fixture image=docker.io/chrislusf/seaweedfs@sha256:d4cf67729aa8777e1a43a5b61d72e5b96179e4b7bac9a221cb14cbc2036cb32e id=4323d9fdc033d1cadece040952e6e41b63be4727759c405c69b2ebc2557a26a0 bucket=sp05-golden-df29c2ad tenants=1
    sp05_golden_vertical_test.go:288: node-failure/missing: fixed clock, admitted native adapters -> actual identity/Graph and unified ingestion -> PostgreSQL reducer -> signed published Recipe -> real immutable OpenBao/SeaweedFS Evidence -> append-only RCA and bounded Impact, twice replay; protocol Fixture, no physical BMC/Node failure claim
=== RUN   TestSP05FrozenNonvirtualGoldenVerticalAndReplay/node-failure/conflict
2026/10/03 09:35:50 OK   00001_roles_and_schemas.sql (9.3ms)
2026/10/03 09:35:50 goose: successfully migrated database to version: 1
2026/10/03 09:35:50 OK   00002_platform_meta.sql (14.24ms)
2026/10/03 09:35:50 OK   00003_finding.sql (7.14ms)
2026/10/03 09:35:50 OK   00004_incident.sql (5.93ms)
2026/10/03 09:35:50 OK   00005_investigation.sql (5.54ms)
2026/10/03 09:35:50 OK   00006_action_command.sql (5.61ms)
2026/10/03 09:35:50 OK   00007_audit.sql (8.4ms)
2026/10/03 09:35:50 OK   00008_rls.sql (7.32ms)
2026/10/03 09:35:50 OK   00009_idempotency_ledger.sql (6.99ms)
2026/10/03 09:35:50 OK   00010_tenant_provisioning.sql (4.68ms)
2026/10/03 09:35:50 OK   00011_source_registration_history.sql (5.47ms)
2026/10/03 09:35:50 OK   00012_config_registry_lifecycle.sql (11.43ms)
2026/10/03 09:35:50 OK   00013_audit_signed_segments.sql (9.35ms)
2026/10/03 09:35:50 OK   00014_audit_segment_predecessors.sql (5.43ms)
2026/10/03 09:35:50 OK   00015_source_schema_scope.sql (3.65ms)
2026/10/03 09:35:50 OK   00016_cluster_registration_metadata.sql (4.25ms)
2026/10/03 09:35:50 OK   00017_source_data_scope.sql (4.17ms)
2026/10/03 09:35:50 OK   00018_sp04_resources_evidence.sql (11.22ms)
2026/10/03 09:35:50 OK   00019_sp04_archive_ciphertext_bytes.sql (4.21ms)
2026/10/03 09:35:50 OK   00020_sp04_request_ledger.sql (5.44ms)
2026/10/03 09:35:50 OK   00021_sp04_archive_protection.sql (3.93ms)
2026/10/03 09:35:50 OK   00022_sp04_legal_hold_dependencies.sql (3.87ms)
2026/10/03 09:35:50 OK   00023_sp04_archive_query_intent.sql (3.65ms)
2026/10/03 09:35:50 OK   00024_sp05_finding_incident.sql (13.43ms)
2026/10/03 09:35:50 OK   00025_sp05_incident_event_time.sql (4.14ms)
2026/10/03 09:35:50 OK   00026_sp05_source_binding_lock.sql (4.84ms)
2026/10/03 09:35:50 OK   00027_sp05_rca_and_poll.sql (13.15ms)
2026/10/03 09:35:50 OK   00028_sp05_operator_lock.sql (3.76ms)
2026/10/03 09:35:50 OK   00029_sp05_evidence_links.sql (6.51ms)
2026/10/03 09:35:50 OK   00030_sp05_recipe_fence.sql (4.16ms)
2026/10/03 09:35:50 OK   00031_sp05_rca_postcheck.sql (3.11ms)
2026/10/03 09:35:50 OK   00032_sp05_transport_audit.sql (3.92ms)
2026/10/03 09:35:50 OK   00033_sp05_poll_resolution_clock.sql (3.85ms)
2026/10/03 09:35:50 goose: successfully migrated database to version: 33
    archive_iam_test.go:41: owned TLS/IAM fixture image=docker.io/chrislusf/seaweedfs@sha256:d4cf67729aa8777e1a43a5b61d72e5b96179e4b7bac9a221cb14cbc2036cb32e id=361d81b5e168c8da28980da7a46c3f32aaf550db6615c98ebe19b1b9c77462f2 bucket=sp05-golden-4fa9030b tenants=1
    sp05_golden_vertical_test.go:285: frozen replay changed semantic IDs/revisions/roots/impact: first={"finding": [["01a0ff67-4be5-72e6-b50c-a6ea5b8db3ad", "resolved", 2], ["01a0ff67-4ce7-71a1-a3d3-b0c8e8b65c8f", "firing", 1]], "evidence": ["a278d03d-35ca-5415-a629-5ded5f54a330", "a7832030-d380-5c97-b0fe-3a51b8e6e9b3", "bc2029b8-882d-59c6-a113-dbf11f4cadbb", "cd052bc1-9f8e-5d97-ae67-86ea54889e9a"], "incident": [["01a0ff67-4d68-78aa-b0a9-3ef97fe4ab2c", "open", 1]]} second={"finding": [["01a0ff67-4be5-72e6-b50c-a6ea5b8db3ad", "resolved", 2], ["01a0ff67-4ce7-71a1-a3d3-b0c8e8b65c8f", "firing", 1]], "evidence": ["a278d03d-35ca-5415-a629-5ded5f54a330", "a7832030-d380-5c97-b0fe-3a51b8e6e9b3", "bc2029b8-882d-59c6-a113-dbf11f4cadbb", "cd052bc1-9f8e-5d97-ae67-86ea54889e9a"], "incident": [["01a0ff67-4d68-78aa-b0a9-3ef97fe4ab2c", "open", 2]]}
=== RUN   TestSP05FrozenNonvirtualGoldenVerticalAndReplay/node-failure/degraded
2026/10/03 09:35:55 OK   00001_roles_and_schemas.sql (20.04ms)
2026/10/03 09:35:55 goose: successfully migrated database to version: 1
2026/10/03 09:35:55 OK   00002_platform_meta.sql (15.29ms)
2026/10/03 09:35:55 OK   00003_finding.sql (24.9ms)
2026/10/03 09:35:55 OK   00004_incident.sql (8.62ms)
2026/10/03 09:35:55 OK   00005_investigation.sql (9.12ms)
2026/10/03 09:35:55 OK   00006_action_command.sql (8.1ms)
2026/10/03 09:35:55 OK   00007_audit.sql (12.81ms)
2026/10/03 09:35:55 OK   00008_rls.sql (10.3ms)
2026/10/03 09:35:55 OK   00009_idempotency_ledger.sql (7.85ms)
2026/10/03 09:35:55 OK   00010_tenant_provisioning.sql (6.62ms)
2026/10/03 09:35:56 OK   00011_source_registration_history.sql (15.58ms)
2026/10/03 09:35:56 OK   00012_config_registry_lifecycle.sql (13.09ms)
2026/10/03 09:35:56 OK   00013_audit_signed_segments.sql (19.08ms)
2026/10/03 09:35:56 OK   00014_audit_segment_predecessors.sql (12.83ms)
2026/10/03 09:35:56 OK   00015_source_schema_scope.sql (3.81ms)
2026/10/03 09:35:56 OK   00016_cluster_registration_metadata.sql (3.19ms)
2026/10/03 09:35:56 OK   00017_source_data_scope.sql (2.88ms)
2026/10/03 09:35:56 OK   00018_sp04_resources_evidence.sql (9.82ms)
2026/10/03 09:35:56 OK   00019_sp04_archive_ciphertext_bytes.sql (5.3ms)
2026/10/03 09:35:56 OK   00020_sp04_request_ledger.sql (3.7ms)
2026/10/03 09:35:56 OK   00021_sp04_archive_protection.sql (2.5ms)
2026/10/03 09:35:56 OK   00022_sp04_legal_hold_dependencies.sql (2.15ms)
2026/10/03 09:35:56 OK   00023_sp04_archive_query_intent.sql (2.06ms)
2026/10/03 09:35:56 OK   00024_sp05_finding_incident.sql (11.19ms)
2026/10/03 09:35:56 OK   00025_sp05_incident_event_time.sql (2.44ms)
2026/10/03 09:35:56 OK   00026_sp05_source_binding_lock.sql (2.61ms)
2026/10/03 09:35:56 OK   00027_sp05_rca_and_poll.sql (5.22ms)
2026/10/03 09:35:56 OK   00028_sp05_operator_lock.sql (2.81ms)
2026/10/03 09:35:56 OK   00029_sp05_evidence_links.sql (4.53ms)
2026/10/03 09:35:56 OK   00030_sp05_recipe_fence.sql (2.85ms)
2026/10/03 09:35:56 OK   00031_sp05_rca_postcheck.sql (2.12ms)
2026/10/03 09:35:56 OK   00032_sp05_transport_audit.sql (2.34ms)
2026/10/03 09:35:56 OK   00033_sp05_poll_resolution_clock.sql (2.61ms)
2026/10/03 09:35:56 goose: successfully migrated database to version: 33
    archive_iam_test.go:41: owned TLS/IAM fixture image=docker.io/chrislusf/seaweedfs@sha256:d4cf67729aa8777e1a43a5b61d72e5b96179e4b7bac9a221cb14cbc2036cb32e id=785c5f6e326d3eb94a6370f3220cfdb29075fa9cc9e85b2389c7abeaee670519 bucket=sp05-golden-dcbfaf0d tenants=1
    sp05_golden_vertical_test.go:288: node-failure/degraded: fixed clock, admitted native adapters -> actual identity/Graph and unified ingestion -> PostgreSQL reducer -> signed published Recipe -> real immutable OpenBao/SeaweedFS Evidence -> append-only RCA and bounded Impact, twice replay; protocol Fixture, no physical BMC/Node failure claim
--- FAIL: TestSP05FrozenNonvirtualGoldenVerticalAndReplay (79.57s)
    --- PASS: TestSP05FrozenNonvirtualGoldenVerticalAndReplay/dimm-failure/valid (5.67s)
    --- PASS: TestSP05FrozenNonvirtualGoldenVerticalAndReplay/dimm-failure/missing (6.73s)
    --- FAIL: TestSP05FrozenNonvirtualGoldenVerticalAndReplay/dimm-failure/conflict (9.19s)
    --- PASS: TestSP05FrozenNonvirtualGoldenVerticalAndReplay/dimm-failure/degraded (8.91s)
    --- PASS: TestSP05FrozenNonvirtualGoldenVerticalAndReplay/pvc-csi-failure/valid (4.93s)
    --- PASS: TestSP05FrozenNonvirtualGoldenVerticalAndReplay/pvc-csi-failure/missing (5.69s)
    --- FAIL: TestSP05FrozenNonvirtualGoldenVerticalAndReplay/pvc-csi-failure/conflict (9.21s)
    --- PASS: TestSP05FrozenNonvirtualGoldenVerticalAndReplay/pvc-csi-failure/degraded (4.88s)
    --- PASS: TestSP05FrozenNonvirtualGoldenVerticalAndReplay/node-failure/valid (8.55s)
    --- PASS: TestSP05FrozenNonvirtualGoldenVerticalAndReplay/node-failure/missing (5.09s)
    --- FAIL: TestSP05FrozenNonvirtualGoldenVerticalAndReplay/node-failure/conflict (5.84s)
    --- PASS: TestSP05FrozenNonvirtualGoldenVerticalAndReplay/node-failure/degraded (4.87s)
FAIL
FAIL	ops-platform/test/integration	80.613s
FAIL
