=== RUN   TestSP05FrozenNonvirtualGoldenVerticalAndReplay
=== RUN   TestSP05FrozenNonvirtualGoldenVerticalAndReplay/dimm-failure/conflict
2026/10/03 09:41:26 OK   00001_roles_and_schemas.sql (20.39ms)
2026/10/03 09:41:26 goose: successfully migrated database to version: 1
2026/10/03 09:41:26 OK   00002_platform_meta.sql (12.46ms)
2026/10/03 09:41:26 OK   00003_finding.sql (5.93ms)
2026/10/03 09:41:26 OK   00004_incident.sql (4.47ms)
2026/10/03 09:41:26 OK   00005_investigation.sql (4.63ms)
2026/10/03 09:41:26 OK   00006_action_command.sql (4.21ms)
2026/10/03 09:41:26 OK   00007_audit.sql (6.99ms)
2026/10/03 09:41:26 OK   00008_rls.sql (7.22ms)
2026/10/03 09:41:26 OK   00009_idempotency_ledger.sql (5.67ms)
2026/10/03 09:41:26 OK   00010_tenant_provisioning.sql (4.1ms)
2026/10/03 09:41:26 OK   00011_source_registration_history.sql (5.45ms)
2026/10/03 09:41:26 OK   00012_config_registry_lifecycle.sql (7.44ms)
2026/10/03 09:41:26 OK   00013_audit_signed_segments.sql (9.11ms)
2026/10/03 09:41:26 OK   00014_audit_segment_predecessors.sql (4.9ms)
2026/10/03 09:41:26 OK   00015_source_schema_scope.sql (2.97ms)
2026/10/03 09:41:26 OK   00016_cluster_registration_metadata.sql (4.04ms)
2026/10/03 09:41:26 OK   00017_source_data_scope.sql (3.6ms)
2026/10/03 09:41:26 OK   00018_sp04_resources_evidence.sql (9.82ms)
2026/10/03 09:41:26 OK   00019_sp04_archive_ciphertext_bytes.sql (2.84ms)
2026/10/03 09:41:26 OK   00020_sp04_request_ledger.sql (3.91ms)
2026/10/03 09:41:26 OK   00021_sp04_archive_protection.sql (3.05ms)
2026/10/03 09:41:26 OK   00022_sp04_legal_hold_dependencies.sql (2.85ms)
2026/10/03 09:41:26 OK   00023_sp04_archive_query_intent.sql (2.84ms)
2026/10/03 09:41:26 OK   00024_sp05_finding_incident.sql (11.81ms)
2026/10/03 09:41:26 OK   00025_sp05_incident_event_time.sql (3.16ms)
2026/10/03 09:41:26 OK   00026_sp05_source_binding_lock.sql (3.34ms)
2026/10/03 09:41:26 OK   00027_sp05_rca_and_poll.sql (6.25ms)
2026/10/03 09:41:26 OK   00028_sp05_operator_lock.sql (4.08ms)
2026/10/03 09:41:26 OK   00029_sp05_evidence_links.sql (5.73ms)
2026/10/03 09:41:26 OK   00030_sp05_recipe_fence.sql (4.14ms)
2026/10/03 09:41:26 OK   00031_sp05_rca_postcheck.sql (3.77ms)
2026/10/03 09:41:26 OK   00032_sp05_transport_audit.sql (3.99ms)
2026/10/03 09:41:26 OK   00033_sp05_poll_resolution_clock.sql (4.2ms)
2026/10/03 09:41:26 goose: successfully migrated database to version: 33
    archive_iam_test.go:41: owned TLS/IAM fixture image=docker.io/chrislusf/seaweedfs@sha256:d4cf67729aa8777e1a43a5b61d72e5b96179e4b7bac9a221cb14cbc2036cb32e id=41a46e8df3b09627f9ac61bb5384191c1bc9f2de42e0f04cb63261a9c444529c bucket=sp05-golden-839be8b3 tenants=1
    sp05_golden_vertical_test.go:300: dimm-failure/conflict: fixed clock, admitted native adapters -> actual identity/Graph and unified ingestion -> PostgreSQL reducer -> signed published Recipe -> real immutable OpenBao/SeaweedFS Evidence -> append-only RCA and bounded Impact, twice replay; protocol Fixture, no physical BMC/Node failure claim
=== RUN   TestSP05FrozenNonvirtualGoldenVerticalAndReplay/pvc-csi-failure/conflict
2026/10/03 09:41:31 OK   00001_roles_and_schemas.sql (9.16ms)
2026/10/03 09:41:31 goose: successfully migrated database to version: 1
2026/10/03 09:41:31 OK   00002_platform_meta.sql (21.8ms)
2026/10/03 09:41:31 OK   00003_finding.sql (15.2ms)
2026/10/03 09:41:31 OK   00004_incident.sql (5.99ms)
2026/10/03 09:41:31 OK   00005_investigation.sql (5.48ms)
2026/10/03 09:41:31 OK   00006_action_command.sql (4.8ms)
2026/10/03 09:41:31 OK   00007_audit.sql (28.54ms)
2026/10/03 09:41:31 OK   00008_rls.sql (26.96ms)
2026/10/03 09:41:31 OK   00009_idempotency_ledger.sql (21.54ms)
2026/10/03 09:41:31 OK   00010_tenant_provisioning.sql (7.08ms)
2026/10/03 09:41:31 OK   00011_source_registration_history.sql (9.76ms)
2026/10/03 09:41:31 OK   00012_config_registry_lifecycle.sql (13.23ms)
2026/10/03 09:41:31 OK   00013_audit_signed_segments.sql (14.79ms)
2026/10/03 09:41:31 OK   00014_audit_segment_predecessors.sql (10.17ms)
2026/10/03 09:41:31 OK   00015_source_schema_scope.sql (5ms)
2026/10/03 09:41:31 OK   00016_cluster_registration_metadata.sql (3.98ms)
2026/10/03 09:41:31 OK   00017_source_data_scope.sql (4.15ms)
2026/10/03 09:41:31 OK   00018_sp04_resources_evidence.sql (11.06ms)
2026/10/03 09:41:31 OK   00019_sp04_archive_ciphertext_bytes.sql (2.56ms)
2026/10/03 09:41:31 OK   00020_sp04_request_ledger.sql (3.22ms)
2026/10/03 09:41:31 OK   00021_sp04_archive_protection.sql (2.43ms)
2026/10/03 09:41:31 OK   00022_sp04_legal_hold_dependencies.sql (2.56ms)
2026/10/03 09:41:31 OK   00023_sp04_archive_query_intent.sql (2.08ms)
2026/10/03 09:41:31 OK   00024_sp05_finding_incident.sql (11.61ms)
2026/10/03 09:41:31 OK   00025_sp05_incident_event_time.sql (2.32ms)
2026/10/03 09:41:31 OK   00026_sp05_source_binding_lock.sql (2.68ms)
2026/10/03 09:41:32 OK   00027_sp05_rca_and_poll.sql (5.04ms)
2026/10/03 09:41:32 OK   00028_sp05_operator_lock.sql (2.56ms)
2026/10/03 09:41:32 OK   00029_sp05_evidence_links.sql (3.72ms)
2026/10/03 09:41:32 OK   00030_sp05_recipe_fence.sql (2.36ms)
2026/10/03 09:41:32 OK   00031_sp05_rca_postcheck.sql (2.12ms)
2026/10/03 09:41:32 OK   00032_sp05_transport_audit.sql (2.2ms)
2026/10/03 09:41:32 OK   00033_sp05_poll_resolution_clock.sql (2.4ms)
2026/10/03 09:41:32 goose: successfully migrated database to version: 33
    archive_iam_test.go:41: owned TLS/IAM fixture image=docker.io/chrislusf/seaweedfs@sha256:d4cf67729aa8777e1a43a5b61d72e5b96179e4b7bac9a221cb14cbc2036cb32e id=da99b2f98db1b7512db588a80889f04378b5bf4f7817d76de527be5eeb49ac69 bucket=sp05-golden-8002cece tenants=1
    sp05_golden_vertical_test.go:300: pvc-csi-failure/conflict: fixed clock, admitted native adapters -> actual identity/Graph and unified ingestion -> PostgreSQL reducer -> signed published Recipe -> real immutable OpenBao/SeaweedFS Evidence -> append-only RCA and bounded Impact, twice replay; protocol Fixture, no physical BMC/Node failure claim
=== RUN   TestSP05FrozenNonvirtualGoldenVerticalAndReplay/node-failure/conflict
2026/10/03 09:41:38 OK   00001_roles_and_schemas.sql (12.14ms)
2026/10/03 09:41:38 goose: successfully migrated database to version: 1
2026/10/03 09:41:38 OK   00002_platform_meta.sql (21.85ms)
2026/10/03 09:41:38 OK   00003_finding.sql (13.12ms)
2026/10/03 09:41:38 OK   00004_incident.sql (9.9ms)
2026/10/03 09:41:38 OK   00005_investigation.sql (9.73ms)
2026/10/03 09:41:38 OK   00006_action_command.sql (12.91ms)
2026/10/03 09:41:38 OK   00007_audit.sql (18.03ms)
2026/10/03 09:41:38 OK   00008_rls.sql (11.61ms)
2026/10/03 09:41:38 OK   00009_idempotency_ledger.sql (20.39ms)
2026/10/03 09:41:38 OK   00010_tenant_provisioning.sql (9.12ms)
2026/10/03 09:41:38 OK   00011_source_registration_history.sql (12.58ms)
2026/10/03 09:41:38 OK   00012_config_registry_lifecycle.sql (14.83ms)
2026/10/03 09:41:38 OK   00013_audit_signed_segments.sql (14.45ms)
2026/10/03 09:41:38 OK   00014_audit_segment_predecessors.sql (11.3ms)
2026/10/03 09:41:38 OK   00015_source_schema_scope.sql (3.76ms)
2026/10/03 09:41:38 OK   00016_cluster_registration_metadata.sql (3.25ms)
2026/10/03 09:41:38 OK   00017_source_data_scope.sql (2.77ms)
2026/10/03 09:41:38 OK   00018_sp04_resources_evidence.sql (10.52ms)
2026/10/03 09:41:38 OK   00019_sp04_archive_ciphertext_bytes.sql (2.65ms)
2026/10/03 09:41:38 OK   00020_sp04_request_ledger.sql (3.63ms)
2026/10/03 09:41:38 OK   00021_sp04_archive_protection.sql (2.64ms)
2026/10/03 09:41:38 OK   00022_sp04_legal_hold_dependencies.sql (2.03ms)
2026/10/03 09:41:38 OK   00023_sp04_archive_query_intent.sql (2.02ms)
2026/10/03 09:41:38 OK   00024_sp05_finding_incident.sql (10.16ms)
2026/10/03 09:41:38 OK   00025_sp05_incident_event_time.sql (2.18ms)
2026/10/03 09:41:38 OK   00026_sp05_source_binding_lock.sql (2.46ms)
2026/10/03 09:41:38 OK   00027_sp05_rca_and_poll.sql (5.02ms)
2026/10/03 09:41:38 OK   00028_sp05_operator_lock.sql (2.56ms)
2026/10/03 09:41:38 OK   00029_sp05_evidence_links.sql (4.07ms)
2026/10/03 09:41:38 OK   00030_sp05_recipe_fence.sql (2.4ms)
2026/10/03 09:41:38 OK   00031_sp05_rca_postcheck.sql (2.11ms)
2026/10/03 09:41:38 OK   00032_sp05_transport_audit.sql (2.23ms)
2026/10/03 09:41:38 OK   00033_sp05_poll_resolution_clock.sql (2.5ms)
2026/10/03 09:41:38 goose: successfully migrated database to version: 33
    archive_iam_test.go:41: owned TLS/IAM fixture image=docker.io/chrislusf/seaweedfs@sha256:d4cf67729aa8777e1a43a5b61d72e5b96179e4b7bac9a221cb14cbc2036cb32e id=27c806fe26a26cc890020c2dcece9b57bb757c48a11803b2eb63b5cb10b7e0f0 bucket=sp05-golden-6fbec401 tenants=1
    sp05_golden_vertical_test.go:300: node-failure/conflict: fixed clock, admitted native adapters -> actual identity/Graph and unified ingestion -> PostgreSQL reducer -> signed published Recipe -> real immutable OpenBao/SeaweedFS Evidence -> append-only RCA and bounded Impact, twice replay; protocol Fixture, no physical BMC/Node failure claim
--- PASS: TestSP05FrozenNonvirtualGoldenVerticalAndReplay (20.51s)
    --- PASS: TestSP05FrozenNonvirtualGoldenVerticalAndReplay/dimm-failure/conflict (5.75s)
    --- PASS: TestSP05FrozenNonvirtualGoldenVerticalAndReplay/pvc-csi-failure/conflict (6.48s)
    --- PASS: TestSP05FrozenNonvirtualGoldenVerticalAndReplay/node-failure/conflict (8.27s)
PASS
ok  	ops-platform/test/integration	21.500s
