=== RUN   TestSP05FrozenNonvirtualGoldenVerticalAndReplay
=== RUN   TestSP05FrozenNonvirtualGoldenVerticalAndReplay/dimm-failure/valid
2026/10/03 08:12:59 OK   00001_roles_and_schemas.sql (10.62ms)
2026/10/03 08:12:59 goose: successfully migrated database to version: 1
2026/10/03 08:13:00 OK   00002_platform_meta.sql (15.43ms)
2026/10/03 08:13:00 OK   00003_finding.sql (5.72ms)
2026/10/03 08:13:00 OK   00004_incident.sql (4.42ms)
2026/10/03 08:13:00 OK   00005_investigation.sql (5.37ms)
2026/10/03 08:13:00 OK   00006_action_command.sql (5.03ms)
2026/10/03 08:13:00 OK   00007_audit.sql (7.47ms)
2026/10/03 08:13:00 OK   00008_rls.sql (6.97ms)
2026/10/03 08:13:00 OK   00009_idempotency_ledger.sql (5.64ms)
2026/10/03 08:13:00 OK   00010_tenant_provisioning.sql (4.11ms)
2026/10/03 08:13:00 OK   00011_source_registration_history.sql (4.4ms)
2026/10/03 08:13:00 OK   00012_config_registry_lifecycle.sql (7.06ms)
2026/10/03 08:13:00 OK   00013_audit_signed_segments.sql (8.46ms)
2026/10/03 08:13:00 OK   00014_audit_segment_predecessors.sql (4.95ms)
2026/10/03 08:13:00 OK   00015_source_schema_scope.sql (3.42ms)
2026/10/03 08:13:00 OK   00016_cluster_registration_metadata.sql (4.09ms)
2026/10/03 08:13:00 OK   00017_source_data_scope.sql (3.69ms)
2026/10/03 08:13:00 OK   00018_sp04_resources_evidence.sql (9.3ms)
2026/10/03 08:13:00 OK   00019_sp04_archive_ciphertext_bytes.sql (1.98ms)
2026/10/03 08:13:00 OK   00020_sp04_request_ledger.sql (2.95ms)
2026/10/03 08:13:00 OK   00021_sp04_archive_protection.sql (2.09ms)
2026/10/03 08:13:00 OK   00022_sp04_legal_hold_dependencies.sql (1.9ms)
2026/10/03 08:13:00 OK   00023_sp04_archive_query_intent.sql (2.08ms)
2026/10/03 08:13:00 OK   00024_sp05_finding_incident.sql (11.6ms)
2026/10/03 08:13:00 OK   00025_sp05_incident_event_time.sql (2.2ms)
2026/10/03 08:13:00 OK   00026_sp05_source_binding_lock.sql (2.65ms)
2026/10/03 08:13:00 OK   00027_sp05_rca_and_poll.sql (5.12ms)
2026/10/03 08:13:00 OK   00028_sp05_operator_lock.sql (2.36ms)
2026/10/03 08:13:00 OK   00029_sp05_evidence_links.sql (3.68ms)
2026/10/03 08:13:00 OK   00030_sp05_recipe_fence.sql (2.43ms)
2026/10/03 08:13:00 OK   00031_sp05_rca_postcheck.sql (2.39ms)
2026/10/03 08:13:00 OK   00032_sp05_transport_audit.sql (2.32ms)
2026/10/03 08:13:00 OK   00033_sp05_poll_resolution_clock.sql (2.53ms)
2026/10/03 08:13:00 goose: successfully migrated database to version: 33
    archive_iam_test.go:41: owned TLS/IAM fixture image=docker.io/chrislusf/seaweedfs@sha256:d4cf67729aa8777e1a43a5b61d72e5b96179e4b7bac9a221cb14cbc2036cb32e id=8f862c1c460e8854087426cefbbecb0b7d1013318e853b4b69990af91e922c3a bucket=sp05-golden-155ae8f8 tenants=1
    sp05_golden_vertical_test.go:159: invalid canonical resource identity
=== RUN   TestSP05FrozenNonvirtualGoldenVerticalAndReplay/dimm-failure/missing
2026/10/03 08:13:05 OK   00001_roles_and_schemas.sql (7.61ms)
2026/10/03 08:13:05 goose: successfully migrated database to version: 1
2026/10/03 08:13:05 OK   00002_platform_meta.sql (19.66ms)
2026/10/03 08:13:05 OK   00003_finding.sql (5.98ms)
2026/10/03 08:13:05 OK   00004_incident.sql (4.62ms)
2026/10/03 08:13:05 OK   00005_investigation.sql (5.25ms)
2026/10/03 08:13:05 OK   00006_action_command.sql (4.8ms)
2026/10/03 08:13:05 OK   00007_audit.sql (7.93ms)
2026/10/03 08:13:05 OK   00008_rls.sql (8.14ms)
2026/10/03 08:13:05 OK   00009_idempotency_ledger.sql (6.11ms)
2026/10/03 08:13:05 OK   00010_tenant_provisioning.sql (7.86ms)
2026/10/03 08:13:05 OK   00011_source_registration_history.sql (17.5ms)
2026/10/03 08:13:05 OK   00012_config_registry_lifecycle.sql (8.72ms)
2026/10/03 08:13:05 OK   00013_audit_signed_segments.sql (9.44ms)
2026/10/03 08:13:05 OK   00014_audit_segment_predecessors.sql (4.72ms)
2026/10/03 08:13:05 OK   00015_source_schema_scope.sql (2.96ms)
2026/10/03 08:13:05 OK   00016_cluster_registration_metadata.sql (4.18ms)
2026/10/03 08:13:05 OK   00017_source_data_scope.sql (3.37ms)
2026/10/03 08:13:05 OK   00018_sp04_resources_evidence.sql (10.75ms)
2026/10/03 08:13:05 OK   00019_sp04_archive_ciphertext_bytes.sql (3.61ms)
2026/10/03 08:13:05 OK   00020_sp04_request_ledger.sql (4.5ms)
2026/10/03 08:13:05 OK   00021_sp04_archive_protection.sql (3.73ms)
2026/10/03 08:13:05 OK   00022_sp04_legal_hold_dependencies.sql (3.69ms)
2026/10/03 08:13:05 OK   00023_sp04_archive_query_intent.sql (3.52ms)
2026/10/03 08:13:05 OK   00024_sp05_finding_incident.sql (12.23ms)
2026/10/03 08:13:05 OK   00025_sp05_incident_event_time.sql (3.67ms)
2026/10/03 08:13:05 OK   00026_sp05_source_binding_lock.sql (4.01ms)
2026/10/03 08:13:05 OK   00027_sp05_rca_and_poll.sql (6.61ms)
2026/10/03 08:13:05 OK   00028_sp05_operator_lock.sql (4.38ms)
2026/10/03 08:13:05 OK   00029_sp05_evidence_links.sql (6ms)
2026/10/03 08:13:05 OK   00030_sp05_recipe_fence.sql (2.19ms)
2026/10/03 08:13:05 OK   00031_sp05_rca_postcheck.sql (2.91ms)
2026/10/03 08:13:05 OK   00032_sp05_transport_audit.sql (3.91ms)
2026/10/03 08:13:05 OK   00033_sp05_poll_resolution_clock.sql (3.18ms)
2026/10/03 08:13:05 goose: successfully migrated database to version: 33
    archive_iam_test.go:41: owned TLS/IAM fixture image=docker.io/chrislusf/seaweedfs@sha256:d4cf67729aa8777e1a43a5b61d72e5b96179e4b7bac9a221cb14cbc2036cb32e id=65284a3832908162a1bd8344d202e0b1c40e27639f47c3c86836dada47027a39 bucket=sp05-golden-94fb23d2 tenants=1
    sp05_golden_vertical_test.go:159: invalid canonical resource identity
=== RUN   TestSP05FrozenNonvirtualGoldenVerticalAndReplay/dimm-failure/conflict
2026/10/03 08:13:09 OK   00001_roles_and_schemas.sql (9.41ms)
2026/10/03 08:13:09 goose: successfully migrated database to version: 1
2026/10/03 08:13:09 OK   00002_platform_meta.sql (13.24ms)
2026/10/03 08:13:09 OK   00003_finding.sql (6.18ms)
2026/10/03 08:13:09 OK   00004_incident.sql (4.66ms)
2026/10/03 08:13:09 OK   00005_investigation.sql (4.59ms)
2026/10/03 08:13:09 OK   00006_action_command.sql (5.01ms)
2026/10/03 08:13:09 OK   00007_audit.sql (8.4ms)
2026/10/03 08:13:09 OK   00008_rls.sql (7.68ms)
2026/10/03 08:13:09 OK   00009_idempotency_ledger.sql (6ms)
2026/10/03 08:13:09 OK   00010_tenant_provisioning.sql (4.83ms)
2026/10/03 08:13:09 OK   00011_source_registration_history.sql (5.95ms)
2026/10/03 08:13:09 OK   00012_config_registry_lifecycle.sql (8.05ms)
2026/10/03 08:13:10 OK   00013_audit_signed_segments.sql (9.56ms)
2026/10/03 08:13:10 OK   00014_audit_segment_predecessors.sql (5.09ms)
2026/10/03 08:13:10 OK   00015_source_schema_scope.sql (2.79ms)
2026/10/03 08:13:10 OK   00016_cluster_registration_metadata.sql (3.26ms)
2026/10/03 08:13:10 OK   00017_source_data_scope.sql (3.42ms)
2026/10/03 08:13:10 OK   00018_sp04_resources_evidence.sql (9.48ms)
2026/10/03 08:13:10 OK   00019_sp04_archive_ciphertext_bytes.sql (2.31ms)
2026/10/03 08:13:10 OK   00020_sp04_request_ledger.sql (4.44ms)
2026/10/03 08:13:10 OK   00021_sp04_archive_protection.sql (3.68ms)
2026/10/03 08:13:10 OK   00022_sp04_legal_hold_dependencies.sql (3.57ms)
2026/10/03 08:13:10 OK   00023_sp04_archive_query_intent.sql (3.44ms)
2026/10/03 08:13:10 OK   00024_sp05_finding_incident.sql (12.72ms)
2026/10/03 08:13:10 OK   00025_sp05_incident_event_time.sql (3.49ms)
2026/10/03 08:13:10 OK   00026_sp05_source_binding_lock.sql (3.95ms)
2026/10/03 08:13:10 OK   00027_sp05_rca_and_poll.sql (6.8ms)
2026/10/03 08:13:10 OK   00028_sp05_operator_lock.sql (4.12ms)
2026/10/03 08:13:10 OK   00029_sp05_evidence_links.sql (5.52ms)
2026/10/03 08:13:10 OK   00030_sp05_recipe_fence.sql (4.05ms)
2026/10/03 08:13:10 OK   00031_sp05_rca_postcheck.sql (2.98ms)
2026/10/03 08:13:10 OK   00032_sp05_transport_audit.sql (2.83ms)
2026/10/03 08:13:10 OK   00033_sp05_poll_resolution_clock.sql (3.63ms)
2026/10/03 08:13:10 goose: successfully migrated database to version: 33
    archive_iam_test.go:41: owned TLS/IAM fixture image=docker.io/chrislusf/seaweedfs@sha256:d4cf67729aa8777e1a43a5b61d72e5b96179e4b7bac9a221cb14cbc2036cb32e id=677c13ed99306eb05988aa00883e1c0d8381a16fef6ca15a2f5dc02972307409 bucket=sp05-golden-e4418984 tenants=1
    sp05_golden_vertical_test.go:159: invalid canonical resource identity
=== RUN   TestSP05FrozenNonvirtualGoldenVerticalAndReplay/dimm-failure/degraded
2026/10/03 08:13:15 OK   00001_roles_and_schemas.sql (9.18ms)
2026/10/03 08:13:15 goose: successfully migrated database to version: 1
2026/10/03 08:13:15 OK   00002_platform_meta.sql (27.63ms)
2026/10/03 08:13:15 OK   00003_finding.sql (15.7ms)
2026/10/03 08:13:15 OK   00004_incident.sql (18.34ms)
2026/10/03 08:13:15 OK   00005_investigation.sql (17.04ms)
2026/10/03 08:13:15 OK   00006_action_command.sql (9.41ms)
2026/10/03 08:13:15 OK   00007_audit.sql (17.58ms)
2026/10/03 08:13:15 OK   00008_rls.sql (15.37ms)
2026/10/03 08:13:15 OK   00009_idempotency_ledger.sql (8.45ms)
2026/10/03 08:13:15 OK   00010_tenant_provisioning.sql (24.93ms)
2026/10/03 08:13:15 OK   00011_source_registration_history.sql (10.84ms)
2026/10/03 08:13:15 OK   00012_config_registry_lifecycle.sql (11.92ms)
2026/10/03 08:13:15 OK   00013_audit_signed_segments.sql (20.4ms)
2026/10/03 08:13:15 OK   00014_audit_segment_predecessors.sql (12.11ms)
2026/10/03 08:13:15 OK   00015_source_schema_scope.sql (4.38ms)
2026/10/03 08:13:15 OK   00016_cluster_registration_metadata.sql (4.68ms)
2026/10/03 08:13:15 OK   00017_source_data_scope.sql (6.8ms)
2026/10/03 08:13:15 OK   00018_sp04_resources_evidence.sql (15.77ms)
2026/10/03 08:13:15 OK   00019_sp04_archive_ciphertext_bytes.sql (6.13ms)
2026/10/03 08:13:15 OK   00020_sp04_request_ledger.sql (4.39ms)
2026/10/03 08:13:15 OK   00021_sp04_archive_protection.sql (2.5ms)
2026/10/03 08:13:15 OK   00022_sp04_legal_hold_dependencies.sql (2.29ms)
2026/10/03 08:13:15 OK   00023_sp04_archive_query_intent.sql (2.41ms)
2026/10/03 08:13:15 OK   00024_sp05_finding_incident.sql (11.64ms)
2026/10/03 08:13:15 OK   00025_sp05_incident_event_time.sql (2.68ms)
2026/10/03 08:13:15 OK   00026_sp05_source_binding_lock.sql (2.87ms)
2026/10/03 08:13:15 OK   00027_sp05_rca_and_poll.sql (7.38ms)
2026/10/03 08:13:15 OK   00028_sp05_operator_lock.sql (3.58ms)
2026/10/03 08:13:15 OK   00029_sp05_evidence_links.sql (5.44ms)
2026/10/03 08:13:15 OK   00030_sp05_recipe_fence.sql (3.23ms)
2026/10/03 08:13:15 OK   00031_sp05_rca_postcheck.sql (2.04ms)
2026/10/03 08:13:15 OK   00032_sp05_transport_audit.sql (2.25ms)
2026/10/03 08:13:15 OK   00033_sp05_poll_resolution_clock.sql (2.48ms)
2026/10/03 08:13:15 goose: successfully migrated database to version: 33
    archive_iam_test.go:41: owned TLS/IAM fixture image=docker.io/chrislusf/seaweedfs@sha256:d4cf67729aa8777e1a43a5b61d72e5b96179e4b7bac9a221cb14cbc2036cb32e id=dacbe0b5852dd698e8ae79c1887e538473509013b91915aa0b4b4b6a624f98cf bucket=sp05-golden-218cc53f tenants=1
    sp05_golden_vertical_test.go:159: invalid canonical resource identity
=== RUN   TestSP05FrozenNonvirtualGoldenVerticalAndReplay/pvc-csi-failure/valid
2026/10/03 08:13:21 OK   00001_roles_and_schemas.sql (16.36ms)
2026/10/03 08:13:21 goose: successfully migrated database to version: 1
2026/10/03 08:13:22 OK   00002_platform_meta.sql (19.02ms)
2026/10/03 08:13:22 OK   00003_finding.sql (8.71ms)
2026/10/03 08:13:22 OK   00004_incident.sql (7.49ms)
2026/10/03 08:13:22 OK   00005_investigation.sql (7.6ms)
2026/10/03 08:13:22 OK   00006_action_command.sql (7.07ms)
2026/10/03 08:13:22 OK   00007_audit.sql (10.94ms)
2026/10/03 08:13:22 OK   00008_rls.sql (10.64ms)
2026/10/03 08:13:22 OK   00009_idempotency_ledger.sql (8.12ms)
2026/10/03 08:13:22 OK   00010_tenant_provisioning.sql (5.66ms)
2026/10/03 08:13:22 OK   00011_source_registration_history.sql (6.4ms)
2026/10/03 08:13:22 OK   00012_config_registry_lifecycle.sql (7.17ms)
2026/10/03 08:13:22 OK   00013_audit_signed_segments.sql (8.77ms)
2026/10/03 08:13:22 OK   00014_audit_segment_predecessors.sql (4.36ms)
2026/10/03 08:13:22 OK   00015_source_schema_scope.sql (2.62ms)
2026/10/03 08:13:22 OK   00016_cluster_registration_metadata.sql (3.08ms)
2026/10/03 08:13:22 OK   00017_source_data_scope.sql (2.58ms)
2026/10/03 08:13:22 OK   00018_sp04_resources_evidence.sql (9.13ms)
2026/10/03 08:13:22 OK   00019_sp04_archive_ciphertext_bytes.sql (2.34ms)
2026/10/03 08:13:22 OK   00020_sp04_request_ledger.sql (3.27ms)
2026/10/03 08:13:22 OK   00021_sp04_archive_protection.sql (2.49ms)
2026/10/03 08:13:22 OK   00022_sp04_legal_hold_dependencies.sql (2.3ms)
2026/10/03 08:13:22 OK   00023_sp04_archive_query_intent.sql (2.23ms)
2026/10/03 08:13:22 OK   00024_sp05_finding_incident.sql (10.73ms)
2026/10/03 08:13:22 OK   00025_sp05_incident_event_time.sql (2.32ms)
2026/10/03 08:13:22 OK   00026_sp05_source_binding_lock.sql (2.54ms)
2026/10/03 08:13:22 OK   00027_sp05_rca_and_poll.sql (5.11ms)
2026/10/03 08:13:22 OK   00028_sp05_operator_lock.sql (2.7ms)
2026/10/03 08:13:22 OK   00029_sp05_evidence_links.sql (3.97ms)
2026/10/03 08:13:22 OK   00030_sp05_recipe_fence.sql (2.49ms)
2026/10/03 08:13:22 OK   00031_sp05_rca_postcheck.sql (2.11ms)
2026/10/03 08:13:22 OK   00032_sp05_transport_audit.sql (2.25ms)
2026/10/03 08:13:22 OK   00033_sp05_poll_resolution_clock.sql (2.6ms)
2026/10/03 08:13:22 goose: successfully migrated database to version: 33
    archive_iam_test.go:41: owned TLS/IAM fixture image=docker.io/chrislusf/seaweedfs@sha256:d4cf67729aa8777e1a43a5b61d72e5b96179e4b7bac9a221cb14cbc2036cb32e id=7c69411485789963c32c8cfa97f72f93adc0365f715970c5518b424087609811 bucket=sp05-golden-48613d33 tenants=1
    sp05_golden_vertical_test.go:225: RECIPE_UNAVAILABLE
        RECIPE_UNAVAILABLE
=== RUN   TestSP05FrozenNonvirtualGoldenVerticalAndReplay/pvc-csi-failure/missing
2026/10/03 08:13:26 OK   00001_roles_and_schemas.sql (17.07ms)
2026/10/03 08:13:26 goose: successfully migrated database to version: 1
2026/10/03 08:13:26 OK   00002_platform_meta.sql (14.53ms)
2026/10/03 08:13:26 OK   00003_finding.sql (7.44ms)
2026/10/03 08:13:26 OK   00004_incident.sql (4.83ms)
2026/10/03 08:13:26 OK   00005_investigation.sql (5.17ms)
2026/10/03 08:13:26 OK   00006_action_command.sql (4.23ms)
2026/10/03 08:13:26 OK   00007_audit.sql (6.61ms)
2026/10/03 08:13:26 OK   00008_rls.sql (6.41ms)
2026/10/03 08:13:26 OK   00009_idempotency_ledger.sql (5ms)
2026/10/03 08:13:26 OK   00010_tenant_provisioning.sql (3.41ms)
2026/10/03 08:13:26 OK   00011_source_registration_history.sql (6.2ms)
2026/10/03 08:13:26 OK   00012_config_registry_lifecycle.sql (6.2ms)
2026/10/03 08:13:26 OK   00013_audit_signed_segments.sql (8.77ms)
2026/10/03 08:13:26 OK   00014_audit_segment_predecessors.sql (4.19ms)
2026/10/03 08:13:26 OK   00015_source_schema_scope.sql (2.42ms)
2026/10/03 08:13:26 OK   00016_cluster_registration_metadata.sql (3.05ms)
2026/10/03 08:13:26 OK   00017_source_data_scope.sql (2.79ms)
2026/10/03 08:13:26 OK   00018_sp04_resources_evidence.sql (8.98ms)
2026/10/03 08:13:26 OK   00019_sp04_archive_ciphertext_bytes.sql (2.35ms)
2026/10/03 08:13:26 OK   00020_sp04_request_ledger.sql (3.32ms)
2026/10/03 08:13:26 OK   00021_sp04_archive_protection.sql (2.53ms)
2026/10/03 08:13:26 OK   00022_sp04_legal_hold_dependencies.sql (2.28ms)
2026/10/03 08:13:26 OK   00023_sp04_archive_query_intent.sql (2.15ms)
2026/10/03 08:13:26 OK   00024_sp05_finding_incident.sql (10.81ms)
2026/10/03 08:13:26 OK   00025_sp05_incident_event_time.sql (2.75ms)
2026/10/03 08:13:26 OK   00026_sp05_source_binding_lock.sql (2.54ms)
2026/10/03 08:13:26 OK   00027_sp05_rca_and_poll.sql (5.04ms)
2026/10/03 08:13:26 OK   00028_sp05_operator_lock.sql (2.51ms)
2026/10/03 08:13:26 OK   00029_sp05_evidence_links.sql (4.12ms)
2026/10/03 08:13:26 OK   00030_sp05_recipe_fence.sql (2.49ms)
2026/10/03 08:13:26 OK   00031_sp05_rca_postcheck.sql (2.15ms)
2026/10/03 08:13:26 OK   00032_sp05_transport_audit.sql (2.3ms)
2026/10/03 08:13:26 OK   00033_sp05_poll_resolution_clock.sql (2.5ms)
2026/10/03 08:13:26 goose: successfully migrated database to version: 33
    archive_iam_test.go:41: owned TLS/IAM fixture image=docker.io/chrislusf/seaweedfs@sha256:d4cf67729aa8777e1a43a5b61d72e5b96179e4b7bac9a221cb14cbc2036cb32e id=bfb166a3cc40b26c2d9e5e7f649f7ae0c79e2db109c086ea746208a5c37e1496 bucket=sp05-golden-1777f6ac tenants=1
    sp05_golden_vertical_test.go:225: RECIPE_UNAVAILABLE
=== RUN   TestSP05FrozenNonvirtualGoldenVerticalAndReplay/pvc-csi-failure/conflict
2026/10/03 08:13:35 OK   00001_roles_and_schemas.sql (14.64ms)
2026/10/03 08:13:35 goose: successfully migrated database to version: 1
2026/10/03 08:13:35 OK   00002_platform_meta.sql (16.04ms)
2026/10/03 08:13:35 OK   00003_finding.sql (8.3ms)
2026/10/03 08:13:35 OK   00004_incident.sql (4.63ms)
2026/10/03 08:13:35 OK   00005_investigation.sql (5.1ms)
2026/10/03 08:13:35 OK   00006_action_command.sql (4.82ms)
2026/10/03 08:13:35 OK   00007_audit.sql (9.56ms)
2026/10/03 08:13:35 OK   00008_rls.sql (8.31ms)
2026/10/03 08:13:35 OK   00009_idempotency_ledger.sql (5.7ms)
2026/10/03 08:13:35 OK   00010_tenant_provisioning.sql (3.02ms)
2026/10/03 08:13:35 OK   00011_source_registration_history.sql (4.4ms)
2026/10/03 08:13:35 OK   00012_config_registry_lifecycle.sql (6.17ms)
2026/10/03 08:13:35 OK   00013_audit_signed_segments.sql (8.08ms)
2026/10/03 08:13:35 OK   00014_audit_segment_predecessors.sql (4.01ms)
2026/10/03 08:13:35 OK   00015_source_schema_scope.sql (2.24ms)
2026/10/03 08:13:35 OK   00016_cluster_registration_metadata.sql (3.04ms)
2026/10/03 08:13:35 OK   00017_source_data_scope.sql (2.71ms)
2026/10/03 08:13:35 OK   00018_sp04_resources_evidence.sql (9.01ms)
2026/10/03 08:13:35 OK   00019_sp04_archive_ciphertext_bytes.sql (2.4ms)
2026/10/03 08:13:35 OK   00020_sp04_request_ledger.sql (3.25ms)
2026/10/03 08:13:35 OK   00021_sp04_archive_protection.sql (2.44ms)
2026/10/03 08:13:35 OK   00022_sp04_legal_hold_dependencies.sql (2.18ms)
2026/10/03 08:13:35 OK   00023_sp04_archive_query_intent.sql (2.19ms)
2026/10/03 08:13:35 OK   00024_sp05_finding_incident.sql (10.44ms)
2026/10/03 08:13:35 OK   00025_sp05_incident_event_time.sql (2.33ms)
2026/10/03 08:13:35 OK   00026_sp05_source_binding_lock.sql (2.49ms)
2026/10/03 08:13:35 OK   00027_sp05_rca_and_poll.sql (4.76ms)
2026/10/03 08:13:35 OK   00028_sp05_operator_lock.sql (2.2ms)
2026/10/03 08:13:35 OK   00029_sp05_evidence_links.sql (3.57ms)
2026/10/03 08:13:35 OK   00030_sp05_recipe_fence.sql (2.21ms)
2026/10/03 08:13:35 OK   00031_sp05_rca_postcheck.sql (1.87ms)
2026/10/03 08:13:35 OK   00032_sp05_transport_audit.sql (1.95ms)
2026/10/03 08:13:35 OK   00033_sp05_poll_resolution_clock.sql (2.24ms)
2026/10/03 08:13:35 goose: successfully migrated database to version: 33
    archive_iam_test.go:41: owned TLS/IAM fixture image=docker.io/chrislusf/seaweedfs@sha256:d4cf67729aa8777e1a43a5b61d72e5b96179e4b7bac9a221cb14cbc2036cb32e id=bb737ed769528e968585ad077c4b7658ec5f36b4b697475376cef738057b9698 bucket=sp05-golden-14378fe7 tenants=1
    sp05_golden_vertical_test.go:225: RECIPE_UNAVAILABLE
=== RUN   TestSP05FrozenNonvirtualGoldenVerticalAndReplay/pvc-csi-failure/degraded
2026/10/03 08:13:41 OK   00001_roles_and_schemas.sql (14.67ms)
2026/10/03 08:13:41 goose: successfully migrated database to version: 1
2026/10/03 08:13:41 OK   00002_platform_meta.sql (31.01ms)
2026/10/03 08:13:41 OK   00003_finding.sql (18.07ms)
2026/10/03 08:13:41 OK   00004_incident.sql (12.86ms)
2026/10/03 08:13:41 OK   00005_investigation.sql (9.76ms)
2026/10/03 08:13:41 OK   00006_action_command.sql (8.77ms)
2026/10/03 08:13:41 OK   00007_audit.sql (14.37ms)
2026/10/03 08:13:41 OK   00008_rls.sql (16.13ms)
2026/10/03 08:13:41 OK   00009_idempotency_ledger.sql (12.34ms)
2026/10/03 08:13:41 OK   00010_tenant_provisioning.sql (15.88ms)
2026/10/03 08:13:41 OK   00011_source_registration_history.sql (8.52ms)
2026/10/03 08:13:41 OK   00012_config_registry_lifecycle.sql (8.35ms)
2026/10/03 08:13:41 OK   00013_audit_signed_segments.sql (10.52ms)
2026/10/03 08:13:41 OK   00014_audit_segment_predecessors.sql (4.68ms)
2026/10/03 08:13:41 OK   00015_source_schema_scope.sql (2.5ms)
2026/10/03 08:13:41 OK   00016_cluster_registration_metadata.sql (3.39ms)
2026/10/03 08:13:41 OK   00017_source_data_scope.sql (2.91ms)
2026/10/03 08:13:41 OK   00018_sp04_resources_evidence.sql (10.1ms)
2026/10/03 08:13:41 OK   00019_sp04_archive_ciphertext_bytes.sql (2.68ms)
2026/10/03 08:13:41 OK   00020_sp04_request_ledger.sql (3.63ms)
2026/10/03 08:13:41 OK   00021_sp04_archive_protection.sql (2.36ms)
2026/10/03 08:13:41 OK   00022_sp04_legal_hold_dependencies.sql (2.44ms)
2026/10/03 08:13:41 OK   00023_sp04_archive_query_intent.sql (2.38ms)
2026/10/03 08:13:41 OK   00024_sp05_finding_incident.sql (16.13ms)
2026/10/03 08:13:41 OK   00025_sp05_incident_event_time.sql (3.42ms)
2026/10/03 08:13:41 OK   00026_sp05_source_binding_lock.sql (3.61ms)
2026/10/03 08:13:41 OK   00027_sp05_rca_and_poll.sql (6.06ms)
2026/10/03 08:13:41 OK   00028_sp05_operator_lock.sql (2.87ms)
2026/10/03 08:13:41 OK   00029_sp05_evidence_links.sql (11.21ms)
2026/10/03 08:13:41 OK   00030_sp05_recipe_fence.sql (3.86ms)
2026/10/03 08:13:41 OK   00031_sp05_rca_postcheck.sql (2.99ms)
2026/10/03 08:13:41 OK   00032_sp05_transport_audit.sql (3.51ms)
2026/10/03 08:13:41 OK   00033_sp05_poll_resolution_clock.sql (3.31ms)
2026/10/03 08:13:41 goose: successfully migrated database to version: 33
    archive_iam_test.go:41: owned TLS/IAM fixture image=docker.io/chrislusf/seaweedfs@sha256:d4cf67729aa8777e1a43a5b61d72e5b96179e4b7bac9a221cb14cbc2036cb32e id=a7225fb3673348d9190676bd534527eca8bd9e9a5f68234c41ed51a74765a68c bucket=sp05-golden-7163ac2d tenants=1
    sp05_golden_vertical_test.go:225: RECIPE_UNAVAILABLE
        RECIPE_UNAVAILABLE
=== RUN   TestSP05FrozenNonvirtualGoldenVerticalAndReplay/node-failure/valid
2026/10/03 08:13:48 OK   00001_roles_and_schemas.sql (11.83ms)
2026/10/03 08:13:48 goose: successfully migrated database to version: 1
2026/10/03 08:13:48 OK   00002_platform_meta.sql (20.14ms)
2026/10/03 08:13:48 OK   00003_finding.sql (7.58ms)
2026/10/03 08:13:48 OK   00004_incident.sql (6.43ms)
2026/10/03 08:13:48 OK   00005_investigation.sql (7.01ms)
2026/10/03 08:13:48 OK   00006_action_command.sql (5.89ms)
2026/10/03 08:13:48 OK   00007_audit.sql (8.86ms)
2026/10/03 08:13:48 OK   00008_rls.sql (8.11ms)
2026/10/03 08:13:48 OK   00009_idempotency_ledger.sql (6.65ms)
2026/10/03 08:13:48 OK   00010_tenant_provisioning.sql (4.64ms)
2026/10/03 08:13:48 OK   00011_source_registration_history.sql (5.9ms)
2026/10/03 08:13:48 OK   00012_config_registry_lifecycle.sql (7.95ms)
2026/10/03 08:13:48 OK   00013_audit_signed_segments.sql (9.51ms)
2026/10/03 08:13:48 OK   00014_audit_segment_predecessors.sql (4.38ms)
2026/10/03 08:13:48 OK   00015_source_schema_scope.sql (2.49ms)
2026/10/03 08:13:48 OK   00016_cluster_registration_metadata.sql (3.21ms)
2026/10/03 08:13:48 OK   00017_source_data_scope.sql (2.44ms)
2026/10/03 08:13:48 OK   00018_sp04_resources_evidence.sql (9.47ms)
2026/10/03 08:13:48 OK   00019_sp04_archive_ciphertext_bytes.sql (2.73ms)
2026/10/03 08:13:48 OK   00020_sp04_request_ledger.sql (4.38ms)
2026/10/03 08:13:48 OK   00021_sp04_archive_protection.sql (3.82ms)
2026/10/03 08:13:48 OK   00022_sp04_legal_hold_dependencies.sql (3.63ms)
2026/10/03 08:13:48 OK   00023_sp04_archive_query_intent.sql (2.79ms)
2026/10/03 08:13:48 OK   00024_sp05_finding_incident.sql (11.2ms)
2026/10/03 08:13:48 OK   00025_sp05_incident_event_time.sql (2.3ms)
2026/10/03 08:13:48 OK   00026_sp05_source_binding_lock.sql (3.17ms)
2026/10/03 08:13:48 OK   00027_sp05_rca_and_poll.sql (5.62ms)
2026/10/03 08:13:48 OK   00028_sp05_operator_lock.sql (3.34ms)
2026/10/03 08:13:48 OK   00029_sp05_evidence_links.sql (4.69ms)
2026/10/03 08:13:48 OK   00030_sp05_recipe_fence.sql (3.03ms)
2026/10/03 08:13:48 OK   00031_sp05_rca_postcheck.sql (2.63ms)
2026/10/03 08:13:48 OK   00032_sp05_transport_audit.sql (2.92ms)
2026/10/03 08:13:48 OK   00033_sp05_poll_resolution_clock.sql (3.04ms)
2026/10/03 08:13:48 goose: successfully migrated database to version: 33
    archive_iam_test.go:41: owned TLS/IAM fixture image=docker.io/chrislusf/seaweedfs@sha256:d4cf67729aa8777e1a43a5b61d72e5b96179e4b7bac9a221cb14cbc2036cb32e id=4214a9f12aec7a6420acb4e080a4ad5b587f1c74541124f27a1e8a044d815155 bucket=sp05-golden-d5add014 tenants=1
    sp05_golden_vertical_test.go:225: RECIPE_UNAVAILABLE
        RECIPE_UNAVAILABLE
=== RUN   TestSP05FrozenNonvirtualGoldenVerticalAndReplay/node-failure/missing
2026/10/03 08:13:53 OK   00001_roles_and_schemas.sql (18.56ms)
2026/10/03 08:13:53 goose: successfully migrated database to version: 1
2026/10/03 08:13:53 OK   00002_platform_meta.sql (20.09ms)
2026/10/03 08:13:53 OK   00003_finding.sql (10.23ms)
2026/10/03 08:13:53 OK   00004_incident.sql (4.57ms)
2026/10/03 08:13:53 OK   00005_investigation.sql (4.58ms)
2026/10/03 08:13:53 OK   00006_action_command.sql (4.03ms)
2026/10/03 08:13:53 OK   00007_audit.sql (6.66ms)
2026/10/03 08:13:53 OK   00008_rls.sql (7.43ms)
2026/10/03 08:13:53 OK   00009_idempotency_ledger.sql (4.92ms)
2026/10/03 08:13:53 OK   00010_tenant_provisioning.sql (5.67ms)
2026/10/03 08:13:53 OK   00011_source_registration_history.sql (4.47ms)
2026/10/03 08:13:53 OK   00012_config_registry_lifecycle.sql (6.12ms)
2026/10/03 08:13:53 OK   00013_audit_signed_segments.sql (8.33ms)
2026/10/03 08:13:53 OK   00014_audit_segment_predecessors.sql (4.19ms)
2026/10/03 08:13:53 OK   00015_source_schema_scope.sql (2.08ms)
2026/10/03 08:13:53 OK   00016_cluster_registration_metadata.sql (4.1ms)
2026/10/03 08:13:53 OK   00017_source_data_scope.sql (2.34ms)
2026/10/03 08:13:53 OK   00018_sp04_resources_evidence.sql (8.49ms)
2026/10/03 08:13:53 OK   00019_sp04_archive_ciphertext_bytes.sql (2.1ms)
2026/10/03 08:13:53 OK   00020_sp04_request_ledger.sql (3.06ms)
2026/10/03 08:13:53 OK   00021_sp04_archive_protection.sql (2.26ms)
2026/10/03 08:13:53 OK   00022_sp04_legal_hold_dependencies.sql (2.13ms)
2026/10/03 08:13:53 OK   00023_sp04_archive_query_intent.sql (2.16ms)
2026/10/03 08:13:53 OK   00024_sp05_finding_incident.sql (10.72ms)
2026/10/03 08:13:53 OK   00025_sp05_incident_event_time.sql (2.18ms)
2026/10/03 08:13:53 OK   00026_sp05_source_binding_lock.sql (2.62ms)
2026/10/03 08:13:53 OK   00027_sp05_rca_and_poll.sql (5.08ms)
2026/10/03 08:13:53 OK   00028_sp05_operator_lock.sql (2.5ms)
2026/10/03 08:13:53 OK   00029_sp05_evidence_links.sql (3.95ms)
2026/10/03 08:13:53 OK   00030_sp05_recipe_fence.sql (2.26ms)
2026/10/03 08:13:53 OK   00031_sp05_rca_postcheck.sql (2.01ms)
2026/10/03 08:13:53 OK   00032_sp05_transport_audit.sql (2.07ms)
2026/10/03 08:13:53 OK   00033_sp05_poll_resolution_clock.sql (2.33ms)
2026/10/03 08:13:53 goose: successfully migrated database to version: 33
    archive_iam_test.go:41: owned TLS/IAM fixture image=docker.io/chrislusf/seaweedfs@sha256:d4cf67729aa8777e1a43a5b61d72e5b96179e4b7bac9a221cb14cbc2036cb32e id=904234b96dfe5a3d0637e4ae67586ca98d3ee77fe1ab4e4f05833412590aa866 bucket=sp05-golden-958c91f4 tenants=1
    sp05_golden_vertical_test.go:225: RECIPE_UNAVAILABLE
=== RUN   TestSP05FrozenNonvirtualGoldenVerticalAndReplay/node-failure/conflict
2026/10/03 08:13:59 OK   00001_roles_and_schemas.sql (9.8ms)
2026/10/03 08:13:59 goose: successfully migrated database to version: 1
2026/10/03 08:13:59 OK   00002_platform_meta.sql (14.39ms)
2026/10/03 08:13:59 OK   00003_finding.sql (7.86ms)
2026/10/03 08:13:59 OK   00004_incident.sql (5.59ms)
2026/10/03 08:13:59 OK   00005_investigation.sql (6.39ms)
2026/10/03 08:13:59 OK   00006_action_command.sql (5.84ms)
2026/10/03 08:13:59 OK   00007_audit.sql (7.73ms)
2026/10/03 08:13:59 OK   00008_rls.sql (7.98ms)
2026/10/03 08:13:59 OK   00009_idempotency_ledger.sql (18.2ms)
2026/10/03 08:13:59 OK   00010_tenant_provisioning.sql (6.58ms)
2026/10/03 08:13:59 OK   00011_source_registration_history.sql (6.67ms)
2026/10/03 08:13:59 OK   00012_config_registry_lifecycle.sql (8.31ms)
2026/10/03 08:13:59 OK   00013_audit_signed_segments.sql (8.6ms)
2026/10/03 08:13:59 OK   00014_audit_segment_predecessors.sql (5.02ms)
2026/10/03 08:13:59 OK   00015_source_schema_scope.sql (3.21ms)
2026/10/03 08:13:59 OK   00016_cluster_registration_metadata.sql (4.35ms)
2026/10/03 08:13:59 OK   00017_source_data_scope.sql (5.99ms)
2026/10/03 08:13:59 OK   00018_sp04_resources_evidence.sql (21.22ms)
2026/10/03 08:13:59 OK   00019_sp04_archive_ciphertext_bytes.sql (4.01ms)
2026/10/03 08:13:59 OK   00020_sp04_request_ledger.sql (4.43ms)
2026/10/03 08:13:59 OK   00021_sp04_archive_protection.sql (3.18ms)
2026/10/03 08:13:59 OK   00022_sp04_legal_hold_dependencies.sql (3.52ms)
2026/10/03 08:13:59 OK   00023_sp04_archive_query_intent.sql (3.18ms)
2026/10/03 08:13:59 OK   00024_sp05_finding_incident.sql (18.74ms)
2026/10/03 08:13:59 OK   00025_sp05_incident_event_time.sql (3.63ms)
2026/10/03 08:13:59 OK   00026_sp05_source_binding_lock.sql (4.12ms)
2026/10/03 08:13:59 OK   00027_sp05_rca_and_poll.sql (6.07ms)
2026/10/03 08:13:59 OK   00028_sp05_operator_lock.sql (3.87ms)
2026/10/03 08:13:59 OK   00029_sp05_evidence_links.sql (5.22ms)
2026/10/03 08:13:59 OK   00030_sp05_recipe_fence.sql (3.81ms)
2026/10/03 08:13:59 OK   00031_sp05_rca_postcheck.sql (3.78ms)
2026/10/03 08:13:59 OK   00032_sp05_transport_audit.sql (3.92ms)
2026/10/03 08:13:59 OK   00033_sp05_poll_resolution_clock.sql (4.21ms)
2026/10/03 08:13:59 goose: successfully migrated database to version: 33
    archive_iam_test.go:41: owned TLS/IAM fixture image=docker.io/chrislusf/seaweedfs@sha256:d4cf67729aa8777e1a43a5b61d72e5b96179e4b7bac9a221cb14cbc2036cb32e id=1f63aa5506387f1edbea6e3ab5da0891c81f2aeba3c897902442e94f6078d5ff bucket=sp05-golden-19304b98 tenants=1
    sp05_golden_vertical_test.go:225: RECIPE_UNAVAILABLE
=== RUN   TestSP05FrozenNonvirtualGoldenVerticalAndReplay/node-failure/degraded
2026/10/03 08:14:05 OK   00001_roles_and_schemas.sql (17.08ms)
2026/10/03 08:14:05 goose: successfully migrated database to version: 1
2026/10/03 08:14:05 OK   00002_platform_meta.sql (20.14ms)
2026/10/03 08:14:05 OK   00003_finding.sql (10.18ms)
2026/10/03 08:14:05 OK   00004_incident.sql (11.89ms)
2026/10/03 08:14:05 OK   00005_investigation.sql (10.01ms)
2026/10/03 08:14:05 OK   00006_action_command.sql (7.96ms)
2026/10/03 08:14:05 OK   00007_audit.sql (9.45ms)
2026/10/03 08:14:05 OK   00008_rls.sql (12.68ms)
2026/10/03 08:14:05 OK   00009_idempotency_ledger.sql (13.22ms)
2026/10/03 08:14:05 OK   00010_tenant_provisioning.sql (11.06ms)
2026/10/03 08:14:05 OK   00011_source_registration_history.sql (6.53ms)
2026/10/03 08:14:05 OK   00012_config_registry_lifecycle.sql (7.52ms)
2026/10/03 08:14:05 OK   00013_audit_signed_segments.sql (10.24ms)
2026/10/03 08:14:05 OK   00014_audit_segment_predecessors.sql (4.82ms)
2026/10/03 08:14:05 OK   00015_source_schema_scope.sql (2.56ms)
2026/10/03 08:14:05 OK   00016_cluster_registration_metadata.sql (3.11ms)
2026/10/03 08:14:05 OK   00017_source_data_scope.sql (2.71ms)
2026/10/03 08:14:05 OK   00018_sp04_resources_evidence.sql (10.17ms)
2026/10/03 08:14:05 OK   00019_sp04_archive_ciphertext_bytes.sql (3.07ms)
2026/10/03 08:14:05 OK   00020_sp04_request_ledger.sql (5.36ms)
2026/10/03 08:14:05 OK   00021_sp04_archive_protection.sql (3.9ms)
2026/10/03 08:14:05 OK   00022_sp04_legal_hold_dependencies.sql (3.59ms)
2026/10/03 08:14:05 OK   00023_sp04_archive_query_intent.sql (3.86ms)
2026/10/03 08:14:05 OK   00024_sp05_finding_incident.sql (10.75ms)
2026/10/03 08:14:05 OK   00025_sp05_incident_event_time.sql (1.57ms)
2026/10/03 08:14:05 OK   00026_sp05_source_binding_lock.sql (2.17ms)
2026/10/03 08:14:05 OK   00027_sp05_rca_and_poll.sql (5.04ms)
2026/10/03 08:14:05 OK   00028_sp05_operator_lock.sql (2.17ms)
2026/10/03 08:14:05 OK   00029_sp05_evidence_links.sql (3.64ms)
2026/10/03 08:14:05 OK   00030_sp05_recipe_fence.sql (1.94ms)
2026/10/03 08:14:05 OK   00031_sp05_rca_postcheck.sql (1.65ms)
2026/10/03 08:14:05 OK   00032_sp05_transport_audit.sql (1.78ms)
2026/10/03 08:14:05 OK   00033_sp05_poll_resolution_clock.sql (2.06ms)
2026/10/03 08:14:05 goose: successfully migrated database to version: 33
    archive_iam_test.go:41: owned TLS/IAM fixture image=docker.io/chrislusf/seaweedfs@sha256:d4cf67729aa8777e1a43a5b61d72e5b96179e4b7bac9a221cb14cbc2036cb32e id=2dbf8ed2f93c2164a4995f5756be433bb20149da5cc020a3aa77a9d6f9762f00 bucket=sp05-golden-8853c924 tenants=1
    sp05_golden_vertical_test.go:225: RECIPE_UNAVAILABLE
        RECIPE_UNAVAILABLE
--- FAIL: TestSP05FrozenNonvirtualGoldenVerticalAndReplay (72.13s)
    --- FAIL: TestSP05FrozenNonvirtualGoldenVerticalAndReplay/dimm-failure/valid (5.24s)
    --- FAIL: TestSP05FrozenNonvirtualGoldenVerticalAndReplay/dimm-failure/missing (4.68s)
    --- FAIL: TestSP05FrozenNonvirtualGoldenVerticalAndReplay/dimm-failure/conflict (5.61s)
    --- FAIL: TestSP05FrozenNonvirtualGoldenVerticalAndReplay/dimm-failure/degraded (6.44s)
    --- FAIL: TestSP05FrozenNonvirtualGoldenVerticalAndReplay/pvc-csi-failure/valid (4.59s)
    --- FAIL: TestSP05FrozenNonvirtualGoldenVerticalAndReplay/pvc-csi-failure/missing (9.19s)
    --- FAIL: TestSP05FrozenNonvirtualGoldenVerticalAndReplay/pvc-csi-failure/conflict (5.82s)
    --- FAIL: TestSP05FrozenNonvirtualGoldenVerticalAndReplay/pvc-csi-failure/degraded (6.71s)
    --- FAIL: TestSP05FrozenNonvirtualGoldenVerticalAndReplay/node-failure/valid (5.10s)
    --- FAIL: TestSP05FrozenNonvirtualGoldenVerticalAndReplay/node-failure/missing (5.95s)
    --- FAIL: TestSP05FrozenNonvirtualGoldenVerticalAndReplay/node-failure/conflict (6.31s)
    --- FAIL: TestSP05FrozenNonvirtualGoldenVerticalAndReplay/node-failure/degraded (6.49s)
FAIL
FAIL	ops-platform/test/integration	73.124s
FAIL
