=== RUN   TestSP05FrozenNonvirtualGoldenVerticalAndReplay
=== RUN   TestSP05FrozenNonvirtualGoldenVerticalAndReplay/dimm-failure/valid
2026/10/03 08:14:24 OK   00001_roles_and_schemas.sql (13.93ms)
2026/10/03 08:14:24 goose: successfully migrated database to version: 1
2026/10/03 08:14:24 OK   00002_platform_meta.sql (24.8ms)
2026/10/03 08:14:24 OK   00003_finding.sql (10.28ms)
2026/10/03 08:14:24 OK   00004_incident.sql (5.87ms)
2026/10/03 08:14:24 OK   00005_investigation.sql (5.95ms)
2026/10/03 08:14:24 OK   00006_action_command.sql (6.07ms)
2026/10/03 08:14:24 OK   00007_audit.sql (9.09ms)
2026/10/03 08:14:24 OK   00008_rls.sql (9.35ms)
2026/10/03 08:14:24 OK   00009_idempotency_ledger.sql (7.73ms)
2026/10/03 08:14:24 OK   00010_tenant_provisioning.sql (4.71ms)
2026/10/03 08:14:24 OK   00011_source_registration_history.sql (7.12ms)
2026/10/03 08:14:24 OK   00012_config_registry_lifecycle.sql (9.51ms)
2026/10/03 08:14:24 OK   00013_audit_signed_segments.sql (11.27ms)
2026/10/03 08:14:24 OK   00014_audit_segment_predecessors.sql (5.98ms)
2026/10/03 08:14:24 OK   00015_source_schema_scope.sql (4.19ms)
2026/10/03 08:14:24 OK   00016_cluster_registration_metadata.sql (4.62ms)
2026/10/03 08:14:24 OK   00017_source_data_scope.sql (8.16ms)
2026/10/03 08:14:24 OK   00018_sp04_resources_evidence.sql (23.93ms)
2026/10/03 08:14:24 OK   00019_sp04_archive_ciphertext_bytes.sql (3.82ms)
2026/10/03 08:14:24 OK   00020_sp04_request_ledger.sql (4.01ms)
2026/10/03 08:14:24 OK   00021_sp04_archive_protection.sql (2.87ms)
2026/10/03 08:14:24 OK   00022_sp04_legal_hold_dependencies.sql (3.03ms)
2026/10/03 08:14:24 OK   00023_sp04_archive_query_intent.sql (3.45ms)
2026/10/03 08:14:24 OK   00024_sp05_finding_incident.sql (11.8ms)
2026/10/03 08:14:24 OK   00025_sp05_incident_event_time.sql (2.15ms)
2026/10/03 08:14:24 OK   00026_sp05_source_binding_lock.sql (2.29ms)
2026/10/03 08:14:24 OK   00027_sp05_rca_and_poll.sql (5.07ms)
2026/10/03 08:14:24 OK   00028_sp05_operator_lock.sql (2.29ms)
2026/10/03 08:14:24 OK   00029_sp05_evidence_links.sql (3.86ms)
2026/10/03 08:14:24 OK   00030_sp05_recipe_fence.sql (2.29ms)
2026/10/03 08:14:24 OK   00031_sp05_rca_postcheck.sql (1.99ms)
2026/10/03 08:14:24 OK   00032_sp05_transport_audit.sql (2.38ms)
2026/10/03 08:14:24 OK   00033_sp05_poll_resolution_clock.sql (2.8ms)
2026/10/03 08:14:24 goose: successfully migrated database to version: 33
    archive_iam_test.go:41: owned TLS/IAM fixture image=docker.io/chrislusf/seaweedfs@sha256:d4cf67729aa8777e1a43a5b61d72e5b96179e4b7bac9a221cb14cbc2036cb32e id=c2d996c1b345201edf5fd9c4022a1dc0d766fd1e183080b97cf3385ccfc57148 bucket=sp05-golden-6f787e5f tenants=1
    sp05_golden_vertical_test.go:228: frozen native identity projection: actual=[hardware+v1://11111111-1111-4111-8111-111111111111/golden-cluster/redfish/CPU/550e8400-e29b-41d4-a716-446655440000%2FCPU1 hardware+v1://11111111-1111-4111-8111-111111111111/golden-cluster/redfish/DIMM/550e8400-e29b-41d4-a716-446655440000%2FDIMM1 hardware+v1://11111111-1111-4111-8111-111111111111/golden-cluster/redfish/Disk/550e8400-e29b-41d4-a716-446655440000%2Fdisk1 hardware+v1://11111111-1111-4111-8111-111111111111/golden-cluster/redfish/Fan/550e8400-e29b-41d4-a716-446655440000%2FFan1 hardware+v1://11111111-1111-4111-8111-111111111111/golden-cluster/redfish/NIC/550e8400-e29b-41d4-a716-446655440000%2FNIC1 hardware+v1://11111111-1111-4111-8111-111111111111/golden-cluster/redfish/PhysicalServer/550e8400-e29b-41d4-a716-446655440000 hardware+v1://11111111-1111-4111-8111-111111111111/golden-cluster/redfish/PSU/550e8400-e29b-41d4-a716-446655440000%2FPSU1 k8s+v1://11111111-1111-4111-8111-111111111111/golden-cluster/core/Node/node-a k8s+v1://11111111-1111-4111-8111-111111111111/golden-cluster/core/Pod/pod-a] expected=[hardware+v1://11111111-1111-4111-8111-111111111111/golden-cluster/redfish/CPU/550e8400-e29b-41d4-a716-446655440000%2FCPU1 hardware+v1://11111111-1111-4111-8111-111111111111/golden-cluster/redfish/DIMM/550e8400-e29b-41d4-a716-446655440000%2FDIMM1 hardware+v1://11111111-1111-4111-8111-111111111111/golden-cluster/redfish/Disk/550e8400-e29b-41d4-a716-446655440000%2Fdisk1 hardware+v1://11111111-1111-4111-8111-111111111111/golden-cluster/redfish/Fan/550e8400-e29b-41d4-a716-446655440000%2FFan1 hardware+v1://11111111-1111-4111-8111-111111111111/golden-cluster/redfish/NIC/550e8400-e29b-41d4-a716-446655440000%2FNIC1 hardware+v1://11111111-1111-4111-8111-111111111111/golden-cluster/redfish/PSU/550e8400-e29b-41d4-a716-446655440000%2FPSU1 hardware+v1://11111111-1111-4111-8111-111111111111/golden-cluster/redfish/PhysicalServer/550e8400-e29b-41d4-a716-446655440000 k8s+v1://11111111-1111-4111-8111-111111111111/golden-cluster/core/Node/node-a k8s+v1://11111111-1111-4111-8111-111111111111/golden-cluster/core/Pod/pod-a]
=== RUN   TestSP05FrozenNonvirtualGoldenVerticalAndReplay/pvc-csi-failure/valid
2026/10/03 08:14:29 OK   00001_roles_and_schemas.sql (8.6ms)
2026/10/03 08:14:29 goose: successfully migrated database to version: 1
2026/10/03 08:14:29 OK   00002_platform_meta.sql (14.77ms)
2026/10/03 08:14:29 OK   00003_finding.sql (7.32ms)
2026/10/03 08:14:29 OK   00004_incident.sql (5.67ms)
2026/10/03 08:14:29 OK   00005_investigation.sql (5.98ms)
2026/10/03 08:14:29 OK   00006_action_command.sql (5.67ms)
2026/10/03 08:14:29 OK   00007_audit.sql (8.5ms)
2026/10/03 08:14:29 OK   00008_rls.sql (8.56ms)
2026/10/03 08:14:29 OK   00009_idempotency_ledger.sql (5.82ms)
2026/10/03 08:14:29 OK   00010_tenant_provisioning.sql (3.26ms)
2026/10/03 08:14:29 OK   00011_source_registration_history.sql (5.72ms)
2026/10/03 08:14:29 OK   00012_config_registry_lifecycle.sql (7.97ms)
2026/10/03 08:14:29 OK   00013_audit_signed_segments.sql (9.26ms)
2026/10/03 08:14:29 OK   00014_audit_segment_predecessors.sql (4.26ms)
2026/10/03 08:14:29 OK   00015_source_schema_scope.sql (2.33ms)
2026/10/03 08:14:29 OK   00016_cluster_registration_metadata.sql (3.96ms)
2026/10/03 08:14:29 OK   00017_source_data_scope.sql (4.01ms)
2026/10/03 08:14:29 OK   00018_sp04_resources_evidence.sql (12.16ms)
2026/10/03 08:14:29 OK   00019_sp04_archive_ciphertext_bytes.sql (3.4ms)
2026/10/03 08:14:29 OK   00020_sp04_request_ledger.sql (4.73ms)
2026/10/03 08:14:29 OK   00021_sp04_archive_protection.sql (3.78ms)
2026/10/03 08:14:29 OK   00022_sp04_legal_hold_dependencies.sql (3.25ms)
2026/10/03 08:14:29 OK   00023_sp04_archive_query_intent.sql (2.75ms)
2026/10/03 08:14:29 OK   00024_sp05_finding_incident.sql (11.86ms)
2026/10/03 08:14:29 OK   00025_sp05_incident_event_time.sql (3.34ms)
2026/10/03 08:14:29 OK   00026_sp05_source_binding_lock.sql (3.34ms)
2026/10/03 08:14:29 OK   00027_sp05_rca_and_poll.sql (6.54ms)
2026/10/03 08:14:29 OK   00028_sp05_operator_lock.sql (3.93ms)
2026/10/03 08:14:29 OK   00029_sp05_evidence_links.sql (5.48ms)
2026/10/03 08:14:29 OK   00030_sp05_recipe_fence.sql (3.75ms)
2026/10/03 08:14:29 OK   00031_sp05_rca_postcheck.sql (3.16ms)
2026/10/03 08:14:29 OK   00032_sp05_transport_audit.sql (2.8ms)
2026/10/03 08:14:29 OK   00033_sp05_poll_resolution_clock.sql (2.51ms)
2026/10/03 08:14:29 goose: successfully migrated database to version: 33
    archive_iam_test.go:41: owned TLS/IAM fixture image=docker.io/chrislusf/seaweedfs@sha256:d4cf67729aa8777e1a43a5b61d72e5b96179e4b7bac9a221cb14cbc2036cb32e id=365eac291519c5ce5fc9c0d9114d083bfcd4aef21cd825bb0d63d0b2c8d8f3b9 bucket=sp05-golden-d8d5cabf tenants=1
    sp05_golden_vertical_test.go:228: frozen Impact mismatch direct=[k8s+v1://11111111-1111-4111-8111-111111111111/golden-cluster/core/Event/event-a k8s+v1://11111111-1111-4111-8111-111111111111/golden-cluster/core/Pod/pod-a] indirect=[]
=== RUN   TestSP05FrozenNonvirtualGoldenVerticalAndReplay/node-failure/valid
2026/10/03 08:14:37 OK   00001_roles_and_schemas.sql (7.96ms)
2026/10/03 08:14:37 goose: successfully migrated database to version: 1
2026/10/03 08:14:37 OK   00002_platform_meta.sql (22.64ms)
2026/10/03 08:14:37 OK   00003_finding.sql (13.17ms)
2026/10/03 08:14:37 OK   00004_incident.sql (9.82ms)
2026/10/03 08:14:37 OK   00005_investigation.sql (10.55ms)
2026/10/03 08:14:37 OK   00006_action_command.sql (14.7ms)
2026/10/03 08:14:37 OK   00007_audit.sql (13.65ms)
2026/10/03 08:14:37 OK   00008_rls.sql (11.02ms)
2026/10/03 08:14:37 OK   00009_idempotency_ledger.sql (17.19ms)
2026/10/03 08:14:38 OK   00010_tenant_provisioning.sql (7.47ms)
2026/10/03 08:14:38 OK   00011_source_registration_history.sql (7.51ms)
2026/10/03 08:14:38 OK   00012_config_registry_lifecycle.sql (10.34ms)
2026/10/03 08:14:38 OK   00013_audit_signed_segments.sql (18.89ms)
2026/10/03 08:14:38 OK   00014_audit_segment_predecessors.sql (5.46ms)
2026/10/03 08:14:38 OK   00015_source_schema_scope.sql (2.29ms)
2026/10/03 08:14:38 OK   00016_cluster_registration_metadata.sql (3.21ms)
2026/10/03 08:14:38 OK   00017_source_data_scope.sql (2.6ms)
2026/10/03 08:14:38 OK   00018_sp04_resources_evidence.sql (11.18ms)
2026/10/03 08:14:38 OK   00019_sp04_archive_ciphertext_bytes.sql (2.36ms)
2026/10/03 08:14:38 OK   00020_sp04_request_ledger.sql (3.42ms)
2026/10/03 08:14:38 OK   00021_sp04_archive_protection.sql (2.54ms)
2026/10/03 08:14:38 OK   00022_sp04_legal_hold_dependencies.sql (2.15ms)
2026/10/03 08:14:38 OK   00023_sp04_archive_query_intent.sql (2.17ms)
2026/10/03 08:14:38 OK   00024_sp05_finding_incident.sql (10.64ms)
2026/10/03 08:14:38 OK   00025_sp05_incident_event_time.sql (2.25ms)
2026/10/03 08:14:38 OK   00026_sp05_source_binding_lock.sql (2.51ms)
2026/10/03 08:14:38 OK   00027_sp05_rca_and_poll.sql (5.16ms)
2026/10/03 08:14:38 OK   00028_sp05_operator_lock.sql (2.71ms)
2026/10/03 08:14:38 OK   00029_sp05_evidence_links.sql (4.42ms)
2026/10/03 08:14:38 OK   00030_sp05_recipe_fence.sql (2.68ms)
2026/10/03 08:14:38 OK   00031_sp05_rca_postcheck.sql (2.21ms)
2026/10/03 08:14:38 OK   00032_sp05_transport_audit.sql (2.4ms)
2026/10/03 08:14:38 OK   00033_sp05_poll_resolution_clock.sql (2.62ms)
2026/10/03 08:14:38 goose: successfully migrated database to version: 33
    archive_iam_test.go:41: owned TLS/IAM fixture image=docker.io/chrislusf/seaweedfs@sha256:d4cf67729aa8777e1a43a5b61d72e5b96179e4b7bac9a221cb14cbc2036cb32e id=d0cd1283b5b5751a5a3a27b9073f6d5c4832190d983ad15aa5eefe4dd8abecef bucket=sp05-golden-9031d97b tenants=1
    sp05_golden_vertical_test.go:228: RCA 365-day dependency closure missing: 66666666-6666-4666-8666-666666666666 <nil>
--- FAIL: TestSP05FrozenNonvirtualGoldenVerticalAndReplay (22.22s)
    --- FAIL: TestSP05FrozenNonvirtualGoldenVerticalAndReplay/dimm-failure/valid (5.12s)
    --- FAIL: TestSP05FrozenNonvirtualGoldenVerticalAndReplay/pvc-csi-failure/valid (8.32s)
    --- FAIL: TestSP05FrozenNonvirtualGoldenVerticalAndReplay/node-failure/valid (8.78s)
FAIL
FAIL	ops-platform/test/integration	23.335s
FAIL
