=== RUN   TestSP05FrozenNonvirtualGoldenVerticalAndReplay
=== RUN   TestSP05FrozenNonvirtualGoldenVerticalAndReplay/dimm-failure/valid
2026/10/03 08:58:37 OK   00001_roles_and_schemas.sql (18.95ms)
2026/10/03 08:58:37 goose: successfully migrated database to version: 1
2026/10/03 08:58:37 OK   00002_platform_meta.sql (25.28ms)
2026/10/03 08:58:37 OK   00003_finding.sql (8.42ms)
2026/10/03 08:58:37 OK   00004_incident.sql (8.93ms)
2026/10/03 08:58:37 OK   00005_investigation.sql (6.88ms)
2026/10/03 08:58:37 OK   00006_action_command.sql (6.55ms)
2026/10/03 08:58:37 OK   00007_audit.sql (9.03ms)
2026/10/03 08:58:37 OK   00008_rls.sql (8.14ms)
2026/10/03 08:58:37 OK   00009_idempotency_ledger.sql (6.58ms)
2026/10/03 08:58:37 OK   00010_tenant_provisioning.sql (4.12ms)
2026/10/03 08:58:37 OK   00011_source_registration_history.sql (5.56ms)
2026/10/03 08:58:37 OK   00012_config_registry_lifecycle.sql (7.6ms)
2026/10/03 08:58:37 OK   00013_audit_signed_segments.sql (9.76ms)
2026/10/03 08:58:37 OK   00014_audit_segment_predecessors.sql (5.35ms)
2026/10/03 08:58:37 OK   00015_source_schema_scope.sql (2.31ms)
2026/10/03 08:58:37 OK   00016_cluster_registration_metadata.sql (4ms)
2026/10/03 08:58:37 OK   00017_source_data_scope.sql (4.55ms)
2026/10/03 08:58:37 OK   00018_sp04_resources_evidence.sql (12.22ms)
2026/10/03 08:58:37 OK   00019_sp04_archive_ciphertext_bytes.sql (4ms)
2026/10/03 08:58:37 OK   00020_sp04_request_ledger.sql (5.3ms)
2026/10/03 08:58:37 OK   00021_sp04_archive_protection.sql (4.09ms)
2026/10/03 08:58:37 OK   00022_sp04_legal_hold_dependencies.sql (3.91ms)
2026/10/03 08:58:37 OK   00023_sp04_archive_query_intent.sql (3.85ms)
2026/10/03 08:58:37 OK   00024_sp05_finding_incident.sql (14.34ms)
2026/10/03 08:58:37 OK   00025_sp05_incident_event_time.sql (3.27ms)
2026/10/03 08:58:37 OK   00026_sp05_source_binding_lock.sql (3.44ms)
2026/10/03 08:58:37 OK   00027_sp05_rca_and_poll.sql (5.98ms)
2026/10/03 08:58:37 OK   00028_sp05_operator_lock.sql (3.35ms)
2026/10/03 08:58:37 OK   00029_sp05_evidence_links.sql (5.28ms)
2026/10/03 08:58:37 OK   00030_sp05_recipe_fence.sql (3.14ms)
2026/10/03 08:58:37 OK   00031_sp05_rca_postcheck.sql (2.9ms)
2026/10/03 08:58:37 OK   00032_sp05_transport_audit.sql (3.03ms)
2026/10/03 08:58:37 OK   00033_sp05_poll_resolution_clock.sql (3.66ms)
2026/10/03 08:58:37 goose: successfully migrated database to version: 33
    archive_iam_test.go:41: owned TLS/IAM fixture image=docker.io/chrislusf/seaweedfs@sha256:d4cf67729aa8777e1a43a5b61d72e5b96179e4b7bac9a221cb14cbc2036cb32e id=46ab711122e7c34480028e96cbb08e794d34fcbcc5ea1508b6e318065a5a105d bucket=sp05-golden-2c63128b tenants=1
    sp05_golden_vertical_test.go:279: dimm-failure/valid: fixed clock, admitted native adapters -> actual identity/Graph and unified ingestion -> PostgreSQL reducer -> signed published Recipe -> real immutable OpenBao/SeaweedFS Evidence -> append-only RCA and bounded Impact, twice replay; protocol Fixture, no physical BMC/Node failure claim
=== RUN   TestSP05FrozenNonvirtualGoldenVerticalAndReplay/dimm-failure/missing
2026/10/03 08:58:43 OK   00001_roles_and_schemas.sql (14.4ms)
2026/10/03 08:58:43 goose: successfully migrated database to version: 1
2026/10/03 08:58:43 OK   00002_platform_meta.sql (19.85ms)
2026/10/03 08:58:43 OK   00003_finding.sql (15.32ms)
2026/10/03 08:58:43 OK   00004_incident.sql (7.75ms)
2026/10/03 08:58:43 OK   00005_investigation.sql (7.55ms)
2026/10/03 08:58:43 OK   00006_action_command.sql (7.16ms)
2026/10/03 08:58:43 OK   00007_audit.sql (9.98ms)
2026/10/03 08:58:43 OK   00008_rls.sql (11.32ms)
2026/10/03 08:58:43 OK   00009_idempotency_ledger.sql (8.7ms)
2026/10/03 08:58:43 OK   00010_tenant_provisioning.sql (5.92ms)
2026/10/03 08:58:43 OK   00011_source_registration_history.sql (8.01ms)
2026/10/03 08:58:43 OK   00012_config_registry_lifecycle.sql (6.97ms)
2026/10/03 08:58:43 OK   00013_audit_signed_segments.sql (9.8ms)
2026/10/03 08:58:43 OK   00014_audit_segment_predecessors.sql (9.28ms)
2026/10/03 08:58:43 OK   00015_source_schema_scope.sql (4.7ms)
2026/10/03 08:58:43 OK   00016_cluster_registration_metadata.sql (6.78ms)
2026/10/03 08:58:43 OK   00017_source_data_scope.sql (7.57ms)
2026/10/03 08:58:43 OK   00018_sp04_resources_evidence.sql (10.34ms)
2026/10/03 08:58:43 OK   00019_sp04_archive_ciphertext_bytes.sql (2.95ms)
2026/10/03 08:58:43 OK   00020_sp04_request_ledger.sql (3.92ms)
2026/10/03 08:58:43 OK   00021_sp04_archive_protection.sql (3.11ms)
2026/10/03 08:58:43 OK   00022_sp04_legal_hold_dependencies.sql (2.81ms)
2026/10/03 08:58:43 OK   00023_sp04_archive_query_intent.sql (2.84ms)
2026/10/03 08:58:43 OK   00024_sp05_finding_incident.sql (11.54ms)
2026/10/03 08:58:43 OK   00025_sp05_incident_event_time.sql (2.96ms)
2026/10/03 08:58:43 OK   00026_sp05_source_binding_lock.sql (2.84ms)
2026/10/03 08:58:43 OK   00027_sp05_rca_and_poll.sql (5.63ms)
2026/10/03 08:58:43 OK   00028_sp05_operator_lock.sql (3.18ms)
2026/10/03 08:58:43 OK   00029_sp05_evidence_links.sql (4.42ms)
2026/10/03 08:58:43 OK   00030_sp05_recipe_fence.sql (3.11ms)
2026/10/03 08:58:43 OK   00031_sp05_rca_postcheck.sql (2.81ms)
2026/10/03 08:58:43 OK   00032_sp05_transport_audit.sql (2.42ms)
2026/10/03 08:58:43 OK   00033_sp05_poll_resolution_clock.sql (3.23ms)
2026/10/03 08:58:43 goose: successfully migrated database to version: 33
    archive_iam_test.go:41: owned TLS/IAM fixture image=docker.io/chrislusf/seaweedfs@sha256:d4cf67729aa8777e1a43a5b61d72e5b96179e4b7bac9a221cb14cbc2036cb32e id=a7e8d2bcb2a8d9f55a96b15e9398b77f0baa364cf0db8dede38cf8c6877d6d85 bucket=sp05-golden-7b16eb4b tenants=1
    sp05_golden_vertical_test.go:279: dimm-failure/missing: fixed clock, admitted native adapters -> actual identity/Graph and unified ingestion -> PostgreSQL reducer -> signed published Recipe -> real immutable OpenBao/SeaweedFS Evidence -> append-only RCA and bounded Impact, twice replay; protocol Fixture, no physical BMC/Node failure claim
=== RUN   TestSP05FrozenNonvirtualGoldenVerticalAndReplay/dimm-failure/conflict
2026/10/03 08:58:49 OK   00001_roles_and_schemas.sql (22.9ms)
2026/10/03 08:58:49 goose: successfully migrated database to version: 1
2026/10/03 08:58:49 OK   00002_platform_meta.sql (14.82ms)
2026/10/03 08:58:49 OK   00003_finding.sql (8.33ms)
2026/10/03 08:58:49 OK   00004_incident.sql (6.17ms)
2026/10/03 08:58:49 OK   00005_investigation.sql (5.26ms)
2026/10/03 08:58:49 OK   00006_action_command.sql (4.79ms)
2026/10/03 08:58:49 OK   00007_audit.sql (8.28ms)
2026/10/03 08:58:49 OK   00008_rls.sql (7.5ms)
2026/10/03 08:58:49 OK   00009_idempotency_ledger.sql (5.92ms)
2026/10/03 08:58:49 OK   00010_tenant_provisioning.sql (4.1ms)
2026/10/03 08:58:49 OK   00011_source_registration_history.sql (5.27ms)
2026/10/03 08:58:49 OK   00012_config_registry_lifecycle.sql (7.16ms)
2026/10/03 08:58:49 OK   00013_audit_signed_segments.sql (9.13ms)
2026/10/03 08:58:49 OK   00014_audit_segment_predecessors.sql (4.2ms)
2026/10/03 08:58:49 OK   00015_source_schema_scope.sql (2.35ms)
2026/10/03 08:58:49 OK   00016_cluster_registration_metadata.sql (3.1ms)
2026/10/03 08:58:49 OK   00017_source_data_scope.sql (2.56ms)
2026/10/03 08:58:49 OK   00018_sp04_resources_evidence.sql (8.57ms)
2026/10/03 08:58:49 OK   00019_sp04_archive_ciphertext_bytes.sql (2.84ms)
2026/10/03 08:58:49 OK   00020_sp04_request_ledger.sql (3.92ms)
2026/10/03 08:58:49 OK   00021_sp04_archive_protection.sql (3.12ms)
2026/10/03 08:58:49 OK   00022_sp04_legal_hold_dependencies.sql (2.71ms)
2026/10/03 08:58:49 OK   00023_sp04_archive_query_intent.sql (2.95ms)
2026/10/03 08:58:49 OK   00024_sp05_finding_incident.sql (13.3ms)
2026/10/03 08:58:49 OK   00025_sp05_incident_event_time.sql (2.64ms)
2026/10/03 08:58:49 OK   00026_sp05_source_binding_lock.sql (2.55ms)
2026/10/03 08:58:49 OK   00027_sp05_rca_and_poll.sql (5.04ms)
2026/10/03 08:58:49 OK   00028_sp05_operator_lock.sql (2.76ms)
2026/10/03 08:58:49 OK   00029_sp05_evidence_links.sql (4.14ms)
2026/10/03 08:58:49 OK   00030_sp05_recipe_fence.sql (2.56ms)
2026/10/03 08:58:49 OK   00031_sp05_rca_postcheck.sql (2.3ms)
2026/10/03 08:58:49 OK   00032_sp05_transport_audit.sql (2.32ms)
2026/10/03 08:58:49 OK   00033_sp05_poll_resolution_clock.sql (2.65ms)
2026/10/03 08:58:49 goose: successfully migrated database to version: 33
    archive_iam_test.go:41: owned TLS/IAM fixture image=docker.io/chrislusf/seaweedfs@sha256:d4cf67729aa8777e1a43a5b61d72e5b96179e4b7bac9a221cb14cbc2036cb32e id=47c743a0bc78cec7a833a8d1d2dbaf5fc07b211e684e1026df96aa0d6a61b0ac bucket=sp05-golden-e6224a6f tenants=1
    sp05_golden_vertical_test.go:279: dimm-failure/conflict: fixed clock, admitted native adapters -> actual identity/Graph and unified ingestion -> PostgreSQL reducer -> signed published Recipe -> real immutable OpenBao/SeaweedFS Evidence -> append-only RCA and bounded Impact, twice replay; protocol Fixture, no physical BMC/Node failure claim
=== RUN   TestSP05FrozenNonvirtualGoldenVerticalAndReplay/dimm-failure/degraded
2026/10/03 08:58:56 OK   00001_roles_and_schemas.sql (14.57ms)
2026/10/03 08:58:56 goose: successfully migrated database to version: 1
2026/10/03 08:58:57 OK   00002_platform_meta.sql (28.66ms)
2026/10/03 08:58:57 OK   00003_finding.sql (11.06ms)
2026/10/03 08:58:57 OK   00004_incident.sql (14.98ms)
2026/10/03 08:58:57 OK   00005_investigation.sql (10.07ms)
2026/10/03 08:58:57 OK   00006_action_command.sql (12.69ms)
2026/10/03 08:58:57 OK   00007_audit.sql (15.26ms)
2026/10/03 08:58:57 OK   00008_rls.sql (13.82ms)
2026/10/03 08:58:57 OK   00009_idempotency_ledger.sql (9.9ms)
2026/10/03 08:58:57 OK   00010_tenant_provisioning.sql (8.53ms)
2026/10/03 08:58:57 OK   00011_source_registration_history.sql (5.93ms)
2026/10/03 08:58:57 OK   00012_config_registry_lifecycle.sql (7.71ms)
2026/10/03 08:58:57 OK   00013_audit_signed_segments.sql (10.34ms)
2026/10/03 08:58:57 OK   00014_audit_segment_predecessors.sql (4.99ms)
2026/10/03 08:58:57 OK   00015_source_schema_scope.sql (2.48ms)
2026/10/03 08:58:57 OK   00016_cluster_registration_metadata.sql (2.98ms)
2026/10/03 08:58:57 OK   00017_source_data_scope.sql (2.52ms)
2026/10/03 08:58:57 OK   00018_sp04_resources_evidence.sql (8.79ms)
2026/10/03 08:58:57 OK   00019_sp04_archive_ciphertext_bytes.sql (2.19ms)
2026/10/03 08:58:57 OK   00020_sp04_request_ledger.sql (2.98ms)
2026/10/03 08:58:57 OK   00021_sp04_archive_protection.sql (2.17ms)
2026/10/03 08:58:57 OK   00022_sp04_legal_hold_dependencies.sql (2.04ms)
2026/10/03 08:58:57 OK   00023_sp04_archive_query_intent.sql (1.94ms)
2026/10/03 08:58:57 OK   00024_sp05_finding_incident.sql (15.36ms)
2026/10/03 08:58:57 OK   00025_sp05_incident_event_time.sql (3.13ms)
2026/10/03 08:58:57 OK   00026_sp05_source_binding_lock.sql (4.36ms)
2026/10/03 08:58:57 OK   00027_sp05_rca_and_poll.sql (6.9ms)
2026/10/03 08:58:57 OK   00028_sp05_operator_lock.sql (2.72ms)
2026/10/03 08:58:57 OK   00029_sp05_evidence_links.sql (4.3ms)
2026/10/03 08:58:57 OK   00030_sp05_recipe_fence.sql (2.61ms)
2026/10/03 08:58:57 OK   00031_sp05_rca_postcheck.sql (2.16ms)
2026/10/03 08:58:57 OK   00032_sp05_transport_audit.sql (2.39ms)
2026/10/03 08:58:57 OK   00033_sp05_poll_resolution_clock.sql (2.68ms)
2026/10/03 08:58:57 goose: successfully migrated database to version: 33
    archive_iam_test.go:41: owned TLS/IAM fixture image=docker.io/chrislusf/seaweedfs@sha256:d4cf67729aa8777e1a43a5b61d72e5b96179e4b7bac9a221cb14cbc2036cb32e id=99d85c6a8dbfba23c40a955726c0c0083de21b21cb9a1eebfe21d131a17841b0 bucket=sp05-golden-81018b1c tenants=1
    sp05_golden_vertical_test.go:279: dimm-failure/degraded: fixed clock, admitted native adapters -> actual identity/Graph and unified ingestion -> PostgreSQL reducer -> signed published Recipe -> real immutable OpenBao/SeaweedFS Evidence -> append-only RCA and bounded Impact, twice replay; protocol Fixture, no physical BMC/Node failure claim
=== RUN   TestSP05FrozenNonvirtualGoldenVerticalAndReplay/pvc-csi-failure/valid
2026/10/03 08:59:05 OK   00001_roles_and_schemas.sql (15.87ms)
2026/10/03 08:59:05 goose: successfully migrated database to version: 1
2026/10/03 08:59:05 OK   00002_platform_meta.sql (16.98ms)
2026/10/03 08:59:05 OK   00003_finding.sql (9.76ms)
2026/10/03 08:59:05 OK   00004_incident.sql (4.29ms)
2026/10/03 08:59:05 OK   00005_investigation.sql (4.22ms)
2026/10/03 08:59:05 OK   00006_action_command.sql (3.93ms)
2026/10/03 08:59:05 OK   00007_audit.sql (10.33ms)
2026/10/03 08:59:05 OK   00008_rls.sql (8.82ms)
2026/10/03 08:59:05 OK   00009_idempotency_ledger.sql (9.34ms)
2026/10/03 08:59:05 OK   00010_tenant_provisioning.sql (3.49ms)
2026/10/03 08:59:05 OK   00011_source_registration_history.sql (5.05ms)
2026/10/03 08:59:05 OK   00012_config_registry_lifecycle.sql (6.63ms)
2026/10/03 08:59:05 OK   00013_audit_signed_segments.sql (8.18ms)
2026/10/03 08:59:05 OK   00014_audit_segment_predecessors.sql (4.11ms)
2026/10/03 08:59:05 OK   00015_source_schema_scope.sql (5.46ms)
2026/10/03 08:59:05 OK   00016_cluster_registration_metadata.sql (3.24ms)
2026/10/03 08:59:05 OK   00017_source_data_scope.sql (2.92ms)
2026/10/03 08:59:05 OK   00018_sp04_resources_evidence.sql (8.99ms)
2026/10/03 08:59:05 OK   00019_sp04_archive_ciphertext_bytes.sql (2.51ms)
2026/10/03 08:59:05 OK   00020_sp04_request_ledger.sql (3.41ms)
2026/10/03 08:59:05 OK   00021_sp04_archive_protection.sql (2.54ms)
2026/10/03 08:59:05 OK   00022_sp04_legal_hold_dependencies.sql (2.47ms)
2026/10/03 08:59:05 OK   00023_sp04_archive_query_intent.sql (2.44ms)
2026/10/03 08:59:05 OK   00024_sp05_finding_incident.sql (10.76ms)
2026/10/03 08:59:05 OK   00025_sp05_incident_event_time.sql (2.46ms)
2026/10/03 08:59:05 OK   00026_sp05_source_binding_lock.sql (2.78ms)
2026/10/03 08:59:05 OK   00027_sp05_rca_and_poll.sql (5.75ms)
2026/10/03 08:59:05 OK   00028_sp05_operator_lock.sql (3.26ms)
2026/10/03 08:59:05 OK   00029_sp05_evidence_links.sql (4.99ms)
2026/10/03 08:59:05 OK   00030_sp05_recipe_fence.sql (3.17ms)
2026/10/03 08:59:05 OK   00031_sp05_rca_postcheck.sql (2.74ms)
2026/10/03 08:59:05 OK   00032_sp05_transport_audit.sql (3.07ms)
2026/10/03 08:59:05 OK   00033_sp05_poll_resolution_clock.sql (3.22ms)
2026/10/03 08:59:05 goose: successfully migrated database to version: 33
    archive_iam_test.go:41: owned TLS/IAM fixture image=docker.io/chrislusf/seaweedfs@sha256:d4cf67729aa8777e1a43a5b61d72e5b96179e4b7bac9a221cb14cbc2036cb32e id=c84c1207eb0b678607be14a94fc205649b8c1781877da0757e3b6ca0ab24d070 bucket=sp05-golden-4f6723c4 tenants=1
    sp05_golden_vertical_test.go:279: pvc-csi-failure/valid: fixed clock, admitted native adapters -> actual identity/Graph and unified ingestion -> PostgreSQL reducer -> signed published Recipe -> real immutable OpenBao/SeaweedFS Evidence -> append-only RCA and bounded Impact, twice replay; protocol Fixture, no physical BMC/Node failure claim
=== RUN   TestSP05FrozenNonvirtualGoldenVerticalAndReplay/pvc-csi-failure/missing
2026/10/03 08:59:09 OK   00001_roles_and_schemas.sql (21.14ms)
2026/10/03 08:59:09 goose: successfully migrated database to version: 1
2026/10/03 08:59:10 OK   00002_platform_meta.sql (20.92ms)
2026/10/03 08:59:10 OK   00003_finding.sql (17.51ms)
2026/10/03 08:59:10 OK   00004_incident.sql (5.7ms)
2026/10/03 08:59:10 OK   00005_investigation.sql (8.4ms)
2026/10/03 08:59:10 OK   00006_action_command.sql (7.92ms)
2026/10/03 08:59:10 OK   00007_audit.sql (10.38ms)
2026/10/03 08:59:10 OK   00008_rls.sql (10.67ms)
2026/10/03 08:59:10 OK   00009_idempotency_ledger.sql (8.45ms)
2026/10/03 08:59:10 OK   00010_tenant_provisioning.sql (4.64ms)
2026/10/03 08:59:10 OK   00011_source_registration_history.sql (6.41ms)
2026/10/03 08:59:10 OK   00012_config_registry_lifecycle.sql (8.83ms)
2026/10/03 08:59:10 OK   00013_audit_signed_segments.sql (8.43ms)
2026/10/03 08:59:10 OK   00014_audit_segment_predecessors.sql (5.06ms)
2026/10/03 08:59:10 OK   00015_source_schema_scope.sql (1.92ms)
2026/10/03 08:59:10 OK   00016_cluster_registration_metadata.sql (2.61ms)
2026/10/03 08:59:10 OK   00017_source_data_scope.sql (5.99ms)
2026/10/03 08:59:10 OK   00018_sp04_resources_evidence.sql (8.77ms)
2026/10/03 08:59:10 OK   00019_sp04_archive_ciphertext_bytes.sql (2.1ms)
2026/10/03 08:59:10 OK   00020_sp04_request_ledger.sql (3.14ms)
2026/10/03 08:59:10 OK   00021_sp04_archive_protection.sql (2.37ms)
2026/10/03 08:59:10 OK   00022_sp04_legal_hold_dependencies.sql (2.03ms)
2026/10/03 08:59:10 OK   00023_sp04_archive_query_intent.sql (2.04ms)
2026/10/03 08:59:10 OK   00024_sp05_finding_incident.sql (10.2ms)
2026/10/03 08:59:10 OK   00025_sp05_incident_event_time.sql (2.14ms)
2026/10/03 08:59:10 OK   00026_sp05_source_binding_lock.sql (2.33ms)
2026/10/03 08:59:10 OK   00027_sp05_rca_and_poll.sql (4.77ms)
2026/10/03 08:59:10 OK   00028_sp05_operator_lock.sql (2.41ms)
2026/10/03 08:59:10 OK   00029_sp05_evidence_links.sql (3.94ms)
2026/10/03 08:59:10 OK   00030_sp05_recipe_fence.sql (2.36ms)
2026/10/03 08:59:10 OK   00031_sp05_rca_postcheck.sql (2.37ms)
2026/10/03 08:59:10 OK   00032_sp05_transport_audit.sql (2.26ms)
2026/10/03 08:59:10 OK   00033_sp05_poll_resolution_clock.sql (2.5ms)
2026/10/03 08:59:10 goose: successfully migrated database to version: 33
    archive_iam_test.go:41: owned TLS/IAM fixture image=docker.io/chrislusf/seaweedfs@sha256:d4cf67729aa8777e1a43a5b61d72e5b96179e4b7bac9a221cb14cbc2036cb32e id=bcf253f990021d6f77576920e8f0bbad03fa5c879af505edcd101a26fb69c7d7 bucket=sp05-golden-59490298 tenants=1
    sp05_golden_vertical_test.go:279: pvc-csi-failure/missing: fixed clock, admitted native adapters -> actual identity/Graph and unified ingestion -> PostgreSQL reducer -> signed published Recipe -> real immutable OpenBao/SeaweedFS Evidence -> append-only RCA and bounded Impact, twice replay; protocol Fixture, no physical BMC/Node failure claim
=== RUN   TestSP05FrozenNonvirtualGoldenVerticalAndReplay/pvc-csi-failure/conflict
2026/10/03 08:59:19 OK   00001_roles_and_schemas.sql (14.07ms)
2026/10/03 08:59:19 goose: successfully migrated database to version: 1
2026/10/03 08:59:19 OK   00002_platform_meta.sql (20.3ms)
2026/10/03 08:59:19 OK   00003_finding.sql (5.71ms)
2026/10/03 08:59:19 OK   00004_incident.sql (3.96ms)
2026/10/03 08:59:19 OK   00005_investigation.sql (4.39ms)
2026/10/03 08:59:19 OK   00006_action_command.sql (3.87ms)
2026/10/03 08:59:19 OK   00007_audit.sql (6.48ms)
2026/10/03 08:59:19 OK   00008_rls.sql (6.4ms)
2026/10/03 08:59:19 OK   00009_idempotency_ledger.sql (5.08ms)
2026/10/03 08:59:19 OK   00010_tenant_provisioning.sql (3.38ms)
2026/10/03 08:59:19 OK   00011_source_registration_history.sql (4.55ms)
2026/10/03 08:59:19 OK   00012_config_registry_lifecycle.sql (6.52ms)
2026/10/03 08:59:19 OK   00013_audit_signed_segments.sql (21.92ms)
2026/10/03 08:59:19 OK   00014_audit_segment_predecessors.sql (5.79ms)
2026/10/03 08:59:19 OK   00015_source_schema_scope.sql (2.75ms)
2026/10/03 08:59:19 OK   00016_cluster_registration_metadata.sql (3.67ms)
2026/10/03 08:59:19 OK   00017_source_data_scope.sql (3.1ms)
2026/10/03 08:59:19 OK   00018_sp04_resources_evidence.sql (10.21ms)
2026/10/03 08:59:19 OK   00019_sp04_archive_ciphertext_bytes.sql (3.02ms)
2026/10/03 08:59:19 OK   00020_sp04_request_ledger.sql (6.96ms)
2026/10/03 08:59:19 OK   00021_sp04_archive_protection.sql (3.56ms)
2026/10/03 08:59:19 OK   00022_sp04_legal_hold_dependencies.sql (2.58ms)
2026/10/03 08:59:19 OK   00023_sp04_archive_query_intent.sql (2.46ms)
2026/10/03 08:59:19 OK   00024_sp05_finding_incident.sql (12.7ms)
2026/10/03 08:59:19 OK   00025_sp05_incident_event_time.sql (3.81ms)
2026/10/03 08:59:19 OK   00026_sp05_source_binding_lock.sql (4.22ms)
2026/10/03 08:59:19 OK   00027_sp05_rca_and_poll.sql (6.97ms)
2026/10/03 08:59:19 OK   00028_sp05_operator_lock.sql (4.37ms)
2026/10/03 08:59:19 OK   00029_sp05_evidence_links.sql (5.89ms)
2026/10/03 08:59:19 OK   00030_sp05_recipe_fence.sql (3.71ms)
2026/10/03 08:59:19 OK   00031_sp05_rca_postcheck.sql (2.72ms)
2026/10/03 08:59:19 OK   00032_sp05_transport_audit.sql (2.91ms)
2026/10/03 08:59:19 OK   00033_sp05_poll_resolution_clock.sql (3.3ms)
2026/10/03 08:59:19 goose: successfully migrated database to version: 33
    archive_iam_test.go:41: owned TLS/IAM fixture image=docker.io/chrislusf/seaweedfs@sha256:d4cf67729aa8777e1a43a5b61d72e5b96179e4b7bac9a221cb14cbc2036cb32e id=623dad1cf435f78543751844c70e48870062dae666b65094033685d553927e22 bucket=sp05-golden-cb474969 tenants=1
    sp05_golden_vertical_test.go:279: pvc-csi-failure/conflict: fixed clock, admitted native adapters -> actual identity/Graph and unified ingestion -> PostgreSQL reducer -> signed published Recipe -> real immutable OpenBao/SeaweedFS Evidence -> append-only RCA and bounded Impact, twice replay; protocol Fixture, no physical BMC/Node failure claim
=== RUN   TestSP05FrozenNonvirtualGoldenVerticalAndReplay/pvc-csi-failure/degraded
2026/10/03 08:59:24 OK   00001_roles_and_schemas.sql (14.42ms)
2026/10/03 08:59:24 goose: successfully migrated database to version: 1
2026/10/03 08:59:24 OK   00002_platform_meta.sql (29.22ms)
2026/10/03 08:59:24 OK   00003_finding.sql (9.4ms)
2026/10/03 08:59:24 OK   00004_incident.sql (17.34ms)
2026/10/03 08:59:24 OK   00005_investigation.sql (7.72ms)
2026/10/03 08:59:24 OK   00006_action_command.sql (9.69ms)
2026/10/03 08:59:24 OK   00007_audit.sql (10.05ms)
2026/10/03 08:59:24 OK   00008_rls.sql (12.64ms)
2026/10/03 08:59:24 OK   00009_idempotency_ledger.sql (10.39ms)
2026/10/03 08:59:24 OK   00010_tenant_provisioning.sql (6.59ms)
2026/10/03 08:59:24 OK   00011_source_registration_history.sql (7.94ms)
2026/10/03 08:59:24 OK   00012_config_registry_lifecycle.sql (10.57ms)
2026/10/03 08:59:24 OK   00013_audit_signed_segments.sql (13.53ms)
2026/10/03 08:59:24 OK   00014_audit_segment_predecessors.sql (4.6ms)
2026/10/03 08:59:24 OK   00015_source_schema_scope.sql (1.94ms)
2026/10/03 08:59:24 OK   00016_cluster_registration_metadata.sql (3.24ms)
2026/10/03 08:59:24 OK   00017_source_data_scope.sql (3.04ms)
2026/10/03 08:59:24 OK   00018_sp04_resources_evidence.sql (11.47ms)
2026/10/03 08:59:24 OK   00019_sp04_archive_ciphertext_bytes.sql (2.21ms)
2026/10/03 08:59:24 OK   00020_sp04_request_ledger.sql (2.95ms)
2026/10/03 08:59:24 OK   00021_sp04_archive_protection.sql (2.21ms)
2026/10/03 08:59:24 OK   00022_sp04_legal_hold_dependencies.sql (2.09ms)
2026/10/03 08:59:24 OK   00023_sp04_archive_query_intent.sql (2.16ms)
2026/10/03 08:59:24 OK   00024_sp05_finding_incident.sql (10.64ms)
2026/10/03 08:59:24 OK   00025_sp05_incident_event_time.sql (2.18ms)
2026/10/03 08:59:24 OK   00026_sp05_source_binding_lock.sql (2.56ms)
2026/10/03 08:59:24 OK   00027_sp05_rca_and_poll.sql (5.14ms)
2026/10/03 08:59:24 OK   00028_sp05_operator_lock.sql (2.6ms)
2026/10/03 08:59:24 OK   00029_sp05_evidence_links.sql (3.87ms)
2026/10/03 08:59:24 OK   00030_sp05_recipe_fence.sql (2.47ms)
2026/10/03 08:59:24 OK   00031_sp05_rca_postcheck.sql (2ms)
2026/10/03 08:59:24 OK   00032_sp05_transport_audit.sql (2.34ms)
2026/10/03 08:59:24 OK   00033_sp05_poll_resolution_clock.sql (2.51ms)
2026/10/03 08:59:24 goose: successfully migrated database to version: 33
    archive_iam_test.go:41: owned TLS/IAM fixture image=docker.io/chrislusf/seaweedfs@sha256:d4cf67729aa8777e1a43a5b61d72e5b96179e4b7bac9a221cb14cbc2036cb32e id=224e17c6e33d51120e89e793656dd368892eed217ff84efc143fc143b9ee42fb bucket=sp05-golden-5e89784a tenants=1
    sp05_golden_vertical_test.go:279: pvc-csi-failure/degraded: fixed clock, admitted native adapters -> actual identity/Graph and unified ingestion -> PostgreSQL reducer -> signed published Recipe -> real immutable OpenBao/SeaweedFS Evidence -> append-only RCA and bounded Impact, twice replay; protocol Fixture, no physical BMC/Node failure claim
=== RUN   TestSP05FrozenNonvirtualGoldenVerticalAndReplay/node-failure/valid
2026/10/03 08:59:30 OK   00001_roles_and_schemas.sql (9.18ms)
2026/10/03 08:59:30 goose: successfully migrated database to version: 1
2026/10/03 08:59:30 OK   00002_platform_meta.sql (18.57ms)
2026/10/03 08:59:30 OK   00003_finding.sql (6.89ms)
2026/10/03 08:59:30 OK   00004_incident.sql (5.32ms)
2026/10/03 08:59:30 OK   00005_investigation.sql (6.48ms)
2026/10/03 08:59:30 OK   00006_action_command.sql (5.98ms)
2026/10/03 08:59:30 OK   00007_audit.sql (8.43ms)
2026/10/03 08:59:30 OK   00008_rls.sql (8.1ms)
2026/10/03 08:59:30 OK   00009_idempotency_ledger.sql (7.12ms)
2026/10/03 08:59:30 OK   00010_tenant_provisioning.sql (5.15ms)
2026/10/03 08:59:30 OK   00011_source_registration_history.sql (11.35ms)
2026/10/03 08:59:30 OK   00012_config_registry_lifecycle.sql (13.22ms)
2026/10/03 08:59:30 OK   00013_audit_signed_segments.sql (10.2ms)
2026/10/03 08:59:30 OK   00014_audit_segment_predecessors.sql (5.3ms)
2026/10/03 08:59:30 OK   00015_source_schema_scope.sql (3.79ms)
2026/10/03 08:59:30 OK   00016_cluster_registration_metadata.sql (4.29ms)
2026/10/03 08:59:30 OK   00017_source_data_scope.sql (3.49ms)
2026/10/03 08:59:30 OK   00018_sp04_resources_evidence.sql (11.45ms)
2026/10/03 08:59:30 OK   00019_sp04_archive_ciphertext_bytes.sql (3.53ms)
2026/10/03 08:59:30 OK   00020_sp04_request_ledger.sql (4.79ms)
2026/10/03 08:59:30 OK   00021_sp04_archive_protection.sql (3.93ms)
2026/10/03 08:59:30 OK   00022_sp04_legal_hold_dependencies.sql (3.1ms)
2026/10/03 08:59:30 OK   00023_sp04_archive_query_intent.sql (2.84ms)
2026/10/03 08:59:30 OK   00024_sp05_finding_incident.sql (11.45ms)
2026/10/03 08:59:30 OK   00025_sp05_incident_event_time.sql (3.34ms)
2026/10/03 08:59:30 OK   00026_sp05_source_binding_lock.sql (3.73ms)
2026/10/03 08:59:30 OK   00027_sp05_rca_and_poll.sql (9.45ms)
2026/10/03 08:59:30 OK   00028_sp05_operator_lock.sql (7.08ms)
2026/10/03 08:59:30 OK   00029_sp05_evidence_links.sql (5.81ms)
2026/10/03 08:59:30 OK   00030_sp05_recipe_fence.sql (3.58ms)
2026/10/03 08:59:30 OK   00031_sp05_rca_postcheck.sql (3.71ms)
2026/10/03 08:59:30 OK   00032_sp05_transport_audit.sql (3.14ms)
2026/10/03 08:59:30 OK   00033_sp05_poll_resolution_clock.sql (2.52ms)
2026/10/03 08:59:30 goose: successfully migrated database to version: 33
    archive_iam_test.go:41: owned TLS/IAM fixture image=docker.io/chrislusf/seaweedfs@sha256:d4cf67729aa8777e1a43a5b61d72e5b96179e4b7bac9a221cb14cbc2036cb32e id=f50ff206fe909b66a7212b8180d010e41e1689f9130d54fbd7bdf5ac4624b6ad bucket=sp05-golden-3f914b19 tenants=1
    sp05_golden_vertical_test.go:279: node-failure/valid: fixed clock, admitted native adapters -> actual identity/Graph and unified ingestion -> PostgreSQL reducer -> signed published Recipe -> real immutable OpenBao/SeaweedFS Evidence -> append-only RCA and bounded Impact, twice replay; protocol Fixture, no physical BMC/Node failure claim
=== RUN   TestSP05FrozenNonvirtualGoldenVerticalAndReplay/node-failure/missing
2026/10/03 08:59:36 OK   00001_roles_and_schemas.sql (8.09ms)
2026/10/03 08:59:36 goose: successfully migrated database to version: 1
2026/10/03 08:59:36 OK   00002_platform_meta.sql (13.67ms)
2026/10/03 08:59:36 OK   00003_finding.sql (24.59ms)
2026/10/03 08:59:36 OK   00004_incident.sql (6.06ms)
2026/10/03 08:59:36 OK   00005_investigation.sql (6.39ms)
2026/10/03 08:59:36 OK   00006_action_command.sql (5.88ms)
2026/10/03 08:59:36 OK   00007_audit.sql (9.47ms)
2026/10/03 08:59:36 OK   00008_rls.sql (7.28ms)
2026/10/03 08:59:36 OK   00009_idempotency_ledger.sql (6.74ms)
2026/10/03 08:59:36 OK   00010_tenant_provisioning.sql (4.46ms)
2026/10/03 08:59:36 OK   00011_source_registration_history.sql (6.37ms)
2026/10/03 08:59:36 OK   00012_config_registry_lifecycle.sql (8.49ms)
2026/10/03 08:59:36 OK   00013_audit_signed_segments.sql (10.47ms)
2026/10/03 08:59:36 OK   00014_audit_segment_predecessors.sql (4.93ms)
2026/10/03 08:59:36 OK   00015_source_schema_scope.sql (3.06ms)
2026/10/03 08:59:36 OK   00016_cluster_registration_metadata.sql (4.62ms)
2026/10/03 08:59:36 OK   00017_source_data_scope.sql (4.64ms)
2026/10/03 08:59:36 OK   00018_sp04_resources_evidence.sql (11.68ms)
2026/10/03 08:59:36 OK   00019_sp04_archive_ciphertext_bytes.sql (3.3ms)
2026/10/03 08:59:36 OK   00020_sp04_request_ledger.sql (4.71ms)
2026/10/03 08:59:36 OK   00021_sp04_archive_protection.sql (4.1ms)
2026/10/03 08:59:36 OK   00022_sp04_legal_hold_dependencies.sql (3.54ms)
2026/10/03 08:59:36 OK   00023_sp04_archive_query_intent.sql (3.9ms)
2026/10/03 08:59:36 OK   00024_sp05_finding_incident.sql (13.64ms)
2026/10/03 08:59:36 OK   00025_sp05_incident_event_time.sql (4.56ms)
2026/10/03 08:59:36 OK   00026_sp05_source_binding_lock.sql (4.51ms)
2026/10/03 08:59:36 OK   00027_sp05_rca_and_poll.sql (6.6ms)
2026/10/03 08:59:36 OK   00028_sp05_operator_lock.sql (4.39ms)
2026/10/03 08:59:36 OK   00029_sp05_evidence_links.sql (6.23ms)
2026/10/03 08:59:36 OK   00030_sp05_recipe_fence.sql (4.15ms)
2026/10/03 08:59:36 OK   00031_sp05_rca_postcheck.sql (3.9ms)
2026/10/03 08:59:36 OK   00032_sp05_transport_audit.sql (4.17ms)
2026/10/03 08:59:36 OK   00033_sp05_poll_resolution_clock.sql (4.35ms)
2026/10/03 08:59:36 goose: successfully migrated database to version: 33
    archive_iam_test.go:41: owned TLS/IAM fixture image=docker.io/chrislusf/seaweedfs@sha256:d4cf67729aa8777e1a43a5b61d72e5b96179e4b7bac9a221cb14cbc2036cb32e id=db01c0025edf904086decea661f26242bf048e7837dbd77f73884c5f23e1572e bucket=sp05-golden-53805d6b tenants=1
    sp05_golden_vertical_test.go:279: node-failure/missing: fixed clock, admitted native adapters -> actual identity/Graph and unified ingestion -> PostgreSQL reducer -> signed published Recipe -> real immutable OpenBao/SeaweedFS Evidence -> append-only RCA and bounded Impact, twice replay; protocol Fixture, no physical BMC/Node failure claim
=== RUN   TestSP05FrozenNonvirtualGoldenVerticalAndReplay/node-failure/conflict
2026/10/03 08:59:45 OK   00001_roles_and_schemas.sql (12.93ms)
2026/10/03 08:59:45 goose: successfully migrated database to version: 1
2026/10/03 08:59:45 OK   00002_platform_meta.sql (44.08ms)
2026/10/03 08:59:45 OK   00003_finding.sql (11.16ms)
2026/10/03 08:59:45 OK   00004_incident.sql (11.76ms)
2026/10/03 08:59:45 OK   00005_investigation.sql (9.62ms)
2026/10/03 08:59:45 OK   00006_action_command.sql (6.74ms)
2026/10/03 08:59:45 OK   00007_audit.sql (9.34ms)
2026/10/03 08:59:45 OK   00008_rls.sql (10.11ms)
2026/10/03 08:59:45 OK   00009_idempotency_ledger.sql (9.74ms)
2026/10/03 08:59:45 OK   00010_tenant_provisioning.sql (3.84ms)
2026/10/03 08:59:45 OK   00011_source_registration_history.sql (4.93ms)
2026/10/03 08:59:45 OK   00012_config_registry_lifecycle.sql (7.34ms)
2026/10/03 08:59:45 OK   00013_audit_signed_segments.sql (9.32ms)
2026/10/03 08:59:45 OK   00014_audit_segment_predecessors.sql (3.8ms)
2026/10/03 08:59:45 OK   00015_source_schema_scope.sql (2.31ms)
2026/10/03 08:59:45 OK   00016_cluster_registration_metadata.sql (2.98ms)
2026/10/03 08:59:45 OK   00017_source_data_scope.sql (2.56ms)
2026/10/03 08:59:45 OK   00018_sp04_resources_evidence.sql (8.8ms)
2026/10/03 08:59:45 OK   00019_sp04_archive_ciphertext_bytes.sql (2.13ms)
2026/10/03 08:59:45 OK   00020_sp04_request_ledger.sql (3.1ms)
2026/10/03 08:59:45 OK   00021_sp04_archive_protection.sql (2.25ms)
2026/10/03 08:59:45 OK   00022_sp04_legal_hold_dependencies.sql (2.07ms)
2026/10/03 08:59:45 OK   00023_sp04_archive_query_intent.sql (1.96ms)
2026/10/03 08:59:45 OK   00024_sp05_finding_incident.sql (10.27ms)
2026/10/03 08:59:45 OK   00025_sp05_incident_event_time.sql (2.23ms)
2026/10/03 08:59:45 OK   00026_sp05_source_binding_lock.sql (2.52ms)
2026/10/03 08:59:45 OK   00027_sp05_rca_and_poll.sql (4.87ms)
2026/10/03 08:59:45 OK   00028_sp05_operator_lock.sql (2.54ms)
2026/10/03 08:59:45 OK   00029_sp05_evidence_links.sql (3.83ms)
2026/10/03 08:59:45 OK   00030_sp05_recipe_fence.sql (2.33ms)
2026/10/03 08:59:45 OK   00031_sp05_rca_postcheck.sql (2.12ms)
2026/10/03 08:59:45 OK   00032_sp05_transport_audit.sql (2.25ms)
2026/10/03 08:59:45 OK   00033_sp05_poll_resolution_clock.sql (2.53ms)
2026/10/03 08:59:45 goose: successfully migrated database to version: 33
    archive_iam_test.go:41: owned TLS/IAM fixture image=docker.io/chrislusf/seaweedfs@sha256:d4cf67729aa8777e1a43a5b61d72e5b96179e4b7bac9a221cb14cbc2036cb32e id=ec9b29b33036d811bc38b3f3b56852de83ff014f46f2a54fc333a40d2a1a8cdd bucket=sp05-golden-256c2450 tenants=1
    sp05_golden_vertical_test.go:279: node-failure/conflict: fixed clock, admitted native adapters -> actual identity/Graph and unified ingestion -> PostgreSQL reducer -> signed published Recipe -> real immutable OpenBao/SeaweedFS Evidence -> append-only RCA and bounded Impact, twice replay; protocol Fixture, no physical BMC/Node failure claim
=== RUN   TestSP05FrozenNonvirtualGoldenVerticalAndReplay/node-failure/degraded
2026/10/03 08:59:50 OK   00001_roles_and_schemas.sql (7.41ms)
2026/10/03 08:59:50 goose: successfully migrated database to version: 1
2026/10/03 08:59:50 OK   00002_platform_meta.sql (21.75ms)
2026/10/03 08:59:50 OK   00003_finding.sql (11.12ms)
2026/10/03 08:59:50 OK   00004_incident.sql (5.75ms)
2026/10/03 08:59:50 OK   00005_investigation.sql (7.93ms)
2026/10/03 08:59:50 OK   00006_action_command.sql (6.07ms)
2026/10/03 08:59:50 OK   00007_audit.sql (7.95ms)
2026/10/03 08:59:50 OK   00008_rls.sql (7.09ms)
2026/10/03 08:59:50 OK   00009_idempotency_ledger.sql (6.1ms)
2026/10/03 08:59:50 OK   00010_tenant_provisioning.sql (4.74ms)
2026/10/03 08:59:50 OK   00011_source_registration_history.sql (6.71ms)
2026/10/03 08:59:50 OK   00012_config_registry_lifecycle.sql (8.95ms)
2026/10/03 08:59:50 OK   00013_audit_signed_segments.sql (10.3ms)
2026/10/03 08:59:50 OK   00014_audit_segment_predecessors.sql (12.45ms)
2026/10/03 08:59:50 OK   00015_source_schema_scope.sql (4.88ms)
2026/10/03 08:59:50 OK   00016_cluster_registration_metadata.sql (4.9ms)
2026/10/03 08:59:50 OK   00017_source_data_scope.sql (3.88ms)
2026/10/03 08:59:50 OK   00018_sp04_resources_evidence.sql (11.36ms)
2026/10/03 08:59:50 OK   00019_sp04_archive_ciphertext_bytes.sql (3.77ms)
2026/10/03 08:59:50 OK   00020_sp04_request_ledger.sql (8.2ms)
2026/10/03 08:59:50 OK   00021_sp04_archive_protection.sql (3.82ms)
2026/10/03 08:59:50 OK   00022_sp04_legal_hold_dependencies.sql (4.63ms)
2026/10/03 08:59:50 OK   00023_sp04_archive_query_intent.sql (3.94ms)
2026/10/03 08:59:50 OK   00024_sp05_finding_incident.sql (11.45ms)
2026/10/03 08:59:50 OK   00025_sp05_incident_event_time.sql (2.59ms)
2026/10/03 08:59:50 OK   00026_sp05_source_binding_lock.sql (2.99ms)
2026/10/03 08:59:50 OK   00027_sp05_rca_and_poll.sql (5.31ms)
2026/10/03 08:59:50 OK   00028_sp05_operator_lock.sql (3.25ms)
2026/10/03 08:59:50 OK   00029_sp05_evidence_links.sql (4.85ms)
2026/10/03 08:59:50 OK   00030_sp05_recipe_fence.sql (3.42ms)
2026/10/03 08:59:50 OK   00031_sp05_rca_postcheck.sql (3ms)
2026/10/03 08:59:50 OK   00032_sp05_transport_audit.sql (2.59ms)
2026/10/03 08:59:50 OK   00033_sp05_poll_resolution_clock.sql (2.95ms)
2026/10/03 08:59:50 goose: successfully migrated database to version: 33
    archive_iam_test.go:41: owned TLS/IAM fixture image=docker.io/chrislusf/seaweedfs@sha256:d4cf67729aa8777e1a43a5b61d72e5b96179e4b7bac9a221cb14cbc2036cb32e id=3c54c781ef898ac4999826078b97d1129ddd0aad9fbcfd6be6a9aeb5395daa35 bucket=sp05-golden-bf63d336 tenants=1
    sp05_golden_vertical_test.go:279: node-failure/degraded: fixed clock, admitted native adapters -> actual identity/Graph and unified ingestion -> PostgreSQL reducer -> signed published Recipe -> real immutable OpenBao/SeaweedFS Evidence -> append-only RCA and bounded Impact, twice replay; protocol Fixture, no physical BMC/Node failure claim
--- PASS: TestSP05FrozenNonvirtualGoldenVerticalAndReplay (82.11s)
    --- PASS: TestSP05FrozenNonvirtualGoldenVerticalAndReplay/dimm-failure/valid (5.79s)
    --- PASS: TestSP05FrozenNonvirtualGoldenVerticalAndReplay/dimm-failure/missing (5.80s)
    --- PASS: TestSP05FrozenNonvirtualGoldenVerticalAndReplay/dimm-failure/conflict (7.99s)
    --- PASS: TestSP05FrozenNonvirtualGoldenVerticalAndReplay/dimm-failure/degraded (8.37s)
    --- PASS: TestSP05FrozenNonvirtualGoldenVerticalAndReplay/pvc-csi-failure/valid (4.63s)
    --- PASS: TestSP05FrozenNonvirtualGoldenVerticalAndReplay/pvc-csi-failure/missing (9.36s)
    --- PASS: TestSP05FrozenNonvirtualGoldenVerticalAndReplay/pvc-csi-failure/conflict (5.20s)
    --- PASS: TestSP05FrozenNonvirtualGoldenVerticalAndReplay/pvc-csi-failure/degraded (6.06s)
    --- PASS: TestSP05FrozenNonvirtualGoldenVerticalAndReplay/node-failure/valid (6.04s)
    --- PASS: TestSP05FrozenNonvirtualGoldenVerticalAndReplay/node-failure/missing (8.39s)
    --- PASS: TestSP05FrozenNonvirtualGoldenVerticalAndReplay/node-failure/conflict (5.61s)
    --- PASS: TestSP05FrozenNonvirtualGoldenVerticalAndReplay/node-failure/degraded (8.86s)
PASS
ok  	ops-platform/test/integration	83.109s
