=== RUN   TestSP05IncidentConcurrentCorrelationOverrideSplitMergeRecovery
2026/10/02 18:58:13 OK   00001_roles_and_schemas.sql (17.93ms)
2026/10/02 18:58:13 goose: successfully migrated database to version: 1
2026/10/02 18:58:13 OK   00002_platform_meta.sql (40.04ms)
2026/10/02 18:58:13 OK   00003_finding.sql (25.72ms)
2026/10/02 18:58:13 OK   00004_incident.sql (20.45ms)
2026/10/02 18:58:14 OK   00005_investigation.sql (15.73ms)
2026/10/02 18:58:14 OK   00006_action_command.sql (19.29ms)
2026/10/02 18:58:14 OK   00007_audit.sql (12.17ms)
2026/10/02 18:58:14 OK   00008_rls.sql (16.64ms)
2026/10/02 18:58:14 OK   00009_idempotency_ledger.sql (22.76ms)
2026/10/02 18:58:14 OK   00010_tenant_provisioning.sql (6.25ms)
2026/10/02 18:58:14 OK   00011_source_registration_history.sql (6.02ms)
2026/10/02 18:58:14 OK   00012_config_registry_lifecycle.sql (24.32ms)
2026/10/02 18:58:14 OK   00013_audit_signed_segments.sql (28.03ms)
2026/10/02 18:58:14 OK   00014_audit_segment_predecessors.sql (5.65ms)
2026/10/02 18:58:14 OK   00015_source_schema_scope.sql (23ms)
2026/10/02 18:58:14 OK   00016_cluster_registration_metadata.sql (4.14ms)
2026/10/02 18:58:14 OK   00017_source_data_scope.sql (3.87ms)
2026/10/02 18:58:14 OK   00018_sp04_resources_evidence.sql (27.5ms)
2026/10/02 18:58:14 OK   00019_sp04_archive_ciphertext_bytes.sql (4.03ms)
2026/10/02 18:58:14 OK   00020_sp04_request_ledger.sql (11.76ms)
2026/10/02 18:58:14 OK   00021_sp04_archive_protection.sql (6.86ms)
2026/10/02 18:58:14 OK   00022_sp04_legal_hold_dependencies.sql (5.91ms)
2026/10/02 18:58:14 OK   00023_sp04_archive_query_intent.sql (3.35ms)
2026/10/02 18:58:14 OK   00024_sp05_finding_incident.sql (15.84ms)
2026/10/02 18:58:14 OK   00025_sp05_incident_event_time.sql (4.22ms)
2026/10/02 18:58:14 OK   00026_sp05_source_binding_lock.sql (4.62ms)
2026/10/02 18:58:14 OK   00027_sp05_rca_and_poll.sql (8.61ms)
2026/10/02 18:58:14 OK   00028_sp05_operator_lock.sql (3.28ms)
2026/10/02 18:58:14 OK   00029_sp05_evidence_links.sql (4.47ms)
2026/10/02 18:58:14 goose: successfully migrated database to version: 29
--- PASS: TestSP05IncidentConcurrentCorrelationOverrideSplitMergeRecovery (1.05s)
PASS
ok  	ops-platform/test/integration	2.079s
