=== RUN   TestSP05IncidentConcurrentCorrelationOverrideSplitMergeRecovery
2026/10/02 18:57:09 OK   00001_roles_and_schemas.sql (14.35ms)
2026/10/02 18:57:09 goose: successfully migrated database to version: 1
2026/10/02 18:57:09 OK   00002_platform_meta.sql (15.26ms)
2026/10/02 18:57:09 OK   00003_finding.sql (9.18ms)
2026/10/02 18:57:09 OK   00004_incident.sql (6.27ms)
2026/10/02 18:57:09 OK   00005_investigation.sql (5.57ms)
2026/10/02 18:57:09 OK   00006_action_command.sql (4.63ms)
2026/10/02 18:57:09 OK   00007_audit.sql (6.91ms)
2026/10/02 18:57:09 OK   00008_rls.sql (15.46ms)
2026/10/02 18:57:09 OK   00009_idempotency_ledger.sql (10.34ms)
2026/10/02 18:57:09 OK   00010_tenant_provisioning.sql (4.28ms)
2026/10/02 18:57:09 OK   00011_source_registration_history.sql (5.36ms)
2026/10/02 18:57:09 OK   00012_config_registry_lifecycle.sql (25.44ms)
2026/10/02 18:57:09 OK   00013_audit_signed_segments.sql (15.78ms)
2026/10/02 18:57:09 OK   00014_audit_segment_predecessors.sql (7ms)
2026/10/02 18:57:09 OK   00015_source_schema_scope.sql (5.87ms)
2026/10/02 18:57:09 OK   00016_cluster_registration_metadata.sql (4.49ms)
2026/10/02 18:57:09 OK   00017_source_data_scope.sql (6.31ms)
2026/10/02 18:57:09 OK   00018_sp04_resources_evidence.sql (22.01ms)
2026/10/02 18:57:10 OK   00019_sp04_archive_ciphertext_bytes.sql (3.27ms)
2026/10/02 18:57:10 OK   00020_sp04_request_ledger.sql (3.77ms)
2026/10/02 18:57:10 OK   00021_sp04_archive_protection.sql (3.97ms)
2026/10/02 18:57:10 OK   00022_sp04_legal_hold_dependencies.sql (2.85ms)
2026/10/02 18:57:10 OK   00023_sp04_archive_query_intent.sql (3.7ms)
2026/10/02 18:57:10 OK   00024_sp05_finding_incident.sql (30.65ms)
2026/10/02 18:57:10 OK   00025_sp05_incident_event_time.sql (2.9ms)
2026/10/02 18:57:10 OK   00026_sp05_source_binding_lock.sql (8.23ms)
2026/10/02 18:57:10 OK   00027_sp05_rca_and_poll.sql (15.68ms)
2026/10/02 18:57:10 OK   00028_sp05_operator_lock.sql (7.48ms)
2026/10/02 18:57:10 OK   00029_sp05_evidence_links.sql (20.01ms)
2026/10/02 18:57:10 goose: successfully migrated database to version: 29
    sp05_incident_test.go:133: rotated source counted healthy without current-revision observation
--- FAIL: TestSP05IncidentConcurrentCorrelationOverrideSplitMergeRecovery (1.17s)
FAIL
FAIL	ops-platform/test/integration	2.226s
FAIL
