=== RUN   TestSP05LegacyOutboxIsPreservedAndExplicitlyQuarantined
2026/10/03 09:59:06 OK   00001_roles_and_schemas.sql (9.59ms)
2026/10/03 09:59:06 goose: successfully migrated database to version: 1
2026/10/03 09:59:06 OK   00002_platform_meta.sql (16.58ms)
2026/10/03 09:59:06 OK   00003_finding.sql (10.46ms)
2026/10/03 09:59:06 OK   00004_incident.sql (5.65ms)
2026/10/03 09:59:06 OK   00005_investigation.sql (6.06ms)
2026/10/03 09:59:06 OK   00006_action_command.sql (6.6ms)
2026/10/03 09:59:06 OK   00007_audit.sql (28.08ms)
2026/10/03 09:59:06 OK   00008_rls.sql (8.82ms)
2026/10/03 09:59:06 OK   00009_idempotency_ledger.sql (6.36ms)
2026/10/03 09:59:06 OK   00010_tenant_provisioning.sql (3.5ms)
2026/10/03 09:59:06 OK   00011_source_registration_history.sql (6.58ms)
2026/10/03 09:59:06 OK   00012_config_registry_lifecycle.sql (9.03ms)
2026/10/03 09:59:06 OK   00013_audit_signed_segments.sql (10.71ms)
2026/10/03 09:59:06 OK   00014_audit_segment_predecessors.sql (4.39ms)
2026/10/03 09:59:06 OK   00015_source_schema_scope.sql (3.83ms)
2026/10/03 09:59:06 OK   00016_cluster_registration_metadata.sql (4.79ms)
2026/10/03 09:59:06 OK   00017_source_data_scope.sql (3.9ms)
2026/10/03 09:59:06 OK   00018_sp04_resources_evidence.sql (11.79ms)
2026/10/03 09:59:06 OK   00019_sp04_archive_ciphertext_bytes.sql (2.68ms)
2026/10/03 09:59:06 OK   00020_sp04_request_ledger.sql (7.88ms)
2026/10/03 09:59:06 OK   00021_sp04_archive_protection.sql (4.34ms)
2026/10/03 09:59:06 OK   00022_sp04_legal_hold_dependencies.sql (5.75ms)
2026/10/03 09:59:06 OK   00023_sp04_archive_query_intent.sql (3.99ms)
2026/10/03 09:59:06 OK   00024_sp05_finding_incident.sql (17.19ms)
2026/10/03 09:59:06 OK   00025_sp05_incident_event_time.sql (2.65ms)
2026/10/03 09:59:06 OK   00026_sp05_source_binding_lock.sql (3.62ms)
2026/10/03 09:59:06 OK   00027_sp05_rca_and_poll.sql (7.06ms)
2026/10/03 09:59:06 OK   00028_sp05_operator_lock.sql (4.31ms)
2026/10/03 09:59:06 OK   00029_sp05_evidence_links.sql (24.03ms)
2026/10/03 09:59:06 OK   00030_sp05_recipe_fence.sql (4.17ms)
2026/10/03 09:59:06 OK   00031_sp05_rca_postcheck.sql (2.55ms)
2026/10/03 09:59:06 OK   00032_sp05_transport_audit.sql (6.62ms)
2026/10/03 09:59:06 OK   00033_sp05_poll_resolution_clock.sql (8.82ms)
2026/10/03 09:59:06 goose: successfully migrated database to version: 33
    sp05_legacy_delivery_test.go:30: historical delivery silently unclaimed: no rows in result set
--- FAIL: TestSP05LegacyOutboxIsPreservedAndExplicitlyQuarantined (0.47s)
FAIL
FAIL	ops-platform/test/integration	1.456s
FAIL
