=== RUN   TestSemanticDigestCanonicalizesEquivalentEventClockOffsets
--- PASS: TestSemanticDigestCanonicalizesEquivalentEventClockOffsets (0.00s)
PASS
ok  	ops-platform/internal/finding	0.617s
=== RUN   TestSP05ActualOrbStackInspectionAPIWorkerArchiveAndRestart
2026/10/02 19:24:18 OK   00001_roles_and_schemas.sql (17.53ms)
2026/10/02 19:24:18 goose: successfully migrated database to version: 1
2026/10/02 19:24:18 OK   00002_platform_meta.sql (22.45ms)
2026/10/02 19:24:18 OK   00003_finding.sql (6.99ms)
2026/10/02 19:24:18 OK   00004_incident.sql (6.12ms)
2026/10/02 19:24:18 OK   00005_investigation.sql (6.61ms)
2026/10/02 19:24:18 OK   00006_action_command.sql (15.44ms)
2026/10/02 19:24:18 OK   00007_audit.sql (10.39ms)
2026/10/02 19:24:18 OK   00008_rls.sql (15.54ms)
2026/10/02 19:24:18 OK   00009_idempotency_ledger.sql (6.6ms)
2026/10/02 19:24:18 OK   00010_tenant_provisioning.sql (4.08ms)
2026/10/02 19:24:18 OK   00011_source_registration_history.sql (6.89ms)
2026/10/02 19:24:18 OK   00012_config_registry_lifecycle.sql (12.03ms)
2026/10/02 19:24:18 OK   00013_audit_signed_segments.sql (17.9ms)
2026/10/02 19:24:18 OK   00014_audit_segment_predecessors.sql (5.43ms)
2026/10/02 19:24:18 OK   00015_source_schema_scope.sql (3.56ms)
2026/10/02 19:24:18 OK   00016_cluster_registration_metadata.sql (8ms)
2026/10/02 19:24:18 OK   00017_source_data_scope.sql (8.42ms)
2026/10/02 19:24:18 OK   00018_sp04_resources_evidence.sql (22.72ms)
2026/10/02 19:24:18 OK   00019_sp04_archive_ciphertext_bytes.sql (5.05ms)
2026/10/02 19:24:18 OK   00020_sp04_request_ledger.sql (5.83ms)
2026/10/02 19:24:18 OK   00021_sp04_archive_protection.sql (3.07ms)
2026/10/02 19:24:18 OK   00022_sp04_legal_hold_dependencies.sql (3.04ms)
2026/10/02 19:24:18 OK   00023_sp04_archive_query_intent.sql (4.07ms)
2026/10/02 19:24:18 OK   00024_sp05_finding_incident.sql (21.47ms)
2026/10/02 19:24:18 OK   00025_sp05_incident_event_time.sql (9.22ms)
2026/10/02 19:24:18 OK   00026_sp05_source_binding_lock.sql (5.65ms)
2026/10/02 19:24:18 OK   00027_sp05_rca_and_poll.sql (11.66ms)
2026/10/02 19:24:18 OK   00028_sp05_operator_lock.sql (4.99ms)
2026/10/02 19:24:18 OK   00029_sp05_evidence_links.sql (6.48ms)
2026/10/02 19:24:18 OK   00030_sp05_recipe_fence.sql (3.69ms)
2026/10/02 19:24:18 goose: successfully migrated database to version: 30
    archive_iam_test.go:41: owned TLS/IAM fixture image=docker.io/chrislusf/seaweedfs@sha256:d4cf67729aa8777e1a43a5b61d72e5b96179e4b7bac9a221cb14cbc2036cb32e id=1256f0f57c735d1d2d94eb9dc7b1e50df34b435891c7618bd41dc130e03b0d25 bucket=sp05-chain-71ccacbb tenants=1
{"time":"2026-10-02T19:24:24.13153+08:00","level":"WARN","msg":"Graph ownership not ready","qualification":{"/v1/configmaps":"list_missing","/v1/events":"list_missing","/v1/nodes":"list_missing","/v1/persistentvolumeclaims":"list_missing","/v1/persistentvolumes":"list_missing","/v1/pods":"list_missing","/v1/services":"list_missing","apps/v1/daemonsets":"list_missing","apps/v1/deployments":"list_missing","apps/v1/replicasets":"list_missing","apps/v1/statefulsets":"list_missing","batch/v1/jobs":"list_missing","discovery.k8s.io/v1/endpointslices":"list_missing","storage.k8s.io/v1/csidrivers":"list_missing","storage.k8s.io/v1/csinodes":"list_missing","storage.k8s.io/v1/storageclasses":"list_missing","storage.k8s.io/v1/volumeattachments":"list_missing"}}
{"time":"2026-10-02T19:24:26.06447+08:00","level":"WARN","msg":"Graph ownership not ready","qualification":{"/v1/configmaps":"list_missing","/v1/events":"list_missing","/v1/persistentvolumeclaims":"list_missing","/v1/persistentvolumes":"list_missing","/v1/services":"list_missing","apps/v1/daemonsets":"list_missing","apps/v1/deployments":"list_missing","apps/v1/replicasets":"list_missing","apps/v1/statefulsets":"list_missing","batch/v1/jobs":"list_missing","storage.k8s.io/v1/csidrivers":"list_missing","storage.k8s.io/v1/csinodes":"list_missing","storage.k8s.io/v1/storageclasses":"list_missing","storage.k8s.io/v1/volumeattachments":"list_missing"}}
{"time":"2026-10-02T19:24:34.243481+08:00","level":"INFO","msg":"http request complete","request_id":"01a0fc5b-dd96-795a-841d-23f2e291208f","method":"GET","status_code":200,"duration_ms":172}
{"time":"2026-10-02T19:24:34.251487+08:00","level":"INFO","msg":"http request complete","request_id":"01a0fc5b-de44-7416-b0a3-6bddbef1b8c5","method":"GET","status_code":200,"duration_ms":7}
{"time":"2026-10-02T19:24:34.259967+08:00","level":"INFO","msg":"http request complete","request_id":"01a0fc5b-de4b-7a93-b457-ccc5b94dfcbb","method":"GET","status_code":200,"duration_ms":8}
{"time":"2026-10-02T19:24:34.267157+08:00","level":"INFO","msg":"http request complete","request_id":"01a0fc5b-de54-72bb-b2de-2a358db5de3d","method":"GET","status_code":200,"duration_ms":6}
{"time":"2026-10-02T19:24:34.281878+08:00","level":"INFO","msg":"http request complete","request_id":"01a0fc5b-de5b-75df-9863-1f0fa17bf860","method":"POST","status_code":200,"duration_ms":14}
{"time":"2026-10-02T19:24:34.293122+08:00","level":"INFO","msg":"http request complete","request_id":"01a0fc5b-de6a-7124-9308-a6e03e646824","method":"POST","status_code":200,"duration_ms":11}
{"time":"2026-10-02T19:24:34.50976+08:00","level":"INFO","msg":"http request complete","request_id":"01a0fc5b-df4b-719e-bab0-6a88e9bed371","method":"POST","status_code":403,"duration_ms":2}
    sp05_live_test.go:266: actual OrbStack native PVC/scheduling -> Worker inspector -> unified Finding ingress -> PostgreSQL outbox consumer -> Incident -> real OpenBao/SeaweedFS archive; OIDC API replay and Worker restart; no performance measurement; hardware and Node fault injection remain separate frozen fixtures
{"time":"2026-10-02T19:24:34.510172+08:00","level":"WARN","msg":"Graph ownership not ready","qualification":{"/v1/configmaps":"list_missing","/v1/events":"list_missing","/v1/nodes":"list_missing","/v1/persistentvolumeclaims":"list_missing","/v1/persistentvolumes":"source_scope_unverified","/v1/pods":"list_missing","/v1/services":"list_missing","apps/v1/daemonsets":"list_missing","apps/v1/deployments":"list_missing","apps/v1/replicasets":"list_missing","apps/v1/statefulsets":"list_missing","batch/v1/jobs":"source_scope_unverified","discovery.k8s.io/v1/endpointslices":"list_missing","storage.k8s.io/v1/csidrivers":"list_missing","storage.k8s.io/v1/csinodes":"list_missing","storage.k8s.io/v1/storageclasses":"list_missing","storage.k8s.io/v1/volumeattachments":"list_missing"}}
--- PASS: TestSP05ActualOrbStackInspectionAPIWorkerArchiveAndRestart (17.38s)
=== RUN   TestSP05PollBirthClockSurvivesPostgreSQLPrecisionAndRestart
2026/10/02 19:24:35 OK   00001_roles_and_schemas.sql (19.17ms)
2026/10/02 19:24:35 goose: successfully migrated database to version: 1
2026/10/02 19:24:35 OK   00002_platform_meta.sql (32.7ms)
2026/10/02 19:24:35 OK   00003_finding.sql (13.36ms)
2026/10/02 19:24:35 OK   00004_incident.sql (10.48ms)
2026/10/02 19:24:35 OK   00005_investigation.sql (7.82ms)
2026/10/02 19:24:35 OK   00006_action_command.sql (10.38ms)
2026/10/02 19:24:35 OK   00007_audit.sql (15.08ms)
2026/10/02 19:24:35 OK   00008_rls.sql (10.48ms)
2026/10/02 19:24:35 OK   00009_idempotency_ledger.sql (11.7ms)
2026/10/02 19:24:35 OK   00010_tenant_provisioning.sql (4.88ms)
2026/10/02 19:24:35 OK   00011_source_registration_history.sql (9.23ms)
2026/10/02 19:24:35 OK   00012_config_registry_lifecycle.sql (20.54ms)
2026/10/02 19:24:35 OK   00013_audit_signed_segments.sql (11.55ms)
2026/10/02 19:24:35 OK   00014_audit_segment_predecessors.sql (8.4ms)
2026/10/02 19:24:35 OK   00015_source_schema_scope.sql (4.83ms)
2026/10/02 19:24:35 OK   00016_cluster_registration_metadata.sql (7.91ms)
2026/10/02 19:24:35 OK   00017_source_data_scope.sql (6.73ms)
2026/10/02 19:24:35 OK   00018_sp04_resources_evidence.sql (29.73ms)
2026/10/02 19:24:35 OK   00019_sp04_archive_ciphertext_bytes.sql (4.01ms)
2026/10/02 19:24:35 OK   00020_sp04_request_ledger.sql (7.84ms)
2026/10/02 19:24:35 OK   00021_sp04_archive_protection.sql (4.93ms)
2026/10/02 19:24:35 OK   00022_sp04_legal_hold_dependencies.sql (3.95ms)
2026/10/02 19:24:35 OK   00023_sp04_archive_query_intent.sql (4.83ms)
2026/10/02 19:24:35 OK   00024_sp05_finding_incident.sql (13.65ms)
2026/10/02 19:24:35 OK   00025_sp05_incident_event_time.sql (3.55ms)
2026/10/02 19:24:35 OK   00026_sp05_source_binding_lock.sql (4.38ms)
2026/10/02 19:24:35 OK   00027_sp05_rca_and_poll.sql (7.09ms)
2026/10/02 19:24:35 OK   00028_sp05_operator_lock.sql (8.2ms)
2026/10/02 19:24:35 OK   00029_sp05_evidence_links.sql (7.13ms)
2026/10/02 19:24:35 OK   00030_sp05_recipe_fence.sql (4.67ms)
2026/10/02 19:24:35 goose: successfully migrated database to version: 30
--- PASS: TestSP05PollBirthClockSurvivesPostgreSQLPrecisionAndRestart (0.63s)
PASS
ok  	ops-platform/test/integration	18.925s
