=== RUN   TestSP05ActualOrbStackInspectionAPIWorkerArchiveAndRestart
2026/10/02 19:13:24 OK   00001_roles_and_schemas.sql (12.28ms)
2026/10/02 19:13:24 goose: successfully migrated database to version: 1
2026/10/02 19:13:24 OK   00002_platform_meta.sql (21.89ms)
2026/10/02 19:13:24 OK   00003_finding.sql (11.67ms)
2026/10/02 19:13:24 OK   00004_incident.sql (9.06ms)
2026/10/02 19:13:24 OK   00005_investigation.sql (16.11ms)
2026/10/02 19:13:24 OK   00006_action_command.sql (5.23ms)
2026/10/02 19:13:24 OK   00007_audit.sql (7.55ms)
2026/10/02 19:13:24 OK   00008_rls.sql (7.91ms)
2026/10/02 19:13:24 OK   00009_idempotency_ledger.sql (9.24ms)
2026/10/02 19:13:24 OK   00010_tenant_provisioning.sql (11.41ms)
2026/10/02 19:13:24 OK   00011_source_registration_history.sql (8.86ms)
2026/10/02 19:13:24 OK   00012_config_registry_lifecycle.sql (8.53ms)
2026/10/02 19:13:24 OK   00013_audit_signed_segments.sql (18.31ms)
2026/10/02 19:13:24 OK   00014_audit_segment_predecessors.sql (7.01ms)
2026/10/02 19:13:24 OK   00015_source_schema_scope.sql (3.59ms)
2026/10/02 19:13:24 OK   00016_cluster_registration_metadata.sql (10.31ms)
2026/10/02 19:13:24 OK   00017_source_data_scope.sql (6.67ms)
2026/10/02 19:13:24 OK   00018_sp04_resources_evidence.sql (15.83ms)
2026/10/02 19:13:24 OK   00019_sp04_archive_ciphertext_bytes.sql (4.5ms)
2026/10/02 19:13:24 OK   00020_sp04_request_ledger.sql (5.57ms)
2026/10/02 19:13:24 OK   00021_sp04_archive_protection.sql (6.2ms)
2026/10/02 19:13:24 OK   00022_sp04_legal_hold_dependencies.sql (4.2ms)
2026/10/02 19:13:24 OK   00023_sp04_archive_query_intent.sql (5.08ms)
2026/10/02 19:13:24 OK   00024_sp05_finding_incident.sql (13.78ms)
2026/10/02 19:13:24 OK   00025_sp05_incident_event_time.sql (4.27ms)
2026/10/02 19:13:24 OK   00026_sp05_source_binding_lock.sql (8.19ms)
2026/10/02 19:13:24 OK   00027_sp05_rca_and_poll.sql (7.51ms)
2026/10/02 19:13:24 OK   00028_sp05_operator_lock.sql (12.56ms)
2026/10/02 19:13:24 OK   00029_sp05_evidence_links.sql (10.55ms)
2026/10/02 19:13:24 OK   00030_sp05_recipe_fence.sql (4.66ms)
2026/10/02 19:13:24 goose: successfully migrated database to version: 30
    sp05_live_test.go:56: ERROR: backend_logical_id is an immutable source identity (SQLSTATE 23514)
--- FAIL: TestSP05ActualOrbStackInspectionAPIWorkerArchiveAndRestart (1.33s)
FAIL
FAIL	ops-platform/test/integration	2.364s
FAIL
