=== RUN   TestSP05ActualOrbStackInspectionAPIWorkerArchiveAndRestart
2026/10/02 19:15:33 OK   00001_roles_and_schemas.sql (30.78ms)
2026/10/02 19:15:33 goose: successfully migrated database to version: 1
2026/10/02 19:15:33 OK   00002_platform_meta.sql (30.15ms)
2026/10/02 19:15:33 OK   00003_finding.sql (13.66ms)
2026/10/02 19:15:33 OK   00004_incident.sql (16.73ms)
2026/10/02 19:15:33 OK   00005_investigation.sql (24.98ms)
2026/10/02 19:15:33 OK   00006_action_command.sql (7.31ms)
2026/10/02 19:15:33 OK   00007_audit.sql (24.72ms)
2026/10/02 19:15:33 OK   00008_rls.sql (15.76ms)
2026/10/02 19:15:33 OK   00009_idempotency_ledger.sql (12.73ms)
2026/10/02 19:15:33 OK   00010_tenant_provisioning.sql (5.25ms)
2026/10/02 19:15:33 OK   00011_source_registration_history.sql (33.97ms)
2026/10/02 19:15:33 OK   00012_config_registry_lifecycle.sql (23.74ms)
2026/10/02 19:15:33 OK   00013_audit_signed_segments.sql (13.06ms)
2026/10/02 19:15:33 OK   00014_audit_segment_predecessors.sql (24.11ms)
2026/10/02 19:15:33 OK   00015_source_schema_scope.sql (4.62ms)
2026/10/02 19:15:33 OK   00016_cluster_registration_metadata.sql (17.59ms)
2026/10/02 19:15:33 OK   00017_source_data_scope.sql (4.08ms)
2026/10/02 19:15:33 OK   00018_sp04_resources_evidence.sql (28.68ms)
2026/10/02 19:15:33 OK   00019_sp04_archive_ciphertext_bytes.sql (4.39ms)
2026/10/02 19:15:33 OK   00020_sp04_request_ledger.sql (4.53ms)
2026/10/02 19:15:33 OK   00021_sp04_archive_protection.sql (3.86ms)
2026/10/02 19:15:33 OK   00022_sp04_legal_hold_dependencies.sql (12.19ms)
2026/10/02 19:15:33 OK   00023_sp04_archive_query_intent.sql (8.89ms)
2026/10/02 19:15:33 OK   00024_sp05_finding_incident.sql (13.26ms)
2026/10/02 19:15:33 OK   00025_sp05_incident_event_time.sql (7.81ms)
2026/10/02 19:15:33 OK   00026_sp05_source_binding_lock.sql (9.73ms)
2026/10/02 19:15:33 OK   00027_sp05_rca_and_poll.sql (8.81ms)
2026/10/02 19:15:33 OK   00028_sp05_operator_lock.sql (4.68ms)
2026/10/02 19:15:33 OK   00029_sp05_evidence_links.sql (20.31ms)
2026/10/02 19:15:33 OK   00030_sp05_recipe_fence.sql (4.57ms)
2026/10/02 19:15:33 goose: successfully migrated database to version: 30
    archive_iam_test.go:41: owned TLS/IAM fixture image=docker.io/chrislusf/seaweedfs@sha256:d4cf67729aa8777e1a43a5b61d72e5b96179e4b7bac9a221cb14cbc2036cb32e id=785c7ecc7d114dfe2d8ccbd362710c1fae85ff844e0a2d8381c29b5ea78073e5 bucket=sp05-chain-3f45905e tenants=1
{"time":"2026-10-02T19:15:38.298783+08:00","level":"WARN","msg":"Graph ownership not ready","qualification":{"/v1/configmaps":"list_missing","/v1/events":"list_missing","/v1/nodes":"list_missing","/v1/persistentvolumeclaims":"list_missing","/v1/persistentvolumes":"list_missing","/v1/pods":"list_missing","/v1/services":"list_missing","apps/v1/daemonsets":"list_missing","apps/v1/deployments":"list_missing","apps/v1/replicasets":"list_missing","apps/v1/statefulsets":"list_missing","batch/v1/jobs":"list_missing","discovery.k8s.io/v1/endpointslices":"list_missing","storage.k8s.io/v1/csidrivers":"list_missing","storage.k8s.io/v1/csinodes":"list_missing","storage.k8s.io/v1/storageclasses":"list_missing","storage.k8s.io/v1/volumeattachments":"list_missing"}}
{"time":"2026-10-02T19:15:40.383592+08:00","level":"WARN","msg":"Graph ownership not ready","qualification":{"/v1/configmaps":"list_missing","/v1/events":"list_missing","/v1/nodes":"list_missing","/v1/persistentvolumeclaims":"list_missing","/v1/persistentvolumes":"list_missing","/v1/pods":"list_missing","/v1/services":"list_missing","apps/v1/daemonsets":"list_missing","apps/v1/statefulsets":"list_missing","batch/v1/jobs":"list_missing","discovery.k8s.io/v1/endpointslices":"list_missing","storage.k8s.io/v1/csidrivers":"list_missing","storage.k8s.io/v1/csinodes":"list_missing","storage.k8s.io/v1/volumeattachments":"list_missing"}}
{"time":"2026-10-02T19:15:41.234436+08:00","level":"WARN","msg":"Kubernetes collection unavailable","gvr":"/api/v1/pods","errorClass":"*errors.errorString"}
{"time":"2026-10-02T19:15:41.524051+08:00","level":"WARN","msg":"Kubernetes collection unavailable","gvr":"/api/v1/persistentvolumeclaims","errorClass":"*errors.errorString"}
{"time":"2026-10-02T19:15:42.343305+08:00","level":"WARN","msg":"Graph ownership not ready","qualification":{"/v1/pods":"list_missing"}}
{"time":"2026-10-02T19:15:42.461782+08:00","level":"WARN","msg":"Kubernetes collection unavailable","gvr":"/api/v1/pods","errorClass":"*errors.errorString"}
{"time":"2026-10-02T19:15:42.649224+08:00","level":"WARN","msg":"Kubernetes collection unavailable","gvr":"/api/v1/persistentvolumeclaims","errorClass":"*errors.errorString"}
{"time":"2026-10-02T19:15:43.583798+08:00","level":"WARN","msg":"Kubernetes collection unavailable","gvr":"/api/v1/pods","errorClass":"*errors.errorString"}
{"time":"2026-10-02T19:15:44.252164+08:00","level":"WARN","msg":"Graph ownership not ready","qualification":{"/v1/persistentvolumeclaims":"list_missing"}}
{"time":"2026-10-02T19:15:44.420887+08:00","level":"WARN","msg":"Kubernetes collection unavailable","gvr":"/api/v1/persistentvolumeclaims","errorClass":"*errors.errorString"}
{"time":"2026-10-02T19:15:44.702351+08:00","level":"WARN","msg":"Kubernetes collection unavailable","gvr":"/api/v1/pods","errorClass":"*errors.errorString"}
{"time":"2026-10-02T19:15:45.53003+08:00","level":"WARN","msg":"Kubernetes collection unavailable","gvr":"/api/v1/persistentvolumeclaims","errorClass":"*errors.errorString"}
{"time":"2026-10-02T19:15:45.823198+08:00","level":"WARN","msg":"Kubernetes collection unavailable","gvr":"/api/v1/pods","errorClass":"*errors.errorString"}
{"time":"2026-10-02T19:15:46.642552+08:00","level":"WARN","msg":"Kubernetes collection unavailable","gvr":"/api/v1/persistentvolumeclaims","errorClass":"*errors.errorString"}
{"time":"2026-10-02T19:15:46.94707+08:00","level":"WARN","msg":"Kubernetes collection unavailable","gvr":"/api/v1/pods","errorClass":"*errors.errorString"}
{"time":"2026-10-02T19:15:47.756392+08:00","level":"WARN","msg":"Kubernetes collection unavailable","gvr":"/api/v1/persistentvolumeclaims","errorClass":"*errors.errorString"}
{"time":"2026-10-02T19:15:48.06517+08:00","level":"WARN","msg":"Kubernetes collection unavailable","gvr":"/api/v1/pods","errorClass":"*errors.errorString"}
{"time":"2026-10-02T19:15:48.578399+08:00","level":"INFO","msg":"http request complete","request_id":"01a0fc53-d8d3-77e3-a2f7-e04037b4a8cb","method":"GET","status_code":200,"duration_ms":14}
{"time":"2026-10-02T19:15:48.583975+08:00","level":"INFO","msg":"http request complete","request_id":"01a0fc53-d8e2-7910-b37a-c1491ae4839f","method":"GET","status_code":200,"duration_ms":5}
{"time":"2026-10-02T19:15:48.590162+08:00","level":"INFO","msg":"http request complete","request_id":"01a0fc53-d8e8-72ce-b7cf-3075a527b70f","method":"GET","status_code":200,"duration_ms":5}
{"time":"2026-10-02T19:15:48.614148+08:00","level":"INFO","msg":"http request complete","request_id":"01a0fc53-d8ee-770c-97d5-eda6a4805cdc","method":"POST","status_code":200,"duration_ms":23}
{"time":"2026-10-02T19:15:48.634148+08:00","level":"INFO","msg":"http request complete","request_id":"01a0fc53-d906-7576-a272-d8045fb29768","method":"POST","status_code":200,"duration_ms":19}
{"time":"2026-10-02T19:15:48.842183+08:00","level":"WARN","msg":"Graph ownership not ready","qualification":{"/v1/configmaps":"list_missing","/v1/events":"list_missing","/v1/nodes":"list_missing","/v1/persistentvolumeclaims":"list_missing","/v1/persistentvolumes":"list_missing","/v1/pods":"list_missing","/v1/services":"list_missing","apps/v1/daemonsets":"list_missing","apps/v1/deployments":"list_missing","apps/v1/replicasets":"list_missing","apps/v1/statefulsets":"list_missing","batch/v1/jobs":"list_missing","discovery.k8s.io/v1/endpointslices":"list_missing","storage.k8s.io/v1/csidrivers":"list_missing","storage.k8s.io/v1/csinodes":"list_missing","storage.k8s.io/v1/storageclasses":"list_missing","storage.k8s.io/v1/volumeattachments":"list_missing"}}
{"time":"2026-10-02T19:15:48.847456+08:00","level":"INFO","msg":"http request complete","request_id":"01a0fc53-d9ed-7a44-bb0b-62f6f69559a6","method":"POST","status_code":403,"duration_ms":1}
    sp05_live_test.go:250: actual OrbStack native PVC/scheduling -> Worker inspector -> unified Finding ingress -> PostgreSQL outbox consumer -> Incident -> real OpenBao/SeaweedFS archive; OIDC API replay and Worker restart; no performance measurement; hardware and Node fault injection remain separate frozen fixtures
--- PASS: TestSP05ActualOrbStackInspectionAPIWorkerArchiveAndRestart (17.36s)
PASS
ok  	ops-platform/test/integration	18.406s
