=== RUN   TestSP05ActualOrbStackInspectionAPIWorkerArchiveAndRestart
2026/10/02 23:06:28 OK   00001_roles_and_schemas.sql (10.57ms)
2026/10/02 23:06:28 goose: successfully migrated database to version: 1
2026/10/02 23:06:28 OK   00002_platform_meta.sql (16.3ms)
2026/10/02 23:06:28 OK   00003_finding.sql (6.41ms)
2026/10/02 23:06:28 OK   00004_incident.sql (4.77ms)
2026/10/02 23:06:28 OK   00005_investigation.sql (5.18ms)
2026/10/02 23:06:28 OK   00006_action_command.sql (4.9ms)
2026/10/02 23:06:28 OK   00007_audit.sql (6.77ms)
2026/10/02 23:06:28 OK   00008_rls.sql (6.89ms)
2026/10/02 23:06:28 OK   00009_idempotency_ledger.sql (6.43ms)
2026/10/02 23:06:28 OK   00010_tenant_provisioning.sql (3.82ms)
2026/10/02 23:06:28 OK   00011_source_registration_history.sql (5.09ms)
2026/10/02 23:06:28 OK   00012_config_registry_lifecycle.sql (6.58ms)
2026/10/02 23:06:28 OK   00013_audit_signed_segments.sql (7.77ms)
2026/10/02 23:06:28 OK   00014_audit_segment_predecessors.sql (4.6ms)
2026/10/02 23:06:28 OK   00015_source_schema_scope.sql (2.86ms)
2026/10/02 23:06:28 OK   00016_cluster_registration_metadata.sql (3.88ms)
2026/10/02 23:06:28 OK   00017_source_data_scope.sql (3.49ms)
2026/10/02 23:06:28 OK   00018_sp04_resources_evidence.sql (9.94ms)
2026/10/02 23:06:28 OK   00019_sp04_archive_ciphertext_bytes.sql (3.16ms)
2026/10/02 23:06:28 OK   00020_sp04_request_ledger.sql (3.92ms)
2026/10/02 23:06:28 OK   00021_sp04_archive_protection.sql (3.1ms)
2026/10/02 23:06:28 OK   00022_sp04_legal_hold_dependencies.sql (2.94ms)
2026/10/02 23:06:28 OK   00023_sp04_archive_query_intent.sql (3.09ms)
2026/10/02 23:06:28 OK   00024_sp05_finding_incident.sql (12.94ms)
2026/10/02 23:06:28 OK   00025_sp05_incident_event_time.sql (3.45ms)
2026/10/02 23:06:28 OK   00026_sp05_source_binding_lock.sql (3.92ms)
2026/10/02 23:06:28 OK   00027_sp05_rca_and_poll.sql (6.66ms)
2026/10/02 23:06:28 OK   00028_sp05_operator_lock.sql (4.68ms)
2026/10/02 23:06:28 OK   00029_sp05_evidence_links.sql (5.51ms)
2026/10/02 23:06:28 OK   00030_sp05_recipe_fence.sql (2.97ms)
2026/10/02 23:06:28 OK   00031_sp05_rca_postcheck.sql (2.13ms)
2026/10/02 23:06:28 OK   00032_sp05_transport_audit.sql (2.61ms)
2026/10/02 23:06:28 goose: successfully migrated database to version: 32
    archive_iam_test.go:41: owned TLS/IAM fixture image=docker.io/chrislusf/seaweedfs@sha256:d4cf67729aa8777e1a43a5b61d72e5b96179e4b7bac9a221cb14cbc2036cb32e id=e457227b6e3daa310a819bd4610bb335c5c93a774541ad6c03cbffef57d398c7 bucket=sp05-chain-702a2426 tenants=1
{"time":"2026-10-02T23:06:32.797486+08:00","level":"WARN","msg":"Graph ownership not ready","qualification":{"/v1/configmaps":"list_missing","/v1/events":"list_missing","/v1/nodes":"list_missing","/v1/persistentvolumeclaims":"list_missing","/v1/persistentvolumes":"list_missing","/v1/pods":"list_missing","/v1/services":"list_missing","apps/v1/daemonsets":"list_missing","apps/v1/deployments":"list_missing","apps/v1/replicasets":"list_missing","apps/v1/statefulsets":"list_missing","batch/v1/jobs":"list_missing","discovery.k8s.io/v1/endpointslices":"list_missing","storage.k8s.io/v1/csidrivers":"list_missing","storage.k8s.io/v1/csinodes":"list_missing","storage.k8s.io/v1/storageclasses":"list_missing","storage.k8s.io/v1/volumeattachments":"list_missing"}}
{"time":"2026-10-02T23:06:34.828703+08:00","level":"WARN","msg":"Graph ownership not ready","qualification":{"/v1/configmaps":"list_missing","/v1/events":"list_missing","/v1/nodes":"list_missing","/v1/persistentvolumeclaims":"list_missing","/v1/persistentvolumes":"list_missing","/v1/pods":"list_missing","/v1/services":"list_missing","apps/v1/daemonsets":"list_missing","apps/v1/deployments":"list_missing","apps/v1/replicasets":"list_missing","apps/v1/statefulsets":"list_missing","discovery.k8s.io/v1/endpointslices":"list_missing","storage.k8s.io/v1/csinodes":"list_missing","storage.k8s.io/v1/storageclasses":"list_missing"}}
{"time":"2026-10-02T23:06:43.168124+08:00","level":"INFO","msg":"http request complete","request_id":"01a0fd27-3fe3-7947-865b-56078e44f704","method":"GET","status_code":200,"duration_ms":124}
{"time":"2026-10-02T23:06:43.17451+08:00","level":"INFO","msg":"http request complete","request_id":"01a0fd27-4061-72b7-9ec8-85b611710f07","method":"GET","status_code":200,"duration_ms":5}
{"time":"2026-10-02T23:06:43.180282+08:00","level":"INFO","msg":"http request complete","request_id":"01a0fd27-4066-7b5a-ae41-d099279e060a","method":"GET","status_code":200,"duration_ms":5}
{"time":"2026-10-02T23:06:43.185622+08:00","level":"INFO","msg":"http request complete","request_id":"01a0fd27-406c-77cc-b43f-1ec7382c2253","method":"GET","status_code":200,"duration_ms":5}
{"time":"2026-10-02T23:06:43.198257+08:00","level":"INFO","msg":"http request complete","request_id":"01a0fd27-4071-7c6b-8c5c-0567045be299","method":"POST","status_code":200,"duration_ms":12}
{"time":"2026-10-02T23:06:43.208382+08:00","level":"INFO","msg":"http request complete","request_id":"01a0fd27-407e-7606-aa5c-74aaedfd533f","method":"POST","status_code":200,"duration_ms":9}
{"time":"2026-10-02T23:06:43.418701+08:00","level":"WARN","msg":"Graph ownership not ready","qualification":{"/v1/configmaps":"list_missing","/v1/events":"list_missing","/v1/nodes":"list_missing","/v1/persistentvolumeclaims":"list_missing","/v1/persistentvolumes":"list_missing","/v1/pods":"list_missing","/v1/services":"list_missing","apps/v1/daemonsets":"list_missing","apps/v1/deployments":"list_missing","apps/v1/replicasets":"list_missing","apps/v1/statefulsets":"list_missing","batch/v1/jobs":"list_missing","discovery.k8s.io/v1/endpointslices":"list_missing","storage.k8s.io/v1/csidrivers":"list_missing","storage.k8s.io/v1/csinodes":"list_missing","storage.k8s.io/v1/storageclasses":"list_missing","storage.k8s.io/v1/volumeattachments":"list_missing"}}
{"time":"2026-10-02T23:06:43.41907+08:00","level":"INFO","msg":"http request complete","request_id":"01a0fd27-4159-75d0-a288-86454d04116f","method":"POST","status_code":403,"duration_ms":1}
    sp05_live_test.go:266: actual OrbStack native PVC/scheduling -> Worker inspector -> unified Finding ingress -> PostgreSQL outbox consumer -> Incident -> real OpenBao/SeaweedFS archive; OIDC API replay and Worker restart; no performance measurement; hardware and Node fault injection remain separate frozen fixtures
--- PASS: TestSP05ActualOrbStackInspectionAPIWorkerArchiveAndRestart (16.44s)
PASS
ok  	ops-platform/test/integration	17.367s
