=== RUN   TestSP05ActualOrbStackInspectionAPIWorkerArchiveAndRestart
2026/10/02 19:10:56 OK   00001_roles_and_schemas.sql (20.72ms)
2026/10/02 19:10:56 goose: successfully migrated database to version: 1
2026/10/02 19:10:56 OK   00002_platform_meta.sql (29.81ms)
2026/10/02 19:10:56 OK   00003_finding.sql (20.92ms)
2026/10/02 19:10:56 OK   00004_incident.sql (6.65ms)
2026/10/02 19:10:56 OK   00005_investigation.sql (9.15ms)
2026/10/02 19:10:56 OK   00006_action_command.sql (15.83ms)
2026/10/02 19:10:56 OK   00007_audit.sql (10.24ms)
2026/10/02 19:10:56 OK   00008_rls.sql (19.51ms)
2026/10/02 19:10:56 OK   00009_idempotency_ledger.sql (7.89ms)
2026/10/02 19:10:56 OK   00010_tenant_provisioning.sql (5.79ms)
2026/10/02 19:10:56 OK   00011_source_registration_history.sql (12.29ms)
2026/10/02 19:10:56 OK   00012_config_registry_lifecycle.sql (14.01ms)
2026/10/02 19:10:56 OK   00013_audit_signed_segments.sql (13.18ms)
2026/10/02 19:10:56 OK   00014_audit_segment_predecessors.sql (9.72ms)
2026/10/02 19:10:56 OK   00015_source_schema_scope.sql (3.63ms)
2026/10/02 19:10:56 OK   00016_cluster_registration_metadata.sql (7.49ms)
2026/10/02 19:10:56 OK   00017_source_data_scope.sql (5.04ms)
2026/10/02 19:10:56 OK   00018_sp04_resources_evidence.sql (22.14ms)
2026/10/02 19:10:56 OK   00019_sp04_archive_ciphertext_bytes.sql (7.1ms)
2026/10/02 19:10:56 OK   00020_sp04_request_ledger.sql (5.52ms)
2026/10/02 19:10:56 OK   00021_sp04_archive_protection.sql (4.09ms)
2026/10/02 19:10:56 OK   00022_sp04_legal_hold_dependencies.sql (3.14ms)
2026/10/02 19:10:56 OK   00023_sp04_archive_query_intent.sql (4.11ms)
2026/10/02 19:10:57 OK   00024_sp05_finding_incident.sql (29.15ms)
2026/10/02 19:10:57 OK   00025_sp05_incident_event_time.sql (4.51ms)
2026/10/02 19:10:57 OK   00026_sp05_source_binding_lock.sql (6.09ms)
2026/10/02 19:10:57 OK   00027_sp05_rca_and_poll.sql (16.15ms)
2026/10/02 19:10:57 OK   00028_sp05_operator_lock.sql (5.36ms)
2026/10/02 19:10:57 OK   00029_sp05_evidence_links.sql (5.77ms)
2026/10/02 19:10:57 OK   00030_sp05_recipe_fence.sql (5.19ms)
2026/10/02 19:10:57 goose: successfully migrated database to version: 30
    sp05_live_test.go:51: ERROR: cluster_uid is an immutable tenant-scoped identity (SQLSTATE 23514)
--- FAIL: TestSP05ActualOrbStackInspectionAPIWorkerArchiveAndRestart (1.51s)
FAIL
FAIL	ops-platform/test/integration	2.522s
FAIL
