=== RUN   TestSP05ActualOrbStackInspectionAPIWorkerArchiveAndRestart
2026/10/02 22:12:58 OK   00001_roles_and_schemas.sql (12.18ms)
2026/10/02 22:12:58 goose: successfully migrated database to version: 1
2026/10/02 22:12:58 OK   00002_platform_meta.sql (18.34ms)
2026/10/02 22:12:58 OK   00003_finding.sql (7.92ms)
2026/10/02 22:12:58 OK   00004_incident.sql (5.69ms)
2026/10/02 22:12:58 OK   00005_investigation.sql (6.34ms)
2026/10/02 22:12:58 OK   00006_action_command.sql (5.78ms)
2026/10/02 22:12:58 OK   00007_audit.sql (8.87ms)
2026/10/02 22:12:58 OK   00008_rls.sql (9.92ms)
2026/10/02 22:12:58 OK   00009_idempotency_ledger.sql (7.48ms)
2026/10/02 22:12:58 OK   00010_tenant_provisioning.sql (5.1ms)
2026/10/02 22:12:58 OK   00011_source_registration_history.sql (6.77ms)
2026/10/02 22:12:58 OK   00012_config_registry_lifecycle.sql (9.42ms)
2026/10/02 22:12:58 OK   00013_audit_signed_segments.sql (10.3ms)
2026/10/02 22:12:58 OK   00014_audit_segment_predecessors.sql (5.43ms)
2026/10/02 22:12:58 OK   00015_source_schema_scope.sql (3.34ms)
2026/10/02 22:12:58 OK   00016_cluster_registration_metadata.sql (4.26ms)
2026/10/02 22:12:58 OK   00017_source_data_scope.sql (3.77ms)
2026/10/02 22:12:58 OK   00018_sp04_resources_evidence.sql (13ms)
2026/10/02 22:12:58 OK   00019_sp04_archive_ciphertext_bytes.sql (3.16ms)
2026/10/02 22:12:58 OK   00020_sp04_request_ledger.sql (3.96ms)
2026/10/02 22:12:58 OK   00021_sp04_archive_protection.sql (3.12ms)
2026/10/02 22:12:58 OK   00022_sp04_legal_hold_dependencies.sql (2.18ms)
2026/10/02 22:12:58 OK   00023_sp04_archive_query_intent.sql (2.64ms)
2026/10/02 22:12:58 OK   00024_sp05_finding_incident.sql (14.73ms)
2026/10/02 22:12:58 OK   00025_sp05_incident_event_time.sql (2.82ms)
2026/10/02 22:12:58 OK   00026_sp05_source_binding_lock.sql (3.14ms)
2026/10/02 22:12:58 OK   00027_sp05_rca_and_poll.sql (7.77ms)
2026/10/02 22:12:58 OK   00028_sp05_operator_lock.sql (3.05ms)
2026/10/02 22:12:58 OK   00029_sp05_evidence_links.sql (3.93ms)
2026/10/02 22:12:58 OK   00030_sp05_recipe_fence.sql (2.34ms)
2026/10/02 22:12:58 OK   00031_sp05_rca_postcheck.sql (3.04ms)
2026/10/02 22:12:58 OK   00032_sp05_transport_audit.sql (2.6ms)
2026/10/02 22:12:58 goose: successfully migrated database to version: 32
    archive_iam_test.go:41: owned TLS/IAM fixture image=docker.io/chrislusf/seaweedfs@sha256:d4cf67729aa8777e1a43a5b61d72e5b96179e4b7bac9a221cb14cbc2036cb32e id=71406bc65a58a91f50d06a84ddc6f3a2e058c7374e03d2f45154d387e46328f4 bucket=sp05-chain-61646178 tenants=1
{"time":"2026-10-02T22:13:06.201446+08:00","level":"WARN","msg":"Graph ownership not ready","qualification":{"/v1/configmaps":"list_missing","/v1/events":"list_missing","/v1/nodes":"list_missing","/v1/persistentvolumeclaims":"list_missing","/v1/persistentvolumes":"list_missing","/v1/pods":"list_missing","/v1/services":"list_missing","apps/v1/daemonsets":"list_missing","apps/v1/deployments":"list_missing","apps/v1/replicasets":"list_missing","apps/v1/statefulsets":"list_missing","batch/v1/jobs":"list_missing","discovery.k8s.io/v1/endpointslices":"list_missing","storage.k8s.io/v1/csidrivers":"list_missing","storage.k8s.io/v1/csinodes":"list_missing","storage.k8s.io/v1/storageclasses":"list_missing","storage.k8s.io/v1/volumeattachments":"list_missing"}}
{"time":"2026-10-02T22:13:08.237586+08:00","level":"WARN","msg":"Graph ownership not ready","qualification":{"/v1/events":"list_missing","/v1/nodes":"list_missing","/v1/persistentvolumeclaims":"list_missing","/v1/persistentvolumes":"list_missing","/v1/pods":"list_missing","/v1/services":"list_missing","apps/v1/daemonsets":"list_missing","apps/v1/deployments":"list_missing","apps/v1/replicasets":"list_missing","apps/v1/statefulsets":"list_missing","discovery.k8s.io/v1/endpointslices":"list_missing","storage.k8s.io/v1/csidrivers":"list_missing","storage.k8s.io/v1/csinodes":"list_missing","storage.k8s.io/v1/volumeattachments":"list_missing"}}
{"time":"2026-10-02T22:13:16.394869+08:00","level":"INFO","msg":"http request complete","request_id":"01a0fcf6-5114-7a96-8111-cb7b591541d6","method":"GET","status_code":200,"duration_ms":214}
{"time":"2026-10-02T22:13:16.400538+08:00","level":"INFO","msg":"http request complete","request_id":"01a0fcf6-51eb-7991-8c76-a06ddb35f4b4","method":"GET","status_code":200,"duration_ms":4}
{"time":"2026-10-02T22:13:16.40431+08:00","level":"INFO","msg":"http request complete","request_id":"01a0fcf6-51f0-7a83-b6d3-186ab1ef479c","method":"GET","status_code":200,"duration_ms":3}
{"time":"2026-10-02T22:13:16.408303+08:00","level":"INFO","msg":"http request complete","request_id":"01a0fcf6-51f4-777a-a89f-3a12d3211258","method":"GET","status_code":200,"duration_ms":3}
{"time":"2026-10-02T22:13:16.420937+08:00","level":"INFO","msg":"http request complete","request_id":"01a0fcf6-51f8-7708-9776-abcc15fd9939","method":"POST","status_code":200,"duration_ms":12}
{"time":"2026-10-02T22:13:16.429159+08:00","level":"INFO","msg":"http request complete","request_id":"01a0fcf6-5205-70fa-8db7-e4987e25c217","method":"POST","status_code":200,"duration_ms":8}
{"time":"2026-10-02T22:13:16.636835+08:00","level":"WARN","msg":"Graph ownership not ready","qualification":{"/v1/configmaps":"list_missing","/v1/events":"list_missing","/v1/nodes":"list_missing","/v1/persistentvolumeclaims":"list_missing","/v1/persistentvolumes":"list_missing","/v1/pods":"list_missing","/v1/services":"list_missing","apps/v1/daemonsets":"list_missing","apps/v1/deployments":"list_missing","apps/v1/replicasets":"list_missing","apps/v1/statefulsets":"list_missing","batch/v1/jobs":"list_missing","discovery.k8s.io/v1/endpointslices":"list_missing","storage.k8s.io/v1/csidrivers":"list_missing","storage.k8s.io/v1/csinodes":"list_missing","storage.k8s.io/v1/storageclasses":"list_missing","storage.k8s.io/v1/volumeattachments":"list_missing"}}
{"time":"2026-10-02T22:13:16.639643+08:00","level":"INFO","msg":"http request complete","request_id":"01a0fcf6-52de-79b8-8d00-d558c3e2dace","method":"POST","status_code":403,"duration_ms":0}
    sp05_live_test.go:266: actual OrbStack native PVC/scheduling -> Worker inspector -> unified Finding ingress -> PostgreSQL outbox consumer -> Incident -> real OpenBao/SeaweedFS archive; OIDC API replay and Worker restart; no performance measurement; hardware and Node fault injection remain separate frozen fixtures
--- PASS: TestSP05ActualOrbStackInspectionAPIWorkerArchiveAndRestart (20.91s)
PASS
ok  	ops-platform/test/integration	21.673s
