=== RUN   TestSP05ActualOrbStackInspectionAPIWorkerArchiveAndRestart
2026/10/02 19:19:11 OK   00001_roles_and_schemas.sql (9.99ms)
2026/10/02 19:19:11 goose: successfully migrated database to version: 1
2026/10/02 19:19:11 OK   00002_platform_meta.sql (32.7ms)
2026/10/02 19:19:11 OK   00003_finding.sql (9.33ms)
2026/10/02 19:19:11 OK   00004_incident.sql (12.12ms)
2026/10/02 19:19:11 OK   00005_investigation.sql (12.86ms)
2026/10/02 19:19:11 OK   00006_action_command.sql (12.32ms)
2026/10/02 19:19:11 OK   00007_audit.sql (16.22ms)
2026/10/02 19:19:11 OK   00008_rls.sql (8.96ms)
2026/10/02 19:19:11 OK   00009_idempotency_ledger.sql (9.11ms)
2026/10/02 19:19:11 OK   00010_tenant_provisioning.sql (5.23ms)
2026/10/02 19:19:11 OK   00011_source_registration_history.sql (7.22ms)
2026/10/02 19:19:11 OK   00012_config_registry_lifecycle.sql (8.32ms)
2026/10/02 19:19:11 OK   00013_audit_signed_segments.sql (9.76ms)
2026/10/02 19:19:11 OK   00014_audit_segment_predecessors.sql (7.31ms)
2026/10/02 19:19:11 OK   00015_source_schema_scope.sql (6.47ms)
2026/10/02 19:19:11 OK   00016_cluster_registration_metadata.sql (6.9ms)
2026/10/02 19:19:11 OK   00017_source_data_scope.sql (3.39ms)
2026/10/02 19:19:11 OK   00018_sp04_resources_evidence.sql (22.92ms)
2026/10/02 19:19:11 OK   00019_sp04_archive_ciphertext_bytes.sql (4.25ms)
2026/10/02 19:19:11 OK   00020_sp04_request_ledger.sql (5.05ms)
2026/10/02 19:19:11 OK   00021_sp04_archive_protection.sql (3.29ms)
2026/10/02 19:19:11 OK   00022_sp04_legal_hold_dependencies.sql (2.53ms)
2026/10/02 19:19:11 OK   00023_sp04_archive_query_intent.sql (10.39ms)
2026/10/02 19:19:11 OK   00024_sp05_finding_incident.sql (20.49ms)
2026/10/02 19:19:11 OK   00025_sp05_incident_event_time.sql (3.29ms)
2026/10/02 19:19:11 OK   00026_sp05_source_binding_lock.sql (3.71ms)
2026/10/02 19:19:11 OK   00027_sp05_rca_and_poll.sql (9.97ms)
2026/10/02 19:19:11 OK   00028_sp05_operator_lock.sql (5.42ms)
2026/10/02 19:19:11 OK   00029_sp05_evidence_links.sql (6.28ms)
2026/10/02 19:19:11 OK   00030_sp05_recipe_fence.sql (3.42ms)
2026/10/02 19:19:11 goose: successfully migrated database to version: 30
    archive_iam_test.go:41: owned TLS/IAM fixture image=docker.io/chrislusf/seaweedfs@sha256:d4cf67729aa8777e1a43a5b61d72e5b96179e4b7bac9a221cb14cbc2036cb32e id=0ae0d7d0454403d419662bd27b528ab8b209962850e4165dbc77b97e23c7cff6 bucket=sp05-chain-2aac9dc9 tenants=1
{"time":"2026-10-02T19:19:17.600909+08:00","level":"WARN","msg":"Graph ownership not ready","qualification":{"/v1/configmaps":"list_missing","/v1/events":"list_missing","/v1/nodes":"list_missing","/v1/persistentvolumeclaims":"list_missing","/v1/persistentvolumes":"list_missing","/v1/pods":"list_missing","/v1/services":"list_missing","apps/v1/daemonsets":"list_missing","apps/v1/deployments":"list_missing","apps/v1/replicasets":"list_missing","apps/v1/statefulsets":"list_missing","batch/v1/jobs":"list_missing","discovery.k8s.io/v1/endpointslices":"list_missing","storage.k8s.io/v1/csidrivers":"list_missing","storage.k8s.io/v1/csinodes":"list_missing","storage.k8s.io/v1/storageclasses":"list_missing","storage.k8s.io/v1/volumeattachments":"list_missing"}}
{"time":"2026-10-02T19:19:19.621181+08:00","level":"WARN","msg":"Graph ownership not ready","qualification":{"/v1/configmaps":"list_missing","/v1/nodes":"list_missing","/v1/persistentvolumeclaims":"list_missing","/v1/persistentvolumes":"list_missing","/v1/services":"list_missing","apps/v1/daemonsets":"list_missing","apps/v1/deployments":"list_missing","apps/v1/replicasets":"list_missing","apps/v1/statefulsets":"list_missing","batch/v1/jobs":"list_missing","discovery.k8s.io/v1/endpointslices":"list_missing","storage.k8s.io/v1/csidrivers":"list_missing","storage.k8s.io/v1/storageclasses":"list_missing","storage.k8s.io/v1/volumeattachments":"list_missing"}}
{"time":"2026-10-02T19:19:20.80558+08:00","level":"WARN","msg":"Kubernetes collection unavailable","gvr":"/api/v1/persistentvolumeclaims","errorClass":"idempotency_conflict"}
{"time":"2026-10-02T19:19:22.385916+08:00","level":"WARN","msg":"Kubernetes collection unavailable","gvr":"/api/v1/persistentvolumeclaims","errorClass":"idempotency_conflict"}
{"time":"2026-10-02T19:19:23.621218+08:00","level":"WARN","msg":"Kubernetes collection unavailable","gvr":"/api/v1/persistentvolumeclaims","errorClass":"idempotency_conflict"}
{"time":"2026-10-02T19:19:24.750947+08:00","level":"WARN","msg":"Kubernetes collection unavailable","gvr":"/api/v1/persistentvolumeclaims","errorClass":"idempotency_conflict"}
{"time":"2026-10-02T19:19:26.39635+08:00","level":"WARN","msg":"Kubernetes collection unavailable","gvr":"/api/v1/persistentvolumeclaims","errorClass":"idempotency_conflict"}
{"time":"2026-10-02T19:19:27.721592+08:00","level":"WARN","msg":"Kubernetes collection unavailable","gvr":"/api/v1/persistentvolumeclaims","errorClass":"idempotency_conflict"}
{"time":"2026-10-02T19:19:27.955377+08:00","level":"INFO","msg":"http request complete","request_id":"01a0fc57-314b-724d-9902-8d716835d1c3","method":"GET","status_code":200,"duration_ms":136}
    sp05_live_test.go:216: real scheduling condition not ingested: 0 <nil>
--- FAIL: TestSP05ActualOrbStackInspectionAPIWorkerArchiveAndRestart (17.80s)
=== RUN   TestSP05PollBirthClockSurvivesPostgreSQLPrecisionAndRestart
2026/10/02 19:19:28 OK   00001_roles_and_schemas.sql (11.19ms)
2026/10/02 19:19:28 goose: successfully migrated database to version: 1
2026/10/02 19:19:28 OK   00002_platform_meta.sql (28.38ms)
2026/10/02 19:19:28 OK   00003_finding.sql (10.8ms)
2026/10/02 19:19:28 OK   00004_incident.sql (8.34ms)
2026/10/02 19:19:28 OK   00005_investigation.sql (9.54ms)
2026/10/02 19:19:28 OK   00006_action_command.sql (19.3ms)
2026/10/02 19:19:28 OK   00007_audit.sql (14.7ms)
2026/10/02 19:19:28 OK   00008_rls.sql (8.47ms)
2026/10/02 19:19:28 OK   00009_idempotency_ledger.sql (12.13ms)
2026/10/02 19:19:28 OK   00010_tenant_provisioning.sql (4.87ms)
2026/10/02 19:19:28 OK   00011_source_registration_history.sql (8.83ms)
2026/10/02 19:19:28 OK   00012_config_registry_lifecycle.sql (11.41ms)
2026/10/02 19:19:28 OK   00013_audit_signed_segments.sql (18.69ms)
2026/10/02 19:19:28 OK   00014_audit_segment_predecessors.sql (15ms)
2026/10/02 19:19:28 OK   00015_source_schema_scope.sql (5.41ms)
2026/10/02 19:19:28 OK   00016_cluster_registration_metadata.sql (7.38ms)
2026/10/02 19:19:28 OK   00017_source_data_scope.sql (4.46ms)
2026/10/02 19:19:28 OK   00018_sp04_resources_evidence.sql (13.65ms)
2026/10/02 19:19:28 OK   00019_sp04_archive_ciphertext_bytes.sql (11.93ms)
2026/10/02 19:19:28 OK   00020_sp04_request_ledger.sql (5.91ms)
2026/10/02 19:19:28 OK   00021_sp04_archive_protection.sql (5.75ms)
2026/10/02 19:19:28 OK   00022_sp04_legal_hold_dependencies.sql (4.46ms)
2026/10/02 19:19:28 OK   00023_sp04_archive_query_intent.sql (4.45ms)
2026/10/02 19:19:29 OK   00024_sp05_finding_incident.sql (17.77ms)
2026/10/02 19:19:29 OK   00025_sp05_incident_event_time.sql (3.68ms)
2026/10/02 19:19:29 OK   00026_sp05_source_binding_lock.sql (4.21ms)
2026/10/02 19:19:29 OK   00027_sp05_rca_and_poll.sql (8.84ms)
2026/10/02 19:19:29 OK   00028_sp05_operator_lock.sql (4.43ms)
2026/10/02 19:19:29 OK   00029_sp05_evidence_links.sql (15.22ms)
2026/10/02 19:19:29 OK   00030_sp05_recipe_fence.sql (5.43ms)
2026/10/02 19:19:29 goose: successfully migrated database to version: 30
--- PASS: TestSP05PollBirthClockSurvivesPostgreSQLPrecisionAndRestart (0.56s)
FAIL
FAIL	ops-platform/test/integration	19.384s
FAIL
