python3 scripts/check-generated.py "go" gen web/src/api/generated internal/persistence/dbgen
✓ Lockfile passes supply-chain policies (verified 6d ago)
Lockfile is up to date, resolution step is skipped
Already up to date
Done in 189ms using pnpm v12.7.0
$ orval --config ./orval.config.ts
🍻 orval v8.37.0 - A swagger client generator for typescript
platform - 🎉 Smart Operations Platform API - Your OpenAPI spec has been converted into ready to use orval!
python3 scripts/prepare-runtime-source.py --check
{"modules": 95, "selectedModuleFiles": 2943, "standardLibraryFiles": 1377, "sourceBundleSHA256": "sha256:19b0c348370e339f8cb0c94276c17a88e9aede393269934b561b4938ede207ed"}
go vet ./...
?   	ops-platform/api	[no test files]
?   	ops-platform/artifacts	[no test files]
?   	ops-platform/artifacts/task27-materials/sp010203-bao-operator	[no test files]
?   	ops-platform/artifacts/task27-materials/sp010203-cleanup-operator	[no test files]
?   	ops-platform/artifacts/task27-materials/sp010203-live-runtime-probe	[no test files]
?   	ops-platform/artifacts/task27-materials/sp010203-operator-helper	[no test files]
?   	ops-platform/artifacts/task27-materials/sp010203-role-probe	[no test files]
?   	ops-platform/bundle	[no test files]
?   	ops-platform/cmd/db-migrate	[no test files]
--- FAIL: TestBundleBuildCLIAndIndependentVerify (13.64s)
    build_bundle_test.go:103: load embedded component catalog: component "pyrca": version "sfr-pyrca/1.0.1" must be an exact version or immutable commit
FAIL
FAIL	ops-platform/cmd/opsctl	14.377s
?   	ops-platform/cmd/platform-api	[no test files]
?   	ops-platform/cmd/platform-worker	[no test files]
?   	ops-platform/gen/api	[no test files]
?   	ops-platform/gen/internalgraph	[no test files]
ok  	ops-platform/internal/app	0.785s
ok  	ops-platform/internal/archive	(cached)
ok  	ops-platform/internal/audit	(cached)
ok  	ops-platform/internal/auth	(cached)
--- FAIL: TestBuildReproducibleAndVerifiable (0.04s)
    build_test.go:59: load embedded component catalog: component "pyrca": version "sfr-pyrca/1.0.1" must be an exact version or immutable commit
--- FAIL: TestBuildPayloadLargerThanOneMiBRoundTripsWithinDecoderLimit (0.03s)
    build_test.go:122: signed payload window must fit the bounded verifier: load embedded component catalog: component "pyrca": version "sfr-pyrca/1.0.1" must be an exact version or immutable commit
--- FAIL: TestBuildRejectsInvalidInputsWithoutPublishing (0.18s)
    --- FAIL: TestBuildRejectsInvalidInputsWithoutPublishing/candidate (0.03s)
        build_test.go:161: candidate must fail admission, got: load embedded component catalog: component "pyrca": version "sfr-pyrca/1.0.1" must be an exact version or immutable commit
--- FAIL: TestImportRejectsCandidateProfileBeforeRuntimeProbe (0.03s)
    importer_test.go:52: candidate profile error = checkpoint=verify-bundle: load embedded component catalog: component "pyrca": version "sfr-pyrca/1.0.1" must be an exact version or immutable commit
--- FAIL: TestImportRejectsInvalidOCIClosureBeforeRuntimeProbe (0.03s)
    importer_test.go:63: invalid OCI archive error = checkpoint=verify-bundle: load embedded component catalog: component "pyrca": version "sfr-pyrca/1.0.1" must be an exact version or immutable commit
--- FAIL: TestImportValidatesEveryLayerBeforeAnyRuntimeCall (0.03s)
    importer_test.go:199: load embedded component catalog: component "pyrca": version "sfr-pyrca/1.0.1" must be an exact version or immutable commit
--- FAIL: TestPlanImportReturnsEveryImageWithoutRuntimeSideEffects (0.04s)
    importer_test.go:210: load embedded component catalog: component "pyrca": version "sfr-pyrca/1.0.1" must be an exact version or immutable commit
--- FAIL: TestImportVerifiedOCIArchivesWithoutPull (0.06s)
    importer_test.go:226: load embedded component catalog: component "pyrca": version "sfr-pyrca/1.0.1" must be an exact version or immutable commit
--- FAIL: TestInstallIncompleteBundleNeverRunsHelmOrRuntime (0.04s)
    installer_test.go:21: load embedded component catalog: component "pyrca": version "sfr-pyrca/1.0.1" must be an exact version or immutable commit
--- FAIL: TestFirstPartyGoMaterialsCannotBypassSDKSourceAdmission (0.04s)
    runtime_admission_test.go:18: load embedded component catalog: component "pyrca": version "sfr-pyrca/1.0.1" must be an exact version or immutable commit
--- FAIL: TestRuntimeSourceBindsQualifiedSDKAndTargetArchitecture (0.06s)
    runtime_admission_test.go:30: load embedded component catalog: component "pyrca": version "sfr-pyrca/1.0.1" must be an exact version or immutable commit
--- FAIL: TestVerifyAcceptsSignedBundleWithExplicitTrustRoot (0.09s)
    verify_test.go:60: Verify(valid bundle): load embedded component catalog: component "pyrca": version "sfr-pyrca/1.0.1" must be an exact version or immutable commit
--- FAIL: TestVerifyAcceptsExactPrereleaseVersionContainingX (0.05s)
    verify_test.go:72: Verify(exact prerelease version): load embedded component catalog: component "pyrca": version "sfr-pyrca/1.0.1" must be an exact version or immutable commit
--- FAIL: TestBundleAcceptsExactUpstreamReleaseVersions (0.32s)
    --- FAIL: TestBundleAcceptsExactUpstreamReleaseVersions/17.11 (0.04s)
        verify_test.go:84: Go verifier rejected exact version: load embedded component catalog: component "pyrca": version "sfr-pyrca/1.0.1" must be an exact version or immutable commit
    --- FAIL: TestBundleAcceptsExactUpstreamReleaseVersions/4.47 (0.05s)
        verify_test.go:84: Go verifier rejected exact version: load embedded component catalog: component "pyrca": version "sfr-pyrca/1.0.1" must be an exact version or immutable commit
    --- FAIL: TestBundleAcceptsExactUpstreamReleaseVersions/v17.11 (0.04s)
        verify_test.go:84: Go verifier rejected exact version: load embedded component catalog: component "pyrca": version "sfr-pyrca/1.0.1" must be an exact version or immutable commit
    --- FAIL: TestBundleAcceptsExactUpstreamReleaseVersions/4.47-rc.1 (0.04s)
        verify_test.go:84: Go verifier rejected exact version: load embedded component catalog: component "pyrca": version "sfr-pyrca/1.0.1" must be an exact version or immutable commit
    --- FAIL: TestBundleAcceptsExactUpstreamReleaseVersions/4.47+build.1 (0.05s)
        verify_test.go:84: Go verifier rejected exact version: load embedded component catalog: component "pyrca": version "sfr-pyrca/1.0.1" must be an exact version or immutable commit
    --- FAIL: TestBundleAcceptsExactUpstreamReleaseVersions/1.2.3 (0.04s)
        verify_test.go:84: Go verifier rejected exact version: load embedded component catalog: component "pyrca": version "sfr-pyrca/1.0.1" must be an exact version or immutable commit
    --- FAIL: TestBundleAcceptsExactUpstreamReleaseVersions/aaaaaaaaaaaaaaaaaaaaaaaaaaaaaaaaaaaaaaaa (0.04s)
        verify_test.go:84: Go verifier rejected exact version: load embedded component catalog: component "pyrca": version "sfr-pyrca/1.0.1" must be an exact version or immutable commit
--- FAIL: TestVerifyRejectsTamperedPayloadByte (0.04s)
    verify_test.go:107: Verify(tampered payload) error = load embedded component catalog: component "pyrca": version "sfr-pyrca/1.0.1" must be an exact version or immutable commit, want payload digest rejection
--- FAIL: TestVerifyRejectsPayloadFileInventoryMismatch (0.04s)
    verify_test.go:525: Verify(inventory mismatch) error = load embedded component catalog: component "pyrca": version "sfr-pyrca/1.0.1" must be an exact version or immutable commit, want signed inventory rejection
FAIL
FAIL	ops-platform/internal/bundle	2.801s
ok  	ops-platform/internal/bundle/drivers	(cached)
ok  	ops-platform/internal/configregistry	1.566s
?   	ops-platform/internal/contract	[no test files]
ok  	ops-platform/internal/crypto	(cached)
?   	ops-platform/internal/datascope	[no test files]
ok  	ops-platform/internal/evidence	1.957s
ok  	ops-platform/internal/finding	2.223s
ok  	ops-platform/internal/graph	226.593s
ok  	ops-platform/internal/httpapi	3.100s
ok  	ops-platform/internal/incident	3.509s
ok  	ops-platform/internal/inspection/hardware	(cached)
ok  	ops-platform/internal/inspection/kubernetes	3.234s
?   	ops-platform/internal/inspection/npd	[no test files]
?   	ops-platform/internal/integrations	[no test files]
ok  	ops-platform/internal/integrations/deepflow	(cached)
ok  	ops-platform/internal/integrations/k8sgpt	3.127s
ok  	ops-platform/internal/integrations/keycloak	(cached)
ok  	ops-platform/internal/integrations/kubernetes	23.721s
ok  	ops-platform/internal/integrations/openbao	(cached)
ok  	ops-platform/internal/integrations/redfish	3.690s
ok  	ops-platform/internal/integrations/s3	(cached)
?   	ops-platform/internal/integrations/victorialogs	[no test files]
?   	ops-platform/internal/integrations/victorialogs/adapter	[no test files]
?   	ops-platform/internal/integrations/victoriametrics	[no test files]
?   	ops-platform/internal/integrations/victoriametrics/adapter	[no test files]
?   	ops-platform/internal/integrations/vmalert	[no test files]
ok  	ops-platform/internal/observability	3.263s
ok  	ops-platform/internal/persistence	(cached)
?   	ops-platform/internal/persistence/dbgen	[no test files]
ok  	ops-platform/internal/policy	3.490s
ok  	ops-platform/internal/profile	5.979s
ok  	ops-platform/internal/rca	3.592s
ok  	ops-platform/internal/resource	(cached)
?   	ops-platform/internal/resourcestore	[no test files]
ok  	ops-platform/internal/source	2.624s
--- FAIL: TestVictoriaArtifactsRemainBlockedFromBundleWhileCandidate (0.08s)
    catalog_test.go:243: component "pyrca": version "sfr-pyrca/1.0.1" must be an exact version or immutable commit
--- FAIL: TestComponentCatalogCoversApprovedScopeWithoutQualifyingCandidates (0.03s)
    catalog_test.go:418: LoadCatalog: component "pyrca": version "sfr-pyrca/1.0.1" must be an exact version or immutable commit
FAIL
FAIL	ops-platform/internal/supplychain	2.815s
?   	ops-platform/internal/tenant	[no test files]
?   	ops-platform/internal/upstream/corootcheck	[no test files]
?   	ops-platform/internal/upstream/keepmodel	[no test files]
?   	ops-platform/internal/upstream/metal3	[no test files]
?   	ops-platform/internal/upstream/ontology/api	[no test files]
?   	ops-platform/internal/upstream/ontology/model	[no test files]
?   	ops-platform/internal/upstream/ontology/service/diagnostic	[no test files]
?   	ops-platform/policies	[no test files]
--- FAIL: TestUpstreamReuseLockRejectsUnpinnedOrUnsafeBaselines (0.04s)
    upstream_reuse_test.go:486: load component catalog evidence: component "pyrca": version "sfr-pyrca/1.0.1" must be an exact version or immutable commit
--- FAIL: TestVictoriaAddonChartsAndImagesAreDigestLocked (0.02s)
    helm_render_test.go:296: component "pyrca": version "sfr-pyrca/1.0.1" must be an exact version or immutable commit
FAIL
FAIL	ops-platform/test/contract	31.673s
--- FAIL: TestDeepFlowPOC (0.03s)
    deepflow_poc_test.go:46: load Component Catalog: component "pyrca": version "sfr-pyrca/1.0.1" must be an exact version or immutable commit
--- FAIL: TestKubeVirtPOCArtifactsAndOrbStackLifecycle (0.03s)
    kubevirt_poc_test.go:44: load Component Catalog: component "pyrca": version "sfr-pyrca/1.0.1" must be an exact version or immutable commit
2026/10/02 23:22:49 http: TLS handshake error from 127.0.0.1:65211: remote error: tls: bad certificate
2026/10/02 23:22:49 http: TLS handshake error from 127.0.0.1:65218: remote error: tls: bad certificate
FAIL
FAIL	ops-platform/test/e2e	1.528s
?   	ops-platform/test/fixtures/sp04/profile-detect	[no test files]
?   	ops-platform/test/fixtures/upstream-inspection	[no test files]
--- FAIL: TestRealOpenBaoTransitAndSeaweedS3AuditArchive (5.39s)
    archive_services_test.go:93: create isolated S3 bucket with versioning and Object Lock: S3 bucket creation failed
2026/10/02 23:23:00 OK   00001_roles_and_schemas.sql (9ms)
2026/10/02 23:23:00 goose: successfully migrated database to version: 1
2026/10/02 23:23:00 OK   00002_platform_meta.sql (15.8ms)
2026/10/02 23:23:00 OK   00003_finding.sql (8.82ms)
2026/10/02 23:23:00 OK   00004_incident.sql (5.52ms)
2026/10/02 23:23:00 OK   00005_investigation.sql (6.94ms)
2026/10/02 23:23:00 OK   00006_action_command.sql (6.88ms)
2026/10/02 23:23:00 OK   00007_audit.sql (9.01ms)
2026/10/02 23:23:00 OK   00008_rls.sql (14.45ms)
2026/10/02 23:23:00 OK   00009_idempotency_ledger.sql (6.78ms)
2026/10/02 23:23:00 OK   00010_tenant_provisioning.sql (3.7ms)
2026/10/02 23:23:00 OK   00011_source_registration_history.sql (6.85ms)
2026/10/02 23:23:00 OK   00012_config_registry_lifecycle.sql (8.71ms)
2026/10/02 23:23:00 OK   00013_audit_signed_segments.sql (10.5ms)
2026/10/02 23:23:00 OK   00014_audit_segment_predecessors.sql (6.23ms)
2026/10/02 23:23:00 OK   00015_source_schema_scope.sql (4.19ms)
2026/10/02 23:23:00 OK   00016_cluster_registration_metadata.sql (5.46ms)
2026/10/02 23:23:00 OK   00017_source_data_scope.sql (4.84ms)
2026/10/02 23:23:00 OK   00018_sp04_resources_evidence.sql (13.28ms)
2026/10/02 23:23:00 OK   00019_sp04_archive_ciphertext_bytes.sql (4.66ms)
2026/10/02 23:23:00 OK   00020_sp04_request_ledger.sql (5.62ms)
2026/10/02 23:23:00 OK   00021_sp04_archive_protection.sql (4.3ms)
2026/10/02 23:23:00 OK   00022_sp04_legal_hold_dependencies.sql (3.71ms)
2026/10/02 23:23:00 OK   00023_sp04_archive_query_intent.sql (3.98ms)
2026/10/02 23:23:00 OK   00024_sp05_finding_incident.sql (15.46ms)
2026/10/02 23:23:00 OK   00025_sp05_incident_event_time.sql (3.86ms)
2026/10/02 23:23:00 OK   00026_sp05_source_binding_lock.sql (4.3ms)
2026/10/02 23:23:00 OK   00027_sp05_rca_and_poll.sql (7.81ms)
2026/10/02 23:23:00 OK   00028_sp05_operator_lock.sql (4.38ms)
2026/10/02 23:23:00 OK   00029_sp05_evidence_links.sql (6.26ms)
2026/10/02 23:23:00 OK   00030_sp05_recipe_fence.sql (3.32ms)
2026/10/02 23:23:00 OK   00031_sp05_rca_postcheck.sql (3.87ms)
2026/10/02 23:23:00 OK   00032_sp05_transport_audit.sql (3.74ms)
2026/10/02 23:23:00 OK   00033_sp05_poll_resolution_clock.sql (4.98ms)
2026/10/02 23:23:00 goose: successfully migrated database to version: 33
2026/10/02 23:23:03 OK   00001_roles_and_schemas.sql (9.02ms)
2026/10/02 23:23:03 goose: successfully migrated database to version: 1
2026/10/02 23:23:04 OK   00002_platform_meta.sql (17.16ms)
2026/10/02 23:23:04 OK   00003_finding.sql (7.17ms)
2026/10/02 23:23:04 OK   00004_incident.sql (5.84ms)
2026/10/02 23:23:04 OK   00005_investigation.sql (5.75ms)
2026/10/02 23:23:04 OK   00006_action_command.sql (5.49ms)
2026/10/02 23:23:04 OK   00007_audit.sql (8.12ms)
2026/10/02 23:23:04 OK   00008_rls.sql (8.12ms)
2026/10/02 23:23:04 OK   00009_idempotency_ledger.sql (6.67ms)
2026/10/02 23:23:04 OK   00010_tenant_provisioning.sql (4.86ms)
2026/10/02 23:23:04 OK   00011_source_registration_history.sql (8.56ms)
2026/10/02 23:23:04 OK   00012_config_registry_lifecycle.sql (8.45ms)
2026/10/02 23:23:04 OK   00013_audit_signed_segments.sql (9.8ms)
2026/10/02 23:23:04 OK   00014_audit_segment_predecessors.sql (5.52ms)
2026/10/02 23:23:04 OK   00015_source_schema_scope.sql (3.29ms)
2026/10/02 23:23:04 OK   00016_cluster_registration_metadata.sql (4.46ms)
2026/10/02 23:23:04 OK   00017_source_data_scope.sql (4.03ms)
2026/10/02 23:23:04 OK   00018_sp04_resources_evidence.sql (12.54ms)
2026/10/02 23:23:04 OK   00019_sp04_archive_ciphertext_bytes.sql (3.86ms)
2026/10/02 23:23:04 OK   00020_sp04_request_ledger.sql (5.84ms)
2026/10/02 23:23:04 OK   00021_sp04_archive_protection.sql (4.47ms)
2026/10/02 23:23:04 OK   00022_sp04_legal_hold_dependencies.sql (3.7ms)
2026/10/02 23:23:04 OK   00023_sp04_archive_query_intent.sql (3.87ms)
2026/10/02 23:23:04 OK   00024_sp05_finding_incident.sql (13.84ms)
2026/10/02 23:23:04 OK   00025_sp05_incident_event_time.sql (3.76ms)
2026/10/02 23:23:04 OK   00026_sp05_source_binding_lock.sql (3.93ms)
2026/10/02 23:23:04 OK   00027_sp05_rca_and_poll.sql (7.31ms)
2026/10/02 23:23:04 OK   00028_sp05_operator_lock.sql (24.78ms)
2026/10/02 23:23:04 OK   00029_sp05_evidence_links.sql (5.31ms)
2026/10/02 23:23:04 OK   00030_sp05_recipe_fence.sql (6.14ms)
2026/10/02 23:23:04 OK   00031_sp05_rca_postcheck.sql (3.59ms)
2026/10/02 23:23:04 OK   00032_sp05_transport_audit.sql (2.87ms)
2026/10/02 23:23:04 OK   00033_sp05_poll_resolution_clock.sql (3.13ms)
2026/10/02 23:23:04 goose: successfully migrated database to version: 33
2026/10/02 23:23:04 OK   00001_roles_and_schemas.sql (8.44ms)
2026/10/02 23:23:04 goose: successfully migrated database to version: 1
2026/10/02 23:23:04 OK   00002_platform_meta.sql (15ms)
2026/10/02 23:23:04 OK   00003_finding.sql (7.25ms)
2026/10/02 23:23:04 OK   00004_incident.sql (6.53ms)
2026/10/02 23:23:04 OK   00005_investigation.sql (5.66ms)
2026/10/02 23:23:04 OK   00006_action_command.sql (5.46ms)
2026/10/02 23:23:04 OK   00007_audit.sql (8.51ms)
2026/10/02 23:23:04 OK   00008_rls.sql (8.63ms)
2026/10/02 23:23:04 OK   00009_idempotency_ledger.sql (6.75ms)
2026/10/02 23:23:04 OK   00010_tenant_provisioning.sql (4.16ms)
2026/10/02 23:23:04 OK   00011_source_registration_history.sql (6.26ms)
2026/10/02 23:23:04 OK   00012_config_registry_lifecycle.sql (8.23ms)
2026/10/02 23:23:04 OK   00013_audit_signed_segments.sql (11.65ms)
2026/10/02 23:23:04 OK   00014_audit_segment_predecessors.sql (7.37ms)
2026/10/02 23:23:04 OK   00015_source_schema_scope.sql (3.11ms)
2026/10/02 23:23:04 OK   00016_cluster_registration_metadata.sql (4.04ms)
2026/10/02 23:23:04 OK   00017_source_data_scope.sql (3.75ms)
2026/10/02 23:23:04 OK   00018_sp04_resources_evidence.sql (11.29ms)
2026/10/02 23:23:04 OK   00019_sp04_archive_ciphertext_bytes.sql (3.52ms)
2026/10/02 23:23:04 OK   00020_sp04_request_ledger.sql (5.23ms)
2026/10/02 23:23:04 OK   00021_sp04_archive_protection.sql (3.32ms)
2026/10/02 23:23:04 OK   00022_sp04_legal_hold_dependencies.sql (3.95ms)
2026/10/02 23:23:04 OK   00023_sp04_archive_query_intent.sql (3.04ms)
2026/10/02 23:23:04 OK   00024_sp05_finding_incident.sql (17.08ms)
2026/10/02 23:23:04 OK   00025_sp05_incident_event_time.sql (4.59ms)
2026/10/02 23:23:04 OK   00026_sp05_source_binding_lock.sql (4.2ms)
2026/10/02 23:23:04 OK   00027_sp05_rca_and_poll.sql (8.23ms)
2026/10/02 23:23:04 OK   00028_sp05_operator_lock.sql (4.29ms)
2026/10/02 23:23:04 OK   00029_sp05_evidence_links.sql (4.99ms)
2026/10/02 23:23:04 OK   00030_sp05_recipe_fence.sql (3.98ms)
2026/10/02 23:23:04 OK   00031_sp05_rca_postcheck.sql (3.15ms)
2026/10/02 23:23:04 OK   00032_sp05_transport_audit.sql (3.34ms)
2026/10/02 23:23:04 OK   00033_sp05_poll_resolution_clock.sql (3.84ms)
2026/10/02 23:23:04 goose: successfully migrated database to version: 33
2026/10/02 23:23:04 OK   00001_roles_and_schemas.sql (8.28ms)
2026/10/02 23:23:04 goose: successfully migrated database to version: 1
2026/10/02 23:23:04 OK   00002_platform_meta.sql (16.69ms)
2026/10/02 23:23:04 OK   00003_finding.sql (7.04ms)
2026/10/02 23:23:04 OK   00004_incident.sql (5.21ms)
2026/10/02 23:23:04 OK   00005_investigation.sql (5.5ms)
2026/10/02 23:23:04 OK   00006_action_command.sql (5.59ms)
2026/10/02 23:23:04 OK   00007_audit.sql (8.36ms)
2026/10/02 23:23:04 OK   00008_rls.sql (7.66ms)
2026/10/02 23:23:04 OK   00009_idempotency_ledger.sql (6.89ms)
2026/10/02 23:23:04 OK   00010_tenant_provisioning.sql (5.96ms)
2026/10/02 23:23:04 OK   00011_source_registration_history.sql (5.71ms)
2026/10/02 23:23:04 OK   00012_config_registry_lifecycle.sql (8.75ms)
2026/10/02 23:23:05 OK   00013_audit_signed_segments.sql (9.62ms)
2026/10/02 23:23:05 OK   00014_audit_segment_predecessors.sql (5.46ms)
2026/10/02 23:23:05 OK   00015_source_schema_scope.sql (3.38ms)
2026/10/02 23:23:05 OK   00016_cluster_registration_metadata.sql (4.35ms)
2026/10/02 23:23:05 OK   00017_source_data_scope.sql (6.77ms)
2026/10/02 23:23:05 OK   00018_sp04_resources_evidence.sql (11.79ms)
2026/10/02 23:23:05 OK   00019_sp04_archive_ciphertext_bytes.sql (2.89ms)
2026/10/02 23:23:05 OK   00020_sp04_request_ledger.sql (6.2ms)
2026/10/02 23:23:05 OK   00021_sp04_archive_protection.sql (9.3ms)
2026/10/02 23:23:05 OK   00022_sp04_legal_hold_dependencies.sql (3.81ms)
2026/10/02 23:23:05 OK   00023_sp04_archive_query_intent.sql (2.93ms)
2026/10/02 23:23:05 OK   00024_sp05_finding_incident.sql (13.95ms)
2026/10/02 23:23:05 OK   00025_sp05_incident_event_time.sql (3.07ms)
2026/10/02 23:23:05 OK   00026_sp05_source_binding_lock.sql (3.21ms)
2026/10/02 23:23:05 OK   00027_sp05_rca_and_poll.sql (6.66ms)
2026/10/02 23:23:05 OK   00028_sp05_operator_lock.sql (3.14ms)
2026/10/02 23:23:05 OK   00029_sp05_evidence_links.sql (4.98ms)
2026/10/02 23:23:05 OK   00030_sp05_recipe_fence.sql (2.72ms)
2026/10/02 23:23:05 OK   00031_sp05_rca_postcheck.sql (3.87ms)
2026/10/02 23:23:05 OK   00032_sp05_transport_audit.sql (3.16ms)
2026/10/02 23:23:05 OK   00033_sp05_poll_resolution_clock.sql (3.12ms)
2026/10/02 23:23:05 goose: successfully migrated database to version: 33
2026/10/02 23:23:05 OK   00001_roles_and_schemas.sql (6.73ms)
2026/10/02 23:23:05 goose: successfully migrated database to version: 1
2026/10/02 23:23:05 OK   00002_platform_meta.sql (13.93ms)
2026/10/02 23:23:05 OK   00003_finding.sql (6.4ms)
2026/10/02 23:23:05 OK   00004_incident.sql (4.67ms)
2026/10/02 23:23:05 OK   00005_investigation.sql (7.15ms)
2026/10/02 23:23:05 OK   00006_action_command.sql (5.32ms)
2026/10/02 23:23:05 OK   00007_audit.sql (7.72ms)
2026/10/02 23:23:05 OK   00008_rls.sql (7.45ms)
2026/10/02 23:23:05 OK   00009_idempotency_ledger.sql (5.93ms)
2026/10/02 23:23:05 OK   00010_tenant_provisioning.sql (3.45ms)
2026/10/02 23:23:05 OK   00011_source_registration_history.sql (5.64ms)
2026/10/02 23:23:05 OK   00012_config_registry_lifecycle.sql (8.05ms)
2026/10/02 23:23:05 OK   00013_audit_signed_segments.sql (9.18ms)
2026/10/02 23:23:05 OK   00014_audit_segment_predecessors.sql (5.16ms)
2026/10/02 23:23:05 OK   00015_source_schema_scope.sql (4.74ms)
2026/10/02 23:23:05 OK   00016_cluster_registration_metadata.sql (3.63ms)
2026/10/02 23:23:05 OK   00017_source_data_scope.sql (3.79ms)
2026/10/02 23:23:05 OK   00018_sp04_resources_evidence.sql (11.14ms)
2026/10/02 23:23:05 OK   00019_sp04_archive_ciphertext_bytes.sql (3.09ms)
2026/10/02 23:23:05 OK   00020_sp04_request_ledger.sql (4.3ms)
2026/10/02 23:23:05 OK   00021_sp04_archive_protection.sql (3.02ms)
2026/10/02 23:23:05 OK   00022_sp04_legal_hold_dependencies.sql (3.3ms)
2026/10/02 23:23:05 OK   00023_sp04_archive_query_intent.sql (3.1ms)
2026/10/02 23:23:05 OK   00024_sp05_finding_incident.sql (13.77ms)
2026/10/02 23:23:05 OK   00025_sp05_incident_event_time.sql (2.9ms)
2026/10/02 23:23:05 OK   00026_sp05_source_binding_lock.sql (3.37ms)
2026/10/02 23:23:05 OK   00027_sp05_rca_and_poll.sql (8.19ms)
2026/10/02 23:23:05 OK   00028_sp05_operator_lock.sql (2.77ms)
2026/10/02 23:23:05 OK   00029_sp05_evidence_links.sql (5.01ms)
2026/10/02 23:23:05 OK   00030_sp05_recipe_fence.sql (2.91ms)
2026/10/02 23:23:05 OK   00031_sp05_rca_postcheck.sql (2.73ms)
2026/10/02 23:23:05 OK   00032_sp05_transport_audit.sql (3.05ms)
2026/10/02 23:23:05 OK   00033_sp05_poll_resolution_clock.sql (3.51ms)
2026/10/02 23:23:05 goose: successfully migrated database to version: 33
2026/10/02 23:23:05 OK   00001_roles_and_schemas.sql (37.45ms)
2026/10/02 23:23:05 goose: successfully migrated database to version: 1
2026/10/02 23:23:05 OK   00002_platform_meta.sql (15.86ms)
2026/10/02 23:23:05 OK   00003_finding.sql (7.48ms)
2026/10/02 23:23:05 OK   00004_incident.sql (5.36ms)
2026/10/02 23:23:05 OK   00005_investigation.sql (12.57ms)
2026/10/02 23:23:05 OK   00006_action_command.sql (7.27ms)
2026/10/02 23:23:05 OK   00007_audit.sql (8.43ms)
2026/10/02 23:23:05 OK   00008_rls.sql (7.95ms)
2026/10/02 23:23:05 OK   00009_idempotency_ledger.sql (6.44ms)
2026/10/02 23:23:05 OK   00010_tenant_provisioning.sql (4.27ms)
2026/10/02 23:23:05 OK   00011_source_registration_history.sql (6.08ms)
2026/10/02 23:23:05 OK   00012_config_registry_lifecycle.sql (8.21ms)
2026/10/02 23:23:05 OK   00013_audit_signed_segments.sql (9.42ms)
2026/10/02 23:23:05 OK   00014_audit_segment_predecessors.sql (8.81ms)
2026/10/02 23:23:05 OK   00015_source_schema_scope.sql (3.7ms)
2026/10/02 23:23:05 OK   00016_cluster_registration_metadata.sql (4.24ms)
2026/10/02 23:23:05 OK   00017_source_data_scope.sql (3.22ms)
2026/10/02 23:23:05 OK   00018_sp04_resources_evidence.sql (11.56ms)
2026/10/02 23:23:05 OK   00019_sp04_archive_ciphertext_bytes.sql (3.25ms)
2026/10/02 23:23:05 OK   00020_sp04_request_ledger.sql (4.72ms)
2026/10/02 23:23:05 OK   00021_sp04_archive_protection.sql (3.67ms)
2026/10/02 23:23:05 OK   00022_sp04_legal_hold_dependencies.sql (2.56ms)
2026/10/02 23:23:05 OK   00023_sp04_archive_query_intent.sql (3.13ms)
2026/10/02 23:23:05 OK   00024_sp05_finding_incident.sql (38.35ms)
2026/10/02 23:23:05 OK   00025_sp05_incident_event_time.sql (2.43ms)
2026/10/02 23:23:05 OK   00026_sp05_source_binding_lock.sql (3.19ms)
2026/10/02 23:23:05 OK   00027_sp05_rca_and_poll.sql (6.04ms)
2026/10/02 23:23:05 OK   00028_sp05_operator_lock.sql (2.91ms)
2026/10/02 23:23:05 OK   00029_sp05_evidence_links.sql (5.06ms)
2026/10/02 23:23:05 OK   00030_sp05_recipe_fence.sql (3.43ms)
2026/10/02 23:23:06 OK   00031_sp05_rca_postcheck.sql (3.23ms)
2026/10/02 23:23:06 OK   00032_sp05_transport_audit.sql (3.51ms)
2026/10/02 23:23:06 OK   00033_sp05_poll_resolution_clock.sql (3.22ms)
2026/10/02 23:23:06 goose: successfully migrated database to version: 33
2026/10/02 23:23:30 OK   00001_roles_and_schemas.sql (10.74ms)
2026/10/02 23:23:30 goose: successfully migrated database to version: 1
2026/10/02 23:23:30 OK   00002_platform_meta.sql (16.26ms)
2026/10/02 23:23:30 OK   00003_finding.sql (8.63ms)
2026/10/02 23:23:30 OK   00004_incident.sql (6.25ms)
2026/10/02 23:23:30 OK   00005_investigation.sql (6.86ms)
2026/10/02 23:23:30 OK   00006_action_command.sql (6.84ms)
2026/10/02 23:23:30 OK   00007_audit.sql (9.28ms)
2026/10/02 23:23:30 OK   00008_rls.sql (8.64ms)
2026/10/02 23:23:30 OK   00009_idempotency_ledger.sql (6.59ms)
2026/10/02 23:23:30 OK   00010_tenant_provisioning.sql (4.58ms)
2026/10/02 23:23:30 OK   00011_source_registration_history.sql (6.69ms)
2026/10/02 23:23:30 OK   00012_config_registry_lifecycle.sql (9.31ms)
2026/10/02 23:23:30 OK   00013_audit_signed_segments.sql (10.27ms)
2026/10/02 23:23:30 OK   00014_audit_segment_predecessors.sql (5.66ms)
2026/10/02 23:23:30 OK   00015_source_schema_scope.sql (4.66ms)
2026/10/02 23:23:30 OK   00016_cluster_registration_metadata.sql (4.96ms)
2026/10/02 23:23:30 OK   00017_source_data_scope.sql (4.41ms)
2026/10/02 23:23:30 OK   00018_sp04_resources_evidence.sql (12.22ms)
2026/10/02 23:23:30 OK   00019_sp04_archive_ciphertext_bytes.sql (9.99ms)
2026/10/02 23:23:30 OK   00020_sp04_request_ledger.sql (5.52ms)
2026/10/02 23:23:30 OK   00021_sp04_archive_protection.sql (3.85ms)
2026/10/02 23:23:30 OK   00022_sp04_legal_hold_dependencies.sql (4.11ms)
2026/10/02 23:23:30 OK   00023_sp04_archive_query_intent.sql (3.66ms)
2026/10/02 23:23:30 OK   00024_sp05_finding_incident.sql (13.65ms)
2026/10/02 23:23:30 OK   00025_sp05_incident_event_time.sql (3.98ms)
2026/10/02 23:23:30 OK   00026_sp05_source_binding_lock.sql (3.94ms)
2026/10/02 23:23:30 OK   00027_sp05_rca_and_poll.sql (7.38ms)
2026/10/02 23:23:30 OK   00028_sp05_operator_lock.sql (4.9ms)
2026/10/02 23:23:30 OK   00029_sp05_evidence_links.sql (6.38ms)
2026/10/02 23:23:30 OK   00030_sp05_recipe_fence.sql (3.75ms)
2026/10/02 23:23:30 OK   00031_sp05_rca_postcheck.sql (3.41ms)
2026/10/02 23:23:30 OK   00032_sp05_transport_audit.sql (2.68ms)
2026/10/02 23:23:30 OK   00033_sp05_poll_resolution_clock.sql (3.56ms)
2026/10/02 23:23:30 goose: successfully migrated database to version: 33
{"time":"2026-10-02T23:23:30.630282+08:00","level":"INFO","msg":"http request complete","request_id":"01a0fd36-9fc1-725d-ad8a-ec0cd3cbf389","trace_id":"4bf92f3577b34da6a3ce929d0e0e4736","span_id":"ab8e47ab49609a29","method":"GET","status_code":200,"duration_ms":5}
{"time":"2026-10-02T23:23:30.631997+08:00","level":"INFO","msg":"http request complete","request_id":"01a0fd36-9fc6-76a3-8f9d-57695557b412","trace_id":"4bf92f3577b34da6a3ce929d0e0e4736","span_id":"1f189464dfc419f2","method":"GET","status_code":200,"duration_ms":1}
{"time":"2026-10-02T23:23:30.633662+08:00","level":"INFO","msg":"http request complete","request_id":"01a0fd36-9fc8-7226-83c5-6f5d014a2cf0","trace_id":"4bf92f3577b34da6a3ce929d0e0e4736","span_id":"c57d1c6e84a5d9c8","method":"GET","status_code":200,"duration_ms":1}
{"time":"2026-10-02T23:23:30.635313+08:00","level":"INFO","msg":"http request complete","request_id":"01a0fd36-9fc9-7c21-89c3-57422e77fe18","trace_id":"4bf92f3577b34da6a3ce929d0e0e4736","span_id":"05350badf79020b1","method":"GET","status_code":200,"duration_ms":1}
{"time":"2026-10-02T23:23:30.636505+08:00","level":"INFO","msg":"http request complete","request_id":"01a0fd36-9fcb-7687-8917-e3c7abf44107","trace_id":"4bf92f3577b34da6a3ce929d0e0e4736","span_id":"1f32e2ec20a6bb4f","method":"GET","status_code":200,"duration_ms":1}
{"time":"2026-10-02T23:23:30.637824+08:00","level":"INFO","msg":"http request complete","request_id":"01a0fd36-9fcc-790c-aeeb-8b11916c0d19","trace_id":"4bf92f3577b34da6a3ce929d0e0e4736","span_id":"f188acd1f9141db9","method":"GET","status_code":200,"duration_ms":1}
{"time":"2026-10-02T23:23:30.646431+08:00","level":"INFO","msg":"http request complete","request_id":"01a0fd36-9fcd-7e30-bdf7-3c96eab22c3d","trace_id":"f9543088cb445c2a2fa38baefb940063","span_id":"82d9743b2e187fa2","method":"POST","status_code":201,"duration_ms":8}
{"time":"2026-10-02T23:23:30.651246+08:00","level":"INFO","msg":"http request complete","request_id":"01a0fd36-9fd6-7947-a9f2-37cd90f2eaba","trace_id":"e0feb5985abfc6ecb6c1ae79736fd835","span_id":"48d96a9263d38bb9","method":"POST","status_code":201,"duration_ms":4}
{"time":"2026-10-02T23:23:30.651952+08:00","level":"WARN","msg":"trace export failed","signal":"traces"}
{"time":"2026-10-02T23:23:30.65324+08:00","level":"INFO","msg":"http request complete","request_id":"01a0fd36-9fdc-70de-b5f2-84da59395830","trace_id":"296cba784f07c0b40f2a831b61fad6bf","span_id":"faa22e74c58c5c81","method":"GET","status_code":200,"duration_ms":1}
{"time":"2026-10-02T23:23:30.653548+08:00","level":"WARN","msg":"trace export failed","signal":"traces"}
2026/10/02 23:23:30 traces export: Post "http://127.0.0.1:1/v1/traces": dial tcp 127.0.0.1:1: connect: connection refused
2026/10/02 23:23:30 OK   00001_roles_and_schemas.sql (7.47ms)
2026/10/02 23:23:30 goose: successfully migrated database to version: 1
2026/10/02 23:23:30 OK   00002_platform_meta.sql (23.09ms)
2026/10/02 23:23:30 OK   00003_finding.sql (7.36ms)
2026/10/02 23:23:30 OK   00004_incident.sql (5.16ms)
2026/10/02 23:23:30 OK   00005_investigation.sql (5.56ms)
2026/10/02 23:23:30 OK   00006_action_command.sql (5.44ms)
2026/10/02 23:23:30 OK   00007_audit.sql (8.74ms)
2026/10/02 23:23:30 OK   00008_rls.sql (8.18ms)
2026/10/02 23:23:30 OK   00009_idempotency_ledger.sql (7.03ms)
2026/10/02 23:23:30 OK   00010_tenant_provisioning.sql (4.59ms)
2026/10/02 23:23:30 OK   00011_source_registration_history.sql (6.08ms)
2026/10/02 23:23:30 OK   00012_config_registry_lifecycle.sql (8.54ms)
2026/10/02 23:23:30 OK   00013_audit_signed_segments.sql (9.35ms)
2026/10/02 23:23:30 OK   00014_audit_segment_predecessors.sql (5.54ms)
2026/10/02 23:23:30 OK   00015_source_schema_scope.sql (3.26ms)
2026/10/02 23:23:30 OK   00016_cluster_registration_metadata.sql (3.97ms)
2026/10/02 23:23:30 OK   00017_source_data_scope.sql (3.7ms)
2026/10/02 23:23:30 OK   00018_sp04_resources_evidence.sql (11.58ms)
2026/10/02 23:23:30 OK   00019_sp04_archive_ciphertext_bytes.sql (3.77ms)
2026/10/02 23:23:30 OK   00020_sp04_request_ledger.sql (4.01ms)
2026/10/02 23:23:30 OK   00021_sp04_archive_protection.sql (4.48ms)
2026/10/02 23:23:30 OK   00022_sp04_legal_hold_dependencies.sql (4.03ms)
2026/10/02 23:23:30 OK   00023_sp04_archive_query_intent.sql (3.48ms)
2026/10/02 23:23:30 OK   00024_sp05_finding_incident.sql (13.39ms)
2026/10/02 23:23:30 OK   00025_sp05_incident_event_time.sql (3.4ms)
2026/10/02 23:23:30 OK   00026_sp05_source_binding_lock.sql (3.36ms)
2026/10/02 23:23:30 OK   00027_sp05_rca_and_poll.sql (6.92ms)
2026/10/02 23:23:30 OK   00028_sp05_operator_lock.sql (3.75ms)
2026/10/02 23:23:30 OK   00029_sp05_evidence_links.sql (4.93ms)
2026/10/02 23:23:30 OK   00030_sp05_recipe_fence.sql (3.68ms)
2026/10/02 23:23:30 OK   00031_sp05_rca_postcheck.sql (3.26ms)
2026/10/02 23:23:30 OK   00032_sp05_transport_audit.sql (3.21ms)
2026/10/02 23:23:30 OK   00033_sp05_poll_resolution_clock.sql (3.14ms)
2026/10/02 23:23:30 goose: successfully migrated database to version: 33
2026/10/02 23:23:31 OK   00034_review_failure.sql (3ms)
2026/10/02 23:23:31 goose: successfully migrated database to version: 34
2026/10/02 23:23:31 OK   00001_roles_and_schemas.sql (7.34ms)
2026/10/02 23:23:31 goose: successfully migrated database to version: 1
2026/10/02 23:23:31 OK   00002_platform_meta.sql (16.39ms)
2026/10/02 23:23:31 OK   00003_finding.sql (6.51ms)
2026/10/02 23:23:31 OK   00004_incident.sql (5.98ms)
2026/10/02 23:23:31 OK   00005_investigation.sql (5.33ms)
2026/10/02 23:23:31 OK   00006_action_command.sql (4.91ms)
2026/10/02 23:23:31 OK   00007_audit.sql (7.94ms)
2026/10/02 23:23:31 OK   00008_rls.sql (7.67ms)
2026/10/02 23:23:31 OK   00009_idempotency_ledger.sql (5.94ms)
2026/10/02 23:23:31 OK   00010_tenant_provisioning.sql (3.79ms)
2026/10/02 23:23:31 OK   00011_source_registration_history.sql (5.38ms)
2026/10/02 23:23:31 OK   00012_config_registry_lifecycle.sql (7.1ms)
2026/10/02 23:23:31 OK   00013_audit_signed_segments.sql (9.12ms)
2026/10/02 23:23:31 OK   00014_audit_segment_predecessors.sql (5.5ms)
2026/10/02 23:23:31 OK   00015_source_schema_scope.sql (3.74ms)
2026/10/02 23:23:31 OK   00016_cluster_registration_metadata.sql (4.1ms)
2026/10/02 23:23:31 OK   00017_source_data_scope.sql (3.64ms)
2026/10/02 23:23:31 OK   00018_sp04_resources_evidence.sql (10.88ms)
2026/10/02 23:23:31 OK   00019_sp04_archive_ciphertext_bytes.sql (3.12ms)
2026/10/02 23:23:31 OK   00020_sp04_request_ledger.sql (4.18ms)
2026/10/02 23:23:31 OK   00021_sp04_archive_protection.sql (3.57ms)
2026/10/02 23:23:31 OK   00022_sp04_legal_hold_dependencies.sql (3.22ms)
2026/10/02 23:23:31 OK   00023_sp04_archive_query_intent.sql (2.81ms)
2026/10/02 23:23:31 OK   00024_sp05_finding_incident.sql (12.38ms)
2026/10/02 23:23:31 OK   00025_sp05_incident_event_time.sql (3.15ms)
2026/10/02 23:23:31 OK   00026_sp05_source_binding_lock.sql (3.27ms)
2026/10/02 23:23:31 OK   00027_sp05_rca_and_poll.sql (6.45ms)
2026/10/02 23:23:31 OK   00028_sp05_operator_lock.sql (3.88ms)
2026/10/02 23:23:31 OK   00029_sp05_evidence_links.sql (5.02ms)
2026/10/02 23:23:31 OK   00030_sp05_recipe_fence.sql (2.67ms)
2026/10/02 23:23:31 OK   00031_sp05_rca_postcheck.sql (2.7ms)
2026/10/02 23:23:31 OK   00032_sp05_transport_audit.sql (3.02ms)
2026/10/02 23:23:31 OK   00033_sp05_poll_resolution_clock.sql (12.61ms)
2026/10/02 23:23:31 goose: successfully migrated database to version: 33
2026/10/02 23:23:31 OK   00001_roles_and_schemas.sql (7.45ms)
2026/10/02 23:23:31 goose: successfully migrated database to version: 1
2026/10/02 23:23:31 OK   00002_platform_meta.sql (14.64ms)
2026/10/02 23:23:31 OK   00003_finding.sql (6.57ms)
2026/10/02 23:23:31 OK   00004_incident.sql (5.81ms)
2026/10/02 23:23:31 OK   00005_investigation.sql (5.33ms)
2026/10/02 23:23:31 OK   00006_action_command.sql (5.1ms)
2026/10/02 23:23:31 OK   00007_audit.sql (7.65ms)
2026/10/02 23:23:31 OK   00008_rls.sql (7.03ms)
2026/10/02 23:23:31 OK   00009_idempotency_ledger.sql (5.94ms)
2026/10/02 23:23:31 OK   00010_tenant_provisioning.sql (4.25ms)
2026/10/02 23:23:31 OK   00011_source_registration_history.sql (5.94ms)
2026/10/02 23:23:31 OK   00012_config_registry_lifecycle.sql (6.86ms)
2026/10/02 23:23:31 OK   00013_audit_signed_segments.sql (8.85ms)
2026/10/02 23:23:31 OK   00014_audit_segment_predecessors.sql (5.8ms)
2026/10/02 23:23:31 OK   00015_source_schema_scope.sql (3.1ms)
2026/10/02 23:23:31 OK   00016_cluster_registration_metadata.sql (3.62ms)
2026/10/02 23:23:31 OK   00017_source_data_scope.sql (3.32ms)
2026/10/02 23:23:31 OK   00018_sp04_resources_evidence.sql (10.98ms)
2026/10/02 23:23:31 OK   00019_sp04_archive_ciphertext_bytes.sql (3.22ms)
2026/10/02 23:23:31 OK   00020_sp04_request_ledger.sql (4.77ms)
2026/10/02 23:23:31 OK   00021_sp04_archive_protection.sql (3.6ms)
2026/10/02 23:23:31 OK   00022_sp04_legal_hold_dependencies.sql (2.8ms)
2026/10/02 23:23:31 OK   00023_sp04_archive_query_intent.sql (3.27ms)
2026/10/02 23:23:31 OK   00024_sp05_finding_incident.sql (11.98ms)
2026/10/02 23:23:31 OK   00025_sp05_incident_event_time.sql (2.67ms)
2026/10/02 23:23:31 OK   00026_sp05_source_binding_lock.sql (3.06ms)
2026/10/02 23:23:31 OK   00027_sp05_rca_and_poll.sql (6.1ms)
2026/10/02 23:23:31 OK   00028_sp05_operator_lock.sql (3.31ms)
2026/10/02 23:23:31 OK   00029_sp05_evidence_links.sql (5.27ms)
2026/10/02 23:23:31 OK   00030_sp05_recipe_fence.sql (14.75ms)
2026/10/02 23:23:31 OK   00031_sp05_rca_postcheck.sql (3.64ms)
2026/10/02 23:23:31 OK   00032_sp05_transport_audit.sql (3.36ms)
2026/10/02 23:23:31 OK   00033_sp05_poll_resolution_clock.sql (3.85ms)
2026/10/02 23:23:31 goose: successfully migrated database to version: 33
2026/10/02 23:23:31 OK   00001_roles_and_schemas.sql (7.28ms)
2026/10/02 23:23:31 goose: successfully migrated database to version: 1
2026/10/02 23:23:31 OK   00002_platform_meta.sql (13.78ms)
2026/10/02 23:23:31 OK   00003_finding.sql (6.55ms)
2026/10/02 23:23:31 OK   00004_incident.sql (4.84ms)
2026/10/02 23:23:31 OK   00005_investigation.sql (5.26ms)
2026/10/02 23:23:31 OK   00006_action_command.sql (5.12ms)
2026/10/02 23:23:31 OK   00007_audit.sql (7.63ms)
2026/10/02 23:23:31 OK   00008_rls.sql (7.54ms)
2026/10/02 23:23:31 OK   00009_idempotency_ledger.sql (5.77ms)
2026/10/02 23:23:31 OK   00010_tenant_provisioning.sql (4.04ms)
2026/10/02 23:23:31 OK   00011_source_registration_history.sql (5.55ms)
2026/10/02 23:23:31 OK   00012_config_registry_lifecycle.sql (7.2ms)
2026/10/02 23:23:31 OK   00013_audit_signed_segments.sql (8.76ms)
2026/10/02 23:23:32 OK   00014_audit_segment_predecessors.sql (4.99ms)
2026/10/02 23:23:32 OK   00015_source_schema_scope.sql (3.12ms)
2026/10/02 23:23:32 OK   00016_cluster_registration_metadata.sql (3.95ms)
2026/10/02 23:23:32 OK   00017_source_data_scope.sql (3.24ms)
2026/10/02 23:23:32 OK   00018_sp04_resources_evidence.sql (17.43ms)
2026/10/02 23:23:32 OK   00019_sp04_archive_ciphertext_bytes.sql (3.91ms)
2026/10/02 23:23:32 OK   00020_sp04_request_ledger.sql (5.06ms)
2026/10/02 23:23:32 OK   00021_sp04_archive_protection.sql (3.61ms)
2026/10/02 23:23:32 OK   00022_sp04_legal_hold_dependencies.sql (3.05ms)
2026/10/02 23:23:32 OK   00023_sp04_archive_query_intent.sql (3.34ms)
2026/10/02 23:23:32 OK   00024_sp05_finding_incident.sql (13.86ms)
2026/10/02 23:23:32 OK   00025_sp05_incident_event_time.sql (3.24ms)
2026/10/02 23:23:32 OK   00026_sp05_source_binding_lock.sql (4.29ms)
2026/10/02 23:23:32 OK   00027_sp05_rca_and_poll.sql (7.02ms)
2026/10/02 23:23:32 OK   00028_sp05_operator_lock.sql (3.4ms)
2026/10/02 23:23:32 OK   00029_sp05_evidence_links.sql (4.96ms)
2026/10/02 23:23:32 OK   00030_sp05_recipe_fence.sql (3.9ms)
2026/10/02 23:23:32 OK   00031_sp05_rca_postcheck.sql (3.24ms)
2026/10/02 23:23:32 OK   00032_sp05_transport_audit.sql (4.68ms)
2026/10/02 23:23:32 OK   00033_sp05_poll_resolution_clock.sql (4.63ms)
2026/10/02 23:23:32 goose: successfully migrated database to version: 33
2026/10/02 23:23:32 OK   00001_roles_and_schemas.sql (16.82ms)
2026/10/02 23:23:32 OK   00002_platform_meta.sql (16.44ms)
2026/10/02 23:23:32 OK   00003_finding.sql (8.06ms)
2026/10/02 23:23:32 OK   00004_incident.sql (5.36ms)
2026/10/02 23:23:32 OK   00005_investigation.sql (6.51ms)
2026/10/02 23:23:32 OK   00006_action_command.sql (6.21ms)
2026/10/02 23:23:32 OK   00007_audit.sql (8.9ms)
2026/10/02 23:23:32 OK   00008_rls.sql (8.85ms)
2026/10/02 23:23:32 OK   00009_idempotency_ledger.sql (6.93ms)
2026/10/02 23:23:32 OK   00010_tenant_provisioning.sql (5.43ms)
2026/10/02 23:23:32 OK   00011_source_registration_history.sql (5.19ms)
2026/10/02 23:23:32 OK   00012_config_registry_lifecycle.sql (8.76ms)
2026/10/02 23:23:32 OK   00013_audit_signed_segments.sql (9.56ms)
2026/10/02 23:23:32 OK   00014_audit_segment_predecessors.sql (27.6ms)
2026/10/02 23:23:32 OK   00015_source_schema_scope.sql (3.89ms)
2026/10/02 23:23:32 OK   00016_cluster_registration_metadata.sql (5.02ms)
2026/10/02 23:23:32 OK   00017_source_data_scope.sql (4.12ms)
2026/10/02 23:23:32 OK   00018_sp04_resources_evidence.sql (11.67ms)
2026/10/02 23:23:32 OK   00019_sp04_archive_ciphertext_bytes.sql (4.4ms)
2026/10/02 23:23:32 OK   00020_sp04_request_ledger.sql (5.17ms)
2026/10/02 23:23:32 OK   00021_sp04_archive_protection.sql (3.53ms)
2026/10/02 23:23:32 OK   00022_sp04_legal_hold_dependencies.sql (3.55ms)
2026/10/02 23:23:32 OK   00023_sp04_archive_query_intent.sql (3.72ms)
2026/10/02 23:23:32 OK   00024_sp05_finding_incident.sql (16.2ms)
2026/10/02 23:23:32 OK   00025_sp05_incident_event_time.sql (4.23ms)
2026/10/02 23:23:32 OK   00026_sp05_source_binding_lock.sql (3.98ms)
2026/10/02 23:23:32 OK   00027_sp05_rca_and_poll.sql (7.04ms)
2026/10/02 23:23:32 OK   00028_sp05_operator_lock.sql (4.55ms)
2026/10/02 23:23:32 OK   00029_sp05_evidence_links.sql (6.07ms)
2026/10/02 23:23:32 OK   00030_sp05_recipe_fence.sql (3.63ms)
2026/10/02 23:23:32 OK   00031_sp05_rca_postcheck.sql (3.17ms)
2026/10/02 23:23:32 OK   00032_sp05_transport_audit.sql (3.65ms)
2026/10/02 23:23:32 OK   00033_sp05_poll_resolution_clock.sql (3.66ms)
2026/10/02 23:23:32 goose: successfully migrated database to version: 33
2026/10/02 23:23:32 OK   00001_roles_and_schemas.sql (6.41ms)
2026/10/02 23:23:32 goose: successfully migrated database to version: 1
2026/10/02 23:23:32 OK   00002_platform_meta.sql (14.41ms)
2026/10/02 23:23:32 OK   00003_finding.sql (6.49ms)
2026/10/02 23:23:32 OK   00004_incident.sql (6.6ms)
2026/10/02 23:23:32 OK   00005_investigation.sql (11.51ms)
2026/10/02 23:23:32 OK   00006_action_command.sql (16.48ms)
2026/10/02 23:23:32 OK   00007_audit.sql (12.63ms)
2026/10/02 23:23:32 OK   00008_rls.sql (9.62ms)
2026/10/02 23:23:32 OK   00009_idempotency_ledger.sql (26.17ms)
2026/10/02 23:23:32 OK   00010_tenant_provisioning.sql (8.27ms)
2026/10/02 23:23:32 OK   00011_source_registration_history.sql (18.96ms)
2026/10/02 23:23:32 OK   00012_config_registry_lifecycle.sql (14.59ms)
2026/10/02 23:23:32 OK   00013_audit_signed_segments.sql (35.78ms)
2026/10/02 23:23:32 OK   00014_audit_segment_predecessors.sql (6.96ms)
2026/10/02 23:23:32 OK   00015_source_schema_scope.sql (3.6ms)
2026/10/02 23:23:32 OK   00016_cluster_registration_metadata.sql (3.85ms)
2026/10/02 23:23:32 goose: successfully migrated database to version: 16
2026/10/02 23:23:32 OK   00017_source_data_scope.sql (5.02ms)
2026/10/02 23:23:32 OK   00018_sp04_resources_evidence.sql (39.9ms)
2026/10/02 23:23:32 OK   00019_sp04_archive_ciphertext_bytes.sql (3.61ms)
2026/10/02 23:23:32 OK   00020_sp04_request_ledger.sql (34.95ms)
2026/10/02 23:23:32 OK   00021_sp04_archive_protection.sql (36.15ms)
2026/10/02 23:23:32 OK   00022_sp04_legal_hold_dependencies.sql (3.18ms)
2026/10/02 23:23:32 OK   00023_sp04_archive_query_intent.sql (3.51ms)
2026/10/02 23:23:33 OK   00024_sp05_finding_incident.sql (16.28ms)
2026/10/02 23:23:33 OK   00025_sp05_incident_event_time.sql (3.39ms)
2026/10/02 23:23:33 OK   00026_sp05_source_binding_lock.sql (6.86ms)
2026/10/02 23:23:33 OK   00027_sp05_rca_and_poll.sql (7.02ms)
2026/10/02 23:23:33 OK   00028_sp05_operator_lock.sql (4.56ms)
2026/10/02 23:23:33 OK   00029_sp05_evidence_links.sql (6.16ms)
2026/10/02 23:23:33 OK   00030_sp05_recipe_fence.sql (3.09ms)
2026/10/02 23:23:33 OK   00031_sp05_rca_postcheck.sql (3.66ms)
2026/10/02 23:23:33 OK   00032_sp05_transport_audit.sql (8.97ms)
2026/10/02 23:23:33 OK   00033_sp05_poll_resolution_clock.sql (6.49ms)
2026/10/02 23:23:33 goose: successfully migrated database to version: 33
2026/10/02 23:23:33 OK   00001_roles_and_schemas.sql (7.47ms)
2026/10/02 23:23:33 goose: successfully migrated database to version: 1
2026/10/02 23:23:33 OK   00002_platform_meta.sql (13.66ms)
2026/10/02 23:23:33 OK   00003_finding.sql (7.03ms)
2026/10/02 23:23:33 OK   00004_incident.sql (5.33ms)
2026/10/02 23:23:33 OK   00005_investigation.sql (5.45ms)
2026/10/02 23:23:33 OK   00006_action_command.sql (5.42ms)
2026/10/02 23:23:33 OK   00007_audit.sql (8.22ms)
2026/10/02 23:23:33 OK   00008_rls.sql (7.8ms)
2026/10/02 23:23:33 OK   00009_idempotency_ledger.sql (5.75ms)
2026/10/02 23:23:33 OK   00010_tenant_provisioning.sql (3.77ms)
2026/10/02 23:23:33 OK   00011_source_registration_history.sql (5.43ms)
2026/10/02 23:23:33 OK   00012_config_registry_lifecycle.sql (7.77ms)
2026/10/02 23:23:33 OK   00013_audit_signed_segments.sql (8.8ms)
2026/10/02 23:23:33 OK   00014_audit_segment_predecessors.sql (4.83ms)
2026/10/02 23:23:33 OK   00015_source_schema_scope.sql (3.1ms)
2026/10/02 23:23:33 OK   00016_cluster_registration_metadata.sql (3.93ms)
2026/10/02 23:23:33 OK   00017_source_data_scope.sql (3.41ms)
2026/10/02 23:23:33 OK   00018_sp04_resources_evidence.sql (13.3ms)
2026/10/02 23:23:33 OK   00019_sp04_archive_ciphertext_bytes.sql (3.35ms)
2026/10/02 23:23:33 OK   00020_sp04_request_ledger.sql (4.34ms)
2026/10/02 23:23:33 OK   00021_sp04_archive_protection.sql (3.4ms)
2026/10/02 23:23:33 OK   00022_sp04_legal_hold_dependencies.sql (3.06ms)
2026/10/02 23:23:33 OK   00023_sp04_archive_query_intent.sql (3.21ms)
2026/10/02 23:23:33 OK   00024_sp05_finding_incident.sql (13.49ms)
2026/10/02 23:23:33 OK   00025_sp05_incident_event_time.sql (3.29ms)
2026/10/02 23:23:33 OK   00026_sp05_source_binding_lock.sql (11.86ms)
2026/10/02 23:23:33 OK   00027_sp05_rca_and_poll.sql (7.61ms)
2026/10/02 23:23:33 OK   00028_sp05_operator_lock.sql (4.5ms)
2026/10/02 23:23:33 OK   00029_sp05_evidence_links.sql (5.76ms)
2026/10/02 23:23:33 OK   00030_sp05_recipe_fence.sql (3.48ms)
2026/10/02 23:23:33 OK   00031_sp05_rca_postcheck.sql (3ms)
2026/10/02 23:23:33 OK   00032_sp05_transport_audit.sql (3.41ms)
2026/10/02 23:23:33 OK   00033_sp05_poll_resolution_clock.sql (3.57ms)
2026/10/02 23:23:33 goose: successfully migrated database to version: 33
2026/10/02 23:23:33 OK   00001_roles_and_schemas.sql (7.16ms)
2026/10/02 23:23:33 goose: successfully migrated database to version: 1
2026/10/02 23:23:33 OK   00002_platform_meta.sql (14.13ms)
2026/10/02 23:23:33 OK   00003_finding.sql (6.61ms)
2026/10/02 23:23:33 OK   00004_incident.sql (4.96ms)
2026/10/02 23:23:33 OK   00005_investigation.sql (5.18ms)
2026/10/02 23:23:33 OK   00006_action_command.sql (4.82ms)
2026/10/02 23:23:33 OK   00007_audit.sql (7.76ms)
2026/10/02 23:23:33 OK   00008_rls.sql (7.14ms)
2026/10/02 23:23:33 OK   00009_idempotency_ledger.sql (6.19ms)
2026/10/02 23:23:33 OK   00010_tenant_provisioning.sql (3.99ms)
2026/10/02 23:23:33 OK   00011_source_registration_history.sql (5.62ms)
2026/10/02 23:23:33 OK   00012_config_registry_lifecycle.sql (7.3ms)
2026/10/02 23:23:33 OK   00013_audit_signed_segments.sql (14.11ms)
2026/10/02 23:23:33 OK   00014_audit_segment_predecessors.sql (5.2ms)
2026/10/02 23:23:33 OK   00015_source_schema_scope.sql (2.81ms)
2026/10/02 23:23:33 OK   00016_cluster_registration_metadata.sql (3.63ms)
2026/10/02 23:23:33 OK   00017_source_data_scope.sql (3.27ms)
2026/10/02 23:23:33 OK   00018_sp04_resources_evidence.sql (10.56ms)
2026/10/02 23:23:33 OK   00019_sp04_archive_ciphertext_bytes.sql (3.37ms)
2026/10/02 23:23:33 OK   00020_sp04_request_ledger.sql (4.59ms)
2026/10/02 23:23:33 OK   00021_sp04_archive_protection.sql (3.2ms)
2026/10/02 23:23:33 OK   00022_sp04_legal_hold_dependencies.sql (3.22ms)
2026/10/02 23:23:33 OK   00023_sp04_archive_query_intent.sql (3.4ms)
2026/10/02 23:23:33 OK   00024_sp05_finding_incident.sql (14.6ms)
2026/10/02 23:23:33 OK   00025_sp05_incident_event_time.sql (4.45ms)
2026/10/02 23:23:33 OK   00026_sp05_source_binding_lock.sql (3.79ms)
2026/10/02 23:23:33 OK   00027_sp05_rca_and_poll.sql (16.59ms)
2026/10/02 23:23:33 OK   00028_sp05_operator_lock.sql (3.89ms)
2026/10/02 23:23:33 OK   00029_sp05_evidence_links.sql (5.3ms)
2026/10/02 23:23:33 OK   00030_sp05_recipe_fence.sql (3.33ms)
2026/10/02 23:23:33 OK   00031_sp05_rca_postcheck.sql (3.05ms)
2026/10/02 23:23:33 OK   00032_sp05_transport_audit.sql (3.03ms)
2026/10/02 23:23:33 OK   00033_sp05_poll_resolution_clock.sql (3.6ms)
2026/10/02 23:23:33 goose: successfully migrated database to version: 33
2026/10/02 23:23:44 OK   00001_roles_and_schemas.sql (18.43ms)
2026/10/02 23:23:44 goose: successfully migrated database to version: 1
2026/10/02 23:23:44 OK   00002_platform_meta.sql (15.86ms)
2026/10/02 23:23:44 OK   00003_finding.sql (7.33ms)
2026/10/02 23:23:44 OK   00004_incident.sql (5.84ms)
2026/10/02 23:23:44 OK   00005_investigation.sql (7.35ms)
2026/10/02 23:23:44 OK   00006_action_command.sql (6.37ms)
2026/10/02 23:23:44 OK   00007_audit.sql (8.66ms)
2026/10/02 23:23:44 OK   00008_rls.sql (9.31ms)
2026/10/02 23:23:44 OK   00009_idempotency_ledger.sql (8.88ms)
2026/10/02 23:23:44 OK   00010_tenant_provisioning.sql (5.48ms)
2026/10/02 23:23:44 OK   00011_source_registration_history.sql (6.5ms)
2026/10/02 23:23:44 OK   00012_config_registry_lifecycle.sql (8.71ms)
2026/10/02 23:23:44 OK   00013_audit_signed_segments.sql (10.49ms)
2026/10/02 23:23:44 OK   00014_audit_segment_predecessors.sql (6.24ms)
2026/10/02 23:23:44 OK   00015_source_schema_scope.sql (3.47ms)
2026/10/02 23:23:44 OK   00016_cluster_registration_metadata.sql (4.71ms)
2026/10/02 23:23:44 OK   00017_source_data_scope.sql (4.76ms)
2026/10/02 23:23:44 OK   00018_sp04_resources_evidence.sql (11.94ms)
2026/10/02 23:23:44 OK   00019_sp04_archive_ciphertext_bytes.sql (3.97ms)
2026/10/02 23:23:44 OK   00020_sp04_request_ledger.sql (5.64ms)
2026/10/02 23:23:44 OK   00021_sp04_archive_protection.sql (3.33ms)
2026/10/02 23:23:44 OK   00022_sp04_legal_hold_dependencies.sql (3.13ms)
2026/10/02 23:23:44 OK   00023_sp04_archive_query_intent.sql (3.24ms)
2026/10/02 23:23:44 OK   00024_sp05_finding_incident.sql (13.19ms)
2026/10/02 23:23:44 OK   00025_sp05_incident_event_time.sql (4.3ms)
2026/10/02 23:23:44 OK   00026_sp05_source_binding_lock.sql (4.41ms)
2026/10/02 23:23:44 OK   00027_sp05_rca_and_poll.sql (15.54ms)
2026/10/02 23:23:44 OK   00028_sp05_operator_lock.sql (3.53ms)
2026/10/02 23:23:44 OK   00029_sp05_evidence_links.sql (4.54ms)
2026/10/02 23:23:44 OK   00030_sp05_recipe_fence.sql (3.42ms)
2026/10/02 23:23:44 OK   00031_sp05_rca_postcheck.sql (3.54ms)
2026/10/02 23:23:44 OK   00032_sp05_transport_audit.sql (3.23ms)
2026/10/02 23:23:44 OK   00033_sp05_poll_resolution_clock.sql (3.56ms)
2026/10/02 23:23:44 goose: successfully migrated database to version: 33
2026/10/02 23:23:45 OK   00001_roles_and_schemas.sql (5.89ms)
2026/10/02 23:23:45 goose: successfully migrated database to version: 1
2026/10/02 23:23:45 OK   00002_platform_meta.sql (12.26ms)
2026/10/02 23:23:45 OK   00003_finding.sql (5.51ms)
2026/10/02 23:23:45 OK   00004_incident.sql (3.6ms)
2026/10/02 23:23:45 OK   00005_investigation.sql (4.23ms)
2026/10/02 23:23:45 OK   00006_action_command.sql (3.88ms)
2026/10/02 23:23:45 OK   00007_audit.sql (6.05ms)
2026/10/02 23:23:45 OK   00008_rls.sql (5.79ms)
2026/10/02 23:23:45 OK   00009_idempotency_ledger.sql (5.42ms)
2026/10/02 23:23:45 OK   00010_tenant_provisioning.sql (2.63ms)
2026/10/02 23:23:45 OK   00011_source_registration_history.sql (3.93ms)
2026/10/02 23:23:45 OK   00012_config_registry_lifecycle.sql (6.17ms)
2026/10/02 23:23:45 OK   00013_audit_signed_segments.sql (16.61ms)
2026/10/02 23:23:45 OK   00014_audit_segment_predecessors.sql (4.82ms)
2026/10/02 23:23:45 OK   00015_source_schema_scope.sql (3ms)
2026/10/02 23:23:45 OK   00016_cluster_registration_metadata.sql (3.38ms)
2026/10/02 23:23:45 OK   00017_source_data_scope.sql (3.17ms)
2026/10/02 23:23:45 OK   00018_sp04_resources_evidence.sql (10.63ms)
2026/10/02 23:23:45 OK   00019_sp04_archive_ciphertext_bytes.sql (2.22ms)
2026/10/02 23:23:45 OK   00020_sp04_request_ledger.sql (2.97ms)
2026/10/02 23:23:45 OK   00021_sp04_archive_protection.sql (2.04ms)
2026/10/02 23:23:45 OK   00022_sp04_legal_hold_dependencies.sql (1.66ms)
2026/10/02 23:23:45 OK   00023_sp04_archive_query_intent.sql (1.82ms)
2026/10/02 23:23:45 OK   00024_sp05_finding_incident.sql (11.09ms)
2026/10/02 23:23:45 OK   00025_sp05_incident_event_time.sql (1.85ms)
2026/10/02 23:23:45 OK   00026_sp05_source_binding_lock.sql (2.11ms)
2026/10/02 23:23:45 OK   00027_sp05_rca_and_poll.sql (5.03ms)
2026/10/02 23:23:45 OK   00028_sp05_operator_lock.sql (2.11ms)
2026/10/02 23:23:45 OK   00029_sp05_evidence_links.sql (3.4ms)
2026/10/02 23:23:45 OK   00030_sp05_recipe_fence.sql (1.83ms)
2026/10/02 23:23:45 OK   00031_sp05_rca_postcheck.sql (1.72ms)
2026/10/02 23:23:45 OK   00032_sp05_transport_audit.sql (1.94ms)
2026/10/02 23:23:45 OK   00033_sp05_poll_resolution_clock.sql (2.17ms)
2026/10/02 23:23:45 goose: successfully migrated database to version: 33
2026/10/02 23:23:45 OK   00001_roles_and_schemas.sql (5.9ms)
2026/10/02 23:23:45 goose: successfully migrated database to version: 1
2026/10/02 23:23:45 OK   00002_platform_meta.sql (13.6ms)
2026/10/02 23:23:45 OK   00003_finding.sql (6.27ms)
2026/10/02 23:23:45 OK   00004_incident.sql (4.89ms)
2026/10/02 23:23:45 OK   00005_investigation.sql (5.12ms)
2026/10/02 23:23:45 OK   00006_action_command.sql (4.77ms)
2026/10/02 23:23:45 OK   00007_audit.sql (7.6ms)
2026/10/02 23:23:45 OK   00008_rls.sql (7.37ms)
2026/10/02 23:23:45 OK   00009_idempotency_ledger.sql (5.77ms)
2026/10/02 23:23:45 OK   00010_tenant_provisioning.sql (3.83ms)
2026/10/02 23:23:45 OK   00011_source_registration_history.sql (13ms)
2026/10/02 23:23:45 OK   00012_config_registry_lifecycle.sql (8.34ms)
2026/10/02 23:23:45 OK   00013_audit_signed_segments.sql (10.49ms)
2026/10/02 23:23:45 OK   00014_audit_segment_predecessors.sql (5.28ms)
2026/10/02 23:23:45 OK   00015_source_schema_scope.sql (3.75ms)
2026/10/02 23:23:45 OK   00016_cluster_registration_metadata.sql (4.31ms)
2026/10/02 23:23:45 OK   00017_source_data_scope.sql (4.07ms)
2026/10/02 23:23:45 OK   00018_sp04_resources_evidence.sql (11.2ms)
2026/10/02 23:23:45 OK   00019_sp04_archive_ciphertext_bytes.sql (3.25ms)
2026/10/02 23:23:45 OK   00020_sp04_request_ledger.sql (4.68ms)
2026/10/02 23:23:45 OK   00021_sp04_archive_protection.sql (3.57ms)
2026/10/02 23:23:45 OK   00022_sp04_legal_hold_dependencies.sql (2.92ms)
2026/10/02 23:23:45 OK   00023_sp04_archive_query_intent.sql (3.46ms)
2026/10/02 23:23:45 OK   00024_sp05_finding_incident.sql (13.4ms)
2026/10/02 23:23:45 OK   00025_sp05_incident_event_time.sql (3.28ms)
2026/10/02 23:23:45 OK   00026_sp05_source_binding_lock.sql (3.63ms)
2026/10/02 23:23:45 OK   00027_sp05_rca_and_poll.sql (6.68ms)
2026/10/02 23:23:45 OK   00028_sp05_operator_lock.sql (3.81ms)
2026/10/02 23:23:45 OK   00029_sp05_evidence_links.sql (5.64ms)
2026/10/02 23:23:45 OK   00030_sp05_recipe_fence.sql (3.45ms)
2026/10/02 23:23:45 OK   00031_sp05_rca_postcheck.sql (3.26ms)
2026/10/02 23:23:45 OK   00032_sp05_transport_audit.sql (3.44ms)
2026/10/02 23:23:45 OK   00033_sp05_poll_resolution_clock.sql (3.24ms)
2026/10/02 23:23:45 goose: successfully migrated database to version: 33
2026/10/02 23:23:45 OK   00001_roles_and_schemas.sql (8.09ms)
2026/10/02 23:23:45 goose: successfully migrated database to version: 1
2026/10/02 23:23:45 OK   00002_platform_meta.sql (14.77ms)
2026/10/02 23:23:45 OK   00003_finding.sql (6.52ms)
2026/10/02 23:23:45 OK   00004_incident.sql (5.14ms)
2026/10/02 23:23:45 OK   00005_investigation.sql (5.35ms)
2026/10/02 23:23:45 OK   00006_action_command.sql (5.3ms)
2026/10/02 23:23:45 OK   00007_audit.sql (7.54ms)
2026/10/02 23:23:45 OK   00008_rls.sql (7.32ms)
2026/10/02 23:23:45 OK   00009_idempotency_ledger.sql (6.31ms)
2026/10/02 23:23:45 OK   00010_tenant_provisioning.sql (4.02ms)
2026/10/02 23:23:45 OK   00011_source_registration_history.sql (6.06ms)
2026/10/02 23:23:45 OK   00012_config_registry_lifecycle.sql (7.87ms)
2026/10/02 23:23:45 OK   00013_audit_signed_segments.sql (10.1ms)
2026/10/02 23:23:45 OK   00014_audit_segment_predecessors.sql (5.18ms)
2026/10/02 23:23:45 OK   00015_source_schema_scope.sql (3.31ms)
2026/10/02 23:23:45 OK   00016_cluster_registration_metadata.sql (4.46ms)
2026/10/02 23:23:45 OK   00017_source_data_scope.sql (3.62ms)
2026/10/02 23:23:45 OK   00018_sp04_resources_evidence.sql (10.7ms)
2026/10/02 23:23:45 OK   00019_sp04_archive_ciphertext_bytes.sql (3.66ms)
2026/10/02 23:23:45 OK   00020_sp04_request_ledger.sql (4.17ms)
2026/10/02 23:23:45 OK   00021_sp04_archive_protection.sql (3.44ms)
2026/10/02 23:23:45 OK   00022_sp04_legal_hold_dependencies.sql (3.05ms)
2026/10/02 23:23:45 OK   00023_sp04_archive_query_intent.sql (2.99ms)
2026/10/02 23:23:46 OK   00024_sp05_finding_incident.sql (15.67ms)
2026/10/02 23:23:46 OK   00025_sp05_incident_event_time.sql (3.33ms)
2026/10/02 23:23:46 OK   00026_sp05_source_binding_lock.sql (3.79ms)
2026/10/02 23:23:46 OK   00027_sp05_rca_and_poll.sql (6.69ms)
2026/10/02 23:23:46 OK   00028_sp05_operator_lock.sql (3.78ms)
2026/10/02 23:23:46 OK   00029_sp05_evidence_links.sql (13.79ms)
2026/10/02 23:23:46 OK   00030_sp05_recipe_fence.sql (3.58ms)
2026/10/02 23:23:46 OK   00031_sp05_rca_postcheck.sql (2.71ms)
2026/10/02 23:23:46 OK   00032_sp05_transport_audit.sql (2.96ms)
2026/10/02 23:23:46 OK   00033_sp05_poll_resolution_clock.sql (3.41ms)
2026/10/02 23:23:46 goose: successfully migrated database to version: 33
2026/10/02 23:23:46 OK   00001_roles_and_schemas.sql (6ms)
2026/10/02 23:23:46 goose: successfully migrated database to version: 1
2026/10/02 23:23:46 OK   00002_platform_meta.sql (23.43ms)
2026/10/02 23:23:46 OK   00003_finding.sql (5.44ms)
2026/10/02 23:23:46 OK   00004_incident.sql (3.58ms)
2026/10/02 23:23:46 OK   00005_investigation.sql (4.07ms)
2026/10/02 23:23:46 OK   00006_action_command.sql (3.82ms)
2026/10/02 23:23:46 OK   00007_audit.sql (5.95ms)
2026/10/02 23:23:46 OK   00008_rls.sql (6.38ms)
2026/10/02 23:23:46 OK   00009_idempotency_ledger.sql (4.32ms)
2026/10/02 23:23:46 OK   00010_tenant_provisioning.sql (2.38ms)
2026/10/02 23:23:46 OK   00011_source_registration_history.sql (4.07ms)
2026/10/02 23:23:46 OK   00012_config_registry_lifecycle.sql (5.65ms)
2026/10/02 23:23:46 OK   00013_audit_signed_segments.sql (6.45ms)
2026/10/02 23:23:46 OK   00014_audit_segment_predecessors.sql (3.5ms)
2026/10/02 23:23:46 OK   00015_source_schema_scope.sql (2.02ms)
2026/10/02 23:23:46 OK   00016_cluster_registration_metadata.sql (2.73ms)
2026/10/02 23:23:46 OK   00017_source_data_scope.sql (2.18ms)
2026/10/02 23:23:46 OK   00018_sp04_resources_evidence.sql (13.22ms)
2026/10/02 23:23:46 OK   00019_sp04_archive_ciphertext_bytes.sql (1.93ms)
2026/10/02 23:23:46 OK   00020_sp04_request_ledger.sql (2.88ms)
2026/10/02 23:23:46 OK   00021_sp04_archive_protection.sql (1.91ms)
2026/10/02 23:23:46 OK   00022_sp04_legal_hold_dependencies.sql (1.64ms)
2026/10/02 23:23:46 OK   00023_sp04_archive_query_intent.sql (1.84ms)
2026/10/02 23:23:46 OK   00024_sp05_finding_incident.sql (11.04ms)
2026/10/02 23:23:46 OK   00025_sp05_incident_event_time.sql (1.7ms)
2026/10/02 23:23:46 OK   00026_sp05_source_binding_lock.sql (1.97ms)
2026/10/02 23:23:46 OK   00027_sp05_rca_and_poll.sql (4.81ms)
2026/10/02 23:23:46 OK   00028_sp05_operator_lock.sql (2.03ms)
2026/10/02 23:23:46 OK   00029_sp05_evidence_links.sql (3.15ms)
2026/10/02 23:23:46 OK   00030_sp05_recipe_fence.sql (1.83ms)
2026/10/02 23:23:46 OK   00031_sp05_rca_postcheck.sql (1.46ms)
2026/10/02 23:23:46 OK   00032_sp05_transport_audit.sql (1.72ms)
2026/10/02 23:23:46 OK   00033_sp05_poll_resolution_clock.sql (2.06ms)
2026/10/02 23:23:46 goose: successfully migrated database to version: 33
2026/10/02 23:23:46 OK   00001_roles_and_schemas.sql (5.85ms)
2026/10/02 23:23:46 goose: successfully migrated database to version: 1
2026/10/02 23:23:46 OK   00002_platform_meta.sql (21.8ms)
2026/10/02 23:23:46 OK   00003_finding.sql (6.29ms)
2026/10/02 23:23:46 OK   00004_incident.sql (4.19ms)
2026/10/02 23:23:46 OK   00005_investigation.sql (4.83ms)
2026/10/02 23:23:46 OK   00006_action_command.sql (4.4ms)
2026/10/02 23:23:46 OK   00007_audit.sql (6.85ms)
2026/10/02 23:23:46 OK   00008_rls.sql (7.21ms)
2026/10/02 23:23:46 OK   00009_idempotency_ledger.sql (5.38ms)
2026/10/02 23:23:46 OK   00010_tenant_provisioning.sql (3.12ms)
2026/10/02 23:23:46 OK   00011_source_registration_history.sql (4.74ms)
2026/10/02 23:23:46 OK   00012_config_registry_lifecycle.sql (6.7ms)
2026/10/02 23:23:46 OK   00013_audit_signed_segments.sql (8.3ms)
2026/10/02 23:23:46 OK   00014_audit_segment_predecessors.sql (4.41ms)
2026/10/02 23:23:46 OK   00015_source_schema_scope.sql (2.58ms)
2026/10/02 23:23:46 OK   00016_cluster_registration_metadata.sql (3.5ms)
2026/10/02 23:23:46 OK   00017_source_data_scope.sql (3.19ms)
2026/10/02 23:23:46 OK   00018_sp04_resources_evidence.sql (10.78ms)
2026/10/02 23:23:46 OK   00019_sp04_archive_ciphertext_bytes.sql (2.61ms)
2026/10/02 23:23:46 OK   00020_sp04_request_ledger.sql (4.02ms)
2026/10/02 23:23:46 OK   00021_sp04_archive_protection.sql (2.8ms)
2026/10/02 23:23:46 OK   00022_sp04_legal_hold_dependencies.sql (2.53ms)
2026/10/02 23:23:46 OK   00023_sp04_archive_query_intent.sql (2.43ms)
2026/10/02 23:23:46 OK   00024_sp05_finding_incident.sql (12.52ms)
2026/10/02 23:23:46 OK   00025_sp05_incident_event_time.sql (2.66ms)
2026/10/02 23:23:46 OK   00026_sp05_source_binding_lock.sql (2.97ms)
2026/10/02 23:23:46 OK   00027_sp05_rca_and_poll.sql (6.19ms)
2026/10/02 23:23:46 OK   00028_sp05_operator_lock.sql (4.04ms)
2026/10/02 23:23:46 OK   00029_sp05_evidence_links.sql (4.27ms)
2026/10/02 23:23:46 OK   00030_sp05_recipe_fence.sql (2.83ms)
2026/10/02 23:23:46 OK   00031_sp05_rca_postcheck.sql (2.54ms)
2026/10/02 23:23:46 OK   00032_sp05_transport_audit.sql (2.85ms)
2026/10/02 23:23:46 OK   00033_sp05_poll_resolution_clock.sql (3ms)
2026/10/02 23:23:46 goose: successfully migrated database to version: 33
2026/10/02 23:23:48 OK   00001_roles_and_schemas.sql (9.73ms)
2026/10/02 23:23:48 goose: successfully migrated database to version: 1
2026/10/02 23:23:48 OK   00002_platform_meta.sql (14.68ms)
2026/10/02 23:23:49 OK   00003_finding.sql (7.22ms)
2026/10/02 23:23:49 OK   00004_incident.sql (5.79ms)
2026/10/02 23:23:49 OK   00005_investigation.sql (16.97ms)
2026/10/02 23:23:49 OK   00006_action_command.sql (20.18ms)
2026/10/02 23:23:49 OK   00007_audit.sql (8.34ms)
2026/10/02 23:23:49 OK   00008_rls.sql (7.7ms)
2026/10/02 23:23:49 OK   00009_idempotency_ledger.sql (6.24ms)
2026/10/02 23:23:49 OK   00010_tenant_provisioning.sql (4.5ms)
2026/10/02 23:23:49 OK   00011_source_registration_history.sql (6.16ms)
2026/10/02 23:23:49 OK   00012_config_registry_lifecycle.sql (7.98ms)
2026/10/02 23:23:49 OK   00013_audit_signed_segments.sql (9.6ms)
2026/10/02 23:23:49 OK   00014_audit_segment_predecessors.sql (5.16ms)
2026/10/02 23:23:49 OK   00015_source_schema_scope.sql (4.94ms)
2026/10/02 23:23:49 OK   00016_cluster_registration_metadata.sql (14.31ms)
2026/10/02 23:23:49 OK   00017_source_data_scope.sql (3.78ms)
2026/10/02 23:23:49 OK   00018_sp04_resources_evidence.sql (11.02ms)
2026/10/02 23:23:49 OK   00019_sp04_archive_ciphertext_bytes.sql (2.7ms)
2026/10/02 23:23:49 OK   00020_sp04_request_ledger.sql (4.53ms)
2026/10/02 23:23:49 OK   00021_sp04_archive_protection.sql (3.51ms)
2026/10/02 23:23:49 OK   00022_sp04_legal_hold_dependencies.sql (3.31ms)
2026/10/02 23:23:49 OK   00023_sp04_archive_query_intent.sql (3.25ms)
2026/10/02 23:23:49 OK   00024_sp05_finding_incident.sql (14.05ms)
2026/10/02 23:23:49 OK   00025_sp05_incident_event_time.sql (2.88ms)
2026/10/02 23:23:49 OK   00026_sp05_source_binding_lock.sql (3.48ms)
2026/10/02 23:23:49 OK   00027_sp05_rca_and_poll.sql (6.85ms)
2026/10/02 23:23:49 OK   00028_sp05_operator_lock.sql (3.5ms)
2026/10/02 23:23:49 OK   00029_sp05_evidence_links.sql (6.28ms)
2026/10/02 23:23:49 OK   00030_sp05_recipe_fence.sql (4.31ms)
2026/10/02 23:23:49 OK   00031_sp05_rca_postcheck.sql (3.3ms)
2026/10/02 23:23:49 OK   00032_sp05_transport_audit.sql (3.22ms)
2026/10/02 23:23:49 OK   00033_sp05_poll_resolution_clock.sql (5.67ms)
2026/10/02 23:23:49 goose: successfully migrated database to version: 33
{"time":"2026-10-02T23:23:54.890772+08:00","level":"WARN","msg":"Graph ownership not ready","qualification":{"/v1/configmaps":"list_missing","/v1/events":"list_missing","/v1/nodes":"list_missing","/v1/persistentvolumeclaims":"list_missing","/v1/persistentvolumes":"list_missing","/v1/pods":"list_missing","/v1/services":"list_missing","apps/v1/daemonsets":"list_missing","apps/v1/deployments":"list_missing","apps/v1/replicasets":"list_missing","apps/v1/statefulsets":"list_missing","batch/v1/jobs":"list_missing","discovery.k8s.io/v1/endpointslices":"list_missing","storage.k8s.io/v1/csidrivers":"list_missing","storage.k8s.io/v1/csinodes":"list_missing","storage.k8s.io/v1/storageclasses":"list_missing","storage.k8s.io/v1/volumeattachments":"list_missing"}}
{"time":"2026-10-02T23:23:56.831695+08:00","level":"WARN","msg":"Graph ownership not ready","qualification":{"/v1/configmaps":"list_missing","/v1/nodes":"list_missing","/v1/persistentvolumeclaims":"list_missing","/v1/persistentvolumes":"list_missing","/v1/pods":"list_missing","/v1/services":"list_missing","apps/v1/daemonsets":"list_missing","apps/v1/deployments":"list_missing","apps/v1/replicasets":"list_missing","apps/v1/statefulsets":"list_missing","batch/v1/jobs":"list_missing","discovery.k8s.io/v1/endpointslices":"list_missing","storage.k8s.io/v1/csinodes":"list_missing","storage.k8s.io/v1/storageclasses":"list_missing"}}
{"time":"2026-10-02T23:24:04.989786+08:00","level":"INFO","msg":"http request complete","request_id":"01a0fd37-254f-72ee-bf7e-6b14660770fc","method":"GET","status_code":200,"duration_ms":174}
{"time":"2026-10-02T23:24:04.994305+08:00","level":"INFO","msg":"http request complete","request_id":"01a0fd37-25fe-769f-bdfd-676539cf4506","method":"GET","status_code":200,"duration_ms":3}
{"time":"2026-10-02T23:24:04.9978+08:00","level":"INFO","msg":"http request complete","request_id":"01a0fd37-2602-76c2-b4b7-8676ec165e4f","method":"GET","status_code":200,"duration_ms":3}
{"time":"2026-10-02T23:24:05.001548+08:00","level":"INFO","msg":"http request complete","request_id":"01a0fd37-2605-7e1d-825b-a1148519fc4a","method":"GET","status_code":200,"duration_ms":3}
{"time":"2026-10-02T23:24:05.013584+08:00","level":"INFO","msg":"http request complete","request_id":"01a0fd37-2609-7aaa-a0ec-fd676688409b","method":"POST","status_code":200,"duration_ms":11}
{"time":"2026-10-02T23:24:05.023349+08:00","level":"INFO","msg":"http request complete","request_id":"01a0fd37-2615-7b00-8d80-2e75f4bca071","method":"POST","status_code":200,"duration_ms":9}
{"time":"2026-10-02T23:24:05.23335+08:00","level":"WARN","msg":"Graph ownership not ready","qualification":{"/v1/configmaps":"list_missing","/v1/events":"list_missing","/v1/nodes":"list_missing","/v1/persistentvolumeclaims":"list_missing","/v1/persistentvolumes":"list_missing","/v1/pods":"list_missing","/v1/services":"list_missing","apps/v1/daemonsets":"list_missing","apps/v1/deployments":"list_missing","apps/v1/replicasets":"list_missing","apps/v1/statefulsets":"list_missing","batch/v1/jobs":"list_missing","discovery.k8s.io/v1/endpointslices":"list_missing","storage.k8s.io/v1/csidrivers":"list_missing","storage.k8s.io/v1/csinodes":"list_missing","storage.k8s.io/v1/storageclasses":"list_missing","storage.k8s.io/v1/volumeattachments":"list_missing"}}
{"time":"2026-10-02T23:24:05.235302+08:00","level":"INFO","msg":"http request complete","request_id":"01a0fd37-26f2-7a96-b000-3de4933bb3b0","method":"POST","status_code":403,"duration_ms":0}
2026/10/02 23:24:05 OK   00001_roles_and_schemas.sql (8ms)
2026/10/02 23:24:05 goose: successfully migrated database to version: 1
2026/10/02 23:24:05 OK   00002_platform_meta.sql (13.85ms)
2026/10/02 23:24:05 OK   00003_finding.sql (6.84ms)
2026/10/02 23:24:05 OK   00004_incident.sql (4.95ms)
2026/10/02 23:24:05 OK   00005_investigation.sql (5.45ms)
2026/10/02 23:24:05 OK   00006_action_command.sql (5.06ms)
2026/10/02 23:24:05 OK   00007_audit.sql (8.46ms)
2026/10/02 23:24:05 OK   00008_rls.sql (7.77ms)
2026/10/02 23:24:05 OK   00009_idempotency_ledger.sql (6.74ms)
2026/10/02 23:24:05 OK   00010_tenant_provisioning.sql (4.23ms)
2026/10/02 23:24:05 OK   00011_source_registration_history.sql (6.06ms)
2026/10/02 23:24:05 OK   00012_config_registry_lifecycle.sql (8.25ms)
2026/10/02 23:24:05 OK   00013_audit_signed_segments.sql (10.31ms)
2026/10/02 23:24:05 OK   00014_audit_segment_predecessors.sql (5.53ms)
2026/10/02 23:24:05 OK   00015_source_schema_scope.sql (3.66ms)
2026/10/02 23:24:05 OK   00016_cluster_registration_metadata.sql (4.41ms)
2026/10/02 23:24:05 OK   00017_source_data_scope.sql (3.82ms)
2026/10/02 23:24:06 OK   00018_sp04_resources_evidence.sql (21.01ms)
2026/10/02 23:24:06 OK   00019_sp04_archive_ciphertext_bytes.sql (3.36ms)
2026/10/02 23:24:06 OK   00020_sp04_request_ledger.sql (4.47ms)
2026/10/02 23:24:06 OK   00021_sp04_archive_protection.sql (3.55ms)
2026/10/02 23:24:06 OK   00022_sp04_legal_hold_dependencies.sql (3.23ms)
2026/10/02 23:24:06 OK   00023_sp04_archive_query_intent.sql (3.31ms)
2026/10/02 23:24:06 OK   00024_sp05_finding_incident.sql (12.92ms)
2026/10/02 23:24:06 OK   00025_sp05_incident_event_time.sql (3.57ms)
2026/10/02 23:24:06 OK   00026_sp05_source_binding_lock.sql (3.36ms)
2026/10/02 23:24:06 OK   00027_sp05_rca_and_poll.sql (6.84ms)
2026/10/02 23:24:06 OK   00028_sp05_operator_lock.sql (3.29ms)
2026/10/02 23:24:06 OK   00029_sp05_evidence_links.sql (5.63ms)
2026/10/02 23:24:06 OK   00030_sp05_recipe_fence.sql (3.79ms)
2026/10/02 23:24:06 OK   00031_sp05_rca_postcheck.sql (3.24ms)
2026/10/02 23:24:06 OK   00032_sp05_transport_audit.sql (3.84ms)
2026/10/02 23:24:06 OK   00033_sp05_poll_resolution_clock.sql (3.99ms)
2026/10/02 23:24:06 goose: successfully migrated database to version: 33
2026/10/02 23:24:06 OK   00001_roles_and_schemas.sql (7.7ms)
2026/10/02 23:24:06 goose: successfully migrated database to version: 1
2026/10/02 23:24:06 OK   00002_platform_meta.sql (13.86ms)
2026/10/02 23:24:06 OK   00003_finding.sql (6.79ms)
2026/10/02 23:24:06 OK   00004_incident.sql (4.65ms)
2026/10/02 23:24:06 OK   00005_investigation.sql (5.61ms)
2026/10/02 23:24:06 OK   00006_action_command.sql (5.09ms)
2026/10/02 23:24:06 OK   00007_audit.sql (7.85ms)
2026/10/02 23:24:06 OK   00008_rls.sql (7.66ms)
2026/10/02 23:24:06 OK   00009_idempotency_ledger.sql (5.8ms)
2026/10/02 23:24:06 OK   00010_tenant_provisioning.sql (3.64ms)
2026/10/02 23:24:06 OK   00011_source_registration_history.sql (5.39ms)
2026/10/02 23:24:06 OK   00012_config_registry_lifecycle.sql (7.46ms)
2026/10/02 23:24:06 OK   00013_audit_signed_segments.sql (8.9ms)
2026/10/02 23:24:06 OK   00014_audit_segment_predecessors.sql (4.82ms)
2026/10/02 23:24:06 OK   00015_source_schema_scope.sql (2.85ms)
2026/10/02 23:24:06 OK   00016_cluster_registration_metadata.sql (3.99ms)
2026/10/02 23:24:06 OK   00017_source_data_scope.sql (4.45ms)
2026/10/02 23:24:06 OK   00018_sp04_resources_evidence.sql (15.03ms)
2026/10/02 23:24:06 OK   00019_sp04_archive_ciphertext_bytes.sql (4.91ms)
2026/10/02 23:24:06 OK   00020_sp04_request_ledger.sql (5.91ms)
2026/10/02 23:24:06 OK   00021_sp04_archive_protection.sql (3.34ms)
2026/10/02 23:24:06 OK   00022_sp04_legal_hold_dependencies.sql (2.82ms)
2026/10/02 23:24:06 OK   00023_sp04_archive_query_intent.sql (3.03ms)
2026/10/02 23:24:06 OK   00024_sp05_finding_incident.sql (13.14ms)
2026/10/02 23:24:06 OK   00025_sp05_incident_event_time.sql (3.06ms)
2026/10/02 23:24:06 OK   00026_sp05_source_binding_lock.sql (5.7ms)
2026/10/02 23:24:06 OK   00027_sp05_rca_and_poll.sql (23.85ms)
2026/10/02 23:24:06 OK   00028_sp05_operator_lock.sql (4.93ms)
2026/10/02 23:24:06 OK   00029_sp05_evidence_links.sql (5.68ms)
2026/10/02 23:24:06 OK   00030_sp05_recipe_fence.sql (3.59ms)
2026/10/02 23:24:06 OK   00031_sp05_rca_postcheck.sql (3.59ms)
2026/10/02 23:24:06 OK   00032_sp05_transport_audit.sql (10.92ms)
2026/10/02 23:24:06 OK   00033_sp05_poll_resolution_clock.sql (3.06ms)
2026/10/02 23:24:06 goose: successfully migrated database to version: 33
2026/10/02 23:24:06 OK   00001_roles_and_schemas.sql (7.49ms)
2026/10/02 23:24:06 goose: successfully migrated database to version: 1
2026/10/02 23:24:06 OK   00002_platform_meta.sql (13.98ms)
2026/10/02 23:24:06 OK   00003_finding.sql (7.92ms)
2026/10/02 23:24:06 OK   00004_incident.sql (4.96ms)
2026/10/02 23:24:06 OK   00005_investigation.sql (5.49ms)
2026/10/02 23:24:06 OK   00006_action_command.sql (5.81ms)
2026/10/02 23:24:06 OK   00007_audit.sql (7.55ms)
2026/10/02 23:24:06 OK   00008_rls.sql (7.68ms)
2026/10/02 23:24:06 OK   00009_idempotency_ledger.sql (6.71ms)
2026/10/02 23:24:06 OK   00010_tenant_provisioning.sql (4.04ms)
2026/10/02 23:24:06 OK   00011_source_registration_history.sql (5.64ms)
2026/10/02 23:24:06 OK   00012_config_registry_lifecycle.sql (7.14ms)
2026/10/02 23:24:06 OK   00013_audit_signed_segments.sql (9.35ms)
2026/10/02 23:24:06 OK   00014_audit_segment_predecessors.sql (5.42ms)
2026/10/02 23:24:06 OK   00015_source_schema_scope.sql (3.7ms)
2026/10/02 23:24:06 OK   00016_cluster_registration_metadata.sql (4.5ms)
2026/10/02 23:24:06 OK   00017_source_data_scope.sql (3.61ms)
2026/10/02 23:24:06 OK   00018_sp04_resources_evidence.sql (11.25ms)
2026/10/02 23:24:06 OK   00019_sp04_archive_ciphertext_bytes.sql (11.46ms)
2026/10/02 23:24:06 OK   00020_sp04_request_ledger.sql (5.05ms)
2026/10/02 23:24:06 OK   00021_sp04_archive_protection.sql (7.24ms)
2026/10/02 23:24:06 OK   00022_sp04_legal_hold_dependencies.sql (3.18ms)
2026/10/02 23:24:06 OK   00023_sp04_archive_query_intent.sql (3.64ms)
2026/10/02 23:24:06 OK   00024_sp05_finding_incident.sql (13.05ms)
2026/10/02 23:24:06 OK   00025_sp05_incident_event_time.sql (3.95ms)
2026/10/02 23:24:06 OK   00026_sp05_source_binding_lock.sql (7.79ms)
2026/10/02 23:24:06 OK   00027_sp05_rca_and_poll.sql (8.03ms)
2026/10/02 23:24:06 OK   00028_sp05_operator_lock.sql (11.05ms)
2026/10/02 23:24:06 OK   00029_sp05_evidence_links.sql (6.2ms)
2026/10/02 23:24:06 OK   00030_sp05_recipe_fence.sql (3.92ms)
2026/10/02 23:24:06 OK   00031_sp05_rca_postcheck.sql (3.42ms)
2026/10/02 23:24:06 OK   00032_sp05_transport_audit.sql (3.7ms)
2026/10/02 23:24:06 OK   00033_sp05_poll_resolution_clock.sql (4.03ms)
2026/10/02 23:24:06 goose: successfully migrated database to version: 33
2026/10/02 23:24:07 OK   00001_roles_and_schemas.sql (6.82ms)
2026/10/02 23:24:07 goose: successfully migrated database to version: 1
2026/10/02 23:24:07 OK   00002_platform_meta.sql (13.74ms)
2026/10/02 23:24:07 OK   00003_finding.sql (6.61ms)
2026/10/02 23:24:07 OK   00004_incident.sql (4.74ms)
2026/10/02 23:24:07 OK   00005_investigation.sql (5.11ms)
2026/10/02 23:24:07 OK   00006_action_command.sql (4.7ms)
2026/10/02 23:24:07 OK   00007_audit.sql (7.57ms)
2026/10/02 23:24:07 OK   00008_rls.sql (7.81ms)
2026/10/02 23:24:07 OK   00009_idempotency_ledger.sql (14.16ms)
2026/10/02 23:24:07 OK   00010_tenant_provisioning.sql (3.84ms)
2026/10/02 23:24:07 OK   00011_source_registration_history.sql (5.86ms)
2026/10/02 23:24:07 OK   00012_config_registry_lifecycle.sql (7.57ms)
2026/10/02 23:24:07 OK   00013_audit_signed_segments.sql (13.53ms)
2026/10/02 23:24:07 OK   00014_audit_segment_predecessors.sql (5.03ms)
2026/10/02 23:24:07 OK   00015_source_schema_scope.sql (3.31ms)
2026/10/02 23:24:07 OK   00016_cluster_registration_metadata.sql (4.01ms)
2026/10/02 23:24:07 OK   00017_source_data_scope.sql (4.07ms)
2026/10/02 23:24:07 OK   00018_sp04_resources_evidence.sql (11.27ms)
2026/10/02 23:24:07 OK   00019_sp04_archive_ciphertext_bytes.sql (3.76ms)
2026/10/02 23:24:07 OK   00020_sp04_request_ledger.sql (4.95ms)
2026/10/02 23:24:07 OK   00021_sp04_archive_protection.sql (3.46ms)
2026/10/02 23:24:07 OK   00022_sp04_legal_hold_dependencies.sql (2.72ms)
2026/10/02 23:24:07 OK   00023_sp04_archive_query_intent.sql (2.74ms)
2026/10/02 23:24:07 OK   00024_sp05_finding_incident.sql (13.11ms)
2026/10/02 23:24:07 OK   00025_sp05_incident_event_time.sql (3.11ms)
2026/10/02 23:24:07 OK   00026_sp05_source_binding_lock.sql (3.67ms)
2026/10/02 23:24:07 OK   00027_sp05_rca_and_poll.sql (6.98ms)
2026/10/02 23:24:07 OK   00028_sp05_operator_lock.sql (3.56ms)
2026/10/02 23:24:07 OK   00029_sp05_evidence_links.sql (5.45ms)
2026/10/02 23:24:07 OK   00030_sp05_recipe_fence.sql (3.38ms)
2026/10/02 23:24:07 OK   00031_sp05_rca_postcheck.sql (2.78ms)
2026/10/02 23:24:07 OK   00032_sp05_transport_audit.sql (2.78ms)
2026/10/02 23:24:07 OK   00033_sp05_poll_resolution_clock.sql (3.16ms)
2026/10/02 23:24:07 goose: successfully migrated database to version: 33
2026/10/02 23:24:07 OK   00001_roles_and_schemas.sql (7.41ms)
2026/10/02 23:24:07 goose: successfully migrated database to version: 1
2026/10/02 23:24:07 OK   00002_platform_meta.sql (13.93ms)
2026/10/02 23:24:07 OK   00003_finding.sql (16.27ms)
2026/10/02 23:24:07 OK   00004_incident.sql (5.29ms)
2026/10/02 23:24:07 OK   00005_investigation.sql (6ms)
2026/10/02 23:24:07 OK   00006_action_command.sql (5.63ms)
2026/10/02 23:24:07 OK   00007_audit.sql (7.89ms)
2026/10/02 23:24:07 OK   00008_rls.sql (7.03ms)
2026/10/02 23:24:07 OK   00009_idempotency_ledger.sql (5.85ms)
2026/10/02 23:24:07 OK   00010_tenant_provisioning.sql (4.09ms)
2026/10/02 23:24:07 OK   00011_source_registration_history.sql (5.93ms)
2026/10/02 23:24:07 OK   00012_config_registry_lifecycle.sql (8.08ms)
2026/10/02 23:24:07 OK   00013_audit_signed_segments.sql (10ms)
2026/10/02 23:24:07 OK   00014_audit_segment_predecessors.sql (4.72ms)
2026/10/02 23:24:07 OK   00015_source_schema_scope.sql (3.14ms)
2026/10/02 23:24:07 OK   00016_cluster_registration_metadata.sql (3.79ms)
2026/10/02 23:24:07 OK   00017_source_data_scope.sql (3.21ms)
2026/10/02 23:24:07 OK   00018_sp04_resources_evidence.sql (10.56ms)
2026/10/02 23:24:07 OK   00019_sp04_archive_ciphertext_bytes.sql (3.14ms)
2026/10/02 23:24:07 OK   00020_sp04_request_ledger.sql (4.24ms)
2026/10/02 23:24:07 OK   00021_sp04_archive_protection.sql (3.66ms)
2026/10/02 23:24:07 OK   00022_sp04_legal_hold_dependencies.sql (3.33ms)
2026/10/02 23:24:07 OK   00023_sp04_archive_query_intent.sql (3.03ms)
2026/10/02 23:24:07 OK   00024_sp05_finding_incident.sql (13.88ms)
2026/10/02 23:24:07 OK   00025_sp05_incident_event_time.sql (3.01ms)
2026/10/02 23:24:07 OK   00026_sp05_source_binding_lock.sql (3.7ms)
2026/10/02 23:24:07 OK   00027_sp05_rca_and_poll.sql (6.87ms)
2026/10/02 23:24:07 OK   00028_sp05_operator_lock.sql (3.45ms)
2026/10/02 23:24:07 OK   00029_sp05_evidence_links.sql (4.88ms)
2026/10/02 23:24:07 OK   00030_sp05_recipe_fence.sql (3.04ms)
2026/10/02 23:24:07 OK   00031_sp05_rca_postcheck.sql (2.82ms)
2026/10/02 23:24:07 OK   00032_sp05_transport_audit.sql (3.34ms)
2026/10/02 23:24:07 OK   00033_sp05_poll_resolution_clock.sql (5.74ms)
2026/10/02 23:24:07 goose: successfully migrated database to version: 33
2026/10/02 23:24:07 OK   00001_roles_and_schemas.sql (7.9ms)
2026/10/02 23:24:07 goose: successfully migrated database to version: 1
2026/10/02 23:24:07 OK   00002_platform_meta.sql (14.11ms)
2026/10/02 23:24:07 OK   00003_finding.sql (6.36ms)
2026/10/02 23:24:07 OK   00004_incident.sql (4.66ms)
2026/10/02 23:24:07 OK   00005_investigation.sql (5.74ms)
2026/10/02 23:24:07 OK   00006_action_command.sql (5.64ms)
2026/10/02 23:24:07 OK   00007_audit.sql (8.25ms)
2026/10/02 23:24:07 OK   00008_rls.sql (8.04ms)
2026/10/02 23:24:07 OK   00009_idempotency_ledger.sql (6.09ms)
2026/10/02 23:24:07 OK   00010_tenant_provisioning.sql (4.26ms)
2026/10/02 23:24:07 OK   00011_source_registration_history.sql (5.63ms)
2026/10/02 23:24:07 OK   00012_config_registry_lifecycle.sql (6.88ms)
2026/10/02 23:24:07 OK   00013_audit_signed_segments.sql (12.9ms)
2026/10/02 23:24:07 OK   00014_audit_segment_predecessors.sql (5.53ms)
2026/10/02 23:24:07 OK   00015_source_schema_scope.sql (4.89ms)
2026/10/02 23:24:07 OK   00016_cluster_registration_metadata.sql (15.93ms)
2026/10/02 23:24:07 OK   00017_source_data_scope.sql (5.09ms)
2026/10/02 23:24:07 OK   00018_sp04_resources_evidence.sql (12.04ms)
2026/10/02 23:24:07 OK   00019_sp04_archive_ciphertext_bytes.sql (3.62ms)
2026/10/02 23:24:07 OK   00020_sp04_request_ledger.sql (4.29ms)
2026/10/02 23:24:07 OK   00021_sp04_archive_protection.sql (3.32ms)
2026/10/02 23:24:07 OK   00022_sp04_legal_hold_dependencies.sql (2.95ms)
2026/10/02 23:24:07 OK   00023_sp04_archive_query_intent.sql (3.02ms)
2026/10/02 23:24:07 OK   00024_sp05_finding_incident.sql (14.26ms)
2026/10/02 23:24:07 OK   00025_sp05_incident_event_time.sql (4.27ms)
2026/10/02 23:24:07 OK   00026_sp05_source_binding_lock.sql (4.82ms)
2026/10/02 23:24:07 OK   00027_sp05_rca_and_poll.sql (6.83ms)
2026/10/02 23:24:07 OK   00028_sp05_operator_lock.sql (3.83ms)
2026/10/02 23:24:07 OK   00029_sp05_evidence_links.sql (5.35ms)
2026/10/02 23:24:07 OK   00030_sp05_recipe_fence.sql (3.39ms)
2026/10/02 23:24:07 OK   00031_sp05_rca_postcheck.sql (4.18ms)
2026/10/02 23:24:07 OK   00032_sp05_transport_audit.sql (3.23ms)
2026/10/02 23:24:07 OK   00033_sp05_poll_resolution_clock.sql (4.24ms)
2026/10/02 23:24:07 goose: successfully migrated database to version: 33
2026/10/02 23:24:39 OK   00001_roles_and_schemas.sql (7.56ms)
2026/10/02 23:24:39 goose: successfully migrated database to version: 1
2026/10/02 23:24:39 OK   00002_platform_meta.sql (13.64ms)
2026/10/02 23:24:39 OK   00003_finding.sql (6.5ms)
2026/10/02 23:24:39 OK   00004_incident.sql (4.69ms)
2026/10/02 23:24:39 OK   00005_investigation.sql (5.37ms)
2026/10/02 23:24:39 OK   00006_action_command.sql (4.98ms)
2026/10/02 23:24:39 OK   00007_audit.sql (7.58ms)
2026/10/02 23:24:39 OK   00008_rls.sql (7.19ms)
2026/10/02 23:24:39 OK   00009_idempotency_ledger.sql (6.01ms)
2026/10/02 23:24:39 OK   00010_tenant_provisioning.sql (3.78ms)
2026/10/02 23:24:39 OK   00011_source_registration_history.sql (6.14ms)
2026/10/02 23:24:39 OK   00012_config_registry_lifecycle.sql (7.51ms)
2026/10/02 23:24:39 OK   00013_audit_signed_segments.sql (17.5ms)
2026/10/02 23:24:39 OK   00014_audit_segment_predecessors.sql (5.83ms)
2026/10/02 23:24:39 OK   00015_source_schema_scope.sql (3.94ms)
2026/10/02 23:24:39 OK   00016_cluster_registration_metadata.sql (4.67ms)
2026/10/02 23:24:39 OK   00017_source_data_scope.sql (3.61ms)
2026/10/02 23:24:39 OK   00018_sp04_resources_evidence.sql (11.16ms)
2026/10/02 23:24:39 OK   00019_sp04_archive_ciphertext_bytes.sql (3.26ms)
2026/10/02 23:24:39 OK   00020_sp04_request_ledger.sql (4.53ms)
2026/10/02 23:24:39 OK   00021_sp04_archive_protection.sql (3.88ms)
2026/10/02 23:24:39 OK   00022_sp04_legal_hold_dependencies.sql (3.04ms)
2026/10/02 23:24:39 OK   00023_sp04_archive_query_intent.sql (3.36ms)
2026/10/02 23:24:39 OK   00024_sp05_finding_incident.sql (13.22ms)
2026/10/02 23:24:39 OK   00025_sp05_incident_event_time.sql (3.24ms)
2026/10/02 23:24:39 OK   00026_sp05_source_binding_lock.sql (3.44ms)
2026/10/02 23:24:39 OK   00027_sp05_rca_and_poll.sql (6.61ms)
2026/10/02 23:24:39 OK   00028_sp05_operator_lock.sql (3.4ms)
2026/10/02 23:24:39 OK   00029_sp05_evidence_links.sql (5.14ms)
2026/10/02 23:24:39 OK   00030_sp05_recipe_fence.sql (3.83ms)
2026/10/02 23:24:39 OK   00031_sp05_rca_postcheck.sql (3.11ms)
2026/10/02 23:24:39 OK   00032_sp05_transport_audit.sql (3.24ms)
2026/10/02 23:24:39 OK   00033_sp05_poll_resolution_clock.sql (6.17ms)
2026/10/02 23:24:39 goose: successfully migrated database to version: 33
2026/10/02 23:24:39 OK   00001_roles_and_schemas.sql (7.05ms)
2026/10/02 23:24:39 goose: successfully migrated database to version: 1
2026/10/02 23:24:39 OK   00002_platform_meta.sql (13.6ms)
2026/10/02 23:24:39 OK   00003_finding.sql (6.35ms)
2026/10/02 23:24:39 OK   00004_incident.sql (4.78ms)
2026/10/02 23:24:39 OK   00005_investigation.sql (5.14ms)
2026/10/02 23:24:39 OK   00006_action_command.sql (4.9ms)
2026/10/02 23:24:39 OK   00007_audit.sql (7.29ms)
2026/10/02 23:24:39 OK   00008_rls.sql (7.24ms)
2026/10/02 23:24:39 OK   00009_idempotency_ledger.sql (5.79ms)
2026/10/02 23:24:39 OK   00010_tenant_provisioning.sql (3.65ms)
2026/10/02 23:24:39 OK   00011_source_registration_history.sql (5.29ms)
2026/10/02 23:24:39 OK   00012_config_registry_lifecycle.sql (7.32ms)
2026/10/02 23:24:39 OK   00013_audit_signed_segments.sql (9.01ms)
2026/10/02 23:24:39 OK   00014_audit_segment_predecessors.sql (4.88ms)
2026/10/02 23:24:39 OK   00015_source_schema_scope.sql (2.82ms)
2026/10/02 23:24:39 OK   00016_cluster_registration_metadata.sql (4.04ms)
2026/10/02 23:24:39 OK   00017_source_data_scope.sql (3.41ms)
2026/10/02 23:24:39 OK   00018_sp04_resources_evidence.sql (10.24ms)
2026/10/02 23:24:39 OK   00019_sp04_archive_ciphertext_bytes.sql (3.27ms)
2026/10/02 23:24:39 OK   00020_sp04_request_ledger.sql (3.87ms)
2026/10/02 23:24:39 OK   00021_sp04_archive_protection.sql (3.3ms)
2026/10/02 23:24:39 OK   00022_sp04_legal_hold_dependencies.sql (2.77ms)
2026/10/02 23:24:39 OK   00023_sp04_archive_query_intent.sql (2.73ms)
2026/10/02 23:24:39 OK   00024_sp05_finding_incident.sql (13.66ms)
2026/10/02 23:24:39 OK   00025_sp05_incident_event_time.sql (3.03ms)
2026/10/02 23:24:39 OK   00026_sp05_source_binding_lock.sql (3.82ms)
2026/10/02 23:24:39 OK   00027_sp05_rca_and_poll.sql (27.34ms)
2026/10/02 23:24:39 OK   00028_sp05_operator_lock.sql (3.51ms)
2026/10/02 23:24:39 OK   00029_sp05_evidence_links.sql (9.82ms)
2026/10/02 23:24:39 OK   00030_sp05_recipe_fence.sql (6.04ms)
2026/10/02 23:24:39 OK   00031_sp05_rca_postcheck.sql (5.27ms)
2026/10/02 23:24:39 OK   00032_sp05_transport_audit.sql (6.1ms)
2026/10/02 23:24:39 OK   00033_sp05_poll_resolution_clock.sql (6.13ms)
2026/10/02 23:24:39 goose: successfully migrated database to version: 33
2026/10/02 23:24:39 OK   00001_roles_and_schemas.sql (5.88ms)
2026/10/02 23:24:40 OK   00002_platform_meta.sql (11.75ms)
2026/10/02 23:24:40 OK   00003_finding.sql (5.31ms)
2026/10/02 23:24:40 OK   00004_incident.sql (4.11ms)
2026/10/02 23:24:40 OK   00005_investigation.sql (4.5ms)
2026/10/02 23:24:40 OK   00006_action_command.sql (5.74ms)
2026/10/02 23:24:40 OK   00007_audit.sql (6.44ms)
2026/10/02 23:24:40 OK   00008_rls.sql (5.91ms)
2026/10/02 23:24:40 OK   00009_idempotency_ledger.sql (4.81ms)
2026/10/02 23:24:40 OK   00010_tenant_provisioning.sql (2.74ms)
2026/10/02 23:24:40 OK   00011_source_registration_history.sql (4.51ms)
2026/10/02 23:24:40 OK   00012_config_registry_lifecycle.sql (12.87ms)
2026/10/02 23:24:40 OK   00013_audit_signed_segments.sql (8.46ms)
2026/10/02 23:24:40 OK   00014_audit_segment_predecessors.sql (4.43ms)
2026/10/02 23:24:40 OK   00015_source_schema_scope.sql (3.32ms)
2026/10/02 23:24:40 OK   00016_cluster_registration_metadata.sql (3.51ms)
2026/10/02 23:24:40 OK   00017_source_data_scope.sql (2.62ms)
2026/10/02 23:24:40 OK   00018_sp04_resources_evidence.sql (10.28ms)
2026/10/02 23:24:40 OK   00019_sp04_archive_ciphertext_bytes.sql (1.98ms)
2026/10/02 23:24:40 OK   00020_sp04_request_ledger.sql (6.89ms)
2026/10/02 23:24:40 OK   00021_sp04_archive_protection.sql (3.71ms)
2026/10/02 23:24:40 OK   00022_sp04_legal_hold_dependencies.sql (2.68ms)
2026/10/02 23:24:40 OK   00023_sp04_archive_query_intent.sql (2.74ms)
2026/10/02 23:24:40 OK   00024_sp05_finding_incident.sql (18.5ms)
2026/10/02 23:24:40 OK   00025_sp05_incident_event_time.sql (1.9ms)
2026/10/02 23:24:40 OK   00026_sp05_source_binding_lock.sql (2.06ms)
2026/10/02 23:24:40 OK   00027_sp05_rca_and_poll.sql (4.97ms)
2026/10/02 23:24:40 OK   00028_sp05_operator_lock.sql (2.1ms)
2026/10/02 23:24:40 OK   00029_sp05_evidence_links.sql (3.37ms)
2026/10/02 23:24:40 OK   00030_sp05_recipe_fence.sql (2.18ms)
2026/10/02 23:24:40 OK   00031_sp05_rca_postcheck.sql (1.94ms)
2026/10/02 23:24:40 OK   00032_sp05_transport_audit.sql (1.95ms)
2026/10/02 23:24:40 OK   00033_sp05_poll_resolution_clock.sql (2.21ms)
2026/10/02 23:24:40 goose: successfully migrated database to version: 33
2026/10/02 23:24:40 OK   00001_roles_and_schemas.sql (5.78ms)
2026/10/02 23:24:40 goose: successfully migrated database to version: 1
2026/10/02 23:24:40 OK   00002_platform_meta.sql (12.47ms)
2026/10/02 23:24:40 OK   00003_finding.sql (5.95ms)
2026/10/02 23:24:40 OK   00004_incident.sql (4.41ms)
2026/10/02 23:24:40 OK   00005_investigation.sql (5.29ms)
2026/10/02 23:24:40 OK   00006_action_command.sql (4.92ms)
2026/10/02 23:24:40 OK   00007_audit.sql (7.18ms)
2026/10/02 23:24:40 OK   00008_rls.sql (7.06ms)
2026/10/02 23:24:40 OK   00009_idempotency_ledger.sql (5.68ms)
2026/10/02 23:24:40 OK   00010_tenant_provisioning.sql (3.55ms)
2026/10/02 23:24:40 OK   00011_source_registration_history.sql (5.23ms)
2026/10/02 23:24:40 OK   00012_config_registry_lifecycle.sql (7.01ms)
2026/10/02 23:24:40 OK   00013_audit_signed_segments.sql (8.46ms)
2026/10/02 23:24:40 OK   00014_audit_segment_predecessors.sql (4.57ms)
2026/10/02 23:24:40 OK   00015_source_schema_scope.sql (2.86ms)
2026/10/02 23:24:40 OK   00016_cluster_registration_metadata.sql (3.61ms)
2026/10/02 23:24:40 OK   00017_source_data_scope.sql (3.23ms)
2026/10/02 23:24:40 OK   00018_sp04_resources_evidence.sql (10.59ms)
2026/10/02 23:24:40 OK   00019_sp04_archive_ciphertext_bytes.sql (3.01ms)
2026/10/02 23:24:40 OK   00020_sp04_request_ledger.sql (4.21ms)
2026/10/02 23:24:40 OK   00021_sp04_archive_protection.sql (2.98ms)
2026/10/02 23:24:40 OK   00022_sp04_legal_hold_dependencies.sql (2.67ms)
2026/10/02 23:24:40 OK   00023_sp04_archive_query_intent.sql (2.94ms)
2026/10/02 23:24:40 OK   00024_sp05_finding_incident.sql (14.16ms)
2026/10/02 23:24:40 OK   00025_sp05_incident_event_time.sql (2.88ms)
2026/10/02 23:24:40 OK   00026_sp05_source_binding_lock.sql (3.05ms)
2026/10/02 23:24:40 OK   00027_sp05_rca_and_poll.sql (6.73ms)
2026/10/02 23:24:40 OK   00028_sp05_operator_lock.sql (3.4ms)
2026/10/02 23:24:40 OK   00029_sp05_evidence_links.sql (4.92ms)
2026/10/02 23:24:40 OK   00030_sp05_recipe_fence.sql (3.21ms)
2026/10/02 23:24:40 OK   00031_sp05_rca_postcheck.sql (2.92ms)
2026/10/02 23:24:40 OK   00032_sp05_transport_audit.sql (2.87ms)
2026/10/02 23:24:40 OK   00033_sp05_poll_resolution_clock.sql (3.25ms)
2026/10/02 23:24:40 goose: successfully migrated database to version: 33
FAIL
FAIL	ops-platform/test/integration	110.798s
ok  	ops-platform/test/security	(cached)
FAIL
make: *** [test-unit] Error 1
