=== RUN   TestSP05OfficialObservationsActualOrbStackAndControlledProbeFailure
2026/10/03 10:09:50 OK   00001_roles_and_schemas.sql (10.99ms)
2026/10/03 10:09:50 goose: successfully migrated database to version: 1
2026/10/03 10:09:50 OK   00002_platform_meta.sql (13.84ms)
2026/10/03 10:09:50 OK   00003_finding.sql (6.93ms)
2026/10/03 10:09:50 OK   00004_incident.sql (5.32ms)
2026/10/03 10:09:50 OK   00005_investigation.sql (5.55ms)
2026/10/03 10:09:50 OK   00006_action_command.sql (4.26ms)
2026/10/03 10:09:50 OK   00007_audit.sql (29.62ms)
2026/10/03 10:09:50 OK   00008_rls.sql (7.07ms)
2026/10/03 10:09:50 OK   00009_idempotency_ledger.sql (5.77ms)
2026/10/03 10:09:50 OK   00010_tenant_provisioning.sql (16.95ms)
2026/10/03 10:09:50 OK   00011_source_registration_history.sql (9.26ms)
2026/10/03 10:09:50 OK   00012_config_registry_lifecycle.sql (15.37ms)
2026/10/03 10:09:50 OK   00013_audit_signed_segments.sql (12.04ms)
2026/10/03 10:09:50 OK   00014_audit_segment_predecessors.sql (5.17ms)
2026/10/03 10:09:50 OK   00015_source_schema_scope.sql (3.64ms)
2026/10/03 10:09:50 OK   00016_cluster_registration_metadata.sql (4.25ms)
2026/10/03 10:09:50 OK   00017_source_data_scope.sql (3.21ms)
2026/10/03 10:09:50 OK   00018_sp04_resources_evidence.sql (10.15ms)
2026/10/03 10:09:50 OK   00019_sp04_archive_ciphertext_bytes.sql (3.41ms)
2026/10/03 10:09:50 OK   00020_sp04_request_ledger.sql (4.43ms)
2026/10/03 10:09:50 OK   00021_sp04_archive_protection.sql (3.07ms)
2026/10/03 10:09:50 OK   00022_sp04_legal_hold_dependencies.sql (3.37ms)
2026/10/03 10:09:50 OK   00023_sp04_archive_query_intent.sql (2.69ms)
2026/10/03 10:09:50 OK   00024_sp05_finding_incident.sql (12.09ms)
2026/10/03 10:09:50 OK   00025_sp05_incident_event_time.sql (3.34ms)
2026/10/03 10:09:50 OK   00026_sp05_source_binding_lock.sql (2.9ms)
2026/10/03 10:09:50 OK   00027_sp05_rca_and_poll.sql (8.21ms)
2026/10/03 10:09:50 OK   00028_sp05_operator_lock.sql (12.56ms)
2026/10/03 10:09:50 OK   00029_sp05_evidence_links.sql (8.21ms)
2026/10/03 10:09:50 OK   00030_sp05_recipe_fence.sql (3.52ms)
2026/10/03 10:09:50 OK   00031_sp05_rca_postcheck.sql (3.36ms)
2026/10/03 10:09:50 OK   00032_sp05_transport_audit.sql (2.95ms)
2026/10/03 10:09:50 OK   00033_sp05_poll_resolution_clock.sql (3.79ms)
2026/10/03 10:09:50 goose: successfully migrated database to version: 33
    archive_iam_test.go:41: owned TLS/IAM fixture image=docker.io/chrislusf/seaweedfs@sha256:d4cf67729aa8777e1a43a5b61d72e5b96179e4b7bac9a221cb14cbc2036cb32e id=dd01b9b0e186d6328102d5d20c204546f9ab52c668109a37e1127f80ae76d776 bucket=sp05-golden-69d59ff0 tenants=1
    sp05_official_observations_test.go:112: actual native official read report: {ProbeAvailable:true MetricAvailable:false Candidates:1 DegradedSources:[kubernetes/metrics]} (Metrics availability is observed, never a performance measurement)
    sp05_official_observations_test.go:189: official Metrics persisted as non-Metric Evidence: 4 <nil>
--- FAIL: TestSP05OfficialObservationsActualOrbStackAndControlledProbeFailure (7.54s)
FAIL
FAIL	ops-platform/test/integration	8.614s
FAIL
