=== RUN   TestSP05ActualLinuxWorkerAuthorizedAnalyzerDurableChain
2026/10/03 09:38:35 OK   00001_roles_and_schemas.sql (10.18ms)
2026/10/03 09:38:35 goose: successfully migrated database to version: 1
2026/10/03 09:38:35 OK   00002_platform_meta.sql (13.72ms)
2026/10/03 09:38:35 OK   00003_finding.sql (6.6ms)
2026/10/03 09:38:35 OK   00004_incident.sql (4.95ms)
2026/10/03 09:38:35 OK   00005_investigation.sql (5.55ms)
2026/10/03 09:38:35 OK   00006_action_command.sql (5.2ms)
2026/10/03 09:38:35 OK   00007_audit.sql (7.65ms)
2026/10/03 09:38:35 OK   00008_rls.sql (7.59ms)
2026/10/03 09:38:35 OK   00009_idempotency_ledger.sql (6.3ms)
2026/10/03 09:38:35 OK   00010_tenant_provisioning.sql (4.5ms)
2026/10/03 09:38:35 OK   00011_source_registration_history.sql (11.76ms)
2026/10/03 09:38:35 OK   00012_config_registry_lifecycle.sql (8.42ms)
2026/10/03 09:38:35 OK   00013_audit_signed_segments.sql (8.63ms)
2026/10/03 09:38:35 OK   00014_audit_segment_predecessors.sql (5.44ms)
2026/10/03 09:38:35 OK   00015_source_schema_scope.sql (3.5ms)
2026/10/03 09:38:35 OK   00016_cluster_registration_metadata.sql (4.37ms)
2026/10/03 09:38:35 OK   00017_source_data_scope.sql (3.13ms)
2026/10/03 09:38:35 OK   00018_sp04_resources_evidence.sql (10.12ms)
2026/10/03 09:38:35 OK   00019_sp04_archive_ciphertext_bytes.sql (3.38ms)
2026/10/03 09:38:35 OK   00020_sp04_request_ledger.sql (4.49ms)
2026/10/03 09:38:35 OK   00021_sp04_archive_protection.sql (3.6ms)
2026/10/03 09:38:35 OK   00022_sp04_legal_hold_dependencies.sql (3.41ms)
2026/10/03 09:38:35 OK   00023_sp04_archive_query_intent.sql (3.59ms)
2026/10/03 09:38:35 OK   00024_sp05_finding_incident.sql (11.65ms)
2026/10/03 09:38:35 OK   00025_sp05_incident_event_time.sql (3.29ms)
2026/10/03 09:38:35 OK   00026_sp05_source_binding_lock.sql (3.77ms)
2026/10/03 09:38:35 OK   00027_sp05_rca_and_poll.sql (6.08ms)
2026/10/03 09:38:35 OK   00028_sp05_operator_lock.sql (3.72ms)
2026/10/03 09:38:35 OK   00029_sp05_evidence_links.sql (4.8ms)
2026/10/03 09:38:35 OK   00030_sp05_recipe_fence.sql (4.15ms)
2026/10/03 09:38:35 OK   00031_sp05_rca_postcheck.sql (8.55ms)
2026/10/03 09:38:35 OK   00032_sp05_transport_audit.sql (11.43ms)
2026/10/03 09:38:35 OK   00033_sp05_poll_resolution_clock.sql (4.75ms)
2026/10/03 09:38:35 goose: successfully migrated database to version: 33
    archive_iam_test.go:41: owned TLS/IAM fixture image=docker.io/chrislusf/seaweedfs@sha256:d4cf67729aa8777e1a43a5b61d72e5b96179e4b7bac9a221cb14cbc2036cb32e id=ff7d9d57aa75d473a462983eea1b5995716fc60dce222ad7bb400f4bc49e75aa bucket=sp05-golden-1efed06b tenants=1
    archive_iam_test.go:41: owned TLS/IAM fixture image=docker.io/chrislusf/seaweedfs@sha256:d4cf67729aa8777e1a43a5b61d72e5b96179e4b7bac9a221cb14cbc2036cb32e id=0c8d95266ce7fe821309d193b0103bdad68c4ee7edc0ebae9a261e696ee5b79c bucket=sp05-native-worker-e5fdb542 tenants=1
    sp05_native_worker_test.go:153: actual authorized Worker startup + original fixed CLI + native OrbStack fault Pod + common ingestion + real PG Incident + real OpenBao/TLS/IAM S3 Evidence; image=sha256:508bd6d02a4d42b3a1ecfa4cf0daf4a65a73b45a00044a5edee5e874d5b02f5b; private inputs remain in owned Secret, no performance samples
--- PASS: TestSP05ActualLinuxWorkerAuthorizedAnalyzerDurableChain (62.26s)
PASS
ok  	ops-platform/test/integration	63.253s
