=== RUN   TestSP05FrozenNonvirtualGoldenVerticalAndReplay
=== RUN   TestSP05FrozenNonvirtualGoldenVerticalAndReplay/dimm-failure/valid
2026/10/03 10:10:40 OK   00001_roles_and_schemas.sql (8.96ms)
2026/10/03 10:10:40 goose: successfully migrated database to version: 1
2026/10/03 10:10:40 OK   00002_platform_meta.sql (14.3ms)
2026/10/03 10:10:40 OK   00003_finding.sql (6.62ms)
2026/10/03 10:10:40 OK   00004_incident.sql (4.86ms)
2026/10/03 10:10:40 OK   00005_investigation.sql (12.01ms)
2026/10/03 10:10:40 OK   00006_action_command.sql (6ms)
2026/10/03 10:10:40 OK   00007_audit.sql (8.77ms)
2026/10/03 10:10:40 OK   00008_rls.sql (7.44ms)
2026/10/03 10:10:40 OK   00009_idempotency_ledger.sql (6.69ms)
2026/10/03 10:10:40 OK   00010_tenant_provisioning.sql (5.2ms)
2026/10/03 10:10:40 OK   00011_source_registration_history.sql (6.23ms)
2026/10/03 10:10:40 OK   00012_config_registry_lifecycle.sql (9.46ms)
2026/10/03 10:10:40 OK   00013_audit_signed_segments.sql (15.59ms)
2026/10/03 10:10:40 OK   00014_audit_segment_predecessors.sql (5.64ms)
2026/10/03 10:10:40 OK   00015_source_schema_scope.sql (5.26ms)
2026/10/03 10:10:40 OK   00016_cluster_registration_metadata.sql (5.21ms)
2026/10/03 10:10:40 OK   00017_source_data_scope.sql (4.37ms)
2026/10/03 10:10:40 OK   00018_sp04_resources_evidence.sql (11.63ms)
2026/10/03 10:10:40 OK   00019_sp04_archive_ciphertext_bytes.sql (3.79ms)
2026/10/03 10:10:40 OK   00020_sp04_request_ledger.sql (3.95ms)
2026/10/03 10:10:40 OK   00021_sp04_archive_protection.sql (6.55ms)
2026/10/03 10:10:40 OK   00022_sp04_legal_hold_dependencies.sql (3.74ms)
2026/10/03 10:10:40 OK   00023_sp04_archive_query_intent.sql (18.02ms)
2026/10/03 10:10:40 OK   00024_sp05_finding_incident.sql (14.36ms)
2026/10/03 10:10:40 OK   00025_sp05_incident_event_time.sql (3.58ms)
2026/10/03 10:10:40 OK   00026_sp05_source_binding_lock.sql (4.35ms)
2026/10/03 10:10:40 OK   00027_sp05_rca_and_poll.sql (6.76ms)
2026/10/03 10:10:40 OK   00028_sp05_operator_lock.sql (4.31ms)
2026/10/03 10:10:40 OK   00029_sp05_evidence_links.sql (5.95ms)
2026/10/03 10:10:40 OK   00030_sp05_recipe_fence.sql (3.73ms)
2026/10/03 10:10:40 OK   00031_sp05_rca_postcheck.sql (3.47ms)
2026/10/03 10:10:40 OK   00032_sp05_transport_audit.sql (3.67ms)
2026/10/03 10:10:40 OK   00033_sp05_poll_resolution_clock.sql (4.46ms)
2026/10/03 10:10:40 goose: successfully migrated database to version: 33
    archive_iam_test.go:41: owned TLS/IAM fixture image=docker.io/chrislusf/seaweedfs@sha256:d4cf67729aa8777e1a43a5b61d72e5b96179e4b7bac9a221cb14cbc2036cb32e id=399dae85ab53b963c63e7314afc0e56019596f62c8267cfd4f534ae0c170c01a bucket=sp05-golden-3f253a4b tenants=1
    sp05_golden_vertical_test.go:318: dimm-failure/valid: fixed clock, admitted native adapters -> actual identity/Graph and unified ingestion -> PostgreSQL reducer -> signed published Recipe -> real immutable OpenBao/SeaweedFS Evidence -> append-only RCA and bounded Impact, twice replay; protocol Fixture, no physical BMC/Node failure claim
=== RUN   TestSP05FrozenNonvirtualGoldenVerticalAndReplay/dimm-failure/missing
2026/10/03 10:10:46 OK   00001_roles_and_schemas.sql (17.6ms)
2026/10/03 10:10:46 goose: successfully migrated database to version: 1
2026/10/03 10:10:46 OK   00002_platform_meta.sql (23.99ms)
2026/10/03 10:10:46 OK   00003_finding.sql (18.64ms)
2026/10/03 10:10:46 OK   00004_incident.sql (4.83ms)
2026/10/03 10:10:46 OK   00005_investigation.sql (5.44ms)
2026/10/03 10:10:46 OK   00006_action_command.sql (8.71ms)
2026/10/03 10:10:46 OK   00007_audit.sql (17.78ms)
2026/10/03 10:10:46 OK   00008_rls.sql (7.69ms)
2026/10/03 10:10:46 OK   00009_idempotency_ledger.sql (5.59ms)
2026/10/03 10:10:46 OK   00010_tenant_provisioning.sql (3.51ms)
2026/10/03 10:10:46 OK   00011_source_registration_history.sql (5.05ms)
2026/10/03 10:10:46 OK   00012_config_registry_lifecycle.sql (19.61ms)
2026/10/03 10:10:46 OK   00013_audit_signed_segments.sql (12.06ms)
2026/10/03 10:10:46 OK   00014_audit_segment_predecessors.sql (7.45ms)
2026/10/03 10:10:46 OK   00015_source_schema_scope.sql (7.98ms)
2026/10/03 10:10:46 OK   00016_cluster_registration_metadata.sql (5.5ms)
2026/10/03 10:10:46 OK   00017_source_data_scope.sql (10.79ms)
2026/10/03 10:10:46 OK   00018_sp04_resources_evidence.sql (18.27ms)
2026/10/03 10:10:46 OK   00019_sp04_archive_ciphertext_bytes.sql (4ms)
2026/10/03 10:10:46 OK   00020_sp04_request_ledger.sql (8.26ms)
2026/10/03 10:10:46 OK   00021_sp04_archive_protection.sql (12.29ms)
2026/10/03 10:10:46 OK   00022_sp04_legal_hold_dependencies.sql (4.16ms)
2026/10/03 10:10:46 OK   00023_sp04_archive_query_intent.sql (6.42ms)
2026/10/03 10:10:46 OK   00024_sp05_finding_incident.sql (21.61ms)
2026/10/03 10:10:46 OK   00025_sp05_incident_event_time.sql (3.91ms)
2026/10/03 10:10:46 OK   00026_sp05_source_binding_lock.sql (3.58ms)
2026/10/03 10:10:46 OK   00027_sp05_rca_and_poll.sql (7.33ms)
2026/10/03 10:10:46 OK   00028_sp05_operator_lock.sql (4.05ms)
2026/10/03 10:10:46 OK   00029_sp05_evidence_links.sql (6.07ms)
2026/10/03 10:10:46 OK   00030_sp05_recipe_fence.sql (9.56ms)
2026/10/03 10:10:46 OK   00031_sp05_rca_postcheck.sql (9.35ms)
2026/10/03 10:10:46 OK   00032_sp05_transport_audit.sql (4.1ms)
2026/10/03 10:10:46 OK   00033_sp05_poll_resolution_clock.sql (4.49ms)
2026/10/03 10:10:46 goose: successfully migrated database to version: 33
    archive_iam_test.go:41: owned TLS/IAM fixture image=docker.io/chrislusf/seaweedfs@sha256:d4cf67729aa8777e1a43a5b61d72e5b96179e4b7bac9a221cb14cbc2036cb32e id=e6010cb33f0bbcf830a914dcc30e444552c95ba0e26777f4bcc2ecbcd2b7826d bucket=sp05-golden-77bf005d tenants=1
    sp05_golden_vertical_test.go:318: dimm-failure/missing: fixed clock, admitted native adapters -> actual identity/Graph and unified ingestion -> PostgreSQL reducer -> signed published Recipe -> real immutable OpenBao/SeaweedFS Evidence -> append-only RCA and bounded Impact, twice replay; protocol Fixture, no physical BMC/Node failure claim
=== RUN   TestSP05FrozenNonvirtualGoldenVerticalAndReplay/dimm-failure/conflict
2026/10/03 10:10:53 OK   00001_roles_and_schemas.sql (69.75ms)
2026/10/03 10:10:53 goose: successfully migrated database to version: 1
2026/10/03 10:10:53 OK   00002_platform_meta.sql (34.72ms)
2026/10/03 10:10:53 OK   00003_finding.sql (29.81ms)
2026/10/03 10:10:53 OK   00004_incident.sql (7.54ms)
2026/10/03 10:10:53 OK   00005_investigation.sql (6.7ms)
2026/10/03 10:10:53 OK   00006_action_command.sql (5.63ms)
2026/10/03 10:10:53 OK   00007_audit.sql (7.98ms)
2026/10/03 10:10:53 OK   00008_rls.sql (6.55ms)
2026/10/03 10:10:53 OK   00009_idempotency_ledger.sql (31.59ms)
2026/10/03 10:10:53 OK   00010_tenant_provisioning.sql (3.24ms)
2026/10/03 10:10:53 OK   00011_source_registration_history.sql (4.68ms)
2026/10/03 10:10:53 OK   00012_config_registry_lifecycle.sql (6.48ms)
2026/10/03 10:10:53 OK   00013_audit_signed_segments.sql (7.7ms)
2026/10/03 10:10:53 OK   00014_audit_segment_predecessors.sql (3.85ms)
2026/10/03 10:10:53 OK   00015_source_schema_scope.sql (2.11ms)
2026/10/03 10:10:53 OK   00016_cluster_registration_metadata.sql (2.95ms)
2026/10/03 10:10:53 OK   00017_source_data_scope.sql (2.58ms)
2026/10/03 10:10:53 OK   00018_sp04_resources_evidence.sql (8.88ms)
2026/10/03 10:10:53 OK   00019_sp04_archive_ciphertext_bytes.sql (2.07ms)
2026/10/03 10:10:53 OK   00020_sp04_request_ledger.sql (3.15ms)
2026/10/03 10:10:53 OK   00021_sp04_archive_protection.sql (2.25ms)
2026/10/03 10:10:53 OK   00022_sp04_legal_hold_dependencies.sql (1.97ms)
2026/10/03 10:10:53 OK   00023_sp04_archive_query_intent.sql (2ms)
2026/10/03 10:10:53 OK   00024_sp05_finding_incident.sql (10.67ms)
2026/10/03 10:10:53 OK   00025_sp05_incident_event_time.sql (2.03ms)
2026/10/03 10:10:53 OK   00026_sp05_source_binding_lock.sql (23.82ms)
2026/10/03 10:10:53 OK   00027_sp05_rca_and_poll.sql (5.56ms)
2026/10/03 10:10:53 OK   00028_sp05_operator_lock.sql (2.36ms)
2026/10/03 10:10:53 OK   00029_sp05_evidence_links.sql (3.54ms)
2026/10/03 10:10:53 OK   00030_sp05_recipe_fence.sql (2.33ms)
2026/10/03 10:10:53 OK   00031_sp05_rca_postcheck.sql (2.04ms)
2026/10/03 10:10:53 OK   00032_sp05_transport_audit.sql (2.42ms)
2026/10/03 10:10:53 OK   00033_sp05_poll_resolution_clock.sql (2.42ms)
2026/10/03 10:10:53 goose: successfully migrated database to version: 33
    archive_iam_test.go:41: owned TLS/IAM fixture image=docker.io/chrislusf/seaweedfs@sha256:d4cf67729aa8777e1a43a5b61d72e5b96179e4b7bac9a221cb14cbc2036cb32e id=31a383e9cd20f6f373a0087a13a11d4e5afc975310c71afa4d94f7367e781c69 bucket=sp05-golden-56669ef4 tenants=1
    sp05_golden_vertical_test.go:318: dimm-failure/conflict: fixed clock, admitted native adapters -> actual identity/Graph and unified ingestion -> PostgreSQL reducer -> signed published Recipe -> real immutable OpenBao/SeaweedFS Evidence -> append-only RCA and bounded Impact, twice replay; protocol Fixture, no physical BMC/Node failure claim
=== RUN   TestSP05FrozenNonvirtualGoldenVerticalAndReplay/dimm-failure/degraded
2026/10/03 10:10:58 OK   00001_roles_and_schemas.sql (8.1ms)
2026/10/03 10:10:58 goose: successfully migrated database to version: 1
2026/10/03 10:10:58 OK   00002_platform_meta.sql (16.74ms)
2026/10/03 10:10:58 OK   00003_finding.sql (11.41ms)
2026/10/03 10:10:58 OK   00004_incident.sql (7.91ms)
2026/10/03 10:10:58 OK   00005_investigation.sql (4.79ms)
2026/10/03 10:10:59 OK   00006_action_command.sql (24.33ms)
2026/10/03 10:10:59 OK   00007_audit.sql (10.81ms)
2026/10/03 10:10:59 OK   00008_rls.sql (15.09ms)
2026/10/03 10:10:59 OK   00009_idempotency_ledger.sql (11.37ms)
2026/10/03 10:10:59 OK   00010_tenant_provisioning.sql (24.78ms)
2026/10/03 10:10:59 OK   00011_source_registration_history.sql (6.02ms)
2026/10/03 10:10:59 OK   00012_config_registry_lifecycle.sql (8.99ms)
2026/10/03 10:10:59 OK   00013_audit_signed_segments.sql (26.62ms)
2026/10/03 10:10:59 OK   00014_audit_segment_predecessors.sql (7.81ms)
2026/10/03 10:10:59 OK   00015_source_schema_scope.sql (4.36ms)
2026/10/03 10:10:59 OK   00016_cluster_registration_metadata.sql (4.4ms)
2026/10/03 10:10:59 OK   00017_source_data_scope.sql (3.99ms)
2026/10/03 10:10:59 OK   00018_sp04_resources_evidence.sql (11.53ms)
2026/10/03 10:10:59 OK   00019_sp04_archive_ciphertext_bytes.sql (4.4ms)
2026/10/03 10:10:59 OK   00020_sp04_request_ledger.sql (3.99ms)
2026/10/03 10:10:59 OK   00021_sp04_archive_protection.sql (3.47ms)
2026/10/03 10:10:59 OK   00022_sp04_legal_hold_dependencies.sql (2.44ms)
2026/10/03 10:10:59 OK   00023_sp04_archive_query_intent.sql (2.41ms)
2026/10/03 10:10:59 OK   00024_sp05_finding_incident.sql (32.71ms)
2026/10/03 10:10:59 OK   00025_sp05_incident_event_time.sql (2.61ms)
2026/10/03 10:10:59 OK   00026_sp05_source_binding_lock.sql (2.66ms)
2026/10/03 10:10:59 OK   00027_sp05_rca_and_poll.sql (5.85ms)
2026/10/03 10:10:59 OK   00028_sp05_operator_lock.sql (2.34ms)
2026/10/03 10:10:59 OK   00029_sp05_evidence_links.sql (3.69ms)
2026/10/03 10:10:59 OK   00030_sp05_recipe_fence.sql (2.12ms)
2026/10/03 10:10:59 OK   00031_sp05_rca_postcheck.sql (1.95ms)
2026/10/03 10:10:59 OK   00032_sp05_transport_audit.sql (1.97ms)
2026/10/03 10:10:59 OK   00033_sp05_poll_resolution_clock.sql (2.4ms)
2026/10/03 10:10:59 goose: successfully migrated database to version: 33
    archive_iam_test.go:41: owned TLS/IAM fixture image=docker.io/chrislusf/seaweedfs@sha256:d4cf67729aa8777e1a43a5b61d72e5b96179e4b7bac9a221cb14cbc2036cb32e id=e214440d8e7b318662a5e7245c0afdc0df7d64765c0a44b47c47d375b30ac715 bucket=sp05-golden-72a6890b tenants=1
    sp05_golden_vertical_test.go:318: dimm-failure/degraded: fixed clock, admitted native adapters -> actual identity/Graph and unified ingestion -> PostgreSQL reducer -> signed published Recipe -> real immutable OpenBao/SeaweedFS Evidence -> append-only RCA and bounded Impact, twice replay; protocol Fixture, no physical BMC/Node failure claim
--- PASS: TestSP05FrozenNonvirtualGoldenVerticalAndReplay (29.30s)
    --- PASS: TestSP05FrozenNonvirtualGoldenVerticalAndReplay/dimm-failure/valid (6.05s)
    --- PASS: TestSP05FrozenNonvirtualGoldenVerticalAndReplay/dimm-failure/missing (7.21s)
    --- PASS: TestSP05FrozenNonvirtualGoldenVerticalAndReplay/dimm-failure/conflict (5.44s)
    --- PASS: TestSP05FrozenNonvirtualGoldenVerticalAndReplay/dimm-failure/degraded (10.60s)
=== RUN   TestSP05FrozenNodeHardwareUpstreamVerticalAndReplay
=== RUN   TestSP05FrozenNodeHardwareUpstreamVerticalAndReplay/valid
2026/10/03 10:11:09 OK   00001_roles_and_schemas.sql (20.75ms)
2026/10/03 10:11:09 goose: successfully migrated database to version: 1
2026/10/03 10:11:09 OK   00002_platform_meta.sql (37.26ms)
2026/10/03 10:11:09 OK   00003_finding.sql (11.69ms)
2026/10/03 10:11:09 OK   00004_incident.sql (9.37ms)
2026/10/03 10:11:09 OK   00005_investigation.sql (8.24ms)
2026/10/03 10:11:09 OK   00006_action_command.sql (15.9ms)
2026/10/03 10:11:09 OK   00007_audit.sql (21.38ms)
2026/10/03 10:11:09 OK   00008_rls.sql (6.98ms)
2026/10/03 10:11:09 OK   00009_idempotency_ledger.sql (10.22ms)
2026/10/03 10:11:09 OK   00010_tenant_provisioning.sql (13.13ms)
2026/10/03 10:11:09 OK   00011_source_registration_history.sql (5.11ms)
2026/10/03 10:11:09 OK   00012_config_registry_lifecycle.sql (14.1ms)
2026/10/03 10:11:09 OK   00013_audit_signed_segments.sql (20.51ms)
2026/10/03 10:11:09 OK   00014_audit_segment_predecessors.sql (4.15ms)
2026/10/03 10:11:09 OK   00015_source_schema_scope.sql (2.1ms)
2026/10/03 10:11:09 OK   00016_cluster_registration_metadata.sql (2.93ms)
2026/10/03 10:11:09 OK   00017_source_data_scope.sql (25.21ms)
2026/10/03 10:11:09 OK   00018_sp04_resources_evidence.sql (9.75ms)
2026/10/03 10:11:09 OK   00019_sp04_archive_ciphertext_bytes.sql (2.15ms)
2026/10/03 10:11:09 OK   00020_sp04_request_ledger.sql (5.73ms)
2026/10/03 10:11:09 OK   00021_sp04_archive_protection.sql (4.05ms)
2026/10/03 10:11:09 OK   00022_sp04_legal_hold_dependencies.sql (5.35ms)
2026/10/03 10:11:09 OK   00023_sp04_archive_query_intent.sql (7.25ms)
2026/10/03 10:11:09 OK   00024_sp05_finding_incident.sql (22.8ms)
2026/10/03 10:11:09 OK   00025_sp05_incident_event_time.sql (11.91ms)
2026/10/03 10:11:09 OK   00026_sp05_source_binding_lock.sql (2.57ms)
2026/10/03 10:11:09 OK   00027_sp05_rca_and_poll.sql (20.83ms)
2026/10/03 10:11:09 OK   00028_sp05_operator_lock.sql (3.26ms)
2026/10/03 10:11:09 OK   00029_sp05_evidence_links.sql (5.05ms)
2026/10/03 10:11:09 OK   00030_sp05_recipe_fence.sql (2.28ms)
2026/10/03 10:11:09 OK   00031_sp05_rca_postcheck.sql (2.07ms)
2026/10/03 10:11:09 OK   00032_sp05_transport_audit.sql (2.06ms)
2026/10/03 10:11:09 OK   00033_sp05_poll_resolution_clock.sql (2.61ms)
2026/10/03 10:11:09 goose: successfully migrated database to version: 33
    archive_iam_test.go:41: owned TLS/IAM fixture image=docker.io/chrislusf/seaweedfs@sha256:d4cf67729aa8777e1a43a5b61d72e5b96179e4b7bac9a221cb14cbc2036cb32e id=517f9b5ea46f76fc576d35b89e6427b71a3f41b47d9855fb9ad44113a734dee6 bucket=sp05-golden-88328105 tenants=1
    sp05_golden_vertical_test.go:318: node-hardware-upstream/valid: fixed clock, admitted native adapters -> actual identity/Graph and unified ingestion -> PostgreSQL reducer -> signed published Recipe -> real immutable OpenBao/SeaweedFS Evidence -> append-only RCA and bounded Impact, twice replay; protocol Fixture, no physical BMC/Node failure claim
=== RUN   TestSP05FrozenNodeHardwareUpstreamVerticalAndReplay/missing
2026/10/03 10:11:18 OK   00001_roles_and_schemas.sql (33.06ms)
2026/10/03 10:11:18 goose: successfully migrated database to version: 1
2026/10/03 10:11:18 OK   00002_platform_meta.sql (16.6ms)
2026/10/03 10:11:18 OK   00003_finding.sql (8.59ms)
2026/10/03 10:11:18 OK   00004_incident.sql (6.42ms)
2026/10/03 10:11:18 OK   00005_investigation.sql (5.63ms)
2026/10/03 10:11:18 OK   00006_action_command.sql (5.99ms)
2026/10/03 10:11:18 OK   00007_audit.sql (9.69ms)
2026/10/03 10:11:18 OK   00008_rls.sql (7.04ms)
2026/10/03 10:11:18 OK   00009_idempotency_ledger.sql (7.12ms)
2026/10/03 10:11:18 OK   00010_tenant_provisioning.sql (14.31ms)
2026/10/03 10:11:18 OK   00011_source_registration_history.sql (14.04ms)
2026/10/03 10:11:18 OK   00012_config_registry_lifecycle.sql (8.02ms)
2026/10/03 10:11:18 OK   00013_audit_signed_segments.sql (9.69ms)
2026/10/03 10:11:18 OK   00014_audit_segment_predecessors.sql (5.1ms)
2026/10/03 10:11:18 OK   00015_source_schema_scope.sql (3.14ms)
2026/10/03 10:11:18 OK   00016_cluster_registration_metadata.sql (3.84ms)
2026/10/03 10:11:18 OK   00017_source_data_scope.sql (2.89ms)
2026/10/03 10:11:18 OK   00018_sp04_resources_evidence.sql (10.69ms)
2026/10/03 10:11:18 OK   00019_sp04_archive_ciphertext_bytes.sql (3.91ms)
2026/10/03 10:11:18 OK   00020_sp04_request_ledger.sql (4.92ms)
2026/10/03 10:11:18 OK   00021_sp04_archive_protection.sql (4.01ms)
2026/10/03 10:11:18 OK   00022_sp04_legal_hold_dependencies.sql (3.49ms)
2026/10/03 10:11:18 OK   00023_sp04_archive_query_intent.sql (2.34ms)
2026/10/03 10:11:18 OK   00024_sp05_finding_incident.sql (20.93ms)
2026/10/03 10:11:18 OK   00025_sp05_incident_event_time.sql (3.53ms)
2026/10/03 10:11:18 OK   00026_sp05_source_binding_lock.sql (3.89ms)
2026/10/03 10:11:18 OK   00027_sp05_rca_and_poll.sql (11.95ms)
2026/10/03 10:11:18 OK   00028_sp05_operator_lock.sql (4.71ms)
2026/10/03 10:11:18 OK   00029_sp05_evidence_links.sql (4.94ms)
2026/10/03 10:11:18 OK   00030_sp05_recipe_fence.sql (3.16ms)
2026/10/03 10:11:18 OK   00031_sp05_rca_postcheck.sql (4.89ms)
2026/10/03 10:11:18 OK   00032_sp05_transport_audit.sql (3.11ms)
2026/10/03 10:11:18 OK   00033_sp05_poll_resolution_clock.sql (3.51ms)
2026/10/03 10:11:18 goose: successfully migrated database to version: 33
    archive_iam_test.go:41: owned TLS/IAM fixture image=docker.io/chrislusf/seaweedfs@sha256:d4cf67729aa8777e1a43a5b61d72e5b96179e4b7bac9a221cb14cbc2036cb32e id=15e1b47e0ff379aa34ce58fab11c3228080f1d809b588322f00417e555108772 bucket=sp05-golden-8736eef7 tenants=1
    sp05_golden_vertical_test.go:318: node-hardware-upstream/missing: fixed clock, admitted native adapters -> actual identity/Graph and unified ingestion -> PostgreSQL reducer -> signed published Recipe -> real immutable OpenBao/SeaweedFS Evidence -> append-only RCA and bounded Impact, twice replay; protocol Fixture, no physical BMC/Node failure claim
=== RUN   TestSP05FrozenNodeHardwareUpstreamVerticalAndReplay/conflict
2026/10/03 10:11:24 OK   00001_roles_and_schemas.sql (28.41ms)
2026/10/03 10:11:24 goose: successfully migrated database to version: 1
2026/10/03 10:11:24 OK   00002_platform_meta.sql (24.29ms)
2026/10/03 10:11:24 OK   00003_finding.sql (22.92ms)
2026/10/03 10:11:24 OK   00004_incident.sql (6.83ms)
2026/10/03 10:11:24 OK   00005_investigation.sql (8.93ms)
2026/10/03 10:11:24 OK   00006_action_command.sql (11.26ms)
2026/10/03 10:11:24 OK   00007_audit.sql (23.35ms)
2026/10/03 10:11:24 OK   00008_rls.sql (10.47ms)
2026/10/03 10:11:24 OK   00009_idempotency_ledger.sql (6.14ms)
2026/10/03 10:11:24 OK   00010_tenant_provisioning.sql (6.59ms)
2026/10/03 10:11:24 OK   00011_source_registration_history.sql (15.75ms)
2026/10/03 10:11:24 OK   00012_config_registry_lifecycle.sql (8ms)
2026/10/03 10:11:24 OK   00013_audit_signed_segments.sql (11.22ms)
2026/10/03 10:11:24 OK   00014_audit_segment_predecessors.sql (9.51ms)
2026/10/03 10:11:24 OK   00015_source_schema_scope.sql (3.18ms)
2026/10/03 10:11:24 OK   00016_cluster_registration_metadata.sql (9.57ms)
2026/10/03 10:11:24 OK   00017_source_data_scope.sql (4.12ms)
2026/10/03 10:11:24 OK   00018_sp04_resources_evidence.sql (15.05ms)
2026/10/03 10:11:24 OK   00019_sp04_archive_ciphertext_bytes.sql (4.21ms)
2026/10/03 10:11:24 OK   00020_sp04_request_ledger.sql (4.31ms)
2026/10/03 10:11:24 OK   00021_sp04_archive_protection.sql (2.88ms)
2026/10/03 10:11:24 OK   00022_sp04_legal_hold_dependencies.sql (3.15ms)
2026/10/03 10:11:24 OK   00023_sp04_archive_query_intent.sql (3.17ms)
2026/10/03 10:11:24 OK   00024_sp05_finding_incident.sql (23.58ms)
2026/10/03 10:11:24 OK   00025_sp05_incident_event_time.sql (4ms)
2026/10/03 10:11:24 OK   00026_sp05_source_binding_lock.sql (5.12ms)
2026/10/03 10:11:24 OK   00027_sp05_rca_and_poll.sql (8.89ms)
2026/10/03 10:11:24 OK   00028_sp05_operator_lock.sql (4.58ms)
2026/10/03 10:11:24 OK   00029_sp05_evidence_links.sql (6.78ms)
2026/10/03 10:11:24 OK   00030_sp05_recipe_fence.sql (3.59ms)
2026/10/03 10:11:24 OK   00031_sp05_rca_postcheck.sql (3.96ms)
2026/10/03 10:11:25 OK   00032_sp05_transport_audit.sql (11.03ms)
2026/10/03 10:11:25 OK   00033_sp05_poll_resolution_clock.sql (4.25ms)
2026/10/03 10:11:25 goose: successfully migrated database to version: 33
    archive_iam_test.go:41: owned TLS/IAM fixture image=docker.io/chrislusf/seaweedfs@sha256:d4cf67729aa8777e1a43a5b61d72e5b96179e4b7bac9a221cb14cbc2036cb32e id=48606f7a299f8ef89be4509aa9d8430a16a67c56bbb1634a34a894a124935b3c bucket=sp05-golden-83e2da44 tenants=1
    sp05_golden_vertical_test.go:318: node-hardware-upstream/conflict: fixed clock, admitted native adapters -> actual identity/Graph and unified ingestion -> PostgreSQL reducer -> signed published Recipe -> real immutable OpenBao/SeaweedFS Evidence -> append-only RCA and bounded Impact, twice replay; protocol Fixture, no physical BMC/Node failure claim
=== RUN   TestSP05FrozenNodeHardwareUpstreamVerticalAndReplay/degraded
2026/10/03 10:11:30 OK   00001_roles_and_schemas.sql (14.58ms)
2026/10/03 10:11:30 goose: successfully migrated database to version: 1
2026/10/03 10:11:30 OK   00002_platform_meta.sql (38.42ms)
2026/10/03 10:11:30 OK   00003_finding.sql (22.35ms)
2026/10/03 10:11:30 OK   00004_incident.sql (19.11ms)
2026/10/03 10:11:30 OK   00005_investigation.sql (13.63ms)
2026/10/03 10:11:30 OK   00006_action_command.sql (18.1ms)
2026/10/03 10:11:30 OK   00007_audit.sql (32.36ms)
2026/10/03 10:11:30 OK   00008_rls.sql (11.09ms)
2026/10/03 10:11:30 OK   00009_idempotency_ledger.sql (15.03ms)
2026/10/03 10:11:30 OK   00010_tenant_provisioning.sql (10ms)
2026/10/03 10:11:30 OK   00011_source_registration_history.sql (9.26ms)
2026/10/03 10:11:30 OK   00012_config_registry_lifecycle.sql (9.45ms)
2026/10/03 10:11:30 OK   00013_audit_signed_segments.sql (9.02ms)
2026/10/03 10:11:30 OK   00014_audit_segment_predecessors.sql (4.39ms)
2026/10/03 10:11:30 OK   00015_source_schema_scope.sql (2.72ms)
2026/10/03 10:11:30 OK   00016_cluster_registration_metadata.sql (3.23ms)
2026/10/03 10:11:30 OK   00017_source_data_scope.sql (2.87ms)
2026/10/03 10:11:30 OK   00018_sp04_resources_evidence.sql (9.84ms)
2026/10/03 10:11:30 OK   00019_sp04_archive_ciphertext_bytes.sql (2.99ms)
2026/10/03 10:11:30 OK   00020_sp04_request_ledger.sql (3.88ms)
2026/10/03 10:11:30 OK   00021_sp04_archive_protection.sql (3.05ms)
2026/10/03 10:11:30 OK   00022_sp04_legal_hold_dependencies.sql (2.98ms)
2026/10/03 10:11:30 OK   00023_sp04_archive_query_intent.sql (2.96ms)
2026/10/03 10:11:30 OK   00024_sp05_finding_incident.sql (22.41ms)
2026/10/03 10:11:30 OK   00025_sp05_incident_event_time.sql (3.39ms)
2026/10/03 10:11:30 OK   00026_sp05_source_binding_lock.sql (2.63ms)
2026/10/03 10:11:30 OK   00027_sp05_rca_and_poll.sql (7.19ms)
2026/10/03 10:11:30 OK   00028_sp05_operator_lock.sql (3.23ms)
2026/10/03 10:11:30 OK   00029_sp05_evidence_links.sql (5.8ms)
2026/10/03 10:11:30 OK   00030_sp05_recipe_fence.sql (3.2ms)
2026/10/03 10:11:30 OK   00031_sp05_rca_postcheck.sql (2.76ms)
2026/10/03 10:11:30 OK   00032_sp05_transport_audit.sql (3ms)
2026/10/03 10:11:30 OK   00033_sp05_poll_resolution_clock.sql (3.25ms)
2026/10/03 10:11:30 goose: successfully migrated database to version: 33
    archive_iam_test.go:41: owned TLS/IAM fixture image=docker.io/chrislusf/seaweedfs@sha256:d4cf67729aa8777e1a43a5b61d72e5b96179e4b7bac9a221cb14cbc2036cb32e id=e2beb75462993a861e635dcc52a4e4f364011dea1bead9228700acebc8b386ba bucket=sp05-golden-8809258a tenants=1
    sp05_golden_vertical_test.go:318: node-hardware-upstream/degraded: fixed clock, admitted native adapters -> actual identity/Graph and unified ingestion -> PostgreSQL reducer -> signed published Recipe -> real immutable OpenBao/SeaweedFS Evidence -> append-only RCA and bounded Impact, twice replay; protocol Fixture, no physical BMC/Node failure claim
--- PASS: TestSP05FrozenNodeHardwareUpstreamVerticalAndReplay (28.02s)
    --- PASS: TestSP05FrozenNodeHardwareUpstreamVerticalAndReplay/valid (8.80s)
    --- PASS: TestSP05FrozenNodeHardwareUpstreamVerticalAndReplay/missing (6.30s)
    --- PASS: TestSP05FrozenNodeHardwareUpstreamVerticalAndReplay/conflict (5.98s)
    --- PASS: TestSP05FrozenNodeHardwareUpstreamVerticalAndReplay/degraded (6.94s)
=== RUN   TestSP05OfficialObservationsActualOrbStackAndControlledProbeFailure
2026/10/03 10:11:38 OK   00001_roles_and_schemas.sql (22.28ms)
2026/10/03 10:11:38 goose: successfully migrated database to version: 1
2026/10/03 10:11:38 OK   00002_platform_meta.sql (14.19ms)
2026/10/03 10:11:38 OK   00003_finding.sql (6.39ms)
2026/10/03 10:11:38 OK   00004_incident.sql (5.43ms)
2026/10/03 10:11:38 OK   00005_investigation.sql (5.08ms)
2026/10/03 10:11:38 OK   00006_action_command.sql (5.27ms)
2026/10/03 10:11:38 OK   00007_audit.sql (7.71ms)
2026/10/03 10:11:38 OK   00008_rls.sql (7.69ms)
2026/10/03 10:11:38 OK   00009_idempotency_ledger.sql (5.5ms)
2026/10/03 10:11:38 OK   00010_tenant_provisioning.sql (3.9ms)
2026/10/03 10:11:38 OK   00011_source_registration_history.sql (6.85ms)
2026/10/03 10:11:38 OK   00012_config_registry_lifecycle.sql (17.27ms)
2026/10/03 10:11:38 OK   00013_audit_signed_segments.sql (9.64ms)
2026/10/03 10:11:38 OK   00014_audit_segment_predecessors.sql (5.36ms)
2026/10/03 10:11:38 OK   00015_source_schema_scope.sql (3.7ms)
2026/10/03 10:11:38 OK   00016_cluster_registration_metadata.sql (4.63ms)
2026/10/03 10:11:38 OK   00017_source_data_scope.sql (3.57ms)
2026/10/03 10:11:38 OK   00018_sp04_resources_evidence.sql (10.41ms)
2026/10/03 10:11:38 OK   00019_sp04_archive_ciphertext_bytes.sql (3.66ms)
2026/10/03 10:11:38 OK   00020_sp04_request_ledger.sql (4.72ms)
2026/10/03 10:11:38 OK   00021_sp04_archive_protection.sql (3.01ms)
2026/10/03 10:11:38 OK   00022_sp04_legal_hold_dependencies.sql (3.49ms)
2026/10/03 10:11:38 OK   00023_sp04_archive_query_intent.sql (3.32ms)
2026/10/03 10:11:38 OK   00024_sp05_finding_incident.sql (13.05ms)
2026/10/03 10:11:38 OK   00025_sp05_incident_event_time.sql (3.48ms)
2026/10/03 10:11:38 OK   00026_sp05_source_binding_lock.sql (2.78ms)
2026/10/03 10:11:38 OK   00027_sp05_rca_and_poll.sql (6.41ms)
2026/10/03 10:11:38 OK   00028_sp05_operator_lock.sql (8.59ms)
2026/10/03 10:11:38 OK   00029_sp05_evidence_links.sql (13.45ms)
2026/10/03 10:11:38 OK   00030_sp05_recipe_fence.sql (3.77ms)
2026/10/03 10:11:38 OK   00031_sp05_rca_postcheck.sql (2.92ms)
2026/10/03 10:11:38 OK   00032_sp05_transport_audit.sql (3.61ms)
2026/10/03 10:11:38 OK   00033_sp05_poll_resolution_clock.sql (3.84ms)
2026/10/03 10:11:38 goose: successfully migrated database to version: 33
    archive_iam_test.go:41: owned TLS/IAM fixture image=docker.io/chrislusf/seaweedfs@sha256:d4cf67729aa8777e1a43a5b61d72e5b96179e4b7bac9a221cb14cbc2036cb32e id=6fc8bd477f880b9ad32af87ef6b6e90c5d567f339011be89f1220b1afa96f3e6 bucket=sp05-golden-2dd5deea tenants=1
    sp05_official_observations_test.go:112: actual native official read report: {ProbeAvailable:true MetricAvailable:false Candidates:1 DegradedSources:[kubernetes/metrics]} (Metrics availability is observed, never a performance measurement)
    sp05_official_observations_test.go:199: positive versioned Metrics transport Fixture -> real Node UID/auth fence -> unified Finding -> real Incident and immutable Evidence; native Metrics-server positive capability remains unverified
    sp05_official_observations_test.go:207: real OrbStack native Node/source -> official probe -> unified ingestion -> real PostgreSQL Incident and OpenBao/SeaweedFS archive; isolated HTTP 503/403 observation fault, real native recovery and source withdrawal; no shared API outage injected
--- PASS: TestSP05OfficialObservationsActualOrbStackAndControlledProbeFailure (9.96s)
PASS
ok  	ops-platform/test/integration	68.308s
