=== RUN   TestSP05FrozenNonvirtualGoldenVerticalAndReplay
=== RUN   TestSP05FrozenNonvirtualGoldenVerticalAndReplay/node-failure/valid
2026/10/03 08:22:22 OK   00001_roles_and_schemas.sql (29.74ms)
2026/10/03 08:22:22 goose: successfully migrated database to version: 1
2026/10/03 08:22:22 OK   00002_platform_meta.sql (14.04ms)
2026/10/03 08:22:22 OK   00003_finding.sql (7.05ms)
2026/10/03 08:22:22 OK   00004_incident.sql (4.28ms)
2026/10/03 08:22:22 OK   00005_investigation.sql (5.94ms)
2026/10/03 08:22:22 OK   00006_action_command.sql (5.62ms)
2026/10/03 08:22:22 OK   00007_audit.sql (7.39ms)
2026/10/03 08:22:22 OK   00008_rls.sql (8.32ms)
2026/10/03 08:22:22 OK   00009_idempotency_ledger.sql (6.6ms)
2026/10/03 08:22:22 OK   00010_tenant_provisioning.sql (4.07ms)
2026/10/03 08:22:22 OK   00011_source_registration_history.sql (6.11ms)
2026/10/03 08:22:22 OK   00012_config_registry_lifecycle.sql (7.6ms)
2026/10/03 08:22:22 OK   00013_audit_signed_segments.sql (9.16ms)
2026/10/03 08:22:22 OK   00014_audit_segment_predecessors.sql (4.62ms)
2026/10/03 08:22:22 OK   00015_source_schema_scope.sql (3.42ms)
2026/10/03 08:22:22 OK   00016_cluster_registration_metadata.sql (4.61ms)
2026/10/03 08:22:22 OK   00017_source_data_scope.sql (3.77ms)
2026/10/03 08:22:22 OK   00018_sp04_resources_evidence.sql (10.92ms)
2026/10/03 08:22:22 OK   00019_sp04_archive_ciphertext_bytes.sql (3.29ms)
2026/10/03 08:22:22 OK   00020_sp04_request_ledger.sql (4.63ms)
2026/10/03 08:22:22 OK   00021_sp04_archive_protection.sql (14.31ms)
2026/10/03 08:22:22 OK   00022_sp04_legal_hold_dependencies.sql (2.98ms)
2026/10/03 08:22:22 OK   00023_sp04_archive_query_intent.sql (2.81ms)
2026/10/03 08:22:22 OK   00024_sp05_finding_incident.sql (13.32ms)
2026/10/03 08:22:22 OK   00025_sp05_incident_event_time.sql (3.18ms)
2026/10/03 08:22:22 OK   00026_sp05_source_binding_lock.sql (3.62ms)
2026/10/03 08:22:22 OK   00027_sp05_rca_and_poll.sql (6.81ms)
2026/10/03 08:22:22 OK   00028_sp05_operator_lock.sql (3.16ms)
2026/10/03 08:22:22 OK   00029_sp05_evidence_links.sql (5.71ms)
2026/10/03 08:22:22 OK   00030_sp05_recipe_fence.sql (2.97ms)
2026/10/03 08:22:22 OK   00031_sp05_rca_postcheck.sql (3.53ms)
2026/10/03 08:22:22 OK   00032_sp05_transport_audit.sql (3.55ms)
2026/10/03 08:22:22 OK   00033_sp05_poll_resolution_clock.sql (4.04ms)
2026/10/03 08:22:22 goose: successfully migrated database to version: 33
    archive_iam_test.go:41: owned TLS/IAM fixture image=docker.io/chrislusf/seaweedfs@sha256:d4cf67729aa8777e1a43a5b61d72e5b96179e4b7bac9a221cb14cbc2036cb32e id=489f068fe3df5a7e1584bc6651bd7876db44d4f964b76c5ab4ae5eb3854660fd bucket=sp05-golden-eb3641e6 tenants=1
    sp05_golden_vertical_test.go:275: node-failure/valid: fixed clock, admitted native adapters -> actual identity/Graph and unified ingestion -> PostgreSQL reducer -> signed published Recipe -> real immutable OpenBao/SeaweedFS Evidence -> append-only RCA and bounded Impact, twice replay; protocol Fixture, no physical BMC/Node failure claim
--- PASS: TestSP05FrozenNonvirtualGoldenVerticalAndReplay (7.66s)
    --- PASS: TestSP05FrozenNonvirtualGoldenVerticalAndReplay/node-failure/valid (7.66s)
PASS
ok  	ops-platform/test/integration	9.103s
