=== RUN   TestSP05FrozenNonvirtualGoldenVerticalAndReplay
=== RUN   TestSP05FrozenNonvirtualGoldenVerticalAndReplay/node-failure/valid
2026/10/03 08:43:12 OK   00001_roles_and_schemas.sql (17.12ms)
2026/10/03 08:43:12 goose: successfully migrated database to version: 1
2026/10/03 08:43:12 OK   00002_platform_meta.sql (19.52ms)
2026/10/03 08:43:12 OK   00003_finding.sql (8ms)
2026/10/03 08:43:12 OK   00004_incident.sql (6.57ms)
2026/10/03 08:43:12 OK   00005_investigation.sql (6.97ms)
2026/10/03 08:43:12 OK   00006_action_command.sql (6.56ms)
2026/10/03 08:43:12 OK   00007_audit.sql (10.15ms)
2026/10/03 08:43:12 OK   00008_rls.sql (9.19ms)
2026/10/03 08:43:12 OK   00009_idempotency_ledger.sql (7.07ms)
2026/10/03 08:43:12 OK   00010_tenant_provisioning.sql (5.59ms)
2026/10/03 08:43:12 OK   00011_source_registration_history.sql (7.09ms)
2026/10/03 08:43:12 OK   00012_config_registry_lifecycle.sql (9.4ms)
2026/10/03 08:43:12 OK   00013_audit_signed_segments.sql (10.43ms)
2026/10/03 08:43:12 OK   00014_audit_segment_predecessors.sql (5.36ms)
2026/10/03 08:43:12 OK   00015_source_schema_scope.sql (3.21ms)
2026/10/03 08:43:12 OK   00016_cluster_registration_metadata.sql (3.88ms)
2026/10/03 08:43:12 OK   00017_source_data_scope.sql (3.55ms)
2026/10/03 08:43:12 OK   00018_sp04_resources_evidence.sql (13.19ms)
2026/10/03 08:43:12 OK   00019_sp04_archive_ciphertext_bytes.sql (3.79ms)
2026/10/03 08:43:12 OK   00020_sp04_request_ledger.sql (6.84ms)
2026/10/03 08:43:12 OK   00021_sp04_archive_protection.sql (11.13ms)
2026/10/03 08:43:12 OK   00022_sp04_legal_hold_dependencies.sql (4.38ms)
2026/10/03 08:43:12 OK   00023_sp04_archive_query_intent.sql (4.65ms)
2026/10/03 08:43:12 OK   00024_sp05_finding_incident.sql (13.45ms)
2026/10/03 08:43:12 OK   00025_sp05_incident_event_time.sql (3.14ms)
2026/10/03 08:43:12 OK   00026_sp05_source_binding_lock.sql (4.43ms)
2026/10/03 08:43:12 OK   00027_sp05_rca_and_poll.sql (7.1ms)
2026/10/03 08:43:12 OK   00028_sp05_operator_lock.sql (4.3ms)
2026/10/03 08:43:12 OK   00029_sp05_evidence_links.sql (6.09ms)
2026/10/03 08:43:12 OK   00030_sp05_recipe_fence.sql (4.14ms)
2026/10/03 08:43:12 OK   00031_sp05_rca_postcheck.sql (3.91ms)
2026/10/03 08:43:12 OK   00032_sp05_transport_audit.sql (3.29ms)
2026/10/03 08:43:12 OK   00033_sp05_poll_resolution_clock.sql (3.4ms)
2026/10/03 08:43:12 goose: successfully migrated database to version: 33
    archive_iam_test.go:41: owned TLS/IAM fixture image=docker.io/chrislusf/seaweedfs@sha256:d4cf67729aa8777e1a43a5b61d72e5b96179e4b7bac9a221cb14cbc2036cb32e id=40dabb93c04bafc6983f8f140eee76c0f5ad8323077070091245902001827e7e bucket=sp05-golden-5f0cc305 tenants=1
    sp05_golden_vertical_test.go:275: node-failure/valid: fixed clock, admitted native adapters -> actual identity/Graph and unified ingestion -> PostgreSQL reducer -> signed published Recipe -> real immutable OpenBao/SeaweedFS Evidence -> append-only RCA and bounded Impact, twice replay; protocol Fixture, no physical BMC/Node failure claim
=== RUN   TestSP05FrozenNonvirtualGoldenVerticalAndReplay/node-failure/missing
2026/10/03 08:43:18 OK   00001_roles_and_schemas.sql (14.54ms)
2026/10/03 08:43:18 goose: successfully migrated database to version: 1
2026/10/03 08:43:18 OK   00002_platform_meta.sql (20.1ms)
2026/10/03 08:43:18 OK   00003_finding.sql (7.08ms)
2026/10/03 08:43:18 OK   00004_incident.sql (5.56ms)
2026/10/03 08:43:18 OK   00005_investigation.sql (6.22ms)
2026/10/03 08:43:18 OK   00006_action_command.sql (5.89ms)
2026/10/03 08:43:18 OK   00007_audit.sql (7.07ms)
2026/10/03 08:43:18 OK   00008_rls.sql (7.95ms)
2026/10/03 08:43:18 OK   00009_idempotency_ledger.sql (6.54ms)
2026/10/03 08:43:18 OK   00010_tenant_provisioning.sql (4.62ms)
2026/10/03 08:43:18 OK   00011_source_registration_history.sql (6.48ms)
2026/10/03 08:43:18 OK   00012_config_registry_lifecycle.sql (8.01ms)
2026/10/03 08:43:18 OK   00013_audit_signed_segments.sql (10.1ms)
2026/10/03 08:43:18 OK   00014_audit_segment_predecessors.sql (7.74ms)
2026/10/03 08:43:18 OK   00015_source_schema_scope.sql (3.58ms)
2026/10/03 08:43:18 OK   00016_cluster_registration_metadata.sql (4.46ms)
2026/10/03 08:43:18 OK   00017_source_data_scope.sql (4.13ms)
2026/10/03 08:43:18 OK   00018_sp04_resources_evidence.sql (10.48ms)
2026/10/03 08:43:18 OK   00019_sp04_archive_ciphertext_bytes.sql (3.72ms)
2026/10/03 08:43:18 OK   00020_sp04_request_ledger.sql (4.76ms)
2026/10/03 08:43:18 OK   00021_sp04_archive_protection.sql (3.85ms)
2026/10/03 08:43:18 OK   00022_sp04_legal_hold_dependencies.sql (3.62ms)
2026/10/03 08:43:18 OK   00023_sp04_archive_query_intent.sql (3.54ms)
2026/10/03 08:43:18 OK   00024_sp05_finding_incident.sql (12.86ms)
2026/10/03 08:43:18 OK   00025_sp05_incident_event_time.sql (3.61ms)
2026/10/03 08:43:18 OK   00026_sp05_source_binding_lock.sql (3.14ms)
2026/10/03 08:43:18 OK   00027_sp05_rca_and_poll.sql (6.74ms)
2026/10/03 08:43:18 OK   00028_sp05_operator_lock.sql (4.4ms)
2026/10/03 08:43:18 OK   00029_sp05_evidence_links.sql (5.02ms)
2026/10/03 08:43:18 OK   00030_sp05_recipe_fence.sql (2.78ms)
2026/10/03 08:43:18 OK   00031_sp05_rca_postcheck.sql (3.52ms)
2026/10/03 08:43:18 OK   00032_sp05_transport_audit.sql (3.44ms)
2026/10/03 08:43:18 OK   00033_sp05_poll_resolution_clock.sql (3.23ms)
2026/10/03 08:43:18 goose: successfully migrated database to version: 33
    archive_iam_test.go:41: owned TLS/IAM fixture image=docker.io/chrislusf/seaweedfs@sha256:d4cf67729aa8777e1a43a5b61d72e5b96179e4b7bac9a221cb14cbc2036cb32e id=5f552649c667f1823bb26f0dcc79baefeefcfe773b2a3c80df232773ae03fd97 bucket=sp05-golden-8d8f2ff5 tenants=1
    sp05_golden_vertical_test.go:275: node-failure/missing: fixed clock, admitted native adapters -> actual identity/Graph and unified ingestion -> PostgreSQL reducer -> signed published Recipe -> real immutable OpenBao/SeaweedFS Evidence -> append-only RCA and bounded Impact, twice replay; protocol Fixture, no physical BMC/Node failure claim
=== RUN   TestSP05FrozenNonvirtualGoldenVerticalAndReplay/node-failure/conflict
2026/10/03 08:43:24 OK   00001_roles_and_schemas.sql (49.15ms)
2026/10/03 08:43:24 goose: successfully migrated database to version: 1
2026/10/03 08:43:24 OK   00002_platform_meta.sql (20.86ms)
2026/10/03 08:43:24 OK   00003_finding.sql (7.92ms)
2026/10/03 08:43:24 OK   00004_incident.sql (9.74ms)
2026/10/03 08:43:24 OK   00005_investigation.sql (8.32ms)
2026/10/03 08:43:24 OK   00006_action_command.sql (7.17ms)
2026/10/03 08:43:25 OK   00007_audit.sql (10.16ms)
2026/10/03 08:43:25 OK   00008_rls.sql (9.41ms)
2026/10/03 08:43:25 OK   00009_idempotency_ledger.sql (8.48ms)
2026/10/03 08:43:25 OK   00010_tenant_provisioning.sql (5.93ms)
2026/10/03 08:43:25 OK   00011_source_registration_history.sql (7.81ms)
2026/10/03 08:43:25 OK   00012_config_registry_lifecycle.sql (16.91ms)
2026/10/03 08:43:25 OK   00013_audit_signed_segments.sql (13.87ms)
2026/10/03 08:43:25 OK   00014_audit_segment_predecessors.sql (9.61ms)
2026/10/03 08:43:25 OK   00015_source_schema_scope.sql (4.88ms)
2026/10/03 08:43:25 OK   00016_cluster_registration_metadata.sql (5.37ms)
2026/10/03 08:43:25 OK   00017_source_data_scope.sql (3.92ms)
2026/10/03 08:43:25 OK   00018_sp04_resources_evidence.sql (10.52ms)
2026/10/03 08:43:25 OK   00019_sp04_archive_ciphertext_bytes.sql (2.69ms)
2026/10/03 08:43:25 OK   00020_sp04_request_ledger.sql (3.84ms)
2026/10/03 08:43:25 OK   00021_sp04_archive_protection.sql (2.65ms)
2026/10/03 08:43:25 OK   00022_sp04_legal_hold_dependencies.sql (2.55ms)
2026/10/03 08:43:25 OK   00023_sp04_archive_query_intent.sql (2.4ms)
2026/10/03 08:43:25 OK   00024_sp05_finding_incident.sql (11.02ms)
2026/10/03 08:43:25 OK   00025_sp05_incident_event_time.sql (2.28ms)
2026/10/03 08:43:25 OK   00026_sp05_source_binding_lock.sql (2.65ms)
2026/10/03 08:43:25 OK   00027_sp05_rca_and_poll.sql (5.12ms)
2026/10/03 08:43:25 OK   00028_sp05_operator_lock.sql (2.83ms)
2026/10/03 08:43:25 OK   00029_sp05_evidence_links.sql (3.88ms)
2026/10/03 08:43:25 OK   00030_sp05_recipe_fence.sql (2.46ms)
2026/10/03 08:43:25 OK   00031_sp05_rca_postcheck.sql (2.26ms)
2026/10/03 08:43:25 OK   00032_sp05_transport_audit.sql (2.5ms)
2026/10/03 08:43:25 OK   00033_sp05_poll_resolution_clock.sql (2.73ms)
2026/10/03 08:43:25 goose: successfully migrated database to version: 33
    archive_iam_test.go:41: owned TLS/IAM fixture image=docker.io/chrislusf/seaweedfs@sha256:d4cf67729aa8777e1a43a5b61d72e5b96179e4b7bac9a221cb14cbc2036cb32e id=6c9d4f19cc9924b1bb95056c793ef1ef071bbff37f588a407aa3cd82a1eed539 bucket=sp05-golden-bacd9c5a tenants=1
    sp05_golden_vertical_test.go:275: node-failure/conflict: fixed clock, admitted native adapters -> actual identity/Graph and unified ingestion -> PostgreSQL reducer -> signed published Recipe -> real immutable OpenBao/SeaweedFS Evidence -> append-only RCA and bounded Impact, twice replay; protocol Fixture, no physical BMC/Node failure claim
=== RUN   TestSP05FrozenNonvirtualGoldenVerticalAndReplay/node-failure/degraded
2026/10/03 08:43:31 OK   00001_roles_and_schemas.sql (10.81ms)
2026/10/03 08:43:31 goose: successfully migrated database to version: 1
2026/10/03 08:43:31 OK   00002_platform_meta.sql (15.14ms)
2026/10/03 08:43:31 OK   00003_finding.sql (7.63ms)
2026/10/03 08:43:31 OK   00004_incident.sql (4.43ms)
2026/10/03 08:43:31 OK   00005_investigation.sql (6.27ms)
2026/10/03 08:43:31 OK   00006_action_command.sql (5.89ms)
2026/10/03 08:43:31 OK   00007_audit.sql (7.78ms)
2026/10/03 08:43:31 OK   00008_rls.sql (7.52ms)
2026/10/03 08:43:31 OK   00009_idempotency_ledger.sql (6.44ms)
2026/10/03 08:43:31 OK   00010_tenant_provisioning.sql (5.08ms)
2026/10/03 08:43:31 OK   00011_source_registration_history.sql (5.93ms)
2026/10/03 08:43:31 OK   00012_config_registry_lifecycle.sql (8.29ms)
2026/10/03 08:43:31 OK   00013_audit_signed_segments.sql (9.55ms)
2026/10/03 08:43:31 OK   00014_audit_segment_predecessors.sql (5.33ms)
2026/10/03 08:43:31 OK   00015_source_schema_scope.sql (2.93ms)
2026/10/03 08:43:31 OK   00016_cluster_registration_metadata.sql (4.38ms)
2026/10/03 08:43:31 OK   00017_source_data_scope.sql (4.08ms)
2026/10/03 08:43:31 OK   00018_sp04_resources_evidence.sql (14.06ms)
2026/10/03 08:43:31 OK   00019_sp04_archive_ciphertext_bytes.sql (3.58ms)
2026/10/03 08:43:31 OK   00020_sp04_request_ledger.sql (5.19ms)
2026/10/03 08:43:31 OK   00021_sp04_archive_protection.sql (4.13ms)
2026/10/03 08:43:31 OK   00022_sp04_legal_hold_dependencies.sql (3.87ms)
2026/10/03 08:43:31 OK   00023_sp04_archive_query_intent.sql (3.3ms)
2026/10/03 08:43:31 OK   00024_sp05_finding_incident.sql (13.41ms)
2026/10/03 08:43:31 OK   00025_sp05_incident_event_time.sql (2.96ms)
2026/10/03 08:43:31 OK   00026_sp05_source_binding_lock.sql (2.87ms)
2026/10/03 08:43:31 OK   00027_sp05_rca_and_poll.sql (7.01ms)
2026/10/03 08:43:31 OK   00028_sp05_operator_lock.sql (3.43ms)
2026/10/03 08:43:31 OK   00029_sp05_evidence_links.sql (8.6ms)
2026/10/03 08:43:31 OK   00030_sp05_recipe_fence.sql (5.3ms)
2026/10/03 08:43:31 OK   00031_sp05_rca_postcheck.sql (3.17ms)
2026/10/03 08:43:31 OK   00032_sp05_transport_audit.sql (3.62ms)
2026/10/03 08:43:31 OK   00033_sp05_poll_resolution_clock.sql (4.27ms)
2026/10/03 08:43:31 goose: successfully migrated database to version: 33
    archive_iam_test.go:41: owned TLS/IAM fixture image=docker.io/chrislusf/seaweedfs@sha256:d4cf67729aa8777e1a43a5b61d72e5b96179e4b7bac9a221cb14cbc2036cb32e id=fc7a717f65f6e816a834d557304b10417c64b11f0d1678c99ae663df75cafc67 bucket=sp05-golden-7e93788e tenants=1
    sp05_golden_vertical_test.go:275: node-failure/degraded: fixed clock, admitted native adapters -> actual identity/Graph and unified ingestion -> PostgreSQL reducer -> signed published Recipe -> real immutable OpenBao/SeaweedFS Evidence -> append-only RCA and bounded Impact, twice replay; protocol Fixture, no physical BMC/Node failure claim
--- PASS: TestSP05FrozenNonvirtualGoldenVerticalAndReplay (24.44s)
    --- PASS: TestSP05FrozenNonvirtualGoldenVerticalAndReplay/node-failure/valid (6.12s)
    --- PASS: TestSP05FrozenNonvirtualGoldenVerticalAndReplay/node-failure/missing (6.66s)
    --- PASS: TestSP05FrozenNonvirtualGoldenVerticalAndReplay/node-failure/conflict (6.30s)
    --- PASS: TestSP05FrozenNonvirtualGoldenVerticalAndReplay/node-failure/degraded (5.35s)
PASS
ok  	ops-platform/test/integration	25.422s
