=== RUN   TestSP05FrozenNonvirtualGoldenVerticalAndReplay
=== RUN   TestSP05FrozenNonvirtualGoldenVerticalAndReplay/node-failure/valid
2026/10/03 09:17:59 OK   00001_roles_and_schemas.sql (13.94ms)
2026/10/03 09:17:59 goose: successfully migrated database to version: 1
2026/10/03 09:17:59 OK   00002_platform_meta.sql (24.4ms)
2026/10/03 09:17:59 OK   00003_finding.sql (8.82ms)
2026/10/03 09:17:59 OK   00004_incident.sql (7.01ms)
2026/10/03 09:17:59 OK   00005_investigation.sql (6.17ms)
2026/10/03 09:17:59 OK   00006_action_command.sql (5.72ms)
2026/10/03 09:18:00 OK   00007_audit.sql (10.12ms)
2026/10/03 09:18:00 OK   00008_rls.sql (26.42ms)
2026/10/03 09:18:00 OK   00009_idempotency_ledger.sql (7.57ms)
2026/10/03 09:18:00 OK   00010_tenant_provisioning.sql (5.08ms)
2026/10/03 09:18:00 OK   00011_source_registration_history.sql (6.16ms)
2026/10/03 09:18:00 OK   00012_config_registry_lifecycle.sql (8.17ms)
2026/10/03 09:18:00 OK   00013_audit_signed_segments.sql (9.39ms)
2026/10/03 09:18:00 OK   00014_audit_segment_predecessors.sql (4.5ms)
2026/10/03 09:18:00 OK   00015_source_schema_scope.sql (2.51ms)
2026/10/03 09:18:00 OK   00016_cluster_registration_metadata.sql (3.25ms)
2026/10/03 09:18:00 OK   00017_source_data_scope.sql (2.74ms)
2026/10/03 09:18:00 OK   00018_sp04_resources_evidence.sql (11.18ms)
2026/10/03 09:18:00 OK   00019_sp04_archive_ciphertext_bytes.sql (3.74ms)
2026/10/03 09:18:00 OK   00020_sp04_request_ledger.sql (5.28ms)
2026/10/03 09:18:00 OK   00021_sp04_archive_protection.sql (4.42ms)
2026/10/03 09:18:00 OK   00022_sp04_legal_hold_dependencies.sql (2.14ms)
2026/10/03 09:18:00 OK   00023_sp04_archive_query_intent.sql (2.79ms)
2026/10/03 09:18:00 OK   00024_sp05_finding_incident.sql (12.89ms)
2026/10/03 09:18:00 OK   00025_sp05_incident_event_time.sql (2.67ms)
2026/10/03 09:18:00 OK   00026_sp05_source_binding_lock.sql (4.21ms)
2026/10/03 09:18:00 OK   00027_sp05_rca_and_poll.sql (7.42ms)
2026/10/03 09:18:00 OK   00028_sp05_operator_lock.sql (4.28ms)
2026/10/03 09:18:00 OK   00029_sp05_evidence_links.sql (5.85ms)
2026/10/03 09:18:00 OK   00030_sp05_recipe_fence.sql (4.21ms)
2026/10/03 09:18:00 OK   00031_sp05_rca_postcheck.sql (3.52ms)
2026/10/03 09:18:00 OK   00032_sp05_transport_audit.sql (3.77ms)
2026/10/03 09:18:00 OK   00033_sp05_poll_resolution_clock.sql (3.99ms)
2026/10/03 09:18:00 goose: successfully migrated database to version: 33
    archive_iam_test.go:41: owned TLS/IAM fixture image=docker.io/chrislusf/seaweedfs@sha256:d4cf67729aa8777e1a43a5b61d72e5b96179e4b7bac9a221cb14cbc2036cb32e id=af948892385146fb04115d24d1a10666043d0ffecbdd4fb706292483b588cc31 bucket=sp05-golden-0c145f6b tenants=1
    sp05_golden_vertical_test.go:280: node-failure/valid: fixed clock, admitted native adapters -> actual identity/Graph and unified ingestion -> PostgreSQL reducer -> signed published Recipe -> real immutable OpenBao/SeaweedFS Evidence -> append-only RCA and bounded Impact, twice replay; protocol Fixture, no physical BMC/Node failure claim
=== RUN   TestSP05FrozenNonvirtualGoldenVerticalAndReplay/node-failure/missing
2026/10/03 09:18:10 OK   00001_roles_and_schemas.sql (9.81ms)
2026/10/03 09:18:10 goose: successfully migrated database to version: 1
2026/10/03 09:18:10 OK   00002_platform_meta.sql (21.17ms)
2026/10/03 09:18:10 OK   00003_finding.sql (8.98ms)
2026/10/03 09:18:10 OK   00004_incident.sql (12.57ms)
2026/10/03 09:18:10 OK   00005_investigation.sql (6.01ms)
2026/10/03 09:18:10 OK   00006_action_command.sql (11.64ms)
2026/10/03 09:18:10 OK   00007_audit.sql (10.35ms)
2026/10/03 09:18:10 OK   00008_rls.sql (15.34ms)
2026/10/03 09:18:10 OK   00009_idempotency_ledger.sql (10.65ms)
2026/10/03 09:18:10 OK   00010_tenant_provisioning.sql (5.57ms)
2026/10/03 09:18:10 OK   00011_source_registration_history.sql (6.08ms)
2026/10/03 09:18:10 OK   00012_config_registry_lifecycle.sql (9.76ms)
2026/10/03 09:18:10 OK   00013_audit_signed_segments.sql (12.49ms)
2026/10/03 09:18:10 OK   00014_audit_segment_predecessors.sql (5.65ms)
2026/10/03 09:18:10 OK   00015_source_schema_scope.sql (2.2ms)
2026/10/03 09:18:10 OK   00016_cluster_registration_metadata.sql (3.11ms)
2026/10/03 09:18:10 OK   00017_source_data_scope.sql (2.47ms)
2026/10/03 09:18:10 OK   00018_sp04_resources_evidence.sql (12.23ms)
2026/10/03 09:18:10 OK   00019_sp04_archive_ciphertext_bytes.sql (2.23ms)
2026/10/03 09:18:10 OK   00020_sp04_request_ledger.sql (3.12ms)
2026/10/03 09:18:10 OK   00021_sp04_archive_protection.sql (2.18ms)
2026/10/03 09:18:10 OK   00022_sp04_legal_hold_dependencies.sql (2.1ms)
2026/10/03 09:18:10 OK   00023_sp04_archive_query_intent.sql (2.06ms)
2026/10/03 09:18:10 OK   00024_sp05_finding_incident.sql (11.01ms)
2026/10/03 09:18:10 OK   00025_sp05_incident_event_time.sql (2.07ms)
2026/10/03 09:18:10 OK   00026_sp05_source_binding_lock.sql (2.49ms)
2026/10/03 09:18:10 OK   00027_sp05_rca_and_poll.sql (5.06ms)
2026/10/03 09:18:10 OK   00028_sp05_operator_lock.sql (2.88ms)
2026/10/03 09:18:10 OK   00029_sp05_evidence_links.sql (4ms)
2026/10/03 09:18:10 OK   00030_sp05_recipe_fence.sql (2.55ms)
2026/10/03 09:18:10 OK   00031_sp05_rca_postcheck.sql (2.27ms)
2026/10/03 09:18:10 OK   00032_sp05_transport_audit.sql (2.46ms)
2026/10/03 09:18:10 OK   00033_sp05_poll_resolution_clock.sql (2.47ms)
2026/10/03 09:18:10 goose: successfully migrated database to version: 33
    archive_iam_test.go:41: owned TLS/IAM fixture image=docker.io/chrislusf/seaweedfs@sha256:d4cf67729aa8777e1a43a5b61d72e5b96179e4b7bac9a221cb14cbc2036cb32e id=081b8bc75e2063eb2b5ad961d9687301d2bdc604b5c00e21528a1bbb85f0af32 bucket=sp05-golden-a6ec4753 tenants=1
    sp05_golden_vertical_test.go:280: node-failure/missing: fixed clock, admitted native adapters -> actual identity/Graph and unified ingestion -> PostgreSQL reducer -> signed published Recipe -> real immutable OpenBao/SeaweedFS Evidence -> append-only RCA and bounded Impact, twice replay; protocol Fixture, no physical BMC/Node failure claim
=== RUN   TestSP05FrozenNonvirtualGoldenVerticalAndReplay/node-failure/conflict
2026/10/03 09:18:15 OK   00001_roles_and_schemas.sql (18.21ms)
2026/10/03 09:18:15 goose: successfully migrated database to version: 1
2026/10/03 09:18:16 OK   00002_platform_meta.sql (15.11ms)
2026/10/03 09:18:16 OK   00003_finding.sql (7.76ms)
2026/10/03 09:18:16 OK   00004_incident.sql (6.98ms)
2026/10/03 09:18:16 OK   00005_investigation.sql (5.12ms)
2026/10/03 09:18:16 OK   00006_action_command.sql (4.31ms)
2026/10/03 09:18:16 OK   00007_audit.sql (6.78ms)
2026/10/03 09:18:16 OK   00008_rls.sql (6.55ms)
2026/10/03 09:18:16 OK   00009_idempotency_ledger.sql (5.06ms)
2026/10/03 09:18:16 OK   00010_tenant_provisioning.sql (3.41ms)
2026/10/03 09:18:16 OK   00011_source_registration_history.sql (4.81ms)
2026/10/03 09:18:16 OK   00012_config_registry_lifecycle.sql (6.72ms)
2026/10/03 09:18:16 OK   00013_audit_signed_segments.sql (8.67ms)
2026/10/03 09:18:16 OK   00014_audit_segment_predecessors.sql (5.57ms)
2026/10/03 09:18:16 OK   00015_source_schema_scope.sql (2.37ms)
2026/10/03 09:18:16 OK   00016_cluster_registration_metadata.sql (2.92ms)
2026/10/03 09:18:16 OK   00017_source_data_scope.sql (2.62ms)
2026/10/03 09:18:16 OK   00018_sp04_resources_evidence.sql (10.61ms)
2026/10/03 09:18:16 OK   00019_sp04_archive_ciphertext_bytes.sql (2.38ms)
2026/10/03 09:18:16 OK   00020_sp04_request_ledger.sql (3.25ms)
2026/10/03 09:18:16 OK   00021_sp04_archive_protection.sql (2.37ms)
2026/10/03 09:18:16 OK   00022_sp04_legal_hold_dependencies.sql (2.27ms)
2026/10/03 09:18:16 OK   00023_sp04_archive_query_intent.sql (2.12ms)
2026/10/03 09:18:16 OK   00024_sp05_finding_incident.sql (12.92ms)
2026/10/03 09:18:16 OK   00025_sp05_incident_event_time.sql (3.76ms)
2026/10/03 09:18:16 OK   00026_sp05_source_binding_lock.sql (17.72ms)
2026/10/03 09:18:16 OK   00027_sp05_rca_and_poll.sql (6.45ms)
2026/10/03 09:18:16 OK   00028_sp05_operator_lock.sql (3.26ms)
2026/10/03 09:18:16 OK   00029_sp05_evidence_links.sql (6.11ms)
2026/10/03 09:18:16 OK   00030_sp05_recipe_fence.sql (3.23ms)
2026/10/03 09:18:16 OK   00031_sp05_rca_postcheck.sql (2.61ms)
2026/10/03 09:18:16 OK   00032_sp05_transport_audit.sql (3.03ms)
2026/10/03 09:18:16 OK   00033_sp05_poll_resolution_clock.sql (3.14ms)
2026/10/03 09:18:16 goose: successfully migrated database to version: 33
    archive_iam_test.go:41: owned TLS/IAM fixture image=docker.io/chrislusf/seaweedfs@sha256:d4cf67729aa8777e1a43a5b61d72e5b96179e4b7bac9a221cb14cbc2036cb32e id=0a9d5ef908ea396ccc2424c899a2fff57bb37acc64e6fd3ca4796fc34f863cad bucket=sp05-golden-ddfb93c5 tenants=1
    sp05_golden_vertical_test.go:280: node-failure/conflict: fixed clock, admitted native adapters -> actual identity/Graph and unified ingestion -> PostgreSQL reducer -> signed published Recipe -> real immutable OpenBao/SeaweedFS Evidence -> append-only RCA and bounded Impact, twice replay; protocol Fixture, no physical BMC/Node failure claim
=== RUN   TestSP05FrozenNonvirtualGoldenVerticalAndReplay/node-failure/degraded
2026/10/03 09:18:21 OK   00001_roles_and_schemas.sql (13.86ms)
2026/10/03 09:18:21 goose: successfully migrated database to version: 1
2026/10/03 09:18:21 OK   00002_platform_meta.sql (14.48ms)
2026/10/03 09:18:21 OK   00003_finding.sql (5.87ms)
2026/10/03 09:18:21 OK   00004_incident.sql (4.18ms)
2026/10/03 09:18:21 OK   00005_investigation.sql (5.41ms)
2026/10/03 09:18:21 OK   00006_action_command.sql (4.24ms)
2026/10/03 09:18:21 OK   00007_audit.sql (7.45ms)
2026/10/03 09:18:21 OK   00008_rls.sql (7.27ms)
2026/10/03 09:18:21 OK   00009_idempotency_ledger.sql (6.07ms)
2026/10/03 09:18:21 OK   00010_tenant_provisioning.sql (4.24ms)
2026/10/03 09:18:21 OK   00011_source_registration_history.sql (5.39ms)
2026/10/03 09:18:21 OK   00012_config_registry_lifecycle.sql (7.48ms)
2026/10/03 09:18:21 OK   00013_audit_signed_segments.sql (9.31ms)
2026/10/03 09:18:21 OK   00014_audit_segment_predecessors.sql (4.6ms)
2026/10/03 09:18:21 OK   00015_source_schema_scope.sql (3.08ms)
2026/10/03 09:18:21 OK   00016_cluster_registration_metadata.sql (3.84ms)
2026/10/03 09:18:21 OK   00017_source_data_scope.sql (3.43ms)
2026/10/03 09:18:21 OK   00018_sp04_resources_evidence.sql (9.99ms)
2026/10/03 09:18:21 OK   00019_sp04_archive_ciphertext_bytes.sql (3.1ms)
2026/10/03 09:18:21 OK   00020_sp04_request_ledger.sql (4.03ms)
2026/10/03 09:18:21 OK   00021_sp04_archive_protection.sql (3.43ms)
2026/10/03 09:18:21 OK   00022_sp04_legal_hold_dependencies.sql (2.98ms)
2026/10/03 09:18:21 OK   00023_sp04_archive_query_intent.sql (2.97ms)
2026/10/03 09:18:21 OK   00024_sp05_finding_incident.sql (12.71ms)
2026/10/03 09:18:21 OK   00025_sp05_incident_event_time.sql (2.73ms)
2026/10/03 09:18:21 OK   00026_sp05_source_binding_lock.sql (2.99ms)
2026/10/03 09:18:21 OK   00027_sp05_rca_and_poll.sql (7.14ms)
2026/10/03 09:18:21 OK   00028_sp05_operator_lock.sql (3.61ms)
2026/10/03 09:18:21 OK   00029_sp05_evidence_links.sql (5.52ms)
2026/10/03 09:18:21 OK   00030_sp05_recipe_fence.sql (16.4ms)
2026/10/03 09:18:21 OK   00031_sp05_rca_postcheck.sql (4.78ms)
2026/10/03 09:18:21 OK   00032_sp05_transport_audit.sql (4.07ms)
2026/10/03 09:18:21 OK   00033_sp05_poll_resolution_clock.sql (3.67ms)
2026/10/03 09:18:21 goose: successfully migrated database to version: 33
    archive_iam_test.go:41: owned TLS/IAM fixture image=docker.io/chrislusf/seaweedfs@sha256:d4cf67729aa8777e1a43a5b61d72e5b96179e4b7bac9a221cb14cbc2036cb32e id=b413ed2a2d46013f6ee1c4576552195d3e0e3da73dc5e4de8745b67c822bdc21 bucket=sp05-golden-75a17308 tenants=1
    sp05_golden_vertical_test.go:280: node-failure/degraded: fixed clock, admitted native adapters -> actual identity/Graph and unified ingestion -> PostgreSQL reducer -> signed published Recipe -> real immutable OpenBao/SeaweedFS Evidence -> append-only RCA and bounded Impact, twice replay; protocol Fixture, no physical BMC/Node failure claim
--- PASS: TestSP05FrozenNonvirtualGoldenVerticalAndReplay (26.73s)
    --- PASS: TestSP05FrozenNonvirtualGoldenVerticalAndReplay/node-failure/valid (10.24s)
    --- PASS: TestSP05FrozenNonvirtualGoldenVerticalAndReplay/node-failure/missing (5.81s)
    --- PASS: TestSP05FrozenNonvirtualGoldenVerticalAndReplay/node-failure/conflict (5.43s)
    --- PASS: TestSP05FrozenNonvirtualGoldenVerticalAndReplay/node-failure/degraded (5.25s)
PASS
ok  	ops-platform/test/integration	27.703s
