=== RUN   TestSP05FrozenNonvirtualGoldenVerticalAndReplay
=== RUN   TestSP05FrozenNonvirtualGoldenVerticalAndReplay/node-failure/valid
2026/10/03 08:40:42 OK   00001_roles_and_schemas.sql (16.55ms)
2026/10/03 08:40:42 goose: successfully migrated database to version: 1
2026/10/03 08:40:42 OK   00002_platform_meta.sql (17.42ms)
2026/10/03 08:40:42 OK   00003_finding.sql (8.27ms)
2026/10/03 08:40:42 OK   00004_incident.sql (4.97ms)
2026/10/03 08:40:42 OK   00005_investigation.sql (5.81ms)
2026/10/03 08:40:42 OK   00006_action_command.sql (5.64ms)
2026/10/03 08:40:42 OK   00007_audit.sql (9.19ms)
2026/10/03 08:40:42 OK   00008_rls.sql (8.42ms)
2026/10/03 08:40:42 OK   00009_idempotency_ledger.sql (12.41ms)
2026/10/03 08:40:42 OK   00010_tenant_provisioning.sql (13.05ms)
2026/10/03 08:40:42 OK   00011_source_registration_history.sql (8.72ms)
2026/10/03 08:40:42 OK   00012_config_registry_lifecycle.sql (8.77ms)
2026/10/03 08:40:42 OK   00013_audit_signed_segments.sql (9.67ms)
2026/10/03 08:40:42 OK   00014_audit_segment_predecessors.sql (4.67ms)
2026/10/03 08:40:42 OK   00015_source_schema_scope.sql (3.22ms)
2026/10/03 08:40:42 OK   00016_cluster_registration_metadata.sql (4.7ms)
2026/10/03 08:40:42 OK   00017_source_data_scope.sql (4.61ms)
2026/10/03 08:40:42 OK   00018_sp04_resources_evidence.sql (11.57ms)
2026/10/03 08:40:42 OK   00019_sp04_archive_ciphertext_bytes.sql (3.85ms)
2026/10/03 08:40:42 OK   00020_sp04_request_ledger.sql (5.05ms)
2026/10/03 08:40:42 OK   00021_sp04_archive_protection.sql (4.33ms)
2026/10/03 08:40:42 OK   00022_sp04_legal_hold_dependencies.sql (3.9ms)
2026/10/03 08:40:42 OK   00023_sp04_archive_query_intent.sql (4.02ms)
2026/10/03 08:40:42 OK   00024_sp05_finding_incident.sql (12.36ms)
2026/10/03 08:40:42 OK   00025_sp05_incident_event_time.sql (3.08ms)
2026/10/03 08:40:42 OK   00026_sp05_source_binding_lock.sql (3.58ms)
2026/10/03 08:40:42 OK   00027_sp05_rca_and_poll.sql (5.95ms)
2026/10/03 08:40:42 OK   00028_sp05_operator_lock.sql (2.96ms)
2026/10/03 08:40:42 OK   00029_sp05_evidence_links.sql (4.76ms)
2026/10/03 08:40:42 OK   00030_sp05_recipe_fence.sql (2.92ms)
2026/10/03 08:40:42 OK   00031_sp05_rca_postcheck.sql (2.7ms)
2026/10/03 08:40:42 OK   00032_sp05_transport_audit.sql (2.9ms)
2026/10/03 08:40:42 OK   00033_sp05_poll_resolution_clock.sql (3.37ms)
2026/10/03 08:40:42 goose: successfully migrated database to version: 33
    archive_iam_test.go:41: owned TLS/IAM fixture image=docker.io/chrislusf/seaweedfs@sha256:d4cf67729aa8777e1a43a5b61d72e5b96179e4b7bac9a221cb14cbc2036cb32e id=73b64062c06bd696c44cb888b4084a7782b187775f1a58ecb932291826c77446 bucket=sp05-golden-2775db54 tenants=1
    sp05_golden_vertical_test.go:90: configuration registry input is invalid: validate recipe registry content: validate payload against schema "https://ops.local/schemas/recipe-registry/v2": jsonschema validation failed with 'https://ops.local/schemas/recipe-registry/v2#'
        - at '': 'allOf' failed
          - at '': 'oneOf' failed, none matched
            - at '': 'const' failed
            - at '': 'const' failed
            - at '': 'const' failed
=== RUN   TestSP05FrozenNonvirtualGoldenVerticalAndReplay/node-failure/missing
2026/10/03 08:40:47 OK   00001_roles_and_schemas.sql (14.09ms)
2026/10/03 08:40:47 goose: successfully migrated database to version: 1
2026/10/03 08:40:47 OK   00002_platform_meta.sql (24.16ms)
2026/10/03 08:40:47 OK   00003_finding.sql (19.33ms)
2026/10/03 08:40:47 OK   00004_incident.sql (18.32ms)
2026/10/03 08:40:48 OK   00005_investigation.sql (8.99ms)
2026/10/03 08:40:48 OK   00006_action_command.sql (15.59ms)
2026/10/03 08:40:48 OK   00007_audit.sql (10.14ms)
2026/10/03 08:40:48 OK   00008_rls.sql (22.03ms)
2026/10/03 08:40:48 OK   00009_idempotency_ledger.sql (13.52ms)
2026/10/03 08:40:48 OK   00010_tenant_provisioning.sql (6.77ms)
2026/10/03 08:40:48 OK   00011_source_registration_history.sql (6.69ms)
2026/10/03 08:40:48 OK   00012_config_registry_lifecycle.sql (10.34ms)
2026/10/03 08:40:48 OK   00013_audit_signed_segments.sql (10.09ms)
2026/10/03 08:40:48 OK   00014_audit_segment_predecessors.sql (5.79ms)
2026/10/03 08:40:48 OK   00015_source_schema_scope.sql (2.28ms)
2026/10/03 08:40:48 OK   00016_cluster_registration_metadata.sql (3.29ms)
2026/10/03 08:40:48 OK   00017_source_data_scope.sql (2.97ms)
2026/10/03 08:40:48 OK   00018_sp04_resources_evidence.sql (12.4ms)
2026/10/03 08:40:48 OK   00019_sp04_archive_ciphertext_bytes.sql (2.42ms)
2026/10/03 08:40:48 OK   00020_sp04_request_ledger.sql (3.22ms)
2026/10/03 08:40:48 OK   00021_sp04_archive_protection.sql (2.39ms)
2026/10/03 08:40:48 OK   00022_sp04_legal_hold_dependencies.sql (2.12ms)
2026/10/03 08:40:48 OK   00023_sp04_archive_query_intent.sql (2.1ms)
2026/10/03 08:40:48 OK   00024_sp05_finding_incident.sql (10.9ms)
2026/10/03 08:40:48 OK   00025_sp05_incident_event_time.sql (2.46ms)
2026/10/03 08:40:48 OK   00026_sp05_source_binding_lock.sql (2.61ms)
2026/10/03 08:40:48 OK   00027_sp05_rca_and_poll.sql (5.1ms)
2026/10/03 08:40:48 OK   00028_sp05_operator_lock.sql (2.59ms)
2026/10/03 08:40:48 OK   00029_sp05_evidence_links.sql (3.86ms)
2026/10/03 08:40:48 OK   00030_sp05_recipe_fence.sql (2.42ms)
2026/10/03 08:40:48 OK   00031_sp05_rca_postcheck.sql (2.1ms)
2026/10/03 08:40:48 OK   00032_sp05_transport_audit.sql (2.37ms)
2026/10/03 08:40:48 OK   00033_sp05_poll_resolution_clock.sql (2.53ms)
2026/10/03 08:40:48 goose: successfully migrated database to version: 33
    archive_iam_test.go:41: owned TLS/IAM fixture image=docker.io/chrislusf/seaweedfs@sha256:d4cf67729aa8777e1a43a5b61d72e5b96179e4b7bac9a221cb14cbc2036cb32e id=c23b46f7a1a9503927d76e74465ac37338d35718e0d93f7e527bda561edb01cc bucket=sp05-golden-0689f7ec tenants=1
    sp05_golden_vertical_test.go:90: configuration registry input is invalid: validate recipe registry content: validate payload against schema "https://ops.local/schemas/recipe-registry/v2": jsonschema validation failed with 'https://ops.local/schemas/recipe-registry/v2#'
        - at '': 'allOf' failed
          - at '': 'oneOf' failed, none matched
            - at '': 'const' failed
            - at '': 'const' failed
            - at '': 'const' failed
=== RUN   TestSP05FrozenNonvirtualGoldenVerticalAndReplay/node-failure/conflict
2026/10/03 08:40:53 OK   00001_roles_and_schemas.sql (9.8ms)
2026/10/03 08:40:53 goose: successfully migrated database to version: 1
2026/10/03 08:40:53 OK   00002_platform_meta.sql (14.31ms)
2026/10/03 08:40:53 OK   00003_finding.sql (6.25ms)
2026/10/03 08:40:53 OK   00004_incident.sql (4.03ms)
2026/10/03 08:40:53 OK   00005_investigation.sql (4.73ms)
2026/10/03 08:40:53 OK   00006_action_command.sql (6.11ms)
2026/10/03 08:40:53 OK   00007_audit.sql (7.21ms)
2026/10/03 08:40:53 OK   00008_rls.sql (7.14ms)
2026/10/03 08:40:53 OK   00009_idempotency_ledger.sql (4.99ms)
2026/10/03 08:40:53 OK   00010_tenant_provisioning.sql (3.43ms)
2026/10/03 08:40:53 OK   00011_source_registration_history.sql (4.62ms)
2026/10/03 08:40:53 OK   00012_config_registry_lifecycle.sql (6.45ms)
2026/10/03 08:40:53 OK   00013_audit_signed_segments.sql (7.95ms)
2026/10/03 08:40:53 OK   00014_audit_segment_predecessors.sql (3.94ms)
2026/10/03 08:40:53 OK   00015_source_schema_scope.sql (2.61ms)
2026/10/03 08:40:53 OK   00016_cluster_registration_metadata.sql (3.08ms)
2026/10/03 08:40:53 OK   00017_source_data_scope.sql (2.64ms)
2026/10/03 08:40:53 OK   00018_sp04_resources_evidence.sql (8.94ms)
2026/10/03 08:40:53 OK   00019_sp04_archive_ciphertext_bytes.sql (2.37ms)
2026/10/03 08:40:53 OK   00020_sp04_request_ledger.sql (3.5ms)
2026/10/03 08:40:53 OK   00021_sp04_archive_protection.sql (2.36ms)
2026/10/03 08:40:53 OK   00022_sp04_legal_hold_dependencies.sql (2.47ms)
2026/10/03 08:40:53 OK   00023_sp04_archive_query_intent.sql (2.35ms)
2026/10/03 08:40:53 OK   00024_sp05_finding_incident.sql (10.82ms)
2026/10/03 08:40:53 OK   00025_sp05_incident_event_time.sql (2.62ms)
2026/10/03 08:40:53 OK   00026_sp05_source_binding_lock.sql (2.9ms)
2026/10/03 08:40:53 OK   00027_sp05_rca_and_poll.sql (5.33ms)
2026/10/03 08:40:53 OK   00028_sp05_operator_lock.sql (2.74ms)
2026/10/03 08:40:53 OK   00029_sp05_evidence_links.sql (4.12ms)
2026/10/03 08:40:53 OK   00030_sp05_recipe_fence.sql (2.71ms)
2026/10/03 08:40:53 OK   00031_sp05_rca_postcheck.sql (2.35ms)
2026/10/03 08:40:53 OK   00032_sp05_transport_audit.sql (2.28ms)
2026/10/03 08:40:53 OK   00033_sp05_poll_resolution_clock.sql (3.09ms)
2026/10/03 08:40:53 goose: successfully migrated database to version: 33
    archive_iam_test.go:41: owned TLS/IAM fixture image=docker.io/chrislusf/seaweedfs@sha256:d4cf67729aa8777e1a43a5b61d72e5b96179e4b7bac9a221cb14cbc2036cb32e id=60989fddec97998f5a41c5a2b04383c3e935f6b798c2253b81af5eb571ac1072 bucket=sp05-golden-cdfaf195 tenants=1
    sp05_golden_vertical_test.go:90: configuration registry input is invalid: validate recipe registry content: validate payload against schema "https://ops.local/schemas/recipe-registry/v2": jsonschema validation failed with 'https://ops.local/schemas/recipe-registry/v2#'
        - at '': 'allOf' failed
          - at '': 'oneOf' failed, none matched
            - at '': 'const' failed
            - at '': 'const' failed
            - at '': 'const' failed
=== RUN   TestSP05FrozenNonvirtualGoldenVerticalAndReplay/node-failure/degraded
2026/10/03 08:40:58 OK   00001_roles_and_schemas.sql (7.42ms)
2026/10/03 08:40:58 goose: successfully migrated database to version: 1
2026/10/03 08:40:58 OK   00002_platform_meta.sql (12.27ms)
2026/10/03 08:40:58 OK   00003_finding.sql (5.95ms)
2026/10/03 08:40:58 OK   00004_incident.sql (4.19ms)
2026/10/03 08:40:58 OK   00005_investigation.sql (4.71ms)
2026/10/03 08:40:58 OK   00006_action_command.sql (4.53ms)
2026/10/03 08:40:58 OK   00007_audit.sql (6.62ms)
2026/10/03 08:40:58 OK   00008_rls.sql (6.54ms)
2026/10/03 08:40:58 OK   00009_idempotency_ledger.sql (5.54ms)
2026/10/03 08:40:58 OK   00010_tenant_provisioning.sql (4.15ms)
2026/10/03 08:40:58 OK   00011_source_registration_history.sql (5.35ms)
2026/10/03 08:40:58 OK   00012_config_registry_lifecycle.sql (7.21ms)
2026/10/03 08:40:58 OK   00013_audit_signed_segments.sql (8.56ms)
2026/10/03 08:40:58 OK   00014_audit_segment_predecessors.sql (4.32ms)
2026/10/03 08:40:58 OK   00015_source_schema_scope.sql (2.51ms)
2026/10/03 08:40:58 OK   00016_cluster_registration_metadata.sql (3.14ms)
2026/10/03 08:40:58 OK   00017_source_data_scope.sql (2.75ms)
2026/10/03 08:40:58 OK   00018_sp04_resources_evidence.sql (8.93ms)
2026/10/03 08:40:58 OK   00019_sp04_archive_ciphertext_bytes.sql (2.49ms)
2026/10/03 08:40:58 OK   00020_sp04_request_ledger.sql (3.49ms)
2026/10/03 08:40:58 OK   00021_sp04_archive_protection.sql (2.73ms)
2026/10/03 08:40:58 OK   00022_sp04_legal_hold_dependencies.sql (2.32ms)
2026/10/03 08:40:58 OK   00023_sp04_archive_query_intent.sql (2.36ms)
2026/10/03 08:40:58 OK   00024_sp05_finding_incident.sql (10.88ms)
2026/10/03 08:40:58 OK   00025_sp05_incident_event_time.sql (2.91ms)
2026/10/03 08:40:58 OK   00026_sp05_source_binding_lock.sql (3.32ms)
2026/10/03 08:40:58 OK   00027_sp05_rca_and_poll.sql (5.27ms)
2026/10/03 08:40:58 OK   00028_sp05_operator_lock.sql (2.8ms)
2026/10/03 08:40:58 OK   00029_sp05_evidence_links.sql (4.13ms)
2026/10/03 08:40:58 OK   00030_sp05_recipe_fence.sql (2.56ms)
2026/10/03 08:40:58 OK   00031_sp05_rca_postcheck.sql (2.28ms)
2026/10/03 08:40:58 OK   00032_sp05_transport_audit.sql (2.41ms)
2026/10/03 08:40:58 OK   00033_sp05_poll_resolution_clock.sql (2.76ms)
2026/10/03 08:40:58 goose: successfully migrated database to version: 33
    archive_iam_test.go:41: owned TLS/IAM fixture image=docker.io/chrislusf/seaweedfs@sha256:d4cf67729aa8777e1a43a5b61d72e5b96179e4b7bac9a221cb14cbc2036cb32e id=f8d49a67787f52cff2ab3eac03abdfbb77ddbc498534f283144d27eeb11e8f59 bucket=sp05-golden-2ad8c8d7 tenants=1
    sp05_golden_vertical_test.go:90: configuration registry input is invalid: validate recipe registry content: validate payload against schema "https://ops.local/schemas/recipe-registry/v2": jsonschema validation failed with 'https://ops.local/schemas/recipe-registry/v2#'
        - at '': 'allOf' failed
          - at '': 'oneOf' failed, none matched
            - at '': 'const' failed
            - at '': 'const' failed
            - at '': 'const' failed
--- FAIL: TestSP05FrozenNonvirtualGoldenVerticalAndReplay (21.32s)
    --- FAIL: TestSP05FrozenNonvirtualGoldenVerticalAndReplay/node-failure/valid (5.94s)
    --- FAIL: TestSP05FrozenNonvirtualGoldenVerticalAndReplay/node-failure/missing (5.65s)
    --- FAIL: TestSP05FrozenNonvirtualGoldenVerticalAndReplay/node-failure/conflict (4.48s)
    --- FAIL: TestSP05FrozenNonvirtualGoldenVerticalAndReplay/node-failure/degraded (5.26s)
FAIL
FAIL	ops-platform/test/integration	22.216s
FAIL
