=== RUN   TestSP05ActualOrbStackInspectionAPIWorkerArchiveAndRestart
2026/10/03 09:17:19 OK   00001_roles_and_schemas.sql (6.53ms)
2026/10/03 09:17:19 goose: successfully migrated database to version: 1
2026/10/03 09:17:20 OK   00002_platform_meta.sql (18.17ms)
2026/10/03 09:17:20 OK   00003_finding.sql (7.3ms)
2026/10/03 09:17:20 OK   00004_incident.sql (4.91ms)
2026/10/03 09:17:20 OK   00005_investigation.sql (5.78ms)
2026/10/03 09:17:20 OK   00006_action_command.sql (4.87ms)
2026/10/03 09:17:20 OK   00007_audit.sql (7.71ms)
2026/10/03 09:17:20 OK   00008_rls.sql (16.55ms)
2026/10/03 09:17:20 OK   00009_idempotency_ledger.sql (11.5ms)
2026/10/03 09:17:20 OK   00010_tenant_provisioning.sql (3.14ms)
2026/10/03 09:17:20 OK   00011_source_registration_history.sql (4.55ms)
2026/10/03 09:17:20 OK   00012_config_registry_lifecycle.sql (5.83ms)
2026/10/03 09:17:20 OK   00013_audit_signed_segments.sql (7.56ms)
2026/10/03 09:17:20 OK   00014_audit_segment_predecessors.sql (3.85ms)
2026/10/03 09:17:20 OK   00015_source_schema_scope.sql (2.12ms)
2026/10/03 09:17:20 OK   00016_cluster_registration_metadata.sql (2.91ms)
2026/10/03 09:17:20 OK   00017_source_data_scope.sql (2.34ms)
2026/10/03 09:17:20 OK   00018_sp04_resources_evidence.sql (8.37ms)
2026/10/03 09:17:20 OK   00019_sp04_archive_ciphertext_bytes.sql (1.93ms)
2026/10/03 09:17:20 OK   00020_sp04_request_ledger.sql (2.82ms)
2026/10/03 09:17:20 OK   00021_sp04_archive_protection.sql (2.18ms)
2026/10/03 09:17:20 OK   00022_sp04_legal_hold_dependencies.sql (1.9ms)
2026/10/03 09:17:20 OK   00023_sp04_archive_query_intent.sql (2ms)
2026/10/03 09:17:20 OK   00024_sp05_finding_incident.sql (10.06ms)
2026/10/03 09:17:20 OK   00025_sp05_incident_event_time.sql (1.92ms)
2026/10/03 09:17:20 OK   00026_sp05_source_binding_lock.sql (2.12ms)
2026/10/03 09:17:20 OK   00027_sp05_rca_and_poll.sql (4.6ms)
2026/10/03 09:17:20 OK   00028_sp05_operator_lock.sql (2.29ms)
2026/10/03 09:17:20 OK   00029_sp05_evidence_links.sql (3.48ms)
2026/10/03 09:17:20 OK   00030_sp05_recipe_fence.sql (2ms)
2026/10/03 09:17:20 OK   00031_sp05_rca_postcheck.sql (1.78ms)
2026/10/03 09:17:20 OK   00032_sp05_transport_audit.sql (1.98ms)
2026/10/03 09:17:20 OK   00033_sp05_poll_resolution_clock.sql (2.2ms)
2026/10/03 09:17:20 goose: successfully migrated database to version: 33
    archive_iam_test.go:41: owned TLS/IAM fixture image=docker.io/chrislusf/seaweedfs@sha256:d4cf67729aa8777e1a43a5b61d72e5b96179e4b7bac9a221cb14cbc2036cb32e id=ac2cad72691d2c136e6743ba8e11a1cfeda349f36e1ec1f43a43d2061c0f7c68 bucket=sp05-chain-984c2b32 tenants=1
{"time":"2026-10-03T09:17:24.769489+08:00","level":"WARN","msg":"Graph ownership not ready","qualification":{"/v1/configmaps":"list_missing","/v1/events":"list_missing","/v1/nodes":"list_missing","/v1/persistentvolumeclaims":"list_missing","/v1/persistentvolumes":"list_missing","/v1/pods":"list_missing","/v1/services":"list_missing","apps/v1/daemonsets":"list_missing","apps/v1/deployments":"list_missing","apps/v1/replicasets":"list_missing","apps/v1/statefulsets":"list_missing","batch/v1/jobs":"list_missing","discovery.k8s.io/v1/endpointslices":"list_missing","storage.k8s.io/v1/csidrivers":"list_missing","storage.k8s.io/v1/csinodes":"list_missing","storage.k8s.io/v1/storageclasses":"list_missing","storage.k8s.io/v1/volumeattachments":"list_missing"}}
{"time":"2026-10-03T09:17:26.787659+08:00","level":"WARN","msg":"Graph ownership not ready","qualification":{"/v1/configmaps":"list_missing","/v1/nodes":"list_missing","/v1/persistentvolumeclaims":"list_missing","/v1/persistentvolumes":"list_missing","/v1/pods":"list_missing","/v1/services":"list_missing","apps/v1/daemonsets":"list_missing","apps/v1/deployments":"list_missing","apps/v1/replicasets":"list_missing","apps/v1/statefulsets":"list_missing","batch/v1/jobs":"list_missing","discovery.k8s.io/v1/endpointslices":"list_missing","storage.k8s.io/v1/csidrivers":"list_missing","storage.k8s.io/v1/csinodes":"list_missing","storage.k8s.io/v1/storageclasses":"list_missing"}}
{"time":"2026-10-03T09:17:35.130974+08:00","level":"INFO","msg":"http request complete","request_id":"01a0ff56-8388-71c5-bf12-884ff32bc8ed","method":"GET","status_code":200,"duration_ms":146}
{"time":"2026-10-03T09:17:35.141679+08:00","level":"INFO","msg":"http request complete","request_id":"01a0ff56-841c-7493-be2e-b01499cb4882","method":"GET","status_code":200,"duration_ms":9}
{"time":"2026-10-03T09:17:35.149006+08:00","level":"INFO","msg":"http request complete","request_id":"01a0ff56-8425-7e25-a885-9ba444dc8594","method":"GET","status_code":200,"duration_ms":7}
{"time":"2026-10-03T09:17:35.153167+08:00","level":"INFO","msg":"http request complete","request_id":"01a0ff56-842d-7441-b801-4ec5939175c1","method":"GET","status_code":200,"duration_ms":3}
{"time":"2026-10-03T09:17:35.16576+08:00","level":"INFO","msg":"http request complete","request_id":"01a0ff56-8431-75c0-91fc-47f24f761c87","method":"POST","status_code":200,"duration_ms":12}
{"time":"2026-10-03T09:17:35.186696+08:00","level":"INFO","msg":"http request complete","request_id":"01a0ff56-843e-704e-802e-6c60b8ca92a0","method":"POST","status_code":200,"duration_ms":20}
{"time":"2026-10-03T09:17:35.396538+08:00","level":"WARN","msg":"Graph ownership not ready","qualification":{"/v1/configmaps":"list_missing","/v1/events":"list_missing","/v1/nodes":"list_missing","/v1/persistentvolumeclaims":"list_missing","/v1/persistentvolumes":"list_missing","/v1/pods":"list_missing","/v1/services":"list_missing","apps/v1/daemonsets":"list_missing","apps/v1/deployments":"list_missing","apps/v1/replicasets":"list_missing","apps/v1/statefulsets":"list_missing","batch/v1/jobs":"list_missing","discovery.k8s.io/v1/endpointslices":"list_missing","storage.k8s.io/v1/csidrivers":"list_missing","storage.k8s.io/v1/csinodes":"list_missing","storage.k8s.io/v1/storageclasses":"list_missing","storage.k8s.io/v1/volumeattachments":"list_missing"}}
{"time":"2026-10-03T09:17:35.399417+08:00","level":"INFO","msg":"http request complete","request_id":"01a0ff56-8526-727c-8534-b5ba0dc84dba","method":"POST","status_code":403,"duration_ms":1}
    sp05_live_test.go:266: actual OrbStack native PVC/scheduling -> Worker inspector -> unified Finding ingress -> PostgreSQL outbox consumer -> Incident -> real OpenBao/SeaweedFS archive; OIDC API replay and Worker restart; no performance measurement; hardware and Node fault injection remain separate frozen fixtures
{"time":"2026-10-03T09:17:35.400026+08:00","level":"WARN","msg":"SP05 official observation unavailable","errorClass":"canceled"}
--- PASS: TestSP05ActualOrbStackInspectionAPIWorkerArchiveAndRestart (16.31s)
=== RUN   TestSP05OfficialObservationsActualOrbStackAndControlledProbeFailure
2026/10/03 09:17:36 OK   00001_roles_and_schemas.sql (4.92ms)
2026/10/03 09:17:36 goose: successfully migrated database to version: 1
2026/10/03 09:17:36 OK   00002_platform_meta.sql (11.7ms)
2026/10/03 09:17:36 OK   00003_finding.sql (4.63ms)
2026/10/03 09:17:36 OK   00004_incident.sql (2.86ms)
2026/10/03 09:17:36 OK   00005_investigation.sql (4.11ms)
2026/10/03 09:17:36 OK   00006_action_command.sql (3.65ms)
2026/10/03 09:17:36 OK   00007_audit.sql (6.56ms)
2026/10/03 09:17:36 OK   00008_rls.sql (6.02ms)
2026/10/03 09:17:36 OK   00009_idempotency_ledger.sql (4.81ms)
2026/10/03 09:17:36 OK   00010_tenant_provisioning.sql (2.99ms)
2026/10/03 09:17:36 OK   00011_source_registration_history.sql (4.18ms)
2026/10/03 09:17:36 OK   00012_config_registry_lifecycle.sql (6.1ms)
2026/10/03 09:17:36 OK   00013_audit_signed_segments.sql (6.48ms)
2026/10/03 09:17:36 OK   00014_audit_segment_predecessors.sql (3.57ms)
2026/10/03 09:17:36 OK   00015_source_schema_scope.sql (2.06ms)
2026/10/03 09:17:36 OK   00016_cluster_registration_metadata.sql (2.87ms)
2026/10/03 09:17:36 OK   00017_source_data_scope.sql (2.65ms)
2026/10/03 09:17:36 OK   00018_sp04_resources_evidence.sql (8.59ms)
2026/10/03 09:17:36 OK   00019_sp04_archive_ciphertext_bytes.sql (2.24ms)
2026/10/03 09:17:36 OK   00020_sp04_request_ledger.sql (3.24ms)
2026/10/03 09:17:36 OK   00021_sp04_archive_protection.sql (2.33ms)
2026/10/03 09:17:36 OK   00022_sp04_legal_hold_dependencies.sql (2.34ms)
2026/10/03 09:17:36 OK   00023_sp04_archive_query_intent.sql (2.26ms)
2026/10/03 09:17:36 OK   00024_sp05_finding_incident.sql (10.71ms)
2026/10/03 09:17:36 OK   00025_sp05_incident_event_time.sql (2.26ms)
2026/10/03 09:17:36 OK   00026_sp05_source_binding_lock.sql (2.54ms)
2026/10/03 09:17:36 OK   00027_sp05_rca_and_poll.sql (4.73ms)
2026/10/03 09:17:36 OK   00028_sp05_operator_lock.sql (2.32ms)
2026/10/03 09:17:36 OK   00029_sp05_evidence_links.sql (3.63ms)
2026/10/03 09:17:36 OK   00030_sp05_recipe_fence.sql (2.22ms)
2026/10/03 09:17:36 OK   00031_sp05_rca_postcheck.sql (2.08ms)
2026/10/03 09:17:36 OK   00032_sp05_transport_audit.sql (2.2ms)
2026/10/03 09:17:36 OK   00033_sp05_poll_resolution_clock.sql (2.44ms)
2026/10/03 09:17:36 goose: successfully migrated database to version: 33
    archive_iam_test.go:41: owned TLS/IAM fixture image=docker.io/chrislusf/seaweedfs@sha256:d4cf67729aa8777e1a43a5b61d72e5b96179e4b7bac9a221cb14cbc2036cb32e id=7fadb4c5d8f38898245b95c5dee0883fb5264fd840abec9953230db39124d786 bucket=sp05-golden-8d707595 tenants=1
    sp05_official_observations_test.go:99: actual native official read report: {ProbeAvailable:true MetricAvailable:false Candidates:1 DegradedSources:[kubernetes/metrics]} (Metrics availability is observed, never a performance measurement)
    sp05_official_observations_test.go:134: real OrbStack native Node/source -> official probe -> unified ingestion -> real PostgreSQL Incident and OpenBao/SeaweedFS archive; isolated HTTP 503/403 observation fault, real native recovery and source withdrawal; no shared API outage injected
--- PASS: TestSP05OfficialObservationsActualOrbStackAndControlledProbeFailure (6.93s)
PASS
ok  	ops-platform/test/integration	24.210s
