=== RUN   TestSP05OfficialObservationsActualOrbStackAndControlledProbeFailure
2026/10/03 09:16:17 OK   00001_roles_and_schemas.sql (8.27ms)
2026/10/03 09:16:17 goose: successfully migrated database to version: 1
2026/10/03 09:16:17 OK   00002_platform_meta.sql (13.12ms)
2026/10/03 09:16:17 OK   00003_finding.sql (6.02ms)
2026/10/03 09:16:17 OK   00004_incident.sql (4.58ms)
2026/10/03 09:16:17 OK   00005_investigation.sql (5.08ms)
2026/10/03 09:16:17 OK   00006_action_command.sql (4.63ms)
2026/10/03 09:16:17 OK   00007_audit.sql (6.96ms)
2026/10/03 09:16:17 OK   00008_rls.sql (6.79ms)
2026/10/03 09:16:17 OK   00009_idempotency_ledger.sql (5.39ms)
2026/10/03 09:16:17 OK   00010_tenant_provisioning.sql (6.01ms)
2026/10/03 09:16:17 OK   00011_source_registration_history.sql (7.63ms)
2026/10/03 09:16:17 OK   00012_config_registry_lifecycle.sql (6.77ms)
2026/10/03 09:16:17 OK   00013_audit_signed_segments.sql (9.36ms)
2026/10/03 09:16:17 OK   00014_audit_segment_predecessors.sql (4.67ms)
2026/10/03 09:16:17 OK   00015_source_schema_scope.sql (2.81ms)
2026/10/03 09:16:17 OK   00016_cluster_registration_metadata.sql (4.19ms)
2026/10/03 09:16:17 OK   00017_source_data_scope.sql (3.54ms)
2026/10/03 09:16:17 OK   00018_sp04_resources_evidence.sql (11.9ms)
2026/10/03 09:16:17 OK   00019_sp04_archive_ciphertext_bytes.sql (3.52ms)
2026/10/03 09:16:17 OK   00020_sp04_request_ledger.sql (19.15ms)
2026/10/03 09:16:17 OK   00021_sp04_archive_protection.sql (7.56ms)
2026/10/03 09:16:17 OK   00022_sp04_legal_hold_dependencies.sql (3.95ms)
2026/10/03 09:16:17 OK   00023_sp04_archive_query_intent.sql (4.1ms)
2026/10/03 09:16:17 OK   00024_sp05_finding_incident.sql (12.93ms)
2026/10/03 09:16:17 OK   00025_sp05_incident_event_time.sql (4.12ms)
2026/10/03 09:16:17 OK   00026_sp05_source_binding_lock.sql (3.63ms)
2026/10/03 09:16:17 OK   00027_sp05_rca_and_poll.sql (5.93ms)
2026/10/03 09:16:17 OK   00028_sp05_operator_lock.sql (3.42ms)
2026/10/03 09:16:17 OK   00029_sp05_evidence_links.sql (4.62ms)
2026/10/03 09:16:17 OK   00030_sp05_recipe_fence.sql (3.18ms)
2026/10/03 09:16:17 OK   00031_sp05_rca_postcheck.sql (2.97ms)
2026/10/03 09:16:17 OK   00032_sp05_transport_audit.sql (3.11ms)
2026/10/03 09:16:17 OK   00033_sp05_poll_resolution_clock.sql (3.45ms)
2026/10/03 09:16:17 goose: successfully migrated database to version: 33
    archive_iam_test.go:41: owned TLS/IAM fixture image=docker.io/chrislusf/seaweedfs@sha256:d4cf67729aa8777e1a43a5b61d72e5b96179e4b7bac9a221cb14cbc2036cb32e id=d5aec23b866098ac741404cc7a260cfba841b6698735f3511d8bef39360217dd bucket=sp05-golden-5a0b7c34 tenants=1
    sp05_official_observations_test.go:99: actual native official read report: {ProbeAvailable:true MetricAvailable:false Candidates:1 DegradedSources:[kubernetes/metrics]} (Metrics availability is observed, never a performance measurement)
    sp05_official_observations_test.go:110: actual ingestion/relay lost control-plane Finding: count=0 ERROR: column "normalized_symptom" does not exist (SQLSTATE 42703)
--- FAIL: TestSP05OfficialObservationsActualOrbStackAndControlledProbeFailure (7.89s)
FAIL
FAIL	ops-platform/test/integration	8.915s
FAIL
