=== RUN   TestSP05OfficialObservationsActualOrbStackAndControlledProbeFailure
2026/10/03 09:58:34 OK   00001_roles_and_schemas.sql (11.34ms)
2026/10/03 09:58:34 goose: successfully migrated database to version: 1
2026/10/03 09:58:34 OK   00002_platform_meta.sql (13.74ms)
2026/10/03 09:58:34 OK   00003_finding.sql (6.71ms)
2026/10/03 09:58:34 OK   00004_incident.sql (5.17ms)
2026/10/03 09:58:34 OK   00005_investigation.sql (5.76ms)
2026/10/03 09:58:34 OK   00006_action_command.sql (5.34ms)
2026/10/03 09:58:34 OK   00007_audit.sql (7.91ms)
2026/10/03 09:58:34 OK   00008_rls.sql (7.62ms)
2026/10/03 09:58:34 OK   00009_idempotency_ledger.sql (5.13ms)
2026/10/03 09:58:34 OK   00010_tenant_provisioning.sql (4.34ms)
2026/10/03 09:58:34 OK   00011_source_registration_history.sql (5.51ms)
2026/10/03 09:58:34 OK   00012_config_registry_lifecycle.sql (6.84ms)
2026/10/03 09:58:34 OK   00013_audit_signed_segments.sql (9.46ms)
2026/10/03 09:58:34 OK   00014_audit_segment_predecessors.sql (5.36ms)
2026/10/03 09:58:34 OK   00015_source_schema_scope.sql (2.87ms)
2026/10/03 09:58:34 OK   00016_cluster_registration_metadata.sql (8.05ms)
2026/10/03 09:58:34 OK   00017_source_data_scope.sql (6.49ms)
2026/10/03 09:58:35 OK   00018_sp04_resources_evidence.sql (12.21ms)
2026/10/03 09:58:35 OK   00019_sp04_archive_ciphertext_bytes.sql (3.69ms)
2026/10/03 09:58:35 OK   00020_sp04_request_ledger.sql (3.71ms)
2026/10/03 09:58:35 OK   00021_sp04_archive_protection.sql (2.75ms)
2026/10/03 09:58:35 OK   00022_sp04_legal_hold_dependencies.sql (3.01ms)
2026/10/03 09:58:35 OK   00023_sp04_archive_query_intent.sql (3.23ms)
2026/10/03 09:58:35 OK   00024_sp05_finding_incident.sql (11.95ms)
2026/10/03 09:58:35 OK   00025_sp05_incident_event_time.sql (2.84ms)
2026/10/03 09:58:35 OK   00026_sp05_source_binding_lock.sql (3.45ms)
2026/10/03 09:58:35 OK   00027_sp05_rca_and_poll.sql (5.5ms)
2026/10/03 09:58:35 OK   00028_sp05_operator_lock.sql (3.6ms)
2026/10/03 09:58:35 OK   00029_sp05_evidence_links.sql (5.01ms)
2026/10/03 09:58:35 OK   00030_sp05_recipe_fence.sql (3.45ms)
2026/10/03 09:58:35 OK   00031_sp05_rca_postcheck.sql (3.63ms)
2026/10/03 09:58:35 OK   00032_sp05_transport_audit.sql (3.37ms)
2026/10/03 09:58:35 OK   00033_sp05_poll_resolution_clock.sql (3.05ms)
2026/10/03 09:58:35 goose: successfully migrated database to version: 33
    archive_iam_test.go:41: owned TLS/IAM fixture image=docker.io/chrislusf/seaweedfs@sha256:d4cf67729aa8777e1a43a5b61d72e5b96179e4b7bac9a221cb14cbc2036cb32e id=fe16033ecdde2c71fa2670c0cd652dd7dbf9041ba30bc9989cb45b83fcc04bb1 bucket=sp05-golden-cdbc299d tenants=1
    sp05_official_observations_test.go:112: actual native official read report: {ProbeAvailable:true MetricAvailable:false Candidates:1 DegradedSources:[kubernetes/metrics]} (Metrics availability is observed, never a performance measurement)
    sp05_official_observations_test.go:195: positive versioned Metrics transport Fixture -> real Node UID/auth fence -> unified Finding -> real Incident and immutable Evidence; native Metrics-server positive capability remains unverified
    sp05_official_observations_test.go:203: real OrbStack native Node/source -> official probe -> unified ingestion -> real PostgreSQL Incident and OpenBao/SeaweedFS archive; isolated HTTP 503/403 observation fault, real native recovery and source withdrawal; no shared API outage injected
--- PASS: TestSP05OfficialObservationsActualOrbStackAndControlledProbeFailure (9.68s)
PASS
ok  	ops-platform/test/integration	10.706s
