=== RUN   TestSP05FrozenNodeHardwareUpstreamVerticalAndReplay
=== RUN   TestSP05FrozenNodeHardwareUpstreamVerticalAndReplay/valid
2026/10/03 09:56:25 OK   00001_roles_and_schemas.sql (20.44ms)
2026/10/03 09:56:25 goose: successfully migrated database to version: 1
2026/10/03 09:56:25 OK   00002_platform_meta.sql (13.07ms)
2026/10/03 09:56:25 OK   00003_finding.sql (5.77ms)
2026/10/03 09:56:25 OK   00004_incident.sql (3.78ms)
2026/10/03 09:56:25 OK   00005_investigation.sql (4.4ms)
2026/10/03 09:56:25 OK   00006_action_command.sql (4.01ms)
2026/10/03 09:56:25 OK   00007_audit.sql (6.36ms)
2026/10/03 09:56:25 OK   00008_rls.sql (6.3ms)
2026/10/03 09:56:25 OK   00009_idempotency_ledger.sql (5ms)
2026/10/03 09:56:25 OK   00010_tenant_provisioning.sql (3.11ms)
2026/10/03 09:56:25 OK   00011_source_registration_history.sql (4.25ms)
2026/10/03 09:56:25 OK   00012_config_registry_lifecycle.sql (6.17ms)
2026/10/03 09:56:25 OK   00013_audit_signed_segments.sql (8.09ms)
2026/10/03 09:56:25 OK   00014_audit_segment_predecessors.sql (7.09ms)
2026/10/03 09:56:25 OK   00015_source_schema_scope.sql (5.6ms)
2026/10/03 09:56:25 OK   00016_cluster_registration_metadata.sql (5.66ms)
2026/10/03 09:56:25 OK   00017_source_data_scope.sql (11.11ms)
2026/10/03 09:56:25 OK   00018_sp04_resources_evidence.sql (9.95ms)
2026/10/03 09:56:25 OK   00019_sp04_archive_ciphertext_bytes.sql (2.18ms)
2026/10/03 09:56:25 OK   00020_sp04_request_ledger.sql (2.97ms)
2026/10/03 09:56:25 OK   00021_sp04_archive_protection.sql (2.26ms)
2026/10/03 09:56:25 OK   00022_sp04_legal_hold_dependencies.sql (2.23ms)
2026/10/03 09:56:25 OK   00023_sp04_archive_query_intent.sql (1.98ms)
2026/10/03 09:56:25 OK   00024_sp05_finding_incident.sql (10.38ms)
2026/10/03 09:56:25 OK   00025_sp05_incident_event_time.sql (2.09ms)
2026/10/03 09:56:25 OK   00026_sp05_source_binding_lock.sql (2.43ms)
2026/10/03 09:56:25 OK   00027_sp05_rca_and_poll.sql (4.85ms)
2026/10/03 09:56:25 OK   00028_sp05_operator_lock.sql (2.36ms)
2026/10/03 09:56:25 OK   00029_sp05_evidence_links.sql (3.52ms)
2026/10/03 09:56:25 OK   00030_sp05_recipe_fence.sql (2.19ms)
2026/10/03 09:56:25 OK   00031_sp05_rca_postcheck.sql (2.04ms)
2026/10/03 09:56:25 OK   00032_sp05_transport_audit.sql (1.99ms)
2026/10/03 09:56:25 OK   00033_sp05_poll_resolution_clock.sql (2.2ms)
2026/10/03 09:56:25 goose: successfully migrated database to version: 33
    archive_iam_test.go:41: owned TLS/IAM fixture image=docker.io/chrislusf/seaweedfs@sha256:d4cf67729aa8777e1a43a5b61d72e5b96179e4b7bac9a221cb14cbc2036cb32e id=c412ecbadbd335b6ec88d3f718c9dc2d9de7f9c873caa433ba399cd851783262 bucket=sp05-golden-352120ae tenants=1
    sp05_golden_vertical_test.go:318: node-hardware-upstream/valid: fixed clock, admitted native adapters -> actual identity/Graph and unified ingestion -> PostgreSQL reducer -> signed published Recipe -> real immutable OpenBao/SeaweedFS Evidence -> append-only RCA and bounded Impact, twice replay; protocol Fixture, no physical BMC/Node failure claim
=== RUN   TestSP05FrozenNodeHardwareUpstreamVerticalAndReplay/missing
2026/10/03 09:56:34 OK   00001_roles_and_schemas.sql (12.68ms)
2026/10/03 09:56:34 goose: successfully migrated database to version: 1
2026/10/03 09:56:34 OK   00002_platform_meta.sql (19.64ms)
2026/10/03 09:56:34 OK   00003_finding.sql (11.13ms)
2026/10/03 09:56:34 OK   00004_incident.sql (6.96ms)
2026/10/03 09:56:34 OK   00005_investigation.sql (14.73ms)
2026/10/03 09:56:34 OK   00006_action_command.sql (13.98ms)
2026/10/03 09:56:34 OK   00007_audit.sql (8.6ms)
2026/10/03 09:56:34 OK   00008_rls.sql (7.01ms)
2026/10/03 09:56:34 OK   00009_idempotency_ledger.sql (5.3ms)
2026/10/03 09:56:34 OK   00010_tenant_provisioning.sql (3.4ms)
2026/10/03 09:56:34 OK   00011_source_registration_history.sql (4.94ms)
2026/10/03 09:56:34 OK   00012_config_registry_lifecycle.sql (6.37ms)
2026/10/03 09:56:34 OK   00013_audit_signed_segments.sql (8.62ms)
2026/10/03 09:56:34 OK   00014_audit_segment_predecessors.sql (4.7ms)
2026/10/03 09:56:34 OK   00015_source_schema_scope.sql (2.11ms)
2026/10/03 09:56:34 OK   00016_cluster_registration_metadata.sql (2.68ms)
2026/10/03 09:56:34 OK   00017_source_data_scope.sql (2.51ms)
2026/10/03 09:56:34 OK   00018_sp04_resources_evidence.sql (8.67ms)
2026/10/03 09:56:34 OK   00019_sp04_archive_ciphertext_bytes.sql (2.23ms)
2026/10/03 09:56:34 OK   00020_sp04_request_ledger.sql (3ms)
2026/10/03 09:56:34 OK   00021_sp04_archive_protection.sql (2.32ms)
2026/10/03 09:56:34 OK   00022_sp04_legal_hold_dependencies.sql (11.89ms)
2026/10/03 09:56:34 OK   00023_sp04_archive_query_intent.sql (3.73ms)
2026/10/03 09:56:34 OK   00024_sp05_finding_incident.sql (12.76ms)
2026/10/03 09:56:34 OK   00025_sp05_incident_event_time.sql (2.25ms)
2026/10/03 09:56:34 OK   00026_sp05_source_binding_lock.sql (2.3ms)
2026/10/03 09:56:34 OK   00027_sp05_rca_and_poll.sql (4.69ms)
2026/10/03 09:56:34 OK   00028_sp05_operator_lock.sql (2.31ms)
2026/10/03 09:56:34 OK   00029_sp05_evidence_links.sql (3.65ms)
2026/10/03 09:56:34 OK   00030_sp05_recipe_fence.sql (2.19ms)
2026/10/03 09:56:34 OK   00031_sp05_rca_postcheck.sql (1.97ms)
2026/10/03 09:56:34 OK   00032_sp05_transport_audit.sql (2.09ms)
2026/10/03 09:56:34 OK   00033_sp05_poll_resolution_clock.sql (2.43ms)
2026/10/03 09:56:34 goose: successfully migrated database to version: 33
    archive_iam_test.go:41: owned TLS/IAM fixture image=docker.io/chrislusf/seaweedfs@sha256:d4cf67729aa8777e1a43a5b61d72e5b96179e4b7bac9a221cb14cbc2036cb32e id=8aa1774d916002cf5fd0d8ae5039fcb32eaa278ccea3e7efe456125c49d9b411 bucket=sp05-golden-1ec1d03d tenants=1
    sp05_golden_vertical_test.go:318: node-hardware-upstream/missing: fixed clock, admitted native adapters -> actual identity/Graph and unified ingestion -> PostgreSQL reducer -> signed published Recipe -> real immutable OpenBao/SeaweedFS Evidence -> append-only RCA and bounded Impact, twice replay; protocol Fixture, no physical BMC/Node failure claim
=== RUN   TestSP05FrozenNodeHardwareUpstreamVerticalAndReplay/conflict
2026/10/03 09:56:39 OK   00001_roles_and_schemas.sql (7.4ms)
2026/10/03 09:56:39 goose: successfully migrated database to version: 1
2026/10/03 09:56:40 OK   00002_platform_meta.sql (12.71ms)
2026/10/03 09:56:40 OK   00003_finding.sql (6.8ms)
2026/10/03 09:56:40 OK   00004_incident.sql (4.12ms)
2026/10/03 09:56:40 OK   00005_investigation.sql (4.46ms)
2026/10/03 09:56:40 OK   00006_action_command.sql (4.21ms)
2026/10/03 09:56:40 OK   00007_audit.sql (6.51ms)
2026/10/03 09:56:40 OK   00008_rls.sql (6.24ms)
2026/10/03 09:56:40 OK   00009_idempotency_ledger.sql (5.12ms)
2026/10/03 09:56:40 OK   00010_tenant_provisioning.sql (3.39ms)
2026/10/03 09:56:40 OK   00011_source_registration_history.sql (4.71ms)
2026/10/03 09:56:40 OK   00012_config_registry_lifecycle.sql (10.7ms)
2026/10/03 09:56:40 OK   00013_audit_signed_segments.sql (19.46ms)
2026/10/03 09:56:40 OK   00014_audit_segment_predecessors.sql (5.13ms)
2026/10/03 09:56:40 OK   00015_source_schema_scope.sql (3.04ms)
2026/10/03 09:56:40 OK   00016_cluster_registration_metadata.sql (3.82ms)
2026/10/03 09:56:40 OK   00017_source_data_scope.sql (3.46ms)
2026/10/03 09:56:40 OK   00018_sp04_resources_evidence.sql (10.16ms)
2026/10/03 09:56:40 OK   00019_sp04_archive_ciphertext_bytes.sql (6.88ms)
2026/10/03 09:56:40 OK   00020_sp04_request_ledger.sql (13.56ms)
2026/10/03 09:56:40 OK   00021_sp04_archive_protection.sql (4.12ms)
2026/10/03 09:56:40 OK   00022_sp04_legal_hold_dependencies.sql (3.32ms)
2026/10/03 09:56:40 OK   00023_sp04_archive_query_intent.sql (3.68ms)
2026/10/03 09:56:40 OK   00024_sp05_finding_incident.sql (13.73ms)
2026/10/03 09:56:40 OK   00025_sp05_incident_event_time.sql (3.24ms)
2026/10/03 09:56:40 OK   00026_sp05_source_binding_lock.sql (2.64ms)
2026/10/03 09:56:40 OK   00027_sp05_rca_and_poll.sql (6.84ms)
2026/10/03 09:56:40 OK   00028_sp05_operator_lock.sql (3.95ms)
2026/10/03 09:56:40 OK   00029_sp05_evidence_links.sql (4.36ms)
2026/10/03 09:56:40 OK   00030_sp05_recipe_fence.sql (3.78ms)
2026/10/03 09:56:40 OK   00031_sp05_rca_postcheck.sql (3.34ms)
2026/10/03 09:56:40 OK   00032_sp05_transport_audit.sql (3.37ms)
2026/10/03 09:56:40 OK   00033_sp05_poll_resolution_clock.sql (3.92ms)
2026/10/03 09:56:40 goose: successfully migrated database to version: 33
    archive_iam_test.go:41: owned TLS/IAM fixture image=docker.io/chrislusf/seaweedfs@sha256:d4cf67729aa8777e1a43a5b61d72e5b96179e4b7bac9a221cb14cbc2036cb32e id=782cc20668d1a6b70098d2f2347765854a17a9bc06abedd5093615a1c827c1a9 bucket=sp05-golden-7e34647a tenants=1
    sp05_golden_vertical_test.go:318: node-hardware-upstream/conflict: fixed clock, admitted native adapters -> actual identity/Graph and unified ingestion -> PostgreSQL reducer -> signed published Recipe -> real immutable OpenBao/SeaweedFS Evidence -> append-only RCA and bounded Impact, twice replay; protocol Fixture, no physical BMC/Node failure claim
=== RUN   TestSP05FrozenNodeHardwareUpstreamVerticalAndReplay/degraded
2026/10/03 09:56:47 OK   00001_roles_and_schemas.sql (7.48ms)
2026/10/03 09:56:47 goose: successfully migrated database to version: 1
2026/10/03 09:56:47 OK   00002_platform_meta.sql (20.16ms)
2026/10/03 09:56:47 OK   00003_finding.sql (10.66ms)
2026/10/03 09:56:47 OK   00004_incident.sql (6.72ms)
2026/10/03 09:56:47 OK   00005_investigation.sql (6.39ms)
2026/10/03 09:56:47 OK   00006_action_command.sql (6.11ms)
2026/10/03 09:56:47 OK   00007_audit.sql (9.79ms)
2026/10/03 09:56:47 OK   00008_rls.sql (24.74ms)
2026/10/03 09:56:47 OK   00009_idempotency_ledger.sql (7.7ms)
2026/10/03 09:56:47 OK   00010_tenant_provisioning.sql (5.48ms)
2026/10/03 09:56:47 OK   00011_source_registration_history.sql (7.11ms)
2026/10/03 09:56:47 OK   00012_config_registry_lifecycle.sql (10.47ms)
2026/10/03 09:56:47 OK   00013_audit_signed_segments.sql (13.15ms)
2026/10/03 09:56:47 OK   00014_audit_segment_predecessors.sql (8.75ms)
2026/10/03 09:56:47 OK   00015_source_schema_scope.sql (3.69ms)
2026/10/03 09:56:47 OK   00016_cluster_registration_metadata.sql (3.87ms)
2026/10/03 09:56:47 OK   00017_source_data_scope.sql (2.59ms)
2026/10/03 09:56:47 OK   00018_sp04_resources_evidence.sql (10.11ms)
2026/10/03 09:56:47 OK   00019_sp04_archive_ciphertext_bytes.sql (2.48ms)
2026/10/03 09:56:47 OK   00020_sp04_request_ledger.sql (3.91ms)
2026/10/03 09:56:47 OK   00021_sp04_archive_protection.sql (2.34ms)
2026/10/03 09:56:47 OK   00022_sp04_legal_hold_dependencies.sql (2.39ms)
2026/10/03 09:56:47 OK   00023_sp04_archive_query_intent.sql (2.05ms)
2026/10/03 09:56:47 OK   00024_sp05_finding_incident.sql (10.14ms)
2026/10/03 09:56:47 OK   00025_sp05_incident_event_time.sql (2.01ms)
2026/10/03 09:56:47 OK   00026_sp05_source_binding_lock.sql (2.44ms)
2026/10/03 09:56:47 OK   00027_sp05_rca_and_poll.sql (4.73ms)
2026/10/03 09:56:47 OK   00028_sp05_operator_lock.sql (2.47ms)
2026/10/03 09:56:47 OK   00029_sp05_evidence_links.sql (3.52ms)
2026/10/03 09:56:47 OK   00030_sp05_recipe_fence.sql (2.06ms)
2026/10/03 09:56:47 OK   00031_sp05_rca_postcheck.sql (1.92ms)
2026/10/03 09:56:47 OK   00032_sp05_transport_audit.sql (2.21ms)
2026/10/03 09:56:47 OK   00033_sp05_poll_resolution_clock.sql (2.49ms)
2026/10/03 09:56:47 goose: successfully migrated database to version: 33
    archive_iam_test.go:41: owned TLS/IAM fixture image=docker.io/chrislusf/seaweedfs@sha256:d4cf67729aa8777e1a43a5b61d72e5b96179e4b7bac9a221cb14cbc2036cb32e id=af1c46715c977357f47bf891857ed7bcd15bbd7fd203428c4578fe5084994187 bucket=sp05-golden-30e9f86b tenants=1
    sp05_golden_vertical_test.go:318: node-hardware-upstream/degraded: fixed clock, admitted native adapters -> actual identity/Graph and unified ingestion -> PostgreSQL reducer -> signed published Recipe -> real immutable OpenBao/SeaweedFS Evidence -> append-only RCA and bounded Impact, twice replay; protocol Fixture, no physical BMC/Node failure claim
--- PASS: TestSP05FrozenNodeHardwareUpstreamVerticalAndReplay (27.48s)
    --- PASS: TestSP05FrozenNodeHardwareUpstreamVerticalAndReplay/valid (8.97s)
    --- PASS: TestSP05FrozenNodeHardwareUpstreamVerticalAndReplay/missing (5.54s)
    --- PASS: TestSP05FrozenNodeHardwareUpstreamVerticalAndReplay/conflict (7.62s)
    --- PASS: TestSP05FrozenNodeHardwareUpstreamVerticalAndReplay/degraded (5.34s)
=== RUN   TestSP05OfficialObservationsActualOrbStackAndControlledProbeFailure
2026/10/03 09:56:53 OK   00001_roles_and_schemas.sql (9.11ms)
2026/10/03 09:56:53 goose: successfully migrated database to version: 1
2026/10/03 09:56:53 OK   00002_platform_meta.sql (16.2ms)
2026/10/03 09:56:53 OK   00003_finding.sql (19.52ms)
2026/10/03 09:56:53 OK   00004_incident.sql (11.71ms)
2026/10/03 09:56:53 OK   00005_investigation.sql (7.91ms)
2026/10/03 09:56:53 OK   00006_action_command.sql (5.15ms)
2026/10/03 09:56:53 OK   00007_audit.sql (14.84ms)
2026/10/03 09:56:53 OK   00008_rls.sql (13.54ms)
2026/10/03 09:56:53 OK   00009_idempotency_ledger.sql (6.67ms)
2026/10/03 09:56:53 OK   00010_tenant_provisioning.sql (4.08ms)
2026/10/03 09:56:53 OK   00011_source_registration_history.sql (5.2ms)
2026/10/03 09:56:53 OK   00012_config_registry_lifecycle.sql (8.08ms)
2026/10/03 09:56:53 OK   00013_audit_signed_segments.sql (10.22ms)
2026/10/03 09:56:53 OK   00014_audit_segment_predecessors.sql (5.4ms)
2026/10/03 09:56:53 OK   00015_source_schema_scope.sql (3.27ms)
2026/10/03 09:56:53 OK   00016_cluster_registration_metadata.sql (4.28ms)
2026/10/03 09:56:53 OK   00017_source_data_scope.sql (3.82ms)
2026/10/03 09:56:53 OK   00018_sp04_resources_evidence.sql (10.05ms)
2026/10/03 09:56:53 OK   00019_sp04_archive_ciphertext_bytes.sql (3.54ms)
2026/10/03 09:56:53 OK   00020_sp04_request_ledger.sql (4.13ms)
2026/10/03 09:56:53 OK   00021_sp04_archive_protection.sql (3.63ms)
2026/10/03 09:56:53 OK   00022_sp04_legal_hold_dependencies.sql (2.84ms)
2026/10/03 09:56:53 OK   00023_sp04_archive_query_intent.sql (3.28ms)
2026/10/03 09:56:53 OK   00024_sp05_finding_incident.sql (11.81ms)
2026/10/03 09:56:53 OK   00025_sp05_incident_event_time.sql (3.38ms)
2026/10/03 09:56:53 OK   00026_sp05_source_binding_lock.sql (3.75ms)
2026/10/03 09:56:53 OK   00027_sp05_rca_and_poll.sql (5.02ms)
2026/10/03 09:56:53 OK   00028_sp05_operator_lock.sql (2.39ms)
2026/10/03 09:56:53 OK   00029_sp05_evidence_links.sql (6.89ms)
2026/10/03 09:56:53 OK   00030_sp05_recipe_fence.sql (3.21ms)
2026/10/03 09:56:53 OK   00031_sp05_rca_postcheck.sql (2.89ms)
2026/10/03 09:56:53 OK   00032_sp05_transport_audit.sql (2.62ms)
2026/10/03 09:56:53 OK   00033_sp05_poll_resolution_clock.sql (3.32ms)
2026/10/03 09:56:53 goose: successfully migrated database to version: 33
    archive_iam_test.go:41: owned TLS/IAM fixture image=docker.io/chrislusf/seaweedfs@sha256:d4cf67729aa8777e1a43a5b61d72e5b96179e4b7bac9a221cb14cbc2036cb32e id=541d1de04dbad18588368f6e7e6f558b4ba52db0036049700eefbe351d310bd6 bucket=sp05-golden-65432e43 tenants=1
    sp05_official_observations_test.go:112: actual native official read report: {ProbeAvailable:true MetricAvailable:false Candidates:1 DegradedSources:[kubernetes/metrics]} (Metrics availability is observed, never a performance measurement)
    sp05_official_observations_test.go:153: actual metric Finding count=0 <nil>
--- FAIL: TestSP05OfficialObservationsActualOrbStackAndControlledProbeFailure (8.19s)
FAIL
FAIL	ops-platform/test/integration	36.681s
FAIL
