=== RUN   TestSP05PollBirthClockSurvivesPostgreSQLPrecisionAndRestart
2026/10/02 19:17:18 OK   00001_roles_and_schemas.sql (30.17ms)
2026/10/02 19:17:18 goose: successfully migrated database to version: 1
2026/10/02 19:17:18 OK   00002_platform_meta.sql (26.48ms)
2026/10/02 19:17:18 OK   00003_finding.sql (11.85ms)
2026/10/02 19:17:18 OK   00004_incident.sql (14.31ms)
2026/10/02 19:17:18 OK   00005_investigation.sql (5.62ms)
2026/10/02 19:17:18 OK   00006_action_command.sql (15.59ms)
2026/10/02 19:17:18 OK   00007_audit.sql (13.28ms)
2026/10/02 19:17:18 OK   00008_rls.sql (9.35ms)
2026/10/02 19:17:18 OK   00009_idempotency_ledger.sql (6.77ms)
2026/10/02 19:17:18 OK   00010_tenant_provisioning.sql (6.3ms)
2026/10/02 19:17:18 OK   00011_source_registration_history.sql (13.56ms)
2026/10/02 19:17:18 OK   00012_config_registry_lifecycle.sql (20.79ms)
2026/10/02 19:17:18 OK   00013_audit_signed_segments.sql (11.62ms)
2026/10/02 19:17:18 OK   00014_audit_segment_predecessors.sql (5.47ms)
2026/10/02 19:17:18 OK   00015_source_schema_scope.sql (8.94ms)
2026/10/02 19:17:18 OK   00016_cluster_registration_metadata.sql (5.05ms)
2026/10/02 19:17:18 OK   00017_source_data_scope.sql (6.01ms)
2026/10/02 19:17:18 OK   00018_sp04_resources_evidence.sql (17.43ms)
2026/10/02 19:17:18 OK   00019_sp04_archive_ciphertext_bytes.sql (5.4ms)
2026/10/02 19:17:18 OK   00020_sp04_request_ledger.sql (7.13ms)
2026/10/02 19:17:18 OK   00021_sp04_archive_protection.sql (4.37ms)
2026/10/02 19:17:18 OK   00022_sp04_legal_hold_dependencies.sql (2.59ms)
2026/10/02 19:17:18 OK   00023_sp04_archive_query_intent.sql (2.93ms)
2026/10/02 19:17:18 OK   00024_sp05_finding_incident.sql (26.17ms)
2026/10/02 19:17:18 OK   00025_sp05_incident_event_time.sql (3.63ms)
2026/10/02 19:17:18 OK   00026_sp05_source_binding_lock.sql (3.6ms)
2026/10/02 19:17:18 OK   00027_sp05_rca_and_poll.sql (7.15ms)
2026/10/02 19:17:18 OK   00028_sp05_operator_lock.sql (4.37ms)
2026/10/02 19:17:18 OK   00029_sp05_evidence_links.sql (8.37ms)
2026/10/02 19:17:18 OK   00030_sp05_recipe_fence.sql (2.89ms)
2026/10/02 19:17:18 goose: successfully migrated database to version: 30
    sp05_poll_test.go:22: poll identity drift after durable reload: id=true birth=2026-10-02 00:00:00.123456789 +0000 UTC stored=2026-10-02 08:00:00.123456 +0800 CST
--- FAIL: TestSP05PollBirthClockSurvivesPostgreSQLPrecisionAndRestart (0.65s)
FAIL
FAIL	ops-platform/test/integration	1.658s
FAIL
