=== RUN   TestSP05PollCrashAfterResolveAndLateReplayCannotCreateOccurrence
=== RUN   TestSP05PollCrashAfterResolveAndLateReplayCannotCreateOccurrence/crash-before-close
2026/10/02 23:06:56 OK   00001_roles_and_schemas.sql (6.79ms)
2026/10/02 23:06:56 goose: successfully migrated database to version: 1
2026/10/02 23:06:56 OK   00002_platform_meta.sql (12.16ms)
2026/10/02 23:06:56 OK   00003_finding.sql (4.95ms)
2026/10/02 23:06:56 OK   00004_incident.sql (7.95ms)
2026/10/02 23:06:56 OK   00005_investigation.sql (4.24ms)
2026/10/02 23:06:56 OK   00006_action_command.sql (3.7ms)
2026/10/02 23:06:56 OK   00007_audit.sql (5.61ms)
2026/10/02 23:06:56 OK   00008_rls.sql (5.39ms)
2026/10/02 23:06:56 OK   00009_idempotency_ledger.sql (4.55ms)
2026/10/02 23:06:56 OK   00010_tenant_provisioning.sql (3.23ms)
2026/10/02 23:06:56 OK   00011_source_registration_history.sql (4.33ms)
2026/10/02 23:06:56 OK   00012_config_registry_lifecycle.sql (9.16ms)
2026/10/02 23:06:56 OK   00013_audit_signed_segments.sql (18.68ms)
2026/10/02 23:06:56 OK   00014_audit_segment_predecessors.sql (4.58ms)
2026/10/02 23:06:56 OK   00015_source_schema_scope.sql (2.39ms)
2026/10/02 23:06:56 OK   00016_cluster_registration_metadata.sql (3.06ms)
2026/10/02 23:06:56 OK   00017_source_data_scope.sql (2.77ms)
2026/10/02 23:06:56 OK   00018_sp04_resources_evidence.sql (8.92ms)
2026/10/02 23:06:56 OK   00019_sp04_archive_ciphertext_bytes.sql (2.12ms)
2026/10/02 23:06:56 OK   00020_sp04_request_ledger.sql (3.33ms)
2026/10/02 23:06:56 OK   00021_sp04_archive_protection.sql (2.4ms)
2026/10/02 23:06:56 OK   00022_sp04_legal_hold_dependencies.sql (2.18ms)
2026/10/02 23:06:56 OK   00023_sp04_archive_query_intent.sql (2.45ms)
2026/10/02 23:06:56 OK   00024_sp05_finding_incident.sql (10.24ms)
2026/10/02 23:06:56 OK   00025_sp05_incident_event_time.sql (2.51ms)
2026/10/02 23:06:56 OK   00026_sp05_source_binding_lock.sql (2.45ms)
2026/10/02 23:06:56 OK   00027_sp05_rca_and_poll.sql (4.89ms)
2026/10/02 23:06:56 OK   00028_sp05_operator_lock.sql (2.48ms)
2026/10/02 23:06:56 OK   00029_sp05_evidence_links.sql (3.75ms)
2026/10/02 23:06:56 OK   00030_sp05_recipe_fence.sql (2.27ms)
2026/10/02 23:06:56 OK   00031_sp05_rca_postcheck.sql (2.26ms)
2026/10/02 23:06:56 OK   00032_sp05_transport_audit.sql (2.29ms)
2026/10/02 23:06:56 goose: successfully migrated database to version: 32
    sp05_poll_test.go:46: crash between resolve and poll close lost new firing: same=true err=<nil>
=== RUN   TestSP05PollCrashAfterResolveAndLateReplayCannotCreateOccurrence/late-replay
2026/10/02 23:06:56 OK   00001_roles_and_schemas.sql (7.14ms)
2026/10/02 23:06:56 goose: successfully migrated database to version: 1
2026/10/02 23:06:56 OK   00002_platform_meta.sql (11.34ms)
2026/10/02 23:06:56 OK   00003_finding.sql (5.03ms)
2026/10/02 23:06:56 OK   00004_incident.sql (3.62ms)
2026/10/02 23:06:56 OK   00005_investigation.sql (4.54ms)
2026/10/02 23:06:56 OK   00006_action_command.sql (4.22ms)
2026/10/02 23:06:56 OK   00007_audit.sql (6.35ms)
2026/10/02 23:06:56 OK   00008_rls.sql (6.09ms)
2026/10/02 23:06:56 OK   00009_idempotency_ledger.sql (4.91ms)
2026/10/02 23:06:56 OK   00010_tenant_provisioning.sql (3.13ms)
2026/10/02 23:06:56 OK   00011_source_registration_history.sql (4.34ms)
2026/10/02 23:06:56 OK   00012_config_registry_lifecycle.sql (6.23ms)
2026/10/02 23:06:56 OK   00013_audit_signed_segments.sql (7.51ms)
2026/10/02 23:06:56 OK   00014_audit_segment_predecessors.sql (4.32ms)
2026/10/02 23:06:56 OK   00015_source_schema_scope.sql (2.22ms)
2026/10/02 23:06:56 OK   00016_cluster_registration_metadata.sql (2.93ms)
2026/10/02 23:06:56 OK   00017_source_data_scope.sql (2.63ms)
2026/10/02 23:06:56 OK   00018_sp04_resources_evidence.sql (8.8ms)
2026/10/02 23:06:56 OK   00019_sp04_archive_ciphertext_bytes.sql (2.35ms)
2026/10/02 23:06:56 OK   00020_sp04_request_ledger.sql (3.15ms)
2026/10/02 23:06:56 OK   00021_sp04_archive_protection.sql (2.35ms)
2026/10/02 23:06:56 OK   00022_sp04_legal_hold_dependencies.sql (2.16ms)
2026/10/02 23:06:56 OK   00023_sp04_archive_query_intent.sql (2.23ms)
2026/10/02 23:06:56 OK   00024_sp05_finding_incident.sql (10.11ms)
2026/10/02 23:06:56 OK   00025_sp05_incident_event_time.sql (2.43ms)
2026/10/02 23:06:56 OK   00026_sp05_source_binding_lock.sql (2.43ms)
2026/10/02 23:06:56 OK   00027_sp05_rca_and_poll.sql (4.79ms)
2026/10/02 23:06:56 OK   00028_sp05_operator_lock.sql (2.61ms)
2026/10/02 23:06:56 OK   00029_sp05_evidence_links.sql (3.7ms)
2026/10/02 23:06:56 OK   00030_sp05_recipe_fence.sql (2.25ms)
2026/10/02 23:06:56 OK   00031_sp05_rca_postcheck.sql (2.01ms)
2026/10/02 23:06:56 OK   00032_sp05_transport_audit.sql (2.27ms)
2026/10/02 23:06:56 goose: successfully migrated database to version: 32
    sp05_poll_test.go:43: late firing allocated a new occurrence: <nil>
--- FAIL: TestSP05PollCrashAfterResolveAndLateReplayCannotCreateOccurrence (0.55s)
    --- FAIL: TestSP05PollCrashAfterResolveAndLateReplayCannotCreateOccurrence/crash-before-close (0.31s)
    --- FAIL: TestSP05PollCrashAfterResolveAndLateReplayCannotCreateOccurrence/late-replay (0.25s)
FAIL
FAIL	ops-platform/test/integration	1.486s
FAIL
