=== RUN   TestSP05APIListFiltersAndAllLinkedNamespaceAuthorization
2026/10/02 23:07:57 OK   00001_roles_and_schemas.sql (16.56ms)
2026/10/02 23:07:57 goose: successfully migrated database to version: 1
2026/10/02 23:07:57 OK   00002_platform_meta.sql (23.35ms)
2026/10/02 23:07:57 OK   00003_finding.sql (8.53ms)
2026/10/02 23:07:57 OK   00004_incident.sql (5.66ms)
2026/10/02 23:07:57 OK   00005_investigation.sql (8.25ms)
2026/10/02 23:07:57 OK   00006_action_command.sql (6.77ms)
2026/10/02 23:07:57 OK   00007_audit.sql (9.27ms)
2026/10/02 23:07:57 OK   00008_rls.sql (16.51ms)
2026/10/02 23:07:57 OK   00009_idempotency_ledger.sql (11.77ms)
2026/10/02 23:07:57 OK   00010_tenant_provisioning.sql (4.85ms)
2026/10/02 23:07:57 OK   00011_source_registration_history.sql (6.93ms)
2026/10/02 23:07:57 OK   00012_config_registry_lifecycle.sql (8.74ms)
2026/10/02 23:07:57 OK   00013_audit_signed_segments.sql (11.09ms)
2026/10/02 23:07:57 OK   00014_audit_segment_predecessors.sql (5.7ms)
2026/10/02 23:07:57 OK   00015_source_schema_scope.sql (3.66ms)
2026/10/02 23:07:57 OK   00016_cluster_registration_metadata.sql (5.09ms)
2026/10/02 23:07:57 OK   00017_source_data_scope.sql (4.76ms)
2026/10/02 23:07:57 OK   00018_sp04_resources_evidence.sql (11.65ms)
2026/10/02 23:07:57 OK   00019_sp04_archive_ciphertext_bytes.sql (4.23ms)
2026/10/02 23:07:57 OK   00020_sp04_request_ledger.sql (5.46ms)
2026/10/02 23:07:57 OK   00021_sp04_archive_protection.sql (4.26ms)
2026/10/02 23:07:57 OK   00022_sp04_legal_hold_dependencies.sql (4.18ms)
2026/10/02 23:07:57 OK   00023_sp04_archive_query_intent.sql (3.32ms)
2026/10/02 23:07:57 OK   00024_sp05_finding_incident.sql (13.57ms)
2026/10/02 23:07:57 OK   00025_sp05_incident_event_time.sql (4.48ms)
2026/10/02 23:07:57 OK   00026_sp05_source_binding_lock.sql (4.57ms)
2026/10/02 23:07:57 OK   00027_sp05_rca_and_poll.sql (7.35ms)
2026/10/02 23:07:57 OK   00028_sp05_operator_lock.sql (4.46ms)
2026/10/02 23:07:57 OK   00029_sp05_evidence_links.sql (6.46ms)
2026/10/02 23:07:57 OK   00030_sp05_recipe_fence.sql (4.39ms)
2026/10/02 23:07:57 OK   00031_sp05_rca_postcheck.sql (4.32ms)
2026/10/02 23:07:57 OK   00032_sp05_transport_audit.sql (4.2ms)
2026/10/02 23:07:57 OK   00033_sp05_poll_resolution_clock.sql (3.39ms)
2026/10/02 23:07:57 goose: successfully migrated database to version: 33
--- PASS: TestSP05APIListFiltersAndAllLinkedNamespaceAuthorization (0.58s)
=== RUN   TestSP05FindingAtomicConcurrentTransportAndRecovery
2026/10/02 23:07:57 OK   00001_roles_and_schemas.sql (6.98ms)
2026/10/02 23:07:57 goose: successfully migrated database to version: 1
2026/10/02 23:07:57 OK   00002_platform_meta.sql (12.38ms)
2026/10/02 23:07:57 OK   00003_finding.sql (5.1ms)
2026/10/02 23:07:57 OK   00004_incident.sql (3.52ms)
2026/10/02 23:07:57 OK   00005_investigation.sql (4.06ms)
2026/10/02 23:07:57 OK   00006_action_command.sql (3.67ms)
2026/10/02 23:07:57 OK   00007_audit.sql (6.34ms)
2026/10/02 23:07:57 OK   00008_rls.sql (6.08ms)
2026/10/02 23:07:57 OK   00009_idempotency_ledger.sql (4.73ms)
2026/10/02 23:07:57 OK   00010_tenant_provisioning.sql (3.17ms)
2026/10/02 23:07:57 OK   00011_source_registration_history.sql (4.08ms)
2026/10/02 23:07:57 OK   00012_config_registry_lifecycle.sql (5.46ms)
2026/10/02 23:07:57 OK   00013_audit_signed_segments.sql (7.62ms)
2026/10/02 23:07:57 OK   00014_audit_segment_predecessors.sql (3.35ms)
2026/10/02 23:07:57 OK   00015_source_schema_scope.sql (1.71ms)
2026/10/02 23:07:57 OK   00016_cluster_registration_metadata.sql (2.41ms)
2026/10/02 23:07:57 OK   00017_source_data_scope.sql (1.99ms)
2026/10/02 23:07:57 OK   00018_sp04_resources_evidence.sql (8.84ms)
2026/10/02 23:07:57 OK   00019_sp04_archive_ciphertext_bytes.sql (1.89ms)
2026/10/02 23:07:57 OK   00020_sp04_request_ledger.sql (4.84ms)
2026/10/02 23:07:57 OK   00021_sp04_archive_protection.sql (2.29ms)
2026/10/02 23:07:57 OK   00022_sp04_legal_hold_dependencies.sql (2.14ms)
2026/10/02 23:07:57 OK   00023_sp04_archive_query_intent.sql (2.34ms)
2026/10/02 23:07:57 OK   00024_sp05_finding_incident.sql (10.65ms)
2026/10/02 23:07:57 OK   00025_sp05_incident_event_time.sql (2.23ms)
2026/10/02 23:07:57 OK   00026_sp05_source_binding_lock.sql (2.62ms)
2026/10/02 23:07:57 OK   00027_sp05_rca_and_poll.sql (5.06ms)
2026/10/02 23:07:57 OK   00028_sp05_operator_lock.sql (2.54ms)
2026/10/02 23:07:57 OK   00029_sp05_evidence_links.sql (4.03ms)
2026/10/02 23:07:57 OK   00030_sp05_recipe_fence.sql (2.63ms)
2026/10/02 23:07:57 OK   00031_sp05_rca_postcheck.sql (2.1ms)
2026/10/02 23:07:57 OK   00032_sp05_transport_audit.sql (2.25ms)
2026/10/02 23:07:57 OK   00033_sp05_poll_resolution_clock.sql (2.51ms)
2026/10/02 23:07:57 goose: successfully migrated database to version: 33
--- PASS: TestSP05FindingAtomicConcurrentTransportAndRecovery (0.36s)
=== RUN   TestSP05ResourceNamespaceCannotBeClaimedAsClusterScoped
2026/10/02 23:07:58 OK   00001_roles_and_schemas.sql (6.52ms)
2026/10/02 23:07:58 goose: successfully migrated database to version: 1
2026/10/02 23:07:58 OK   00002_platform_meta.sql (11.92ms)
2026/10/02 23:07:58 OK   00003_finding.sql (5.03ms)
2026/10/02 23:07:58 OK   00004_incident.sql (3.49ms)
2026/10/02 23:07:58 OK   00005_investigation.sql (4.43ms)
2026/10/02 23:07:58 OK   00006_action_command.sql (3.74ms)
2026/10/02 23:07:58 OK   00007_audit.sql (6.29ms)
2026/10/02 23:07:58 OK   00008_rls.sql (5.48ms)
2026/10/02 23:07:58 OK   00009_idempotency_ledger.sql (5.71ms)
2026/10/02 23:07:58 OK   00010_tenant_provisioning.sql (2.45ms)
2026/10/02 23:07:58 OK   00011_source_registration_history.sql (4.03ms)
2026/10/02 23:07:58 OK   00012_config_registry_lifecycle.sql (6.17ms)
2026/10/02 23:07:58 OK   00013_audit_signed_segments.sql (11.21ms)
2026/10/02 23:07:58 OK   00014_audit_segment_predecessors.sql (4.22ms)
2026/10/02 23:07:58 OK   00015_source_schema_scope.sql (2.98ms)
2026/10/02 23:07:58 OK   00016_cluster_registration_metadata.sql (5.69ms)
2026/10/02 23:07:58 OK   00017_source_data_scope.sql (7.47ms)
2026/10/02 23:07:58 OK   00018_sp04_resources_evidence.sql (14.37ms)
2026/10/02 23:07:58 OK   00019_sp04_archive_ciphertext_bytes.sql (1.85ms)
2026/10/02 23:07:58 OK   00020_sp04_request_ledger.sql (2.96ms)
2026/10/02 23:07:58 OK   00021_sp04_archive_protection.sql (1.97ms)
2026/10/02 23:07:58 OK   00022_sp04_legal_hold_dependencies.sql (1.77ms)
2026/10/02 23:07:58 OK   00023_sp04_archive_query_intent.sql (1.76ms)
2026/10/02 23:07:58 OK   00024_sp05_finding_incident.sql (11.89ms)
2026/10/02 23:07:58 OK   00025_sp05_incident_event_time.sql (2.65ms)
2026/10/02 23:07:58 OK   00026_sp05_source_binding_lock.sql (2.27ms)
2026/10/02 23:07:58 OK   00027_sp05_rca_and_poll.sql (5.19ms)
2026/10/02 23:07:58 OK   00028_sp05_operator_lock.sql (2.12ms)
2026/10/02 23:07:58 OK   00029_sp05_evidence_links.sql (3.91ms)
2026/10/02 23:07:58 OK   00030_sp05_recipe_fence.sql (2.34ms)
2026/10/02 23:07:58 OK   00031_sp05_rca_postcheck.sql (1.76ms)
2026/10/02 23:07:58 OK   00032_sp05_transport_audit.sql (1.88ms)
2026/10/02 23:07:58 OK   00033_sp05_poll_resolution_clock.sql (2.34ms)
2026/10/02 23:07:58 goose: successfully migrated database to version: 33
--- PASS: TestSP05ResourceNamespaceCannotBeClaimedAsClusterScoped (0.25s)
=== RUN   TestSP05EqualSequenceConflictAndTransportAliasAreAudited
2026/10/02 23:07:58 OK   00001_roles_and_schemas.sql (6.64ms)
2026/10/02 23:07:58 goose: successfully migrated database to version: 1
2026/10/02 23:07:58 OK   00002_platform_meta.sql (13.48ms)
2026/10/02 23:07:58 OK   00003_finding.sql (5.15ms)
2026/10/02 23:07:58 OK   00004_incident.sql (3.97ms)
2026/10/02 23:07:58 OK   00005_investigation.sql (4.58ms)
2026/10/02 23:07:58 OK   00006_action_command.sql (4.29ms)
2026/10/02 23:07:58 OK   00007_audit.sql (7.18ms)
2026/10/02 23:07:58 OK   00008_rls.sql (7.26ms)
2026/10/02 23:07:58 OK   00009_idempotency_ledger.sql (5.68ms)
2026/10/02 23:07:58 OK   00010_tenant_provisioning.sql (3.18ms)
2026/10/02 23:07:58 OK   00011_source_registration_history.sql (4.77ms)
2026/10/02 23:07:58 OK   00012_config_registry_lifecycle.sql (10.38ms)
2026/10/02 23:07:58 OK   00013_audit_signed_segments.sql (26.24ms)
2026/10/02 23:07:58 OK   00014_audit_segment_predecessors.sql (5.61ms)
2026/10/02 23:07:58 OK   00015_source_schema_scope.sql (3.32ms)
2026/10/02 23:07:58 OK   00016_cluster_registration_metadata.sql (3.91ms)
2026/10/02 23:07:58 OK   00017_source_data_scope.sql (3.82ms)
2026/10/02 23:07:58 OK   00018_sp04_resources_evidence.sql (10.02ms)
2026/10/02 23:07:58 OK   00019_sp04_archive_ciphertext_bytes.sql (3.1ms)
2026/10/02 23:07:58 OK   00020_sp04_request_ledger.sql (4.21ms)
2026/10/02 23:07:58 OK   00021_sp04_archive_protection.sql (3.26ms)
2026/10/02 23:07:58 OK   00022_sp04_legal_hold_dependencies.sql (2.84ms)
2026/10/02 23:07:58 OK   00023_sp04_archive_query_intent.sql (2.67ms)
2026/10/02 23:07:58 OK   00024_sp05_finding_incident.sql (11.53ms)
2026/10/02 23:07:58 OK   00025_sp05_incident_event_time.sql (2.88ms)
2026/10/02 23:07:58 OK   00026_sp05_source_binding_lock.sql (3.29ms)
2026/10/02 23:07:58 OK   00027_sp05_rca_and_poll.sql (6.05ms)
2026/10/02 23:07:58 OK   00028_sp05_operator_lock.sql (4.43ms)
2026/10/02 23:07:58 OK   00029_sp05_evidence_links.sql (4.21ms)
2026/10/02 23:07:58 OK   00030_sp05_recipe_fence.sql (2.75ms)
2026/10/02 23:07:58 OK   00031_sp05_rca_postcheck.sql (2.42ms)
2026/10/02 23:07:58 OK   00032_sp05_transport_audit.sql (2.49ms)
2026/10/02 23:07:58 OK   00033_sp05_poll_resolution_clock.sql (2.95ms)
2026/10/02 23:07:58 goose: successfully migrated database to version: 33
--- PASS: TestSP05EqualSequenceConflictAndTransportAliasAreAudited (0.30s)
=== RUN   TestSP05PollBirthClockSurvivesPostgreSQLPrecisionAndRestart
2026/10/02 23:07:58 OK   00001_roles_and_schemas.sql (6.37ms)
2026/10/02 23:07:58 goose: successfully migrated database to version: 1
2026/10/02 23:07:58 OK   00002_platform_meta.sql (12.94ms)
2026/10/02 23:07:58 OK   00003_finding.sql (5.05ms)
2026/10/02 23:07:58 OK   00004_incident.sql (3.62ms)
2026/10/02 23:07:58 OK   00005_investigation.sql (4.08ms)
2026/10/02 23:07:58 OK   00006_action_command.sql (3.95ms)
2026/10/02 23:07:58 OK   00007_audit.sql (6.11ms)
2026/10/02 23:07:58 OK   00008_rls.sql (5.98ms)
2026/10/02 23:07:58 OK   00009_idempotency_ledger.sql (5.39ms)
2026/10/02 23:07:58 OK   00010_tenant_provisioning.sql (3.25ms)
2026/10/02 23:07:58 OK   00011_source_registration_history.sql (4.73ms)
2026/10/02 23:07:58 OK   00012_config_registry_lifecycle.sql (6.26ms)
2026/10/02 23:07:58 OK   00013_audit_signed_segments.sql (8.66ms)
2026/10/02 23:07:58 OK   00014_audit_segment_predecessors.sql (4.12ms)
2026/10/02 23:07:58 OK   00015_source_schema_scope.sql (2.43ms)
2026/10/02 23:07:58 OK   00016_cluster_registration_metadata.sql (3.17ms)
2026/10/02 23:07:58 OK   00017_source_data_scope.sql (2.84ms)
2026/10/02 23:07:58 OK   00018_sp04_resources_evidence.sql (8.86ms)
2026/10/02 23:07:58 OK   00019_sp04_archive_ciphertext_bytes.sql (2.59ms)
2026/10/02 23:07:58 OK   00020_sp04_request_ledger.sql (3.42ms)
2026/10/02 23:07:58 OK   00021_sp04_archive_protection.sql (2.6ms)
2026/10/02 23:07:58 OK   00022_sp04_legal_hold_dependencies.sql (2.48ms)
2026/10/02 23:07:58 OK   00023_sp04_archive_query_intent.sql (2.4ms)
2026/10/02 23:07:58 OK   00024_sp05_finding_incident.sql (10.99ms)
2026/10/02 23:07:58 OK   00025_sp05_incident_event_time.sql (2.45ms)
2026/10/02 23:07:58 OK   00026_sp05_source_binding_lock.sql (2.85ms)
2026/10/02 23:07:58 OK   00027_sp05_rca_and_poll.sql (5.31ms)
2026/10/02 23:07:58 OK   00028_sp05_operator_lock.sql (2.84ms)
2026/10/02 23:07:58 OK   00029_sp05_evidence_links.sql (4.33ms)
2026/10/02 23:07:58 OK   00030_sp05_recipe_fence.sql (3.01ms)
2026/10/02 23:07:58 OK   00031_sp05_rca_postcheck.sql (2.51ms)
2026/10/02 23:07:58 OK   00032_sp05_transport_audit.sql (2.63ms)
2026/10/02 23:07:58 OK   00033_sp05_poll_resolution_clock.sql (2.75ms)
2026/10/02 23:07:58 goose: successfully migrated database to version: 33
--- PASS: TestSP05PollBirthClockSurvivesPostgreSQLPrecisionAndRestart (0.25s)
=== RUN   TestSP05PollCrashAfterResolveAndLateReplayCannotCreateOccurrence
=== RUN   TestSP05PollCrashAfterResolveAndLateReplayCannotCreateOccurrence/crash-before-close
2026/10/02 23:07:58 OK   00001_roles_and_schemas.sql (7.2ms)
2026/10/02 23:07:58 goose: successfully migrated database to version: 1
2026/10/02 23:07:59 OK   00002_platform_meta.sql (12.64ms)
2026/10/02 23:07:59 OK   00003_finding.sql (5.06ms)
2026/10/02 23:07:59 OK   00004_incident.sql (3.5ms)
2026/10/02 23:07:59 OK   00005_investigation.sql (4.07ms)
2026/10/02 23:07:59 OK   00006_action_command.sql (3.85ms)
2026/10/02 23:07:59 OK   00007_audit.sql (6.2ms)
2026/10/02 23:07:59 OK   00008_rls.sql (6.08ms)
2026/10/02 23:07:59 OK   00009_idempotency_ledger.sql (4.67ms)
2026/10/02 23:07:59 OK   00010_tenant_provisioning.sql (3.27ms)
2026/10/02 23:07:59 OK   00011_source_registration_history.sql (4.58ms)
2026/10/02 23:07:59 OK   00012_config_registry_lifecycle.sql (6.55ms)
2026/10/02 23:07:59 OK   00013_audit_signed_segments.sql (8.24ms)
2026/10/02 23:07:59 OK   00014_audit_segment_predecessors.sql (3.76ms)
2026/10/02 23:07:59 OK   00015_source_schema_scope.sql (2.15ms)
2026/10/02 23:07:59 OK   00016_cluster_registration_metadata.sql (2.76ms)
2026/10/02 23:07:59 OK   00017_source_data_scope.sql (2.41ms)
2026/10/02 23:07:59 OK   00018_sp04_resources_evidence.sql (8.58ms)
2026/10/02 23:07:59 OK   00019_sp04_archive_ciphertext_bytes.sql (2.16ms)
2026/10/02 23:07:59 OK   00020_sp04_request_ledger.sql (3.21ms)
2026/10/02 23:07:59 OK   00021_sp04_archive_protection.sql (2.27ms)
2026/10/02 23:07:59 OK   00022_sp04_legal_hold_dependencies.sql (2.24ms)
2026/10/02 23:07:59 OK   00023_sp04_archive_query_intent.sql (2.13ms)
2026/10/02 23:07:59 OK   00024_sp05_finding_incident.sql (11.19ms)
2026/10/02 23:07:59 OK   00025_sp05_incident_event_time.sql (2.39ms)
2026/10/02 23:07:59 OK   00026_sp05_source_binding_lock.sql (2.21ms)
2026/10/02 23:07:59 OK   00027_sp05_rca_and_poll.sql (5.04ms)
2026/10/02 23:07:59 OK   00028_sp05_operator_lock.sql (2.37ms)
2026/10/02 23:07:59 OK   00029_sp05_evidence_links.sql (3.65ms)
2026/10/02 23:07:59 OK   00030_sp05_recipe_fence.sql (2.18ms)
2026/10/02 23:07:59 OK   00031_sp05_rca_postcheck.sql (1.81ms)
2026/10/02 23:07:59 OK   00032_sp05_transport_audit.sql (2.11ms)
2026/10/02 23:07:59 OK   00033_sp05_poll_resolution_clock.sql (2.5ms)
2026/10/02 23:07:59 goose: successfully migrated database to version: 33
=== RUN   TestSP05PollCrashAfterResolveAndLateReplayCannotCreateOccurrence/late-replay
2026/10/02 23:07:59 OK   00001_roles_and_schemas.sql (6.95ms)
2026/10/02 23:07:59 goose: successfully migrated database to version: 1
2026/10/02 23:07:59 OK   00002_platform_meta.sql (12.86ms)
2026/10/02 23:07:59 OK   00003_finding.sql (4.98ms)
2026/10/02 23:07:59 OK   00004_incident.sql (3.66ms)
2026/10/02 23:07:59 OK   00005_investigation.sql (7.09ms)
2026/10/02 23:07:59 OK   00006_action_command.sql (3.58ms)
2026/10/02 23:07:59 OK   00007_audit.sql (5.89ms)
2026/10/02 23:07:59 OK   00008_rls.sql (6.27ms)
2026/10/02 23:07:59 OK   00009_idempotency_ledger.sql (5.05ms)
2026/10/02 23:07:59 OK   00010_tenant_provisioning.sql (3.22ms)
2026/10/02 23:07:59 OK   00011_source_registration_history.sql (4.33ms)
2026/10/02 23:07:59 OK   00012_config_registry_lifecycle.sql (6.17ms)
2026/10/02 23:07:59 OK   00013_audit_signed_segments.sql (7.7ms)
2026/10/02 23:07:59 OK   00014_audit_segment_predecessors.sql (4ms)
2026/10/02 23:07:59 OK   00015_source_schema_scope.sql (2.34ms)
2026/10/02 23:07:59 OK   00016_cluster_registration_metadata.sql (3.06ms)
2026/10/02 23:07:59 OK   00017_source_data_scope.sql (2.81ms)
2026/10/02 23:07:59 OK   00018_sp04_resources_evidence.sql (9.94ms)
2026/10/02 23:07:59 OK   00019_sp04_archive_ciphertext_bytes.sql (2.42ms)
2026/10/02 23:07:59 OK   00020_sp04_request_ledger.sql (3.39ms)
2026/10/02 23:07:59 OK   00021_sp04_archive_protection.sql (2.88ms)
2026/10/02 23:07:59 OK   00022_sp04_legal_hold_dependencies.sql (2.39ms)
2026/10/02 23:07:59 OK   00023_sp04_archive_query_intent.sql (2.39ms)
2026/10/02 23:07:59 OK   00024_sp05_finding_incident.sql (10.8ms)
2026/10/02 23:07:59 OK   00025_sp05_incident_event_time.sql (2.46ms)
2026/10/02 23:07:59 OK   00026_sp05_source_binding_lock.sql (2.82ms)
2026/10/02 23:07:59 OK   00027_sp05_rca_and_poll.sql (5.55ms)
2026/10/02 23:07:59 OK   00028_sp05_operator_lock.sql (2.88ms)
2026/10/02 23:07:59 OK   00029_sp05_evidence_links.sql (4.18ms)
2026/10/02 23:07:59 OK   00030_sp05_recipe_fence.sql (2.6ms)
2026/10/02 23:07:59 OK   00031_sp05_rca_postcheck.sql (2.47ms)
2026/10/02 23:07:59 OK   00032_sp05_transport_audit.sql (2.47ms)
2026/10/02 23:07:59 OK   00033_sp05_poll_resolution_clock.sql (2.6ms)
2026/10/02 23:07:59 goose: successfully migrated database to version: 33
--- PASS: TestSP05PollCrashAfterResolveAndLateReplayCannotCreateOccurrence (0.49s)
    --- PASS: TestSP05PollCrashAfterResolveAndLateReplayCannotCreateOccurrence/crash-before-close (0.24s)
    --- PASS: TestSP05PollCrashAfterResolveAndLateReplayCannotCreateOccurrence/late-replay (0.25s)
=== RUN   TestSP05RCARegistryImmutableEvidenceAppendOnlyAndReplayRevocation
2026/10/02 23:07:59 OK   00001_roles_and_schemas.sql (7.13ms)
2026/10/02 23:07:59 goose: successfully migrated database to version: 1
2026/10/02 23:07:59 OK   00002_platform_meta.sql (12.54ms)
2026/10/02 23:07:59 OK   00003_finding.sql (4.94ms)
2026/10/02 23:07:59 OK   00004_incident.sql (3.33ms)
2026/10/02 23:07:59 OK   00005_investigation.sql (4.37ms)
2026/10/02 23:07:59 OK   00006_action_command.sql (4.1ms)
2026/10/02 23:07:59 OK   00007_audit.sql (6.56ms)
2026/10/02 23:07:59 OK   00008_rls.sql (5.85ms)
2026/10/02 23:07:59 OK   00009_idempotency_ledger.sql (5.62ms)
2026/10/02 23:07:59 OK   00010_tenant_provisioning.sql (2.7ms)
2026/10/02 23:07:59 OK   00011_source_registration_history.sql (4.19ms)
2026/10/02 23:07:59 OK   00012_config_registry_lifecycle.sql (6.55ms)
2026/10/02 23:07:59 OK   00013_audit_signed_segments.sql (11.73ms)
2026/10/02 23:07:59 OK   00014_audit_segment_predecessors.sql (7.4ms)
2026/10/02 23:07:59 OK   00015_source_schema_scope.sql (5.82ms)
2026/10/02 23:07:59 OK   00016_cluster_registration_metadata.sql (4.69ms)
2026/10/02 23:07:59 OK   00017_source_data_scope.sql (3.35ms)
2026/10/02 23:07:59 OK   00018_sp04_resources_evidence.sql (9.24ms)
2026/10/02 23:07:59 OK   00019_sp04_archive_ciphertext_bytes.sql (2.34ms)
2026/10/02 23:07:59 OK   00020_sp04_request_ledger.sql (3.26ms)
2026/10/02 23:07:59 OK   00021_sp04_archive_protection.sql (2.54ms)
2026/10/02 23:07:59 OK   00022_sp04_legal_hold_dependencies.sql (2.15ms)
2026/10/02 23:07:59 OK   00023_sp04_archive_query_intent.sql (2.44ms)
2026/10/02 23:07:59 OK   00024_sp05_finding_incident.sql (10.82ms)
2026/10/02 23:07:59 OK   00025_sp05_incident_event_time.sql (2.44ms)
2026/10/02 23:07:59 OK   00026_sp05_source_binding_lock.sql (2.7ms)
2026/10/02 23:07:59 OK   00027_sp05_rca_and_poll.sql (4.94ms)
2026/10/02 23:07:59 OK   00028_sp05_operator_lock.sql (2.71ms)
2026/10/02 23:07:59 OK   00029_sp05_evidence_links.sql (4.18ms)
2026/10/02 23:07:59 OK   00030_sp05_recipe_fence.sql (2.79ms)
2026/10/02 23:07:59 OK   00031_sp05_rca_postcheck.sql (2.38ms)
2026/10/02 23:07:59 OK   00032_sp05_transport_audit.sql (2.62ms)
2026/10/02 23:07:59 OK   00033_sp05_poll_resolution_clock.sql (2.91ms)
2026/10/02 23:07:59 goose: successfully migrated database to version: 33
--- PASS: TestSP05RCARegistryImmutableEvidenceAppendOnlyAndReplayRevocation (0.34s)
=== RUN   TestSP05FindingRejectsMissingEvidenceWithoutPartialCommit
2026/10/02 23:07:59 OK   00001_roles_and_schemas.sql (7.12ms)
2026/10/02 23:07:59 goose: successfully migrated database to version: 1
2026/10/02 23:07:59 OK   00002_platform_meta.sql (12.41ms)
2026/10/02 23:07:59 OK   00003_finding.sql (4.92ms)
2026/10/02 23:07:59 OK   00004_incident.sql (3.75ms)
2026/10/02 23:07:59 OK   00005_investigation.sql (3.72ms)
2026/10/02 23:07:59 OK   00006_action_command.sql (3.94ms)
2026/10/02 23:07:59 OK   00007_audit.sql (6.61ms)
2026/10/02 23:07:59 OK   00008_rls.sql (7.08ms)
2026/10/02 23:07:59 OK   00009_idempotency_ledger.sql (5.47ms)
2026/10/02 23:07:59 OK   00010_tenant_provisioning.sql (3.4ms)
2026/10/02 23:07:59 OK   00011_source_registration_history.sql (4.54ms)
2026/10/02 23:07:59 OK   00012_config_registry_lifecycle.sql (6.55ms)
2026/10/02 23:07:59 OK   00013_audit_signed_segments.sql (8.1ms)
2026/10/02 23:07:59 OK   00014_audit_segment_predecessors.sql (4.36ms)
2026/10/02 23:07:59 OK   00015_source_schema_scope.sql (2.32ms)
2026/10/02 23:07:59 OK   00016_cluster_registration_metadata.sql (2.99ms)
2026/10/02 23:07:59 OK   00017_source_data_scope.sql (4.98ms)
2026/10/02 23:07:59 OK   00018_sp04_resources_evidence.sql (21.81ms)
2026/10/02 23:07:59 OK   00019_sp04_archive_ciphertext_bytes.sql (2.69ms)
2026/10/02 23:07:59 OK   00020_sp04_request_ledger.sql (3.34ms)
2026/10/02 23:07:59 OK   00021_sp04_archive_protection.sql (3.06ms)
2026/10/02 23:07:59 OK   00022_sp04_legal_hold_dependencies.sql (2.5ms)
2026/10/02 23:07:59 OK   00023_sp04_archive_query_intent.sql (2.76ms)
2026/10/02 23:07:59 OK   00024_sp05_finding_incident.sql (12.55ms)
2026/10/02 23:07:59 OK   00025_sp05_incident_event_time.sql (3ms)
2026/10/02 23:07:59 OK   00026_sp05_source_binding_lock.sql (3.19ms)
2026/10/02 23:07:59 OK   00027_sp05_rca_and_poll.sql (5.56ms)
2026/10/02 23:07:59 OK   00028_sp05_operator_lock.sql (2.96ms)
2026/10/02 23:07:59 OK   00029_sp05_evidence_links.sql (4.06ms)
2026/10/02 23:07:59 OK   00030_sp05_recipe_fence.sql (2.72ms)
2026/10/02 23:07:59 OK   00031_sp05_rca_postcheck.sql (2.71ms)
2026/10/02 23:07:59 OK   00032_sp05_transport_audit.sql (3.19ms)
2026/10/02 23:07:59 OK   00033_sp05_poll_resolution_clock.sql (3.39ms)
2026/10/02 23:07:59 goose: successfully migrated database to version: 33
--- PASS: TestSP05FindingRejectsMissingEvidenceWithoutPartialCommit (0.28s)
PASS
ok  	ops-platform/test/integration	3.854s
