=== RUN   TestSP05SIGKILLClaimLeaseRecoverExactlyOnce
2026/10/02 23:22:22 OK   00001_roles_and_schemas.sql (11.98ms)
2026/10/02 23:22:22 goose: successfully migrated database to version: 1
2026/10/02 23:22:22 OK   00002_platform_meta.sql (22.6ms)
2026/10/02 23:22:22 OK   00003_finding.sql (10.47ms)
2026/10/02 23:22:22 OK   00004_incident.sql (32.54ms)
2026/10/02 23:22:22 OK   00005_investigation.sql (7.32ms)
2026/10/02 23:22:23 OK   00006_action_command.sql (6.65ms)
2026/10/02 23:22:23 OK   00007_audit.sql (11.67ms)
2026/10/02 23:22:23 OK   00008_rls.sql (10.26ms)
2026/10/02 23:22:23 OK   00009_idempotency_ledger.sql (8.49ms)
2026/10/02 23:22:23 OK   00010_tenant_provisioning.sql (5.33ms)
2026/10/02 23:22:23 OK   00011_source_registration_history.sql (8.93ms)
2026/10/02 23:22:23 OK   00012_config_registry_lifecycle.sql (10.35ms)
2026/10/02 23:22:23 OK   00013_audit_signed_segments.sql (10.76ms)
2026/10/02 23:22:23 OK   00014_audit_segment_predecessors.sql (6.45ms)
2026/10/02 23:22:23 OK   00015_source_schema_scope.sql (4.51ms)
2026/10/02 23:22:23 OK   00016_cluster_registration_metadata.sql (4.81ms)
2026/10/02 23:22:23 OK   00017_source_data_scope.sql (4.37ms)
2026/10/02 23:22:23 OK   00018_sp04_resources_evidence.sql (14.8ms)
2026/10/02 23:22:23 OK   00019_sp04_archive_ciphertext_bytes.sql (3.47ms)
2026/10/02 23:22:23 OK   00020_sp04_request_ledger.sql (5.25ms)
2026/10/02 23:22:23 OK   00021_sp04_archive_protection.sql (3.43ms)
2026/10/02 23:22:23 OK   00022_sp04_legal_hold_dependencies.sql (3.23ms)
2026/10/02 23:22:23 OK   00023_sp04_archive_query_intent.sql (2.51ms)
2026/10/02 23:22:23 OK   00024_sp05_finding_incident.sql (17.01ms)
2026/10/02 23:22:23 OK   00025_sp05_incident_event_time.sql (3.38ms)
2026/10/02 23:22:23 OK   00026_sp05_source_binding_lock.sql (4.04ms)
2026/10/02 23:22:23 OK   00027_sp05_rca_and_poll.sql (7.87ms)
2026/10/02 23:22:23 OK   00028_sp05_operator_lock.sql (3.66ms)
2026/10/02 23:22:23 OK   00029_sp05_evidence_links.sql (5.83ms)
2026/10/02 23:22:23 OK   00030_sp05_recipe_fence.sql (4.32ms)
2026/10/02 23:22:23 OK   00031_sp05_rca_postcheck.sql (3.46ms)
2026/10/02 23:22:23 OK   00032_sp05_transport_audit.sql (3.6ms)
2026/10/02 23:22:23 OK   00033_sp05_poll_resolution_clock.sql (4.05ms)
2026/10/02 23:22:23 goose: successfully migrated database to version: 33
    sp05_process_crash_test.go:105: real child SIGKILL after committed outbox claim; unchanged 30-second lease recovered exactly once; stale claim token rejected
--- PASS: TestSP05SIGKILLClaimLeaseRecoverExactlyOnce (31.63s)
PASS
ok  	ops-platform/test/integration	32.695s
