Using CPython 3.12.13
Creating virtual environment at: poc/pyrca/.venv
Downloading numpy (4.8MiB)
Downloading pandas (10.8MiB)
Downloading setuptools (1.2MiB)
 Downloaded setuptools
 Downloaded numpy
 Downloaded pandas
Installed 13 packages in 65ms
Error: psycopg2 not found. Install with: pip install psycopg2-binary
INTERNALERROR> Traceback (most recent call last):
INTERNALERROR>   File "/Users/mssc/Documents/Code/ops/platform/artifacts/task27-materials/go-sources/seaweedfs/seaweedfs-c5073360007d28385a33426a42ac3e4ec504c5a3/postgres-examples/test_client.py", line 22, in <module>
INTERNALERROR>     import psycopg2
INTERNALERROR> ModuleNotFoundError: No module named 'psycopg2'
INTERNALERROR> 
INTERNALERROR> During handling of the above exception, another exception occurred:
INTERNALERROR> 
INTERNALERROR> Traceback (most recent call last):
INTERNALERROR>   File "/Users/mssc/Documents/Code/ops/platform/poc/pyrca/.venv/lib/python3.12/site-packages/_pytest/main.py", line 283, in wrap_session
INTERNALERROR>     session.exitstatus = doit(config, session) or 0
INTERNALERROR>                          ^^^^^^^^^^^^^^^^^^^^^
INTERNALERROR>   File "/Users/mssc/Documents/Code/ops/platform/poc/pyrca/.venv/lib/python3.12/site-packages/_pytest/main.py", line 336, in _main
INTERNALERROR>     config.hook.pytest_collection(session=session)
INTERNALERROR>   File "/Users/mssc/Documents/Code/ops/platform/poc/pyrca/.venv/lib/python3.12/site-packages/pluggy/_hooks.py", line 512, in __call__
INTERNALERROR>     return self._hookexec(self.name, self._hookimpls.copy(), kwargs, firstresult)
INTERNALERROR>            ^^^^^^^^^^^^^^^^^^^^^^^^^^^^^^^^^^^^^^^^^^^^^^^^^^^^^^^^^^^^^^^^^^^^^^
INTERNALERROR>   File "/Users/mssc/Documents/Code/ops/platform/poc/pyrca/.venv/lib/python3.12/site-packages/pluggy/_manager.py", line 120, in _hookexec
INTERNALERROR>     return self._inner_hookexec(hook_name, methods, kwargs, firstresult)
INTERNALERROR>            ^^^^^^^^^^^^^^^^^^^^^^^^^^^^^^^^^^^^^^^^^^^^^^^^^^^^^^^^^^^^^
INTERNALERROR>   File "/Users/mssc/Documents/Code/ops/platform/poc/pyrca/.venv/lib/python3.12/site-packages/pluggy/_callers.py", line 167, in _multicall
INTERNALERROR>     raise exception
INTERNALERROR>   File "/Users/mssc/Documents/Code/ops/platform/poc/pyrca/.venv/lib/python3.12/site-packages/pluggy/_callers.py", line 139, in _multicall
INTERNALERROR>     teardown.throw(exception)
INTERNALERROR>   File "/Users/mssc/Documents/Code/ops/platform/poc/pyrca/.venv/lib/python3.12/site-packages/_pytest/logging.py", line 790, in pytest_collection
INTERNALERROR>     return (yield)
INTERNALERROR>             ^^^^^
INTERNALERROR>   File "/Users/mssc/Documents/Code/ops/platform/poc/pyrca/.venv/lib/python3.12/site-packages/pluggy/_callers.py", line 139, in _multicall
INTERNALERROR>     teardown.throw(exception)
INTERNALERROR>   File "/Users/mssc/Documents/Code/ops/platform/poc/pyrca/.venv/lib/python3.12/site-packages/_pytest/warnings.py", line 121, in pytest_collection
INTERNALERROR>     return (yield)
INTERNALERROR>             ^^^^^
INTERNALERROR>   File "/Users/mssc/Documents/Code/ops/platform/poc/pyrca/.venv/lib/python3.12/site-packages/pluggy/_callers.py", line 139, in _multicall
INTERNALERROR>     teardown.throw(exception)
INTERNALERROR>   File "/Users/mssc/Documents/Code/ops/platform/poc/pyrca/.venv/lib/python3.12/site-packages/_pytest/config/__init__.py", line 1417, in pytest_collection
INTERNALERROR>     return (yield)
INTERNALERROR>             ^^^^^
INTERNALERROR>   File "/Users/mssc/Documents/Code/ops/platform/poc/pyrca/.venv/lib/python3.12/site-packages/pluggy/_callers.py", line 121, in _multicall
INTERNALERROR>     res = hook_impl.function(*args)
INTERNALERROR>           ^^^^^^^^^^^^^^^^^^^^^^^^^
INTERNALERROR>   File "/Users/mssc/Documents/Code/ops/platform/poc/pyrca/.venv/lib/python3.12/site-packages/_pytest/main.py", line 347, in pytest_collection
INTERNALERROR>     session.perform_collect()
INTERNALERROR>   File "/Users/mssc/Documents/Code/ops/platform/poc/pyrca/.venv/lib/python3.12/site-packages/_pytest/main.py", line 809, in perform_collect
INTERNALERROR>     self.items.extend(self.genitems(node))
INTERNALERROR>   File "/Users/mssc/Documents/Code/ops/platform/poc/pyrca/.venv/lib/python3.12/site-packages/_pytest/main.py", line 975, in genitems
INTERNALERROR>     yield from self.genitems(subnode)
INTERNALERROR>   File "/Users/mssc/Documents/Code/ops/platform/poc/pyrca/.venv/lib/python3.12/site-packages/_pytest/main.py", line 975, in genitems
INTERNALERROR>     yield from self.genitems(subnode)
INTERNALERROR>   File "/Users/mssc/Documents/Code/ops/platform/poc/pyrca/.venv/lib/python3.12/site-packages/_pytest/main.py", line 975, in genitems
INTERNALERROR>     yield from self.genitems(subnode)
INTERNALERROR>   [Previous line repeated 4 more times]
INTERNALERROR>   File "/Users/mssc/Documents/Code/ops/platform/poc/pyrca/.venv/lib/python3.12/site-packages/_pytest/main.py", line 970, in genitems
INTERNALERROR>     rep, duplicate = self._collect_one_node(node, handle_dupes)
INTERNALERROR>                      ^^^^^^^^^^^^^^^^^^^^^^^^^^^^^^^^^^^^^^^^^^
INTERNALERROR>   File "/Users/mssc/Documents/Code/ops/platform/poc/pyrca/.venv/lib/python3.12/site-packages/_pytest/main.py", line 835, in _collect_one_node
INTERNALERROR>     rep = collect_one_node(node)
INTERNALERROR>           ^^^^^^^^^^^^^^^^^^^^^^
INTERNALERROR>   File "/Users/mssc/Documents/Code/ops/platform/poc/pyrca/.venv/lib/python3.12/site-packages/_pytest/runner.py", line 567, in collect_one_node
INTERNALERROR>     rep: CollectReport = ihook.pytest_make_collect_report(collector=collector)
INTERNALERROR>                          ^^^^^^^^^^^^^^^^^^^^^^^^^^^^^^^^^^^^^^^^^^^^^^^^^^^^^
INTERNALERROR>   File "/Users/mssc/Documents/Code/ops/platform/poc/pyrca/.venv/lib/python3.12/site-packages/pluggy/_hooks.py", line 512, in __call__
INTERNALERROR>     return self._hookexec(self.name, self._hookimpls.copy(), kwargs, firstresult)
INTERNALERROR>            ^^^^^^^^^^^^^^^^^^^^^^^^^^^^^^^^^^^^^^^^^^^^^^^^^^^^^^^^^^^^^^^^^^^^^^
INTERNALERROR>   File "/Users/mssc/Documents/Code/ops/platform/poc/pyrca/.venv/lib/python3.12/site-packages/pluggy/_manager.py", line 120, in _hookexec
INTERNALERROR>     return self._inner_hookexec(hook_name, methods, kwargs, firstresult)
INTERNALERROR>            ^^^^^^^^^^^^^^^^^^^^^^^^^^^^^^^^^^^^^^^^^^^^^^^^^^^^^^^^^^^^^
INTERNALERROR>   File "/Users/mssc/Documents/Code/ops/platform/poc/pyrca/.venv/lib/python3.12/site-packages/pluggy/_callers.py", line 167, in _multicall
INTERNALERROR>     raise exception
INTERNALERROR>   File "/Users/mssc/Documents/Code/ops/platform/poc/pyrca/.venv/lib/python3.12/site-packages/pluggy/_callers.py", line 139, in _multicall
INTERNALERROR>     teardown.throw(exception)
INTERNALERROR>   File "/Users/mssc/Documents/Code/ops/platform/poc/pyrca/.venv/lib/python3.12/site-packages/_pytest/capture.py", line 878, in pytest_make_collect_report
INTERNALERROR>     rep = yield
INTERNALERROR>           ^^^^^
INTERNALERROR>   File "/Users/mssc/Documents/Code/ops/platform/poc/pyrca/.venv/lib/python3.12/site-packages/pluggy/_callers.py", line 121, in _multicall
INTERNALERROR>     res = hook_impl.function(*args)
INTERNALERROR>           ^^^^^^^^^^^^^^^^^^^^^^^^^
INTERNALERROR>   File "/Users/mssc/Documents/Code/ops/platform/poc/pyrca/.venv/lib/python3.12/site-packages/_pytest/runner.py", line 391, in pytest_make_collect_report
INTERNALERROR>     call = CallInfo.from_call(
INTERNALERROR>            ^^^^^^^^^^^^^^^^^^^
INTERNALERROR>   File "/Users/mssc/Documents/Code/ops/platform/poc/pyrca/.venv/lib/python3.12/site-packages/_pytest/runner.py", line 341, in from_call
INTERNALERROR>     result: TResult | None = func()
INTERNALERROR>                              ^^^^^^
INTERNALERROR>   File "/Users/mssc/Documents/Code/ops/platform/poc/pyrca/.venv/lib/python3.12/site-packages/_pytest/runner.py", line 389, in collect
INTERNALERROR>     return list(collector.collect())
INTERNALERROR>                 ^^^^^^^^^^^^^^^^^^^
INTERNALERROR>   File "/Users/mssc/Documents/Code/ops/platform/poc/pyrca/.venv/lib/python3.12/site-packages/_pytest/python.py", line 549, in collect
INTERNALERROR>     self._register_setup_module_fixture()
INTERNALERROR>   File "/Users/mssc/Documents/Code/ops/platform/poc/pyrca/.venv/lib/python3.12/site-packages/_pytest/python.py", line 562, in _register_setup_module_fixture
INTERNALERROR>     self.obj, ("setUpModule", "setup_module")
INTERNALERROR>     ^^^^^^^^
INTERNALERROR>   File "/Users/mssc/Documents/Code/ops/platform/poc/pyrca/.venv/lib/python3.12/site-packages/_pytest/python.py", line 284, in objmainloop: caught unexpected SystemExit!

INTERNALERROR>     self._obj = obj = self._getobj()
INTERNALERROR>                       ^^^^^^^^^^^^^^
INTERNALERROR>   File "/Users/mssc/Documents/Code/ops/platform/poc/pyrca/.venv/lib/python3.12/site-packages/_pytest/python.py", line 546, in _getobj
INTERNALERROR>     return importtestmodule(self.path, self.config)
INTERNALERROR>            ^^^^^^^^^^^^^^^^^^^^^^^^^^^^^^^^^^^^^^^^
INTERNALERROR>   File "/Users/mssc/Documents/Code/ops/platform/poc/pyrca/.venv/lib/python3.12/site-packages/_pytest/python.py", line 493, in importtestmodule
INTERNALERROR>     mod = import_path(
INTERNALERROR>           ^^^^^^^^^^^^
INTERNALERROR>   File "/Users/mssc/Documents/Code/ops/platform/poc/pyrca/.venv/lib/python3.12/site-packages/_pytest/pathlib.py", line 587, in import_path
INTERNALERROR>     importlib.import_module(module_name)
INTERNALERROR>   File "/Users/mssc/.local/share/uv/python/cpython-3.12.13-macos-aarch64-none/lib/python3.12/importlib/__init__.py", line 90, in import_module
INTERNALERROR>     return _bootstrap._gcd_import(name[level:], package, level)
INTERNALERROR>            ^^^^^^^^^^^^^^^^^^^^^^^^^^^^^^^^^^^^^^^^^^^^^^^^^^^^
INTERNALERROR>   File "<frozen importlib._bootstrap>", line 1387, in _gcd_import
INTERNALERROR>   File "<frozen importlib._bootstrap>", line 1360, in _find_and_load
INTERNALERROR>   File "<frozen importlib._bootstrap>", line 1331, in _find_and_load_unlocked
INTERNALERROR>   File "<frozen importlib._bootstrap>", line 935, in _load_unlocked
INTERNALERROR>   File "/Users/mssc/Documents/Code/ops/platform/poc/pyrca/.venv/lib/python3.12/site-packages/_pytest/assertion/rewrite.py", line 185, in exec_module
INTERNALERROR>     exec(co, module.__dict__)
INTERNALERROR>   File "/Users/mssc/Documents/Code/ops/platform/artifacts/task27-materials/go-sources/seaweedfs/seaweedfs-c5073360007d28385a33426a42ac3e4ec504c5a3/postgres-examples/test_client.py", line 26, in <module>
INTERNALERROR>     sys.exit(1)
INTERNALERROR> SystemExit: 1

no tests ran in 1.27s
