=== RUN   TestRealOpenBaoTransitAndSeaweedS3AuditArchive
2026/10/03 07:55:22 OK   00001_roles_and_schemas.sql (13.69ms)
2026/10/03 07:55:22 goose: successfully migrated database to version: 1
2026/10/03 07:55:22 OK   00002_platform_meta.sql (17.3ms)
2026/10/03 07:55:22 OK   00003_finding.sql (9.34ms)
2026/10/03 07:55:22 OK   00004_incident.sql (7.26ms)
2026/10/03 07:55:22 OK   00005_investigation.sql (8.2ms)
2026/10/03 07:55:22 OK   00006_action_command.sql (7.27ms)
2026/10/03 07:55:22 OK   00007_audit.sql (9.88ms)
2026/10/03 07:55:22 OK   00008_rls.sql (8.44ms)
2026/10/03 07:55:22 OK   00009_idempotency_ledger.sql (8.88ms)
2026/10/03 07:55:22 OK   00010_tenant_provisioning.sql (4.33ms)
2026/10/03 07:55:22 OK   00011_source_registration_history.sql (8.47ms)
2026/10/03 07:55:22 OK   00012_config_registry_lifecycle.sql (11.29ms)
2026/10/03 07:55:22 OK   00013_audit_signed_segments.sql (13.09ms)
2026/10/03 07:55:22 OK   00014_audit_segment_predecessors.sql (5.63ms)
2026/10/03 07:55:22 OK   00015_source_schema_scope.sql (3.1ms)
2026/10/03 07:55:22 OK   00016_cluster_registration_metadata.sql (6.91ms)
2026/10/03 07:55:22 OK   00017_source_data_scope.sql (5.41ms)
2026/10/03 07:55:22 OK   00018_sp04_resources_evidence.sql (10.59ms)
2026/10/03 07:55:22 OK   00019_sp04_archive_ciphertext_bytes.sql (2.04ms)
2026/10/03 07:55:22 OK   00020_sp04_request_ledger.sql (5.4ms)
2026/10/03 07:55:22 OK   00021_sp04_archive_protection.sql (3.5ms)
2026/10/03 07:55:22 OK   00022_sp04_legal_hold_dependencies.sql (2.74ms)
2026/10/03 07:55:22 OK   00023_sp04_archive_query_intent.sql (3.74ms)
2026/10/03 07:55:22 OK   00024_sp05_finding_incident.sql (15.45ms)
2026/10/03 07:55:22 OK   00025_sp05_incident_event_time.sql (3.2ms)
2026/10/03 07:55:22 OK   00026_sp05_source_binding_lock.sql (2.66ms)
2026/10/03 07:55:22 OK   00027_sp05_rca_and_poll.sql (10.88ms)
2026/10/03 07:55:22 OK   00028_sp05_operator_lock.sql (4.38ms)
2026/10/03 07:55:22 OK   00029_sp05_evidence_links.sql (10.77ms)
2026/10/03 07:55:22 OK   00030_sp05_recipe_fence.sql (2.87ms)
2026/10/03 07:55:22 OK   00031_sp05_rca_postcheck.sql (2.27ms)
2026/10/03 07:55:22 OK   00032_sp05_transport_audit.sql (3.05ms)
2026/10/03 07:55:22 OK   00033_sp05_poll_resolution_clock.sql (4.31ms)
2026/10/03 07:55:22 goose: successfully migrated database to version: 33
    archive_services_test.go:182: isolated S3 bucket=sp03-a1a0b6ec object=ebf1a546-743a-4c1d-98e6-e5a9210126b5 digest=sha256:29e16a3c7cd8a747ca75df38a1eeb48a2e1ac0ca49630508c723320b21457c70; audit tenant=71b0922b-5924-4133-94b6-4eb720c38924 segment=01a0ff0b-41c6-7612-9e09-c332bc4d25b0 seq=1 verified
--- PASS: TestRealOpenBaoTransitAndSeaweedS3AuditArchive (0.79s)
=== RUN   TestSP05ActualOrbStackInspectionAPIWorkerArchiveAndRestart
2026/10/03 07:55:23 OK   00001_roles_and_schemas.sql (11.36ms)
2026/10/03 07:55:23 goose: successfully migrated database to version: 1
2026/10/03 07:55:23 OK   00002_platform_meta.sql (19.42ms)
2026/10/03 07:55:23 OK   00003_finding.sql (10.5ms)
2026/10/03 07:55:23 OK   00004_incident.sql (8.41ms)
2026/10/03 07:55:23 OK   00005_investigation.sql (8ms)
2026/10/03 07:55:23 OK   00006_action_command.sql (8.43ms)
2026/10/03 07:55:23 OK   00007_audit.sql (9.82ms)
2026/10/03 07:55:23 OK   00008_rls.sql (11.01ms)
2026/10/03 07:55:23 OK   00009_idempotency_ledger.sql (6.46ms)
2026/10/03 07:55:23 OK   00010_tenant_provisioning.sql (6.76ms)
2026/10/03 07:55:23 OK   00011_source_registration_history.sql (10.62ms)
2026/10/03 07:55:23 OK   00012_config_registry_lifecycle.sql (14.26ms)
2026/10/03 07:55:23 OK   00013_audit_signed_segments.sql (14.87ms)
2026/10/03 07:55:23 OK   00014_audit_segment_predecessors.sql (4.11ms)
2026/10/03 07:55:23 OK   00015_source_schema_scope.sql (4.1ms)
2026/10/03 07:55:23 OK   00016_cluster_registration_metadata.sql (11.12ms)
2026/10/03 07:55:23 OK   00017_source_data_scope.sql (3.63ms)
2026/10/03 07:55:23 OK   00018_sp04_resources_evidence.sql (12.17ms)
2026/10/03 07:55:23 OK   00019_sp04_archive_ciphertext_bytes.sql (2.85ms)
2026/10/03 07:55:23 OK   00020_sp04_request_ledger.sql (7.33ms)
2026/10/03 07:55:23 OK   00021_sp04_archive_protection.sql (3.49ms)
2026/10/03 07:55:23 OK   00022_sp04_legal_hold_dependencies.sql (3.61ms)
2026/10/03 07:55:23 OK   00023_sp04_archive_query_intent.sql (5.75ms)
2026/10/03 07:55:23 OK   00024_sp05_finding_incident.sql (28.15ms)
2026/10/03 07:55:23 OK   00025_sp05_incident_event_time.sql (3.43ms)
2026/10/03 07:55:23 OK   00026_sp05_source_binding_lock.sql (3.72ms)
2026/10/03 07:55:23 OK   00027_sp05_rca_and_poll.sql (9.08ms)
2026/10/03 07:55:23 OK   00028_sp05_operator_lock.sql (3.57ms)
2026/10/03 07:55:23 OK   00029_sp05_evidence_links.sql (8.12ms)
2026/10/03 07:55:23 OK   00030_sp05_recipe_fence.sql (3.23ms)
2026/10/03 07:55:23 OK   00031_sp05_rca_postcheck.sql (2.83ms)
2026/10/03 07:55:23 OK   00032_sp05_transport_audit.sql (2.82ms)
2026/10/03 07:55:23 OK   00033_sp05_poll_resolution_clock.sql (3.48ms)
2026/10/03 07:55:23 goose: successfully migrated database to version: 33
    sp04_keycloak_fixture_test.go:39: initialize isolated Keycloak OIDC client: discover Keycloak issuer: 404 Not Found: {"error":"Realm does not exist"}
--- FAIL: TestSP05ActualOrbStackInspectionAPIWorkerArchiveAndRestart (1.74s)
FAIL
FAIL	ops-platform/test/integration	3.557s
FAIL
