=== RUN   TestSP05RCARegistryImmutableEvidenceAppendOnlyAndReplayRevocation
2026/10/02 19:26:09 OK   00001_roles_and_schemas.sql (6.42ms)
2026/10/02 19:26:09 goose: successfully migrated database to version: 1
2026/10/02 19:26:09 OK   00002_platform_meta.sql (26.93ms)
2026/10/02 19:26:09 OK   00003_finding.sql (6.4ms)
2026/10/02 19:26:09 OK   00004_incident.sql (4.45ms)
2026/10/02 19:26:09 OK   00005_investigation.sql (33.6ms)
2026/10/02 19:26:09 OK   00006_action_command.sql (10.22ms)
2026/10/02 19:26:09 OK   00007_audit.sql (15.1ms)
2026/10/02 19:26:09 OK   00008_rls.sql (14.15ms)
2026/10/02 19:26:09 OK   00009_idempotency_ledger.sql (11.27ms)
2026/10/02 19:26:09 OK   00010_tenant_provisioning.sql (6.12ms)
2026/10/02 19:26:09 OK   00011_source_registration_history.sql (9.44ms)
2026/10/02 19:26:09 OK   00012_config_registry_lifecycle.sql (18.2ms)
2026/10/02 19:26:09 OK   00013_audit_signed_segments.sql (14.73ms)
2026/10/02 19:26:09 OK   00014_audit_segment_predecessors.sql (8.95ms)
2026/10/02 19:26:09 OK   00015_source_schema_scope.sql (9.67ms)
2026/10/02 19:26:09 OK   00016_cluster_registration_metadata.sql (4.73ms)
2026/10/02 19:26:09 OK   00017_source_data_scope.sql (5.22ms)
2026/10/02 19:26:09 OK   00018_sp04_resources_evidence.sql (11.4ms)
2026/10/02 19:26:09 OK   00019_sp04_archive_ciphertext_bytes.sql (4.14ms)
2026/10/02 19:26:09 OK   00020_sp04_request_ledger.sql (6.47ms)
2026/10/02 19:26:09 OK   00021_sp04_archive_protection.sql (4.8ms)
2026/10/02 19:26:09 OK   00022_sp04_legal_hold_dependencies.sql (9.86ms)
2026/10/02 19:26:09 OK   00023_sp04_archive_query_intent.sql (4.97ms)
2026/10/02 19:26:09 OK   00024_sp05_finding_incident.sql (29.16ms)
2026/10/02 19:26:09 OK   00025_sp05_incident_event_time.sql (4.14ms)
2026/10/02 19:26:09 OK   00026_sp05_source_binding_lock.sql (6.68ms)
2026/10/02 19:26:09 OK   00027_sp05_rca_and_poll.sql (13.91ms)
2026/10/02 19:26:09 OK   00028_sp05_operator_lock.sql (5.08ms)
2026/10/02 19:26:09 OK   00029_sp05_evidence_links.sql (8.46ms)
2026/10/02 19:26:09 OK   00030_sp05_recipe_fence.sql (4.62ms)
2026/10/02 19:26:09 goose: successfully migrated database to version: 30
    sp05_rca_test.go:133: revoked source bypassed replay fence: <nil>
--- FAIL: TestSP05RCARegistryImmutableEvidenceAppendOnlyAndReplayRevocation (0.70s)
FAIL
FAIL	ops-platform/test/integration	1.740s
FAIL
