=== RUN   TestSP05RCARegistryImmutableEvidenceAppendOnlyAndReplayRevocation
2026/10/02 19:27:24 OK   00001_roles_and_schemas.sql (11.32ms)
2026/10/02 19:27:24 goose: successfully migrated database to version: 1
2026/10/02 19:27:25 OK   00002_platform_meta.sql (18.28ms)
2026/10/02 19:27:25 OK   00003_finding.sql (12.01ms)
2026/10/02 19:27:25 OK   00004_incident.sql (5.49ms)
2026/10/02 19:27:25 OK   00005_investigation.sql (8.69ms)
2026/10/02 19:27:25 OK   00006_action_command.sql (5.67ms)
2026/10/02 19:27:25 OK   00007_audit.sql (12.48ms)
2026/10/02 19:27:25 OK   00008_rls.sql (6.65ms)
2026/10/02 19:27:25 OK   00009_idempotency_ledger.sql (6.3ms)
2026/10/02 19:27:25 OK   00010_tenant_provisioning.sql (4.69ms)
2026/10/02 19:27:25 OK   00011_source_registration_history.sql (5.96ms)
2026/10/02 19:27:25 OK   00012_config_registry_lifecycle.sql (9.9ms)
2026/10/02 19:27:25 OK   00013_audit_signed_segments.sql (8.84ms)
2026/10/02 19:27:25 OK   00014_audit_segment_predecessors.sql (6.39ms)
2026/10/02 19:27:25 OK   00015_source_schema_scope.sql (3.73ms)
2026/10/02 19:27:25 OK   00016_cluster_registration_metadata.sql (10.43ms)
2026/10/02 19:27:25 OK   00017_source_data_scope.sql (4.58ms)
2026/10/02 19:27:25 OK   00018_sp04_resources_evidence.sql (10.82ms)
2026/10/02 19:27:25 OK   00019_sp04_archive_ciphertext_bytes.sql (3.3ms)
2026/10/02 19:27:25 OK   00020_sp04_request_ledger.sql (4.91ms)
2026/10/02 19:27:25 OK   00021_sp04_archive_protection.sql (8.81ms)
2026/10/02 19:27:25 OK   00022_sp04_legal_hold_dependencies.sql (2.88ms)
2026/10/02 19:27:25 OK   00023_sp04_archive_query_intent.sql (2.19ms)
2026/10/02 19:27:25 OK   00024_sp05_finding_incident.sql (13.51ms)
2026/10/02 19:27:25 OK   00025_sp05_incident_event_time.sql (4.41ms)
2026/10/02 19:27:25 OK   00026_sp05_source_binding_lock.sql (7.87ms)
2026/10/02 19:27:25 OK   00027_sp05_rca_and_poll.sql (6.77ms)
2026/10/02 19:27:25 OK   00028_sp05_operator_lock.sql (3.44ms)
2026/10/02 19:27:25 OK   00029_sp05_evidence_links.sql (4.9ms)
2026/10/02 19:27:25 OK   00030_sp05_recipe_fence.sql (2.86ms)
2026/10/02 19:27:25 goose: successfully migrated database to version: 30
--- PASS: TestSP05RCARegistryImmutableEvidenceAppendOnlyAndReplayRevocation (0.78s)
PASS
ok  	ops-platform/test/integration	1.786s
