=== RUN   TestConfirmedCommitRequiresActualArchiveAndGraph
--- PASS: TestConfirmedCommitRequiresActualArchiveAndGraph (0.00s)
PASS
ok  	ops-platform/internal/rca	0.775s
=== RUN   TestSP05RCARegistryImmutableEvidenceAppendOnlyAndReplayRevocation
2026/10/03 07:45:13 OK   00001_roles_and_schemas.sql (15.18ms)
2026/10/03 07:45:13 goose: successfully migrated database to version: 1
2026/10/03 07:45:13 OK   00002_platform_meta.sql (15.86ms)
2026/10/03 07:45:13 OK   00003_finding.sql (7.71ms)
2026/10/03 07:45:13 OK   00004_incident.sql (6.51ms)
2026/10/03 07:45:13 OK   00005_investigation.sql (6.64ms)
2026/10/03 07:45:13 OK   00006_action_command.sql (6.54ms)
2026/10/03 07:45:13 OK   00007_audit.sql (8.7ms)
2026/10/03 07:45:13 OK   00008_rls.sql (8.7ms)
2026/10/03 07:45:13 OK   00009_idempotency_ledger.sql (7.16ms)
2026/10/03 07:45:13 OK   00010_tenant_provisioning.sql (4.41ms)
2026/10/03 07:45:13 OK   00011_source_registration_history.sql (6.71ms)
2026/10/03 07:45:13 OK   00012_config_registry_lifecycle.sql (9ms)
2026/10/03 07:45:13 OK   00013_audit_signed_segments.sql (10.21ms)
2026/10/03 07:45:13 OK   00014_audit_segment_predecessors.sql (5.99ms)
2026/10/03 07:45:13 OK   00015_source_schema_scope.sql (3.22ms)
2026/10/03 07:45:13 OK   00016_cluster_registration_metadata.sql (4.09ms)
2026/10/03 07:45:13 OK   00017_source_data_scope.sql (3.05ms)
2026/10/03 07:45:13 OK   00018_sp04_resources_evidence.sql (10.82ms)
2026/10/03 07:45:13 OK   00019_sp04_archive_ciphertext_bytes.sql (3.75ms)
2026/10/03 07:45:13 OK   00020_sp04_request_ledger.sql (5.63ms)
2026/10/03 07:45:13 OK   00021_sp04_archive_protection.sql (3.04ms)
2026/10/03 07:45:13 OK   00022_sp04_legal_hold_dependencies.sql (3.24ms)
2026/10/03 07:45:13 OK   00023_sp04_archive_query_intent.sql (4.03ms)
2026/10/03 07:45:13 OK   00024_sp05_finding_incident.sql (13.82ms)
2026/10/03 07:45:13 OK   00025_sp05_incident_event_time.sql (3.38ms)
2026/10/03 07:45:13 OK   00026_sp05_source_binding_lock.sql (4.19ms)
2026/10/03 07:45:13 OK   00027_sp05_rca_and_poll.sql (7.26ms)
2026/10/03 07:45:13 OK   00028_sp05_operator_lock.sql (4.02ms)
2026/10/03 07:45:13 OK   00029_sp05_evidence_links.sql (6.13ms)
2026/10/03 07:45:13 OK   00030_sp05_recipe_fence.sql (3.87ms)
2026/10/03 07:45:13 OK   00031_sp05_rca_postcheck.sql (3.73ms)
2026/10/03 07:45:13 OK   00032_sp05_transport_audit.sql (3.25ms)
2026/10/03 07:45:13 OK   00033_sp05_poll_resolution_clock.sql (3.67ms)
2026/10/03 07:45:13 goose: successfully migrated database to version: 33
--- PASS: TestSP05RCARegistryImmutableEvidenceAppendOnlyAndReplayRevocation (0.63s)
PASS
ok  	ops-platform/test/integration	1.529s
