=== RUN   TestSP05ResourceNamespaceCannotBeClaimedAsClusterScoped
2026/10/02 22:20:27 OK   00001_roles_and_schemas.sql (18.73ms)
2026/10/02 22:20:27 goose: successfully migrated database to version: 1
2026/10/02 22:20:27 OK   00002_platform_meta.sql (20.32ms)
2026/10/02 22:20:27 OK   00003_finding.sql (7.44ms)
2026/10/02 22:20:27 OK   00004_incident.sql (6.05ms)
2026/10/02 22:20:27 OK   00005_investigation.sql (5.9ms)
2026/10/02 22:20:27 OK   00006_action_command.sql (5.08ms)
2026/10/02 22:20:27 OK   00007_audit.sql (8.14ms)
2026/10/02 22:20:27 OK   00008_rls.sql (7.91ms)
2026/10/02 22:20:27 OK   00009_idempotency_ledger.sql (6ms)
2026/10/02 22:20:27 OK   00010_tenant_provisioning.sql (3.79ms)
2026/10/02 22:20:27 OK   00011_source_registration_history.sql (5.1ms)
2026/10/02 22:20:27 OK   00012_config_registry_lifecycle.sql (7.45ms)
2026/10/02 22:20:27 OK   00013_audit_signed_segments.sql (9.49ms)
2026/10/02 22:20:27 OK   00014_audit_segment_predecessors.sql (4.74ms)
2026/10/02 22:20:27 OK   00015_source_schema_scope.sql (2.54ms)
2026/10/02 22:20:27 OK   00016_cluster_registration_metadata.sql (3.34ms)
2026/10/02 22:20:27 OK   00017_source_data_scope.sql (2.97ms)
2026/10/02 22:20:27 OK   00018_sp04_resources_evidence.sql (12.87ms)
2026/10/02 22:20:27 OK   00019_sp04_archive_ciphertext_bytes.sql (4.36ms)
2026/10/02 22:20:27 OK   00020_sp04_request_ledger.sql (5.03ms)
2026/10/02 22:20:27 OK   00021_sp04_archive_protection.sql (3.09ms)
2026/10/02 22:20:27 OK   00022_sp04_legal_hold_dependencies.sql (3.57ms)
2026/10/02 22:20:27 OK   00023_sp04_archive_query_intent.sql (3.71ms)
2026/10/02 22:20:27 OK   00024_sp05_finding_incident.sql (15.72ms)
2026/10/02 22:20:27 OK   00025_sp05_incident_event_time.sql (3.84ms)
2026/10/02 22:20:27 OK   00026_sp05_source_binding_lock.sql (4.28ms)
2026/10/02 22:20:27 OK   00027_sp05_rca_and_poll.sql (7.12ms)
2026/10/02 22:20:27 OK   00028_sp05_operator_lock.sql (3.29ms)
2026/10/02 22:20:27 OK   00029_sp05_evidence_links.sql (5.65ms)
2026/10/02 22:20:27 OK   00030_sp05_recipe_fence.sql (4.2ms)
2026/10/02 22:20:27 OK   00031_sp05_rca_postcheck.sql (3.24ms)
2026/10/02 22:20:27 OK   00032_sp05_transport_audit.sql (2.77ms)
2026/10/02 22:20:27 goose: successfully migrated database to version: 32
    sp05_namespace_test.go:18: claimed cluster namespace accepted: <nil>
--- FAIL: TestSP05ResourceNamespaceCannotBeClaimedAsClusterScoped (0.41s)
FAIL
FAIL	ops-platform/test/integration	1.472s
FAIL
