=== RUN   TestOccurrenceReducerTerminalOrdering
=== RUN   TestOccurrenceReducerTerminalOrdering/first
=== RUN   TestOccurrenceReducerTerminalOrdering/resolved-first
=== RUN   TestOccurrenceReducerTerminalOrdering/resolve
=== RUN   TestOccurrenceReducerTerminalOrdering/late-firing
=== RUN   TestOccurrenceReducerTerminalOrdering/higher-sequence-cannot-revive
=== RUN   TestOccurrenceReducerTerminalOrdering/old-update
--- PASS: TestOccurrenceReducerTerminalOrdering (0.00s)
    --- PASS: TestOccurrenceReducerTerminalOrdering/first (0.00s)
    --- PASS: TestOccurrenceReducerTerminalOrdering/resolved-first (0.00s)
    --- PASS: TestOccurrenceReducerTerminalOrdering/resolve (0.00s)
    --- PASS: TestOccurrenceReducerTerminalOrdering/late-firing (0.00s)
    --- PASS: TestOccurrenceReducerTerminalOrdering/higher-sequence-cannot-revive (0.00s)
    --- PASS: TestOccurrenceReducerTerminalOrdering/old-update (0.00s)
=== RUN   TestFingerprintAndSemanticDigest
--- PASS: TestFingerprintAndSemanticDigest (0.00s)
=== RUN   TestSemanticDigestCanonicalizesEquivalentEventClockOffsets
--- PASS: TestSemanticDigestCanonicalizesEquivalentEventClockOffsets (0.00s)
PASS
ok  	ops-platform/internal/finding	0.631s
=== RUN   TestSP05APIListFiltersAndAllLinkedNamespaceAuthorization
2026/10/02 22:21:32 OK   00001_roles_and_schemas.sql (17.05ms)
2026/10/02 22:21:32 goose: successfully migrated database to version: 1
2026/10/02 22:21:32 OK   00002_platform_meta.sql (16.75ms)
2026/10/02 22:21:32 OK   00003_finding.sql (6.49ms)
2026/10/02 22:21:32 OK   00004_incident.sql (4.74ms)
2026/10/02 22:21:32 OK   00005_investigation.sql (5.89ms)
2026/10/02 22:21:32 OK   00006_action_command.sql (4.97ms)
2026/10/02 22:21:32 OK   00007_audit.sql (7.96ms)
2026/10/02 22:21:32 OK   00008_rls.sql (7.49ms)
2026/10/02 22:21:32 OK   00009_idempotency_ledger.sql (5.75ms)
2026/10/02 22:21:32 OK   00010_tenant_provisioning.sql (3.87ms)
2026/10/02 22:21:32 OK   00011_source_registration_history.sql (5.37ms)
2026/10/02 22:21:32 OK   00012_config_registry_lifecycle.sql (8.36ms)
2026/10/02 22:21:32 OK   00013_audit_signed_segments.sql (15.98ms)
2026/10/02 22:21:32 OK   00014_audit_segment_predecessors.sql (9.3ms)
2026/10/02 22:21:32 OK   00015_source_schema_scope.sql (3.74ms)
2026/10/02 22:21:32 OK   00016_cluster_registration_metadata.sql (5ms)
2026/10/02 22:21:32 OK   00017_source_data_scope.sql (4.31ms)
2026/10/02 22:21:32 OK   00018_sp04_resources_evidence.sql (10.61ms)
2026/10/02 22:21:32 OK   00019_sp04_archive_ciphertext_bytes.sql (2.52ms)
2026/10/02 22:21:32 OK   00020_sp04_request_ledger.sql (4.43ms)
2026/10/02 22:21:32 OK   00021_sp04_archive_protection.sql (2.71ms)
2026/10/02 22:21:32 OK   00022_sp04_legal_hold_dependencies.sql (2.32ms)
2026/10/02 22:21:32 OK   00023_sp04_archive_query_intent.sql (2.15ms)
2026/10/02 22:21:32 OK   00024_sp05_finding_incident.sql (13.69ms)
2026/10/02 22:21:32 OK   00025_sp05_incident_event_time.sql (2.63ms)
2026/10/02 22:21:32 OK   00026_sp05_source_binding_lock.sql (3.03ms)
2026/10/02 22:21:32 OK   00027_sp05_rca_and_poll.sql (6.04ms)
2026/10/02 22:21:32 OK   00028_sp05_operator_lock.sql (2.81ms)
2026/10/02 22:21:32 OK   00029_sp05_evidence_links.sql (5.51ms)
2026/10/02 22:21:32 OK   00030_sp05_recipe_fence.sql (2.96ms)
2026/10/02 22:21:32 OK   00031_sp05_rca_postcheck.sql (2.88ms)
2026/10/02 22:21:32 OK   00032_sp05_transport_audit.sql (3.07ms)
2026/10/02 22:21:32 goose: successfully migrated database to version: 32
--- PASS: TestSP05APIListFiltersAndAllLinkedNamespaceAuthorization (0.44s)
=== RUN   TestSP05FindingAtomicConcurrentTransportAndRecovery
2026/10/02 22:21:32 OK   00001_roles_and_schemas.sql (5.22ms)
2026/10/02 22:21:32 goose: successfully migrated database to version: 1
2026/10/02 22:21:32 OK   00002_platform_meta.sql (10.43ms)
2026/10/02 22:21:32 OK   00003_finding.sql (4.36ms)
2026/10/02 22:21:32 OK   00004_incident.sql (2.94ms)
2026/10/02 22:21:32 OK   00005_investigation.sql (3.58ms)
2026/10/02 22:21:32 OK   00006_action_command.sql (3.36ms)
2026/10/02 22:21:32 OK   00007_audit.sql (6.22ms)
2026/10/02 22:21:32 OK   00008_rls.sql (6.05ms)
2026/10/02 22:21:32 OK   00009_idempotency_ledger.sql (4.77ms)
2026/10/02 22:21:32 OK   00010_tenant_provisioning.sql (2.69ms)
2026/10/02 22:21:32 OK   00011_source_registration_history.sql (8.16ms)
2026/10/02 22:21:32 OK   00012_config_registry_lifecycle.sql (19.13ms)
2026/10/02 22:21:32 OK   00013_audit_signed_segments.sql (7.07ms)
2026/10/02 22:21:32 OK   00014_audit_segment_predecessors.sql (3.35ms)
2026/10/02 22:21:32 OK   00015_source_schema_scope.sql (1.91ms)
2026/10/02 22:21:32 OK   00016_cluster_registration_metadata.sql (2.5ms)
2026/10/02 22:21:32 OK   00017_source_data_scope.sql (1.84ms)
2026/10/02 22:21:32 OK   00018_sp04_resources_evidence.sql (8.35ms)
2026/10/02 22:21:32 OK   00019_sp04_archive_ciphertext_bytes.sql (1.48ms)
2026/10/02 22:21:32 OK   00020_sp04_request_ledger.sql (2.37ms)
2026/10/02 22:21:32 OK   00021_sp04_archive_protection.sql (1.62ms)
2026/10/02 22:21:32 OK   00022_sp04_legal_hold_dependencies.sql (1.49ms)
2026/10/02 22:21:32 OK   00023_sp04_archive_query_intent.sql (1.38ms)
2026/10/02 22:21:32 OK   00024_sp05_finding_incident.sql (9.74ms)
2026/10/02 22:21:32 OK   00025_sp05_incident_event_time.sql (1.49ms)
2026/10/02 22:21:32 OK   00026_sp05_source_binding_lock.sql (1.79ms)
2026/10/02 22:21:32 OK   00027_sp05_rca_and_poll.sql (4.15ms)
2026/10/02 22:21:32 OK   00028_sp05_operator_lock.sql (1.65ms)
2026/10/02 22:21:32 OK   00029_sp05_evidence_links.sql (3.01ms)
2026/10/02 22:21:32 OK   00030_sp05_recipe_fence.sql (1.54ms)
2026/10/02 22:21:32 OK   00031_sp05_rca_postcheck.sql (1.34ms)
2026/10/02 22:21:32 OK   00032_sp05_transport_audit.sql (1.64ms)
2026/10/02 22:21:32 goose: successfully migrated database to version: 32
--- PASS: TestSP05FindingAtomicConcurrentTransportAndRecovery (0.31s)
=== RUN   TestSP05ResourceNamespaceCannotBeClaimedAsClusterScoped
2026/10/02 22:21:32 OK   00001_roles_and_schemas.sql (6.47ms)
2026/10/02 22:21:32 goose: successfully migrated database to version: 1
2026/10/02 22:21:32 OK   00002_platform_meta.sql (13.56ms)
2026/10/02 22:21:32 OK   00003_finding.sql (5.57ms)
2026/10/02 22:21:32 OK   00004_incident.sql (3.77ms)
2026/10/02 22:21:32 OK   00005_investigation.sql (4.05ms)
2026/10/02 22:21:32 OK   00006_action_command.sql (3.72ms)
2026/10/02 22:21:32 OK   00007_audit.sql (6.25ms)
2026/10/02 22:21:32 OK   00008_rls.sql (5.96ms)
2026/10/02 22:21:32 OK   00009_idempotency_ledger.sql (6.27ms)
2026/10/02 22:21:32 OK   00010_tenant_provisioning.sql (5.66ms)
2026/10/02 22:21:32 OK   00011_source_registration_history.sql (10.05ms)
2026/10/02 22:21:32 OK   00012_config_registry_lifecycle.sql (14.15ms)
2026/10/02 22:21:32 OK   00013_audit_signed_segments.sql (20.05ms)
2026/10/02 22:21:32 OK   00014_audit_segment_predecessors.sql (9.81ms)
2026/10/02 22:21:32 OK   00015_source_schema_scope.sql (1.93ms)
2026/10/02 22:21:32 OK   00016_cluster_registration_metadata.sql (2.82ms)
2026/10/02 22:21:32 OK   00017_source_data_scope.sql (2.14ms)
2026/10/02 22:21:32 OK   00018_sp04_resources_evidence.sql (8.7ms)
2026/10/02 22:21:32 OK   00019_sp04_archive_ciphertext_bytes.sql (1.45ms)
2026/10/02 22:21:32 OK   00020_sp04_request_ledger.sql (2.65ms)
2026/10/02 22:21:32 OK   00021_sp04_archive_protection.sql (1.87ms)
2026/10/02 22:21:32 OK   00022_sp04_legal_hold_dependencies.sql (1.61ms)
2026/10/02 22:21:32 OK   00023_sp04_archive_query_intent.sql (1.5ms)
2026/10/02 22:21:32 OK   00024_sp05_finding_incident.sql (21.29ms)
2026/10/02 22:21:32 OK   00025_sp05_incident_event_time.sql (4.04ms)
2026/10/02 22:21:32 OK   00026_sp05_source_binding_lock.sql (2.93ms)
2026/10/02 22:21:32 OK   00027_sp05_rca_and_poll.sql (5.03ms)
2026/10/02 22:21:32 OK   00028_sp05_operator_lock.sql (1.96ms)
2026/10/02 22:21:32 OK   00029_sp05_evidence_links.sql (3.54ms)
2026/10/02 22:21:32 OK   00030_sp05_recipe_fence.sql (1.96ms)
2026/10/02 22:21:32 OK   00031_sp05_rca_postcheck.sql (1.45ms)
2026/10/02 22:21:32 OK   00032_sp05_transport_audit.sql (1.91ms)
2026/10/02 22:21:32 goose: successfully migrated database to version: 32
--- PASS: TestSP05ResourceNamespaceCannotBeClaimedAsClusterScoped (0.27s)
=== RUN   TestSP05EqualSequenceConflictAndTransportAliasAreAudited
2026/10/02 22:21:32 OK   00001_roles_and_schemas.sql (6.58ms)
2026/10/02 22:21:32 goose: successfully migrated database to version: 1
2026/10/02 22:21:33 OK   00002_platform_meta.sql (11.79ms)
2026/10/02 22:21:33 OK   00003_finding.sql (4.92ms)
2026/10/02 22:21:33 OK   00004_incident.sql (4.09ms)
2026/10/02 22:21:33 OK   00005_investigation.sql (4.4ms)
2026/10/02 22:21:33 OK   00006_action_command.sql (3.58ms)
2026/10/02 22:21:33 OK   00007_audit.sql (6.53ms)
2026/10/02 22:21:33 OK   00008_rls.sql (5.66ms)
2026/10/02 22:21:33 OK   00009_idempotency_ledger.sql (4.25ms)
2026/10/02 22:21:33 OK   00010_tenant_provisioning.sql (2.9ms)
2026/10/02 22:21:33 OK   00011_source_registration_history.sql (4.03ms)
2026/10/02 22:21:33 OK   00012_config_registry_lifecycle.sql (6.18ms)
2026/10/02 22:21:33 OK   00013_audit_signed_segments.sql (6.94ms)
2026/10/02 22:21:33 OK   00014_audit_segment_predecessors.sql (3.13ms)
2026/10/02 22:21:33 OK   00015_source_schema_scope.sql (1.61ms)
2026/10/02 22:21:33 OK   00016_cluster_registration_metadata.sql (2.4ms)
2026/10/02 22:21:33 OK   00017_source_data_scope.sql (1.91ms)
2026/10/02 22:21:33 OK   00018_sp04_resources_evidence.sql (8.19ms)
2026/10/02 22:21:33 OK   00019_sp04_archive_ciphertext_bytes.sql (1.6ms)
2026/10/02 22:21:33 OK   00020_sp04_request_ledger.sql (2.73ms)
2026/10/02 22:21:33 OK   00021_sp04_archive_protection.sql (1.54ms)
2026/10/02 22:21:33 OK   00022_sp04_legal_hold_dependencies.sql (1.45ms)
2026/10/02 22:21:33 OK   00023_sp04_archive_query_intent.sql (1.49ms)
2026/10/02 22:21:33 OK   00024_sp05_finding_incident.sql (10.68ms)
2026/10/02 22:21:33 OK   00025_sp05_incident_event_time.sql (1.69ms)
2026/10/02 22:21:33 OK   00026_sp05_source_binding_lock.sql (1.98ms)
2026/10/02 22:21:33 OK   00027_sp05_rca_and_poll.sql (4.64ms)
2026/10/02 22:21:33 OK   00028_sp05_operator_lock.sql (1.91ms)
2026/10/02 22:21:33 OK   00029_sp05_evidence_links.sql (3.96ms)
2026/10/02 22:21:33 OK   00030_sp05_recipe_fence.sql (1.65ms)
2026/10/02 22:21:33 OK   00031_sp05_rca_postcheck.sql (1.65ms)
2026/10/02 22:21:33 OK   00032_sp05_transport_audit.sql (1.86ms)
2026/10/02 22:21:33 goose: successfully migrated database to version: 32
--- PASS: TestSP05EqualSequenceConflictAndTransportAliasAreAudited (0.23s)
=== RUN   TestSP05FindingRejectsMissingEvidenceWithoutPartialCommit
2026/10/02 22:21:33 OK   00001_roles_and_schemas.sql (8.17ms)
2026/10/02 22:21:33 goose: successfully migrated database to version: 1
2026/10/02 22:21:33 OK   00002_platform_meta.sql (23.16ms)
2026/10/02 22:21:33 OK   00003_finding.sql (9.33ms)
2026/10/02 22:21:33 OK   00004_incident.sql (4.14ms)
2026/10/02 22:21:33 OK   00005_investigation.sql (4.21ms)
2026/10/02 22:21:33 OK   00006_action_command.sql (3.73ms)
2026/10/02 22:21:33 OK   00007_audit.sql (6.43ms)
2026/10/02 22:21:33 OK   00008_rls.sql (6.47ms)
2026/10/02 22:21:33 OK   00009_idempotency_ledger.sql (4.57ms)
2026/10/02 22:21:33 OK   00010_tenant_provisioning.sql (3.08ms)
2026/10/02 22:21:33 OK   00011_source_registration_history.sql (3.54ms)
2026/10/02 22:21:33 OK   00012_config_registry_lifecycle.sql (5.64ms)
2026/10/02 22:21:33 OK   00013_audit_signed_segments.sql (6.6ms)
2026/10/02 22:21:33 OK   00014_audit_segment_predecessors.sql (3.1ms)
2026/10/02 22:21:33 OK   00015_source_schema_scope.sql (1.54ms)
2026/10/02 22:21:33 OK   00016_cluster_registration_metadata.sql (2.44ms)
2026/10/02 22:21:33 OK   00017_source_data_scope.sql (2.22ms)
2026/10/02 22:21:33 OK   00018_sp04_resources_evidence.sql (8.63ms)
2026/10/02 22:21:33 OK   00019_sp04_archive_ciphertext_bytes.sql (1.52ms)
2026/10/02 22:21:33 OK   00020_sp04_request_ledger.sql (2.43ms)
2026/10/02 22:21:33 OK   00021_sp04_archive_protection.sql (1.57ms)
2026/10/02 22:21:33 OK   00022_sp04_legal_hold_dependencies.sql (1.46ms)
2026/10/02 22:21:33 OK   00023_sp04_archive_query_intent.sql (1.61ms)
2026/10/02 22:21:33 OK   00024_sp05_finding_incident.sql (10.09ms)
2026/10/02 22:21:33 OK   00025_sp05_incident_event_time.sql (1.54ms)
2026/10/02 22:21:33 OK   00026_sp05_source_binding_lock.sql (1.63ms)
2026/10/02 22:21:33 OK   00027_sp05_rca_and_poll.sql (4.08ms)
2026/10/02 22:21:33 OK   00028_sp05_operator_lock.sql (1.66ms)
2026/10/02 22:21:33 OK   00029_sp05_evidence_links.sql (3ms)
2026/10/02 22:21:33 OK   00030_sp05_recipe_fence.sql (1.62ms)
2026/10/02 22:21:33 OK   00031_sp05_rca_postcheck.sql (1.49ms)
2026/10/02 22:21:33 OK   00032_sp05_transport_audit.sql (1.44ms)
2026/10/02 22:21:33 goose: successfully migrated database to version: 32
--- PASS: TestSP05FindingRejectsMissingEvidenceWithoutPartialCommit (0.22s)
PASS
ok  	ops-platform/test/integration	2.358s
