{"Time":"2026-10-03T10:15:55.975567+08:00","Action":"start","Package":"ops-platform/test/security"}
{"Time":"2026-10-03T10:15:56.589199+08:00","Action":"run","Package":"ops-platform/test/security","Test":"TestOperatorAndPlatformAdminAreIndependent"}
{"Time":"2026-10-03T10:15:56.589321+08:00","Action":"output","Package":"ops-platform/test/security","Test":"TestOperatorAndPlatformAdminAreIndependent","Output":"=== RUN   TestOperatorAndPlatformAdminAreIndependent\n","OutputType":"frame"}
{"Time":"2026-10-03T10:15:56.589391+08:00","Action":"run","Package":"ops-platform/test/security","Test":"TestOperatorAndPlatformAdminAreIndependent/operator_cannot_administer"}
{"Time":"2026-10-03T10:15:56.589406+08:00","Action":"output","Package":"ops-platform/test/security","Test":"TestOperatorAndPlatformAdminAreIndependent/operator_cannot_administer","Output":"=== RUN   TestOperatorAndPlatformAdminAreIndependent/operator_cannot_administer\n","OutputType":"frame"}
{"Time":"2026-10-03T10:15:56.589424+08:00","Action":"output","Package":"ops-platform/test/security","Test":"TestOperatorAndPlatformAdminAreIndependent/operator_cannot_administer","Output":"--- PASS: TestOperatorAndPlatformAdminAreIndependent/operator_cannot_administer (0.00s)\n","OutputType":"frame"}
{"Time":"2026-10-03T10:15:56.589432+08:00","Action":"pass","Package":"ops-platform/test/security","Test":"TestOperatorAndPlatformAdminAreIndependent/operator_cannot_administer","Elapsed":0}
{"Time":"2026-10-03T10:15:56.589463+08:00","Action":"run","Package":"ops-platform/test/security","Test":"TestOperatorAndPlatformAdminAreIndependent/administrator_cannot_operate"}
{"Time":"2026-10-03T10:15:56.589471+08:00","Action":"output","Package":"ops-platform/test/security","Test":"TestOperatorAndPlatformAdminAreIndependent/administrator_cannot_operate","Output":"=== RUN   TestOperatorAndPlatformAdminAreIndependent/administrator_cannot_operate\n","OutputType":"frame"}
{"Time":"2026-10-03T10:15:56.589484+08:00","Action":"output","Package":"ops-platform/test/security","Test":"TestOperatorAndPlatformAdminAreIndependent/administrator_cannot_operate","Output":"--- PASS: TestOperatorAndPlatformAdminAreIndependent/administrator_cannot_operate (0.00s)\n","OutputType":"frame"}
{"Time":"2026-10-03T10:15:56.589492+08:00","Action":"pass","Package":"ops-platform/test/security","Test":"TestOperatorAndPlatformAdminAreIndependent/administrator_cannot_operate","Elapsed":0}
{"Time":"2026-10-03T10:15:56.589498+08:00","Action":"output","Package":"ops-platform/test/security","Test":"TestOperatorAndPlatformAdminAreIndependent","Output":"--- PASS: TestOperatorAndPlatformAdminAreIndependent (0.00s)\n","OutputType":"frame"}
{"Time":"2026-10-03T10:15:56.589505+08:00","Action":"pass","Package":"ops-platform/test/security","Test":"TestOperatorAndPlatformAdminAreIndependent","Elapsed":0}
{"Time":"2026-10-03T10:15:56.589513+08:00","Action":"run","Package":"ops-platform/test/security","Test":"TestOperatorMustHaveExplicitResourceScope"}
{"Time":"2026-10-03T10:15:56.589519+08:00","Action":"output","Package":"ops-platform/test/security","Test":"TestOperatorMustHaveExplicitResourceScope","Output":"=== RUN   TestOperatorMustHaveExplicitResourceScope\n","OutputType":"frame"}
{"Time":"2026-10-03T10:15:56.589529+08:00","Action":"output","Package":"ops-platform/test/security","Test":"TestOperatorMustHaveExplicitResourceScope","Output":"--- PASS: TestOperatorMustHaveExplicitResourceScope (0.00s)\n","OutputType":"frame"}
{"Time":"2026-10-03T10:15:56.58954+08:00","Action":"pass","Package":"ops-platform/test/security","Test":"TestOperatorMustHaveExplicitResourceScope","Elapsed":0}
{"Time":"2026-10-03T10:15:56.589547+08:00","Action":"run","Package":"ops-platform/test/security","Test":"TestWorkloadIdentityRejectsWrongSANNamespaceAndServiceAccount"}
{"Time":"2026-10-03T10:15:56.589553+08:00","Action":"output","Package":"ops-platform/test/security","Test":"TestWorkloadIdentityRejectsWrongSANNamespaceAndServiceAccount","Output":"=== RUN   TestWorkloadIdentityRejectsWrongSANNamespaceAndServiceAccount\n","OutputType":"frame"}
{"Time":"2026-10-03T10:15:56.590064+08:00","Action":"run","Package":"ops-platform/test/security","Test":"TestWorkloadIdentityRejectsWrongSANNamespaceAndServiceAccount/wrong_namespace"}
{"Time":"2026-10-03T10:15:56.590133+08:00","Action":"output","Package":"ops-platform/test/security","Test":"TestWorkloadIdentityRejectsWrongSANNamespaceAndServiceAccount/wrong_namespace","Output":"=== RUN   TestWorkloadIdentityRejectsWrongSANNamespaceAndServiceAccount/wrong_namespace\n","OutputType":"frame"}
{"Time":"2026-10-03T10:15:56.590405+08:00","Action":"output","Package":"ops-platform/test/security","Test":"TestWorkloadIdentityRejectsWrongSANNamespaceAndServiceAccount/wrong_namespace","Output":"--- PASS: TestWorkloadIdentityRejectsWrongSANNamespaceAndServiceAccount/wrong_namespace (0.00s)\n","OutputType":"frame"}
{"Time":"2026-10-03T10:15:56.590426+08:00","Action":"pass","Package":"ops-platform/test/security","Test":"TestWorkloadIdentityRejectsWrongSANNamespaceAndServiceAccount/wrong_namespace","Elapsed":0}
{"Time":"2026-10-03T10:15:56.590455+08:00","Action":"run","Package":"ops-platform/test/security","Test":"TestWorkloadIdentityRejectsWrongSANNamespaceAndServiceAccount/wrong_service_account"}
{"Time":"2026-10-03T10:15:56.590462+08:00","Action":"output","Package":"ops-platform/test/security","Test":"TestWorkloadIdentityRejectsWrongSANNamespaceAndServiceAccount/wrong_service_account","Output":"=== RUN   TestWorkloadIdentityRejectsWrongSANNamespaceAndServiceAccount/wrong_service_account\n","OutputType":"frame"}
{"Time":"2026-10-03T10:15:56.590605+08:00","Action":"output","Package":"ops-platform/test/security","Test":"TestWorkloadIdentityRejectsWrongSANNamespaceAndServiceAccount/wrong_service_account","Output":"--- PASS: TestWorkloadIdentityRejectsWrongSANNamespaceAndServiceAccount/wrong_service_account (0.00s)\n","OutputType":"frame"}
{"Time":"2026-10-03T10:15:56.590617+08:00","Action":"pass","Package":"ops-platform/test/security","Test":"TestWorkloadIdentityRejectsWrongSANNamespaceAndServiceAccount/wrong_service_account","Elapsed":0}
{"Time":"2026-10-03T10:15:56.590981+08:00","Action":"output","Package":"ops-platform/test/security","Test":"TestWorkloadIdentityRejectsWrongSANNamespaceAndServiceAccount","Output":"--- PASS: TestWorkloadIdentityRejectsWrongSANNamespaceAndServiceAccount (0.00s)\n","OutputType":"frame"}
{"Time":"2026-10-03T10:15:56.591008+08:00","Action":"pass","Package":"ops-platform/test/security","Test":"TestWorkloadIdentityRejectsWrongSANNamespaceAndServiceAccount","Elapsed":0}
{"Time":"2026-10-03T10:15:56.591017+08:00","Action":"run","Package":"ops-platform/test/security","Test":"TestWorkloadIdentityRejectsExpiredRevokedAndUntrustedCertificate"}
{"Time":"2026-10-03T10:15:56.591047+08:00","Action":"output","Package":"ops-platform/test/security","Test":"TestWorkloadIdentityRejectsExpiredRevokedAndUntrustedCertificate","Output":"=== RUN   TestWorkloadIdentityRejectsExpiredRevokedAndUntrustedCertificate\n","OutputType":"frame"}
{"Time":"2026-10-03T10:15:56.591743+08:00","Action":"output","Package":"ops-platform/test/security","Test":"TestWorkloadIdentityRejectsExpiredRevokedAndUntrustedCertificate","Output":"--- PASS: TestWorkloadIdentityRejectsExpiredRevokedAndUntrustedCertificate (0.00s)\n","OutputType":"frame"}
{"Time":"2026-10-03T10:15:56.591771+08:00","Action":"pass","Package":"ops-platform/test/security","Test":"TestWorkloadIdentityRejectsExpiredRevokedAndUntrustedCertificate","Elapsed":0}
{"Time":"2026-10-03T10:15:56.591781+08:00","Action":"run","Package":"ops-platform/test/security","Test":"TestUserTokenCannotEstablishWorkloadIdentity"}
{"Time":"2026-10-03T10:15:56.591788+08:00","Action":"output","Package":"ops-platform/test/security","Test":"TestUserTokenCannotEstablishWorkloadIdentity","Output":"=== RUN   TestUserTokenCannotEstablishWorkloadIdentity\n","OutputType":"frame"}
{"Time":"2026-10-03T10:15:56.591944+08:00","Action":"output","Package":"ops-platform/test/security","Test":"TestUserTokenCannotEstablishWorkloadIdentity","Output":"--- PASS: TestUserTokenCannotEstablishWorkloadIdentity (0.00s)\n","OutputType":"frame"}
{"Time":"2026-10-03T10:15:56.591958+08:00","Action":"pass","Package":"ops-platform/test/security","Test":"TestUserTokenCannotEstablishWorkloadIdentity","Elapsed":0}
{"Time":"2026-10-03T10:15:56.591981+08:00","Action":"run","Package":"ops-platform/test/security","Test":"TestWorkloadMTLSRequiresExactIdentityAndNeverUsesBearerToken"}
{"Time":"2026-10-03T10:15:56.591989+08:00","Action":"output","Package":"ops-platform/test/security","Test":"TestWorkloadMTLSRequiresExactIdentityAndNeverUsesBearerToken","Output":"=== RUN   TestWorkloadMTLSRequiresExactIdentityAndNeverUsesBearerToken\n","OutputType":"frame"}
{"Time":"2026-10-03T10:15:56.597832+08:00","Action":"output","Package":"ops-platform/test/security","Test":"TestWorkloadMTLSRequiresExactIdentityAndNeverUsesBearerToken","Output":"2026/10/03 10:15:56 http: TLS handshake error from 127.0.0.1:60468: workload identity is outside the exact allowlist\n"}
{"Time":"2026-10-03T10:15:56.598081+08:00","Action":"output","Package":"ops-platform/test/security","Test":"TestWorkloadMTLSRequiresExactIdentityAndNeverUsesBearerToken","Output":"--- PASS: TestWorkloadMTLSRequiresExactIdentityAndNeverUsesBearerToken (0.01s)\n","OutputType":"frame"}
{"Time":"2026-10-03T10:15:56.598113+08:00","Action":"pass","Package":"ops-platform/test/security","Test":"TestWorkloadMTLSRequiresExactIdentityAndNeverUsesBearerToken","Elapsed":0.01}
{"Time":"2026-10-03T10:15:56.598134+08:00","Action":"run","Package":"ops-platform/test/security","Test":"TestWorkloadIdentityUsesFreshCRLSourceAndFailsClosedWhenStale"}
{"Time":"2026-10-03T10:15:56.598141+08:00","Action":"output","Package":"ops-platform/test/security","Test":"TestWorkloadIdentityUsesFreshCRLSourceAndFailsClosedWhenStale","Output":"=== RUN   TestWorkloadIdentityUsesFreshCRLSourceAndFailsClosedWhenStale\n","OutputType":"frame"}
{"Time":"2026-10-03T10:15:56.59892+08:00","Action":"output","Package":"ops-platform/test/security","Test":"TestWorkloadIdentityUsesFreshCRLSourceAndFailsClosedWhenStale","Output":"--- PASS: TestWorkloadIdentityUsesFreshCRLSourceAndFailsClosedWhenStale (0.00s)\n","OutputType":"frame"}
{"Time":"2026-10-03T10:15:56.598949+08:00","Action":"pass","Package":"ops-platform/test/security","Test":"TestWorkloadIdentityUsesFreshCRLSourceAndFailsClosedWhenStale","Elapsed":0}
{"Time":"2026-10-03T10:15:56.598958+08:00","Action":"output","Package":"ops-platform/test/security","Output":"PASS\n","OutputType":"frame"}
{"Time":"2026-10-03T10:15:56.599642+08:00","Action":"output","Package":"ops-platform/test/security","Output":"ok  \tops-platform/test/security\t0.608s\n"}
{"Time":"2026-10-03T10:15:56.599658+08:00","Action":"pass","Package":"ops-platform/test/security","Elapsed":0.624}
Acceptance report: 11 tests passed; zero skips.
