=== RUN   TestSP05KubernetesBindingCannotForgeHardwareDomain
2026/10/02 23:40:18 OK   00001_roles_and_schemas.sql (19.75ms)
2026/10/02 23:40:18 goose: successfully migrated database to version: 1
2026/10/02 23:40:18 OK   00002_platform_meta.sql (24.18ms)
2026/10/02 23:40:18 OK   00003_finding.sql (10.5ms)
2026/10/02 23:40:18 OK   00004_incident.sql (6.69ms)
2026/10/02 23:40:18 OK   00005_investigation.sql (8.41ms)
2026/10/02 23:40:18 OK   00006_action_command.sql (7.97ms)
2026/10/02 23:40:18 OK   00007_audit.sql (10.56ms)
2026/10/02 23:40:18 OK   00008_rls.sql (13.22ms)
2026/10/02 23:40:18 OK   00009_idempotency_ledger.sql (7.93ms)
2026/10/02 23:40:18 OK   00010_tenant_provisioning.sql (7.51ms)
2026/10/02 23:40:18 OK   00011_source_registration_history.sql (8.65ms)
2026/10/02 23:40:18 OK   00012_config_registry_lifecycle.sql (12.96ms)
2026/10/02 23:40:18 OK   00013_audit_signed_segments.sql (12.17ms)
2026/10/02 23:40:18 OK   00014_audit_segment_predecessors.sql (4.96ms)
2026/10/02 23:40:18 OK   00015_source_schema_scope.sql (3.38ms)
2026/10/02 23:40:18 OK   00016_cluster_registration_metadata.sql (3.95ms)
2026/10/02 23:40:18 OK   00017_source_data_scope.sql (6.97ms)
2026/10/02 23:40:18 OK   00018_sp04_resources_evidence.sql (23.24ms)
2026/10/02 23:40:18 OK   00019_sp04_archive_ciphertext_bytes.sql (4.31ms)
2026/10/02 23:40:18 OK   00020_sp04_request_ledger.sql (5.52ms)
2026/10/02 23:40:18 OK   00021_sp04_archive_protection.sql (4.16ms)
2026/10/02 23:40:18 OK   00022_sp04_legal_hold_dependencies.sql (3.53ms)
2026/10/02 23:40:18 OK   00023_sp04_archive_query_intent.sql (3.93ms)
2026/10/02 23:40:18 OK   00024_sp05_finding_incident.sql (13.92ms)
2026/10/02 23:40:18 OK   00025_sp05_incident_event_time.sql (4.32ms)
2026/10/02 23:40:18 OK   00026_sp05_source_binding_lock.sql (4.63ms)
2026/10/02 23:40:18 OK   00027_sp05_rca_and_poll.sql (7.42ms)
2026/10/02 23:40:18 OK   00028_sp05_operator_lock.sql (3.04ms)
2026/10/02 23:40:18 OK   00029_sp05_evidence_links.sql (4.41ms)
2026/10/02 23:40:18 OK   00030_sp05_recipe_fence.sql (3.45ms)
2026/10/02 23:40:18 OK   00031_sp05_rca_postcheck.sql (4.3ms)
2026/10/02 23:40:18 OK   00032_sp05_transport_audit.sql (4ms)
2026/10/02 23:40:18 OK   00033_sp05_poll_resolution_clock.sql (3.68ms)
2026/10/02 23:40:18 goose: successfully migrated database to version: 33
    sp05_source_domain_test.go:15: kubernetes source forged a hardware Finding: <nil>
--- FAIL: TestSP05KubernetesBindingCannotForgeHardwareDomain (0.48s)
FAIL
FAIL	ops-platform/test/integration	1.493s
FAIL
