=== RUN   TestSP05FindingAtomicConcurrentTransportAndRecovery
2026/10/02 23:40:37 OK   00001_roles_and_schemas.sql (10.14ms)
2026/10/02 23:40:37 goose: successfully migrated database to version: 1
2026/10/02 23:40:37 OK   00002_platform_meta.sql (25.25ms)
2026/10/02 23:40:37 OK   00003_finding.sql (6.82ms)
2026/10/02 23:40:37 OK   00004_incident.sql (5.14ms)
2026/10/02 23:40:37 OK   00005_investigation.sql (5.24ms)
2026/10/02 23:40:37 OK   00006_action_command.sql (5.96ms)
2026/10/02 23:40:37 OK   00007_audit.sql (9.19ms)
2026/10/02 23:40:37 OK   00008_rls.sql (8.32ms)
2026/10/02 23:40:37 OK   00009_idempotency_ledger.sql (7.2ms)
2026/10/02 23:40:37 OK   00010_tenant_provisioning.sql (4.56ms)
2026/10/02 23:40:37 OK   00011_source_registration_history.sql (7.03ms)
2026/10/02 23:40:37 OK   00012_config_registry_lifecycle.sql (9.31ms)
2026/10/02 23:40:37 OK   00013_audit_signed_segments.sql (10.43ms)
2026/10/02 23:40:37 OK   00014_audit_segment_predecessors.sql (5.82ms)
2026/10/02 23:40:37 OK   00015_source_schema_scope.sql (3.93ms)
2026/10/02 23:40:37 OK   00016_cluster_registration_metadata.sql (4.91ms)
2026/10/02 23:40:37 OK   00017_source_data_scope.sql (5.37ms)
2026/10/02 23:40:37 OK   00018_sp04_resources_evidence.sql (11.41ms)
2026/10/02 23:40:37 OK   00019_sp04_archive_ciphertext_bytes.sql (4.09ms)
2026/10/02 23:40:37 OK   00020_sp04_request_ledger.sql (5.3ms)
2026/10/02 23:40:37 OK   00021_sp04_archive_protection.sql (4.34ms)
2026/10/02 23:40:37 OK   00022_sp04_legal_hold_dependencies.sql (3.03ms)
2026/10/02 23:40:37 OK   00023_sp04_archive_query_intent.sql (7.42ms)
2026/10/02 23:40:37 OK   00024_sp05_finding_incident.sql (17.45ms)
2026/10/02 23:40:37 OK   00025_sp05_incident_event_time.sql (4.25ms)
2026/10/02 23:40:37 OK   00026_sp05_source_binding_lock.sql (4.69ms)
2026/10/02 23:40:37 OK   00027_sp05_rca_and_poll.sql (5.99ms)
2026/10/02 23:40:37 OK   00028_sp05_operator_lock.sql (3.73ms)
2026/10/02 23:40:37 OK   00029_sp05_evidence_links.sql (5.95ms)
2026/10/02 23:40:37 OK   00030_sp05_recipe_fence.sql (3.97ms)
2026/10/02 23:40:37 OK   00031_sp05_rca_postcheck.sql (3.91ms)
2026/10/02 23:40:37 OK   00032_sp05_transport_audit.sql (2.26ms)
2026/10/02 23:40:37 OK   00033_sp05_poll_resolution_clock.sql (4.45ms)
2026/10/02 23:40:37 goose: successfully migrated database to version: 33
--- PASS: TestSP05FindingAtomicConcurrentTransportAndRecovery (0.52s)
=== RUN   TestSP05ResourceNamespaceCannotBeClaimedAsClusterScoped
2026/10/02 23:40:37 OK   00001_roles_and_schemas.sql (6.66ms)
2026/10/02 23:40:37 goose: successfully migrated database to version: 1
2026/10/02 23:40:37 OK   00002_platform_meta.sql (13.13ms)
2026/10/02 23:40:37 OK   00003_finding.sql (4.85ms)
2026/10/02 23:40:37 OK   00004_incident.sql (3.13ms)
2026/10/02 23:40:37 OK   00005_investigation.sql (4.21ms)
2026/10/02 23:40:37 OK   00006_action_command.sql (3.49ms)
2026/10/02 23:40:37 OK   00007_audit.sql (5.58ms)
2026/10/02 23:40:37 OK   00008_rls.sql (5.21ms)
2026/10/02 23:40:37 OK   00009_idempotency_ledger.sql (4.02ms)
2026/10/02 23:40:37 OK   00010_tenant_provisioning.sql (2.67ms)
2026/10/02 23:40:37 OK   00011_source_registration_history.sql (3.76ms)
2026/10/02 23:40:37 OK   00012_config_registry_lifecycle.sql (5.92ms)
2026/10/02 23:40:37 OK   00013_audit_signed_segments.sql (7.68ms)
2026/10/02 23:40:37 OK   00014_audit_segment_predecessors.sql (3.35ms)
2026/10/02 23:40:37 OK   00015_source_schema_scope.sql (1.84ms)
2026/10/02 23:40:37 OK   00016_cluster_registration_metadata.sql (2.59ms)
2026/10/02 23:40:37 OK   00017_source_data_scope.sql (2.21ms)
2026/10/02 23:40:38 OK   00018_sp04_resources_evidence.sql (8.71ms)
2026/10/02 23:40:38 OK   00019_sp04_archive_ciphertext_bytes.sql (1.75ms)
2026/10/02 23:40:38 OK   00020_sp04_request_ledger.sql (2.51ms)
2026/10/02 23:40:38 OK   00021_sp04_archive_protection.sql (1.93ms)
2026/10/02 23:40:38 OK   00022_sp04_legal_hold_dependencies.sql (1.73ms)
2026/10/02 23:40:38 OK   00023_sp04_archive_query_intent.sql (1.71ms)
2026/10/02 23:40:38 OK   00024_sp05_finding_incident.sql (10.84ms)
2026/10/02 23:40:38 OK   00025_sp05_incident_event_time.sql (1.65ms)
2026/10/02 23:40:38 OK   00026_sp05_source_binding_lock.sql (1.86ms)
2026/10/02 23:40:38 OK   00027_sp05_rca_and_poll.sql (4.6ms)
2026/10/02 23:40:38 OK   00028_sp05_operator_lock.sql (2.09ms)
2026/10/02 23:40:38 OK   00029_sp05_evidence_links.sql (3.54ms)
2026/10/02 23:40:38 OK   00030_sp05_recipe_fence.sql (1.73ms)
2026/10/02 23:40:38 OK   00031_sp05_rca_postcheck.sql (1.76ms)
2026/10/02 23:40:38 OK   00032_sp05_transport_audit.sql (1.87ms)
2026/10/02 23:40:38 OK   00033_sp05_poll_resolution_clock.sql (2.02ms)
2026/10/02 23:40:38 goose: successfully migrated database to version: 33
--- PASS: TestSP05ResourceNamespaceCannotBeClaimedAsClusterScoped (0.22s)
=== RUN   TestSP05PollBirthClockSurvivesPostgreSQLPrecisionAndRestart
2026/10/02 23:40:38 OK   00001_roles_and_schemas.sql (6.4ms)
2026/10/02 23:40:38 goose: successfully migrated database to version: 1
2026/10/02 23:40:38 OK   00002_platform_meta.sql (12.87ms)
2026/10/02 23:40:38 OK   00003_finding.sql (5.11ms)
2026/10/02 23:40:38 OK   00004_incident.sql (3.48ms)
2026/10/02 23:40:38 OK   00005_investigation.sql (3.97ms)
2026/10/02 23:40:38 OK   00006_action_command.sql (3.72ms)
2026/10/02 23:40:38 OK   00007_audit.sql (6.17ms)
2026/10/02 23:40:38 OK   00008_rls.sql (6.18ms)
2026/10/02 23:40:38 OK   00009_idempotency_ledger.sql (4.68ms)
2026/10/02 23:40:38 OK   00010_tenant_provisioning.sql (2.65ms)
2026/10/02 23:40:38 OK   00011_source_registration_history.sql (3.89ms)
2026/10/02 23:40:38 OK   00012_config_registry_lifecycle.sql (5.37ms)
2026/10/02 23:40:38 OK   00013_audit_signed_segments.sql (7.9ms)
2026/10/02 23:40:38 OK   00014_audit_segment_predecessors.sql (3.29ms)
2026/10/02 23:40:38 OK   00015_source_schema_scope.sql (1.7ms)
2026/10/02 23:40:38 OK   00016_cluster_registration_metadata.sql (2.39ms)
2026/10/02 23:40:38 OK   00017_source_data_scope.sql (1.94ms)
2026/10/02 23:40:38 OK   00018_sp04_resources_evidence.sql (8.86ms)
2026/10/02 23:40:38 OK   00019_sp04_archive_ciphertext_bytes.sql (1.77ms)
2026/10/02 23:40:38 OK   00020_sp04_request_ledger.sql (2.79ms)
2026/10/02 23:40:38 OK   00021_sp04_archive_protection.sql (1.91ms)
2026/10/02 23:40:38 OK   00022_sp04_legal_hold_dependencies.sql (1.7ms)
2026/10/02 23:40:38 OK   00023_sp04_archive_query_intent.sql (1.72ms)
2026/10/02 23:40:38 OK   00024_sp05_finding_incident.sql (10.59ms)
2026/10/02 23:40:38 OK   00025_sp05_incident_event_time.sql (1.75ms)
2026/10/02 23:40:38 OK   00026_sp05_source_binding_lock.sql (2.07ms)
2026/10/02 23:40:38 OK   00027_sp05_rca_and_poll.sql (4.81ms)
2026/10/02 23:40:38 OK   00028_sp05_operator_lock.sql (2.16ms)
2026/10/02 23:40:38 OK   00029_sp05_evidence_links.sql (3.64ms)
2026/10/02 23:40:38 OK   00030_sp05_recipe_fence.sql (1.97ms)
2026/10/02 23:40:38 OK   00031_sp05_rca_postcheck.sql (1.68ms)
2026/10/02 23:40:38 OK   00032_sp05_transport_audit.sql (1.9ms)
2026/10/02 23:40:38 OK   00033_sp05_poll_resolution_clock.sql (1.95ms)
2026/10/02 23:40:38 goose: successfully migrated database to version: 33
--- PASS: TestSP05PollBirthClockSurvivesPostgreSQLPrecisionAndRestart (0.22s)
=== RUN   TestSP05PollCrashAfterResolveAndLateReplayCannotCreateOccurrence
=== RUN   TestSP05PollCrashAfterResolveAndLateReplayCannotCreateOccurrence/crash-before-close
2026/10/02 23:40:38 OK   00001_roles_and_schemas.sql (6.52ms)
2026/10/02 23:40:38 goose: successfully migrated database to version: 1
2026/10/02 23:40:38 OK   00002_platform_meta.sql (12.79ms)
2026/10/02 23:40:38 OK   00003_finding.sql (17.32ms)
2026/10/02 23:40:38 OK   00004_incident.sql (9.98ms)
2026/10/02 23:40:38 OK   00005_investigation.sql (4.54ms)
2026/10/02 23:40:38 OK   00006_action_command.sql (3.78ms)
2026/10/02 23:40:38 OK   00007_audit.sql (6.13ms)
2026/10/02 23:40:38 OK   00008_rls.sql (6.08ms)
2026/10/02 23:40:38 OK   00009_idempotency_ledger.sql (4.53ms)
2026/10/02 23:40:38 OK   00010_tenant_provisioning.sql (3.06ms)
2026/10/02 23:40:38 OK   00011_source_registration_history.sql (4.22ms)
2026/10/02 23:40:38 OK   00012_config_registry_lifecycle.sql (6.1ms)
2026/10/02 23:40:38 OK   00013_audit_signed_segments.sql (7.98ms)
2026/10/02 23:40:38 OK   00014_audit_segment_predecessors.sql (3.16ms)
2026/10/02 23:40:38 OK   00015_source_schema_scope.sql (1.68ms)
2026/10/02 23:40:38 OK   00016_cluster_registration_metadata.sql (2.53ms)
2026/10/02 23:40:38 OK   00017_source_data_scope.sql (2.16ms)
2026/10/02 23:40:38 OK   00018_sp04_resources_evidence.sql (10.48ms)
2026/10/02 23:40:38 OK   00019_sp04_archive_ciphertext_bytes.sql (1.88ms)
2026/10/02 23:40:38 OK   00020_sp04_request_ledger.sql (3.18ms)
2026/10/02 23:40:38 OK   00021_sp04_archive_protection.sql (2ms)
2026/10/02 23:40:38 OK   00022_sp04_legal_hold_dependencies.sql (1.73ms)
2026/10/02 23:40:38 OK   00023_sp04_archive_query_intent.sql (1.68ms)
2026/10/02 23:40:38 OK   00024_sp05_finding_incident.sql (11.46ms)
2026/10/02 23:40:38 OK   00025_sp05_incident_event_time.sql (1.73ms)
2026/10/02 23:40:38 OK   00026_sp05_source_binding_lock.sql (1.99ms)
2026/10/02 23:40:38 OK   00027_sp05_rca_and_poll.sql (5ms)
2026/10/02 23:40:38 OK   00028_sp05_operator_lock.sql (2.16ms)
2026/10/02 23:40:38 OK   00029_sp05_evidence_links.sql (3.79ms)
2026/10/02 23:40:38 OK   00030_sp05_recipe_fence.sql (1.82ms)
2026/10/02 23:40:38 OK   00031_sp05_rca_postcheck.sql (1.74ms)
2026/10/02 23:40:38 OK   00032_sp05_transport_audit.sql (3.17ms)
2026/10/02 23:40:38 OK   00033_sp05_poll_resolution_clock.sql (4.63ms)
2026/10/02 23:40:38 goose: successfully migrated database to version: 33
=== RUN   TestSP05PollCrashAfterResolveAndLateReplayCannotCreateOccurrence/late-replay
2026/10/02 23:40:38 OK   00001_roles_and_schemas.sql (6.32ms)
2026/10/02 23:40:38 goose: successfully migrated database to version: 1
2026/10/02 23:40:38 OK   00002_platform_meta.sql (12.69ms)
2026/10/02 23:40:38 OK   00003_finding.sql (5.07ms)
2026/10/02 23:40:38 OK   00004_incident.sql (3.36ms)
2026/10/02 23:40:38 OK   00005_investigation.sql (3.81ms)
2026/10/02 23:40:38 OK   00006_action_command.sql (3.57ms)
2026/10/02 23:40:38 OK   00007_audit.sql (6.24ms)
2026/10/02 23:40:38 OK   00008_rls.sql (5.81ms)
2026/10/02 23:40:38 OK   00009_idempotency_ledger.sql (4.63ms)
2026/10/02 23:40:38 OK   00010_tenant_provisioning.sql (2.72ms)
2026/10/02 23:40:38 OK   00011_source_registration_history.sql (3.57ms)
2026/10/02 23:40:38 OK   00012_config_registry_lifecycle.sql (6.05ms)
2026/10/02 23:40:38 OK   00013_audit_signed_segments.sql (6.74ms)
2026/10/02 23:40:38 OK   00014_audit_segment_predecessors.sql (3.34ms)
2026/10/02 23:40:38 OK   00015_source_schema_scope.sql (1.66ms)
2026/10/02 23:40:38 OK   00016_cluster_registration_metadata.sql (2.29ms)
2026/10/02 23:40:38 OK   00017_source_data_scope.sql (1.91ms)
2026/10/02 23:40:38 OK   00018_sp04_resources_evidence.sql (7.98ms)
2026/10/02 23:40:38 OK   00019_sp04_archive_ciphertext_bytes.sql (1.56ms)
2026/10/02 23:40:38 OK   00020_sp04_request_ledger.sql (2.43ms)
2026/10/02 23:40:38 OK   00021_sp04_archive_protection.sql (1.66ms)
2026/10/02 23:40:38 OK   00022_sp04_legal_hold_dependencies.sql (1.49ms)
2026/10/02 23:40:38 OK   00023_sp04_archive_query_intent.sql (1.4ms)
2026/10/02 23:40:38 OK   00024_sp05_finding_incident.sql (10.27ms)
2026/10/02 23:40:38 OK   00025_sp05_incident_event_time.sql (1.7ms)
2026/10/02 23:40:38 OK   00026_sp05_source_binding_lock.sql (2.22ms)
2026/10/02 23:40:38 OK   00027_sp05_rca_and_poll.sql (4.5ms)
2026/10/02 23:40:38 OK   00028_sp05_operator_lock.sql (1.92ms)
2026/10/02 23:40:38 OK   00029_sp05_evidence_links.sql (3.05ms)
2026/10/02 23:40:38 OK   00030_sp05_recipe_fence.sql (1.76ms)
2026/10/02 23:40:38 OK   00031_sp05_rca_postcheck.sql (1.41ms)
2026/10/02 23:40:38 OK   00032_sp05_transport_audit.sql (1.61ms)
2026/10/02 23:40:38 OK   00033_sp05_poll_resolution_clock.sql (1.74ms)
2026/10/02 23:40:38 goose: successfully migrated database to version: 33
--- PASS: TestSP05PollCrashAfterResolveAndLateReplayCannotCreateOccurrence (0.49s)
    --- PASS: TestSP05PollCrashAfterResolveAndLateReplayCannotCreateOccurrence/crash-before-close (0.27s)
    --- PASS: TestSP05PollCrashAfterResolveAndLateReplayCannotCreateOccurrence/late-replay (0.23s)
=== RUN   TestSP05FindingRejectsMissingEvidenceWithoutPartialCommit
2026/10/02 23:40:38 OK   00001_roles_and_schemas.sql (6.64ms)
2026/10/02 23:40:38 goose: successfully migrated database to version: 1
2026/10/02 23:40:38 OK   00002_platform_meta.sql (12.6ms)
2026/10/02 23:40:38 OK   00003_finding.sql (5.31ms)
2026/10/02 23:40:38 OK   00004_incident.sql (3.77ms)
2026/10/02 23:40:38 OK   00005_investigation.sql (4.11ms)
2026/10/02 23:40:38 OK   00006_action_command.sql (3.68ms)
2026/10/02 23:40:38 OK   00007_audit.sql (6.06ms)
2026/10/02 23:40:38 OK   00008_rls.sql (6.23ms)
2026/10/02 23:40:38 OK   00009_idempotency_ledger.sql (4.98ms)
2026/10/02 23:40:38 OK   00010_tenant_provisioning.sql (3.5ms)
2026/10/02 23:40:38 OK   00011_source_registration_history.sql (4.54ms)
2026/10/02 23:40:38 OK   00012_config_registry_lifecycle.sql (6.74ms)
2026/10/02 23:40:38 OK   00013_audit_signed_segments.sql (9.09ms)
2026/10/02 23:40:38 OK   00014_audit_segment_predecessors.sql (4.09ms)
2026/10/02 23:40:38 OK   00015_source_schema_scope.sql (2.72ms)
2026/10/02 23:40:38 OK   00016_cluster_registration_metadata.sql (3.34ms)
2026/10/02 23:40:38 OK   00017_source_data_scope.sql (3.09ms)
2026/10/02 23:40:38 OK   00018_sp04_resources_evidence.sql (9ms)
2026/10/02 23:40:38 OK   00019_sp04_archive_ciphertext_bytes.sql (2.65ms)
2026/10/02 23:40:38 OK   00020_sp04_request_ledger.sql (3.54ms)
2026/10/02 23:40:38 OK   00021_sp04_archive_protection.sql (2.98ms)
2026/10/02 23:40:38 OK   00022_sp04_legal_hold_dependencies.sql (2.5ms)
2026/10/02 23:40:38 OK   00023_sp04_archive_query_intent.sql (2.48ms)
2026/10/02 23:40:38 OK   00024_sp05_finding_incident.sql (10.82ms)
2026/10/02 23:40:38 OK   00025_sp05_incident_event_time.sql (2.42ms)
2026/10/02 23:40:38 OK   00026_sp05_source_binding_lock.sql (2.65ms)
2026/10/02 23:40:38 OK   00027_sp05_rca_and_poll.sql (5.09ms)
2026/10/02 23:40:38 OK   00028_sp05_operator_lock.sql (2.71ms)
2026/10/02 23:40:38 OK   00029_sp05_evidence_links.sql (4.12ms)
2026/10/02 23:40:38 OK   00030_sp05_recipe_fence.sql (2.52ms)
2026/10/02 23:40:38 OK   00031_sp05_rca_postcheck.sql (2.13ms)
2026/10/02 23:40:38 OK   00032_sp05_transport_audit.sql (2.3ms)
2026/10/02 23:40:38 OK   00033_sp05_poll_resolution_clock.sql (2.5ms)
2026/10/02 23:40:38 goose: successfully migrated database to version: 33
--- PASS: TestSP05FindingRejectsMissingEvidenceWithoutPartialCommit (0.25s)
=== RUN   TestSP05KubernetesBindingCannotForgeHardwareDomain
2026/10/02 23:40:39 OK   00001_roles_and_schemas.sql (7.46ms)
2026/10/02 23:40:39 goose: successfully migrated database to version: 1
2026/10/02 23:40:39 OK   00002_platform_meta.sql (12.11ms)
2026/10/02 23:40:39 OK   00003_finding.sql (5.15ms)
2026/10/02 23:40:39 OK   00004_incident.sql (3.98ms)
2026/10/02 23:40:39 OK   00005_investigation.sql (4.4ms)
2026/10/02 23:40:39 OK   00006_action_command.sql (4.18ms)
2026/10/02 23:40:39 OK   00007_audit.sql (6.75ms)
2026/10/02 23:40:39 OK   00008_rls.sql (6.52ms)
2026/10/02 23:40:39 OK   00009_idempotency_ledger.sql (5.33ms)
2026/10/02 23:40:39 OK   00010_tenant_provisioning.sql (3.39ms)
2026/10/02 23:40:39 OK   00011_source_registration_history.sql (4.57ms)
2026/10/02 23:40:39 OK   00012_config_registry_lifecycle.sql (6.76ms)
2026/10/02 23:40:39 OK   00013_audit_signed_segments.sql (8.68ms)
2026/10/02 23:40:39 OK   00014_audit_segment_predecessors.sql (4.13ms)
2026/10/02 23:40:39 OK   00015_source_schema_scope.sql (2.36ms)
2026/10/02 23:40:39 OK   00016_cluster_registration_metadata.sql (2.95ms)
2026/10/02 23:40:39 OK   00017_source_data_scope.sql (2.72ms)
2026/10/02 23:40:39 OK   00018_sp04_resources_evidence.sql (8.81ms)
2026/10/02 23:40:39 OK   00019_sp04_archive_ciphertext_bytes.sql (2.64ms)
2026/10/02 23:40:39 OK   00020_sp04_request_ledger.sql (3.61ms)
2026/10/02 23:40:39 OK   00021_sp04_archive_protection.sql (2.72ms)
2026/10/02 23:40:39 OK   00022_sp04_legal_hold_dependencies.sql (2.63ms)
2026/10/02 23:40:39 OK   00023_sp04_archive_query_intent.sql (2.65ms)
2026/10/02 23:40:39 OK   00024_sp05_finding_incident.sql (18.69ms)
2026/10/02 23:40:39 OK   00025_sp05_incident_event_time.sql (3.08ms)
2026/10/02 23:40:39 OK   00026_sp05_source_binding_lock.sql (2.68ms)
2026/10/02 23:40:39 OK   00027_sp05_rca_and_poll.sql (5.9ms)
2026/10/02 23:40:39 OK   00028_sp05_operator_lock.sql (3.41ms)
2026/10/02 23:40:39 OK   00029_sp05_evidence_links.sql (4.63ms)
2026/10/02 23:40:39 OK   00030_sp05_recipe_fence.sql (2.63ms)
2026/10/02 23:40:39 OK   00031_sp05_rca_postcheck.sql (2.51ms)
2026/10/02 23:40:39 OK   00032_sp05_transport_audit.sql (2.39ms)
2026/10/02 23:40:39 OK   00033_sp05_poll_resolution_clock.sql (2.8ms)
2026/10/02 23:40:39 goose: successfully migrated database to version: 33
--- PASS: TestSP05KubernetesBindingCannotForgeHardwareDomain (0.25s)
PASS
ok  	ops-platform/test/integration	3.008s
