=== RUN   TestRealOpenBaoTransitAndSeaweedS3AuditArchive
2026/10/02 23:37:06 OK   00001_roles_and_schemas.sql (18.47ms)
2026/10/02 23:37:06 goose: successfully migrated database to version: 1
2026/10/02 23:37:06 OK   00002_platform_meta.sql (15.19ms)
2026/10/02 23:37:06 OK   00003_finding.sql (9.01ms)
2026/10/02 23:37:06 OK   00004_incident.sql (6.24ms)
2026/10/02 23:37:06 OK   00005_investigation.sql (7.64ms)
2026/10/02 23:37:06 OK   00006_action_command.sql (5.42ms)
2026/10/02 23:37:06 OK   00007_audit.sql (9.32ms)
2026/10/02 23:37:06 OK   00008_rls.sql (9.08ms)
2026/10/02 23:37:06 OK   00009_idempotency_ledger.sql (5.48ms)
2026/10/02 23:37:06 OK   00010_tenant_provisioning.sql (4.03ms)
2026/10/02 23:37:06 OK   00011_source_registration_history.sql (6.03ms)
2026/10/02 23:37:06 OK   00012_config_registry_lifecycle.sql (7.84ms)
2026/10/02 23:37:06 OK   00013_audit_signed_segments.sql (8.11ms)
2026/10/02 23:37:06 OK   00014_audit_segment_predecessors.sql (5.31ms)
2026/10/02 23:37:06 OK   00015_source_schema_scope.sql (3.73ms)
2026/10/02 23:37:06 OK   00016_cluster_registration_metadata.sql (4.07ms)
2026/10/02 23:37:06 OK   00017_source_data_scope.sql (3.5ms)
2026/10/02 23:37:06 OK   00018_sp04_resources_evidence.sql (10.88ms)
2026/10/02 23:37:06 OK   00019_sp04_archive_ciphertext_bytes.sql (4.33ms)
2026/10/02 23:37:06 OK   00020_sp04_request_ledger.sql (5.05ms)
2026/10/02 23:37:06 OK   00021_sp04_archive_protection.sql (3.66ms)
2026/10/02 23:37:06 OK   00022_sp04_legal_hold_dependencies.sql (3.31ms)
2026/10/02 23:37:06 OK   00023_sp04_archive_query_intent.sql (3.28ms)
2026/10/02 23:37:06 OK   00024_sp05_finding_incident.sql (11.4ms)
2026/10/02 23:37:06 OK   00025_sp05_incident_event_time.sql (3.18ms)
2026/10/02 23:37:06 OK   00026_sp05_source_binding_lock.sql (3.36ms)
2026/10/02 23:37:06 OK   00027_sp05_rca_and_poll.sql (5.81ms)
2026/10/02 23:37:06 OK   00028_sp05_operator_lock.sql (3.67ms)
2026/10/02 23:37:06 OK   00029_sp05_evidence_links.sql (4.68ms)
2026/10/02 23:37:06 OK   00030_sp05_recipe_fence.sql (3.27ms)
2026/10/02 23:37:06 OK   00031_sp05_rca_postcheck.sql (2.69ms)
2026/10/02 23:37:06 OK   00032_sp05_transport_audit.sql (2.43ms)
2026/10/02 23:37:06 OK   00033_sp05_poll_resolution_clock.sql (2.92ms)
2026/10/02 23:37:06 goose: successfully migrated database to version: 33
    archive_services_test.go:182: isolated S3 bucket=sp03-d455ad1e object=9439e82c-ab2d-435e-9e1f-434c2fe5e7a1 digest=sha256:29e16a3c7cd8a747ca75df38a1eeb48a2e1ac0ca49630508c723320b21457c70; audit tenant=af36fa07-0842-4611-8782-0a5e1cf6bb45 segment=01a0fd43-1439-7134-be26-2f894cd58831 seq=1 verified
--- PASS: TestRealOpenBaoTransitAndSeaweedS3AuditArchive (1.22s)
PASS
ok  	ops-platform/test/integration	2.011s
