testing: warning: no tests to run
PASS
ok  	ops-platform/internal/app	0.904s [no tests to run]
=== RUN   TestRecipeCannotConfirmFromDisconnectedOrDerivedFacts
=== RUN   TestRecipeCannotConfirmFromDisconnectedOrDerivedFacts/dimm-failure
=== RUN   TestRecipeCannotConfirmFromDisconnectedOrDerivedFacts/pvc-csi-failure
=== RUN   TestRecipeCannotConfirmFromDisconnectedOrDerivedFacts/node-failure
--- PASS: TestRecipeCannotConfirmFromDisconnectedOrDerivedFacts (0.00s)
    --- PASS: TestRecipeCannotConfirmFromDisconnectedOrDerivedFacts/dimm-failure (0.00s)
    --- PASS: TestRecipeCannotConfirmFromDisconnectedOrDerivedFacts/pvc-csi-failure (0.00s)
    --- PASS: TestRecipeCannotConfirmFromDisconnectedOrDerivedFacts/node-failure (0.00s)
=== RUN   TestRecipeFrozenGoldenConfirmation
=== RUN   TestRecipeFrozenGoldenConfirmation/dimm-failure
=== RUN   TestRecipeFrozenGoldenConfirmation/dimm-failure/missing
=== RUN   TestRecipeFrozenGoldenConfirmation/dimm-failure/conflict
=== RUN   TestRecipeFrozenGoldenConfirmation/dimm-failure/degraded
=== RUN   TestRecipeFrozenGoldenConfirmation/dimm-failure/time-unreliable
=== RUN   TestRecipeFrozenGoldenConfirmation/dimm-failure/duplicate
=== RUN   TestRecipeFrozenGoldenConfirmation/dimm-failure/expired
=== RUN   TestRecipeFrozenGoldenConfirmation/dimm-failure/cpu-high
=== RUN   TestRecipeFrozenGoldenConfirmation/dimm-failure/recent-change
=== RUN   TestRecipeFrozenGoldenConfirmation/pvc-csi-failure
=== RUN   TestRecipeFrozenGoldenConfirmation/pvc-csi-failure/missing
=== RUN   TestRecipeFrozenGoldenConfirmation/pvc-csi-failure/conflict
=== RUN   TestRecipeFrozenGoldenConfirmation/pvc-csi-failure/degraded
=== RUN   TestRecipeFrozenGoldenConfirmation/pvc-csi-failure/time-unreliable
=== RUN   TestRecipeFrozenGoldenConfirmation/pvc-csi-failure/duplicate
=== RUN   TestRecipeFrozenGoldenConfirmation/pvc-csi-failure/expired
=== RUN   TestRecipeFrozenGoldenConfirmation/pvc-csi-failure/cpu-high
=== RUN   TestRecipeFrozenGoldenConfirmation/pvc-csi-failure/recent-change
=== RUN   TestRecipeFrozenGoldenConfirmation/node-failure
=== RUN   TestRecipeFrozenGoldenConfirmation/node-failure/missing
=== RUN   TestRecipeFrozenGoldenConfirmation/node-failure/conflict
=== RUN   TestRecipeFrozenGoldenConfirmation/node-failure/degraded
=== RUN   TestRecipeFrozenGoldenConfirmation/node-failure/time-unreliable
=== RUN   TestRecipeFrozenGoldenConfirmation/node-failure/duplicate
=== RUN   TestRecipeFrozenGoldenConfirmation/node-failure/expired
=== RUN   TestRecipeFrozenGoldenConfirmation/node-failure/cpu-high
=== RUN   TestRecipeFrozenGoldenConfirmation/node-failure/recent-change
--- PASS: TestRecipeFrozenGoldenConfirmation (0.00s)
    --- PASS: TestRecipeFrozenGoldenConfirmation/dimm-failure (0.00s)
        --- PASS: TestRecipeFrozenGoldenConfirmation/dimm-failure/missing (0.00s)
        --- PASS: TestRecipeFrozenGoldenConfirmation/dimm-failure/conflict (0.00s)
        --- PASS: TestRecipeFrozenGoldenConfirmation/dimm-failure/degraded (0.00s)
        --- PASS: TestRecipeFrozenGoldenConfirmation/dimm-failure/time-unreliable (0.00s)
        --- PASS: TestRecipeFrozenGoldenConfirmation/dimm-failure/duplicate (0.00s)
        --- PASS: TestRecipeFrozenGoldenConfirmation/dimm-failure/expired (0.00s)
        --- PASS: TestRecipeFrozenGoldenConfirmation/dimm-failure/cpu-high (0.00s)
        --- PASS: TestRecipeFrozenGoldenConfirmation/dimm-failure/recent-change (0.00s)
    --- PASS: TestRecipeFrozenGoldenConfirmation/pvc-csi-failure (0.00s)
        --- PASS: TestRecipeFrozenGoldenConfirmation/pvc-csi-failure/missing (0.00s)
        --- PASS: TestRecipeFrozenGoldenConfirmation/pvc-csi-failure/conflict (0.00s)
        --- PASS: TestRecipeFrozenGoldenConfirmation/pvc-csi-failure/degraded (0.00s)
        --- PASS: TestRecipeFrozenGoldenConfirmation/pvc-csi-failure/time-unreliable (0.00s)
        --- PASS: TestRecipeFrozenGoldenConfirmation/pvc-csi-failure/duplicate (0.00s)
        --- PASS: TestRecipeFrozenGoldenConfirmation/pvc-csi-failure/expired (0.00s)
        --- PASS: TestRecipeFrozenGoldenConfirmation/pvc-csi-failure/cpu-high (0.00s)
        --- PASS: TestRecipeFrozenGoldenConfirmation/pvc-csi-failure/recent-change (0.00s)
    --- PASS: TestRecipeFrozenGoldenConfirmation/node-failure (0.00s)
        --- PASS: TestRecipeFrozenGoldenConfirmation/node-failure/missing (0.00s)
        --- PASS: TestRecipeFrozenGoldenConfirmation/node-failure/conflict (0.00s)
        --- PASS: TestRecipeFrozenGoldenConfirmation/node-failure/degraded (0.00s)
        --- PASS: TestRecipeFrozenGoldenConfirmation/node-failure/time-unreliable (0.00s)
        --- PASS: TestRecipeFrozenGoldenConfirmation/node-failure/duplicate (0.00s)
        --- PASS: TestRecipeFrozenGoldenConfirmation/node-failure/expired (0.00s)
        --- PASS: TestRecipeFrozenGoldenConfirmation/node-failure/cpu-high (0.00s)
        --- PASS: TestRecipeFrozenGoldenConfirmation/node-failure/recent-change (0.00s)
PASS
ok  	ops-platform/internal/rca	1.521s
=== RUN   TestSP05FindingAtomicConcurrentTransportAndRecovery
2026/10/02 19:07:58 OK   00001_roles_and_schemas.sql (11.78ms)
2026/10/02 19:07:58 goose: successfully migrated database to version: 1
2026/10/02 19:07:58 OK   00002_platform_meta.sql (21.72ms)
2026/10/02 19:07:58 OK   00003_finding.sql (15.1ms)
2026/10/02 19:07:58 OK   00004_incident.sql (4.12ms)
2026/10/02 19:07:58 OK   00005_investigation.sql (8.96ms)
2026/10/02 19:07:58 OK   00006_action_command.sql (10.38ms)
2026/10/02 19:07:58 OK   00007_audit.sql (14.22ms)
2026/10/02 19:07:58 OK   00008_rls.sql (7.12ms)
2026/10/02 19:07:58 OK   00009_idempotency_ledger.sql (10.83ms)
2026/10/02 19:07:58 OK   00010_tenant_provisioning.sql (8.21ms)
2026/10/02 19:07:58 OK   00011_source_registration_history.sql (9.09ms)
2026/10/02 19:07:58 OK   00012_config_registry_lifecycle.sql (9.58ms)
2026/10/02 19:07:58 OK   00013_audit_signed_segments.sql (17.69ms)
2026/10/02 19:07:58 OK   00014_audit_segment_predecessors.sql (5.74ms)
2026/10/02 19:07:58 OK   00015_source_schema_scope.sql (4.19ms)
2026/10/02 19:07:58 OK   00016_cluster_registration_metadata.sql (6.99ms)
2026/10/02 19:07:58 OK   00017_source_data_scope.sql (6.47ms)
2026/10/02 19:07:58 OK   00018_sp04_resources_evidence.sql (13.31ms)
2026/10/02 19:07:58 OK   00019_sp04_archive_ciphertext_bytes.sql (5ms)
2026/10/02 19:07:58 OK   00020_sp04_request_ledger.sql (7.19ms)
2026/10/02 19:07:58 OK   00021_sp04_archive_protection.sql (5.21ms)
2026/10/02 19:07:58 OK   00022_sp04_legal_hold_dependencies.sql (5.13ms)
2026/10/02 19:07:58 OK   00023_sp04_archive_query_intent.sql (3.56ms)
2026/10/02 19:07:58 OK   00024_sp05_finding_incident.sql (28.93ms)
2026/10/02 19:07:58 OK   00025_sp05_incident_event_time.sql (5.4ms)
2026/10/02 19:07:58 OK   00026_sp05_source_binding_lock.sql (3.62ms)
2026/10/02 19:07:58 OK   00027_sp05_rca_and_poll.sql (8.43ms)
2026/10/02 19:07:58 OK   00028_sp05_operator_lock.sql (5.48ms)
2026/10/02 19:07:58 OK   00029_sp05_evidence_links.sql (11.07ms)
2026/10/02 19:07:58 OK   00030_sp05_recipe_fence.sql (3.26ms)
2026/10/02 19:07:58 goose: successfully migrated database to version: 30
--- PASS: TestSP05FindingAtomicConcurrentTransportAndRecovery (0.83s)
=== RUN   TestSP05ResolvedBeforeFiringAndTenantIsolation
2026/10/02 19:07:59 OK   00001_roles_and_schemas.sql (8.45ms)
2026/10/02 19:07:59 goose: successfully migrated database to version: 1
2026/10/02 19:07:59 OK   00002_platform_meta.sql (28.38ms)
2026/10/02 19:07:59 OK   00003_finding.sql (17.71ms)
2026/10/02 19:07:59 OK   00004_incident.sql (19.81ms)
2026/10/02 19:07:59 OK   00005_investigation.sql (17.97ms)
2026/10/02 19:07:59 OK   00006_action_command.sql (13.04ms)
2026/10/02 19:07:59 OK   00007_audit.sql (11.29ms)
2026/10/02 19:07:59 OK   00008_rls.sql (9.2ms)
2026/10/02 19:07:59 OK   00009_idempotency_ledger.sql (13.81ms)
2026/10/02 19:07:59 OK   00010_tenant_provisioning.sql (5.95ms)
2026/10/02 19:07:59 OK   00011_source_registration_history.sql (7.01ms)
2026/10/02 19:07:59 OK   00012_config_registry_lifecycle.sql (17.92ms)
2026/10/02 19:07:59 OK   00013_audit_signed_segments.sql (12.04ms)
2026/10/02 19:07:59 OK   00014_audit_segment_predecessors.sql (6.57ms)
2026/10/02 19:07:59 OK   00015_source_schema_scope.sql (4.79ms)
2026/10/02 19:07:59 OK   00016_cluster_registration_metadata.sql (5.6ms)
2026/10/02 19:07:59 OK   00017_source_data_scope.sql (3.3ms)
2026/10/02 19:07:59 OK   00018_sp04_resources_evidence.sql (11.89ms)
2026/10/02 19:07:59 OK   00019_sp04_archive_ciphertext_bytes.sql (3.65ms)
2026/10/02 19:07:59 OK   00020_sp04_request_ledger.sql (6.33ms)
2026/10/02 19:07:59 OK   00021_sp04_archive_protection.sql (5.72ms)
2026/10/02 19:07:59 OK   00022_sp04_legal_hold_dependencies.sql (4.06ms)
2026/10/02 19:07:59 OK   00023_sp04_archive_query_intent.sql (3.17ms)
2026/10/02 19:07:59 OK   00024_sp05_finding_incident.sql (27.29ms)
2026/10/02 19:07:59 OK   00025_sp05_incident_event_time.sql (4.49ms)
2026/10/02 19:07:59 OK   00026_sp05_source_binding_lock.sql (4.37ms)
2026/10/02 19:07:59 OK   00027_sp05_rca_and_poll.sql (6.7ms)
2026/10/02 19:07:59 OK   00028_sp05_operator_lock.sql (4.79ms)
2026/10/02 19:07:59 OK   00029_sp05_evidence_links.sql (8.32ms)
2026/10/02 19:07:59 OK   00030_sp05_recipe_fence.sql (6.81ms)
2026/10/02 19:07:59 goose: successfully migrated database to version: 30
--- PASS: TestSP05ResolvedBeforeFiringAndTenantIsolation (0.54s)
=== RUN   TestSP05IncidentConcurrentCorrelationOverrideSplitMergeRecovery
2026/10/02 19:07:59 OK   00001_roles_and_schemas.sql (11.95ms)
2026/10/02 19:07:59 goose: successfully migrated database to version: 1
2026/10/02 19:07:59 OK   00002_platform_meta.sql (28.99ms)
2026/10/02 19:07:59 OK   00003_finding.sql (10.71ms)
2026/10/02 19:07:59 OK   00004_incident.sql (5.99ms)
2026/10/02 19:07:59 OK   00005_investigation.sql (7.22ms)
2026/10/02 19:07:59 OK   00006_action_command.sql (15.45ms)
2026/10/02 19:07:59 OK   00007_audit.sql (27.51ms)
2026/10/02 19:07:59 OK   00008_rls.sql (19.55ms)
2026/10/02 19:07:59 OK   00009_idempotency_ledger.sql (11.83ms)
2026/10/02 19:07:59 OK   00010_tenant_provisioning.sql (6.35ms)
2026/10/02 19:07:59 OK   00011_source_registration_history.sql (9.69ms)
2026/10/02 19:07:59 OK   00012_config_registry_lifecycle.sql (23.24ms)
2026/10/02 19:07:59 OK   00013_audit_signed_segments.sql (11.53ms)
2026/10/02 19:07:59 OK   00014_audit_segment_predecessors.sql (9.3ms)
2026/10/02 19:08:00 OK   00015_source_schema_scope.sql (7.15ms)
2026/10/02 19:08:00 OK   00016_cluster_registration_metadata.sql (9.96ms)
2026/10/02 19:08:00 OK   00017_source_data_scope.sql (4.2ms)
2026/10/02 19:08:00 OK   00018_sp04_resources_evidence.sql (18.14ms)
2026/10/02 19:08:00 OK   00019_sp04_archive_ciphertext_bytes.sql (4ms)
2026/10/02 19:08:00 OK   00020_sp04_request_ledger.sql (9.08ms)
2026/10/02 19:08:00 OK   00021_sp04_archive_protection.sql (4.7ms)
2026/10/02 19:08:00 OK   00022_sp04_legal_hold_dependencies.sql (4.89ms)
2026/10/02 19:08:00 OK   00023_sp04_archive_query_intent.sql (4.84ms)
2026/10/02 19:08:00 OK   00024_sp05_finding_incident.sql (27.07ms)
2026/10/02 19:08:00 OK   00025_sp05_incident_event_time.sql (3.15ms)
2026/10/02 19:08:00 OK   00026_sp05_source_binding_lock.sql (5.09ms)
2026/10/02 19:08:00 OK   00027_sp05_rca_and_poll.sql (14.66ms)
2026/10/02 19:08:00 OK   00028_sp05_operator_lock.sql (5.63ms)
2026/10/02 19:08:00 OK   00029_sp05_evidence_links.sql (7.07ms)
2026/10/02 19:08:00 OK   00030_sp05_recipe_fence.sql (3.29ms)
2026/10/02 19:08:00 goose: successfully migrated database to version: 30
--- PASS: TestSP05IncidentConcurrentCorrelationOverrideSplitMergeRecovery (0.96s)
=== RUN   TestSP05FindingRejectsMissingEvidenceWithoutPartialCommit
2026/10/02 19:08:00 OK   00001_roles_and_schemas.sql (10.59ms)
2026/10/02 19:08:00 goose: successfully migrated database to version: 1
2026/10/02 19:08:00 OK   00002_platform_meta.sql (18.7ms)
2026/10/02 19:08:00 OK   00003_finding.sql (8.03ms)
2026/10/02 19:08:00 OK   00004_incident.sql (11.31ms)
2026/10/02 19:08:00 OK   00005_investigation.sql (7.9ms)
2026/10/02 19:08:00 OK   00006_action_command.sql (8.37ms)
2026/10/02 19:08:00 OK   00007_audit.sql (18.3ms)
2026/10/02 19:08:00 OK   00008_rls.sql (11.39ms)
2026/10/02 19:08:00 OK   00009_idempotency_ledger.sql (7.44ms)
2026/10/02 19:08:00 OK   00010_tenant_provisioning.sql (15.84ms)
2026/10/02 19:08:00 OK   00011_source_registration_history.sql (9.88ms)
2026/10/02 19:08:00 OK   00012_config_registry_lifecycle.sql (8.63ms)
2026/10/02 19:08:00 OK   00013_audit_signed_segments.sql (31.23ms)
2026/10/02 19:08:00 OK   00014_audit_segment_predecessors.sql (7.7ms)
2026/10/02 19:08:00 OK   00015_source_schema_scope.sql (4.93ms)
2026/10/02 19:08:00 OK   00016_cluster_registration_metadata.sql (5.76ms)
2026/10/02 19:08:00 OK   00017_source_data_scope.sql (5.26ms)
2026/10/02 19:08:00 OK   00018_sp04_resources_evidence.sql (29.54ms)
2026/10/02 19:08:00 OK   00019_sp04_archive_ciphertext_bytes.sql (4.06ms)
2026/10/02 19:08:01 OK   00020_sp04_request_ledger.sql (5.09ms)
2026/10/02 19:08:01 OK   00021_sp04_archive_protection.sql (4.55ms)
2026/10/02 19:08:01 OK   00022_sp04_legal_hold_dependencies.sql (4.63ms)
2026/10/02 19:08:01 OK   00023_sp04_archive_query_intent.sql (4.21ms)
2026/10/02 19:08:01 OK   00024_sp05_finding_incident.sql (31.84ms)
2026/10/02 19:08:01 OK   00025_sp05_incident_event_time.sql (4.13ms)
2026/10/02 19:08:01 OK   00026_sp05_source_binding_lock.sql (4.29ms)
2026/10/02 19:08:01 OK   00027_sp05_rca_and_poll.sql (14.89ms)
2026/10/02 19:08:01 OK   00028_sp05_operator_lock.sql (3.72ms)
2026/10/02 19:08:01 OK   00029_sp05_evidence_links.sql (8.31ms)
2026/10/02 19:08:01 OK   00030_sp05_recipe_fence.sql (3.06ms)
2026/10/02 19:08:01 goose: successfully migrated database to version: 30
--- PASS: TestSP05FindingRejectsMissingEvidenceWithoutPartialCommit (0.55s)
PASS
ok  	ops-platform/test/integration	5.003s
