{"Time":"2026-10-02T22:52:42.047194+08:00","Action":"start","Package":"ops-platform/test/contract"}
{"Time":"2026-10-02T22:52:42.6528+08:00","Action":"run","Package":"ops-platform/test/contract","Test":"TestGraphNonVirtualUpstreamReplay"}
{"Time":"2026-10-02T22:52:42.652886+08:00","Action":"output","Package":"ops-platform/test/contract","Test":"TestGraphNonVirtualUpstreamReplay","Output":"=== RUN   TestGraphNonVirtualUpstreamReplay\n","OutputType":"frame"}
{"Time":"2026-10-02T22:52:42.654755+08:00","Action":"output","Package":"ops-platform/test/contract","Test":"TestGraphNonVirtualUpstreamReplay","Output":"    graph_replay_test.go:97: command=go [\"version\"] cwd=/Users/mssc/Documents/Code/ops/platform\n"}
{"Time":"2026-10-02T22:52:42.664975+08:00","Action":"output","Package":"ops-platform/test/contract","Test":"TestGraphNonVirtualUpstreamReplay","Output":"    graph_replay_test.go:97: go version go1.27.1 darwin/arm64\n"}
{"Time":"2026-10-02T22:52:42.665024+08:00","Action":"output","Package":"ops-platform/test/contract","Test":"TestGraphNonVirtualUpstreamReplay","Output":"    graph_replay_test.go:101: command=go [\"env\" \"GOMODCACHE\"] cwd=/Users/mssc/Documents/Code/ops/platform\n"}
{"Time":"2026-10-02T22:52:42.673184+08:00","Action":"output","Package":"ops-platform/test/contract","Test":"TestGraphNonVirtualUpstreamReplay","Output":"    graph_replay_test.go:101: /Users/mssc/go/pkg/mod\n"}
{"Time":"2026-10-02T22:52:42.673645+08:00","Action":"output","Package":"ops-platform/test/contract","Test":"TestGraphNonVirtualUpstreamReplay","Output":"    graph_replay_test.go:114: command=git [\"-C\" \"/tmp/ops-sp02-upstream/ariadne\" \"archive\" \"--format=tar\" \"--output=/var/folders/71/5876xm8s6d37d5873yq80dc80000gn/T/TestGraphNonVirtualUpstreamReplay3273505489/001/ariadne.tar\" \"fa2232ce45c4c869e47ddae1c57e8886830cfb6c\"] cwd=/Users/mssc/Documents/Code/ops/platform\n"}
{"Time":"2026-10-02T22:52:42.705524+08:00","Action":"output","Package":"ops-platform/test/contract","Test":"TestGraphNonVirtualUpstreamReplay","Output":"    graph_replay_test.go:122: command=tar [\"-xf\" \"/var/folders/71/5876xm8s6d37d5873yq80dc80000gn/T/TestGraphNonVirtualUpstreamReplay3273505489/001/ariadne.tar\" \"-C\" \"/var/folders/71/5876xm8s6d37d5873yq80dc80000gn/T/TestGraphNonVirtualUpstreamReplay3273505489/001/ariadne\"] cwd=/Users/mssc/Documents/Code/ops/platform\n"}
{"Time":"2026-10-02T22:52:42.730084+08:00","Action":"output","Package":"ops-platform/test/contract","Test":"TestGraphNonVirtualUpstreamReplay","Output":"    graph_replay_test.go:114: command=git [\"-C\" \"/tmp/ops-sp02-upstream/kubernetes-ontology\" \"archive\" \"--format=tar\" \"--output=/var/folders/71/5876xm8s6d37d5873yq80dc80000gn/T/TestGraphNonVirtualUpstreamReplay3273505489/001/ontology.tar\" \"346236312685a2e2e824c46b9ecdb3e8e8a10c76\"] cwd=/Users/mssc/Documents/Code/ops/platform\n"}
{"Time":"2026-10-02T22:52:42.775682+08:00","Action":"output","Package":"ops-platform/test/contract","Test":"TestGraphNonVirtualUpstreamReplay","Output":"    graph_replay_test.go:122: command=tar [\"-xf\" \"/var/folders/71/5876xm8s6d37d5873yq80dc80000gn/T/TestGraphNonVirtualUpstreamReplay3273505489/001/ontology.tar\" \"-C\" \"/var/folders/71/5876xm8s6d37d5873yq80dc80000gn/T/TestGraphNonVirtualUpstreamReplay3273505489/001/ontology\"] cwd=/Users/mssc/Documents/Code/ops/platform\n"}
{"Time":"2026-10-02T22:52:42.819701+08:00","Action":"output","Package":"ops-platform/test/contract","Test":"TestGraphNonVirtualUpstreamReplay","Output":"    graph_replay_test.go:129: command=git [\"apply\" \"--unidiff-zero\" \"/Users/mssc/Documents/Code/ops/platform/test/fixtures/upstream-graph/ontology-ariadne-reader.patch\"] cwd=/var/folders/71/5876xm8s6d37d5873yq80dc80000gn/T/TestGraphNonVirtualUpstreamReplay3273505489/001/ontology\n"}
{"Time":"2026-10-02T22:52:42.835206+08:00","Action":"output","Package":"ops-platform/test/contract","Test":"TestGraphNonVirtualUpstreamReplay","Output":"    graph_replay_test.go:146: command=go [\"test\" \"-c\" \"-o\" \"/var/folders/71/5876xm8s6d37d5873yq80dc80000gn/T/TestGraphNonVirtualUpstreamReplay3273505489/001/graph.test\"] cwd=/var/folders/71/5876xm8s6d37d5873yq80dc80000gn/T/TestGraphNonVirtualUpstreamReplay3273505489/001/graph\n"}
{"Time":"2026-10-02T22:52:43.873951+08:00","Action":"output","Package":"ops-platform/test/contract","Test":"TestGraphNonVirtualUpstreamReplay","Output":"    graph_replay_test.go:155: command=docker [\"--context\" \"orbstack\" \"run\" \"--rm\" \"--network\" \"none\" \"--pull=never\" \"--read-only\" \"--cap-drop=ALL\" \"--security-opt=no-new-privileges\" \"--tmpfs\" \"/tmp:rw,exec,mode=1777\" \"--mount\" \"type=bind,src=/var/folders/71/5876xm8s6d37d5873yq80dc80000gn/T/TestGraphNonVirtualUpstreamReplay3273505489/001,dst=/replay,readonly\" \"--mount\" \"type=bind,src=/Users/mssc/go/pkg/mod,dst=/go/pkg/mod,readonly\" \"-e\" \"GOPROXY=off\" \"-e\" \"GOSUMDB=off\" \"-e\" \"GOCACHE=/tmp/go-build\" \"-w\" \"/replay/graph/run\" \"golang:1.27.1-alpine@sha256:8a5910f31396cd4d89662f56c68b3ae31d374308270a1c3bd96672ee5ed43414\" \"/replay/graph.test\" \"-test.run=^TestAriadneNonVirtualGolden20K$\" \"-test.v\" \"-test.count=1\"] cwd=/Users/mssc/Documents/Code/ops/platform\n"}
{"Time":"2026-10-02T22:52:58.962373+08:00","Action":"output","Package":"ops-platform/test/contract","Test":"TestGraphNonVirtualUpstreamReplay","Output":"    graph_replay_test.go:155: === RUN   TestAriadneNonVirtualGolden20K\n"}
{"Time":"2026-10-02T22:52:58.962435+08:00","Action":"output","Package":"ops-platform/test/contract","Test":"TestGraphNonVirtualUpstreamReplay","Output":"            graph_test.go:35: build_objects=16.97305ms\n"}
{"Time":"2026-10-02T22:52:58.962465+08:00","Action":"output","Package":"ops-platform/test/contract","Test":"TestGraphNonVirtualUpstreamReplay","Output":"            graph_test.go:52: graph_load=14.562427266s\n"}
{"Time":"2026-10-02T22:52:58.962473+08:00","Action":"output","Package":"ops-platform/test/contract","Test":"TestGraphNonVirtualUpstreamReplay","Output":"        --- PASS: TestAriadneNonVirtualGolden20K (14.61s)\n"}
{"Time":"2026-10-02T22:52:58.96248+08:00","Action":"output","Package":"ops-platform/test/contract","Test":"TestGraphNonVirtualUpstreamReplay","Output":"        PASS\n"}
{"Time":"2026-10-02T22:52:58.962548+08:00","Action":"output","Package":"ops-platform/test/contract","Test":"TestGraphNonVirtualUpstreamReplay","Output":"    graph_replay_test.go:157: command=docker [\"--context\" \"orbstack\" \"run\" \"--rm\" \"--network\" \"none\" \"--pull=never\" \"--read-only\" \"--cap-drop=ALL\" \"--security-opt=no-new-privileges\" \"--tmpfs\" \"/tmp:rw,exec,mode=1777\" \"--mount\" \"type=bind,src=/var/folders/71/5876xm8s6d37d5873yq80dc80000gn/T/TestGraphNonVirtualUpstreamReplay3273505489/001,dst=/replay,readonly\" \"--mount\" \"type=bind,src=/Users/mssc/go/pkg/mod,dst=/go/pkg/mod,readonly\" \"-e\" \"GOPROXY=off\" \"-e\" \"GOSUMDB=off\" \"-e\" \"GOCACHE=/tmp/go-build\" \"-w\" \"/replay/ontology\" \"golang:1.27.1-alpine@sha256:8a5910f31396cd4d89662f56c68b3ae31d374308270a1c3bd96672ee5ed43414\" \"go\" \"test\" \"-mod=readonly\" \"-p\" \"1\" \"-count=1\" \"-v\" \"./internal/graph\" \"./internal/service/diagnostic\"] cwd=/Users/mssc/Documents/Code/ops/platform\n"}
{"Time":"2026-10-02T22:53:49.624757+08:00","Action":"output","Package":"ops-platform/test/contract","Test":"TestGraphNonVirtualUpstreamReplay","Output":"    graph_replay_test.go:157: === RUN   TestBuilderBuild\n"}
{"Time":"2026-10-02T22:53:49.625163+08:00","Action":"output","Package":"ops-platform/test/contract","Test":"TestGraphNonVirtualUpstreamReplay","Output":"        --- PASS: TestBuilderBuild (0.00s)\n"}
{"Time":"2026-10-02T22:53:49.625195+08:00","Action":"output","Package":"ops-platform/test/contract","Test":"TestGraphNonVirtualUpstreamReplay","Output":"        === RUN   TestBuilderBuildsRoutingPolicyAutoscalingAndAttachmentTopology\n"}
{"Time":"2026-10-02T22:53:49.625208+08:00","Action":"output","Package":"ops-platform/test/contract","Test":"TestGraphNonVirtualUpstreamReplay","Output":"        --- PASS: TestBuilderBuildsRoutingPolicyAutoscalingAndAttachmentTopology (0.00s)\n"}
{"Time":"2026-10-02T22:53:49.625219+08:00","Action":"output","Package":"ops-platform/test/contract","Test":"TestGraphNonVirtualUpstreamReplay","Output":"        === RUN   TestBuilderAddsRuntimeEvidenceFieldsAndEventNameFallback\n"}
{"Time":"2026-10-02T22:53:49.625258+08:00","Action":"output","Package":"ops-platform/test/contract","Test":"TestGraphNonVirtualUpstreamReplay","Output":"        --- PASS: TestBuilderAddsRuntimeEvidenceFieldsAndEventNameFallback (0.00s)\n"}
{"Time":"2026-10-02T22:53:49.625265+08:00","Action":"output","Package":"ops-platform/test/contract","Test":"TestGraphNonVirtualUpstreamReplay","Output":"        === RUN   TestBuilderBuildsConfiguredWorkloadOwnerChain\n"}
{"Time":"2026-10-02T22:53:49.625271+08:00","Action":"output","Package":"ops-platform/test/contract","Test":"TestGraphNonVirtualUpstreamReplay","Output":"        --- PASS: TestBuilderBuildsConfiguredWorkloadOwnerChain (0.00s)\n"}
{"Time":"2026-10-02T22:53:49.625277+08:00","Action":"output","Package":"ops-platform/test/contract","Test":"TestGraphNonVirtualUpstreamReplay","Output":"        === RUN   TestBuilderBuildsConfiguredControllerRuleEdges\n"}
{"Time":"2026-10-02T22:53:49.625283+08:00","Action":"output","Package":"ops-platform/test/contract","Test":"TestGraphNonVirtualUpstreamReplay","Output":"        --- PASS: TestBuilderBuildsConfiguredControllerRuleEdges (0.00s)\n"}
{"Time":"2026-10-02T22:53:49.625288+08:00","Action":"output","Package":"ops-platform/test/contract","Test":"TestGraphNonVirtualUpstreamReplay","Output":"        === RUN   TestBuilderBuildsRBACTopology\n"}
{"Time":"2026-10-02T22:53:49.625294+08:00","Action":"output","Package":"ops-platform/test/contract","Test":"TestGraphNonVirtualUpstreamReplay","Output":"        --- PASS: TestBuilderBuildsRBACTopology (0.00s)\n"}
{"Time":"2026-10-02T22:53:49.625301+08:00","Action":"output","Package":"ops-platform/test/contract","Test":"TestGraphNonVirtualUpstreamReplay","Output":"        === RUN   TestBuilderInfersHelmReleaseAndChartFromLabels\n"}
{"Time":"2026-10-02T22:53:49.625307+08:00","Action":"output","Package":"ops-platform/test/contract","Test":"TestGraphNonVirtualUpstreamReplay","Output":"        --- PASS: TestBuilderInfersHelmReleaseAndChartFromLabels (0.00s)\n"}
{"Time":"2026-10-02T22:53:49.625312+08:00","Action":"output","Package":"ops-platform/test/contract","Test":"TestGraphNonVirtualUpstreamReplay","Output":"        === RUN   TestKernelNeighborsUsesIndexedEdgeLookup\n"}
{"Time":"2026-10-02T22:53:49.625318+08:00","Action":"output","Package":"ops-platform/test/contract","Test":"TestGraphNonVirtualUpstreamReplay","Output":"        --- PASS: TestKernelNeighborsUsesIndexedEdgeLookup (0.00s)\n"}
{"Time":"2026-10-02T22:53:49.625333+08:00","Action":"output","Package":"ops-platform/test/contract","Test":"TestGraphNonVirtualUpstreamReplay","Output":"        === RUN   TestPodFixtureContract\n"}
{"Time":"2026-10-02T22:53:49.625339+08:00","Action":"output","Package":"ops-platform/test/contract","Test":"TestGraphNonVirtualUpstreamReplay","Output":"        --- PASS: TestPodFixtureContract (0.00s)\n"}
{"Time":"2026-10-02T22:53:49.625345+08:00","Action":"output","Package":"ops-platform/test/contract","Test":"TestGraphNonVirtualUpstreamReplay","Output":"        === RUN   TestBuilderBuildPVCToPV\n"}
{"Time":"2026-10-02T22:53:49.625361+08:00","Action":"output","Package":"ops-platform/test/contract","Test":"TestGraphNonVirtualUpstreamReplay","Output":"        --- PASS: TestBuilderBuildPVCToPV (0.00s)\n"}
{"Time":"2026-10-02T22:53:49.625373+08:00","Action":"output","Package":"ops-platform/test/contract","Test":"TestGraphNonVirtualUpstreamReplay","Output":"        === RUN   TestBuilderBuildsPVCStorageTopology\n"}
{"Time":"2026-10-02T22:53:49.625387+08:00","Action":"output","Package":"ops-platform/test/contract","Test":"TestGraphNonVirtualUpstreamReplay","Output":"        --- PASS: TestBuilderBuildsPVCStorageTopology (0.00s)\n"}
{"Time":"2026-10-02T22:53:49.625402+08:00","Action":"output","Package":"ops-platform/test/contract","Test":"TestGraphNonVirtualUpstreamReplay","Output":"        === RUN   TestBuilderDoesNotSynthesizeCSIDriverForNonCSIProvisioner\n"}
{"Time":"2026-10-02T22:53:49.625434+08:00","Action":"output","Package":"ops-platform/test/contract","Test":"TestGraphNonVirtualUpstreamReplay","Output":"        --- PASS: TestBuilderDoesNotSynthesizeCSIDriverForNonCSIProvisioner (0.00s)\n"}
{"Time":"2026-10-02T22:53:49.625467+08:00","Action":"output","Package":"ops-platform/test/contract","Test":"TestGraphNonVirtualUpstreamReplay","Output":"        === RUN   TestBuilderUsesConfiguredCSIComponentRule\n"}
{"Time":"2026-10-02T22:53:49.625482+08:00","Action":"output","Package":"ops-platform/test/contract","Test":"TestGraphNonVirtualUpstreamReplay","Output":"        --- PASS: TestBuilderUsesConfiguredCSIComponentRule (0.00s)\n"}
{"Time":"2026-10-02T22:53:49.625532+08:00","Action":"output","Package":"ops-platform/test/contract","Test":"TestGraphNonVirtualUpstreamReplay","Output":"        === RUN   TestBuilderScopesPVCSINodeAgentToConsumingPodNode\n"}
{"Time":"2026-10-02T22:53:49.625547+08:00","Action":"output","Package":"ops-platform/test/contract","Test":"TestGraphNonVirtualUpstreamReplay","Output":"        --- PASS: TestBuilderScopesPVCSINodeAgentToConsumingPodNode (0.00s)\n"}
{"Time":"2026-10-02T22:53:49.625561+08:00","Action":"output","Package":"ops-platform/test/contract","Test":"TestGraphNonVirtualUpstreamReplay","Output":"        PASS\n"}
{"Time":"2026-10-02T22:53:49.625579+08:00","Action":"output","Package":"ops-platform/test/contract","Test":"TestGraphNonVirtualUpstreamReplay","Output":"        ok  \tgithub.com/Colvin-Y/kubernetes-ontology/internal/graph\t0.007s\n"}
{"Time":"2026-10-02T22:53:49.625593+08:00","Action":"output","Package":"ops-platform/test/contract","Test":"TestGraphNonVirtualUpstreamReplay","Output":"        === RUN   TestAriadneBacksOntologyDiagnosticServiceWithoutSecondIndex\n"}
{"Time":"2026-10-02T22:53:49.625608+08:00","Action":"output","Package":"ops-platform/test/contract","Test":"TestGraphNonVirtualUpstreamReplay","Output":"        --- PASS: TestAriadneBacksOntologyDiagnosticServiceWithoutSecondIndex (0.00s)\n"}
{"Time":"2026-10-02T22:53:49.625623+08:00","Action":"output","Package":"ops-platform/test/contract","Test":"TestGraphNonVirtualUpstreamReplay","Output":"        === RUN   TestGetDiagnosticSubgraphRespectsMaxDepth\n"}
{"Time":"2026-10-02T22:53:49.625637+08:00","Action":"output","Package":"ops-platform/test/contract","Test":"TestGraphNonVirtualUpstreamReplay","Output":"        --- PASS: TestGetDiagnosticSubgraphRespectsMaxDepth (0.00s)\n"}
{"Time":"2026-10-02T22:53:49.625651+08:00","Action":"output","Package":"ops-platform/test/contract","Test":"TestGraphNonVirtualUpstreamReplay","Output":"        === RUN   TestGetDiagnosticSubgraph\n"}
{"Time":"2026-10-02T22:53:49.625665+08:00","Action":"output","Package":"ops-platform/test/contract","Test":"TestGraphNonVirtualUpstreamReplay","Output":"        --- PASS: TestGetDiagnosticSubgraph (0.00s)\n"}
{"Time":"2026-10-02T22:53:49.625698+08:00","Action":"output","Package":"ops-platform/test/contract","Test":"TestGraphNonVirtualUpstreamReplay","Output":"        === RUN   TestGetDiagnosticSubgraphByPodFindsCanonicalEntry\n"}
{"Time":"2026-10-02T22:53:49.625712+08:00","Action":"output","Package":"ops-platform/test/contract","Test":"TestGraphNonVirtualUpstreamReplay","Output":"        --- PASS: TestGetDiagnosticSubgraphByPodFindsCanonicalEntry (0.00s)\n"}
{"Time":"2026-10-02T22:53:49.625726+08:00","Action":"output","Package":"ops-platform/test/contract","Test":"TestGraphNonVirtualUpstreamReplay","Output":"        === RUN   TestGetDiagnosticSubgraphTraversesStorageClassAndCSIDriver\n"}
{"Time":"2026-10-02T22:53:49.62574+08:00","Action":"output","Package":"ops-platform/test/contract","Test":"TestGraphNonVirtualUpstreamReplay","Output":"        --- PASS: TestGetDiagnosticSubgraphTraversesStorageClassAndCSIDriver (0.00s)\n"}
{"Time":"2026-10-02T22:53:49.625795+08:00","Action":"output","Package":"ops-platform/test/contract","Test":"TestGraphNonVirtualUpstreamReplay","Output":"        === RUN   TestGetDiagnosticSubgraphScopesCSINodeAgentsForPodStoragePath\n"}
{"Time":"2026-10-02T22:53:49.625842+08:00","Action":"output","Package":"ops-platform/test/contract","Test":"TestGraphNonVirtualUpstreamReplay","Output":"        --- PASS: TestGetDiagnosticSubgraphScopesCSINodeAgentsForPodStoragePath (0.00s)\n"}
{"Time":"2026-10-02T22:53:49.62596+08:00","Action":"output","Package":"ops-platform/test/contract","Test":"TestGraphNonVirtualUpstreamReplay","Output":"        === RUN   TestGetDiagnosticSubgraphReturnsPartialWhenNodeBudgetExceeded\n"}
{"Time":"2026-10-02T22:53:49.625976+08:00","Action":"output","Package":"ops-platform/test/contract","Test":"TestGraphNonVirtualUpstreamReplay","Output":"        --- PASS: TestGetDiagnosticSubgraphReturnsPartialWhenNodeBudgetExceeded (0.00s)\n"}
{"Time":"2026-10-02T22:53:49.625986+08:00","Action":"output","Package":"ops-platform/test/contract","Test":"TestGraphNonVirtualUpstreamReplay","Output":"        === RUN   TestGetDiagnosticSubgraphReturnsPartialWhenEdgeBudgetExceeded\n"}
{"Time":"2026-10-02T22:53:49.625995+08:00","Action":"output","Package":"ops-platform/test/contract","Test":"TestGraphNonVirtualUpstreamReplay","Output":"        --- PASS: TestGetDiagnosticSubgraphReturnsPartialWhenEdgeBudgetExceeded (0.00s)\n"}
{"Time":"2026-10-02T22:53:49.626012+08:00","Action":"output","Package":"ops-platform/test/contract","Test":"TestGraphNonVirtualUpstreamReplay","Output":"        === RUN   TestGetDiagnosticSubgraphRanksEventEvidence\n"}
{"Time":"2026-10-02T22:53:49.626022+08:00","Action":"output","Package":"ops-platform/test/contract","Test":"TestGraphNonVirtualUpstreamReplay","Output":"        --- PASS: TestGetDiagnosticSubgraphRanksEventEvidence (0.00s)\n"}
{"Time":"2026-10-02T22:53:49.626031+08:00","Action":"output","Package":"ops-platform/test/contract","Test":"TestGraphNonVirtualUpstreamReplay","Output":"        === RUN   TestGetDiagnosticSubgraphForHelmReleaseIncludesOwnedResourcesAndChart\n"}
{"Time":"2026-10-02T22:53:49.626039+08:00","Action":"output","Package":"ops-platform/test/contract","Test":"TestGraphNonVirtualUpstreamReplay","Output":"        --- PASS: TestGetDiagnosticSubgraphForHelmReleaseIncludesOwnedResourcesAndChart (0.00s)\n"}
{"Time":"2026-10-02T22:53:49.626051+08:00","Action":"output","Package":"ops-platform/test/contract","Test":"TestGraphNonVirtualUpstreamReplay","Output":"        === RUN   TestGetDiagnosticSubgraphReportsHelmOwnershipConflicts\n"}
{"Time":"2026-10-02T22:53:49.62606+08:00","Action":"output","Package":"ops-platform/test/contract","Test":"TestGraphNonVirtualUpstreamReplay","Output":"        --- PASS: TestGetDiagnosticSubgraphReportsHelmOwnershipConflicts (0.00s)\n"}
{"Time":"2026-10-02T22:53:49.626068+08:00","Action":"output","Package":"ops-platform/test/contract","Test":"TestGraphNonVirtualUpstreamReplay","Output":"        === RUN   TestDefaultExpansionStopsAtTerminalSharedNodes\n"}
{"Time":"2026-10-02T22:53:49.626078+08:00","Action":"output","Package":"ops-platform/test/contract","Test":"TestGraphNonVirtualUpstreamReplay","Output":"        --- PASS: TestDefaultExpansionStopsAtTerminalSharedNodes (0.00s)\n"}
{"Time":"2026-10-02T22:53:49.626087+08:00","Action":"output","Package":"ops-platform/test/contract","Test":"TestGraphNonVirtualUpstreamReplay","Output":"        === RUN   TestExpansionCanTraverseTerminalNodes\n"}
{"Time":"2026-10-02T22:53:49.626094+08:00","Action":"output","Package":"ops-platform/test/contract","Test":"TestGraphNonVirtualUpstreamReplay","Output":"        --- PASS: TestExpansionCanTraverseTerminalNodes (0.00s)\n"}
{"Time":"2026-10-02T22:53:49.626101+08:00","Action":"output","Package":"ops-platform/test/contract","Test":"TestGraphNonVirtualUpstreamReplay","Output":"        PASS\n"}
{"Time":"2026-10-02T22:53:49.626111+08:00","Action":"output","Package":"ops-platform/test/contract","Test":"TestGraphNonVirtualUpstreamReplay","Output":"        ok  \tgithub.com/Colvin-Y/kubernetes-ontology/internal/service/diagnostic\t0.005s\n"}
{"Time":"2026-10-02T22:53:49.651766+08:00","Action":"output","Package":"ops-platform/test/contract","Test":"TestGraphNonVirtualUpstreamReplay","Output":"--- PASS: TestGraphNonVirtualUpstreamReplay (67.02s)\n","OutputType":"frame"}
{"Time":"2026-10-02T22:53:49.651803+08:00","Action":"pass","Package":"ops-platform/test/contract","Test":"TestGraphNonVirtualUpstreamReplay","Elapsed":67.02}
{"Time":"2026-10-02T22:53:49.651842+08:00","Action":"run","Package":"ops-platform/test/contract","Test":"TestInspectionNonVirtualUpstreamReplay"}
{"Time":"2026-10-02T22:53:49.651847+08:00","Action":"output","Package":"ops-platform/test/contract","Test":"TestInspectionNonVirtualUpstreamReplay","Output":"=== RUN   TestInspectionNonVirtualUpstreamReplay\n","OutputType":"frame"}
{"Time":"2026-10-02T22:56:12.048891+08:00","Action":"output","Package":"ops-platform/test/contract","Test":"TestInspectionNonVirtualUpstreamReplay","Output":"    inspection_replay_test.go:76: command=/Users/mssc/.local/share/mise/installs/python/3.12.14/bin/python3 [\"/Users/mssc/Documents/Code/ops/platform/test/fixtures/upstream-inspection/replay-nonvirtual.py\" \"--sources\" \"/tmp/ops-sp02-task29\" \"--keep-wheels\" \"/tmp/ops-sp02-keep/wheelhouse\" \"--output\" \"/tmp/ops-sp05-inspection-current-replay-restored\"]\n"}
{"Time":"2026-10-02T22:56:12.049135+08:00","Action":"output","Package":"ops-platform/test/contract","Test":"TestInspectionNonVirtualUpstreamReplay","Output":"        k8sgpt-analyzer: exit 0; runtime remains disabled; log=/tmp/ops-sp05-inspection-current-replay-restored/k8sgpt-analyzer.log\n"}
{"Time":"2026-10-02T22:56:12.04915+08:00","Action":"output","Package":"ops-platform/test/contract","Test":"TestInspectionNonVirtualUpstreamReplay","Output":"        node-problem-detector-rules: exit 0; runtime remains disabled; log=/tmp/ops-sp05-inspection-current-replay-restored/node-problem-detector-rules.log\n"}
{"Time":"2026-10-02T22:56:12.049157+08:00","Action":"output","Package":"ops-platform/test/contract","Test":"TestInspectionNonVirtualUpstreamReplay","Output":"        coroot-community-check: exit 0; runtime remains disabled; log=/tmp/ops-sp05-inspection-current-replay-restored/coroot-community-check.log\n"}
{"Time":"2026-10-02T22:56:12.049161+08:00","Action":"output","Package":"ops-platform/test/contract","Test":"TestInspectionNonVirtualUpstreamReplay","Output":"        keep-community-model: exit 0; runtime remains disabled; log=/tmp/ops-sp05-inspection-current-replay-restored/keep-community-model.log\n"}
{"Time":"2026-10-02T22:56:12.049165+08:00","Action":"output","Package":"ops-platform/test/contract","Test":"TestInspectionNonVirtualUpstreamReplay","Output":"        metal3-bmo-model: exit 0; runtime remains disabled; log=/tmp/ops-sp05-inspection-current-replay-restored/metal3-bmo-model.log\n"}
{"Time":"2026-10-02T22:56:12.049169+08:00","Action":"output","Package":"ops-platform/test/contract","Test":"TestInspectionNonVirtualUpstreamReplay","Output":"        gofish-redfish: exit 0; runtime remains disabled; log=/tmp/ops-sp05-inspection-current-replay-restored/gofish-redfish.log\n"}
{"Time":"2026-10-02T22:56:12.049173+08:00","Action":"output","Package":"ops-platform/test/contract","Test":"TestInspectionNonVirtualUpstreamReplay","Output":"        ipmi-exporter: exit 0; runtime remains disabled; log=/tmp/ops-sp05-inspection-current-replay-restored/ipmi-exporter.log\n"}
{"Time":"2026-10-02T22:56:12.049176+08:00","Action":"output","Package":"ops-platform/test/contract","Test":"TestInspectionNonVirtualUpstreamReplay","Output":"        smartctl-exporter: exit 0; runtime remains disabled; log=/tmp/ops-sp05-inspection-current-replay-restored/smartctl-exporter.log\n"}
{"Time":"2026-10-02T22:56:12.049184+08:00","Action":"output","Package":"ops-platform/test/contract","Test":"TestInspectionNonVirtualUpstreamReplay","Output":"--- PASS: TestInspectionNonVirtualUpstreamReplay (142.42s)\n","OutputType":"frame"}
{"Time":"2026-10-02T22:56:12.049194+08:00","Action":"pass","Package":"ops-platform/test/contract","Test":"TestInspectionNonVirtualUpstreamReplay","Elapsed":142.42}
{"Time":"2026-10-02T22:56:12.049202+08:00","Action":"output","Package":"ops-platform/test/contract","Output":"PASS\n","OutputType":"frame"}
{"Time":"2026-10-02T22:56:12.050056+08:00","Action":"output","Package":"ops-platform/test/contract","Output":"ok  \tops-platform/test/contract\t210.047s\n"}
{"Time":"2026-10-02T22:56:12.050086+08:00","Action":"pass","Package":"ops-platform/test/contract","Elapsed":210.048}
Acceptance report: 2 tests passed; zero skips.
