{"Time":"2026-10-02T22:26:26.58065+08:00","Action":"start","Package":"ops-platform/test/contract"}
{"Time":"2026-10-02T22:26:27.183404+08:00","Action":"run","Package":"ops-platform/test/contract","Test":"TestGraphNonVirtualUpstreamReplay"}
{"Time":"2026-10-02T22:26:27.183485+08:00","Action":"output","Package":"ops-platform/test/contract","Test":"TestGraphNonVirtualUpstreamReplay","Output":"=== RUN   TestGraphNonVirtualUpstreamReplay\n","OutputType":"frame"}
{"Time":"2026-10-02T22:26:27.185681+08:00","Action":"output","Package":"ops-platform/test/contract","Test":"TestGraphNonVirtualUpstreamReplay","Output":"    graph_replay_test.go:97: command=go [\"version\"] cwd=/Users/mssc/Documents/Code/ops/platform\n"}
{"Time":"2026-10-02T22:26:27.195817+08:00","Action":"output","Package":"ops-platform/test/contract","Test":"TestGraphNonVirtualUpstreamReplay","Output":"    graph_replay_test.go:97: go version go1.27.1 darwin/arm64\n"}
{"Time":"2026-10-02T22:26:27.195873+08:00","Action":"output","Package":"ops-platform/test/contract","Test":"TestGraphNonVirtualUpstreamReplay","Output":"    graph_replay_test.go:101: command=go [\"env\" \"GOMODCACHE\"] cwd=/Users/mssc/Documents/Code/ops/platform\n"}
{"Time":"2026-10-02T22:26:27.204108+08:00","Action":"output","Package":"ops-platform/test/contract","Test":"TestGraphNonVirtualUpstreamReplay","Output":"    graph_replay_test.go:101: /Users/mssc/go/pkg/mod\n"}
{"Time":"2026-10-02T22:26:27.204845+08:00","Action":"output","Package":"ops-platform/test/contract","Test":"TestGraphNonVirtualUpstreamReplay","Output":"    graph_replay_test.go:114: command=git [\"-C\" \"/tmp/ops-sp02-upstream/ariadne\" \"archive\" \"--format=tar\" \"--output=/var/folders/71/5876xm8s6d37d5873yq80dc80000gn/T/TestGraphNonVirtualUpstreamReplay1179881854/001/ariadne.tar\" \"fa2232ce45c4c869e47ddae1c57e8886830cfb6c\"] cwd=/Users/mssc/Documents/Code/ops/platform\n"}
{"Time":"2026-10-02T22:26:27.245606+08:00","Action":"output","Package":"ops-platform/test/contract","Test":"TestGraphNonVirtualUpstreamReplay","Output":"    graph_replay_test.go:122: command=tar [\"-xf\" \"/var/folders/71/5876xm8s6d37d5873yq80dc80000gn/T/TestGraphNonVirtualUpstreamReplay1179881854/001/ariadne.tar\" \"-C\" \"/var/folders/71/5876xm8s6d37d5873yq80dc80000gn/T/TestGraphNonVirtualUpstreamReplay1179881854/001/ariadne\"] cwd=/Users/mssc/Documents/Code/ops/platform\n"}
{"Time":"2026-10-02T22:26:27.270332+08:00","Action":"output","Package":"ops-platform/test/contract","Test":"TestGraphNonVirtualUpstreamReplay","Output":"    graph_replay_test.go:114: command=git [\"-C\" \"/tmp/ops-sp02-upstream/kubernetes-ontology\" \"archive\" \"--format=tar\" \"--output=/var/folders/71/5876xm8s6d37d5873yq80dc80000gn/T/TestGraphNonVirtualUpstreamReplay1179881854/001/ontology.tar\" \"346236312685a2e2e824c46b9ecdb3e8e8a10c76\"] cwd=/Users/mssc/Documents/Code/ops/platform\n"}
{"Time":"2026-10-02T22:26:27.30954+08:00","Action":"output","Package":"ops-platform/test/contract","Test":"TestGraphNonVirtualUpstreamReplay","Output":"    graph_replay_test.go:122: command=tar [\"-xf\" \"/var/folders/71/5876xm8s6d37d5873yq80dc80000gn/T/TestGraphNonVirtualUpstreamReplay1179881854/001/ontology.tar\" \"-C\" \"/var/folders/71/5876xm8s6d37d5873yq80dc80000gn/T/TestGraphNonVirtualUpstreamReplay1179881854/001/ontology\"] cwd=/Users/mssc/Documents/Code/ops/platform\n"}
{"Time":"2026-10-02T22:26:27.354554+08:00","Action":"output","Package":"ops-platform/test/contract","Test":"TestGraphNonVirtualUpstreamReplay","Output":"    graph_replay_test.go:129: command=git [\"apply\" \"--unidiff-zero\" \"/Users/mssc/Documents/Code/ops/platform/test/fixtures/upstream-graph/ontology-ariadne-reader.patch\"] cwd=/var/folders/71/5876xm8s6d37d5873yq80dc80000gn/T/TestGraphNonVirtualUpstreamReplay1179881854/001/ontology\n"}
{"Time":"2026-10-02T22:26:27.369114+08:00","Action":"output","Package":"ops-platform/test/contract","Test":"TestGraphNonVirtualUpstreamReplay","Output":"    graph_replay_test.go:146: command=go [\"test\" \"-c\" \"-o\" \"/var/folders/71/5876xm8s6d37d5873yq80dc80000gn/T/TestGraphNonVirtualUpstreamReplay1179881854/001/graph.test\"] cwd=/var/folders/71/5876xm8s6d37d5873yq80dc80000gn/T/TestGraphNonVirtualUpstreamReplay1179881854/001/graph\n"}
{"Time":"2026-10-02T22:26:28.370196+08:00","Action":"output","Package":"ops-platform/test/contract","Test":"TestGraphNonVirtualUpstreamReplay","Output":"    graph_replay_test.go:155: command=docker [\"--context\" \"orbstack\" \"run\" \"--rm\" \"--network\" \"none\" \"--pull=never\" \"--read-only\" \"--cap-drop=ALL\" \"--security-opt=no-new-privileges\" \"--tmpfs\" \"/tmp:rw,exec,mode=1777\" \"--mount\" \"type=bind,src=/var/folders/71/5876xm8s6d37d5873yq80dc80000gn/T/TestGraphNonVirtualUpstreamReplay1179881854/001,dst=/replay,readonly\" \"--mount\" \"type=bind,src=/Users/mssc/go/pkg/mod,dst=/go/pkg/mod,readonly\" \"-e\" \"GOPROXY=off\" \"-e\" \"GOSUMDB=off\" \"-e\" \"GOCACHE=/tmp/go-build\" \"-w\" \"/replay/graph/run\" \"golang:1.27.1-alpine@sha256:8a5910f31396cd4d89662f56c68b3ae31d374308270a1c3bd96672ee5ed43414\" \"/replay/graph.test\" \"-test.run=^TestAriadneNonVirtualGolden20K$\" \"-test.v\" \"-test.count=1\"] cwd=/Users/mssc/Documents/Code/ops/platform\n"}
{"Time":"2026-10-02T22:26:28.606011+08:00","Action":"output","Package":"ops-platform/test/contract","Test":"TestGraphNonVirtualUpstreamReplay","Output":"    graph_replay_test.go:155: docker: Error response from daemon: No such image: golang:1.27.1-alpine@sha256:8a5910f31396cd4d89662f56c68b3ae31d374308270a1c3bd96672ee5ed43414\n"}
{"Time":"2026-10-02T22:26:28.606047+08:00","Action":"output","Package":"ops-platform/test/contract","Test":"TestGraphNonVirtualUpstreamReplay","Output":"        \n"}
{"Time":"2026-10-02T22:26:28.606054+08:00","Action":"output","Package":"ops-platform/test/contract","Test":"TestGraphNonVirtualUpstreamReplay","Output":"        Run 'docker run --help' for more information\n"}
{"Time":"2026-10-02T22:26:28.606063+08:00","Action":"output","Package":"ops-platform/test/contract","Test":"TestGraphNonVirtualUpstreamReplay","Output":"    graph_replay_test.go:155: docker: exit status 125\n","OutputType":"error"}
{"Time":"2026-10-02T22:26:28.623321+08:00","Action":"output","Package":"ops-platform/test/contract","Test":"TestGraphNonVirtualUpstreamReplay","Output":"--- FAIL: TestGraphNonVirtualUpstreamReplay (1.44s)\n","OutputType":"frame"}
{"Time":"2026-10-02T22:26:28.623339+08:00","Action":"fail","Package":"ops-platform/test/contract","Test":"TestGraphNonVirtualUpstreamReplay","Elapsed":1.44}
{"Time":"2026-10-02T22:26:28.623361+08:00","Action":"run","Package":"ops-platform/test/contract","Test":"TestInspectionNonVirtualUpstreamReplay"}
{"Time":"2026-10-02T22:26:28.623365+08:00","Action":"output","Package":"ops-platform/test/contract","Test":"TestInspectionNonVirtualUpstreamReplay","Output":"=== RUN   TestInspectionNonVirtualUpstreamReplay\n","OutputType":"frame"}
{"Time":"2026-10-02T22:26:28.816805+08:00","Action":"output","Package":"ops-platform/test/contract","Test":"TestInspectionNonVirtualUpstreamReplay","Output":"    inspection_replay_test.go:76: command=/Users/mssc/.local/share/mise/installs/python/3.12.14/bin/python3 [\"/Users/mssc/Documents/Code/ops/platform/test/fixtures/upstream-inspection/replay-nonvirtual.py\" \"--sources\" \"/tmp/ops-sp02-task29\" \"--keep-wheels\" \"/tmp/ops-sp02-keep/wheelhouse\" \"--output\" \"/tmp/ops-sp05-inspection-current-replay\"]\n"}
{"Time":"2026-10-02T22:26:28.816831+08:00","Action":"output","Package":"ops-platform/test/contract","Test":"TestInspectionNonVirtualUpstreamReplay","Output":"        Traceback (most recent call last):\n"}
{"Time":"2026-10-02T22:26:28.816841+08:00","Action":"output","Package":"ops-platform/test/contract","Test":"TestInspectionNonVirtualUpstreamReplay","Output":"          File \"/Users/mssc/Documents/Code/ops/platform/test/fixtures/upstream-inspection/replay-nonvirtual.py\", line 227, in \u003cmodule\u003e\n"}
{"Time":"2026-10-02T22:26:28.816844+08:00","Action":"output","Package":"ops-platform/test/contract","Test":"TestInspectionNonVirtualUpstreamReplay","Output":"            main()\n"}
{"Time":"2026-10-02T22:26:28.816852+08:00","Action":"output","Package":"ops-platform/test/contract","Test":"TestInspectionNonVirtualUpstreamReplay","Output":"          File \"/Users/mssc/Documents/Code/ops/platform/test/fixtures/upstream-inspection/replay-nonvirtual.py\", line 145, in main\n"}
{"Time":"2026-10-02T22:26:28.816863+08:00","Action":"output","Package":"ops-platform/test/contract","Test":"TestInspectionNonVirtualUpstreamReplay","Output":"            docker(images[\"golang\"], [\"sh\", \"-c\", \"go version \u0026\u0026 go list -mod=readonly -deps -json . \u003e /output/cli-deps.json\"])\n"}
{"Time":"2026-10-02T22:26:28.816866+08:00","Action":"output","Package":"ops-platform/test/contract","Test":"TestInspectionNonVirtualUpstreamReplay","Output":"          File \"/Users/mssc/Documents/Code/ops/platform/test/fixtures/upstream-inspection/replay-nonvirtual.py\", line 128, in docker\n"}
{"Time":"2026-10-02T22:26:28.816869+08:00","Action":"output","Package":"ops-platform/test/contract","Test":"TestInspectionNonVirtualUpstreamReplay","Output":"            command([\n"}
{"Time":"2026-10-02T22:26:28.816871+08:00","Action":"output","Package":"ops-platform/test/contract","Test":"TestInspectionNonVirtualUpstreamReplay","Output":"          File \"/Users/mssc/Documents/Code/ops/platform/test/fixtures/upstream-inspection/replay-nonvirtual.py\", line 46, in command\n"}
{"Time":"2026-10-02T22:26:28.816874+08:00","Action":"output","Package":"ops-platform/test/contract","Test":"TestInspectionNonVirtualUpstreamReplay","Output":"            raise RuntimeError(f\"command failed with exit {result.returncode}; see {log.name}\")\n"}
{"Time":"2026-10-02T22:26:28.816878+08:00","Action":"output","Package":"ops-platform/test/contract","Test":"TestInspectionNonVirtualUpstreamReplay","Output":"        RuntimeError: command failed with exit 125; see /tmp/ops-sp05-inspection-current-replay/k8sgpt-analyzer.log\n"}
{"Time":"2026-10-02T22:26:28.81688+08:00","Action":"output","Package":"ops-platform/test/contract","Test":"TestInspectionNonVirtualUpstreamReplay","Output":"    inspection_replay_test.go:78: nonvirtual upstream replay: exit status 1\n","OutputType":"error"}
{"Time":"2026-10-02T22:26:28.816888+08:00","Action":"output","Package":"ops-platform/test/contract","Test":"TestInspectionNonVirtualUpstreamReplay","Output":"--- FAIL: TestInspectionNonVirtualUpstreamReplay (0.19s)\n","OutputType":"frame"}
{"Time":"2026-10-02T22:26:28.816891+08:00","Action":"fail","Package":"ops-platform/test/contract","Test":"TestInspectionNonVirtualUpstreamReplay","Elapsed":0.19}
{"Time":"2026-10-02T22:26:28.816895+08:00","Action":"output","Package":"ops-platform/test/contract","Output":"FAIL\n","OutputType":"frame"}
{"Time":"2026-10-02T22:26:28.817624+08:00","Action":"output","Package":"ops-platform/test/contract","Output":"FAIL\tops-platform/test/contract\t2.236s\n","OutputType":"frame"}
{"Time":"2026-10-02T22:26:28.817639+08:00","Action":"fail","Package":"ops-platform/test/contract","Elapsed":2.237}
make: *** [test-replay] Error 1
