{"modules": 233, "sourceBundleSHA256": "sha256:2e34224848a9de13cb78e70c117c2d1e367ddab61076b691efad29fbc2f37e92", "sourceBytes": 347883520, "lockSHA256": "sha256:78c3264f0f5b7ae4041e6ec504dcb2b5e48b85c027661a7f093290b459d57121"}
#0 building with "orbstack" instance using docker driver

#1 [internal] load build definition from Dockerfile
#1 transferring dockerfile: 222B done
#1 DONE 0.0s

#2 [internal] load .dockerignore
#2 transferring context: 2B done
#2 DONE 0.0s

#3 [internal] load build context
#3 transferring context: 161.15MB 0.4s done
#3 DONE 0.5s

#4 [1/2] COPY --chown=65532:65532 --chmod=0555 ops-worker /ops-worker
#4 DONE 0.1s

#5 [2/2] COPY --chown=65532:65532 --chmod=0555 k8sgpt /opt/ops/bin/k8sgpt
#5 DONE 0.4s

#6 exporting to image
#6 exporting layers
#6 exporting layers 2.0s done
#6 exporting manifest sha256:0a431a90cd2600a04c68e48e486d3f706dd8c5cdbaefcb23fdf5952e3b150368 0.0s done
#6 exporting config sha256:493a47c2471e9c400c2e0631dd231184d53a0df9f10114725ef9b9cfd1a5c63e 0.0s done
#6 exporting attestation manifest sha256:86b655d7d3b370e0fa3d41b65d41eeae070a51b6de4174679eaf8d93aceae8aa 0.0s done
#6 exporting manifest list sha256:9648ce632b2cd98b1718c118ba31b3521525fe3ed2ec0723ed75246c4f431dc1 0.0s done
#6 naming to docker.io/library/ops-sp05-worker:20261003
#6 naming to docker.io/library/ops-sp05-worker:20261003 done
#6 unpacking to docker.io/library/ops-sp05-worker:20261003
#6 unpacking to docker.io/library/ops-sp05-worker:20261003 0.5s done
#6 DONE 2.6s

View build details: docker-desktop://dashboard/build/orbstack/orbstack/pdjevjc2d4eiewdu2qf7qptlq
{"image": "sha256:9648ce632b2cd98b1718c118ba31b3521525fe3ed2ec0723ed75246c4f431dc1", "analyzerSHA256": "6f9152ff31d2692a14e880ae73c2fe35dbc2938560d2c55227f4b0c67409af53", "sourceClosure": "/private/tmp/ops-sp05-worker-material-20261003/k8sgpt-runtime-source.tar", "state": "built-awaiting-runtime-and-distribution-gates"}
