2026/10/08 02:50:50 OK   00002_platform_meta.sql (22.31ms)
2026/10/08 02:50:51 OK   00003_finding.sql (27.09ms)
2026/10/08 02:50:51 OK   00004_incident.sql (12.63ms)
2026/10/08 02:50:51 OK   00005_investigation.sql (5.41ms)
2026/10/08 02:50:51 OK   00006_action_command.sql (4.62ms)
2026/10/08 02:50:51 OK   00007_audit.sql (18.88ms)
2026/10/08 02:50:51 OK   00008_rls.sql (13.31ms)
2026/10/08 02:50:51 OK   00009_idempotency_ledger.sql (6.87ms)
2026/10/08 02:50:51 OK   00010_tenant_provisioning.sql (2.48ms)
2026/10/08 02:50:51 OK   00011_source_registration_history.sql (3.37ms)
2026/10/08 02:50:51 OK   00012_config_registry_lifecycle.sql (5.77ms)
2026/10/08 02:50:51 OK   00013_audit_signed_segments.sql (33.26ms)
2026/10/08 02:50:51 OK   00014_audit_segment_predecessors.sql (3.84ms)
2026/10/08 02:50:51 OK   00015_source_schema_scope.sql (2.52ms)
2026/10/08 02:50:51 OK   00016_cluster_registration_metadata.sql (14.72ms)
2026/10/08 02:50:51 OK   00017_source_data_scope.sql (7.92ms)
2026/10/08 02:50:51 OK   00018_sp04_resources_evidence.sql (17.2ms)
2026/10/08 02:50:51 OK   00019_sp04_archive_ciphertext_bytes.sql (5.38ms)
2026/10/08 02:50:51 OK   00020_sp04_request_ledger.sql (9.87ms)
2026/10/08 02:50:51 OK   00021_sp04_archive_protection.sql (17.12ms)
2026/10/08 02:50:51 OK   00022_sp04_legal_hold_dependencies.sql (2.68ms)
2026/10/08 02:50:51 OK   00023_sp04_archive_query_intent.sql (8.73ms)
2026/10/08 02:50:51 OK   00024_sp05_finding_incident.sql (21.09ms)
2026/10/08 02:50:51 OK   00025_sp05_incident_event_time.sql (1.94ms)
2026/10/08 02:50:51 OK   00026_sp05_source_binding_lock.sql (2.1ms)
2026/10/08 02:50:51 OK   00027_sp05_rca_and_poll.sql (13.9ms)
2026/10/08 02:50:51 OK   00028_sp05_operator_lock.sql (11.72ms)
2026/10/08 02:50:51 OK   00029_sp05_evidence_links.sql (13.92ms)
2026/10/08 02:50:51 OK   00030_sp05_recipe_fence.sql (2.8ms)
2026/10/08 02:50:51 OK   00031_sp05_rca_postcheck.sql (8.98ms)
2026/10/08 02:50:51 OK   00032_sp05_transport_audit.sql (11.67ms)
2026/10/08 02:50:51 OK   00033_sp05_poll_resolution_clock.sql (4.47ms)
2026/10/08 02:50:51 OK   00034_sp06_investigation_ledger.sql (16.77ms)
2026/10/08 02:50:51 OK   00035_sp06_admission_data_classes.sql (3.93ms)
2026/10/08 02:50:51 goose: successfully migrated database to version: 35
