=== RUN   TestPreSP07FindingEvidenceReferenceAndLegalHoldLockOrder
2026/10/08 09:07:24 OK   00001_roles_and_schemas.sql (68.66ms)
2026/10/08 09:07:24 goose: successfully migrated database to version: 1
2026/10/08 09:07:24 OK   00002_platform_meta.sql (40.78ms)
2026/10/08 09:07:24 OK   00003_finding.sql (9.83ms)
2026/10/08 09:07:24 OK   00004_incident.sql (18.54ms)
2026/10/08 09:07:24 OK   00005_investigation.sql (25.01ms)
2026/10/08 09:07:24 OK   00006_action_command.sql (6.16ms)
2026/10/08 09:07:24 OK   00007_audit.sql (29.52ms)
2026/10/08 09:07:24 OK   00008_rls.sql (17.99ms)
2026/10/08 09:07:24 OK   00009_idempotency_ledger.sql (7.89ms)
2026/10/08 09:07:24 OK   00010_tenant_provisioning.sql (3.58ms)
2026/10/08 09:07:24 OK   00011_source_registration_history.sql (8.5ms)
2026/10/08 09:07:24 OK   00012_config_registry_lifecycle.sql (19.13ms)
2026/10/08 09:07:24 OK   00013_audit_signed_segments.sql (20.66ms)
2026/10/08 09:07:24 OK   00014_audit_segment_predecessors.sql (8.1ms)
2026/10/08 09:07:24 OK   00015_source_schema_scope.sql (6.3ms)
2026/10/08 09:07:24 OK   00016_cluster_registration_metadata.sql (12.01ms)
2026/10/08 09:07:24 OK   00017_source_data_scope.sql (9.46ms)
2026/10/08 09:07:24 OK   00018_sp04_resources_evidence.sql (18.5ms)
2026/10/08 09:07:24 OK   00019_sp04_archive_ciphertext_bytes.sql (3.92ms)
2026/10/08 09:07:24 OK   00020_sp04_request_ledger.sql (7.8ms)
2026/10/08 09:07:24 OK   00021_sp04_archive_protection.sql (4.94ms)
2026/10/08 09:07:24 OK   00022_sp04_legal_hold_dependencies.sql (4.7ms)
2026/10/08 09:07:24 OK   00023_sp04_archive_query_intent.sql (8.45ms)
2026/10/08 09:07:24 OK   00024_sp05_finding_incident.sql (27.46ms)
2026/10/08 09:07:24 OK   00025_sp05_incident_event_time.sql (3.43ms)
2026/10/08 09:07:24 OK   00026_sp05_source_binding_lock.sql (6.66ms)
2026/10/08 09:07:24 OK   00027_sp05_rca_and_poll.sql (12.57ms)
2026/10/08 09:07:24 OK   00028_sp05_operator_lock.sql (4.22ms)
2026/10/08 09:07:24 OK   00029_sp05_evidence_links.sql (5.55ms)
2026/10/08 09:07:24 OK   00030_sp05_recipe_fence.sql (4.48ms)
2026/10/08 09:07:24 OK   00031_sp05_rca_postcheck.sql (2.74ms)
2026/10/08 09:07:24 OK   00032_sp05_transport_audit.sql (2.73ms)
2026/10/08 09:07:24 OK   00033_sp05_poll_resolution_clock.sql (5.08ms)
2026/10/08 09:07:24 OK   00034_sp06_investigation_ledger.sql (41.82ms)
2026/10/08 09:07:24 OK   00035_sp06_admission_data_classes.sql (14.69ms)
2026/10/08 09:07:24 goose: successfully migrated database to version: 35
    pre_sp07_evidence_lock_test.go:104: real Finding/Legal Hold lock cycle: hold=<nil> finding=ERROR: deadlock detected (SQLSTATE 40P01)
    migrations_test.go:436: retained owned integration database=sp03_mig_b3a7940558034f3ab88f0dfec15e5692 test=TestPreSP07FindingEvidenceReferenceAndLegalHoldLockOrder reason=audit.records; no automatic protected cleanup
--- FAIL: TestPreSP07FindingEvidenceReferenceAndLegalHoldLockOrder (1.76s)
FAIL
FAIL	ops-platform/test/integration	3.066s
FAIL
