=== RUN   TestPreSP07FindingEvidenceReferenceAndLegalHoldLockOrder
2026/10/08 09:10:20 OK   00001_roles_and_schemas.sql (26.99ms)
2026/10/08 09:10:20 goose: successfully migrated database to version: 1
2026/10/08 09:10:20 OK   00002_platform_meta.sql (39.2ms)
2026/10/08 09:10:20 OK   00003_finding.sql (7.56ms)
2026/10/08 09:10:20 OK   00004_incident.sql (11.09ms)
2026/10/08 09:10:20 OK   00005_investigation.sql (8.16ms)
2026/10/08 09:10:20 OK   00006_action_command.sql (7.43ms)
2026/10/08 09:10:20 OK   00007_audit.sql (12.01ms)
2026/10/08 09:10:20 OK   00008_rls.sql (7.83ms)
2026/10/08 09:10:20 OK   00009_idempotency_ledger.sql (8.04ms)
2026/10/08 09:10:20 OK   00010_tenant_provisioning.sql (7.08ms)
2026/10/08 09:10:20 OK   00011_source_registration_history.sql (16.23ms)
2026/10/08 09:10:20 OK   00012_config_registry_lifecycle.sql (9.27ms)
2026/10/08 09:10:20 OK   00013_audit_signed_segments.sql (8.77ms)
2026/10/08 09:10:20 OK   00014_audit_segment_predecessors.sql (9.49ms)
2026/10/08 09:10:20 OK   00015_source_schema_scope.sql (4.45ms)
2026/10/08 09:10:20 OK   00016_cluster_registration_metadata.sql (7.5ms)
2026/10/08 09:10:20 OK   00017_source_data_scope.sql (9.75ms)
2026/10/08 09:10:20 OK   00018_sp04_resources_evidence.sql (14.7ms)
2026/10/08 09:10:20 OK   00019_sp04_archive_ciphertext_bytes.sql (4.19ms)
2026/10/08 09:10:20 OK   00020_sp04_request_ledger.sql (8.05ms)
2026/10/08 09:10:20 OK   00021_sp04_archive_protection.sql (20.67ms)
2026/10/08 09:10:20 OK   00022_sp04_legal_hold_dependencies.sql (3.09ms)
2026/10/08 09:10:20 OK   00023_sp04_archive_query_intent.sql (3.7ms)
2026/10/08 09:10:20 OK   00024_sp05_finding_incident.sql (40.8ms)
2026/10/08 09:10:20 OK   00025_sp05_incident_event_time.sql (2.28ms)
2026/10/08 09:10:20 OK   00026_sp05_source_binding_lock.sql (4.34ms)
2026/10/08 09:10:20 OK   00027_sp05_rca_and_poll.sql (14.52ms)
2026/10/08 09:10:20 OK   00028_sp05_operator_lock.sql (5.86ms)
2026/10/08 09:10:20 OK   00029_sp05_evidence_links.sql (9.1ms)
2026/10/08 09:10:20 OK   00030_sp05_recipe_fence.sql (3.93ms)
2026/10/08 09:10:20 OK   00031_sp05_rca_postcheck.sql (4.62ms)
2026/10/08 09:10:20 OK   00032_sp05_transport_audit.sql (4.42ms)
2026/10/08 09:10:20 OK   00033_sp05_poll_resolution_clock.sql (5.22ms)
2026/10/08 09:10:20 OK   00034_sp06_investigation_ledger.sql (32.42ms)
2026/10/08 09:10:20 OK   00035_sp06_admission_data_classes.sql (6.51ms)
2026/10/08 09:10:20 goose: successfully migrated database to version: 35
    migrations_test.go:436: retained owned integration database=sp03_mig_1d55709c26b94ac4993d48b7d4206e89 test=TestPreSP07FindingEvidenceReferenceAndLegalHoldLockOrder reason=audit.records; no automatic protected cleanup
--- PASS: TestPreSP07FindingEvidenceReferenceAndLegalHoldLockOrder (0.64s)
=== RUN   TestSP04ArchiveLiveTransitTLSIAMAndRecovery
2026/10/08 09:10:20 OK   00001_roles_and_schemas.sql (11.14ms)
2026/10/08 09:10:20 goose: successfully migrated database to version: 1
2026/10/08 09:10:21 OK   00002_platform_meta.sql (57.44ms)
2026/10/08 09:10:21 OK   00003_finding.sql (15.24ms)
2026/10/08 09:10:21 OK   00004_incident.sql (9.55ms)
2026/10/08 09:10:21 OK   00005_investigation.sql (8.56ms)
2026/10/08 09:10:21 OK   00006_action_command.sql (13.4ms)
2026/10/08 09:10:21 OK   00007_audit.sql (17.16ms)
2026/10/08 09:10:21 OK   00008_rls.sql (9.95ms)
2026/10/08 09:10:21 OK   00009_idempotency_ledger.sql (12.6ms)
2026/10/08 09:10:21 OK   00010_tenant_provisioning.sql (4.27ms)
2026/10/08 09:10:21 OK   00011_source_registration_history.sql (12.89ms)
2026/10/08 09:10:21 OK   00012_config_registry_lifecycle.sql (21.34ms)
2026/10/08 09:10:21 OK   00013_audit_signed_segments.sql (14.17ms)
2026/10/08 09:10:21 OK   00014_audit_segment_predecessors.sql (17.63ms)
2026/10/08 09:10:21 OK   00015_source_schema_scope.sql (4.43ms)
2026/10/08 09:10:21 OK   00016_cluster_registration_metadata.sql (5.62ms)
2026/10/08 09:10:21 OK   00017_source_data_scope.sql (3.36ms)
2026/10/08 09:10:21 OK   00018_sp04_resources_evidence.sql (12.57ms)
2026/10/08 09:10:21 OK   00019_sp04_archive_ciphertext_bytes.sql (4.5ms)
2026/10/08 09:10:21 OK   00020_sp04_request_ledger.sql (12.5ms)
2026/10/08 09:10:21 OK   00021_sp04_archive_protection.sql (5.41ms)
2026/10/08 09:10:21 OK   00022_sp04_legal_hold_dependencies.sql (3.53ms)
2026/10/08 09:10:21 OK   00023_sp04_archive_query_intent.sql (3.57ms)
2026/10/08 09:10:21 OK   00024_sp05_finding_incident.sql (17.13ms)
2026/10/08 09:10:21 OK   00025_sp05_incident_event_time.sql (4.82ms)
2026/10/08 09:10:21 OK   00026_sp05_source_binding_lock.sql (20.87ms)
2026/10/08 09:10:21 OK   00027_sp05_rca_and_poll.sql (19.33ms)
2026/10/08 09:10:21 OK   00028_sp05_operator_lock.sql (4.3ms)
2026/10/08 09:10:21 OK   00029_sp05_evidence_links.sql (13.04ms)
2026/10/08 09:10:21 OK   00030_sp05_recipe_fence.sql (4.47ms)
2026/10/08 09:10:21 OK   00031_sp05_rca_postcheck.sql (12.27ms)
2026/10/08 09:10:21 OK   00032_sp05_transport_audit.sql (9.44ms)
2026/10/08 09:10:21 OK   00033_sp05_poll_resolution_clock.sql (5.51ms)
2026/10/08 09:10:21 OK   00034_sp06_investigation_ledger.sql (55.97ms)
2026/10/08 09:10:21 OK   00035_sp06_admission_data_classes.sql (4.11ms)
2026/10/08 09:10:21 goose: successfully migrated database to version: 35
    archive_iam_test.go:42: owned TLS/IAM fixture image=docker.io/chrislusf/seaweedfs@sha256:d4cf67729aa8777e1a43a5b61d72e5b96179e4b7bac9a221cb14cbc2036cb32e id=e371724b946f776d1ca9ab345d643844da32937b4e5c60d2cf364490a7d9a7c8 bucket=sp04-evidence-e3db1b95 tenants=2
    sp04_archive_live_test.go:190: live Transit+TLS tenant IAM+PostgreSQL capture/read samples=20 plaintextBytes=40 P95=127.153625ms; isolated small facts, not production scale
    archive_iam_test.go:155: retained owned Archive fixture id=e371724b946f776d1ca9ab345d643844da32937b4e5c60d2cf364490a7d9a7c8 label=7aefe8da-5591-4881-9010-c11e8f541a65 bucket=sp04-evidence-e3db1b95 private-material-directory=/Users/mssc/.local/state/ops/pre-sp07-20261004/protected-integration-r172/archive-iam-3673235227; process stopped, no storage/identity deletion
    migrations_test.go:436: retained owned integration database=sp03_mig_9f0421af046e459c953ae8dd08bf66ec test=TestSP04ArchiveLiveTransitTLSIAMAndRecovery reason=audit.records; no automatic protected cleanup
--- PASS: TestSP04ArchiveLiveTransitTLSIAMAndRecovery (17.79s)
=== RUN   TestSP04ArchiveRecoveryIntegrityAndRetention
2026/10/08 09:10:38 OK   00001_roles_and_schemas.sql (14.86ms)
2026/10/08 09:10:38 goose: successfully migrated database to version: 1
2026/10/08 09:10:38 OK   00002_platform_meta.sql (63.37ms)
2026/10/08 09:10:38 OK   00003_finding.sql (11.31ms)
2026/10/08 09:10:38 OK   00004_incident.sql (13.41ms)
2026/10/08 09:10:38 OK   00005_investigation.sql (36.45ms)
2026/10/08 09:10:38 OK   00006_action_command.sql (11.22ms)
2026/10/08 09:10:38 OK   00007_audit.sql (11.61ms)
2026/10/08 09:10:38 OK   00008_rls.sql (14.33ms)
2026/10/08 09:10:38 OK   00009_idempotency_ledger.sql (14.31ms)
2026/10/08 09:10:38 OK   00010_tenant_provisioning.sql (4.52ms)
2026/10/08 09:10:39 OK   00011_source_registration_history.sql (13.45ms)
2026/10/08 09:10:39 OK   00012_config_registry_lifecycle.sql (22.92ms)
2026/10/08 09:10:39 OK   00013_audit_signed_segments.sql (29.8ms)
2026/10/08 09:10:39 OK   00014_audit_segment_predecessors.sql (18.05ms)
2026/10/08 09:10:39 OK   00015_source_schema_scope.sql (15.84ms)
2026/10/08 09:10:39 OK   00016_cluster_registration_metadata.sql (7.15ms)
2026/10/08 09:10:39 OK   00017_source_data_scope.sql (4.82ms)
2026/10/08 09:10:39 OK   00018_sp04_resources_evidence.sql (37.08ms)
2026/10/08 09:10:39 OK   00019_sp04_archive_ciphertext_bytes.sql (8.29ms)
2026/10/08 09:10:39 OK   00020_sp04_request_ledger.sql (8.58ms)
2026/10/08 09:10:39 OK   00021_sp04_archive_protection.sql (11.1ms)
2026/10/08 09:10:39 OK   00022_sp04_legal_hold_dependencies.sql (20.11ms)
2026/10/08 09:10:39 OK   00023_sp04_archive_query_intent.sql (16.22ms)
2026/10/08 09:10:39 OK   00024_sp05_finding_incident.sql (32.69ms)
2026/10/08 09:10:39 OK   00025_sp05_incident_event_time.sql (7.72ms)
2026/10/08 09:10:39 OK   00026_sp05_source_binding_lock.sql (10.98ms)
2026/10/08 09:10:39 OK   00027_sp05_rca_and_poll.sql (8.53ms)
2026/10/08 09:10:39 OK   00028_sp05_operator_lock.sql (7.6ms)
2026/10/08 09:10:39 OK   00029_sp05_evidence_links.sql (13.08ms)
2026/10/08 09:10:39 OK   00030_sp05_recipe_fence.sql (14.64ms)
2026/10/08 09:10:39 OK   00031_sp05_rca_postcheck.sql (4.9ms)
2026/10/08 09:10:39 OK   00032_sp05_transport_audit.sql (4.06ms)
2026/10/08 09:10:39 OK   00033_sp05_poll_resolution_clock.sql (5.2ms)
2026/10/08 09:10:39 OK   00034_sp06_investigation_ledger.sql (32.83ms)
2026/10/08 09:10:39 OK   00035_sp06_admission_data_classes.sql (5.2ms)
2026/10/08 09:10:39 goose: successfully migrated database to version: 35
=== RUN   TestSP04ArchiveRecoveryIntegrityAndRetention/source-withdrawal-between-collection-and-intent
=== RUN   TestSP04ArchiveRecoveryIntegrityAndRetention/concurrent-first-resource-observations
=== RUN   TestSP04ArchiveRecoveryIntegrityAndRetention/recover-original-query-even-when-source-is-partial
=== RUN   TestSP04ArchiveRecoveryIntegrityAndRetention/source-expired-before-encryption
=== RUN   TestSP04ArchiveRecoveryIntegrityAndRetention/legal-hold-pagination-and-mutation-fencing
=== RUN   TestSP04ArchiveRecoveryIntegrityAndRetention/database-commit-response-lost
=== RUN   TestSP04ArchiveRecoveryIntegrityAndRetention/closure-active-incident-hold-race-and-delete-crash
=== NAME  TestSP04ArchiveRecoveryIntegrityAndRetention
    migrations_test.go:436: retained owned integration database=sp03_mig_47889bc565214e70a660e4025ba0161d test=TestSP04ArchiveRecoveryIntegrityAndRetention reason=audit.records; no automatic protected cleanup
--- PASS: TestSP04ArchiveRecoveryIntegrityAndRetention (1.73s)
    --- PASS: TestSP04ArchiveRecoveryIntegrityAndRetention/source-withdrawal-between-collection-and-intent (0.01s)
    --- PASS: TestSP04ArchiveRecoveryIntegrityAndRetention/concurrent-first-resource-observations (0.23s)
    --- PASS: TestSP04ArchiveRecoveryIntegrityAndRetention/recover-original-query-even-when-source-is-partial (0.17s)
    --- PASS: TestSP04ArchiveRecoveryIntegrityAndRetention/source-expired-before-encryption (0.05s)
    --- PASS: TestSP04ArchiveRecoveryIntegrityAndRetention/legal-hold-pagination-and-mutation-fencing (0.19s)
    --- PASS: TestSP04ArchiveRecoveryIntegrityAndRetention/database-commit-response-lost (0.03s)
    --- PASS: TestSP04ArchiveRecoveryIntegrityAndRetention/closure-active-incident-hold-race-and-delete-crash (0.20s)
=== RUN   TestSP05FindingAtomicConcurrentTransportAndRecovery
2026/10/08 09:10:40 OK   00001_roles_and_schemas.sql (13.52ms)
2026/10/08 09:10:40 goose: successfully migrated database to version: 1
2026/10/08 09:10:40 OK   00002_platform_meta.sql (53.61ms)
2026/10/08 09:10:40 OK   00003_finding.sql (42.71ms)
2026/10/08 09:10:40 OK   00004_incident.sql (17.31ms)
2026/10/08 09:10:40 OK   00005_investigation.sql (13.2ms)
2026/10/08 09:10:40 OK   00006_action_command.sql (16.98ms)
2026/10/08 09:10:40 OK   00007_audit.sql (10.62ms)
2026/10/08 09:10:40 OK   00008_rls.sql (19.59ms)
2026/10/08 09:10:40 OK   00009_idempotency_ledger.sql (16.23ms)
2026/10/08 09:10:40 OK   00010_tenant_provisioning.sql (8.18ms)
2026/10/08 09:10:40 OK   00011_source_registration_history.sql (14.77ms)
2026/10/08 09:10:40 OK   00012_config_registry_lifecycle.sql (13.28ms)
2026/10/08 09:10:40 OK   00013_audit_signed_segments.sql (33.67ms)
2026/10/08 09:10:40 OK   00014_audit_segment_predecessors.sql (7.18ms)
2026/10/08 09:10:40 OK   00015_source_schema_scope.sql (3.45ms)
2026/10/08 09:10:40 OK   00016_cluster_registration_metadata.sql (5.13ms)
2026/10/08 09:10:40 OK   00017_source_data_scope.sql (5.37ms)
2026/10/08 09:10:40 OK   00018_sp04_resources_evidence.sql (55.75ms)
2026/10/08 09:10:40 OK   00019_sp04_archive_ciphertext_bytes.sql (6.25ms)
2026/10/08 09:10:40 OK   00020_sp04_request_ledger.sql (8.42ms)
2026/10/08 09:10:40 OK   00021_sp04_archive_protection.sql (45.12ms)
2026/10/08 09:10:40 OK   00022_sp04_legal_hold_dependencies.sql (27.51ms)
2026/10/08 09:10:41 OK   00023_sp04_archive_query_intent.sql (24.85ms)
2026/10/08 09:10:41 OK   00024_sp05_finding_incident.sql (108.54ms)
2026/10/08 09:10:41 OK   00025_sp05_incident_event_time.sql (25.14ms)
2026/10/08 09:10:41 OK   00026_sp05_source_binding_lock.sql (17.56ms)
2026/10/08 09:10:41 OK   00027_sp05_rca_and_poll.sql (14.33ms)
2026/10/08 09:10:41 OK   00028_sp05_operator_lock.sql (5.2ms)
2026/10/08 09:10:41 OK   00029_sp05_evidence_links.sql (22.56ms)
2026/10/08 09:10:41 OK   00030_sp05_recipe_fence.sql (6.94ms)
2026/10/08 09:10:41 OK   00031_sp05_rca_postcheck.sql (4.54ms)
2026/10/08 09:10:41 OK   00032_sp05_transport_audit.sql (10.63ms)
2026/10/08 09:10:41 OK   00033_sp05_poll_resolution_clock.sql (10.8ms)
2026/10/08 09:10:41 OK   00034_sp06_investigation_ledger.sql (46.6ms)
2026/10/08 09:10:41 OK   00035_sp06_admission_data_classes.sql (21.47ms)
2026/10/08 09:10:41 goose: successfully migrated database to version: 35
--- PASS: TestSP05FindingAtomicConcurrentTransportAndRecovery (5.28s)
=== RUN   TestSP05RCARegistryImmutableEvidenceAppendOnlyAndReplayRevocation
2026/10/08 09:10:45 OK   00001_roles_and_schemas.sql (28.07ms)
2026/10/08 09:10:45 goose: successfully migrated database to version: 1
2026/10/08 09:10:45 OK   00002_platform_meta.sql (31.47ms)
2026/10/08 09:10:45 OK   00003_finding.sql (24.1ms)
2026/10/08 09:10:45 OK   00004_incident.sql (9.94ms)
2026/10/08 09:10:45 OK   00005_investigation.sql (7.36ms)
2026/10/08 09:10:45 OK   00006_action_command.sql (12.08ms)
2026/10/08 09:10:45 OK   00007_audit.sql (24.64ms)
2026/10/08 09:10:45 OK   00008_rls.sql (8.93ms)
2026/10/08 09:10:45 OK   00009_idempotency_ledger.sql (11.93ms)
2026/10/08 09:10:45 OK   00010_tenant_provisioning.sql (6.23ms)
2026/10/08 09:10:45 OK   00011_source_registration_history.sql (14.73ms)
2026/10/08 09:10:45 OK   00012_config_registry_lifecycle.sql (12.56ms)
2026/10/08 09:10:46 OK   00013_audit_signed_segments.sql (32.32ms)
2026/10/08 09:10:46 OK   00014_audit_segment_predecessors.sql (5.77ms)
2026/10/08 09:10:46 OK   00015_source_schema_scope.sql (18.71ms)
2026/10/08 09:10:46 OK   00016_cluster_registration_metadata.sql (8.01ms)
2026/10/08 09:10:46 OK   00017_source_data_scope.sql (3.41ms)
2026/10/08 09:10:46 OK   00018_sp04_resources_evidence.sql (42.09ms)
2026/10/08 09:10:46 OK   00019_sp04_archive_ciphertext_bytes.sql (4.14ms)
2026/10/08 09:10:46 OK   00020_sp04_request_ledger.sql (5ms)
2026/10/08 09:10:46 OK   00021_sp04_archive_protection.sql (4.74ms)
2026/10/08 09:10:46 OK   00022_sp04_legal_hold_dependencies.sql (7.51ms)
2026/10/08 09:10:46 OK   00023_sp04_archive_query_intent.sql (5.23ms)
2026/10/08 09:10:46 OK   00024_sp05_finding_incident.sql (30.06ms)
2026/10/08 09:10:46 OK   00025_sp05_incident_event_time.sql (10.31ms)
2026/10/08 09:10:46 OK   00026_sp05_source_binding_lock.sql (11.95ms)
2026/10/08 09:10:46 OK   00027_sp05_rca_and_poll.sql (9.44ms)
2026/10/08 09:10:46 OK   00028_sp05_operator_lock.sql (5.3ms)
2026/10/08 09:10:46 OK   00029_sp05_evidence_links.sql (18.47ms)
2026/10/08 09:10:46 OK   00030_sp05_recipe_fence.sql (4.48ms)
2026/10/08 09:10:46 OK   00031_sp05_rca_postcheck.sql (2.25ms)
2026/10/08 09:10:46 OK   00032_sp05_transport_audit.sql (3.3ms)
2026/10/08 09:10:46 OK   00033_sp05_poll_resolution_clock.sql (7.52ms)
2026/10/08 09:10:46 OK   00034_sp06_investigation_ledger.sql (41.64ms)
2026/10/08 09:10:46 OK   00035_sp06_admission_data_classes.sql (6.14ms)
2026/10/08 09:10:46 goose: successfully migrated database to version: 35
    migrations_test.go:436: retained owned integration database=sp03_mig_a88419bf95ef4b50bbff3a6b794d9331 test=TestSP05RCARegistryImmutableEvidenceAppendOnlyAndReplayRevocation reason=audit.records; no automatic protected cleanup
--- PASS: TestSP05RCARegistryImmutableEvidenceAppendOnlyAndReplayRevocation (0.82s)
PASS
ok  	ops-platform/test/integration	27.640s
