=== RUN   TestPreSP07FindingEvidenceReferenceAndLegalHoldLockOrder
2026/10/08 09:08:01 OK   00001_roles_and_schemas.sql (17.07ms)
2026/10/08 09:08:01 goose: successfully migrated database to version: 1
2026/10/08 09:08:01 OK   00002_platform_meta.sql (27.36ms)
2026/10/08 09:08:01 OK   00003_finding.sql (10.5ms)
2026/10/08 09:08:01 OK   00004_incident.sql (8.86ms)
2026/10/08 09:08:01 OK   00005_investigation.sql (9.91ms)
2026/10/08 09:08:01 OK   00006_action_command.sql (9.57ms)
2026/10/08 09:08:01 OK   00007_audit.sql (17.05ms)
2026/10/08 09:08:01 OK   00008_rls.sql (15.69ms)
2026/10/08 09:08:01 OK   00009_idempotency_ledger.sql (10.75ms)
2026/10/08 09:08:01 OK   00010_tenant_provisioning.sql (10.76ms)
2026/10/08 09:08:01 OK   00011_source_registration_history.sql (16.88ms)
2026/10/08 09:08:01 OK   00012_config_registry_lifecycle.sql (12.47ms)
2026/10/08 09:08:01 OK   00013_audit_signed_segments.sql (23.5ms)
2026/10/08 09:08:01 OK   00014_audit_segment_predecessors.sql (13.02ms)
2026/10/08 09:08:01 OK   00015_source_schema_scope.sql (9.36ms)
2026/10/08 09:08:01 OK   00016_cluster_registration_metadata.sql (4.84ms)
2026/10/08 09:08:01 OK   00017_source_data_scope.sql (3.24ms)
2026/10/08 09:08:01 OK   00018_sp04_resources_evidence.sql (29.07ms)
2026/10/08 09:08:01 OK   00019_sp04_archive_ciphertext_bytes.sql (8.3ms)
2026/10/08 09:08:01 OK   00020_sp04_request_ledger.sql (5.1ms)
2026/10/08 09:08:01 OK   00021_sp04_archive_protection.sql (4.55ms)
2026/10/08 09:08:01 OK   00022_sp04_legal_hold_dependencies.sql (3.54ms)
2026/10/08 09:08:01 OK   00023_sp04_archive_query_intent.sql (4.56ms)
2026/10/08 09:08:01 OK   00024_sp05_finding_incident.sql (34.51ms)
2026/10/08 09:08:01 OK   00025_sp05_incident_event_time.sql (4.85ms)
2026/10/08 09:08:01 OK   00026_sp05_source_binding_lock.sql (10.14ms)
2026/10/08 09:08:01 OK   00027_sp05_rca_and_poll.sql (15.8ms)
2026/10/08 09:08:01 OK   00028_sp05_operator_lock.sql (6.86ms)
2026/10/08 09:08:01 OK   00029_sp05_evidence_links.sql (7.74ms)
2026/10/08 09:08:01 OK   00030_sp05_recipe_fence.sql (4.03ms)
2026/10/08 09:08:01 OK   00031_sp05_rca_postcheck.sql (4.07ms)
2026/10/08 09:08:01 OK   00032_sp05_transport_audit.sql (14.99ms)
2026/10/08 09:08:01 OK   00033_sp05_poll_resolution_clock.sql (10.37ms)
2026/10/08 09:08:01 OK   00034_sp06_investigation_ledger.sql (30.5ms)
2026/10/08 09:08:01 OK   00035_sp06_admission_data_classes.sql (20.63ms)
2026/10/08 09:08:01 goose: successfully migrated database to version: 35
    migrations_test.go:436: retained owned integration database=sp03_mig_6b3705dbc7074784913522790413c8bb test=TestPreSP07FindingEvidenceReferenceAndLegalHoldLockOrder reason=audit.records; no automatic protected cleanup
--- PASS: TestPreSP07FindingEvidenceReferenceAndLegalHoldLockOrder (0.72s)
=== RUN   TestPreSP07FindingEvidenceReferenceAndLegalHoldLockOrder
2026/10/08 09:08:01 OK   00001_roles_and_schemas.sql (10.61ms)
2026/10/08 09:08:01 goose: successfully migrated database to version: 1
2026/10/08 09:08:01 OK   00002_platform_meta.sql (38.37ms)
2026/10/08 09:08:01 OK   00003_finding.sql (20.49ms)
2026/10/08 09:08:01 OK   00004_incident.sql (9.12ms)
2026/10/08 09:08:02 OK   00005_investigation.sql (13.34ms)
2026/10/08 09:08:02 OK   00006_action_command.sql (9.18ms)
2026/10/08 09:08:02 OK   00007_audit.sql (22.37ms)
2026/10/08 09:08:02 OK   00008_rls.sql (10.71ms)
2026/10/08 09:08:02 OK   00009_idempotency_ledger.sql (24.31ms)
2026/10/08 09:08:02 OK   00010_tenant_provisioning.sql (9.71ms)
2026/10/08 09:08:02 OK   00011_source_registration_history.sql (7.98ms)
2026/10/08 09:08:02 OK   00012_config_registry_lifecycle.sql (14.37ms)
2026/10/08 09:08:02 OK   00013_audit_signed_segments.sql (32.64ms)
2026/10/08 09:08:02 OK   00014_audit_segment_predecessors.sql (5.86ms)
2026/10/08 09:08:02 OK   00015_source_schema_scope.sql (5.16ms)
2026/10/08 09:08:02 OK   00016_cluster_registration_metadata.sql (6.45ms)
2026/10/08 09:08:02 OK   00017_source_data_scope.sql (12.47ms)
2026/10/08 09:08:02 OK   00018_sp04_resources_evidence.sql (21.9ms)
2026/10/08 09:08:02 OK   00019_sp04_archive_ciphertext_bytes.sql (4.82ms)
2026/10/08 09:08:02 OK   00020_sp04_request_ledger.sql (9.8ms)
2026/10/08 09:08:02 OK   00021_sp04_archive_protection.sql (5.82ms)
2026/10/08 09:08:02 OK   00022_sp04_legal_hold_dependencies.sql (5.15ms)
2026/10/08 09:08:02 OK   00023_sp04_archive_query_intent.sql (7.95ms)
2026/10/08 09:08:02 OK   00024_sp05_finding_incident.sql (21.91ms)
2026/10/08 09:08:02 OK   00025_sp05_incident_event_time.sql (7.24ms)
2026/10/08 09:08:02 OK   00026_sp05_source_binding_lock.sql (10.21ms)
2026/10/08 09:08:02 OK   00027_sp05_rca_and_poll.sql (14.97ms)
2026/10/08 09:08:02 OK   00028_sp05_operator_lock.sql (4.49ms)
2026/10/08 09:08:02 OK   00029_sp05_evidence_links.sql (5.44ms)
2026/10/08 09:08:02 OK   00030_sp05_recipe_fence.sql (4.62ms)
2026/10/08 09:08:02 OK   00031_sp05_rca_postcheck.sql (4.15ms)
2026/10/08 09:08:02 OK   00032_sp05_transport_audit.sql (4.84ms)
2026/10/08 09:08:02 OK   00033_sp05_poll_resolution_clock.sql (5.7ms)
2026/10/08 09:08:02 OK   00034_sp06_investigation_ledger.sql (31.04ms)
2026/10/08 09:08:02 OK   00035_sp06_admission_data_classes.sql (6.66ms)
2026/10/08 09:08:02 goose: successfully migrated database to version: 35
    migrations_test.go:436: retained owned integration database=sp03_mig_1bd44bd8135e449abc2a6f1ccd95b0a5 test=TestPreSP07FindingEvidenceReferenceAndLegalHoldLockOrder reason=audit.records; no automatic protected cleanup
--- PASS: TestPreSP07FindingEvidenceReferenceAndLegalHoldLockOrder (0.70s)
=== RUN   TestPreSP07FindingEvidenceReferenceAndLegalHoldLockOrder
2026/10/08 09:08:02 OK   00001_roles_and_schemas.sql (19.87ms)
2026/10/08 09:08:02 goose: successfully migrated database to version: 1
2026/10/08 09:08:02 OK   00002_platform_meta.sql (24.61ms)
2026/10/08 09:08:02 OK   00003_finding.sql (7.77ms)
2026/10/08 09:08:02 OK   00004_incident.sql (9.85ms)
2026/10/08 09:08:02 OK   00005_investigation.sql (24.76ms)
2026/10/08 09:08:02 OK   00006_action_command.sql (5.62ms)
2026/10/08 09:08:02 OK   00007_audit.sql (33.67ms)
2026/10/08 09:08:02 OK   00008_rls.sql (25ms)
2026/10/08 09:08:02 OK   00009_idempotency_ledger.sql (15.38ms)
2026/10/08 09:08:02 OK   00010_tenant_provisioning.sql (5.58ms)
2026/10/08 09:08:02 OK   00011_source_registration_history.sql (25.51ms)
2026/10/08 09:08:02 OK   00012_config_registry_lifecycle.sql (22.26ms)
2026/10/08 09:08:02 OK   00013_audit_signed_segments.sql (44.79ms)
2026/10/08 09:08:02 OK   00014_audit_segment_predecessors.sql (19.05ms)
2026/10/08 09:08:02 OK   00015_source_schema_scope.sql (38.79ms)
2026/10/08 09:08:02 OK   00016_cluster_registration_metadata.sql (9.36ms)
2026/10/08 09:08:02 OK   00017_source_data_scope.sql (16.69ms)
2026/10/08 09:08:02 OK   00018_sp04_resources_evidence.sql (32.13ms)
2026/10/08 09:08:02 OK   00019_sp04_archive_ciphertext_bytes.sql (3.87ms)
2026/10/08 09:08:02 OK   00020_sp04_request_ledger.sql (4.06ms)
2026/10/08 09:08:02 OK   00021_sp04_archive_protection.sql (3.03ms)
2026/10/08 09:08:02 OK   00022_sp04_legal_hold_dependencies.sql (2.45ms)
2026/10/08 09:08:02 OK   00023_sp04_archive_query_intent.sql (2.89ms)
2026/10/08 09:08:02 OK   00024_sp05_finding_incident.sql (17.12ms)
2026/10/08 09:08:02 OK   00025_sp05_incident_event_time.sql (6.55ms)
2026/10/08 09:08:03 OK   00026_sp05_source_binding_lock.sql (6.63ms)
2026/10/08 09:08:03 OK   00027_sp05_rca_and_poll.sql (22.63ms)
2026/10/08 09:08:03 OK   00028_sp05_operator_lock.sql (3.96ms)
2026/10/08 09:08:03 OK   00029_sp05_evidence_links.sql (7.03ms)
2026/10/08 09:08:03 OK   00030_sp05_recipe_fence.sql (4.58ms)
2026/10/08 09:08:03 OK   00031_sp05_rca_postcheck.sql (7.56ms)
2026/10/08 09:08:03 OK   00032_sp05_transport_audit.sql (7.12ms)
2026/10/08 09:08:03 OK   00033_sp05_poll_resolution_clock.sql (6.04ms)
2026/10/08 09:08:03 OK   00034_sp06_investigation_ledger.sql (25.67ms)
2026/10/08 09:08:03 OK   00035_sp06_admission_data_classes.sql (5.6ms)
2026/10/08 09:08:03 goose: successfully migrated database to version: 35
    migrations_test.go:436: retained owned integration database=sp03_mig_5fd9ba87ada24d49bbe4d0337451f4f9 test=TestPreSP07FindingEvidenceReferenceAndLegalHoldLockOrder reason=audit.records; no automatic protected cleanup
--- PASS: TestPreSP07FindingEvidenceReferenceAndLegalHoldLockOrder (0.77s)
PASS
ok  	ops-platform/test/integration	3.414s
