=== RUN   TestSP06ActualCurrentRCARecommendationValidator
2026/10/08 14:36:44 OK   00001_roles_and_schemas.sql (38.92ms)
2026/10/08 14:36:44 goose: successfully migrated database to version: 1
2026/10/08 14:36:44 OK   00002_platform_meta.sql (146.8ms)
2026/10/08 14:36:44 OK   00003_finding.sql (25.25ms)
2026/10/08 14:36:44 OK   00004_incident.sql (27.08ms)
2026/10/08 14:36:44 OK   00005_investigation.sql (17.7ms)
2026/10/08 14:36:44 OK   00006_action_command.sql (12.33ms)
2026/10/08 14:36:44 OK   00007_audit.sql (37.87ms)
2026/10/08 14:36:44 OK   00008_rls.sql (49.92ms)
2026/10/08 14:36:44 OK   00009_idempotency_ledger.sql (21.52ms)
2026/10/08 14:36:44 OK   00010_tenant_provisioning.sql (5.89ms)
2026/10/08 14:36:44 OK   00011_source_registration_history.sql (9.32ms)
2026/10/08 14:36:44 OK   00012_config_registry_lifecycle.sql (16.81ms)
2026/10/08 14:36:44 OK   00013_audit_signed_segments.sql (31.71ms)
2026/10/08 14:36:44 OK   00014_audit_segment_predecessors.sql (13.35ms)
2026/10/08 14:36:44 OK   00015_source_schema_scope.sql (7.54ms)
2026/10/08 14:36:44 OK   00016_cluster_registration_metadata.sql (10.69ms)
2026/10/08 14:36:44 OK   00017_source_data_scope.sql (6.86ms)
2026/10/08 14:36:44 OK   00018_sp04_resources_evidence.sql (58.87ms)
2026/10/08 14:36:44 OK   00019_sp04_archive_ciphertext_bytes.sql (6.69ms)
2026/10/08 14:36:44 OK   00020_sp04_request_ledger.sql (11.34ms)
2026/10/08 14:36:44 OK   00021_sp04_archive_protection.sql (9.86ms)
2026/10/08 14:36:44 OK   00022_sp04_legal_hold_dependencies.sql (10.72ms)
2026/10/08 14:36:44 OK   00023_sp04_archive_query_intent.sql (21.83ms)
2026/10/08 14:36:45 OK   00024_sp05_finding_incident.sql (78.59ms)
2026/10/08 14:36:45 OK   00025_sp05_incident_event_time.sql (9ms)
2026/10/08 14:36:45 OK   00026_sp05_source_binding_lock.sql (9.19ms)
2026/10/08 14:36:45 OK   00027_sp05_rca_and_poll.sql (30.47ms)
2026/10/08 14:36:45 OK   00028_sp05_operator_lock.sql (5.54ms)
2026/10/08 14:36:45 OK   00029_sp05_evidence_links.sql (14.79ms)
2026/10/08 14:36:45 OK   00030_sp05_recipe_fence.sql (6.45ms)
2026/10/08 14:36:45 OK   00031_sp05_rca_postcheck.sql (9.55ms)
2026/10/08 14:36:45 OK   00032_sp05_transport_audit.sql (4.62ms)
2026/10/08 14:36:45 OK   00033_sp05_poll_resolution_clock.sql (8.68ms)
2026/10/08 14:36:45 OK   00034_sp06_investigation_ledger.sql (62.67ms)
2026/10/08 14:36:45 OK   00035_sp06_admission_data_classes.sql (15.45ms)
2026/10/08 14:36:45 goose: successfully migrated database to version: 35
    archive_iam_test.go:42: owned TLS/IAM fixture image=docker.io/chrislusf/seaweedfs@sha256:d4cf67729aa8777e1a43a5b61d72e5b96179e4b7bac9a221cb14cbc2036cb32e id=88f29bb22ca5ed2a761be3b6cb2a4e79542bff79aff3caec5375e47d1272647d bucket=sp05-golden-1fffc963 tenants=1
    sp05_golden_vertical_test.go:338: actual signed OPA/SDK/domain binding tool=get_dependencies state=succeeded partial=false refs=0
    sp05_golden_vertical_test.go:338: actual signed OPA/SDK/domain binding tool=get_evidence_conflicts state=succeeded partial=false refs=0
    sp05_golden_vertical_test.go:338: actual signed OPA/SDK/domain binding tool=get_findings state=succeeded partial=false refs=1
    sp05_golden_vertical_test.go:338: actual signed OPA/SDK/domain binding tool=get_impact_scope state=succeeded partial=false refs=0
    sp05_golden_vertical_test.go:338: actual signed OPA/SDK/domain binding tool=get_incident_context state=succeeded partial=false refs=1
    sp05_golden_vertical_test.go:338: actual signed OPA/SDK/domain binding tool=get_ranked_evidence state=succeeded partial=false refs=2
    sp05_golden_vertical_test.go:338: actual signed OPA/SDK/domain binding tool=get_recent_changes state=succeeded partial=false refs=0
    sp05_golden_vertical_test.go:338: actual signed OPA/SDK/domain binding tool=get_resource_context state=succeeded partial=false refs=0
    sp05_golden_vertical_test.go:338: actual signed OPA/SDK/domain binding tool=get_resource_health state=succeeded partial=false refs=0
    sp05_golden_vertical_test.go:338: actual signed OPA/SDK/domain binding tool=get_root_cause_candidates state=succeeded partial=false refs=2
    sp05_golden_vertical_test.go:338: actual signed OPA/SDK/domain binding tool=query_deepflow state=degraded partial=true refs=0
    sp05_golden_vertical_test.go:338: actual signed OPA/SDK/domain binding tool=query_hardware state=degraded partial=true refs=0
    sp05_golden_vertical_test.go:338: actual signed OPA/SDK/domain binding tool=query_kubernetes state=succeeded partial=false refs=0
    sp05_golden_vertical_test.go:338: actual signed OPA/SDK/domain binding tool=query_logs state=degraded partial=true refs=0
    sp05_golden_vertical_test.go:338: actual signed OPA/SDK/domain binding tool=query_metrics state=degraded partial=true refs=0
    sp05_golden_vertical_test.go:338: actual native Lease + mTLS Graph + current signed Recipe/facts + authorized ranked Evidence + Ledger + Go advisory validator; forged candidate, foreign tenant, deleted same-scope target and execution handle rejected; current target accepted and deterministic RCA unchanged
    sp05_golden_vertical_test.go:340: dimm-failure/valid: fixed clock, admitted native adapters -> actual identity/Graph and unified ingestion -> PostgreSQL reducer -> signed published Recipe -> real immutable OpenBao/SeaweedFS Evidence -> append-only RCA and bounded Impact, twice replay; protocol Fixture, no physical BMC/Node failure claim
    archive_iam_test.go:155: retained owned Archive fixture id=88f29bb22ca5ed2a761be3b6cb2a4e79542bff79aff3caec5375e47d1272647d label=e18cb959-7f83-4116-8a5a-0980c59f290d bucket=sp05-golden-1fffc963 private-material-directory=/Users/mssc/.local/state/ops/pre-sp07-20261004/protected-integration-r278/archive-iam-2996372382; process stopped, no storage/identity deletion
    migrations_test.go:436: retained owned integration database=sp03_mig_7d9bcfe10f094184a840fb0e327bab8a test=TestSP06ActualCurrentRCARecommendationValidator reason=audit.records; no automatic protected cleanup
--- PASS: TestSP06ActualCurrentRCARecommendationValidator (25.70s)
PASS
ok  	ops-platform/test/integration	27.070s
