=== RUN   TestSP06ActualCurrentRCARecommendationValidator
2026/10/08 14:35:27 OK   00001_roles_and_schemas.sql (37.25ms)
2026/10/08 14:35:27 goose: successfully migrated database to version: 1
2026/10/08 14:35:27 OK   00002_platform_meta.sql (39.87ms)
2026/10/08 14:35:27 OK   00003_finding.sql (19.31ms)
2026/10/08 14:35:27 OK   00004_incident.sql (13.88ms)
2026/10/08 14:35:27 OK   00005_investigation.sql (26.2ms)
2026/10/08 14:35:27 OK   00006_action_command.sql (37.04ms)
2026/10/08 14:35:27 OK   00007_audit.sql (23.45ms)
2026/10/08 14:35:27 OK   00008_rls.sql (21.98ms)
2026/10/08 14:35:27 OK   00009_idempotency_ledger.sql (29.76ms)
2026/10/08 14:35:27 OK   00010_tenant_provisioning.sql (11.96ms)
2026/10/08 14:35:27 OK   00011_source_registration_history.sql (39.19ms)
2026/10/08 14:35:27 OK   00012_config_registry_lifecycle.sql (47.25ms)
2026/10/08 14:35:27 OK   00013_audit_signed_segments.sql (43.56ms)
2026/10/08 14:35:27 OK   00014_audit_segment_predecessors.sql (15.1ms)
2026/10/08 14:35:27 OK   00015_source_schema_scope.sql (6.29ms)
2026/10/08 14:35:27 OK   00016_cluster_registration_metadata.sql (19.53ms)
2026/10/08 14:35:27 OK   00017_source_data_scope.sql (13.44ms)
2026/10/08 14:35:27 OK   00018_sp04_resources_evidence.sql (30.78ms)
2026/10/08 14:35:27 OK   00019_sp04_archive_ciphertext_bytes.sql (18.07ms)
2026/10/08 14:35:27 OK   00020_sp04_request_ledger.sql (19.8ms)
2026/10/08 14:35:27 OK   00021_sp04_archive_protection.sql (8.75ms)
2026/10/08 14:35:27 OK   00022_sp04_legal_hold_dependencies.sql (4.35ms)
2026/10/08 14:35:27 OK   00023_sp04_archive_query_intent.sql (15.46ms)
2026/10/08 14:35:27 OK   00024_sp05_finding_incident.sql (92.26ms)
2026/10/08 14:35:27 OK   00025_sp05_incident_event_time.sql (4.17ms)
2026/10/08 14:35:27 OK   00026_sp05_source_binding_lock.sql (3.55ms)
2026/10/08 14:35:27 OK   00027_sp05_rca_and_poll.sql (14.19ms)
2026/10/08 14:35:27 OK   00028_sp05_operator_lock.sql (9.07ms)
2026/10/08 14:35:27 OK   00029_sp05_evidence_links.sql (8.48ms)
2026/10/08 14:35:27 OK   00030_sp05_recipe_fence.sql (7.4ms)
2026/10/08 14:35:27 OK   00031_sp05_rca_postcheck.sql (10.99ms)
2026/10/08 14:35:27 OK   00032_sp05_transport_audit.sql (5.62ms)
2026/10/08 14:35:27 OK   00033_sp05_poll_resolution_clock.sql (14.19ms)
2026/10/08 14:35:27 OK   00034_sp06_investigation_ledger.sql (62.63ms)
2026/10/08 14:35:27 OK   00035_sp06_admission_data_classes.sql (10.47ms)
2026/10/08 14:35:27 goose: successfully migrated database to version: 35
    archive_iam_test.go:42: owned TLS/IAM fixture image=docker.io/chrislusf/seaweedfs@sha256:d4cf67729aa8777e1a43a5b61d72e5b96179e4b7bac9a221cb14cbc2036cb32e id=00aae2dd8b7debbee7f4a8b13462640baf4d7385aaf4282a5a513c8d7a0cd34d bucket=sp05-golden-71ddc595 tenants=1
    sp05_golden_vertical_test.go:338: actual signed OPA/SDK/domain binding tool=get_dependencies state=succeeded partial=false refs=0
    sp05_golden_vertical_test.go:338: actual signed OPA/SDK/domain binding tool=get_evidence_conflicts state=succeeded partial=false refs=0
    sp05_golden_vertical_test.go:338: actual signed OPA/SDK/domain binding tool=get_findings state=succeeded partial=false refs=1
    sp05_golden_vertical_test.go:338: actual signed OPA/SDK/domain binding tool=get_impact_scope state=succeeded partial=false refs=0
    sp05_golden_vertical_test.go:338: actual signed OPA/SDK/domain binding tool=get_incident_context state=succeeded partial=false refs=1
    sp05_golden_vertical_test.go:338: actual signed OPA/SDK/domain binding tool=get_ranked_evidence state=succeeded partial=false refs=2
    sp05_golden_vertical_test.go:338: actual signed OPA/SDK/domain binding tool=get_recent_changes state=succeeded partial=false refs=0
    sp05_golden_vertical_test.go:338: actual signed OPA/SDK/domain binding tool=get_resource_context state=succeeded partial=false refs=0
    sp05_golden_vertical_test.go:338: actual signed OPA/SDK/domain binding tool=get_resource_health state=succeeded partial=false refs=0
    sp05_golden_vertical_test.go:338: actual signed OPA/SDK/domain binding tool=get_root_cause_candidates state=succeeded partial=false refs=2
    sp05_golden_vertical_test.go:338: actual signed OPA/SDK/domain binding tool=query_deepflow state=degraded partial=true refs=0
    sp05_golden_vertical_test.go:338: actual signed OPA/SDK/domain binding tool=query_hardware state=degraded partial=true refs=0
    sp05_golden_vertical_test.go:338: actual signed OPA/SDK/domain binding tool=query_kubernetes state=succeeded partial=false refs=0
    sp05_golden_vertical_test.go:338: actual signed OPA/SDK/domain binding tool=query_logs state=degraded partial=true refs=0
    sp05_golden_vertical_test.go:338: actual signed OPA/SDK/domain binding tool=query_metrics state=degraded partial=true refs=0
    sp05_golden_vertical_test.go:338: deleted same-scope ActionPlan target accepted: <nil>
    archive_iam_test.go:155: retained owned Archive fixture id=00aae2dd8b7debbee7f4a8b13462640baf4d7385aaf4282a5a513c8d7a0cd34d label=2868dde2-dd2c-48ad-8665-4d48bb27c2ec bucket=sp05-golden-71ddc595 private-material-directory=/Users/mssc/.local/state/ops/pre-sp07-20261004/protected-integration-r277/archive-iam-1333707658; process stopped, no storage/identity deletion
    migrations_test.go:436: retained owned integration database=sp03_mig_0a02b86b190e426da416a1f3d58aacc2 test=TestSP06ActualCurrentRCARecommendationValidator reason=audit.records; no automatic protected cleanup
--- FAIL: TestSP06ActualCurrentRCARecommendationValidator (29.01s)
FAIL
FAIL	ops-platform/test/integration	30.639s
FAIL
