{"Time":"2026-10-08T14:33:14.177227+08:00","Action":"start","Package":"ops-platform/test/contract"}
{"Time":"2026-10-08T14:33:14.709361+08:00","Action":"run","Package":"ops-platform/test/contract","Test":"TestGraphNonVirtualUpstreamReplay"}
{"Time":"2026-10-08T14:33:14.7095+08:00","Action":"output","Package":"ops-platform/test/contract","Test":"TestGraphNonVirtualUpstreamReplay","Output":"=== RUN   TestGraphNonVirtualUpstreamReplay\n","OutputType":"frame"}
{"Time":"2026-10-08T14:33:14.711714+08:00","Action":"output","Package":"ops-platform/test/contract","Test":"TestGraphNonVirtualUpstreamReplay","Output":"    graph_replay_test.go:97: command=go [\"version\"] cwd=/Users/mssc/Documents/Code/ops/platform\n"}
{"Time":"2026-10-08T14:33:14.725478+08:00","Action":"output","Package":"ops-platform/test/contract","Test":"TestGraphNonVirtualUpstreamReplay","Output":"    graph_replay_test.go:97: go version go1.27.1 darwin/arm64\n"}
{"Time":"2026-10-08T14:33:14.725548+08:00","Action":"output","Package":"ops-platform/test/contract","Test":"TestGraphNonVirtualUpstreamReplay","Output":"    graph_replay_test.go:101: command=go [\"env\" \"GOMODCACHE\"] cwd=/Users/mssc/Documents/Code/ops/platform\n"}
{"Time":"2026-10-08T14:33:14.739708+08:00","Action":"output","Package":"ops-platform/test/contract","Test":"TestGraphNonVirtualUpstreamReplay","Output":"    graph_replay_test.go:101: /Users/mssc/go/pkg/mod\n"}
{"Time":"2026-10-08T14:33:14.740273+08:00","Action":"output","Package":"ops-platform/test/contract","Test":"TestGraphNonVirtualUpstreamReplay","Output":"    graph_replay_test.go:114: command=git [\"-C\" \"/Users/mssc/.cache/ops-sp06-20261004/replay-sources/ariadne\" \"archive\" \"--format=tar\" \"--output=/var/folders/71/5876xm8s6d37d5873yq80dc80000gn/T/TestGraphNonVirtualUpstreamReplay2881735425/001/ariadne.tar\" \"fa2232ce45c4c869e47ddae1c57e8886830cfb6c\"] cwd=/Users/mssc/Documents/Code/ops/platform\n"}
{"Time":"2026-10-08T14:33:14.80788+08:00","Action":"output","Package":"ops-platform/test/contract","Test":"TestGraphNonVirtualUpstreamReplay","Output":"    graph_replay_test.go:122: command=tar [\"-xf\" \"/var/folders/71/5876xm8s6d37d5873yq80dc80000gn/T/TestGraphNonVirtualUpstreamReplay2881735425/001/ariadne.tar\" \"-C\" \"/var/folders/71/5876xm8s6d37d5873yq80dc80000gn/T/TestGraphNonVirtualUpstreamReplay2881735425/001/ariadne\"] cwd=/Users/mssc/Documents/Code/ops/platform\n"}
{"Time":"2026-10-08T14:33:14.850702+08:00","Action":"output","Package":"ops-platform/test/contract","Test":"TestGraphNonVirtualUpstreamReplay","Output":"    graph_replay_test.go:114: command=git [\"-C\" \"/Users/mssc/.cache/ops-sp06-20261004/replay-sources/kubernetes-ontology\" \"archive\" \"--format=tar\" \"--output=/var/folders/71/5876xm8s6d37d5873yq80dc80000gn/T/TestGraphNonVirtualUpstreamReplay2881735425/001/ontology.tar\" \"346236312685a2e2e824c46b9ecdb3e8e8a10c76\"] cwd=/Users/mssc/Documents/Code/ops/platform\n"}
{"Time":"2026-10-08T14:33:14.913211+08:00","Action":"output","Package":"ops-platform/test/contract","Test":"TestGraphNonVirtualUpstreamReplay","Output":"    graph_replay_test.go:122: command=tar [\"-xf\" \"/var/folders/71/5876xm8s6d37d5873yq80dc80000gn/T/TestGraphNonVirtualUpstreamReplay2881735425/001/ontology.tar\" \"-C\" \"/var/folders/71/5876xm8s6d37d5873yq80dc80000gn/T/TestGraphNonVirtualUpstreamReplay2881735425/001/ontology\"] cwd=/Users/mssc/Documents/Code/ops/platform\n"}
{"Time":"2026-10-08T14:33:14.975151+08:00","Action":"output","Package":"ops-platform/test/contract","Test":"TestGraphNonVirtualUpstreamReplay","Output":"    graph_replay_test.go:129: command=git [\"apply\" \"--unidiff-zero\" \"/Users/mssc/Documents/Code/ops/platform/test/fixtures/upstream-graph/ontology-ariadne-reader.patch\"] cwd=/var/folders/71/5876xm8s6d37d5873yq80dc80000gn/T/TestGraphNonVirtualUpstreamReplay2881735425/001/ontology\n"}
{"Time":"2026-10-08T14:33:15.002944+08:00","Action":"output","Package":"ops-platform/test/contract","Test":"TestGraphNonVirtualUpstreamReplay","Output":"    graph_replay_test.go:146: command=go [\"test\" \"-c\" \"-o\" \"/var/folders/71/5876xm8s6d37d5873yq80dc80000gn/T/TestGraphNonVirtualUpstreamReplay2881735425/001/graph.test\"] cwd=/var/folders/71/5876xm8s6d37d5873yq80dc80000gn/T/TestGraphNonVirtualUpstreamReplay2881735425/001/graph\n"}
{"Time":"2026-10-08T14:33:16.528955+08:00","Action":"output","Package":"ops-platform/test/contract","Test":"TestGraphNonVirtualUpstreamReplay","Output":"    graph_replay_test.go:155: command=docker [\"--context\" \"orbstack\" \"run\" \"--rm\" \"--network\" \"none\" \"--pull=never\" \"--read-only\" \"--cap-drop=ALL\" \"--security-opt=no-new-privileges\" \"--tmpfs\" \"/tmp:rw,exec,mode=1777\" \"--mount\" \"type=bind,src=/var/folders/71/5876xm8s6d37d5873yq80dc80000gn/T/TestGraphNonVirtualUpstreamReplay2881735425/001,dst=/replay,readonly\" \"--mount\" \"type=bind,src=/Users/mssc/go/pkg/mod,dst=/go/pkg/mod,readonly\" \"-e\" \"GOPROXY=off\" \"-e\" \"GOSUMDB=off\" \"-e\" \"GOCACHE=/tmp/go-build\" \"-w\" \"/replay/graph/run\" \"golang:1.27.1-alpine@sha256:8a5910f31396cd4d89662f56c68b3ae31d374308270a1c3bd96672ee5ed43414\" \"/replay/graph.test\" \"-test.run=^TestAriadneNonVirtualGolden20K$\" \"-test.v\" \"-test.count=1\"] cwd=/Users/mssc/Documents/Code/ops/platform\n"}
{"Time":"2026-10-08T14:34:49.623599+08:00","Action":"output","Package":"ops-platform/test/contract","Test":"TestGraphNonVirtualUpstreamReplay","Output":"    graph_replay_test.go:155: === RUN   TestAriadneNonVirtualGolden20K\n"}
{"Time":"2026-10-08T14:34:49.62405+08:00","Action":"output","Package":"ops-platform/test/contract","Test":"TestGraphNonVirtualUpstreamReplay","Output":"            graph_test.go:35: build_objects=24.067409ms\n"}
{"Time":"2026-10-08T14:34:49.624154+08:00","Action":"output","Package":"ops-platform/test/contract","Test":"TestGraphNonVirtualUpstreamReplay","Output":"            graph_test.go:52: graph_load=1m31.235616843s\n"}
{"Time":"2026-10-08T14:34:49.624207+08:00","Action":"output","Package":"ops-platform/test/contract","Test":"TestGraphNonVirtualUpstreamReplay","Output":"        --- PASS: TestAriadneNonVirtualGolden20K (91.31s)\n"}
{"Time":"2026-10-08T14:34:49.624215+08:00","Action":"output","Package":"ops-platform/test/contract","Test":"TestGraphNonVirtualUpstreamReplay","Output":"        PASS\n"}
{"Time":"2026-10-08T14:34:49.624247+08:00","Action":"output","Package":"ops-platform/test/contract","Test":"TestGraphNonVirtualUpstreamReplay","Output":"    graph_replay_test.go:157: command=docker [\"--context\" \"orbstack\" \"run\" \"--rm\" \"--network\" \"none\" \"--pull=never\" \"--read-only\" \"--cap-drop=ALL\" \"--security-opt=no-new-privileges\" \"--tmpfs\" \"/tmp:rw,exec,mode=1777\" \"--mount\" \"type=bind,src=/var/folders/71/5876xm8s6d37d5873yq80dc80000gn/T/TestGraphNonVirtualUpstreamReplay2881735425/001,dst=/replay,readonly\" \"--mount\" \"type=bind,src=/Users/mssc/go/pkg/mod,dst=/go/pkg/mod,readonly\" \"-e\" \"GOPROXY=off\" \"-e\" \"GOSUMDB=off\" \"-e\" \"GOCACHE=/tmp/go-build\" \"-w\" \"/replay/ontology\" \"golang:1.27.1-alpine@sha256:8a5910f31396cd4d89662f56c68b3ae31d374308270a1c3bd96672ee5ed43414\" \"go\" \"test\" \"-mod=readonly\" \"-p\" \"1\" \"-count=1\" \"-v\" \"./internal/graph\" \"./internal/service/diagnostic\"] cwd=/Users/mssc/Documents/Code/ops/platform\n"}
{"Time":"2026-10-08T14:37:37.597969+08:00","Action":"output","Package":"ops-platform/test/contract","Test":"TestGraphNonVirtualUpstreamReplay","Output":"    graph_replay_test.go:157: === RUN   TestBuilderBuild\n"}
{"Time":"2026-10-08T14:37:37.599777+08:00","Action":"output","Package":"ops-platform/test/contract","Test":"TestGraphNonVirtualUpstreamReplay","Output":"        --- PASS: TestBuilderBuild (0.00s)\n"}
{"Time":"2026-10-08T14:37:37.599822+08:00","Action":"output","Package":"ops-platform/test/contract","Test":"TestGraphNonVirtualUpstreamReplay","Output":"        === RUN   TestBuilderBuildsRoutingPolicyAutoscalingAndAttachmentTopology\n"}
{"Time":"2026-10-08T14:37:37.599861+08:00","Action":"output","Package":"ops-platform/test/contract","Test":"TestGraphNonVirtualUpstreamReplay","Output":"        --- PASS: TestBuilderBuildsRoutingPolicyAutoscalingAndAttachmentTopology (0.00s)\n"}
{"Time":"2026-10-08T14:37:37.599892+08:00","Action":"output","Package":"ops-platform/test/contract","Test":"TestGraphNonVirtualUpstreamReplay","Output":"        === RUN   TestBuilderAddsRuntimeEvidenceFieldsAndEventNameFallback\n"}
{"Time":"2026-10-08T14:37:37.599901+08:00","Action":"output","Package":"ops-platform/test/contract","Test":"TestGraphNonVirtualUpstreamReplay","Output":"        --- PASS: TestBuilderAddsRuntimeEvidenceFieldsAndEventNameFallback (0.00s)\n"}
{"Time":"2026-10-08T14:37:37.599909+08:00","Action":"output","Package":"ops-platform/test/contract","Test":"TestGraphNonVirtualUpstreamReplay","Output":"        === RUN   TestBuilderBuildsConfiguredWorkloadOwnerChain\n"}
{"Time":"2026-10-08T14:37:37.599917+08:00","Action":"output","Package":"ops-platform/test/contract","Test":"TestGraphNonVirtualUpstreamReplay","Output":"        --- PASS: TestBuilderBuildsConfiguredWorkloadOwnerChain (0.00s)\n"}
{"Time":"2026-10-08T14:37:37.599948+08:00","Action":"output","Package":"ops-platform/test/contract","Test":"TestGraphNonVirtualUpstreamReplay","Output":"        === RUN   TestBuilderBuildsConfiguredControllerRuleEdges\n"}
{"Time":"2026-10-08T14:37:37.599955+08:00","Action":"output","Package":"ops-platform/test/contract","Test":"TestGraphNonVirtualUpstreamReplay","Output":"        --- PASS: TestBuilderBuildsConfiguredControllerRuleEdges (0.00s)\n"}
{"Time":"2026-10-08T14:37:37.599961+08:00","Action":"output","Package":"ops-platform/test/contract","Test":"TestGraphNonVirtualUpstreamReplay","Output":"        === RUN   TestBuilderBuildsRBACTopology\n"}
{"Time":"2026-10-08T14:37:37.599967+08:00","Action":"output","Package":"ops-platform/test/contract","Test":"TestGraphNonVirtualUpstreamReplay","Output":"        --- PASS: TestBuilderBuildsRBACTopology (0.00s)\n"}
{"Time":"2026-10-08T14:37:37.599974+08:00","Action":"output","Package":"ops-platform/test/contract","Test":"TestGraphNonVirtualUpstreamReplay","Output":"        === RUN   TestBuilderInfersHelmReleaseAndChartFromLabels\n"}
{"Time":"2026-10-08T14:37:37.599979+08:00","Action":"output","Package":"ops-platform/test/contract","Test":"TestGraphNonVirtualUpstreamReplay","Output":"        --- PASS: TestBuilderInfersHelmReleaseAndChartFromLabels (0.00s)\n"}
{"Time":"2026-10-08T14:37:37.599985+08:00","Action":"output","Package":"ops-platform/test/contract","Test":"TestGraphNonVirtualUpstreamReplay","Output":"        === RUN   TestKernelNeighborsUsesIndexedEdgeLookup\n"}
{"Time":"2026-10-08T14:37:37.599991+08:00","Action":"output","Package":"ops-platform/test/contract","Test":"TestGraphNonVirtualUpstreamReplay","Output":"        --- PASS: TestKernelNeighborsUsesIndexedEdgeLookup (0.00s)\n"}
{"Time":"2026-10-08T14:37:37.600004+08:00","Action":"output","Package":"ops-platform/test/contract","Test":"TestGraphNonVirtualUpstreamReplay","Output":"        === RUN   TestPodFixtureContract\n"}
{"Time":"2026-10-08T14:37:37.60001+08:00","Action":"output","Package":"ops-platform/test/contract","Test":"TestGraphNonVirtualUpstreamReplay","Output":"        --- PASS: TestPodFixtureContract (0.00s)\n"}
{"Time":"2026-10-08T14:37:37.600016+08:00","Action":"output","Package":"ops-platform/test/contract","Test":"TestGraphNonVirtualUpstreamReplay","Output":"        === RUN   TestBuilderBuildPVCToPV\n"}
{"Time":"2026-10-08T14:37:37.600022+08:00","Action":"output","Package":"ops-platform/test/contract","Test":"TestGraphNonVirtualUpstreamReplay","Output":"        --- PASS: TestBuilderBuildPVCToPV (0.00s)\n"}
{"Time":"2026-10-08T14:37:37.600028+08:00","Action":"output","Package":"ops-platform/test/contract","Test":"TestGraphNonVirtualUpstreamReplay","Output":"        === RUN   TestBuilderBuildsPVCStorageTopology\n"}
{"Time":"2026-10-08T14:37:37.600033+08:00","Action":"output","Package":"ops-platform/test/contract","Test":"TestGraphNonVirtualUpstreamReplay","Output":"        --- PASS: TestBuilderBuildsPVCStorageTopology (0.00s)\n"}
{"Time":"2026-10-08T14:37:37.600039+08:00","Action":"output","Package":"ops-platform/test/contract","Test":"TestGraphNonVirtualUpstreamReplay","Output":"        === RUN   TestBuilderDoesNotSynthesizeCSIDriverForNonCSIProvisioner\n"}
{"Time":"2026-10-08T14:37:37.600057+08:00","Action":"output","Package":"ops-platform/test/contract","Test":"TestGraphNonVirtualUpstreamReplay","Output":"        --- PASS: TestBuilderDoesNotSynthesizeCSIDriverForNonCSIProvisioner (0.00s)\n"}
{"Time":"2026-10-08T14:37:37.600101+08:00","Action":"output","Package":"ops-platform/test/contract","Test":"TestGraphNonVirtualUpstreamReplay","Output":"        === RUN   TestBuilderUsesConfiguredCSIComponentRule\n"}
{"Time":"2026-10-08T14:37:37.600107+08:00","Action":"output","Package":"ops-platform/test/contract","Test":"TestGraphNonVirtualUpstreamReplay","Output":"        --- PASS: TestBuilderUsesConfiguredCSIComponentRule (0.00s)\n"}
{"Time":"2026-10-08T14:37:37.600126+08:00","Action":"output","Package":"ops-platform/test/contract","Test":"TestGraphNonVirtualUpstreamReplay","Output":"        === RUN   TestBuilderScopesPVCSINodeAgentToConsumingPodNode\n"}
{"Time":"2026-10-08T14:37:37.600133+08:00","Action":"output","Package":"ops-platform/test/contract","Test":"TestGraphNonVirtualUpstreamReplay","Output":"        --- PASS: TestBuilderScopesPVCSINodeAgentToConsumingPodNode (0.00s)\n"}
{"Time":"2026-10-08T14:37:37.600138+08:00","Action":"output","Package":"ops-platform/test/contract","Test":"TestGraphNonVirtualUpstreamReplay","Output":"        PASS\n"}
{"Time":"2026-10-08T14:37:37.600195+08:00","Action":"output","Package":"ops-platform/test/contract","Test":"TestGraphNonVirtualUpstreamReplay","Output":"        ok  \tgithub.com/Colvin-Y/kubernetes-ontology/internal/graph\t0.017s\n"}
{"Time":"2026-10-08T14:37:37.600201+08:00","Action":"output","Package":"ops-platform/test/contract","Test":"TestGraphNonVirtualUpstreamReplay","Output":"        === RUN   TestAriadneBacksOntologyDiagnosticServiceWithoutSecondIndex\n"}
{"Time":"2026-10-08T14:37:37.600245+08:00","Action":"output","Package":"ops-platform/test/contract","Test":"TestGraphNonVirtualUpstreamReplay","Output":"        --- PASS: TestAriadneBacksOntologyDiagnosticServiceWithoutSecondIndex (0.00s)\n"}
{"Time":"2026-10-08T14:37:37.600259+08:00","Action":"output","Package":"ops-platform/test/contract","Test":"TestGraphNonVirtualUpstreamReplay","Output":"        === RUN   TestGetDiagnosticSubgraphRespectsMaxDepth\n"}
{"Time":"2026-10-08T14:37:37.600268+08:00","Action":"output","Package":"ops-platform/test/contract","Test":"TestGraphNonVirtualUpstreamReplay","Output":"        --- PASS: TestGetDiagnosticSubgraphRespectsMaxDepth (0.00s)\n"}
{"Time":"2026-10-08T14:37:37.600275+08:00","Action":"output","Package":"ops-platform/test/contract","Test":"TestGraphNonVirtualUpstreamReplay","Output":"        === RUN   TestGetDiagnosticSubgraph\n"}
{"Time":"2026-10-08T14:37:37.600281+08:00","Action":"output","Package":"ops-platform/test/contract","Test":"TestGraphNonVirtualUpstreamReplay","Output":"        --- PASS: TestGetDiagnosticSubgraph (0.00s)\n"}
{"Time":"2026-10-08T14:37:37.600303+08:00","Action":"output","Package":"ops-platform/test/contract","Test":"TestGraphNonVirtualUpstreamReplay","Output":"        === RUN   TestGetDiagnosticSubgraphByPodFindsCanonicalEntry\n"}
{"Time":"2026-10-08T14:37:37.600311+08:00","Action":"output","Package":"ops-platform/test/contract","Test":"TestGraphNonVirtualUpstreamReplay","Output":"        --- PASS: TestGetDiagnosticSubgraphByPodFindsCanonicalEntry (0.00s)\n"}
{"Time":"2026-10-08T14:37:37.600325+08:00","Action":"output","Package":"ops-platform/test/contract","Test":"TestGraphNonVirtualUpstreamReplay","Output":"        === RUN   TestGetDiagnosticSubgraphTraversesStorageClassAndCSIDriver\n"}
{"Time":"2026-10-08T14:37:37.600332+08:00","Action":"output","Package":"ops-platform/test/contract","Test":"TestGraphNonVirtualUpstreamReplay","Output":"        --- PASS: TestGetDiagnosticSubgraphTraversesStorageClassAndCSIDriver (0.00s)\n"}
{"Time":"2026-10-08T14:37:37.600337+08:00","Action":"output","Package":"ops-platform/test/contract","Test":"TestGraphNonVirtualUpstreamReplay","Output":"        === RUN   TestGetDiagnosticSubgraphScopesCSINodeAgentsForPodStoragePath\n"}
{"Time":"2026-10-08T14:37:37.600425+08:00","Action":"output","Package":"ops-platform/test/contract","Test":"TestGraphNonVirtualUpstreamReplay","Output":"        --- PASS: TestGetDiagnosticSubgraphScopesCSINodeAgentsForPodStoragePath (0.00s)\n"}
{"Time":"2026-10-08T14:37:37.600456+08:00","Action":"output","Package":"ops-platform/test/contract","Test":"TestGraphNonVirtualUpstreamReplay","Output":"        === RUN   TestGetDiagnosticSubgraphReturnsPartialWhenNodeBudgetExceeded\n"}
{"Time":"2026-10-08T14:37:37.600467+08:00","Action":"output","Package":"ops-platform/test/contract","Test":"TestGraphNonVirtualUpstreamReplay","Output":"        --- PASS: TestGetDiagnosticSubgraphReturnsPartialWhenNodeBudgetExceeded (0.00s)\n"}
{"Time":"2026-10-08T14:37:37.600474+08:00","Action":"output","Package":"ops-platform/test/contract","Test":"TestGraphNonVirtualUpstreamReplay","Output":"        === RUN   TestGetDiagnosticSubgraphReturnsPartialWhenEdgeBudgetExceeded\n"}
{"Time":"2026-10-08T14:37:37.600481+08:00","Action":"output","Package":"ops-platform/test/contract","Test":"TestGraphNonVirtualUpstreamReplay","Output":"        --- PASS: TestGetDiagnosticSubgraphReturnsPartialWhenEdgeBudgetExceeded (0.00s)\n"}
{"Time":"2026-10-08T14:37:37.600488+08:00","Action":"output","Package":"ops-platform/test/contract","Test":"TestGraphNonVirtualUpstreamReplay","Output":"        === RUN   TestGetDiagnosticSubgraphRanksEventEvidence\n"}
{"Time":"2026-10-08T14:37:37.600495+08:00","Action":"output","Package":"ops-platform/test/contract","Test":"TestGraphNonVirtualUpstreamReplay","Output":"        --- PASS: TestGetDiagnosticSubgraphRanksEventEvidence (0.00s)\n"}
{"Time":"2026-10-08T14:37:37.600513+08:00","Action":"output","Package":"ops-platform/test/contract","Test":"TestGraphNonVirtualUpstreamReplay","Output":"        === RUN   TestGetDiagnosticSubgraphForHelmReleaseIncludesOwnedResourcesAndChart\n"}
{"Time":"2026-10-08T14:37:37.60052+08:00","Action":"output","Package":"ops-platform/test/contract","Test":"TestGraphNonVirtualUpstreamReplay","Output":"        --- PASS: TestGetDiagnosticSubgraphForHelmReleaseIncludesOwnedResourcesAndChart (0.00s)\n"}
{"Time":"2026-10-08T14:37:37.600527+08:00","Action":"output","Package":"ops-platform/test/contract","Test":"TestGraphNonVirtualUpstreamReplay","Output":"        === RUN   TestGetDiagnosticSubgraphReportsHelmOwnershipConflicts\n"}
{"Time":"2026-10-08T14:37:37.600533+08:00","Action":"output","Package":"ops-platform/test/contract","Test":"TestGraphNonVirtualUpstreamReplay","Output":"        --- PASS: TestGetDiagnosticSubgraphReportsHelmOwnershipConflicts (0.00s)\n"}
{"Time":"2026-10-08T14:37:37.600548+08:00","Action":"output","Package":"ops-platform/test/contract","Test":"TestGraphNonVirtualUpstreamReplay","Output":"        === RUN   TestDefaultExpansionStopsAtTerminalSharedNodes\n"}
{"Time":"2026-10-08T14:37:37.600579+08:00","Action":"output","Package":"ops-platform/test/contract","Test":"TestGraphNonVirtualUpstreamReplay","Output":"        --- PASS: TestDefaultExpansionStopsAtTerminalSharedNodes (0.00s)\n"}
{"Time":"2026-10-08T14:37:37.600587+08:00","Action":"output","Package":"ops-platform/test/contract","Test":"TestGraphNonVirtualUpstreamReplay","Output":"        === RUN   TestExpansionCanTraverseTerminalNodes\n"}
{"Time":"2026-10-08T14:37:37.600593+08:00","Action":"output","Package":"ops-platform/test/contract","Test":"TestGraphNonVirtualUpstreamReplay","Output":"        --- PASS: TestExpansionCanTraverseTerminalNodes (0.00s)\n"}
{"Time":"2026-10-08T14:37:37.600614+08:00","Action":"output","Package":"ops-platform/test/contract","Test":"TestGraphNonVirtualUpstreamReplay","Output":"        PASS\n"}
{"Time":"2026-10-08T14:37:37.600621+08:00","Action":"output","Package":"ops-platform/test/contract","Test":"TestGraphNonVirtualUpstreamReplay","Output":"        ok  \tgithub.com/Colvin-Y/kubernetes-ontology/internal/service/diagnostic\t0.013s\n"}
{"Time":"2026-10-08T14:37:37.640062+08:00","Action":"output","Package":"ops-platform/test/contract","Test":"TestGraphNonVirtualUpstreamReplay","Output":"--- PASS: TestGraphNonVirtualUpstreamReplay (263.03s)\n","OutputType":"frame"}
{"Time":"2026-10-08T14:37:37.640121+08:00","Action":"pass","Package":"ops-platform/test/contract","Test":"TestGraphNonVirtualUpstreamReplay","Elapsed":263.03}
{"Time":"2026-10-08T14:37:37.640207+08:00","Action":"run","Package":"ops-platform/test/contract","Test":"TestInspectionNonVirtualUpstreamReplay"}
{"Time":"2026-10-08T14:37:37.640212+08:00","Action":"output","Package":"ops-platform/test/contract","Test":"TestInspectionNonVirtualUpstreamReplay","Output":"=== RUN   TestInspectionNonVirtualUpstreamReplay\n","OutputType":"frame"}
{"Time":"2026-10-08T14:44:03.892616+08:00","Action":"output","Package":"ops-platform/test/contract","Test":"TestInspectionNonVirtualUpstreamReplay","Output":"    inspection_replay_test.go:76: command=/Users/mssc/Documents/Code/ops/platform/services/investigator/.venv/bin/python3 [\"/Users/mssc/Documents/Code/ops/platform/test/fixtures/upstream-inspection/replay-nonvirtual.py\" \"--sources\" \"/Users/mssc/.cache/ops-sp06-20261004/replay-sources\" \"--keep-wheels\" \"/Users/mssc/.cache/ops-sp06-20261004/keep-wheels\" \"--output\" \"/Users/mssc/.cache/ops-sp06-20261004/inspection-replay-r274\"]\n"}
{"Time":"2026-10-08T14:44:03.894106+08:00","Action":"output","Package":"ops-platform/test/contract","Test":"TestInspectionNonVirtualUpstreamReplay","Output":"        k8sgpt-analyzer: exit 0; runtime remains disabled; log=/Users/mssc/.cache/ops-sp06-20261004/inspection-replay-r274/k8sgpt-analyzer.log\n"}
{"Time":"2026-10-08T14:44:03.894232+08:00","Action":"output","Package":"ops-platform/test/contract","Test":"TestInspectionNonVirtualUpstreamReplay","Output":"        node-problem-detector-rules: exit 0; runtime remains disabled; log=/Users/mssc/.cache/ops-sp06-20261004/inspection-replay-r274/node-problem-detector-rules.log\n"}
{"Time":"2026-10-08T14:44:03.894264+08:00","Action":"output","Package":"ops-platform/test/contract","Test":"TestInspectionNonVirtualUpstreamReplay","Output":"        coroot-community-check: exit 0; runtime remains disabled; log=/Users/mssc/.cache/ops-sp06-20261004/inspection-replay-r274/coroot-community-check.log\n"}
{"Time":"2026-10-08T14:44:03.894277+08:00","Action":"output","Package":"ops-platform/test/contract","Test":"TestInspectionNonVirtualUpstreamReplay","Output":"        keep-community-model: exit 0; runtime remains disabled; log=/Users/mssc/.cache/ops-sp06-20261004/inspection-replay-r274/keep-community-model.log\n"}
{"Time":"2026-10-08T14:44:03.894287+08:00","Action":"output","Package":"ops-platform/test/contract","Test":"TestInspectionNonVirtualUpstreamReplay","Output":"        metal3-bmo-model: exit 0; runtime remains disabled; log=/Users/mssc/.cache/ops-sp06-20261004/inspection-replay-r274/metal3-bmo-model.log\n"}
{"Time":"2026-10-08T14:44:03.894296+08:00","Action":"output","Package":"ops-platform/test/contract","Test":"TestInspectionNonVirtualUpstreamReplay","Output":"        gofish-redfish: exit 0; runtime remains disabled; log=/Users/mssc/.cache/ops-sp06-20261004/inspection-replay-r274/gofish-redfish.log\n"}
{"Time":"2026-10-08T14:44:03.894305+08:00","Action":"output","Package":"ops-platform/test/contract","Test":"TestInspectionNonVirtualUpstreamReplay","Output":"        ipmi-exporter: exit 0; runtime remains disabled; log=/Users/mssc/.cache/ops-sp06-20261004/inspection-replay-r274/ipmi-exporter.log\n"}
{"Time":"2026-10-08T14:44:03.894313+08:00","Action":"output","Package":"ops-platform/test/contract","Test":"TestInspectionNonVirtualUpstreamReplay","Output":"        smartctl-exporter: exit 0; runtime remains disabled; log=/Users/mssc/.cache/ops-sp06-20261004/inspection-replay-r274/smartctl-exporter.log\n"}
{"Time":"2026-10-08T14:44:03.894357+08:00","Action":"output","Package":"ops-platform/test/contract","Test":"TestInspectionNonVirtualUpstreamReplay","Output":"--- PASS: TestInspectionNonVirtualUpstreamReplay (386.27s)\n","OutputType":"frame"}
{"Time":"2026-10-08T14:44:03.894368+08:00","Action":"pass","Package":"ops-platform/test/contract","Test":"TestInspectionNonVirtualUpstreamReplay","Elapsed":386.27}
{"Time":"2026-10-08T14:44:03.894728+08:00","Action":"output","Package":"ops-platform/test/contract","Output":"PASS\n","OutputType":"frame"}
{"Time":"2026-10-08T14:44:03.896523+08:00","Action":"output","Package":"ops-platform/test/contract","Output":"ok  \tops-platform/test/contract\t649.828s\n"}
{"Time":"2026-10-08T14:44:03.896651+08:00","Action":"pass","Package":"ops-platform/test/contract","Elapsed":649.829}
Acceptance report: 2 tests passed; zero skips.
