=== RUN   TestSP06ActualCurrentRCARecommendationValidator
2026/10/04 07:20:28 OK   00001_roles_and_schemas.sql (27.14ms)
2026/10/04 07:20:28 goose: successfully migrated database to version: 1
2026/10/04 07:20:28 OK   00002_platform_meta.sql (15.98ms)
2026/10/04 07:20:28 OK   00003_finding.sql (5.77ms)
2026/10/04 07:20:28 OK   00004_incident.sql (3.97ms)
2026/10/04 07:20:28 OK   00005_investigation.sql (5.22ms)
2026/10/04 07:20:28 OK   00006_action_command.sql (12.66ms)
2026/10/04 07:20:28 OK   00007_audit.sql (12.18ms)
2026/10/04 07:20:28 OK   00008_rls.sql (6.87ms)
2026/10/04 07:20:28 OK   00009_idempotency_ledger.sql (5.24ms)
2026/10/04 07:20:28 OK   00010_tenant_provisioning.sql (8.71ms)
2026/10/04 07:20:28 OK   00011_source_registration_history.sql (13.6ms)
2026/10/04 07:20:28 OK   00012_config_registry_lifecycle.sql (15.77ms)
2026/10/04 07:20:28 OK   00013_audit_signed_segments.sql (15.55ms)
2026/10/04 07:20:28 OK   00014_audit_segment_predecessors.sql (10.83ms)
2026/10/04 07:20:28 OK   00015_source_schema_scope.sql (2.91ms)
2026/10/04 07:20:28 OK   00016_cluster_registration_metadata.sql (5.9ms)
2026/10/04 07:20:28 OK   00017_source_data_scope.sql (8.26ms)
2026/10/04 07:20:28 OK   00018_sp04_resources_evidence.sql (17.81ms)
2026/10/04 07:20:28 OK   00019_sp04_archive_ciphertext_bytes.sql (7.75ms)
2026/10/04 07:20:28 OK   00020_sp04_request_ledger.sql (15.13ms)
2026/10/04 07:20:28 OK   00021_sp04_archive_protection.sql (2.78ms)
2026/10/04 07:20:28 OK   00022_sp04_legal_hold_dependencies.sql (4.52ms)
2026/10/04 07:20:28 OK   00023_sp04_archive_query_intent.sql (8.81ms)
2026/10/04 07:20:28 OK   00024_sp05_finding_incident.sql (20.83ms)
2026/10/04 07:20:28 OK   00025_sp05_incident_event_time.sql (4.81ms)
2026/10/04 07:20:28 OK   00026_sp05_source_binding_lock.sql (5.14ms)
2026/10/04 07:20:28 OK   00027_sp05_rca_and_poll.sql (17.15ms)
2026/10/04 07:20:28 OK   00028_sp05_operator_lock.sql (9.18ms)
2026/10/04 07:20:28 OK   00029_sp05_evidence_links.sql (12.56ms)
2026/10/04 07:20:28 OK   00030_sp05_recipe_fence.sql (4.41ms)
2026/10/04 07:20:28 OK   00031_sp05_rca_postcheck.sql (2.61ms)
2026/10/04 07:20:28 OK   00032_sp05_transport_audit.sql (5.13ms)
2026/10/04 07:20:28 OK   00033_sp05_poll_resolution_clock.sql (11.23ms)
2026/10/04 07:20:28 OK   00034_sp06_investigation_ledger.sql (34.4ms)
2026/10/04 07:20:28 goose: successfully migrated database to version: 34
    archive_iam_test.go:41: owned TLS/IAM fixture image=docker.io/chrislusf/seaweedfs@sha256:d4cf67729aa8777e1a43a5b61d72e5b96179e4b7bac9a221cb14cbc2036cb32e id=38dd5206f10294724fe0fcd9fcdc79e9074f4de3632ef421f06a996af6665c9b bucket=sp05-golden-81fc9289 tenants=1
    sp05_golden_vertical_test.go:338: actual signed OPA/SDK/domain binding tool=get_dependencies state=succeeded partial=false refs=0
    sp05_golden_vertical_test.go:338: actual signed OPA/SDK/domain binding tool=get_evidence_conflicts state=succeeded partial=false refs=0
    sp05_golden_vertical_test.go:338: actual signed OPA/SDK/domain binding tool=get_findings state=succeeded partial=false refs=1
    sp05_golden_vertical_test.go:338: actual signed OPA/SDK/domain binding tool=get_impact_scope state=succeeded partial=false refs=0
    sp05_golden_vertical_test.go:338: actual signed OPA/SDK/domain binding tool=get_incident_context state=succeeded partial=false refs=1
    sp05_golden_vertical_test.go:338: actual signed OPA/SDK/domain binding tool=get_ranked_evidence state=succeeded partial=false refs=2
    sp05_golden_vertical_test.go:338: actual signed OPA/SDK/domain binding tool=get_recent_changes state=succeeded partial=false refs=0
    sp05_golden_vertical_test.go:338: actual signed OPA/SDK/domain binding tool=get_resource_context state=succeeded partial=false refs=0
    sp05_golden_vertical_test.go:338: actual signed OPA/SDK/domain binding tool=get_resource_health state=succeeded partial=false refs=0
    sp05_golden_vertical_test.go:338: actual signed OPA/SDK/domain binding tool=get_root_cause_candidates state=succeeded partial=false refs=2
    sp05_golden_vertical_test.go:338: query_deepflow actual arguments: validate payload against schema "https://ops.local/schemas/query_deepflow/v2": jsonschema validation failed with 'https://ops.local/schemas/query_deepflow/v2#'
        - at '': missing property 'timeRange'
--- FAIL: TestSP06ActualCurrentRCARecommendationValidator (10.03s)
FAIL
FAIL	ops-platform/test/integration	11.035s
FAIL
