=== RUN   TestSP06ActualCurrentRCARecommendationValidator
2026/10/04 07:30:06 OK   00001_roles_and_schemas.sql (10.43ms)
2026/10/04 07:30:06 goose: successfully migrated database to version: 1
2026/10/04 07:30:06 OK   00002_platform_meta.sql (28.61ms)
2026/10/04 07:30:06 OK   00003_finding.sql (6.13ms)
2026/10/04 07:30:06 OK   00004_incident.sql (11.67ms)
2026/10/04 07:30:06 OK   00005_investigation.sql (9.06ms)
2026/10/04 07:30:06 OK   00006_action_command.sql (5.4ms)
2026/10/04 07:30:06 OK   00007_audit.sql (10.98ms)
2026/10/04 07:30:06 OK   00008_rls.sql (11.87ms)
2026/10/04 07:30:06 OK   00009_idempotency_ledger.sql (7.36ms)
2026/10/04 07:30:06 OK   00010_tenant_provisioning.sql (7.07ms)
2026/10/04 07:30:06 OK   00011_source_registration_history.sql (10.31ms)
2026/10/04 07:30:06 OK   00012_config_registry_lifecycle.sql (19.51ms)
2026/10/04 07:30:06 OK   00013_audit_signed_segments.sql (8.78ms)
2026/10/04 07:30:06 OK   00014_audit_segment_predecessors.sql (4.07ms)
2026/10/04 07:30:06 OK   00015_source_schema_scope.sql (2.33ms)
2026/10/04 07:30:06 OK   00016_cluster_registration_metadata.sql (3.23ms)
2026/10/04 07:30:06 OK   00017_source_data_scope.sql (3.16ms)
2026/10/04 07:30:06 OK   00018_sp04_resources_evidence.sql (9.15ms)
2026/10/04 07:30:06 OK   00019_sp04_archive_ciphertext_bytes.sql (3.59ms)
2026/10/04 07:30:06 OK   00020_sp04_request_ledger.sql (8.53ms)
2026/10/04 07:30:06 OK   00021_sp04_archive_protection.sql (7.66ms)
2026/10/04 07:30:06 OK   00022_sp04_legal_hold_dependencies.sql (3.21ms)
2026/10/04 07:30:06 OK   00023_sp04_archive_query_intent.sql (2.77ms)
2026/10/04 07:30:06 OK   00024_sp05_finding_incident.sql (11.23ms)
2026/10/04 07:30:06 OK   00025_sp05_incident_event_time.sql (2.56ms)
2026/10/04 07:30:06 OK   00026_sp05_source_binding_lock.sql (2.85ms)
2026/10/04 07:30:06 OK   00027_sp05_rca_and_poll.sql (7.1ms)
2026/10/04 07:30:06 OK   00028_sp05_operator_lock.sql (7.8ms)
2026/10/04 07:30:06 OK   00029_sp05_evidence_links.sql (7.89ms)
2026/10/04 07:30:06 OK   00030_sp05_recipe_fence.sql (2.57ms)
2026/10/04 07:30:06 OK   00031_sp05_rca_postcheck.sql (2.09ms)
2026/10/04 07:30:06 OK   00032_sp05_transport_audit.sql (2.3ms)
2026/10/04 07:30:06 OK   00033_sp05_poll_resolution_clock.sql (3.32ms)
2026/10/04 07:30:06 OK   00034_sp06_investigation_ledger.sql (29.76ms)
2026/10/04 07:30:06 goose: successfully migrated database to version: 34
    archive_iam_test.go:41: owned TLS/IAM fixture image=docker.io/chrislusf/seaweedfs@sha256:d4cf67729aa8777e1a43a5b61d72e5b96179e4b7bac9a221cb14cbc2036cb32e id=04e9287e80a3d7df154caf59a546704915cdaddb15568767c67615429f5794e0 bucket=sp05-golden-5e2153d1 tenants=1
    sp05_golden_vertical_test.go:338: foreign tenant scope test must have valid schema
--- FAIL: TestSP06ActualCurrentRCARecommendationValidator (11.64s)
FAIL
FAIL	ops-platform/test/integration	12.790s
FAIL
