=== RUN   TestSP06StandardMCPToolStateReplayAndDenialMatrix
2026/10/03 20:42:31 OK   00001_roles_and_schemas.sql (9.47ms)
2026/10/03 20:42:31 goose: successfully migrated database to version: 1
2026/10/03 20:42:31 OK   00002_platform_meta.sql (15.47ms)
2026/10/03 20:42:31 OK   00003_finding.sql (13.29ms)
2026/10/03 20:42:31 OK   00004_incident.sql (7.25ms)
2026/10/03 20:42:31 OK   00005_investigation.sql (4.41ms)
2026/10/03 20:42:31 OK   00006_action_command.sql (5.13ms)
2026/10/03 20:42:31 OK   00007_audit.sql (6.34ms)
2026/10/03 20:42:31 OK   00008_rls.sql (21.83ms)
2026/10/03 20:42:31 OK   00009_idempotency_ledger.sql (6.14ms)
2026/10/03 20:42:31 OK   00010_tenant_provisioning.sql (5.61ms)
2026/10/03 20:42:31 OK   00011_source_registration_history.sql (23.05ms)
2026/10/03 20:42:31 OK   00012_config_registry_lifecycle.sql (19.74ms)
2026/10/03 20:42:31 OK   00013_audit_signed_segments.sql (29.47ms)
2026/10/03 20:42:31 OK   00014_audit_segment_predecessors.sql (5.67ms)
2026/10/03 20:42:31 OK   00015_source_schema_scope.sql (20.44ms)
2026/10/03 20:42:31 OK   00016_cluster_registration_metadata.sql (3.36ms)
2026/10/03 20:42:31 OK   00017_source_data_scope.sql (2.85ms)
2026/10/03 20:42:31 OK   00018_sp04_resources_evidence.sql (17.86ms)
2026/10/03 20:42:31 OK   00019_sp04_archive_ciphertext_bytes.sql (5.44ms)
2026/10/03 20:42:31 OK   00020_sp04_request_ledger.sql (8.18ms)
2026/10/03 20:42:31 OK   00021_sp04_archive_protection.sql (2.5ms)
2026/10/03 20:42:31 OK   00022_sp04_legal_hold_dependencies.sql (1.98ms)
2026/10/03 20:42:31 OK   00023_sp04_archive_query_intent.sql (2.09ms)
2026/10/03 20:42:31 OK   00024_sp05_finding_incident.sql (26.46ms)
2026/10/03 20:42:31 OK   00025_sp05_incident_event_time.sql (1.9ms)
2026/10/03 20:42:31 OK   00026_sp05_source_binding_lock.sql (1.99ms)
2026/10/03 20:42:31 OK   00027_sp05_rca_and_poll.sql (5.85ms)
2026/10/03 20:42:31 OK   00028_sp05_operator_lock.sql (4ms)
2026/10/03 20:42:31 OK   00029_sp05_evidence_links.sql (7.58ms)
2026/10/03 20:42:31 OK   00030_sp05_recipe_fence.sql (4.14ms)
2026/10/03 20:42:31 OK   00031_sp05_rca_postcheck.sql (4.02ms)
2026/10/03 20:42:31 OK   00032_sp05_transport_audit.sql (2.29ms)
2026/10/03 20:42:31 OK   00033_sp05_poll_resolution_clock.sql (2.32ms)
2026/10/03 20:42:31 OK   00034_sp06_investigation_ledger.sql (21.29ms)
2026/10/03 20:42:31 goose: successfully migrated database to version: 34
    sp06_mcp_test.go:186: 15 tools x succeeded/partial/degraded/current-denied with official Streamable HTTP, real Transit and PostgreSQL; disabled VM and unregistered writes remain unavailable
--- PASS: TestSP06StandardMCPToolStateReplayAndDenialMatrix (4.33s)
=== RUN   TestSP06RecoveryNonceTransactionAndValidator
2026/10/03 20:42:35 OK   00001_roles_and_schemas.sql (10.76ms)
2026/10/03 20:42:35 goose: successfully migrated database to version: 1
2026/10/03 20:42:35 OK   00002_platform_meta.sql (28.79ms)
2026/10/03 20:42:35 OK   00003_finding.sql (9.34ms)
2026/10/03 20:42:35 OK   00004_incident.sql (10.44ms)
2026/10/03 20:42:35 OK   00005_investigation.sql (25.52ms)
2026/10/03 20:42:35 OK   00006_action_command.sql (33.16ms)
2026/10/03 20:42:35 OK   00007_audit.sql (33.01ms)
2026/10/03 20:42:35 OK   00008_rls.sql (34.13ms)
2026/10/03 20:42:35 OK   00009_idempotency_ledger.sql (33.04ms)
2026/10/03 20:42:35 OK   00010_tenant_provisioning.sql (7.68ms)
2026/10/03 20:42:35 OK   00011_source_registration_history.sql (35.61ms)
2026/10/03 20:42:35 OK   00012_config_registry_lifecycle.sql (27.04ms)
2026/10/03 20:42:35 OK   00013_audit_signed_segments.sql (31.89ms)
2026/10/03 20:42:35 OK   00014_audit_segment_predecessors.sql (4.49ms)
2026/10/03 20:42:35 OK   00015_source_schema_scope.sql (4.28ms)
2026/10/03 20:42:35 OK   00016_cluster_registration_metadata.sql (9.09ms)
2026/10/03 20:42:35 OK   00017_source_data_scope.sql (3.87ms)
2026/10/03 20:42:35 OK   00018_sp04_resources_evidence.sql (18.22ms)
2026/10/03 20:42:35 OK   00019_sp04_archive_ciphertext_bytes.sql (2.12ms)
2026/10/03 20:42:35 OK   00020_sp04_request_ledger.sql (4.19ms)
2026/10/03 20:42:35 OK   00021_sp04_archive_protection.sql (3.38ms)
2026/10/03 20:42:35 OK   00022_sp04_legal_hold_dependencies.sql (2.29ms)
2026/10/03 20:42:35 OK   00023_sp04_archive_query_intent.sql (6.48ms)
2026/10/03 20:42:35 OK   00024_sp05_finding_incident.sql (20.15ms)
2026/10/03 20:42:35 OK   00025_sp05_incident_event_time.sql (2.11ms)
2026/10/03 20:42:35 OK   00026_sp05_source_binding_lock.sql (2.05ms)
2026/10/03 20:42:35 OK   00027_sp05_rca_and_poll.sql (5.72ms)
2026/10/03 20:42:35 OK   00028_sp05_operator_lock.sql (3.32ms)
2026/10/03 20:42:35 OK   00029_sp05_evidence_links.sql (15.38ms)
2026/10/03 20:42:35 OK   00030_sp05_recipe_fence.sql (6.97ms)
2026/10/03 20:42:35 OK   00031_sp05_rca_postcheck.sql (3.27ms)
2026/10/03 20:42:35 OK   00032_sp05_transport_audit.sql (2.25ms)
2026/10/03 20:42:35 OK   00033_sp05_poll_resolution_clock.sql (2.58ms)
2026/10/03 20:42:35 OK   00034_sp06_investigation_ledger.sql (30.45ms)
2026/10/03 20:42:35 goose: successfully migrated database to version: 34
--- PASS: TestSP06RecoveryNonceTransactionAndValidator (1.18s)
=== RUN   TestSP06UnknownModelUsageCannotUndercharge
2026/10/03 20:42:36 OK   00001_roles_and_schemas.sql (6.45ms)
2026/10/03 20:42:36 goose: successfully migrated database to version: 1
2026/10/03 20:42:36 OK   00002_platform_meta.sql (25.99ms)
2026/10/03 20:42:36 OK   00003_finding.sql (7.8ms)
2026/10/03 20:42:36 OK   00004_incident.sql (4.13ms)
2026/10/03 20:42:36 OK   00005_investigation.sql (18.25ms)
2026/10/03 20:42:36 OK   00006_action_command.sql (5.61ms)
2026/10/03 20:42:36 OK   00007_audit.sql (6.45ms)
2026/10/03 20:42:36 OK   00008_rls.sql (6.1ms)
2026/10/03 20:42:36 OK   00009_idempotency_ledger.sql (14.66ms)
2026/10/03 20:42:36 OK   00010_tenant_provisioning.sql (7.21ms)
2026/10/03 20:42:36 OK   00011_source_registration_history.sql (4.88ms)
2026/10/03 20:42:36 OK   00012_config_registry_lifecycle.sql (24.37ms)
2026/10/03 20:42:36 OK   00013_audit_signed_segments.sql (23.16ms)
2026/10/03 20:42:36 OK   00014_audit_segment_predecessors.sql (5.79ms)
2026/10/03 20:42:36 OK   00015_source_schema_scope.sql (2.6ms)
2026/10/03 20:42:36 OK   00016_cluster_registration_metadata.sql (2.99ms)
2026/10/03 20:42:36 OK   00017_source_data_scope.sql (3.56ms)
2026/10/03 20:42:36 OK   00018_sp04_resources_evidence.sql (21.25ms)
2026/10/03 20:42:36 OK   00019_sp04_archive_ciphertext_bytes.sql (1.96ms)
2026/10/03 20:42:36 OK   00020_sp04_request_ledger.sql (2.88ms)
2026/10/03 20:42:36 OK   00021_sp04_archive_protection.sql (1.8ms)
2026/10/03 20:42:36 OK   00022_sp04_legal_hold_dependencies.sql (1.97ms)
2026/10/03 20:42:36 OK   00023_sp04_archive_query_intent.sql (1.9ms)
2026/10/03 20:42:36 OK   00024_sp05_finding_incident.sql (10.84ms)
2026/10/03 20:42:36 OK   00025_sp05_incident_event_time.sql (1.85ms)
2026/10/03 20:42:36 OK   00026_sp05_source_binding_lock.sql (2.02ms)
2026/10/03 20:42:36 OK   00027_sp05_rca_and_poll.sql (5.04ms)
2026/10/03 20:42:36 OK   00028_sp05_operator_lock.sql (4.46ms)
2026/10/03 20:42:36 OK   00029_sp05_evidence_links.sql (17.6ms)
2026/10/03 20:42:36 OK   00030_sp05_recipe_fence.sql (2.48ms)
2026/10/03 20:42:36 OK   00031_sp05_rca_postcheck.sql (1.9ms)
2026/10/03 20:42:36 OK   00032_sp05_transport_audit.sql (4.98ms)
2026/10/03 20:42:36 OK   00033_sp05_poll_resolution_clock.sql (7.35ms)
2026/10/03 20:42:36 OK   00034_sp06_investigation_ledger.sql (22.02ms)
2026/10/03 20:42:36 goose: successfully migrated database to version: 34
--- PASS: TestSP06UnknownModelUsageCannotUndercharge (0.62s)
PASS
ok  	ops-platform/test/integration	7.187s
