=== RUN   TestRealOpenBaoTransitAndSeaweedS3AuditArchive
2026/10/03 20:20:51 OK   00001_roles_and_schemas.sql (7.39ms)
2026/10/03 20:20:51 goose: successfully migrated database to version: 1
2026/10/03 20:20:51 OK   00002_platform_meta.sql (39.06ms)
2026/10/03 20:20:51 OK   00003_finding.sql (7.71ms)
2026/10/03 20:20:51 OK   00004_incident.sql (4.17ms)
2026/10/03 20:20:51 OK   00005_investigation.sql (10.86ms)
2026/10/03 20:20:51 OK   00006_action_command.sql (12.23ms)
2026/10/03 20:20:51 OK   00007_audit.sql (12.48ms)
2026/10/03 20:20:51 OK   00008_rls.sql (13.11ms)
2026/10/03 20:20:51 OK   00009_idempotency_ledger.sql (6.24ms)
2026/10/03 20:20:51 OK   00010_tenant_provisioning.sql (2.73ms)
2026/10/03 20:20:51 OK   00011_source_registration_history.sql (4.33ms)
2026/10/03 20:20:51 OK   00012_config_registry_lifecycle.sql (12.27ms)
2026/10/03 20:20:51 OK   00013_audit_signed_segments.sql (10.75ms)
2026/10/03 20:20:51 OK   00014_audit_segment_predecessors.sql (6.04ms)
2026/10/03 20:20:51 OK   00015_source_schema_scope.sql (4.05ms)
2026/10/03 20:20:51 OK   00016_cluster_registration_metadata.sql (6.83ms)
2026/10/03 20:20:51 OK   00017_source_data_scope.sql (7.4ms)
2026/10/03 20:20:51 OK   00018_sp04_resources_evidence.sql (9.89ms)
2026/10/03 20:20:51 OK   00019_sp04_archive_ciphertext_bytes.sql (1.8ms)
2026/10/03 20:20:51 OK   00020_sp04_request_ledger.sql (2.92ms)
2026/10/03 20:20:51 OK   00021_sp04_archive_protection.sql (1.84ms)
2026/10/03 20:20:51 OK   00022_sp04_legal_hold_dependencies.sql (4.29ms)
2026/10/03 20:20:51 OK   00023_sp04_archive_query_intent.sql (2.4ms)
2026/10/03 20:20:51 OK   00024_sp05_finding_incident.sql (32.61ms)
2026/10/03 20:20:51 OK   00025_sp05_incident_event_time.sql (14.55ms)
2026/10/03 20:20:51 OK   00026_sp05_source_binding_lock.sql (2.85ms)
2026/10/03 20:20:51 OK   00027_sp05_rca_and_poll.sql (31.51ms)
2026/10/03 20:20:51 OK   00028_sp05_operator_lock.sql (3.11ms)
2026/10/03 20:20:51 OK   00029_sp05_evidence_links.sql (4.23ms)
2026/10/03 20:20:51 OK   00030_sp05_recipe_fence.sql (20.36ms)
2026/10/03 20:20:51 OK   00031_sp05_rca_postcheck.sql (2.04ms)
2026/10/03 20:20:51 OK   00032_sp05_transport_audit.sql (2.37ms)
2026/10/03 20:20:51 OK   00033_sp05_poll_resolution_clock.sql (2.48ms)
2026/10/03 20:20:51 OK   00034_sp06_investigation_ledger.sql (37.14ms)
2026/10/03 20:20:51 goose: successfully migrated database to version: 34
    archive_services_test.go:182: isolated S3 bucket=sp03-9beda3e6 object=d7371686-2549-49c2-8a50-4bf509d26f73 digest=sha256:29e16a3c7cd8a747ca75df38a1eeb48a2e1ac0ca49630508c723320b21457c70; audit tenant=3e66c821-6a7c-4a52-838f-3b4e4f7f90b2 segment=01a101b5-c2eb-748f-979c-df5ed77d0f87 seq=1 verified
--- PASS: TestRealOpenBaoTransitAndSeaweedS3AuditArchive (1.91s)
PASS
ok  	ops-platform/test/integration	2.716s
