Hit:1 http://deb.debian.org/debian trixie InRelease
Get:2 http://deb.debian.org/debian trixie-updates InRelease [47.3 kB]
Get:3 http://deb.debian.org/debian-security trixie-security InRelease [43.4 kB]
Get:4 http://deb.debian.org/debian trixie/main Sources [10.5 MB]
Get:5 http://deb.debian.org/debian trixie/main arm64 Packages [9614 kB]
Get:6 http://deb.debian.org/debian trixie-updates/main Sources [1840 B]
Get:7 http://deb.debian.org/debian trixie-updates/main arm64 Packages [4424 B]
Get:8 http://deb.debian.org/debian-security trixie-security/main Sources [239 kB]
Get:9 http://deb.debian.org/debian-security trixie-security/main arm64 Packages [265 kB]
Fetched 20.8 MB in 36s (572 kB/s)
Reading package lists...
Reading package lists...
NOTICE: 'acl' packaging is maintained in the 'Git' version control system at:
https://git.hadrons.org/git/debian/pkgs/acl.git
Please use:
git clone https://git.hadrons.org/git/debian/pkgs/acl.git
to retrieve the latest (possibly unreleased) updates to the package.
Skipping already downloaded file 'acl_2.3.2-2.dsc'
Skipping already downloaded file 'acl_2.3.2.orig.tar.xz'
Skipping already downloaded file 'acl_2.3.2.orig.tar.xz.asc'
Skipping already downloaded file 'acl_2.3.2-2.debian.tar.xz'
Need to get 0 B of source archives.
Download complete and in download only mode
Reading package lists...
NOTICE: 'adduser' packaging is maintained in the 'Git' version control system at:
https://salsa.debian.org/debian/adduser.git
Please use:
git clone https://salsa.debian.org/debian/adduser.git
to retrieve the latest (possibly unreleased) updates to the package.
Skipping already downloaded file 'adduser_3.152.dsc'
Skipping already downloaded file 'adduser_3.152.tar.xz'
Need to get 0 B of source archives.
Download complete and in download only mode
Reading package lists...
NOTICE: 'apt' packaging is maintained in the 'Git' version control system at:
https://salsa.debian.org/apt-team/apt.git
Please use:
git clone https://salsa.debian.org/apt-team/apt.git
to retrieve the latest (possibly unreleased) updates to the package.
Skipping already downloaded file 'apt_3.0.3.dsc'
Skipping already downloaded file 'apt_3.0.3.tar.xz'
Need to get 0 B of source archives.
Download complete and in download only mode
Reading package lists...
NOTICE: 'attr' packaging is maintained in the 'Git' version control system at:
https://git.hadrons.org/git/debian/pkgs/attr.git
Please use:
git clone https://git.hadrons.org/git/debian/pkgs/attr.git
to retrieve the latest (possibly unreleased) updates to the package.
Skipping already downloaded file 'attr_2.5.2-3.dsc'
Skipping already downloaded file 'attr_2.5.2.orig.tar.xz'
Skipping already downloaded file 'attr_2.5.2.orig.tar.xz.asc'
Skipping already downloaded file 'attr_2.5.2-3.debian.tar.xz'
Need to get 0 B of source archives.
Download complete and in download only mode
Reading package lists...
NOTICE: 'audit' packaging is maintained in the 'Git' version control system at:
https://salsa.debian.org/debian/audit.git
Please use:
git clone https://salsa.debian.org/debian/audit.git
to retrieve the latest (possibly unreleased) updates to the package.
Skipping already downloaded file 'audit_4.0.2-2+deb13u1.dsc'
Skipping already downloaded file 'audit_4.0.2.orig.tar.gz'
Skipping already downloaded file 'audit_4.0.2-2+deb13u1.debian.tar.xz'
Need to get 0 B of source archives.
Download complete and in download only mode
Reading package lists...
NOTICE: 'base-files' packaging is maintained in the 'Git' version control system at:
https://salsa.debian.org/sanvila/base-files.git
Please use:
git clone https://salsa.debian.org/sanvila/base-files.git
to retrieve the latest (possibly unreleased) updates to the package.
Skipping already downloaded file 'base-files_13.8+deb13u7.dsc'
Skipping already downloaded file 'base-files_13.8+deb13u7.tar.xz'
Need to get 0 B of source archives.
Download complete and in download only mode
Reading package lists...
NOTICE: 'base-passwd' packaging is maintained in the 'Git' version control system at:
https://salsa.debian.org/debian/base-passwd.git
Please use:
git clone https://salsa.debian.org/debian/base-passwd.git
to retrieve the latest (possibly unreleased) updates to the package.
Skipping already downloaded file 'base-passwd_3.6.7.dsc'
Skipping already downloaded file 'base-passwd_3.6.7.tar.xz'
Need to get 0 B of source archives.
Download complete and in download only mode
Reading package lists...
Skipping already downloaded file 'bash_5.2.37-2.dsc'
Skipping already downloaded file 'bash_5.2.37.orig.tar.xz'
Skipping already downloaded file 'bash_5.2.37-2.debian.tar.xz'
Need to get 0 B of source archives.
Download complete and in download only mode
Reading package lists...
NOTICE: 'bzip2' packaging is maintained in the 'Git' version control system at:
https://salsa.debian.org/debian/bzip2.git
Please use:
git clone https://salsa.debian.org/debian/bzip2.git
to retrieve the latest (possibly unreleased) updates to the package.
Skipping already downloaded file 'bzip2_1.0.8-6.dsc'
Skipping already downloaded file 'bzip2_1.0.8.orig.tar.gz'
Skipping already downloaded file 'bzip2_1.0.8-6.debian.tar.bz2'
Need to get 0 B of source archives.
Download complete and in download only mode
Reading package lists...
NOTICE: 'ca-certificates' packaging is maintained in the 'Git' version control system at:
https://salsa.debian.org/debian/ca-certificates.git
Please use:
git clone https://salsa.debian.org/debian/ca-certificates.git
to retrieve the latest (possibly unreleased) updates to the package.
Skipping already downloaded file 'ca-certificates_20250419.dsc'
Skipping already downloaded file 'ca-certificates_20250419.tar.xz'
Need to get 0 B of source archives.
Download complete and in download only mode
Reading package lists...
NOTICE: 'cdebconf' packaging is maintained in the 'Git' version control system at:
https://salsa.debian.org/installer-team/cdebconf.git
Please use:
git clone https://salsa.debian.org/installer-team/cdebconf.git
to retrieve the latest (possibly unreleased) updates to the package.
Skipping already downloaded file 'cdebconf_0.280.dsc'
Skipping already downloaded file 'cdebconf_0.280.tar.xz'
Need to get 0 B of source archives.
Download complete and in download only mode
Reading package lists...
Skipping already downloaded file 'coreutils_9.7-3.dsc'
Skipping already downloaded file 'coreutils_9.7.orig.tar.xz'
Skipping already downloaded file 'coreutils_9.7.orig.tar.xz.asc'
Skipping already downloaded file 'coreutils_9.7-3.debian.tar.xz'
Need to get 0 B of source archives.
Download complete and in download only mode
Reading package lists...
NOTICE: 'dash' packaging is maintained in the 'Git' version control system at:
https://salsa.debian.org/debian/dash.git
Please use:
git clone https://salsa.debian.org/debian/dash.git
to retrieve the latest (possibly unreleased) updates to the package.
Skipping already downloaded file 'dash_0.5.12-12.dsc'
Skipping already downloaded file 'dash_0.5.12.orig.tar.gz'
Skipping already downloaded file 'dash_0.5.12-12.debian.tar.xz'
Need to get 0 B of source archives.
Download complete and in download only mode
Reading package lists...
NOTICE: 'db5.3' packaging is maintained in the 'Git' version control system at:
https://salsa.debian.org/debian/db5.3.git
Please use:
git clone https://salsa.debian.org/debian/db5.3.git
to retrieve the latest (possibly unreleased) updates to the package.
Skipping already downloaded file 'db5.3_5.3.28+dfsg2-9.dsc'
Skipping already downloaded file 'db5.3_5.3.28+dfsg2.orig.tar.xz'
Skipping already downloaded file 'db5.3_5.3.28+dfsg2-9.debian.tar.xz'
Need to get 0 B of source archives.
Download complete and in download only mode
Reading package lists...
NOTICE: 'debconf' packaging is maintained in the 'Git' version control system at:
https://salsa.debian.org/pkg-debconf/debconf.git
Please use:
git clone https://salsa.debian.org/pkg-debconf/debconf.git
to retrieve the latest (possibly unreleased) updates to the package.
Skipping already downloaded file 'debconf_1.5.91.dsc'
Skipping already downloaded file 'debconf_1.5.91.tar.xz'
Need to get 0 B of source archives.
Download complete and in download only mode
Reading package lists...
NOTICE: 'debian-archive-keyring' packaging is maintained in the 'Git' version control system at:
https://salsa.debian.org/release-team/debian-archive-keyring.git
Please use:
git clone https://salsa.debian.org/release-team/debian-archive-keyring.git
to retrieve the latest (possibly unreleased) updates to the package.
Skipping already downloaded file 'debian-archive-keyring_2025.1.dsc'
Skipping already downloaded file 'debian-archive-keyring_2025.1.tar.xz'
Need to get 0 B of source archives.
Download complete and in download only mode
Reading package lists...
NOTICE: 'debianutils' packaging is maintained in the 'Git' version control system at:
https://salsa.debian.org/debian/debianutils.git
Please use:
git clone https://salsa.debian.org/debian/debianutils.git
to retrieve the latest (possibly unreleased) updates to the package.
Skipping already downloaded file 'debianutils_5.23.2.dsc'
Skipping already downloaded file 'debianutils_5.23.2.tar.xz'
Need to get 0 B of source archives.
Download complete and in download only mode
Reading package lists...
NOTICE: 'diffutils' packaging is maintained in the 'Git' version control system at:
https://salsa.debian.org/sanvila/diffutils.git
Please use:
git clone https://salsa.debian.org/sanvila/diffutils.git
to retrieve the latest (possibly unreleased) updates to the package.
Skipping already downloaded file 'diffutils_3.10-4.dsc'
Skipping already downloaded file 'diffutils_3.10.orig.tar.xz'
Skipping already downloaded file 'diffutils_3.10.orig.tar.xz.asc'
Skipping already downloaded file 'diffutils_3.10-4.debian.tar.xz'
Need to get 0 B of source archives.
Download complete and in download only mode
Reading package lists...
NOTICE: 'dpkg' packaging is maintained in the 'Git' version control system at:
https://git.dpkg.org/git/dpkg/dpkg.git
Please use:
git clone https://git.dpkg.org/git/dpkg/dpkg.git
to retrieve the latest (possibly unreleased) updates to the package.
Skipping already downloaded file 'dpkg_1.22.22.dsc'
Skipping already downloaded file 'dpkg_1.22.22.tar.xz'
Need to get 0 B of source archives.
Download complete and in download only mode
Reading package lists...
NOTICE: 'findutils' packaging is maintained in the 'Git' version control system at:
https://salsa.debian.org/debian/findutils.git
Please use:
git clone https://salsa.debian.org/debian/findutils.git
to retrieve the latest (possibly unreleased) updates to the package.
Skipping already downloaded file 'findutils_4.10.0-3.dsc'
Skipping already downloaded file 'findutils_4.10.0.orig.tar.xz'
Skipping already downloaded file 'findutils_4.10.0.orig.tar.xz.asc'
Skipping already downloaded file 'findutils_4.10.0-3.debian.tar.xz'
Need to get 0 B of source archives.
Download complete and in download only mode
Reading package lists...
NOTICE: 'gcc-14' packaging is maintained in the 'Git' version control system at:
https://salsa.debian.org/toolchain-team/gcc.git -b gcc-14-debian
Please use:
git clone https://salsa.debian.org/toolchain-team/gcc.git -b gcc-14-debian
to retrieve the latest (possibly unreleased) updates to the package.
Skipping already downloaded file 'gcc-14_14.2.0-19.dsc'
Skipping already downloaded file 'gcc-14_14.2.0.orig.tar.gz'
Skipping already downloaded file 'gcc-14_14.2.0-19.debian.tar.xz'
Need to get 0 B of source archives.
Download complete and in download only mode
Reading package lists...
NOTICE: 'gdbm' packaging is maintained in the 'Git' version control system at:
https://salsa.debian.org/debian/gdbm.git
Please use:
git clone https://salsa.debian.org/debian/gdbm.git
to retrieve the latest (possibly unreleased) updates to the package.
Skipping already downloaded file 'gdbm_1.24-2.dsc'
Skipping already downloaded file 'gdbm_1.24.orig.tar.gz'
Skipping already downloaded file 'gdbm_1.24.orig.tar.gz.asc'
Skipping already downloaded file 'gdbm_1.24-2.debian.tar.xz'
Need to get 0 B of source archives.
Download complete and in download only mode
Reading package lists...
NOTICE: 'glibc' packaging is maintained in the 'Git' version control system at:
https://salsa.debian.org/glibc-team/glibc.git
Please use:
git clone https://salsa.debian.org/glibc-team/glibc.git
to retrieve the latest (possibly unreleased) updates to the package.
Skipping already downloaded file 'glibc_2.41-12+deb13u4.dsc'
Skipping already downloaded file 'glibc_2.41.orig.tar.xz'
Skipping already downloaded file 'glibc_2.41-12+deb13u4.debian.tar.xz'
Need to get 0 B of source archives.
Download complete and in download only mode
Reading package lists...
NOTICE: 'gmp' packaging is maintained in the 'Git' version control system at:
https://salsa.debian.org/science-team/gmp.git
Please use:
git clone https://salsa.debian.org/science-team/gmp.git
to retrieve the latest (possibly unreleased) updates to the package.
Skipping already downloaded file 'gmp_6.3.0+dfsg-3.dsc'
Skipping already downloaded file 'gmp_6.3.0+dfsg.orig.tar.xz'
Skipping already downloaded file 'gmp_6.3.0+dfsg-3.debian.tar.xz'
Need to get 0 B of source archives.
Download complete and in download only mode
Reading package lists...
NOTICE: 'grep' packaging is maintained in the 'Git' version control system at:
https://salsa.debian.org/debian/grep.git
Please use:
git clone https://salsa.debian.org/debian/grep.git
to retrieve the latest (possibly unreleased) updates to the package.
Skipping already downloaded file 'grep_3.11-4.dsc'
Skipping already downloaded file 'grep_3.11.orig.tar.xz'
Skipping already downloaded file 'grep_3.11.orig.tar.xz.asc'
Skipping already downloaded file 'grep_3.11-4.debian.tar.xz'
Need to get 0 B of source archives.
Download complete and in download only mode
Reading package lists...
NOTICE: 'gzip' packaging is maintained in the 'Git' version control system at:
https://salsa.debian.org/debian/gzip.git
Please use:
git clone https://salsa.debian.org/debian/gzip.git
to retrieve the latest (possibly unreleased) updates to the package.
Skipping already downloaded file 'gzip_1.13-1+deb13u1.dsc'
Skipping already downloaded file 'gzip_1.13.orig.tar.xz'
Skipping already downloaded file 'gzip_1.13-1+deb13u1.debian.tar.xz'
Need to get 0 B of source archives.
Download complete and in download only mode
Reading package lists...
NOTICE: 'hostname' packaging is maintained in the 'Git' version control system at:
https://salsa.debian.org/meskes/hostname.git
Please use:
git clone https://salsa.debian.org/meskes/hostname.git
to retrieve the latest (possibly unreleased) updates to the package.
Skipping already downloaded file 'hostname_3.25.dsc'
Skipping already downloaded file 'hostname_3.25.tar.xz'
Need to get 0 B of source archives.
Download complete and in download only mode
Reading package lists...
NOTICE: 'init-system-helpers' packaging is maintained in the 'Git' version control system at:
https://salsa.debian.org/debian/init-system-helpers.git
Please use:
git clone https://salsa.debian.org/debian/init-system-helpers.git
to retrieve the latest (possibly unreleased) updates to the package.
Skipping already downloaded file 'init-system-helpers_1.69~deb13u1.dsc'
Skipping already downloaded file 'init-system-helpers_1.69~deb13u1.tar.xz'
Need to get 0 B of source archives.
Download complete and in download only mode
Reading package lists...
NOTICE: 'libbsd' packaging is maintained in the 'Git' version control system at:
https://git.hadrons.org/git/debian/pkgs/libbsd.git
Please use:
git clone https://git.hadrons.org/git/debian/pkgs/libbsd.git
to retrieve the latest (possibly unreleased) updates to the package.
Skipping already downloaded file 'libbsd_0.12.2-2.dsc'
Skipping already downloaded file 'libbsd_0.12.2.orig.tar.xz'
Skipping already downloaded file 'libbsd_0.12.2.orig.tar.xz.asc'
Skipping already downloaded file 'libbsd_0.12.2-2.debian.tar.xz'
Need to get 0 B of source archives.
Download complete and in download only mode
Reading package lists...
NOTICE: 'libcap-ng' packaging is maintained in the 'Git' version control system at:
https://salsa.debian.org/debian/libcap-ng.git
Please use:
git clone https://salsa.debian.org/debian/libcap-ng.git
to retrieve the latest (possibly unreleased) updates to the package.
Skipping already downloaded file 'libcap-ng_0.8.5-4.dsc'
Skipping already downloaded file 'libcap-ng_0.8.5.orig.tar.gz'
Skipping already downloaded file 'libcap-ng_0.8.5-4.debian.tar.xz'
Need to get 0 B of source archives.
Download complete and in download only mode
Reading package lists...
NOTICE: 'libcap2' packaging is maintained in the 'Git' version control system at:
https://salsa.debian.org/debian/libcap2.git
Please use:
git clone https://salsa.debian.org/debian/libcap2.git
to retrieve the latest (possibly unreleased) updates to the package.
Skipping already downloaded file 'libcap2_2.75-10+deb13u1.dsc'
Skipping already downloaded file 'libcap2_2.75.orig.tar.xz'
Skipping already downloaded file 'libcap2_2.75.orig.tar.xz.asc'
Skipping already downloaded file 'libcap2_2.75-10+deb13u1.debian.tar.xz'
Need to get 0 B of source archives.
Download complete and in download only mode
Reading package lists...
Skipping already downloaded file 'libffi_3.4.8-2.dsc'
Skipping already downloaded file 'libffi_3.4.8.orig.tar.gz'
Skipping already downloaded file 'libffi_3.4.8-2.debian.tar.xz'
Need to get 0 B of source archives.
Download complete and in download only mode
Reading package lists...
NOTICE: 'libmd' packaging is maintained in the 'Git' version control system at:
https://git.hadrons.org/git/debian/pkgs/libmd.git
Please use:
git clone https://git.hadrons.org/git/debian/pkgs/libmd.git
to retrieve the latest (possibly unreleased) updates to the package.
Skipping already downloaded file 'libmd_1.1.0-2.dsc'
Skipping already downloaded file 'libmd_1.1.0.orig.tar.xz'
Skipping already downloaded file 'libmd_1.1.0.orig.tar.xz.asc'
Skipping already downloaded file 'libmd_1.1.0-2.debian.tar.xz'
Need to get 0 B of source archives.
Download complete and in download only mode
Reading package lists...
NOTICE: 'libseccomp' packaging is maintained in the 'Git' version control system at:
https://salsa.debian.org/debian/libseccomp.git
Please use:
git clone https://salsa.debian.org/debian/libseccomp.git
to retrieve the latest (possibly unreleased) updates to the package.
Skipping already downloaded file 'libseccomp_2.6.0-2.dsc'
Skipping already downloaded file 'libseccomp_2.6.0.orig.tar.gz'
Skipping already downloaded file 'libseccomp_2.6.0.orig.tar.gz.asc'
Skipping already downloaded file 'libseccomp_2.6.0-2.debian.tar.xz'
Need to get 0 B of source archives.
Download complete and in download only mode
Reading package lists...
NOTICE: 'libselinux' packaging is maintained in the 'Git' version control system at:
https://salsa.debian.org/selinux-team/libselinux.git
Please use:
git clone https://salsa.debian.org/selinux-team/libselinux.git
to retrieve the latest (possibly unreleased) updates to the package.
Skipping already downloaded file 'libselinux_3.8.1-1.dsc'
Skipping already downloaded file 'libselinux_3.8.1.orig.tar.gz'
Skipping already downloaded file 'libselinux_3.8.1.orig.tar.gz.asc'
Skipping already downloaded file 'libselinux_3.8.1-1.debian.tar.xz'
Need to get 0 B of source archives.
Download complete and in download only mode
Reading package lists...
NOTICE: 'libsemanage' packaging is maintained in the 'Git' version control system at:
https://salsa.debian.org/selinux-team/libsemanage.git
Please use:
git clone https://salsa.debian.org/selinux-team/libsemanage.git
to retrieve the latest (possibly unreleased) updates to the package.
Skipping already downloaded file 'libsemanage_3.8.1-1.dsc'
Skipping already downloaded file 'libsemanage_3.8.1.orig.tar.gz'
Skipping already downloaded file 'libsemanage_3.8.1.orig.tar.gz.asc'
Skipping already downloaded file 'libsemanage_3.8.1-1.debian.tar.xz'
Need to get 0 B of source archives.
Download complete and in download only mode
Reading package lists...
NOTICE: 'libsepol' packaging is maintained in the 'Git' version control system at:
https://salsa.debian.org/selinux-team/libsepol.git
Please use:
git clone https://salsa.debian.org/selinux-team/libsepol.git
to retrieve the latest (possibly unreleased) updates to the package.
Skipping already downloaded file 'libsepol_3.8.1-1.dsc'
Skipping already downloaded file 'libsepol_3.8.1.orig.tar.gz'
Skipping already downloaded file 'libsepol_3.8.1.orig.tar.gz.asc'
Skipping already downloaded file 'libsepol_3.8.1-1.debian.tar.xz'
Need to get 0 B of source archives.
Download complete and in download only mode
Reading package lists...
NOTICE: 'libxcrypt' packaging is maintained in the 'Git' version control system at:
https://salsa.debian.org/md/libxcrypt.git
Please use:
git clone https://salsa.debian.org/md/libxcrypt.git
to retrieve the latest (possibly unreleased) updates to the package.
Skipping already downloaded file 'libxcrypt_4.4.38-1.dsc'
Skipping already downloaded file 'libxcrypt_4.4.38.orig.tar.xz'
Skipping already downloaded file 'libxcrypt_4.4.38-1.debian.tar.xz'
Need to get 0 B of source archives.
Download complete and in download only mode
Reading package lists...
NOTICE: 'libzstd' packaging is maintained in the 'Git' version control system at:
https://salsa.debian.org/pkg-rpm-team/libzstd.git
Please use:
git clone https://salsa.debian.org/pkg-rpm-team/libzstd.git
to retrieve the latest (possibly unreleased) updates to the package.
Skipping already downloaded file 'libzstd_1.5.7+dfsg-1.dsc'
Skipping already downloaded file 'libzstd_1.5.7+dfsg.orig.tar.xz'
Skipping already downloaded file 'libzstd_1.5.7+dfsg-1.debian.tar.xz'
Need to get 0 B of source archives.
Download complete and in download only mode
Reading package lists...
NOTICE: 'lz4' packaging is maintained in the 'Git' version control system at:
https://salsa.debian.org/debian/lz4.git
Please use:
git clone https://salsa.debian.org/debian/lz4.git
to retrieve the latest (possibly unreleased) updates to the package.
Skipping already downloaded file 'lz4_1.10.0-4.dsc'
Skipping already downloaded file 'lz4_1.10.0.orig.tar.gz'
Skipping already downloaded file 'lz4_1.10.0-4.debian.tar.xz'
Need to get 0 B of source archives.
Download complete and in download only mode
Reading package lists...
NOTICE: 'mawk' packaging is maintained in the 'Git' version control system at:
https://salsa.debian.org/debian/mawk.git
Please use:
git clone https://salsa.debian.org/debian/mawk.git
to retrieve the latest (possibly unreleased) updates to the package.
Skipping already downloaded file 'mawk_1.3.4.20250131-1.dsc'
Skipping already downloaded file 'mawk_1.3.4.20250131.orig.tar.gz'
Skipping already downloaded file 'mawk_1.3.4.20250131.orig.tar.gz.asc'
Skipping already downloaded file 'mawk_1.3.4.20250131-1.debian.tar.xz'
Need to get 0 B of source archives.
Download complete and in download only mode
Reading package lists...
NOTICE: 'ncurses' packaging is maintained in the 'Git' version control system at:
https://salsa.debian.org/debian/ncurses.git
Please use:
git clone https://salsa.debian.org/debian/ncurses.git
to retrieve the latest (possibly unreleased) updates to the package.
Skipping already downloaded file 'ncurses_6.5+20250216-2.dsc'
Skipping already downloaded file 'ncurses_6.5+20250216.orig.tar.gz'
Skipping already downloaded file 'ncurses_6.5+20250216.orig.tar.gz.asc'
Skipping already downloaded file 'ncurses_6.5+20250216-2.debian.tar.xz'
Need to get 0 B of source archives.
Download complete and in download only mode
Reading package lists...
NOTICE: 'netbase' packaging is maintained in the 'Git' version control system at:
https://salsa.debian.org/md/netbase.git
Please use:
git clone https://salsa.debian.org/md/netbase.git
to retrieve the latest (possibly unreleased) updates to the package.
Skipping already downloaded file 'netbase_6.5.dsc'
Skipping already downloaded file 'netbase_6.5.tar.xz'
Need to get 0 B of source archives.
Download complete and in download only mode
Reading package lists...
NOTICE: 'nettle' packaging is maintained in the 'Git' version control system at:
https://salsa.debian.org/holmgren/nettle.git
Please use:
git clone https://salsa.debian.org/holmgren/nettle.git
to retrieve the latest (possibly unreleased) updates to the package.
Skipping already downloaded file 'nettle_3.10.1-1.dsc'
Skipping already downloaded file 'nettle_3.10.1.orig.tar.gz'
Skipping already downloaded file 'nettle_3.10.1-1.debian.tar.xz'
Need to get 0 B of source archives.
Download complete and in download only mode
Reading package lists...
NOTICE: 'openssl' packaging is maintained in the 'Git' version control system at:
https://salsa.debian.org/debian/openssl.git
Please use:
git clone https://salsa.debian.org/debian/openssl.git
to retrieve the latest (possibly unreleased) updates to the package.
Skipping already downloaded file 'openssl_3.5.7-1~deb13u2.dsc'
Skipping already downloaded file 'openssl_3.5.7.orig.tar.gz'
Skipping already downloaded file 'openssl_3.5.7.orig.tar.gz.asc'
Skipping already downloaded file 'openssl_3.5.7-1~deb13u2.debian.tar.xz'
Need to get 0 B of source archives.
Download complete and in download only mode
Reading package lists...
NOTICE: 'pam' packaging is maintained in the 'Git' version control system at:
https://salsa.debian.org/vorlon/pam.git
Please use:
git clone https://salsa.debian.org/vorlon/pam.git
to retrieve the latest (possibly unreleased) updates to the package.
Skipping already downloaded file 'pam_1.7.0-5.dsc'
Skipping already downloaded file 'pam_1.7.0.orig.tar.xz'
Skipping already downloaded file 'pam_1.7.0.orig.tar.xz.asc'
Skipping already downloaded file 'pam_1.7.0-5.debian.tar.xz'
Need to get 0 B of source archives.
Download complete and in download only mode
Reading package lists...
NOTICE: 'pcre2' packaging is maintained in the 'Git' version control system at:
https://salsa.debian.org/debian/pcre2.git
Please use:
git clone https://salsa.debian.org/debian/pcre2.git
to retrieve the latest (possibly unreleased) updates to the package.
Skipping already downloaded file 'pcre2_10.46-1~deb13u2.dsc'
Skipping already downloaded file 'pcre2_10.46.orig.tar.gz'
Skipping already downloaded file 'pcre2_10.46-1~deb13u2.diff.gz'
Need to get 0 B of source archives.
Download complete and in download only mode
Reading package lists...
NOTICE: 'perl' packaging is maintained in the 'Git' version control system at:
https://salsa.debian.org/perl-team/interpreter/perl.git
Please use:
git clone https://salsa.debian.org/perl-team/interpreter/perl.git
to retrieve the latest (possibly unreleased) updates to the package.
Skipping already downloaded file 'perl_5.40.1-6+deb13u1.dsc'
Skipping already downloaded file 'perl_5.40.1.orig-regen-configure.tar.xz'
Skipping already downloaded file 'perl_5.40.1.orig.tar.xz'
Skipping already downloaded file 'perl_5.40.1-6+deb13u1.debian.tar.xz'
Need to get 0 B of source archives.
Download complete and in download only mode
Reading package lists...
Skipping already downloaded file 'readline_8.2-6.dsc'
Skipping already downloaded file 'readline_8.2.orig.tar.gz'
Skipping already downloaded file 'readline_8.2-6.debian.tar.xz'
Need to get 0 B of source archives.
Download complete and in download only mode
Reading package lists...
NOTICE: 'rust-sequoia-sqv' packaging is maintained in the 'Git' version control system at:
https://salsa.debian.org/rust-team/debcargo-conf.git [src/sequoia-sqv]
Please use:
git clone https://salsa.debian.org/rust-team/debcargo-conf.git [src/sequoia-sqv]
to retrieve the latest (possibly unreleased) updates to the package.
Skipping already downloaded file 'rust-sequoia-sqv_1.3.0-3.dsc'
Skipping already downloaded file 'rust-sequoia-sqv_1.3.0.orig.tar.gz'
Skipping already downloaded file 'rust-sequoia-sqv_1.3.0-3.debian.tar.xz'
Need to get 0 B of source archives.
Download complete and in download only mode
Reading package lists...
NOTICE: 'sed' packaging is maintained in the 'Git' version control system at:
https://salsa.debian.org/debian/sed.git
Please use:
git clone https://salsa.debian.org/debian/sed.git
to retrieve the latest (possibly unreleased) updates to the package.
Skipping already downloaded file 'sed_4.9-2+deb13u1.dsc'
Skipping already downloaded file 'sed_4.9.orig.tar.xz'
Skipping already downloaded file 'sed_4.9-2+deb13u1.debian.tar.xz'
Need to get 0 B of source archives.
Download complete and in download only mode
Reading package lists...
NOTICE: 'shadow' packaging is maintained in the 'Git' version control system at:
https://salsa.debian.org/debian/shadow.git -b master
Please use:
git clone https://salsa.debian.org/debian/shadow.git -b master
to retrieve the latest (possibly unreleased) updates to the package.
Skipping already downloaded file 'shadow_4.17.4-2.dsc'
Skipping already downloaded file 'shadow_4.17.4.orig.tar.xz'
Skipping already downloaded file 'shadow_4.17.4.orig.tar.xz.asc'
Skipping already downloaded file 'shadow_4.17.4-2.debian.tar.xz'
Need to get 0 B of source archives.
Download complete and in download only mode
Reading package lists...
Skipping already downloaded file 'sqlite3_3.46.1-7+deb13u2.dsc'
Skipping already downloaded file 'sqlite3_3.46.1.orig-www.tar.xz'
Skipping already downloaded file 'sqlite3_3.46.1.orig.tar.xz'
Skipping already downloaded file 'sqlite3_3.46.1-7+deb13u2.debian.tar.xz'
Need to get 0 B of source archives.
Download complete and in download only mode
Reading package lists...
NOTICE: 'systemd' packaging is maintained in the 'Git' version control system at:
https://salsa.debian.org/systemd-team/systemd.git
Please use:
git clone https://salsa.debian.org/systemd-team/systemd.git
to retrieve the latest (possibly unreleased) updates to the package.
Skipping already downloaded file 'systemd_257.13-1~deb13u1.dsc'
Skipping already downloaded file 'systemd_257.13.orig.tar.gz'
Skipping already downloaded file 'systemd_257.13-1~deb13u1.debian.tar.xz'
Need to get 0 B of source archives.
Download complete and in download only mode
Reading package lists...
NOTICE: 'sysvinit' packaging is maintained in the 'Git' version control system at:
https://salsa.debian.org/debian/sysvinit.git
Please use:
git clone https://salsa.debian.org/debian/sysvinit.git
to retrieve the latest (possibly unreleased) updates to the package.
Skipping already downloaded file 'sysvinit_3.14-4.dsc'
Skipping already downloaded file 'sysvinit_3.14.orig.tar.gz'
Skipping already downloaded file 'sysvinit_3.14-4.debian.tar.xz'
Need to get 0 B of source archives.
Download complete and in download only mode
Reading package lists...
NOTICE: 'tar' packaging is maintained in the 'Git' version control system at:
https://salsa.debian.org/debian/tar.git
Please use:
git clone https://salsa.debian.org/debian/tar.git
to retrieve the latest (possibly unreleased) updates to the package.
Skipping already downloaded file 'tar_1.35+dfsg-3.1.dsc'
Skipping already downloaded file 'tar_1.35+dfsg.orig.tar.xz'
Skipping already downloaded file 'tar_1.35+dfsg-3.1.debian.tar.xz'
Need to get 0 B of source archives.
Download complete and in download only mode
Reading package lists...
NOTICE: 'tzdata' packaging is maintained in the 'Git' version control system at:
https://salsa.debian.org/glibc-team/tzdata.git
Please use:
git clone https://salsa.debian.org/glibc-team/tzdata.git
to retrieve the latest (possibly unreleased) updates to the package.
Skipping already downloaded file 'tzdata_2026c-0+deb13u1.dsc'
Skipping already downloaded file 'tzdata_2026c.orig.tar.gz'
Skipping already downloaded file 'tzdata_2026c.orig.tar.gz.asc'
Skipping already downloaded file 'tzdata_2026c-0+deb13u1.debian.tar.xz'
Need to get 0 B of source archives.
Download complete and in download only mode
Reading package lists...
NOTICE: 'util-linux' packaging is maintained in the 'Git' version control system at:
https://salsa.debian.org/debian/util-linux.git
Please use:
git clone https://salsa.debian.org/debian/util-linux.git
to retrieve the latest (possibly unreleased) updates to the package.
Skipping already downloaded file 'util-linux_2.41.5-0+deb13u1.dsc'
Skipping already downloaded file 'util-linux_2.41.5.orig.tar.xz'
Skipping already downloaded file 'util-linux_2.41.5-0+deb13u1.debian.tar.xz'
Need to get 0 B of source archives.
Download complete and in download only mode
Reading package lists...
NOTICE: 'xxhash' packaging is maintained in the 'Git' version control system at:
https://salsa.debian.org/debian/xxhash.git -b master
Please use:
git clone https://salsa.debian.org/debian/xxhash.git -b master
to retrieve the latest (possibly unreleased) updates to the package.
Skipping already downloaded file 'xxhash_0.8.3-2.dsc'
Skipping already downloaded file 'xxhash_0.8.3.orig.tar.gz'
Skipping already downloaded file 'xxhash_0.8.3-2.debian.tar.xz'
Need to get 0 B of source archives.
Download complete and in download only mode
Reading package lists...
NOTICE: 'xz-utils' packaging is maintained in the 'Git' version control system at:
https://salsa.debian.org/debian/xz-utils.git
Please use:
git clone https://salsa.debian.org/debian/xz-utils.git
to retrieve the latest (possibly unreleased) updates to the package.
Skipping already downloaded file 'xz-utils_5.8.1-1+deb13u1.dsc'
Skipping already downloaded file 'xz-utils_5.8.1.orig.tar.xz'
Skipping already downloaded file 'xz-utils_5.8.1.orig.tar.xz.asc'
Skipping already downloaded file 'xz-utils_5.8.1-1+deb13u1.debian.tar.xz'
Need to get 0 B of source archives.
Download complete and in download only mode
Reading package lists...
Skipping already downloaded file 'zlib_1.3.dfsg+really1.3.1-1.dsc'
Skipping already downloaded file 'zlib_1.3.dfsg+really1.3.1.orig.tar.gz'
Skipping already downloaded file 'zlib_1.3.dfsg+really1.3.1-1.debian.tar.xz'
Need to get 0 B of source archives.
Download complete and in download only mode
BASE_SOURCE_CLOSURE 87 292
