Hit:1 http://deb.debian.org/debian trixie InRelease
Get:2 http://deb.debian.org/debian trixie-updates InRelease [47.3 kB]
Get:3 http://deb.debian.org/debian-security trixie-security InRelease [43.4 kB]
Get:4 http://deb.debian.org/debian trixie/main Sources [10.5 MB]
Get:5 http://deb.debian.org/debian trixie/main arm64 Packages [9614 kB]
Get:6 http://deb.debian.org/debian trixie-updates/main Sources [1840 B]
Get:7 http://deb.debian.org/debian trixie-updates/main arm64 Packages [4424 B]
Get:8 http://deb.debian.org/debian-security trixie-security/main Sources [239 kB]
Get:9 http://deb.debian.org/debian-security trixie-security/main arm64 Packages [265 kB]
Fetched 20.8 MB in 38s (553 kB/s)
Reading package lists...
Reading package lists...
NOTICE: 'acl' packaging is maintained in the 'Git' version control system at:
https://git.hadrons.org/git/debian/pkgs/acl.git
Please use:
git clone https://git.hadrons.org/git/debian/pkgs/acl.git
to retrieve the latest (possibly unreleased) updates to the package.
Need to get 399 kB of source archives.
Get:1 http://deb.debian.org/debian trixie/main acl 2.3.2-2 (dsc) [2604 B]
Get:2 http://deb.debian.org/debian trixie/main acl 2.3.2-2 (tar) [372 kB]
Get:3 http://deb.debian.org/debian trixie/main acl 2.3.2-2 (asc) [833 B]
Get:4 http://deb.debian.org/debian trixie/main acl 2.3.2-2 (diff) [24.3 kB]
Fetched 399 kB in 1s (431 kB/s)
Download complete and in download only mode
Reading package lists...
NOTICE: 'adduser' packaging is maintained in the 'Git' version control system at:
https://salsa.debian.org/debian/adduser.git
Please use:
git clone https://salsa.debian.org/debian/adduser.git
to retrieve the latest (possibly unreleased) updates to the package.
Need to get 336 kB of source archives.
Get:1 http://deb.debian.org/debian trixie/main adduser 3.152 (dsc) [1678 B]
Get:2 http://deb.debian.org/debian trixie/main adduser 3.152 (tar) [334 kB]
Fetched 336 kB in 1s (390 kB/s)
Download complete and in download only mode
Reading package lists...
NOTICE: 'apt' packaging is maintained in the 'Git' version control system at:
https://salsa.debian.org/apt-team/apt.git
Please use:
git clone https://salsa.debian.org/apt-team/apt.git
to retrieve the latest (possibly unreleased) updates to the package.
Need to get 2425 kB of source archives.
Get:1 http://deb.debian.org/debian trixie/main apt 3.0.3 (dsc) [3091 B]
Get:2 http://deb.debian.org/debian trixie/main apt 3.0.3 (tar) [2422 kB]
Fetched 2425 kB in 5s (501 kB/s)
Download complete and in download only mode
Reading package lists...
NOTICE: 'attr' packaging is maintained in the 'Git' version control system at:
https://git.hadrons.org/git/debian/pkgs/attr.git
Please use:
git clone https://git.hadrons.org/git/debian/pkgs/attr.git
to retrieve the latest (possibly unreleased) updates to the package.
Need to get 370 kB of source archives.
Get:1 http://deb.debian.org/debian trixie/main attr 1:2.5.2-3 (dsc) [2576 B]
Get:2 http://deb.debian.org/debian trixie/main attr 1:2.5.2-3 (tar) [334 kB]
Get:3 http://deb.debian.org/debian trixie/main attr 1:2.5.2-3 (asc) [833 B]
Get:4 http://deb.debian.org/debian trixie/main attr 1:2.5.2-3 (diff) [32.3 kB]
Fetched 370 kB in 1s (384 kB/s)
Download complete and in download only mode
Reading package lists...
NOTICE: 'audit' packaging is maintained in the 'Git' version control system at:
https://salsa.debian.org/debian/audit.git
Please use:
git clone https://salsa.debian.org/debian/audit.git
to retrieve the latest (possibly unreleased) updates to the package.
Need to get 1227 kB of source archives.
Get:1 http://deb.debian.org/debian trixie/main audit 1:4.0.2-2+deb13u1 (dsc) [2761 B]
Get:2 http://deb.debian.org/debian trixie/main audit 1:4.0.2-2+deb13u1 (tar) [1199 kB]
Get:3 http://deb.debian.org/debian trixie/main audit 1:4.0.2-2+deb13u1 (diff) [25.0 kB]
Fetched 1227 kB in 3s (399 kB/s)
Download complete and in download only mode
Reading package lists...
NOTICE: 'base-files' packaging is maintained in the 'Git' version control system at:
https://salsa.debian.org/sanvila/base-files.git
Please use:
git clone https://salsa.debian.org/sanvila/base-files.git
to retrieve the latest (possibly unreleased) updates to the package.
Need to get 84.7 kB of source archives.
Get:1 http://deb.debian.org/debian trixie/main base-files 13.8+deb13u7 (dsc) [1247 B]
Get:2 http://deb.debian.org/debian trixie/main base-files 13.8+deb13u7 (tar) [83.4 kB]
Fetched 84.7 kB in 1s (102 kB/s)
Download complete and in download only mode
Reading package lists...
NOTICE: 'base-passwd' packaging is maintained in the 'Git' version control system at:
https://salsa.debian.org/debian/base-passwd.git
Please use:
git clone https://salsa.debian.org/debian/base-passwd.git
to retrieve the latest (possibly unreleased) updates to the package.
Need to get 62.8 kB of source archives.
Get:1 http://deb.debian.org/debian trixie/main base-passwd 3.6.7 (dsc) [1891 B]
Get:2 http://deb.debian.org/debian trixie/main base-passwd 3.6.7 (tar) [60.9 kB]
Fetched 62.8 kB in 0s (142 kB/s)
Download complete and in download only mode
Reading package lists...
Need to get 5691 kB of source archives.
Get:1 http://deb.debian.org/debian trixie/main bash 5.2.37-2 (dsc) [2162 B]
Get:2 http://deb.debian.org/debian trixie/main bash 5.2.37-2 (tar) [5601 kB]
Get:3 http://deb.debian.org/debian trixie/main bash 5.2.37-2 (diff) [88.4 kB]
Fetched 5691 kB in 10s (587 kB/s)
Download complete and in download only mode
Reading package lists...
NOTICE: 'bzip2' packaging is maintained in the 'Git' version control system at:
https://salsa.debian.org/debian/bzip2.git
Please use:
git clone https://salsa.debian.org/debian/bzip2.git
to retrieve the latest (possibly unreleased) updates to the package.
Need to get 839 kB of source archives.
Get:1 http://deb.debian.org/debian trixie/main bzip2 1.0.8-6 (dsc) [1604 B]
Get:2 http://deb.debian.org/debian trixie/main bzip2 1.0.8-6 (tar) [810 kB]
Get:3 http://deb.debian.org/debian trixie/main bzip2 1.0.8-6 (diff) [27.0 kB]
Fetched 839 kB in 2s (447 kB/s)
Download complete and in download only mode
Reading package lists...
NOTICE: 'ca-certificates' packaging is maintained in the 'Git' version control system at:
https://salsa.debian.org/debian/ca-certificates.git
Please use:
git clone https://salsa.debian.org/debian/ca-certificates.git
to retrieve the latest (possibly unreleased) updates to the package.
Need to get 279 kB of source archives.
Get:1 http://deb.debian.org/debian trixie/main ca-certificates 20250419 (dsc) [1766 B]
Get:2 http://deb.debian.org/debian trixie/main ca-certificates 20250419 (tar) [278 kB]
Fetched 279 kB in 1s (371 kB/s)
Download complete and in download only mode
Reading package lists...
NOTICE: 'cdebconf' packaging is maintained in the 'Git' version control system at:
https://salsa.debian.org/installer-team/cdebconf.git
Please use:
git clone https://salsa.debian.org/installer-team/cdebconf.git
to retrieve the latest (possibly unreleased) updates to the package.
Need to get 289 kB of source archives.
Get:1 http://deb.debian.org/debian trixie/main cdebconf 0.280 (dsc) [2703 B]
Get:2 http://deb.debian.org/debian trixie/main cdebconf 0.280 (tar) [286 kB]
Fetched 289 kB in 1s (337 kB/s)
Download complete and in download only mode
Reading package lists...
Need to get 6189 kB of source archives.
Get:1 http://deb.debian.org/debian trixie/main coreutils 9.7-3 (dsc) [2122 B]
Get:2 http://deb.debian.org/debian trixie/main coreutils 9.7-3 (tar) [6159 kB]
Get:3 http://deb.debian.org/debian trixie/main coreutils 9.7-3 (asc) [833 B]
Get:4 http://deb.debian.org/debian trixie/main coreutils 9.7-3 (diff) [26.8 kB]
Fetched 6189 kB in 11s (571 kB/s)
Download complete and in download only mode
Reading package lists...
NOTICE: 'dash' packaging is maintained in the 'Git' version control system at:
https://salsa.debian.org/debian/dash.git
Please use:
git clone https://salsa.debian.org/debian/dash.git
to retrieve the latest (possibly unreleased) updates to the package.
Need to get 295 kB of source archives.
Get:1 http://deb.debian.org/debian trixie/main dash 0.5.12-12 (dsc) [1460 B]
Get:2 http://deb.debian.org/debian trixie/main dash 0.5.12-12 (tar) [246 kB]
Get:3 http://deb.debian.org/debian trixie/main dash 0.5.12-12 (diff) [47.3 kB]
Fetched 295 kB in 1s (375 kB/s)
Download complete and in download only mode
Reading package lists...
NOTICE: 'db5.3' packaging is maintained in the 'Git' version control system at:
https://salsa.debian.org/debian/db5.3.git
Please use:
git clone https://salsa.debian.org/debian/db5.3.git
to retrieve the latest (possibly unreleased) updates to the package.
Need to get 21.3 MB of source archives.
Get:1 http://deb.debian.org/debian trixie/main db5.3 5.3.28+dfsg2-9 (dsc) [2373 B]
Get:2 http://deb.debian.org/debian trixie/main db5.3 5.3.28+dfsg2-9 (tar) [21.3 MB]
Get:3 http://deb.debian.org/debian trixie/main db5.3 5.3.28+dfsg2-9 (diff) [36.4 kB]
Fetched 21.3 MB in 36s (585 kB/s)
Download complete and in download only mode
Reading package lists...
NOTICE: 'debconf' packaging is maintained in the 'Git' version control system at:
https://salsa.debian.org/pkg-debconf/debconf.git
Please use:
git clone https://salsa.debian.org/pkg-debconf/debconf.git
to retrieve the latest (possibly unreleased) updates to the package.
Need to get 612 kB of source archives.
Get:1 http://deb.debian.org/debian trixie/main debconf 1.5.91 (dsc) [2035 B]
Get:2 http://deb.debian.org/debian trixie/main debconf 1.5.91 (tar) [610 kB]
Fetched 612 kB in 1s (448 kB/s)
Download complete and in download only mode
Reading package lists...
NOTICE: 'debian-archive-keyring' packaging is maintained in the 'Git' version control system at:
https://salsa.debian.org/release-team/debian-archive-keyring.git
Please use:
git clone https://salsa.debian.org/release-team/debian-archive-keyring.git
to retrieve the latest (possibly unreleased) updates to the package.
Need to get 140 kB of source archives.
Get:1 http://deb.debian.org/debian trixie/main debian-archive-keyring 2025.1 (dsc) [1267 B]
Get:2 http://deb.debian.org/debian trixie/main debian-archive-keyring 2025.1 (tar) [138 kB]
Fetched 140 kB in 1s (139 kB/s)
Download complete and in download only mode
Reading package lists...
NOTICE: 'debianutils' packaging is maintained in the 'Git' version control system at:
https://salsa.debian.org/debian/debianutils.git
Please use:
git clone https://salsa.debian.org/debian/debianutils.git
to retrieve the latest (possibly unreleased) updates to the package.
Need to get 84.3 kB of source archives.
Get:1 http://deb.debian.org/debian trixie/main debianutils 5.23.2 (dsc) [1908 B]
Get:2 http://deb.debian.org/debian trixie/main debianutils 5.23.2 (tar) [82.4 kB]
Fetched 84.3 kB in 0s (225 kB/s)
Download complete and in download only mode
Reading package lists...
NOTICE: 'diffutils' packaging is maintained in the 'Git' version control system at:
https://salsa.debian.org/sanvila/diffutils.git
Please use:
git clone https://salsa.debian.org/sanvila/diffutils.git
to retrieve the latest (possibly unreleased) updates to the package.
Need to get 1641 kB of source archives.
Get:1 http://deb.debian.org/debian trixie/main diffutils 1:3.10-4 (dsc) [1875 B]
Get:2 http://deb.debian.org/debian trixie/main diffutils 1:3.10-4 (tar) [1624 kB]
Get:3 http://deb.debian.org/debian trixie/main diffutils 1:3.10-4 (asc) [833 B]
Get:4 http://deb.debian.org/debian trixie/main diffutils 1:3.10-4 (diff) [14.3 kB]
Fetched 1641 kB in 3s (554 kB/s)
Download complete and in download only mode
Reading package lists...
NOTICE: 'dpkg' packaging is maintained in the 'Git' version control system at:
https://git.dpkg.org/git/dpkg/dpkg.git
Please use:
git clone https://git.dpkg.org/git/dpkg/dpkg.git
to retrieve the latest (possibly unreleased) updates to the package.
Need to get 5750 kB of source archives.
Get:1 http://deb.debian.org/debian trixie/main dpkg 1.22.22 (dsc) [3449 B]
Get:2 http://deb.debian.org/debian trixie/main dpkg 1.22.22 (tar) [5747 kB]
Fetched 5750 kB in 10s (572 kB/s)
Download complete and in download only mode
Reading package lists...
NOTICE: 'findutils' packaging is maintained in the 'Git' version control system at:
https://salsa.debian.org/debian/findutils.git
Please use:
git clone https://salsa.debian.org/debian/findutils.git
to retrieve the latest (possibly unreleased) updates to the package.
Need to get 2277 kB of source archives.
Get:1 http://deb.debian.org/debian trixie/main findutils 4.10.0-3 (dsc) [2291 B]
Get:2 http://deb.debian.org/debian trixie/main findutils 4.10.0-3 (tar) [2241 kB]
Get:3 http://deb.debian.org/debian trixie/main findutils 4.10.0-3 (asc) [488 B]
Get:4 http://deb.debian.org/debian trixie/main findutils 4.10.0-3 (diff) [33.4 kB]
Fetched 2277 kB in 4s (524 kB/s)
Download complete and in download only mode
Reading package lists...
NOTICE: 'gcc-14' packaging is maintained in the 'Git' version control system at:
https://salsa.debian.org/toolchain-team/gcc.git -b gcc-14-debian
Please use:
git clone https://salsa.debian.org/toolchain-team/gcc.git -b gcc-14-debian
to retrieve the latest (possibly unreleased) updates to the package.
Need to get 96.9 MB of source archives.
Get:1 http://deb.debian.org/debian trixie/main gcc-14 14.2.0-19 (dsc) [47.3 kB]
Get:2 http://deb.debian.org/debian trixie/main gcc-14 14.2.0-19 (tar) [94.3 MB]
Get:3 http://deb.debian.org/debian trixie/main gcc-14 14.2.0-19 (diff) [2577 kB]
Fetched 96.9 MB in 2min 45s (587 kB/s)
Download complete and in download only mode
Reading package lists...
NOTICE: 'gdbm' packaging is maintained in the 'Git' version control system at:
https://salsa.debian.org/debian/gdbm.git
Please use:
git clone https://salsa.debian.org/debian/gdbm.git
to retrieve the latest (possibly unreleased) updates to the package.
Need to get 1215 kB of source archives.
Get:1 http://deb.debian.org/debian trixie/main gdbm 1.24-2 (dsc) [2466 B]
Get:2 http://deb.debian.org/debian trixie/main gdbm 1.24-2 (tar) [1196 kB]
Get:3 http://deb.debian.org/debian trixie/main gdbm 1.24-2 (asc) [195 B]
Get:4 http://deb.debian.org/debian trixie/main gdbm 1.24-2 (diff) [16.9 kB]
Fetched 1215 kB in 2s (544 kB/s)
Download complete and in download only mode
Reading package lists...
NOTICE: 'glibc' packaging is maintained in the 'Git' version control system at:
https://salsa.debian.org/glibc-team/glibc.git
Please use:
git clone https://salsa.debian.org/glibc-team/glibc.git
to retrieve the latest (possibly unreleased) updates to the package.
Need to get 20.8 MB of source archives.
Get:1 http://deb.debian.org/debian trixie/main glibc 2.41-12+deb13u4 (dsc) [7576 B]
Get:2 http://deb.debian.org/debian trixie/main glibc 2.41-12+deb13u4 (tar) [20.3 MB]
Get:3 http://deb.debian.org/debian trixie/main glibc 2.41-12+deb13u4 (diff) [500 kB]
Fetched 20.8 MB in 35s (590 kB/s)
Download complete and in download only mode
Reading package lists...
NOTICE: 'gmp' packaging is maintained in the 'Git' version control system at:
https://salsa.debian.org/science-team/gmp.git
Please use:
git clone https://salsa.debian.org/science-team/gmp.git
to retrieve the latest (possibly unreleased) updates to the package.
Need to get 1893 kB of source archives.
Get:1 http://deb.debian.org/debian trixie/main gmp 2:6.3.0+dfsg-3 (dsc) [2251 B]
Get:2 http://deb.debian.org/debian trixie/main gmp 2:6.3.0+dfsg-3 (tar) [1871 kB]
Get:3 http://deb.debian.org/debian trixie/main gmp 2:6.3.0+dfsg-3 (diff) [19.9 kB]
Fetched 1893 kB in 4s (512 kB/s)
Download complete and in download only mode
Reading package lists...
NOTICE: 'grep' packaging is maintained in the 'Git' version control system at:
https://salsa.debian.org/debian/grep.git
Please use:
git clone https://salsa.debian.org/debian/grep.git
to retrieve the latest (possibly unreleased) updates to the package.
Need to get 1727 kB of source archives.
Get:1 http://deb.debian.org/debian trixie/main grep 3.11-4 (dsc) [1642 B]
Get:2 http://deb.debian.org/debian trixie/main grep 3.11-4 (tar) [1704 kB]
Get:3 http://deb.debian.org/debian trixie/main grep 3.11-4 (asc) [833 B]
Get:4 http://deb.debian.org/debian trixie/main grep 3.11-4 (diff) [20.5 kB]
Fetched 1727 kB in 3s (547 kB/s)
Download complete and in download only mode
Reading package lists...
NOTICE: 'gzip' packaging is maintained in the 'Git' version control system at:
https://salsa.debian.org/debian/gzip.git
Please use:
git clone https://salsa.debian.org/debian/gzip.git
to retrieve the latest (possibly unreleased) updates to the package.
Need to get 861 kB of source archives.
Get:1 http://deb.debian.org/debian trixie/main gzip 1.13-1+deb13u1 (dsc) [1708 B]
Get:2 http://deb.debian.org/debian trixie/main gzip 1.13-1+deb13u1 (tar) [838 kB]
Get:3 http://deb.debian.org/debian trixie/main gzip 1.13-1+deb13u1 (diff) [21.4 kB]
Fetched 861 kB in 2s (474 kB/s)
Download complete and in download only mode
Reading package lists...
NOTICE: 'hostname' packaging is maintained in the 'Git' version control system at:
https://salsa.debian.org/meskes/hostname.git
Please use:
git clone https://salsa.debian.org/meskes/hostname.git
to retrieve the latest (possibly unreleased) updates to the package.
Need to get 14.3 kB of source archives.
Get:1 http://deb.debian.org/debian trixie/main hostname 3.25 (dsc) [1519 B]
Get:2 http://deb.debian.org/debian trixie/main hostname 3.25 (tar) [12.8 kB]
Fetched 14.3 kB in 0s (36.2 kB/s)
Download complete and in download only mode
Reading package lists...
NOTICE: 'init-system-helpers' packaging is maintained in the 'Git' version control system at:
https://salsa.debian.org/debian/init-system-helpers.git
Please use:
git clone https://salsa.debian.org/debian/init-system-helpers.git
to retrieve the latest (possibly unreleased) updates to the package.
Need to get 48.1 kB of source archives.
Get:1 http://deb.debian.org/debian trixie/main init-system-helpers 1.69~deb13u1 (dsc) [2266 B]
Get:2 http://deb.debian.org/debian trixie/main init-system-helpers 1.69~deb13u1 (tar) [45.9 kB]
Fetched 48.1 kB in 1s (92.6 kB/s)
Download complete and in download only mode
Reading package lists...
NOTICE: 'libbsd' packaging is maintained in the 'Git' version control system at:
https://git.hadrons.org/git/debian/pkgs/libbsd.git
Please use:
git clone https://git.hadrons.org/git/debian/pkgs/libbsd.git
to retrieve the latest (possibly unreleased) updates to the package.
Need to get 468 kB of source archives.
Get:1 http://deb.debian.org/debian trixie/main libbsd 0.12.2-2 (dsc) [2446 B]
Get:2 http://deb.debian.org/debian trixie/main libbsd 0.12.2-2 (tar) [446 kB]
Get:3 http://deb.debian.org/debian trixie/main libbsd 0.12.2-2 (asc) [833 B]
Get:4 http://deb.debian.org/debian trixie/main libbsd 0.12.2-2 (diff) [18.7 kB]
Fetched 468 kB in 1s (482 kB/s)
Download complete and in download only mode
Reading package lists...
NOTICE: 'libcap-ng' packaging is maintained in the 'Git' version control system at:
https://salsa.debian.org/debian/libcap-ng.git
Please use:
git clone https://salsa.debian.org/debian/libcap-ng.git
to retrieve the latest (possibly unreleased) updates to the package.
Need to get 68.8 kB of source archives.
Get:1 http://deb.debian.org/debian trixie/main libcap-ng 0.8.5-4 (dsc) [1710 B]
Get:2 http://deb.debian.org/debian trixie/main libcap-ng 0.8.5-4 (tar) [59.3 kB]
Get:3 http://deb.debian.org/debian trixie/main libcap-ng 0.8.5-4 (diff) [7816 B]
Fetched 68.8 kB in 0s (144 kB/s)
Download complete and in download only mode
Reading package lists...
NOTICE: 'libcap2' packaging is maintained in the 'Git' version control system at:
https://salsa.debian.org/debian/libcap2.git
Please use:
git clone https://salsa.debian.org/debian/libcap2.git
to retrieve the latest (possibly unreleased) updates to the package.
Need to get 226 kB of source archives.
Get:1 http://deb.debian.org/debian trixie/main libcap2 1:2.75-10+deb13u1 (dsc) [2714 B]
Get:2 http://deb.debian.org/debian trixie/main libcap2 1:2.75-10+deb13u1 (tar) [198 kB]
Get:3 http://deb.debian.org/debian trixie/main libcap2 1:2.75-10+deb13u1 (asc) [833 B]
Get:4 http://deb.debian.org/debian trixie/main libcap2 1:2.75-10+deb13u1 (diff) [24.6 kB]
Fetched 226 kB in 1s (290 kB/s)
Download complete and in download only mode
Reading package lists...
Need to get 608 kB of source archives.
Get:1 http://deb.debian.org/debian trixie/main libffi 3.4.8-2 (dsc) [1948 B]
Get:2 http://deb.debian.org/debian trixie/main libffi 3.4.8-2 (tar) [595 kB]
Get:3 http://deb.debian.org/debian trixie/main libffi 3.4.8-2 (diff) [11.2 kB]
Fetched 608 kB in 1s (415 kB/s)
Download complete and in download only mode
Reading package lists...
NOTICE: 'libmd' packaging is maintained in the 'Git' version control system at:
https://git.hadrons.org/git/debian/pkgs/libmd.git
Please use:
git clone https://git.hadrons.org/git/debian/pkgs/libmd.git
to retrieve the latest (possibly unreleased) updates to the package.
Need to get 283 kB of source archives.
Get:1 http://deb.debian.org/debian trixie/main libmd 1.1.0-2 (dsc) [2280 B]
Get:2 http://deb.debian.org/debian trixie/main libmd 1.1.0-2 (tar) [271 kB]
Get:3 http://deb.debian.org/debian trixie/main libmd 1.1.0-2 (asc) [833 B]
Get:4 http://deb.debian.org/debian trixie/main libmd 1.1.0-2 (diff) [8244 B]
Fetched 283 kB in 1s (378 kB/s)
Download complete and in download only mode
Reading package lists...
NOTICE: 'libseccomp' packaging is maintained in the 'Git' version control system at:
https://salsa.debian.org/debian/libseccomp.git
Please use:
git clone https://salsa.debian.org/debian/libseccomp.git
to retrieve the latest (possibly unreleased) updates to the package.
Need to get 710 kB of source archives.
Get:1 http://deb.debian.org/debian trixie/main libseccomp 2.6.0-2 (dsc) [2622 B]
Get:2 http://deb.debian.org/debian trixie/main libseccomp 2.6.0-2 (tar) [686 kB]
Get:3 http://deb.debian.org/debian trixie/main libseccomp 2.6.0-2 (asc) [833 B]
Get:4 http://deb.debian.org/debian trixie/main libseccomp 2.6.0-2 (diff) [20.8 kB]
Fetched 710 kB in 1s (486 kB/s)
Download complete and in download only mode
Reading package lists...
NOTICE: 'libselinux' packaging is maintained in the 'Git' version control system at:
https://salsa.debian.org/selinux-team/libselinux.git
Please use:
git clone https://salsa.debian.org/selinux-team/libselinux.git
to retrieve the latest (possibly unreleased) updates to the package.
Need to get 246 kB of source archives.
Get:1 http://deb.debian.org/debian trixie/main libselinux 3.8.1-1 (dsc) [3013 B]
Get:2 http://deb.debian.org/debian trixie/main libselinux 3.8.1-1 (tar) [204 kB]
Get:3 http://deb.debian.org/debian trixie/main libselinux 3.8.1-1 (asc) [833 B]
Get:4 http://deb.debian.org/debian trixie/main libselinux 3.8.1-1 (diff) [37.8 kB]
Fetched 246 kB in 1s (313 kB/s)
Download complete and in download only mode
Reading package lists...
NOTICE: 'libsemanage' packaging is maintained in the 'Git' version control system at:
https://salsa.debian.org/selinux-team/libsemanage.git
Please use:
git clone https://salsa.debian.org/selinux-team/libsemanage.git
to retrieve the latest (possibly unreleased) updates to the package.
Need to get 226 kB of source archives.
Get:1 http://deb.debian.org/debian trixie/main libsemanage 3.8.1-1 (dsc) [2992 B]
Get:2 http://deb.debian.org/debian trixie/main libsemanage 3.8.1-1 (tar) [185 kB]
Get:3 http://deb.debian.org/debian trixie/main libsemanage 3.8.1-1 (asc) [833 B]
Get:4 http://deb.debian.org/debian trixie/main libsemanage 3.8.1-1 (diff) [37.6 kB]
Fetched 226 kB in 1s (309 kB/s)
Download complete and in download only mode
Reading package lists...
NOTICE: 'libsepol' packaging is maintained in the 'Git' version control system at:
https://salsa.debian.org/selinux-team/libsepol.git
Please use:
git clone https://salsa.debian.org/selinux-team/libsepol.git
to retrieve the latest (possibly unreleased) updates to the package.
Need to get 538 kB of source archives.
Get:1 http://deb.debian.org/debian trixie/main libsepol 3.8.1-1 (dsc) [2347 B]
Get:2 http://deb.debian.org/debian trixie/main libsepol 3.8.1-1 (tar) [514 kB]
Get:3 http://deb.debian.org/debian trixie/main libsepol 3.8.1-1 (asc) [833 B]
Get:4 http://deb.debian.org/debian trixie/main libsepol 3.8.1-1 (diff) [21.4 kB]
Fetched 538 kB in 1s (471 kB/s)
Download complete and in download only mode
Reading package lists...
NOTICE: 'libxcrypt' packaging is maintained in the 'Git' version control system at:
https://salsa.debian.org/md/libxcrypt.git
Please use:
git clone https://salsa.debian.org/md/libxcrypt.git
to retrieve the latest (possibly unreleased) updates to the package.
Need to get 404 kB of source archives.
Get:1 http://deb.debian.org/debian trixie/main libxcrypt 1:4.4.38-1 (dsc) [1573 B]
Get:2 http://deb.debian.org/debian trixie/main libxcrypt 1:4.4.38-1 (tar) [394 kB]
Get:3 http://deb.debian.org/debian trixie/main libxcrypt 1:4.4.38-1 (diff) [8512 B]
Fetched 404 kB in 1s (404 kB/s)
Download complete and in download only mode
Reading package lists...
NOTICE: 'libzstd' packaging is maintained in the 'Git' version control system at:
https://salsa.debian.org/pkg-rpm-team/libzstd.git
Please use:
git clone https://salsa.debian.org/pkg-rpm-team/libzstd.git
to retrieve the latest (possibly unreleased) updates to the package.
Need to get 1860 kB of source archives.
Get:1 http://deb.debian.org/debian trixie/main libzstd 1.5.7+dfsg-1 (dsc) [2371 B]
Get:2 http://deb.debian.org/debian trixie/main libzstd 1.5.7+dfsg-1 (tar) [1835 kB]
Get:3 http://deb.debian.org/debian trixie/main libzstd 1.5.7+dfsg-1 (diff) [23.0 kB]
Fetched 1860 kB in 4s (519 kB/s)
Download complete and in download only mode
Reading package lists...
NOTICE: 'lz4' packaging is maintained in the 'Git' version control system at:
https://salsa.debian.org/debian/lz4.git
Please use:
git clone https://salsa.debian.org/debian/lz4.git
to retrieve the latest (possibly unreleased) updates to the package.
Need to get 397 kB of source archives.
Get:1 http://deb.debian.org/debian trixie/main lz4 1.10.0-4 (dsc) [1941 B]
Get:2 http://deb.debian.org/debian trixie/main lz4 1.10.0-4 (tar) [387 kB]
Get:3 http://deb.debian.org/debian trixie/main lz4 1.10.0-4 (diff) [8080 B]
Fetched 397 kB in 1s (403 kB/s)
Download complete and in download only mode
Reading package lists...
NOTICE: 'mawk' packaging is maintained in the 'Git' version control system at:
https://salsa.debian.org/debian/mawk.git
Please use:
git clone https://salsa.debian.org/debian/mawk.git
to retrieve the latest (possibly unreleased) updates to the package.
Need to get 453 kB of source archives.
Get:1 http://deb.debian.org/debian trixie/main mawk 1.3.4.20250131-1 (dsc) [2969 B]
Get:2 http://deb.debian.org/debian trixie/main mawk 1.3.4.20250131-1 (tar) [433 kB]
Get:3 http://deb.debian.org/debian trixie/main mawk 1.3.4.20250131-1 (asc) [729 B]
Get:4 http://deb.debian.org/debian trixie/main mawk 1.3.4.20250131-1 (diff) [16.0 kB]
Fetched 453 kB in 1s (394 kB/s)
Download complete and in download only mode
Reading package lists...
NOTICE: 'ncurses' packaging is maintained in the 'Git' version control system at:
https://salsa.debian.org/debian/ncurses.git
Please use:
git clone https://salsa.debian.org/debian/ncurses.git
to retrieve the latest (possibly unreleased) updates to the package.
Need to get 3830 kB of source archives.
Get:1 http://deb.debian.org/debian trixie/main ncurses 6.5+20250216-2 (dsc) [3890 B]
Get:2 http://deb.debian.org/debian trixie/main ncurses 6.5+20250216-2 (tar) [3775 kB]
Get:3 http://deb.debian.org/debian trixie/main ncurses 6.5+20250216-2 (asc) [729 B]
Get:4 http://deb.debian.org/debian trixie/main ncurses 6.5+20250216-2 (diff) [50.4 kB]
Fetched 3830 kB in 7s (553 kB/s)
Download complete and in download only mode
Reading package lists...
NOTICE: 'netbase' packaging is maintained in the 'Git' version control system at:
https://salsa.debian.org/md/netbase.git
Please use:
git clone https://salsa.debian.org/md/netbase.git
to retrieve the latest (possibly unreleased) updates to the package.
Need to get 33.4 kB of source archives.
Get:1 http://deb.debian.org/debian trixie/main netbase 6.5 (dsc) [899 B]
Get:2 http://deb.debian.org/debian trixie/main netbase 6.5 (tar) [32.5 kB]
Fetched 33.4 kB in 0s (128 kB/s)
Download complete and in download only mode
Reading package lists...
NOTICE: 'nettle' packaging is maintained in the 'Git' version control system at:
https://salsa.debian.org/holmgren/nettle.git
Please use:
git clone https://salsa.debian.org/holmgren/nettle.git
to retrieve the latest (possibly unreleased) updates to the package.
Need to get 2670 kB of source archives.
Get:1 http://deb.debian.org/debian trixie/main nettle 3.10.1-1 (dsc) [2053 B]
Get:2 http://deb.debian.org/debian trixie/main nettle 3.10.1-1 (tar) [2643 kB]
Get:3 http://deb.debian.org/debian trixie/main nettle 3.10.1-1 (diff) [25.0 kB]
Fetched 2670 kB in 5s (512 kB/s)
Download complete and in download only mode
Reading package lists...
NOTICE: 'openssl' packaging is maintained in the 'Git' version control system at:
https://salsa.debian.org/debian/openssl.git
Please use:
git clone https://salsa.debian.org/debian/openssl.git
to retrieve the latest (possibly unreleased) updates to the package.
Need to get 53.2 MB of source archives.
Get:1 http://deb.debian.org/debian trixie/main openssl 3.5.7-1~deb13u2 (dsc) [2707 B]
Get:2 http://deb.debian.org/debian trixie/main openssl 3.5.7-1~deb13u2 (tar) [53.2 MB]
Get:3 http://deb.debian.org/debian trixie/main openssl 3.5.7-1~deb13u2 (asc) [833 B]
Get:4 http://deb.debian.org/debian trixie/main openssl 3.5.7-1~deb13u2 (diff) [74.8 kB]
Fetched 53.2 MB in 1min 31s (585 kB/s)
Download complete and in download only mode
Reading package lists...
NOTICE: 'pam' packaging is maintained in the 'Git' version control system at:
https://salsa.debian.org/vorlon/pam.git
Please use:
git clone https://salsa.debian.org/vorlon/pam.git
to retrieve the latest (possibly unreleased) updates to the package.
Need to get 656 kB of source archives.
Get:1 http://deb.debian.org/debian trixie/main pam 1.7.0-5 (dsc) [2210 B]
Get:2 http://deb.debian.org/debian trixie/main pam 1.7.0-5 (tar) [508 kB]
Get:3 http://deb.debian.org/debian trixie/main pam 1.7.0-5 (asc) [801 B]
Get:4 http://deb.debian.org/debian trixie/main pam 1.7.0-5 (diff) [146 kB]
Fetched 656 kB in 2s (381 kB/s)
Download complete and in download only mode
Reading package lists...
NOTICE: 'pcre2' packaging is maintained in the 'Git' version control system at:
https://salsa.debian.org/debian/pcre2.git
Please use:
git clone https://salsa.debian.org/debian/pcre2.git
to retrieve the latest (possibly unreleased) updates to the package.
Need to get 2740 kB of source archives.
Get:1 http://deb.debian.org/debian trixie/main pcre2 10.46-1~deb13u2 (dsc) [2380 B]
Get:2 http://deb.debian.org/debian trixie/main pcre2 10.46-1~deb13u2 (tar) [2719 kB]
Get:3 http://deb.debian.org/debian trixie/main pcre2 10.46-1~deb13u2 (diff) [19.6 kB]
Fetched 2740 kB in 5s (540 kB/s)
Download complete and in download only mode
Reading package lists...
NOTICE: 'perl' packaging is maintained in the 'Git' version control system at:
https://salsa.debian.org/perl-team/interpreter/perl.git
Please use:
git clone https://salsa.debian.org/perl-team/interpreter/perl.git
to retrieve the latest (possibly unreleased) updates to the package.
Need to get 14.5 MB of source archives.
Get:1 http://deb.debian.org/debian trixie/main perl 5.40.1-6+deb13u1 (dsc) [2404 B]
Get:2 http://deb.debian.org/debian trixie/main perl 5.40.1-6+deb13u1 (tar) [421 kB]
Get:3 http://deb.debian.org/debian trixie/main perl 5.40.1-6+deb13u1 (tar) [13.9 MB]
Get:4 http://deb.debian.org/debian trixie/main perl 5.40.1-6+deb13u1 (diff) [186 kB]
Fetched 14.5 MB in 25s (582 kB/s)
Download complete and in download only mode
Reading package lists...
Need to get 3085 kB of source archives.
Get:1 http://deb.debian.org/debian trixie/main readline 8.2-6 (dsc) [2810 B]
Get:2 http://deb.debian.org/debian trixie/main readline 8.2-6 (tar) [3044 kB]
Get:3 http://deb.debian.org/debian trixie/main readline 8.2-6 (diff) [38.4 kB]
Fetched 3085 kB in 6s (556 kB/s)
Download complete and in download only mode
Reading package lists...
NOTICE: 'rust-sequoia-sqv' packaging is maintained in the 'Git' version control system at:
https://salsa.debian.org/rust-team/debcargo-conf.git [src/sequoia-sqv]
Please use:
git clone https://salsa.debian.org/rust-team/debcargo-conf.git [src/sequoia-sqv]
to retrieve the latest (possibly unreleased) updates to the package.
Need to get 147 kB of source archives.
Get:1 http://deb.debian.org/debian trixie/main rust-sequoia-sqv 1.3.0-3 (dsc) [2704 B]
Get:2 http://deb.debian.org/debian trixie/main rust-sequoia-sqv 1.3.0-3 (tar) [141 kB]
Get:3 http://deb.debian.org/debian trixie/main rust-sequoia-sqv 1.3.0-3 (diff) [3876 B]
Fetched 147 kB in 1s (249 kB/s)
Download complete and in download only mode
Reading package lists...
NOTICE: 'sed' packaging is maintained in the 'Git' version control system at:
https://salsa.debian.org/debian/sed.git
Please use:
git clone https://salsa.debian.org/debian/sed.git
to retrieve the latest (possibly unreleased) updates to the package.
Need to get 1463 kB of source archives.
Get:1 http://deb.debian.org/debian trixie/main sed 4.9-2+deb13u1 (dsc) [2047 B]
Get:2 http://deb.debian.org/debian trixie/main sed 4.9-2+deb13u1 (tar) [1397 kB]
Get:3 http://deb.debian.org/debian trixie/main sed 4.9-2+deb13u1 (diff) [63.6 kB]
Fetched 1463 kB in 3s (518 kB/s)
Download complete and in download only mode
Reading package lists...
NOTICE: 'shadow' packaging is maintained in the 'Git' version control system at:
https://salsa.debian.org/debian/shadow.git -b master
Please use:
git clone https://salsa.debian.org/debian/shadow.git -b master
to retrieve the latest (possibly unreleased) updates to the package.
Need to get 2498 kB of source archives.
Get:1 http://deb.debian.org/debian trixie/main shadow 1:4.17.4-2 (dsc) [2851 B]
Get:2 http://deb.debian.org/debian trixie/main shadow 1:4.17.4-2 (tar) [2327 kB]
Get:3 http://deb.debian.org/debian trixie/main shadow 1:4.17.4-2 (asc) [488 B]
Get:4 http://deb.debian.org/debian trixie/main shadow 1:4.17.4-2 (diff) [168 kB]
Fetched 2498 kB in 5s (520 kB/s)
Download complete and in download only mode
Reading package lists...
Need to get 14.4 MB of source archives.
Get:1 http://deb.debian.org/debian trixie/main sqlite3 3.46.1-7+deb13u2 (dsc) [2673 B]
Get:2 http://deb.debian.org/debian trixie/main sqlite3 3.46.1-7+deb13u2 (tar) [5862 kB]
Get:3 http://deb.debian.org/debian trixie/main sqlite3 3.46.1-7+deb13u2 (tar) [8457 kB]
Get:4 http://deb.debian.org/debian trixie/main sqlite3 3.46.1-7+deb13u2 (diff) [37.1 kB]
Fetched 14.4 MB in 25s (583 kB/s)
Download complete and in download only mode
Reading package lists...
NOTICE: 'systemd' packaging is maintained in the 'Git' version control system at:
https://salsa.debian.org/systemd-team/systemd.git
Please use:
git clone https://salsa.debian.org/systemd-team/systemd.git
to retrieve the latest (possibly unreleased) updates to the package.
Need to get 16.7 MB of source archives.
Get:1 http://deb.debian.org/debian trixie/main systemd 257.13-1~deb13u1 (dsc) [8696 B]
Get:2 http://deb.debian.org/debian trixie/main systemd 257.13-1~deb13u1 (tar) [16.5 MB]
Get:3 http://deb.debian.org/debian trixie/main systemd 257.13-1~deb13u1 (diff) [183 kB]
Fetched 16.7 MB in 28s (589 kB/s)
Download complete and in download only mode
Reading package lists...
NOTICE: 'sysvinit' packaging is maintained in the 'Git' version control system at:
https://salsa.debian.org/debian/sysvinit.git
Please use:
git clone https://salsa.debian.org/debian/sysvinit.git
to retrieve the latest (possibly unreleased) updates to the package.
Need to get 641 kB of source archives.
Get:1 http://deb.debian.org/debian trixie/main sysvinit 3.14-4 (dsc) [2375 B]
Get:2 http://deb.debian.org/debian trixie/main sysvinit 3.14-4 (tar) [516 kB]
Get:3 http://deb.debian.org/debian trixie/main sysvinit 3.14-4 (diff) [122 kB]
Fetched 641 kB in 1s (486 kB/s)
Download complete and in download only mode
Reading package lists...
NOTICE: 'tar' packaging is maintained in the 'Git' version control system at:
https://salsa.debian.org/debian/tar.git
Please use:
git clone https://salsa.debian.org/debian/tar.git
to retrieve the latest (possibly unreleased) updates to the package.
Need to get 2135 kB of source archives.
Get:1 http://deb.debian.org/debian trixie/main tar 1.35+dfsg-3.1 (dsc) [2017 B]
Get:2 http://deb.debian.org/debian trixie/main tar 1.35+dfsg-3.1 (tar) [2112 kB]
Get:3 http://deb.debian.org/debian trixie/main tar 1.35+dfsg-3.1 (diff) [21.5 kB]
Fetched 2135 kB in 4s (541 kB/s)
Download complete and in download only mode
Reading package lists...
NOTICE: 'tzdata' packaging is maintained in the 'Git' version control system at:
https://salsa.debian.org/glibc-team/tzdata.git
Please use:
git clone https://salsa.debian.org/glibc-team/tzdata.git
to retrieve the latest (possibly unreleased) updates to the package.
Need to get 606 kB of source archives.
Get:1 http://deb.debian.org/debian trixie/main tzdata 2026c-0+deb13u1 (dsc) [2466 B]
Get:2 http://deb.debian.org/debian trixie/main tzdata 2026c-0+deb13u1 (tar) [476 kB]
Get:3 http://deb.debian.org/debian trixie/main tzdata 2026c-0+deb13u1 (asc) [833 B]
Get:4 http://deb.debian.org/debian trixie/main tzdata 2026c-0+deb13u1 (diff) [127 kB]
Fetched 606 kB in 1s (503 kB/s)
Download complete and in download only mode
Reading package lists...
NOTICE: 'util-linux' packaging is maintained in the 'Git' version control system at:
https://salsa.debian.org/debian/util-linux.git
Please use:
git clone https://salsa.debian.org/debian/util-linux.git
to retrieve the latest (possibly unreleased) updates to the package.
Need to get 9588 kB of source archives.
Get:1 http://deb.debian.org/debian trixie/main util-linux 2.41.5-0+deb13u1 (dsc) [4988 B]
Get:2 http://deb.debian.org/debian trixie/main util-linux 2.41.5-0+deb13u1 (tar) [9475 kB]
Get:3 http://deb.debian.org/debian trixie/main util-linux 2.41.5-0+deb13u1 (diff) [108 kB]
Fetched 9588 kB in 17s (567 kB/s)
Download complete and in download only mode
Reading package lists...
NOTICE: 'xxhash' packaging is maintained in the 'Git' version control system at:
https://salsa.debian.org/debian/xxhash.git -b master
Please use:
git clone https://salsa.debian.org/debian/xxhash.git -b master
to retrieve the latest (possibly unreleased) updates to the package.
Need to get 1155 kB of source archives.
Get:1 http://deb.debian.org/debian trixie/main xxhash 0.8.3-2 (dsc) [1969 B]
Get:2 http://deb.debian.org/debian trixie/main xxhash 0.8.3-2 (tar) [1148 kB]
Get:3 http://deb.debian.org/debian trixie/main xxhash 0.8.3-2 (diff) [5144 B]
Fetched 1155 kB in 2s (494 kB/s)
Download complete and in download only mode
Reading package lists...
NOTICE: 'xz-utils' packaging is maintained in the 'Git' version control system at:
https://salsa.debian.org/debian/xz-utils.git
Please use:
git clone https://salsa.debian.org/debian/xz-utils.git
to retrieve the latest (possibly unreleased) updates to the package.
Need to get 1491 kB of source archives.
Get:1 http://deb.debian.org/debian trixie/main xz-utils 5.8.1-1+deb13u1 (dsc) [2736 B]
Get:2 http://deb.debian.org/debian trixie/main xz-utils 5.8.1-1+deb13u1 (tar) [1462 kB]
Get:3 http://deb.debian.org/debian trixie/main xz-utils 5.8.1-1+deb13u1 (asc) [833 B]
Get:4 http://deb.debian.org/debian trixie/main xz-utils 5.8.1-1+deb13u1 (diff) [25.7 kB]
Fetched 1491 kB in 3s (514 kB/s)
Download complete and in download only mode
Reading package lists...
Need to get 1345 kB of source archives.
Get:1 http://deb.debian.org/debian trixie/main zlib 1:1.3.dfsg+really1.3.1-1 (dsc) [2637 B]
Get:2 http://deb.debian.org/debian trixie/main zlib 1:1.3.dfsg+really1.3.1-1 (tar) [1326 kB]
Get:3 http://deb.debian.org/debian trixie/main zlib 1:1.3.dfsg+really1.3.1-1 (diff) [16.6 kB]
Fetched 1345 kB in 3s (515 kB/s)
Download complete and in download only mode
BASE_SOURCE_CLOSURE 87 281
