=== RUN   TestSP06ActualCurrentRCARecommendationValidator
2026/10/04 07:43:36 OK   00001_roles_and_schemas.sql (14.28ms)
2026/10/04 07:43:36 goose: successfully migrated database to version: 1
2026/10/04 07:43:36 OK   00002_platform_meta.sql (34.06ms)
2026/10/04 07:43:36 OK   00003_finding.sql (8.08ms)
2026/10/04 07:43:36 OK   00004_incident.sql (22.07ms)
2026/10/04 07:43:36 OK   00005_investigation.sql (7.8ms)
2026/10/04 07:43:36 OK   00006_action_command.sql (25.55ms)
2026/10/04 07:43:36 OK   00007_audit.sql (28.78ms)
2026/10/04 07:43:36 OK   00008_rls.sql (7.65ms)
2026/10/04 07:43:36 OK   00009_idempotency_ledger.sql (6.71ms)
2026/10/04 07:43:36 OK   00010_tenant_provisioning.sql (3.16ms)
2026/10/04 07:43:36 OK   00011_source_registration_history.sql (4.97ms)
2026/10/04 07:43:36 OK   00012_config_registry_lifecycle.sql (28.01ms)
2026/10/04 07:43:36 OK   00013_audit_signed_segments.sql (26.88ms)
2026/10/04 07:43:36 OK   00014_audit_segment_predecessors.sql (26.49ms)
2026/10/04 07:43:36 OK   00015_source_schema_scope.sql (8.77ms)
2026/10/04 07:43:36 OK   00016_cluster_registration_metadata.sql (15.19ms)
2026/10/04 07:43:36 OK   00017_source_data_scope.sql (4.55ms)
2026/10/04 07:43:36 OK   00018_sp04_resources_evidence.sql (22.05ms)
2026/10/04 07:43:36 OK   00019_sp04_archive_ciphertext_bytes.sql (5.97ms)
2026/10/04 07:43:36 OK   00020_sp04_request_ledger.sql (6.27ms)
2026/10/04 07:43:36 OK   00021_sp04_archive_protection.sql (18.72ms)
2026/10/04 07:43:36 OK   00022_sp04_legal_hold_dependencies.sql (3.2ms)
2026/10/04 07:43:36 OK   00023_sp04_archive_query_intent.sql (2.92ms)
2026/10/04 07:43:36 OK   00024_sp05_finding_incident.sql (12.53ms)
2026/10/04 07:43:36 OK   00025_sp05_incident_event_time.sql (2.44ms)
2026/10/04 07:43:36 OK   00026_sp05_source_binding_lock.sql (2.72ms)
2026/10/04 07:43:36 OK   00027_sp05_rca_and_poll.sql (15.87ms)
2026/10/04 07:43:36 OK   00028_sp05_operator_lock.sql (8.12ms)
2026/10/04 07:43:36 OK   00029_sp05_evidence_links.sql (8.62ms)
2026/10/04 07:43:36 OK   00030_sp05_recipe_fence.sql (10.16ms)
2026/10/04 07:43:36 OK   00031_sp05_rca_postcheck.sql (5.52ms)
2026/10/04 07:43:36 OK   00032_sp05_transport_audit.sql (6.97ms)
2026/10/04 07:43:36 OK   00033_sp05_poll_resolution_clock.sql (3.33ms)
2026/10/04 07:43:36 OK   00034_sp06_investigation_ledger.sql (24.67ms)
2026/10/04 07:43:36 goose: successfully migrated database to version: 34
    archive_iam_test.go:41: owned TLS/IAM fixture image=docker.io/chrislusf/seaweedfs@sha256:d4cf67729aa8777e1a43a5b61d72e5b96179e4b7bac9a221cb14cbc2036cb32e id=c89540f2874a1326959354162f19796b9effc28d1125e8e841c83b97ee7cc476 bucket=sp05-golden-0eef37ae tenants=1
    sp05_golden_vertical_test.go:338: actual signed OPA/SDK/domain binding tool=get_dependencies state=succeeded partial=false refs=0
    sp05_golden_vertical_test.go:338: actual signed OPA/SDK/domain binding tool=get_evidence_conflicts state=succeeded partial=false refs=0
    sp05_golden_vertical_test.go:338: actual signed OPA/SDK/domain binding tool=get_findings state=succeeded partial=false refs=1
    sp05_golden_vertical_test.go:338: actual signed OPA/SDK/domain binding tool=get_impact_scope state=succeeded partial=false refs=0
    sp05_golden_vertical_test.go:338: actual signed OPA/SDK/domain binding tool=get_incident_context state=succeeded partial=false refs=1
    sp05_golden_vertical_test.go:338: actual signed OPA/SDK/domain binding tool=get_ranked_evidence state=succeeded partial=false refs=2
    sp05_golden_vertical_test.go:338: actual signed OPA/SDK/domain binding tool=get_recent_changes state=succeeded partial=false refs=0
    sp05_golden_vertical_test.go:338: actual signed OPA/SDK/domain binding tool=get_resource_context state=succeeded partial=false refs=0
    sp05_golden_vertical_test.go:338: actual signed OPA/SDK/domain binding tool=get_resource_health state=succeeded partial=false refs=0
    sp05_golden_vertical_test.go:338: actual signed OPA/SDK/domain binding tool=get_root_cause_candidates state=succeeded partial=false refs=2
    sp05_golden_vertical_test.go:338: actual signed OPA/SDK/domain binding tool=query_deepflow state=degraded partial=true refs=0
    sp05_golden_vertical_test.go:338: actual signed OPA/SDK/domain binding tool=query_hardware state=degraded partial=true refs=0
    sp05_golden_vertical_test.go:338: actual signed OPA/SDK/domain binding tool=query_kubernetes state=succeeded partial=false refs=0
    sp05_golden_vertical_test.go:338: actual signed OPA/SDK/domain binding tool=query_logs state=degraded partial=true refs=0
    sp05_golden_vertical_test.go:338: actual signed OPA/SDK/domain binding tool=query_metrics state=degraded partial=true refs=0
    sp05_golden_vertical_test.go:338: capability resource API diagnostic: 400 {"code":"INVALID_ARGUMENT","message":"resource or evidence query unavailable","requestId":"1a907db4-56f5-4878-a24f-f257c79cc47e","retryable":false,"schemaVersion":"error-envelope/v2"}
    sp05_golden_vertical_test.go:338: capabilities claimed unobserved readiness: {"apiReady":true,"cdi":{"reason":"ADR0008-development-deferred","status":"disabled","verification":"unverified"},"commandExecution":{"reason":"SP07-not-authorized","status":"disabled"},"graphReady":false,"investigation":{"enabled":true,"readOnly":true,"reason":"configured-awaiting-successful-job","status":"unverified"},"kubevirt":{"reason":"ADR0008-development-deferred","status":"disabled","verification":"unverified"},"pyrca":{"reason":"ADR0020-not-admitted","status":"disabled"},"schemaVersion":"platform-capabilities/v1","sourceDegraded":true}
--- FAIL: TestSP06ActualCurrentRCARecommendationValidator (16.23s)
FAIL
FAIL	ops-platform/test/integration	17.420s
FAIL
