=== RUN   TestInternalListHasNoAnchorButPreservesCanonicalTenantChecks
=== RUN   TestInternalListHasNoAnchorButPreservesCanonicalTenantChecks/unanchored_list
=== RUN   TestInternalListHasNoAnchorButPreservesCanonicalTenantChecks/empty_entity
=== RUN   TestInternalListHasNoAnchorButPreservesCanonicalTenantChecks/foreign_list_anchor
=== RUN   TestInternalListHasNoAnchorButPreservesCanonicalTenantChecks/foreign_entity
=== RUN   TestInternalListHasNoAnchorButPreservesCanonicalTenantChecks/invalid_list_anchor
--- PASS: TestInternalListHasNoAnchorButPreservesCanonicalTenantChecks (0.01s)
    --- PASS: TestInternalListHasNoAnchorButPreservesCanonicalTenantChecks/unanchored_list (0.01s)
    --- PASS: TestInternalListHasNoAnchorButPreservesCanonicalTenantChecks/empty_entity (0.00s)
    --- PASS: TestInternalListHasNoAnchorButPreservesCanonicalTenantChecks/foreign_list_anchor (0.00s)
    --- PASS: TestInternalListHasNoAnchorButPreservesCanonicalTenantChecks/foreign_entity (0.00s)
    --- PASS: TestInternalListHasNoAnchorButPreservesCanonicalTenantChecks/invalid_list_anchor (0.00s)
PASS
ok  	ops-platform/test/contract	0.739s
=== RUN   TestSP06ActualCurrentRCARecommendationValidator
2026/10/04 07:47:12 OK   00001_roles_and_schemas.sql (20.69ms)
2026/10/04 07:47:12 goose: successfully migrated database to version: 1
2026/10/04 07:47:12 OK   00002_platform_meta.sql (31.35ms)
2026/10/04 07:47:13 OK   00003_finding.sql (12.93ms)
2026/10/04 07:47:13 OK   00004_incident.sql (14.4ms)
2026/10/04 07:47:13 OK   00005_investigation.sql (25.65ms)
2026/10/04 07:47:13 OK   00006_action_command.sql (25.52ms)
2026/10/04 07:47:13 OK   00007_audit.sql (30.76ms)
2026/10/04 07:47:13 OK   00008_rls.sql (8.68ms)
2026/10/04 07:47:13 OK   00009_idempotency_ledger.sql (10.44ms)
2026/10/04 07:47:13 OK   00010_tenant_provisioning.sql (20.19ms)
2026/10/04 07:47:13 OK   00011_source_registration_history.sql (23.96ms)
2026/10/04 07:47:13 OK   00012_config_registry_lifecycle.sql (8.69ms)
2026/10/04 07:47:13 OK   00013_audit_signed_segments.sql (9.16ms)
2026/10/04 07:47:13 OK   00014_audit_segment_predecessors.sql (24.14ms)
2026/10/04 07:47:13 OK   00015_source_schema_scope.sql (4.44ms)
2026/10/04 07:47:13 OK   00016_cluster_registration_metadata.sql (4.63ms)
2026/10/04 07:47:13 OK   00017_source_data_scope.sql (17.44ms)
2026/10/04 07:47:13 OK   00018_sp04_resources_evidence.sql (15.46ms)
2026/10/04 07:47:13 OK   00019_sp04_archive_ciphertext_bytes.sql (6.13ms)
2026/10/04 07:47:13 OK   00020_sp04_request_ledger.sql (12.65ms)
2026/10/04 07:47:13 OK   00021_sp04_archive_protection.sql (7.14ms)
2026/10/04 07:47:13 OK   00022_sp04_legal_hold_dependencies.sql (3.28ms)
2026/10/04 07:47:13 OK   00023_sp04_archive_query_intent.sql (4.1ms)
2026/10/04 07:47:13 OK   00024_sp05_finding_incident.sql (34.28ms)
2026/10/04 07:47:13 OK   00025_sp05_incident_event_time.sql (4.2ms)
2026/10/04 07:47:13 OK   00026_sp05_source_binding_lock.sql (7.59ms)
2026/10/04 07:47:13 OK   00027_sp05_rca_and_poll.sql (17.33ms)
2026/10/04 07:47:13 OK   00028_sp05_operator_lock.sql (3.36ms)
2026/10/04 07:47:13 OK   00029_sp05_evidence_links.sql (7.68ms)
2026/10/04 07:47:13 OK   00030_sp05_recipe_fence.sql (11.73ms)
2026/10/04 07:47:13 OK   00031_sp05_rca_postcheck.sql (8.01ms)
2026/10/04 07:47:13 OK   00032_sp05_transport_audit.sql (3.73ms)
2026/10/04 07:47:13 OK   00033_sp05_poll_resolution_clock.sql (3.89ms)
2026/10/04 07:47:13 OK   00034_sp06_investigation_ledger.sql (15.85ms)
2026/10/04 07:47:13 goose: successfully migrated database to version: 34
    archive_iam_test.go:41: owned TLS/IAM fixture image=docker.io/chrislusf/seaweedfs@sha256:d4cf67729aa8777e1a43a5b61d72e5b96179e4b7bac9a221cb14cbc2036cb32e id=c4deb3056cdc2772722816ae99cb5440b32156b828b7ab0ad11c1ac2e940be94 bucket=sp05-golden-6ca27252 tenants=1
    sp05_golden_vertical_test.go:338: actual signed OPA/SDK/domain binding tool=get_dependencies state=succeeded partial=false refs=0
    sp05_golden_vertical_test.go:338: actual signed OPA/SDK/domain binding tool=get_evidence_conflicts state=succeeded partial=false refs=0
    sp05_golden_vertical_test.go:338: actual signed OPA/SDK/domain binding tool=get_findings state=succeeded partial=false refs=1
    sp05_golden_vertical_test.go:338: actual signed OPA/SDK/domain binding tool=get_impact_scope state=succeeded partial=false refs=0
    sp05_golden_vertical_test.go:338: actual signed OPA/SDK/domain binding tool=get_incident_context state=succeeded partial=false refs=1
    sp05_golden_vertical_test.go:338: actual signed OPA/SDK/domain binding tool=get_ranked_evidence state=succeeded partial=false refs=2
    sp05_golden_vertical_test.go:338: actual signed OPA/SDK/domain binding tool=get_recent_changes state=succeeded partial=false refs=0
    sp05_golden_vertical_test.go:338: actual signed OPA/SDK/domain binding tool=get_resource_context state=succeeded partial=false refs=0
    sp05_golden_vertical_test.go:338: actual signed OPA/SDK/domain binding tool=get_resource_health state=succeeded partial=false refs=0
    sp05_golden_vertical_test.go:338: actual signed OPA/SDK/domain binding tool=get_root_cause_candidates state=succeeded partial=false refs=2
    sp05_golden_vertical_test.go:338: actual signed OPA/SDK/domain binding tool=query_deepflow state=degraded partial=true refs=0
    sp05_golden_vertical_test.go:338: actual signed OPA/SDK/domain binding tool=query_hardware state=degraded partial=true refs=0
    sp05_golden_vertical_test.go:338: actual signed OPA/SDK/domain binding tool=query_kubernetes state=succeeded partial=false refs=0
    sp05_golden_vertical_test.go:338: actual signed OPA/SDK/domain binding tool=query_logs state=degraded partial=true refs=0
    sp05_golden_vertical_test.go:338: actual signed OPA/SDK/domain binding tool=query_metrics state=degraded partial=true refs=0
    sp05_golden_vertical_test.go:338: actual native Lease + mTLS Graph + current signed Recipe/facts + authorized ranked Evidence + Ledger + Go advisory validator; forged candidate, foreign tenant and execution handle rejected; deterministic RCA unchanged
    sp05_golden_vertical_test.go:340: dimm-failure/valid: fixed clock, admitted native adapters -> actual identity/Graph and unified ingestion -> PostgreSQL reducer -> signed published Recipe -> real immutable OpenBao/SeaweedFS Evidence -> append-only RCA and bounded Impact, twice replay; protocol Fixture, no physical BMC/Node failure claim
--- PASS: TestSP06ActualCurrentRCARecommendationValidator (16.09s)
PASS
ok  	ops-platform/test/integration	17.180s
