=== RUN   TestSP06RealTransitScopedSigningRotationAndTakeoverContext
2026/10/03 20:57:03 OK   00001_roles_and_schemas.sql (36.78ms)
2026/10/03 20:57:03 goose: successfully migrated database to version: 1
2026/10/03 20:57:03 OK   00002_platform_meta.sql (45.23ms)
2026/10/03 20:57:03 OK   00003_finding.sql (11.47ms)
2026/10/03 20:57:03 OK   00004_incident.sql (35.11ms)
2026/10/03 20:57:03 OK   00005_investigation.sql (6.2ms)
2026/10/03 20:57:03 OK   00006_action_command.sql (35.2ms)
2026/10/03 20:57:03 OK   00007_audit.sql (33.65ms)
2026/10/03 20:57:03 OK   00008_rls.sql (30.83ms)
2026/10/03 20:57:03 OK   00009_idempotency_ledger.sql (10.03ms)
2026/10/03 20:57:03 OK   00010_tenant_provisioning.sql (8.72ms)
2026/10/03 20:57:03 OK   00011_source_registration_history.sql (24.93ms)
2026/10/03 20:57:04 OK   00012_config_registry_lifecycle.sql (22.44ms)
2026/10/03 20:57:04 OK   00013_audit_signed_segments.sql (27ms)
2026/10/03 20:57:04 OK   00014_audit_segment_predecessors.sql (8.22ms)
2026/10/03 20:57:04 OK   00015_source_schema_scope.sql (3.5ms)
2026/10/03 20:57:04 OK   00016_cluster_registration_metadata.sql (10.14ms)
2026/10/03 20:57:04 OK   00017_source_data_scope.sql (13.11ms)
2026/10/03 20:57:04 OK   00018_sp04_resources_evidence.sql (18.4ms)
2026/10/03 20:57:04 OK   00019_sp04_archive_ciphertext_bytes.sql (17.59ms)
2026/10/03 20:57:04 OK   00020_sp04_request_ledger.sql (9.33ms)
2026/10/03 20:57:04 OK   00021_sp04_archive_protection.sql (12.74ms)
2026/10/03 20:57:04 OK   00022_sp04_legal_hold_dependencies.sql (7.9ms)
2026/10/03 20:57:04 OK   00023_sp04_archive_query_intent.sql (6.23ms)
2026/10/03 20:57:04 OK   00024_sp05_finding_incident.sql (45.34ms)
2026/10/03 20:57:04 OK   00025_sp05_incident_event_time.sql (11.31ms)
2026/10/03 20:57:04 OK   00026_sp05_source_binding_lock.sql (10.14ms)
2026/10/03 20:57:04 OK   00027_sp05_rca_and_poll.sql (7.05ms)
2026/10/03 20:57:04 OK   00028_sp05_operator_lock.sql (14.46ms)
2026/10/03 20:57:04 OK   00029_sp05_evidence_links.sql (10.51ms)
2026/10/03 20:57:04 OK   00030_sp05_recipe_fence.sql (5.07ms)
2026/10/03 20:57:04 OK   00031_sp05_rca_postcheck.sql (2.78ms)
2026/10/03 20:57:04 OK   00032_sp05_transport_audit.sql (2.49ms)
2026/10/03 20:57:04 OK   00033_sp05_poll_resolution_clock.sql (2.5ms)
2026/10/03 20:57:04 OK   00034_sp06_investigation_ledger.sql (31.82ms)
2026/10/03 20:57:04 goose: successfully migrated database to version: 34
    sp06_context_live_test.go:106: REPLAY_REJECTED
--- FAIL: TestSP06RealTransitScopedSigningRotationAndTakeoverContext (3.21s)
FAIL
FAIL	ops-platform/test/integration	6.955s
FAIL
