=== RUN   TestSP06RealTransitScopedSigningRotationAndTakeoverContext
2026/10/03 20:55:06 OK   00001_roles_and_schemas.sql (22.9ms)
2026/10/03 20:55:06 goose: successfully migrated database to version: 1
2026/10/03 20:55:06 OK   00002_platform_meta.sql (27.77ms)
2026/10/03 20:55:06 OK   00003_finding.sql (16.05ms)
2026/10/03 20:55:06 OK   00004_incident.sql (8.28ms)
2026/10/03 20:55:06 OK   00005_investigation.sql (4.56ms)
2026/10/03 20:55:06 OK   00006_action_command.sql (18.55ms)
2026/10/03 20:55:06 OK   00007_audit.sql (10.44ms)
2026/10/03 20:55:06 OK   00008_rls.sql (12.89ms)
2026/10/03 20:55:06 OK   00009_idempotency_ledger.sql (7.45ms)
2026/10/03 20:55:06 OK   00010_tenant_provisioning.sql (2.74ms)
2026/10/03 20:55:06 OK   00011_source_registration_history.sql (3.91ms)
2026/10/03 20:55:06 OK   00012_config_registry_lifecycle.sql (17.41ms)
2026/10/03 20:55:06 OK   00013_audit_signed_segments.sql (12.06ms)
2026/10/03 20:55:06 OK   00014_audit_segment_predecessors.sql (4.85ms)
2026/10/03 20:55:06 OK   00015_source_schema_scope.sql (9.46ms)
2026/10/03 20:55:06 OK   00016_cluster_registration_metadata.sql (7.91ms)
2026/10/03 20:55:06 OK   00017_source_data_scope.sql (10.35ms)
2026/10/03 20:55:06 OK   00018_sp04_resources_evidence.sql (15.9ms)
2026/10/03 20:55:06 OK   00019_sp04_archive_ciphertext_bytes.sql (1.97ms)
2026/10/03 20:55:06 OK   00020_sp04_request_ledger.sql (9.47ms)
2026/10/03 20:55:06 OK   00021_sp04_archive_protection.sql (6.18ms)
2026/10/03 20:55:06 OK   00022_sp04_legal_hold_dependencies.sql (6ms)
2026/10/03 20:55:06 OK   00023_sp04_archive_query_intent.sql (2.16ms)
2026/10/03 20:55:06 OK   00024_sp05_finding_incident.sql (21.1ms)
2026/10/03 20:55:06 OK   00025_sp05_incident_event_time.sql (2.63ms)
2026/10/03 20:55:06 OK   00026_sp05_source_binding_lock.sql (3.12ms)
2026/10/03 20:55:06 OK   00027_sp05_rca_and_poll.sql (23.12ms)
2026/10/03 20:55:06 OK   00028_sp05_operator_lock.sql (5.03ms)
2026/10/03 20:55:06 OK   00029_sp05_evidence_links.sql (8.76ms)
2026/10/03 20:55:06 OK   00030_sp05_recipe_fence.sql (3.18ms)
2026/10/03 20:55:06 OK   00031_sp05_rca_postcheck.sql (2.8ms)
2026/10/03 20:55:06 OK   00032_sp05_transport_audit.sql (3.14ms)
2026/10/03 20:55:06 OK   00033_sp05_poll_resolution_clock.sql (2.59ms)
2026/10/03 20:55:06 OK   00034_sp06_investigation_ledger.sql (27.14ms)
2026/10/03 20:55:06 goose: successfully migrated database to version: 34
    sp06_context_live_test.go:48: create signing key 200
--- FAIL: TestSP06RealTransitScopedSigningRotationAndTakeoverContext (0.74s)
FAIL
FAIL	ops-platform/test/integration	1.891s
FAIL
