=== RUN   TestSP06RealTransitScopedSigningRotationAndTakeoverContext
2026/10/03 23:21:08 OK   00001_roles_and_schemas.sql (16.34ms)
2026/10/03 23:21:08 goose: successfully migrated database to version: 1
2026/10/03 23:21:08 OK   00002_platform_meta.sql (24.16ms)
2026/10/03 23:21:08 OK   00003_finding.sql (8.17ms)
2026/10/03 23:21:08 OK   00004_incident.sql (5.28ms)
2026/10/03 23:21:08 OK   00005_investigation.sql (6.21ms)
2026/10/03 23:21:08 OK   00006_action_command.sql (6.84ms)
2026/10/03 23:21:08 OK   00007_audit.sql (33.07ms)
2026/10/03 23:21:08 OK   00008_rls.sql (7.2ms)
2026/10/03 23:21:08 OK   00009_idempotency_ledger.sql (5.38ms)
2026/10/03 23:21:08 OK   00010_tenant_provisioning.sql (3.46ms)
2026/10/03 23:21:08 OK   00011_source_registration_history.sql (4.96ms)
2026/10/03 23:21:08 OK   00012_config_registry_lifecycle.sql (7.39ms)
2026/10/03 23:21:08 OK   00013_audit_signed_segments.sql (8.23ms)
2026/10/03 23:21:08 OK   00014_audit_segment_predecessors.sql (4.19ms)
2026/10/03 23:21:08 OK   00015_source_schema_scope.sql (2.33ms)
2026/10/03 23:21:08 OK   00016_cluster_registration_metadata.sql (3.34ms)
2026/10/03 23:21:08 OK   00017_source_data_scope.sql (2.75ms)
2026/10/03 23:21:08 OK   00018_sp04_resources_evidence.sql (9.55ms)
2026/10/03 23:21:08 OK   00019_sp04_archive_ciphertext_bytes.sql (2.5ms)
2026/10/03 23:21:08 OK   00020_sp04_request_ledger.sql (3.44ms)
2026/10/03 23:21:08 OK   00021_sp04_archive_protection.sql (2.59ms)
2026/10/03 23:21:08 OK   00022_sp04_legal_hold_dependencies.sql (2.38ms)
2026/10/03 23:21:08 OK   00023_sp04_archive_query_intent.sql (2.63ms)
2026/10/03 23:21:08 OK   00024_sp05_finding_incident.sql (11.38ms)
2026/10/03 23:21:08 OK   00025_sp05_incident_event_time.sql (2.52ms)
2026/10/03 23:21:08 OK   00026_sp05_source_binding_lock.sql (2.54ms)
2026/10/03 23:21:08 OK   00027_sp05_rca_and_poll.sql (5.28ms)
2026/10/03 23:21:08 OK   00028_sp05_operator_lock.sql (2.51ms)
2026/10/03 23:21:08 OK   00029_sp05_evidence_links.sql (4.28ms)
2026/10/03 23:21:08 OK   00030_sp05_recipe_fence.sql (2.33ms)
2026/10/03 23:21:09 OK   00031_sp05_rca_postcheck.sql (2.46ms)
2026/10/03 23:21:09 OK   00032_sp05_transport_audit.sql (2.56ms)
2026/10/03 23:21:09 OK   00033_sp05_poll_resolution_clock.sql (2.66ms)
2026/10/03 23:21:09 OK   00034_sp06_investigation_ledger.sql (12.92ms)
2026/10/03 23:21:09 goose: successfully migrated database to version: 34
    sp06_context_live_test.go:117: actual Transit/TLS Job API renewal preserves narrowed tools/classes and model allocation rechecks current policy before any reservation
    sp06_context_live_test.go:172: actual scoped non-exportable ES256 Transit key, retained/retired kid rotation, verify-only Context, DB nonce boundary and generation takeover; no signer root token in runtime/model
--- PASS: TestSP06RealTransitScopedSigningRotationAndTakeoverContext (0.52s)
PASS
ok  	ops-platform/test/integration	1.268s
