=== RUN   TestSP06RealTransitScopedSigningRotationAndTakeoverContext
2026/10/03 20:57:43 OK   00001_roles_and_schemas.sql (13.56ms)
2026/10/03 20:57:43 goose: successfully migrated database to version: 1
2026/10/03 20:57:44 OK   00002_platform_meta.sql (101.7ms)
2026/10/03 20:57:44 OK   00003_finding.sql (8.06ms)
2026/10/03 20:57:44 OK   00004_incident.sql (5.04ms)
2026/10/03 20:57:44 OK   00005_investigation.sql (41.6ms)
2026/10/03 20:57:44 OK   00006_action_command.sql (7.11ms)
2026/10/03 20:57:44 OK   00007_audit.sql (33.61ms)
2026/10/03 20:57:44 OK   00008_rls.sql (50.57ms)
2026/10/03 20:57:44 OK   00009_idempotency_ledger.sql (13.02ms)
2026/10/03 20:57:44 OK   00010_tenant_provisioning.sql (43.63ms)
2026/10/03 20:57:44 OK   00011_source_registration_history.sql (10.84ms)
2026/10/03 20:57:44 OK   00012_config_registry_lifecycle.sql (45.23ms)
2026/10/03 20:57:44 OK   00013_audit_signed_segments.sql (72ms)
2026/10/03 20:57:44 OK   00014_audit_segment_predecessors.sql (10.19ms)
2026/10/03 20:57:44 OK   00015_source_schema_scope.sql (36.49ms)
2026/10/03 20:57:44 OK   00016_cluster_registration_metadata.sql (9.55ms)
2026/10/03 20:57:44 OK   00017_source_data_scope.sql (35.9ms)
2026/10/03 20:57:44 OK   00018_sp04_resources_evidence.sql (32.83ms)
2026/10/03 20:57:44 OK   00019_sp04_archive_ciphertext_bytes.sql (17.45ms)
2026/10/03 20:57:44 OK   00020_sp04_request_ledger.sql (7.36ms)
2026/10/03 20:57:44 OK   00021_sp04_archive_protection.sql (41.35ms)
2026/10/03 20:57:44 OK   00022_sp04_legal_hold_dependencies.sql (3.43ms)
2026/10/03 20:57:44 OK   00023_sp04_archive_query_intent.sql (3.94ms)
2026/10/03 20:57:44 OK   00024_sp05_finding_incident.sql (113.57ms)
2026/10/03 20:57:44 OK   00025_sp05_incident_event_time.sql (25.39ms)
2026/10/03 20:57:44 OK   00026_sp05_source_binding_lock.sql (20.52ms)
2026/10/03 20:57:44 OK   00027_sp05_rca_and_poll.sql (27.43ms)
2026/10/03 20:57:44 OK   00028_sp05_operator_lock.sql (6.57ms)
2026/10/03 20:57:44 OK   00029_sp05_evidence_links.sql (6.53ms)
2026/10/03 20:57:44 OK   00030_sp05_recipe_fence.sql (3.73ms)
2026/10/03 20:57:44 OK   00031_sp05_rca_postcheck.sql (2.92ms)
2026/10/03 20:57:44 OK   00032_sp05_transport_audit.sql (5.98ms)
2026/10/03 20:57:44 OK   00033_sp05_poll_resolution_clock.sql (35.32ms)
2026/10/03 20:57:44 OK   00034_sp06_investigation_ledger.sql (46.86ms)
2026/10/03 20:57:44 goose: successfully migrated database to version: 34
    sp06_context_live_test.go:158: actual scoped non-exportable ES256 Transit key, retained/retired kid rotation, verify-only Context, DB nonce boundary and generation takeover; no signer root token in runtime/model
--- PASS: TestSP06RealTransitScopedSigningRotationAndTakeoverContext (2.01s)
PASS
ok  	ops-platform/test/integration	3.041s
