Looking in links: /material/base/build-tools
Processing /material/base/build-tools/setuptools-84.0.0-py3-none-any.whl
Processing /material/base/build-tools/wheel-0.45.1-py3-none-any.whl
Installing collected packages: wheel, setuptools
Successfully installed setuptools-84.0.0 wheel-0.45.1
WARNING: Running pip as the 'root' user can result in broken permissions and conflicting behaviour with the system package manager, possibly rendering your system unusable. It is recommended to use a virtual environment instead: https://pip.pypa.io/warnings/venv. Use the --root-user-action option if you know what you are doing and want to suppress this warning.
CMake Deprecation Warning at CMakeLists.txt:5 (cmake_minimum_required):
  Compatibility with CMake < 3.10 will be removed from a future version of
  CMake.

  Update the VERSION argument <min> value.  Or, use the <min>...<max> syntax
  to tell CMake that the project requires at least <min> but has been updated
  to work with policies introduced by <max> or earlier.


-- The C compiler identification is GNU 14.2.0
-- The CXX compiler identification is GNU 14.2.0
-- Detecting C compiler ABI info
-- Detecting C compiler ABI info - done
-- Check for working C compiler: /usr/bin/cc - skipped
-- Detecting C compile features
-- Detecting C compile features - done
-- Detecting CXX compiler ABI info
-- Detecting CXX compiler ABI info - done
-- Check for working CXX compiler: /usr/bin/c++ - skipped
-- Detecting CXX compile features
-- Detecting CXX compile features - done
-- Performing Test CRC32C_HAVE_NO_DEPRECATED
-- Performing Test CRC32C_HAVE_NO_DEPRECATED - Success
-- Performing Test CRC32C_HAVE_NO_SIGN_COMPARE
-- Performing Test CRC32C_HAVE_NO_SIGN_COMPARE - Success
-- Performing Test CRC32C_HAVE_NO_UNUSED_PARAMETER
-- Performing Test CRC32C_HAVE_NO_UNUSED_PARAMETER - Success
-- Performing Test CRC32C_HAVE_NO_MISSING_FIELD_INITIALIZERS
-- Performing Test CRC32C_HAVE_NO_MISSING_FIELD_INITIALIZERS - Success
-- Performing Test HAVE_BUILTIN_PREFETCH
-- Performing Test HAVE_BUILTIN_PREFETCH - Success
-- Performing Test HAVE_MM_PREFETCH
-- Performing Test HAVE_MM_PREFETCH - Failed
-- Performing Test HAVE_SSE42
-- Performing Test HAVE_SSE42 - Failed
-- Performing Test HAVE_ARM64_CRC32C
-- Performing Test HAVE_ARM64_CRC32C - Success
-- Performing Test HAVE_STRONG_GETAUXVAL
-- Performing Test HAVE_STRONG_GETAUXVAL - Success
-- Performing Test HAVE_WEAK_GETAUXVAL
-- Performing Test HAVE_WEAK_GETAUXVAL - Success
-- Configuring done (1.7s)
-- Generating done (0.0s)
-- Build files have been written to: /build/native-build
[ 20%] Building CXX object CMakeFiles/crc32c_arm64.dir/src/crc32c_arm64.cc.o
[ 40%] Building CXX object CMakeFiles/crc32c_sse42.dir/src/crc32c_sse42.cc.o
[ 40%] Built target crc32c_sse42
[ 40%] Built target crc32c_arm64
[ 80%] Building CXX object CMakeFiles/crc32c.dir/src/crc32c.cc.o
[ 80%] Building CXX object CMakeFiles/crc32c.dir/src/crc32c_portable.cc.o
[100%] Linking CXX static library libcrc32c.a
[100%] Built target crc32c
-- Install configuration: "Release"
-- Installing: /build/native/lib/libcrc32c.a
-- Installing: /build/native/include/crc32c/crc32c.h
-- Installing: /build/native/lib/cmake/Crc32c/Crc32cTargets.cmake
-- Installing: /build/native/lib/cmake/Crc32c/Crc32cTargets-release.cmake
-- Installing: /build/native/lib/cmake/Crc32c/Crc32cConfig.cmake
-- Installing: /build/native/lib/cmake/Crc32c/Crc32cConfigVersion.cmake
Processing /build/google_crc32c-1.9.0
  Preparing metadata (pyproject.toml): started
  Preparing metadata (pyproject.toml): finished with status 'done'
Building wheels for collected packages: google-crc32c
  Building wheel for google-crc32c (pyproject.toml): started
  Building wheel for google-crc32c (pyproject.toml): finished with status 'done'
  Created wheel for google-crc32c: filename=google_crc32c-1.9.0-cp312-cp312-linux_aarch64.whl size=32570 sha256=7a21c88fc32230525c373877d49f4a31ef0936b517cdc055950725f32d9e4689
  Stored in directory: /root/.cache/pip/wheels/17/24/70/4cc45b89262ff1e17422ddb627a248cedcc87d0234fea44582
Successfully built google-crc32c
Processing /build/wheels/google_crc32c-1.9.0-cp312-cp312-linux_aarch64.whl
Installing collected packages: google-crc32c
Successfully installed google-crc32c-1.9.0
WARNING: Running pip as the 'root' user can result in broken permissions and conflicting behaviour with the system package manager, possibly rendering your system unusable. It is recommended to use a virtual environment instead: https://pip.pypa.io/warnings/venv. Use the --root-user-action option if you know what you are doing and want to suppress this warning.
/usr/local/lib/python3.12/site-packages/google_crc32c/__init__.py:32: RuntimeWarning: As the c extension couldn't be imported, `google-crc32c` is using a pure python implementation that is significantly slower. If possible, please configure a c build environment and compile the extension
  warnings.warn(_SLOW_CRC32C_WARNING, RuntimeWarning)
Traceback (most recent call last):
  File "<string>", line 1, in <module>
AssertionError
