=== RUN   TestSP06ReuseLockBindsAdmittedRuntime
--- PASS: TestSP06ReuseLockBindsAdmittedRuntime (0.08s)
PASS
ok  	ops-platform/test/contract	0.763s
=== RUN   TestInvestigationBudgetHTTPContract
--- PASS: TestInvestigationBudgetHTTPContract (0.00s)
=== RUN   TestInvestigationIdempotencyConflictHTTPContract
--- PASS: TestInvestigationIdempotencyConflictHTTPContract (0.00s)
PASS
ok  	ops-platform/internal/httpapi	0.763s
=== RUN   TestSP06NarrowedContextCannotReadOrCommitD1
2026/10/04 13:47:34 OK   00001_roles_and_schemas.sql (13.13ms)
2026/10/04 13:47:34 goose: successfully migrated database to version: 1
2026/10/04 13:47:34 OK   00002_platform_meta.sql (25.6ms)
2026/10/04 13:47:34 OK   00003_finding.sql (6.97ms)
2026/10/04 13:47:34 OK   00004_incident.sql (4.62ms)
2026/10/04 13:47:34 OK   00005_investigation.sql (6.99ms)
2026/10/04 13:47:34 OK   00006_action_command.sql (8.68ms)
2026/10/04 13:47:34 OK   00007_audit.sql (13.01ms)
2026/10/04 13:47:34 OK   00008_rls.sql (9.41ms)
2026/10/04 13:47:34 OK   00009_idempotency_ledger.sql (14.37ms)
2026/10/04 13:47:34 OK   00010_tenant_provisioning.sql (4.05ms)
2026/10/04 13:47:34 OK   00011_source_registration_history.sql (6.37ms)
2026/10/04 13:47:34 OK   00012_config_registry_lifecycle.sql (10.34ms)
2026/10/04 13:47:34 OK   00013_audit_signed_segments.sql (12.07ms)
2026/10/04 13:47:34 OK   00014_audit_segment_predecessors.sql (4.62ms)
2026/10/04 13:47:34 OK   00015_source_schema_scope.sql (2.78ms)
2026/10/04 13:47:34 OK   00016_cluster_registration_metadata.sql (4.04ms)
2026/10/04 13:47:34 OK   00017_source_data_scope.sql (4.55ms)
2026/10/04 13:47:34 OK   00018_sp04_resources_evidence.sql (13.15ms)
2026/10/04 13:47:34 OK   00019_sp04_archive_ciphertext_bytes.sql (10.43ms)
2026/10/04 13:47:34 OK   00020_sp04_request_ledger.sql (14.26ms)
2026/10/04 13:47:34 OK   00021_sp04_archive_protection.sql (3.47ms)
2026/10/04 13:47:34 OK   00022_sp04_legal_hold_dependencies.sql (2.37ms)
2026/10/04 13:47:34 OK   00023_sp04_archive_query_intent.sql (2.61ms)
2026/10/04 13:47:34 OK   00024_sp05_finding_incident.sql (30.69ms)
2026/10/04 13:47:34 OK   00025_sp05_incident_event_time.sql (13.37ms)
2026/10/04 13:47:34 OK   00026_sp05_source_binding_lock.sql (9.91ms)
2026/10/04 13:47:34 OK   00027_sp05_rca_and_poll.sql (6.67ms)
2026/10/04 13:47:34 OK   00028_sp05_operator_lock.sql (3.25ms)
2026/10/04 13:47:34 OK   00029_sp05_evidence_links.sql (8.29ms)
2026/10/04 13:47:34 OK   00030_sp05_recipe_fence.sql (16.83ms)
2026/10/04 13:47:34 OK   00031_sp05_rca_postcheck.sql (2.97ms)
2026/10/04 13:47:34 OK   00032_sp05_transport_audit.sql (3.56ms)
2026/10/04 13:47:34 OK   00033_sp05_poll_resolution_clock.sql (8.75ms)
2026/10/04 13:47:34 OK   00034_sp06_investigation_ledger.sql (19.1ms)
2026/10/04 13:47:34 OK   00035_sp06_admission_data_classes.sql (15.83ms)
2026/10/04 13:47:34 goose: successfully migrated database to version: 35
    archive_iam_test.go:41: owned TLS/IAM fixture image=docker.io/chrislusf/seaweedfs@sha256:d4cf67729aa8777e1a43a5b61d72e5b96179e4b7bac9a221cb14cbc2036cb32e id=84a2ccc66d76522c5db218ab195d18ec3294002d4e6cddf48d7f37db755e1591 bucket=sp05-golden-f68a7698 tenants=1
=== RUN   TestSP06NarrowedContextCannotReadOrCommitD1//steps
=== RUN   TestSP06NarrowedContextCannotReadOrCommitD1//steps/a81fbe20-ba7b-49f1-ac0c-b01c25f8d981/result?argsDigest=sha256:cafdc997ff277d2dd402a858fd5415dac42e7e65bfd4b92f36acc6ed34c60080
=== RUN   TestSP06NarrowedContextCannotReadOrCommitD1//calls:allocate
--- PASS: TestSP06NarrowedContextCannotReadOrCommitD1 (5.99s)
    --- PASS: TestSP06NarrowedContextCannotReadOrCommitD1//steps (0.02s)
    --- PASS: TestSP06NarrowedContextCannotReadOrCommitD1//steps/a81fbe20-ba7b-49f1-ac0c-b01c25f8d981/result?argsDigest=sha256:cafdc997ff277d2dd402a858fd5415dac42e7e65bfd4b92f36acc6ed34c60080 (0.01s)
    --- PASS: TestSP06NarrowedContextCannotReadOrCommitD1//calls:allocate (0.02s)
=== RUN   TestSP06RecoveryReadsChargeBytesAndExhaust
2026/10/04 13:47:40 OK   00001_roles_and_schemas.sql (8.11ms)
2026/10/04 13:47:40 goose: successfully migrated database to version: 1
2026/10/04 13:47:40 OK   00002_platform_meta.sql (36.89ms)
2026/10/04 13:47:40 OK   00003_finding.sql (33.06ms)
2026/10/04 13:47:40 OK   00004_incident.sql (12.57ms)
2026/10/04 13:47:40 OK   00005_investigation.sql (9.74ms)
2026/10/04 13:47:40 OK   00006_action_command.sql (17.23ms)
2026/10/04 13:47:40 OK   00007_audit.sql (15.3ms)
2026/10/04 13:47:40 OK   00008_rls.sql (11.16ms)
2026/10/04 13:47:40 OK   00009_idempotency_ledger.sql (10.26ms)
2026/10/04 13:47:40 OK   00010_tenant_provisioning.sql (8.99ms)
2026/10/04 13:47:40 OK   00011_source_registration_history.sql (16.02ms)
2026/10/04 13:47:40 OK   00012_config_registry_lifecycle.sql (9.89ms)
2026/10/04 13:47:40 OK   00013_audit_signed_segments.sql (25.41ms)
2026/10/04 13:47:40 OK   00014_audit_segment_predecessors.sql (10.92ms)
2026/10/04 13:47:40 OK   00015_source_schema_scope.sql (4.96ms)
2026/10/04 13:47:40 OK   00016_cluster_registration_metadata.sql (5.04ms)
2026/10/04 13:47:40 OK   00017_source_data_scope.sql (6.05ms)
2026/10/04 13:47:40 OK   00018_sp04_resources_evidence.sql (12.84ms)
2026/10/04 13:47:40 OK   00019_sp04_archive_ciphertext_bytes.sql (8.75ms)
2026/10/04 13:47:40 OK   00020_sp04_request_ledger.sql (7.55ms)
2026/10/04 13:47:40 OK   00021_sp04_archive_protection.sql (3.41ms)
2026/10/04 13:47:40 OK   00022_sp04_legal_hold_dependencies.sql (3.02ms)
2026/10/04 13:47:40 OK   00023_sp04_archive_query_intent.sql (3.45ms)
2026/10/04 13:47:40 OK   00024_sp05_finding_incident.sql (26.54ms)
2026/10/04 13:47:40 OK   00025_sp05_incident_event_time.sql (3.31ms)
2026/10/04 13:47:40 OK   00026_sp05_source_binding_lock.sql (4.11ms)
2026/10/04 13:47:40 OK   00027_sp05_rca_and_poll.sql (6.69ms)
2026/10/04 13:47:40 OK   00028_sp05_operator_lock.sql (4.42ms)
2026/10/04 13:47:40 OK   00029_sp05_evidence_links.sql (8.95ms)
2026/10/04 13:47:40 OK   00030_sp05_recipe_fence.sql (3.19ms)
2026/10/04 13:47:40 OK   00031_sp05_rca_postcheck.sql (3.37ms)
2026/10/04 13:47:40 OK   00032_sp05_transport_audit.sql (12.44ms)
2026/10/04 13:47:40 OK   00033_sp05_poll_resolution_clock.sql (3.59ms)
2026/10/04 13:47:40 OK   00034_sp06_investigation_ledger.sql (19.05ms)
2026/10/04 13:47:40 OK   00035_sp06_admission_data_classes.sql (4.44ms)
2026/10/04 13:47:40 goose: successfully migrated database to version: 35
--- PASS: TestSP06RecoveryReadsChargeBytesAndExhaust (0.90s)
=== RUN   TestSP06CachedModelReadChargesOnlyOutputBytes
2026/10/04 13:47:41 OK   00001_roles_and_schemas.sql (22.39ms)
2026/10/04 13:47:41 goose: successfully migrated database to version: 1
2026/10/04 13:47:41 OK   00002_platform_meta.sql (27.59ms)
2026/10/04 13:47:41 OK   00003_finding.sql (19.29ms)
2026/10/04 13:47:41 OK   00004_incident.sql (9.86ms)
2026/10/04 13:47:41 OK   00005_investigation.sql (7.19ms)
2026/10/04 13:47:41 OK   00006_action_command.sql (14.61ms)
2026/10/04 13:47:41 OK   00007_audit.sql (11.12ms)
2026/10/04 13:47:41 OK   00008_rls.sql (23.64ms)
2026/10/04 13:47:41 OK   00009_idempotency_ledger.sql (12.77ms)
2026/10/04 13:47:41 OK   00010_tenant_provisioning.sql (6.12ms)
2026/10/04 13:47:41 OK   00011_source_registration_history.sql (28.41ms)
2026/10/04 13:47:41 OK   00012_config_registry_lifecycle.sql (14.43ms)
2026/10/04 13:47:41 OK   00013_audit_signed_segments.sql (37.24ms)
2026/10/04 13:47:41 OK   00014_audit_segment_predecessors.sql (12.41ms)
2026/10/04 13:47:41 OK   00015_source_schema_scope.sql (3.93ms)
2026/10/04 13:47:41 OK   00016_cluster_registration_metadata.sql (4.68ms)
2026/10/04 13:47:41 OK   00017_source_data_scope.sql (4.18ms)
2026/10/04 13:47:41 OK   00018_sp04_resources_evidence.sql (11.64ms)
2026/10/04 13:47:41 OK   00019_sp04_archive_ciphertext_bytes.sql (3.53ms)
2026/10/04 13:47:41 OK   00020_sp04_request_ledger.sql (6.19ms)
2026/10/04 13:47:41 OK   00021_sp04_archive_protection.sql (9.84ms)
2026/10/04 13:47:41 OK   00022_sp04_legal_hold_dependencies.sql (7.59ms)
2026/10/04 13:47:41 OK   00023_sp04_archive_query_intent.sql (3.11ms)
2026/10/04 13:47:41 OK   00024_sp05_finding_incident.sql (14.72ms)
2026/10/04 13:47:41 OK   00025_sp05_incident_event_time.sql (3.19ms)
2026/10/04 13:47:41 OK   00026_sp05_source_binding_lock.sql (4.02ms)
2026/10/04 13:47:41 OK   00027_sp05_rca_and_poll.sql (6.49ms)
2026/10/04 13:47:41 OK   00028_sp05_operator_lock.sql (7.19ms)
2026/10/04 13:47:41 OK   00029_sp05_evidence_links.sql (10.73ms)
2026/10/04 13:47:41 OK   00030_sp05_recipe_fence.sql (4.94ms)
2026/10/04 13:47:41 OK   00031_sp05_rca_postcheck.sql (2.86ms)
2026/10/04 13:47:41 OK   00032_sp05_transport_audit.sql (7.44ms)
2026/10/04 13:47:41 OK   00033_sp05_poll_resolution_clock.sql (6.04ms)
2026/10/04 13:47:41 OK   00034_sp06_investigation_ledger.sql (29.88ms)
2026/10/04 13:47:41 OK   00035_sp06_admission_data_classes.sql (3.98ms)
2026/10/04 13:47:41 goose: successfully migrated database to version: 35
--- PASS: TestSP06CachedModelReadChargesOnlyOutputBytes (0.85s)
=== RUN   TestSP06SSEBatchRechecksExpiryAndWithdrawal
=== RUN   TestSP06SSEBatchRechecksExpiryAndWithdrawal/expiry
2026/10/04 13:47:42 OK   00001_roles_and_schemas.sql (21.2ms)
2026/10/04 13:47:42 goose: successfully migrated database to version: 1
2026/10/04 13:47:42 OK   00002_platform_meta.sql (32.92ms)
2026/10/04 13:47:42 OK   00003_finding.sql (7.5ms)
2026/10/04 13:47:42 OK   00004_incident.sql (8.79ms)
2026/10/04 13:47:42 OK   00005_investigation.sql (5.98ms)
2026/10/04 13:47:42 OK   00006_action_command.sql (9.11ms)
2026/10/04 13:47:42 OK   00007_audit.sql (10.9ms)
2026/10/04 13:47:42 OK   00008_rls.sql (11.98ms)
2026/10/04 13:47:42 OK   00009_idempotency_ledger.sql (9.08ms)
2026/10/04 13:47:42 OK   00010_tenant_provisioning.sql (4.63ms)
2026/10/04 13:47:42 OK   00011_source_registration_history.sql (14.06ms)
2026/10/04 13:47:42 OK   00012_config_registry_lifecycle.sql (9.45ms)
2026/10/04 13:47:42 OK   00013_audit_signed_segments.sql (9.06ms)
2026/10/04 13:47:42 OK   00014_audit_segment_predecessors.sql (6.65ms)
2026/10/04 13:47:42 OK   00015_source_schema_scope.sql (3ms)
2026/10/04 13:47:42 OK   00016_cluster_registration_metadata.sql (6.25ms)
2026/10/04 13:47:42 OK   00017_source_data_scope.sql (8.64ms)
2026/10/04 13:47:42 OK   00018_sp04_resources_evidence.sql (11.7ms)
2026/10/04 13:47:42 OK   00019_sp04_archive_ciphertext_bytes.sql (4.53ms)
2026/10/04 13:47:42 OK   00020_sp04_request_ledger.sql (11.51ms)
2026/10/04 13:47:42 OK   00021_sp04_archive_protection.sql (7.35ms)
2026/10/04 13:47:42 OK   00022_sp04_legal_hold_dependencies.sql (3.37ms)
2026/10/04 13:47:42 OK   00023_sp04_archive_query_intent.sql (5.66ms)
2026/10/04 13:47:42 OK   00024_sp05_finding_incident.sql (30.6ms)
2026/10/04 13:47:42 OK   00025_sp05_incident_event_time.sql (22.92ms)
2026/10/04 13:47:42 OK   00026_sp05_source_binding_lock.sql (7.54ms)
2026/10/04 13:47:42 OK   00027_sp05_rca_and_poll.sql (7.52ms)
2026/10/04 13:47:42 OK   00028_sp05_operator_lock.sql (4.19ms)
2026/10/04 13:47:42 OK   00029_sp05_evidence_links.sql (4.42ms)
2026/10/04 13:47:42 OK   00030_sp05_recipe_fence.sql (2.57ms)
2026/10/04 13:47:42 OK   00031_sp05_rca_postcheck.sql (2.39ms)
2026/10/04 13:47:42 OK   00032_sp05_transport_audit.sql (17.58ms)
2026/10/04 13:47:42 OK   00033_sp05_poll_resolution_clock.sql (4.38ms)
2026/10/04 13:47:42 OK   00034_sp06_investigation_ledger.sql (34.02ms)
2026/10/04 13:47:42 OK   00035_sp06_admission_data_classes.sql (4.7ms)
2026/10/04 13:47:42 goose: successfully migrated database to version: 35
=== RUN   TestSP06SSEBatchRechecksExpiryAndWithdrawal/role
2026/10/04 13:47:43 OK   00001_roles_and_schemas.sql (19.19ms)
2026/10/04 13:47:43 goose: successfully migrated database to version: 1
2026/10/04 13:47:43 OK   00002_platform_meta.sql (35.13ms)
2026/10/04 13:47:43 OK   00003_finding.sql (7.73ms)
2026/10/04 13:47:43 OK   00004_incident.sql (5.87ms)
2026/10/04 13:47:43 OK   00005_investigation.sql (19.82ms)
2026/10/04 13:47:43 OK   00006_action_command.sql (8.22ms)
2026/10/04 13:47:43 OK   00007_audit.sql (11.01ms)
2026/10/04 13:47:43 OK   00008_rls.sql (21.35ms)
2026/10/04 13:47:43 OK   00009_idempotency_ledger.sql (20.13ms)
2026/10/04 13:47:43 OK   00010_tenant_provisioning.sql (16.13ms)
2026/10/04 13:47:43 OK   00011_source_registration_history.sql (18.17ms)
2026/10/04 13:47:43 OK   00012_config_registry_lifecycle.sql (12.02ms)
2026/10/04 13:47:43 OK   00013_audit_signed_segments.sql (37.58ms)
2026/10/04 13:47:43 OK   00014_audit_segment_predecessors.sql (7.26ms)
2026/10/04 13:47:43 OK   00015_source_schema_scope.sql (3.31ms)
2026/10/04 13:47:43 OK   00016_cluster_registration_metadata.sql (5.05ms)
2026/10/04 13:47:43 OK   00017_source_data_scope.sql (5.56ms)
2026/10/04 13:47:43 OK   00018_sp04_resources_evidence.sql (18.37ms)
2026/10/04 13:47:43 OK   00019_sp04_archive_ciphertext_bytes.sql (3.04ms)
2026/10/04 13:47:43 OK   00020_sp04_request_ledger.sql (4.06ms)
2026/10/04 13:47:43 OK   00021_sp04_archive_protection.sql (3.13ms)
2026/10/04 13:47:43 OK   00022_sp04_legal_hold_dependencies.sql (4.86ms)
2026/10/04 13:47:43 OK   00023_sp04_archive_query_intent.sql (2.98ms)
2026/10/04 13:47:43 OK   00024_sp05_finding_incident.sql (32.51ms)
2026/10/04 13:47:43 OK   00025_sp05_incident_event_time.sql (3.06ms)
2026/10/04 13:47:43 OK   00026_sp05_source_binding_lock.sql (3.38ms)
2026/10/04 13:47:43 OK   00027_sp05_rca_and_poll.sql (6.98ms)
2026/10/04 13:47:43 OK   00028_sp05_operator_lock.sql (3.45ms)
2026/10/04 13:47:43 OK   00029_sp05_evidence_links.sql (7.84ms)
2026/10/04 13:47:43 OK   00030_sp05_recipe_fence.sql (3.69ms)
2026/10/04 13:47:43 OK   00031_sp05_rca_postcheck.sql (2.93ms)
2026/10/04 13:47:43 OK   00032_sp05_transport_audit.sql (7.5ms)
2026/10/04 13:47:43 OK   00033_sp05_poll_resolution_clock.sql (11.07ms)
2026/10/04 13:47:43 OK   00034_sp06_investigation_ledger.sql (30.09ms)
2026/10/04 13:47:43 OK   00035_sp06_admission_data_classes.sql (4.29ms)
2026/10/04 13:47:43 goose: successfully migrated database to version: 35
=== RUN   TestSP06SSEBatchRechecksExpiryAndWithdrawal/source
2026/10/04 13:47:43 OK   00001_roles_and_schemas.sql (8.33ms)
2026/10/04 13:47:43 goose: successfully migrated database to version: 1
2026/10/04 13:47:43 OK   00002_platform_meta.sql (24.65ms)
2026/10/04 13:47:43 OK   00003_finding.sql (7.2ms)
2026/10/04 13:47:43 OK   00004_incident.sql (8.41ms)
2026/10/04 13:47:43 OK   00005_investigation.sql (7.36ms)
2026/10/04 13:47:43 OK   00006_action_command.sql (5.93ms)
2026/10/04 13:47:43 OK   00007_audit.sql (7.41ms)
2026/10/04 13:47:43 OK   00008_rls.sql (7.25ms)
2026/10/04 13:47:43 OK   00009_idempotency_ledger.sql (5.09ms)
2026/10/04 13:47:43 OK   00010_tenant_provisioning.sql (3.45ms)
2026/10/04 13:47:43 OK   00011_source_registration_history.sql (13.56ms)
2026/10/04 13:47:44 OK   00012_config_registry_lifecycle.sql (9.66ms)
2026/10/04 13:47:44 OK   00013_audit_signed_segments.sql (10.03ms)
2026/10/04 13:47:44 OK   00014_audit_segment_predecessors.sql (3.77ms)
2026/10/04 13:47:44 OK   00015_source_schema_scope.sql (8.83ms)
2026/10/04 13:47:44 OK   00016_cluster_registration_metadata.sql (5.84ms)
2026/10/04 13:47:44 OK   00017_source_data_scope.sql (4.67ms)
2026/10/04 13:47:44 OK   00018_sp04_resources_evidence.sql (15.03ms)
2026/10/04 13:47:44 OK   00019_sp04_archive_ciphertext_bytes.sql (14.59ms)
2026/10/04 13:47:44 OK   00020_sp04_request_ledger.sql (4.32ms)
2026/10/04 13:47:44 OK   00021_sp04_archive_protection.sql (2.89ms)
2026/10/04 13:47:44 OK   00022_sp04_legal_hold_dependencies.sql (5.28ms)
2026/10/04 13:47:44 OK   00023_sp04_archive_query_intent.sql (3.51ms)
2026/10/04 13:47:44 OK   00024_sp05_finding_incident.sql (18.21ms)
2026/10/04 13:47:44 OK   00025_sp05_incident_event_time.sql (2.96ms)
2026/10/04 13:47:44 OK   00026_sp05_source_binding_lock.sql (2.87ms)
2026/10/04 13:47:44 OK   00027_sp05_rca_and_poll.sql (6.42ms)
2026/10/04 13:47:44 OK   00028_sp05_operator_lock.sql (3.05ms)
2026/10/04 13:47:44 OK   00029_sp05_evidence_links.sql (5.99ms)
2026/10/04 13:47:44 OK   00030_sp05_recipe_fence.sql (3.49ms)
2026/10/04 13:47:44 OK   00031_sp05_rca_postcheck.sql (3.2ms)
2026/10/04 13:47:44 OK   00032_sp05_transport_audit.sql (4.26ms)
2026/10/04 13:47:44 OK   00033_sp05_poll_resolution_clock.sql (2.99ms)
2026/10/04 13:47:44 OK   00034_sp06_investigation_ledger.sql (21.16ms)
2026/10/04 13:47:44 OK   00035_sp06_admission_data_classes.sql (2.8ms)
2026/10/04 13:47:44 goose: successfully migrated database to version: 35
--- PASS: TestSP06SSEBatchRechecksExpiryAndWithdrawal (2.42s)
    --- PASS: TestSP06SSEBatchRechecksExpiryAndWithdrawal/expiry (0.85s)
    --- PASS: TestSP06SSEBatchRechecksExpiryAndWithdrawal/role (0.82s)
    --- PASS: TestSP06SSEBatchRechecksExpiryAndWithdrawal/source (0.74s)
=== RUN   TestSP06CancelIdempotencyBindsRequest
2026/10/04 13:47:44 OK   00001_roles_and_schemas.sql (17.84ms)
2026/10/04 13:47:44 goose: successfully migrated database to version: 1
2026/10/04 13:47:44 OK   00002_platform_meta.sql (25.31ms)
2026/10/04 13:47:44 OK   00003_finding.sql (10.16ms)
2026/10/04 13:47:44 OK   00004_incident.sql (6.35ms)
2026/10/04 13:47:44 OK   00005_investigation.sql (12.68ms)
2026/10/04 13:47:44 OK   00006_action_command.sql (7.2ms)
2026/10/04 13:47:44 OK   00007_audit.sql (27.49ms)
2026/10/04 13:47:44 OK   00008_rls.sql (8.45ms)
2026/10/04 13:47:44 OK   00009_idempotency_ledger.sql (22.26ms)
2026/10/04 13:47:44 OK   00010_tenant_provisioning.sql (5.58ms)
2026/10/04 13:47:44 OK   00011_source_registration_history.sql (6.91ms)
2026/10/04 13:47:44 OK   00012_config_registry_lifecycle.sql (8.35ms)
2026/10/04 13:47:44 OK   00013_audit_signed_segments.sql (14.91ms)
2026/10/04 13:47:44 OK   00014_audit_segment_predecessors.sql (8.41ms)
2026/10/04 13:47:44 OK   00015_source_schema_scope.sql (4.88ms)
2026/10/04 13:47:44 OK   00016_cluster_registration_metadata.sql (5.13ms)
2026/10/04 13:47:44 OK   00017_source_data_scope.sql (6.81ms)
2026/10/04 13:47:44 OK   00018_sp04_resources_evidence.sql (30.6ms)
2026/10/04 13:47:44 OK   00019_sp04_archive_ciphertext_bytes.sql (3.15ms)
2026/10/04 13:47:44 OK   00020_sp04_request_ledger.sql (4.41ms)
2026/10/04 13:47:44 OK   00021_sp04_archive_protection.sql (3.09ms)
2026/10/04 13:47:44 OK   00022_sp04_legal_hold_dependencies.sql (3.87ms)
2026/10/04 13:47:44 OK   00023_sp04_archive_query_intent.sql (3.58ms)
2026/10/04 13:47:44 OK   00024_sp05_finding_incident.sql (14.15ms)
2026/10/04 13:47:44 OK   00025_sp05_incident_event_time.sql (2.41ms)
2026/10/04 13:47:44 OK   00026_sp05_source_binding_lock.sql (3.57ms)
2026/10/04 13:47:44 OK   00027_sp05_rca_and_poll.sql (11.39ms)
2026/10/04 13:47:44 OK   00028_sp05_operator_lock.sql (6.89ms)
2026/10/04 13:47:44 OK   00029_sp05_evidence_links.sql (4.88ms)
2026/10/04 13:47:44 OK   00030_sp05_recipe_fence.sql (10.63ms)
2026/10/04 13:47:44 OK   00031_sp05_rca_postcheck.sql (3.09ms)
2026/10/04 13:47:44 OK   00032_sp05_transport_audit.sql (6.14ms)
2026/10/04 13:47:44 OK   00033_sp05_poll_resolution_clock.sql (4.02ms)
2026/10/04 13:47:44 OK   00034_sp06_investigation_ledger.sql (29.15ms)
2026/10/04 13:47:44 OK   00035_sp06_admission_data_classes.sql (6.17ms)
2026/10/04 13:47:44 goose: successfully migrated database to version: 35
--- PASS: TestSP06CancelIdempotencyBindsRequest (0.81s)
=== RUN   TestSP06ConcurrentRecoveryReadsAtomicBudget
2026/10/04 13:47:45 OK   00001_roles_and_schemas.sql (8.17ms)
2026/10/04 13:47:45 goose: successfully migrated database to version: 1
2026/10/04 13:47:45 OK   00002_platform_meta.sql (17.05ms)
2026/10/04 13:47:45 OK   00003_finding.sql (8.24ms)
2026/10/04 13:47:45 OK   00004_incident.sql (7.99ms)
2026/10/04 13:47:45 OK   00005_investigation.sql (6.1ms)
2026/10/04 13:47:45 OK   00006_action_command.sql (5.54ms)
2026/10/04 13:47:45 OK   00007_audit.sql (30.67ms)
2026/10/04 13:47:45 OK   00008_rls.sql (21.77ms)
2026/10/04 13:47:45 OK   00009_idempotency_ledger.sql (6.32ms)
2026/10/04 13:47:45 OK   00010_tenant_provisioning.sql (6.05ms)
2026/10/04 13:47:45 OK   00011_source_registration_history.sql (20.53ms)
2026/10/04 13:47:45 OK   00012_config_registry_lifecycle.sql (10.65ms)
2026/10/04 13:47:45 OK   00013_audit_signed_segments.sql (16.48ms)
2026/10/04 13:47:45 OK   00014_audit_segment_predecessors.sql (21.55ms)
2026/10/04 13:47:45 OK   00015_source_schema_scope.sql (6.61ms)
2026/10/04 13:47:45 OK   00016_cluster_registration_metadata.sql (8.83ms)
2026/10/04 13:47:45 OK   00017_source_data_scope.sql (18.02ms)
2026/10/04 13:47:45 OK   00018_sp04_resources_evidence.sql (14.45ms)
2026/10/04 13:47:45 OK   00019_sp04_archive_ciphertext_bytes.sql (3.26ms)
2026/10/04 13:47:45 OK   00020_sp04_request_ledger.sql (5.59ms)
2026/10/04 13:47:45 OK   00021_sp04_archive_protection.sql (5.48ms)
2026/10/04 13:47:45 OK   00022_sp04_legal_hold_dependencies.sql (3.47ms)
2026/10/04 13:47:45 OK   00023_sp04_archive_query_intent.sql (3.53ms)
2026/10/04 13:47:45 OK   00024_sp05_finding_incident.sql (14.65ms)
2026/10/04 13:47:45 OK   00025_sp05_incident_event_time.sql (2.89ms)
2026/10/04 13:47:45 OK   00026_sp05_source_binding_lock.sql (3.29ms)
2026/10/04 13:47:45 OK   00027_sp05_rca_and_poll.sql (10.27ms)
2026/10/04 13:47:45 OK   00028_sp05_operator_lock.sql (5.28ms)
2026/10/04 13:47:45 OK   00029_sp05_evidence_links.sql (4.64ms)
2026/10/04 13:47:45 OK   00030_sp05_recipe_fence.sql (7.2ms)
2026/10/04 13:47:45 OK   00031_sp05_rca_postcheck.sql (5.25ms)
2026/10/04 13:47:45 OK   00032_sp05_transport_audit.sql (4.21ms)
2026/10/04 13:47:45 OK   00033_sp05_poll_resolution_clock.sql (3.19ms)
2026/10/04 13:47:45 OK   00034_sp06_investigation_ledger.sql (31.41ms)
2026/10/04 13:47:45 OK   00035_sp06_admission_data_classes.sql (2.59ms)
2026/10/04 13:47:45 goose: successfully migrated database to version: 35
--- PASS: TestSP06ConcurrentRecoveryReadsAtomicBudget (0.87s)
PASS
ok  	ops-platform/test/integration	13.036s
