=== RUN   TestInvestigationBudgetHTTPContract
--- PASS: TestInvestigationBudgetHTTPContract (0.00s)
PASS
ok  	ops-platform/internal/httpapi	0.804s
=== RUN   TestSP06NarrowedContextCannotReadOrCommitD1
2026/10/04 13:16:40 OK   00001_roles_and_schemas.sql (23.35ms)
2026/10/04 13:16:40 goose: successfully migrated database to version: 1
2026/10/04 13:16:40 OK   00002_platform_meta.sql (18.33ms)
2026/10/04 13:16:40 OK   00003_finding.sql (13.3ms)
2026/10/04 13:16:40 OK   00004_incident.sql (7.43ms)
2026/10/04 13:16:40 OK   00005_investigation.sql (6.77ms)
2026/10/04 13:16:40 OK   00006_action_command.sql (11.41ms)
2026/10/04 13:16:40 OK   00007_audit.sql (7.85ms)
2026/10/04 13:16:40 OK   00008_rls.sql (15.9ms)
2026/10/04 13:16:40 OK   00009_idempotency_ledger.sql (13.34ms)
2026/10/04 13:16:40 OK   00010_tenant_provisioning.sql (6.13ms)
2026/10/04 13:16:40 OK   00011_source_registration_history.sql (6.16ms)
2026/10/04 13:16:40 OK   00012_config_registry_lifecycle.sql (8.04ms)
2026/10/04 13:16:40 OK   00013_audit_signed_segments.sql (24.59ms)
2026/10/04 13:16:40 OK   00014_audit_segment_predecessors.sql (7.68ms)
2026/10/04 13:16:40 OK   00015_source_schema_scope.sql (3.88ms)
2026/10/04 13:16:40 OK   00016_cluster_registration_metadata.sql (4.51ms)
2026/10/04 13:16:40 OK   00017_source_data_scope.sql (4.51ms)
2026/10/04 13:16:40 OK   00018_sp04_resources_evidence.sql (24.09ms)
2026/10/04 13:16:40 OK   00019_sp04_archive_ciphertext_bytes.sql (3.05ms)
2026/10/04 13:16:40 OK   00020_sp04_request_ledger.sql (7.03ms)
2026/10/04 13:16:40 OK   00021_sp04_archive_protection.sql (3.3ms)
2026/10/04 13:16:40 OK   00022_sp04_legal_hold_dependencies.sql (4.05ms)
2026/10/04 13:16:40 OK   00023_sp04_archive_query_intent.sql (6.47ms)
2026/10/04 13:16:40 OK   00024_sp05_finding_incident.sql (26.26ms)
2026/10/04 13:16:40 OK   00025_sp05_incident_event_time.sql (5.31ms)
2026/10/04 13:16:40 OK   00026_sp05_source_binding_lock.sql (4.22ms)
2026/10/04 13:16:40 OK   00027_sp05_rca_and_poll.sql (22.52ms)
2026/10/04 13:16:40 OK   00028_sp05_operator_lock.sql (4.15ms)
2026/10/04 13:16:40 OK   00029_sp05_evidence_links.sql (6.08ms)
2026/10/04 13:16:40 OK   00030_sp05_recipe_fence.sql (3.25ms)
2026/10/04 13:16:40 OK   00031_sp05_rca_postcheck.sql (3.63ms)
2026/10/04 13:16:40 OK   00032_sp05_transport_audit.sql (6.48ms)
2026/10/04 13:16:40 OK   00033_sp05_poll_resolution_clock.sql (4.55ms)
2026/10/04 13:16:40 OK   00034_sp06_investigation_ledger.sql (35.21ms)
2026/10/04 13:16:40 OK   00035_sp06_admission_data_classes.sql (3ms)
2026/10/04 13:16:40 goose: successfully migrated database to version: 35
    archive_iam_test.go:41: owned TLS/IAM fixture image=docker.io/chrislusf/seaweedfs@sha256:d4cf67729aa8777e1a43a5b61d72e5b96179e4b7bac9a221cb14cbc2036cb32e id=d26878d70417f63efe8159e56cd1a51626c40db212cff0df14e0ff4d6897b433 bucket=sp05-golden-27166cab tenants=1
=== RUN   TestSP06NarrowedContextCannotReadOrCommitD1//steps
=== RUN   TestSP06NarrowedContextCannotReadOrCommitD1//steps/96206668-b2fd-4491-bd44-0fa5b8f14799/result?argsDigest=sha256:18eb4b80d0e22e7b3dc4590dab6abbdb9efbf3dd36dcbffad2d69e3a387ca317
=== RUN   TestSP06NarrowedContextCannotReadOrCommitD1//calls:allocate
--- PASS: TestSP06NarrowedContextCannotReadOrCommitD1 (5.36s)
    --- PASS: TestSP06NarrowedContextCannotReadOrCommitD1//steps (0.01s)
    --- PASS: TestSP06NarrowedContextCannotReadOrCommitD1//steps/96206668-b2fd-4491-bd44-0fa5b8f14799/result?argsDigest=sha256:18eb4b80d0e22e7b3dc4590dab6abbdb9efbf3dd36dcbffad2d69e3a387ca317 (0.02s)
    --- PASS: TestSP06NarrowedContextCannotReadOrCommitD1//calls:allocate (0.01s)
=== RUN   TestSP06RecoveryReadsChargeBytesAndExhaust
2026/10/04 13:16:45 OK   00001_roles_and_schemas.sql (18.57ms)
2026/10/04 13:16:45 goose: successfully migrated database to version: 1
2026/10/04 13:16:45 OK   00002_platform_meta.sql (17.13ms)
2026/10/04 13:16:45 OK   00003_finding.sql (12.61ms)
2026/10/04 13:16:45 OK   00004_incident.sql (17.27ms)
2026/10/04 13:16:45 OK   00005_investigation.sql (21.41ms)
2026/10/04 13:16:45 OK   00006_action_command.sql (25.03ms)
2026/10/04 13:16:45 OK   00007_audit.sql (14.25ms)
2026/10/04 13:16:45 OK   00008_rls.sql (14.87ms)
2026/10/04 13:16:45 OK   00009_idempotency_ledger.sql (9.55ms)
2026/10/04 13:16:45 OK   00010_tenant_provisioning.sql (5.45ms)
2026/10/04 13:16:45 OK   00011_source_registration_history.sql (9.69ms)
2026/10/04 13:16:45 OK   00012_config_registry_lifecycle.sql (11.7ms)
2026/10/04 13:16:45 OK   00013_audit_signed_segments.sql (20.65ms)
2026/10/04 13:16:45 OK   00014_audit_segment_predecessors.sql (12.56ms)
2026/10/04 13:16:45 OK   00015_source_schema_scope.sql (17.23ms)
2026/10/04 13:16:45 OK   00016_cluster_registration_metadata.sql (8.12ms)
2026/10/04 13:16:45 OK   00017_source_data_scope.sql (7.91ms)
2026/10/04 13:16:45 OK   00018_sp04_resources_evidence.sql (22.71ms)
2026/10/04 13:16:45 OK   00019_sp04_archive_ciphertext_bytes.sql (6.84ms)
2026/10/04 13:16:45 OK   00020_sp04_request_ledger.sql (9.61ms)
2026/10/04 13:16:45 OK   00021_sp04_archive_protection.sql (5ms)
2026/10/04 13:16:45 OK   00022_sp04_legal_hold_dependencies.sql (3.22ms)
2026/10/04 13:16:45 OK   00023_sp04_archive_query_intent.sql (2.97ms)
2026/10/04 13:16:45 OK   00024_sp05_finding_incident.sql (14.89ms)
2026/10/04 13:16:45 OK   00025_sp05_incident_event_time.sql (2.98ms)
2026/10/04 13:16:45 OK   00026_sp05_source_binding_lock.sql (3.51ms)
2026/10/04 13:16:46 OK   00027_sp05_rca_and_poll.sql (16.73ms)
2026/10/04 13:16:46 OK   00028_sp05_operator_lock.sql (4.97ms)
2026/10/04 13:16:46 OK   00029_sp05_evidence_links.sql (17.54ms)
2026/10/04 13:16:46 OK   00030_sp05_recipe_fence.sql (3.14ms)
2026/10/04 13:16:46 OK   00031_sp05_rca_postcheck.sql (5.63ms)
2026/10/04 13:16:46 OK   00032_sp05_transport_audit.sql (6.83ms)
2026/10/04 13:16:46 OK   00033_sp05_poll_resolution_clock.sql (4.27ms)
2026/10/04 13:16:46 OK   00034_sp06_investigation_ledger.sql (22.21ms)
2026/10/04 13:16:46 OK   00035_sp06_admission_data_classes.sql (5.31ms)
2026/10/04 13:16:46 goose: successfully migrated database to version: 35
    sp06_review_boundaries_test.go:207: internal steps did not exhaust bounded result bytes: <nil>
--- FAIL: TestSP06RecoveryReadsChargeBytesAndExhaust (0.85s)
=== RUN   TestSP06CachedModelReadChargesOnlyOutputBytes
2026/10/04 13:16:46 OK   00001_roles_and_schemas.sql (8.3ms)
2026/10/04 13:16:46 goose: successfully migrated database to version: 1
2026/10/04 13:16:46 OK   00002_platform_meta.sql (30.45ms)
2026/10/04 13:16:46 OK   00003_finding.sql (15.08ms)
2026/10/04 13:16:46 OK   00004_incident.sql (14.42ms)
2026/10/04 13:16:46 OK   00005_investigation.sql (6.94ms)
2026/10/04 13:16:46 OK   00006_action_command.sql (13.43ms)
2026/10/04 13:16:46 OK   00007_audit.sql (10.77ms)
2026/10/04 13:16:46 OK   00008_rls.sql (19.83ms)
2026/10/04 13:16:46 OK   00009_idempotency_ledger.sql (11.05ms)
2026/10/04 13:16:46 OK   00010_tenant_provisioning.sql (7.12ms)
2026/10/04 13:16:46 OK   00011_source_registration_history.sql (9.31ms)
2026/10/04 13:16:46 OK   00012_config_registry_lifecycle.sql (11.47ms)
2026/10/04 13:16:46 OK   00013_audit_signed_segments.sql (25.87ms)
2026/10/04 13:16:46 OK   00014_audit_segment_predecessors.sql (5.54ms)
2026/10/04 13:16:46 OK   00015_source_schema_scope.sql (3.68ms)
2026/10/04 13:16:46 OK   00016_cluster_registration_metadata.sql (5.23ms)
2026/10/04 13:16:46 OK   00017_source_data_scope.sql (7.74ms)
2026/10/04 13:16:46 OK   00018_sp04_resources_evidence.sql (19.77ms)
2026/10/04 13:16:46 OK   00019_sp04_archive_ciphertext_bytes.sql (2.46ms)
2026/10/04 13:16:46 OK   00020_sp04_request_ledger.sql (3.72ms)
2026/10/04 13:16:46 OK   00021_sp04_archive_protection.sql (2.87ms)
2026/10/04 13:16:46 OK   00022_sp04_legal_hold_dependencies.sql (2.09ms)
2026/10/04 13:16:46 OK   00023_sp04_archive_query_intent.sql (2.48ms)
2026/10/04 13:16:46 OK   00024_sp05_finding_incident.sql (15.31ms)
2026/10/04 13:16:46 OK   00025_sp05_incident_event_time.sql (3.11ms)
2026/10/04 13:16:46 OK   00026_sp05_source_binding_lock.sql (3.16ms)
2026/10/04 13:16:46 OK   00027_sp05_rca_and_poll.sql (6.2ms)
2026/10/04 13:16:46 OK   00028_sp05_operator_lock.sql (2.64ms)
2026/10/04 13:16:46 OK   00029_sp05_evidence_links.sql (7.51ms)
2026/10/04 13:16:46 OK   00030_sp05_recipe_fence.sql (3.71ms)
2026/10/04 13:16:46 OK   00031_sp05_rca_postcheck.sql (3.24ms)
2026/10/04 13:16:46 OK   00032_sp05_transport_audit.sql (3.67ms)
2026/10/04 13:16:46 OK   00033_sp05_poll_resolution_clock.sql (3.72ms)
2026/10/04 13:16:46 OK   00034_sp06_investigation_ledger.sql (23.82ms)
2026/10/04 13:16:46 OK   00035_sp06_admission_data_classes.sql (5.16ms)
2026/10/04 13:16:46 goose: successfully migrated database to version: 35
--- PASS: TestSP06CachedModelReadChargesOnlyOutputBytes (0.65s)
=== RUN   TestSP06SSEBatchRechecksExpiryAndWithdrawal
=== RUN   TestSP06SSEBatchRechecksExpiryAndWithdrawal/expiry
2026/10/04 13:16:47 OK   00001_roles_and_schemas.sql (19.81ms)
2026/10/04 13:16:47 goose: successfully migrated database to version: 1
2026/10/04 13:16:47 OK   00002_platform_meta.sql (30.86ms)
2026/10/04 13:16:47 OK   00003_finding.sql (19.64ms)
2026/10/04 13:16:47 OK   00004_incident.sql (5.77ms)
2026/10/04 13:16:47 OK   00005_investigation.sql (5.49ms)
2026/10/04 13:16:47 OK   00006_action_command.sql (4.44ms)
2026/10/04 13:16:47 OK   00007_audit.sql (8.13ms)
2026/10/04 13:16:47 OK   00008_rls.sql (10.13ms)
2026/10/04 13:16:47 OK   00009_idempotency_ledger.sql (10.41ms)
2026/10/04 13:16:47 OK   00010_tenant_provisioning.sql (17.21ms)
2026/10/04 13:16:47 OK   00011_source_registration_history.sql (14.86ms)
2026/10/04 13:16:47 OK   00012_config_registry_lifecycle.sql (15.56ms)
2026/10/04 13:16:47 OK   00013_audit_signed_segments.sql (20.7ms)
2026/10/04 13:16:47 OK   00014_audit_segment_predecessors.sql (8.13ms)
2026/10/04 13:16:47 OK   00015_source_schema_scope.sql (2.78ms)
2026/10/04 13:16:47 OK   00016_cluster_registration_metadata.sql (4.15ms)
2026/10/04 13:16:47 OK   00017_source_data_scope.sql (3.56ms)
2026/10/04 13:16:47 OK   00018_sp04_resources_evidence.sql (14.97ms)
2026/10/04 13:16:47 OK   00019_sp04_archive_ciphertext_bytes.sql (2.74ms)
2026/10/04 13:16:47 OK   00020_sp04_request_ledger.sql (3.92ms)
2026/10/04 13:16:47 OK   00021_sp04_archive_protection.sql (3.83ms)
2026/10/04 13:16:47 OK   00022_sp04_legal_hold_dependencies.sql (10.9ms)
2026/10/04 13:16:47 OK   00023_sp04_archive_query_intent.sql (5.54ms)
2026/10/04 13:16:47 OK   00024_sp05_finding_incident.sql (14.28ms)
2026/10/04 13:16:47 OK   00025_sp05_incident_event_time.sql (3.41ms)
2026/10/04 13:16:47 OK   00026_sp05_source_binding_lock.sql (6.49ms)
2026/10/04 13:16:47 OK   00027_sp05_rca_and_poll.sql (12.41ms)
2026/10/04 13:16:47 OK   00028_sp05_operator_lock.sql (3.04ms)
2026/10/04 13:16:47 OK   00029_sp05_evidence_links.sql (19.15ms)
2026/10/04 13:16:47 OK   00030_sp05_recipe_fence.sql (3.57ms)
2026/10/04 13:16:47 OK   00031_sp05_rca_postcheck.sql (2.67ms)
2026/10/04 13:16:47 OK   00032_sp05_transport_audit.sql (2.11ms)
2026/10/04 13:16:47 OK   00033_sp05_poll_resolution_clock.sql (2.53ms)
2026/10/04 13:16:47 OK   00034_sp06_investigation_ledger.sql (33.35ms)
2026/10/04 13:16:47 OK   00035_sp06_admission_data_classes.sql (3.09ms)
2026/10/04 13:16:47 goose: successfully migrated database to version: 35
=== RUN   TestSP06SSEBatchRechecksExpiryAndWithdrawal/role
2026/10/04 13:16:48 OK   00001_roles_and_schemas.sql (20.01ms)
2026/10/04 13:16:48 goose: successfully migrated database to version: 1
2026/10/04 13:16:48 OK   00002_platform_meta.sql (30.4ms)
2026/10/04 13:16:48 OK   00003_finding.sql (17.39ms)
2026/10/04 13:16:48 OK   00004_incident.sql (9.66ms)
2026/10/04 13:16:48 OK   00005_investigation.sql (9.01ms)
2026/10/04 13:16:48 OK   00006_action_command.sql (7.76ms)
2026/10/04 13:16:48 OK   00007_audit.sql (9.02ms)
2026/10/04 13:16:48 OK   00008_rls.sql (24.29ms)
2026/10/04 13:16:48 OK   00009_idempotency_ledger.sql (7.08ms)
2026/10/04 13:16:48 OK   00010_tenant_provisioning.sql (4.45ms)
2026/10/04 13:16:48 OK   00011_source_registration_history.sql (6.62ms)
2026/10/04 13:16:48 OK   00012_config_registry_lifecycle.sql (14.58ms)
2026/10/04 13:16:48 OK   00013_audit_signed_segments.sql (30.43ms)
2026/10/04 13:16:48 OK   00014_audit_segment_predecessors.sql (20.71ms)
2026/10/04 13:16:48 OK   00015_source_schema_scope.sql (3.67ms)
2026/10/04 13:16:48 OK   00016_cluster_registration_metadata.sql (13.9ms)
2026/10/04 13:16:48 OK   00017_source_data_scope.sql (8.4ms)
2026/10/04 13:16:48 OK   00018_sp04_resources_evidence.sql (19.55ms)
2026/10/04 13:16:48 OK   00019_sp04_archive_ciphertext_bytes.sql (7.55ms)
2026/10/04 13:16:48 OK   00020_sp04_request_ledger.sql (5.37ms)
2026/10/04 13:16:48 OK   00021_sp04_archive_protection.sql (3.76ms)
2026/10/04 13:16:48 OK   00022_sp04_legal_hold_dependencies.sql (3.74ms)
2026/10/04 13:16:48 OK   00023_sp04_archive_query_intent.sql (9.02ms)
2026/10/04 13:16:48 OK   00024_sp05_finding_incident.sql (19.87ms)
2026/10/04 13:16:48 OK   00025_sp05_incident_event_time.sql (3.04ms)
2026/10/04 13:16:48 OK   00026_sp05_source_binding_lock.sql (12.73ms)
2026/10/04 13:16:48 OK   00027_sp05_rca_and_poll.sql (12.9ms)
2026/10/04 13:16:48 OK   00028_sp05_operator_lock.sql (8.84ms)
2026/10/04 13:16:48 OK   00029_sp05_evidence_links.sql (8.14ms)
2026/10/04 13:16:48 OK   00030_sp05_recipe_fence.sql (8.64ms)
2026/10/04 13:16:48 OK   00031_sp05_rca_postcheck.sql (3.52ms)
2026/10/04 13:16:48 OK   00032_sp05_transport_audit.sql (6.38ms)
2026/10/04 13:16:48 OK   00033_sp05_poll_resolution_clock.sql (6.04ms)
2026/10/04 13:16:48 OK   00034_sp06_investigation_ledger.sql (36.3ms)
2026/10/04 13:16:48 OK   00035_sp06_admission_data_classes.sql (3.64ms)
2026/10/04 13:16:48 goose: successfully migrated database to version: 35
=== RUN   TestSP06SSEBatchRechecksExpiryAndWithdrawal/source
2026/10/04 13:16:48 OK   00001_roles_and_schemas.sql (21.67ms)
2026/10/04 13:16:48 goose: successfully migrated database to version: 1
2026/10/04 13:16:48 OK   00002_platform_meta.sql (22.41ms)
2026/10/04 13:16:48 OK   00003_finding.sql (11.05ms)
2026/10/04 13:16:48 OK   00004_incident.sql (12.79ms)
2026/10/04 13:16:48 OK   00005_investigation.sql (6.82ms)
2026/10/04 13:16:48 OK   00006_action_command.sql (5.68ms)
2026/10/04 13:16:48 OK   00007_audit.sql (15.7ms)
2026/10/04 13:16:48 OK   00008_rls.sql (7.52ms)
2026/10/04 13:16:48 OK   00009_idempotency_ledger.sql (7.44ms)
2026/10/04 13:16:48 OK   00010_tenant_provisioning.sql (6.13ms)
2026/10/04 13:16:48 OK   00011_source_registration_history.sql (5.19ms)
2026/10/04 13:16:48 OK   00012_config_registry_lifecycle.sql (9.41ms)
2026/10/04 13:16:49 OK   00013_audit_signed_segments.sql (10.15ms)
2026/10/04 13:16:49 OK   00014_audit_segment_predecessors.sql (6.18ms)
2026/10/04 13:16:49 OK   00015_source_schema_scope.sql (2.21ms)
2026/10/04 13:16:49 OK   00016_cluster_registration_metadata.sql (13.44ms)
2026/10/04 13:16:49 OK   00017_source_data_scope.sql (3.4ms)
2026/10/04 13:16:49 OK   00018_sp04_resources_evidence.sql (17.92ms)
2026/10/04 13:16:49 OK   00019_sp04_archive_ciphertext_bytes.sql (2.94ms)
2026/10/04 13:16:49 OK   00020_sp04_request_ledger.sql (4.09ms)
2026/10/04 13:16:49 OK   00021_sp04_archive_protection.sql (4.41ms)
2026/10/04 13:16:49 OK   00022_sp04_legal_hold_dependencies.sql (3.42ms)
2026/10/04 13:16:49 OK   00023_sp04_archive_query_intent.sql (4.63ms)
2026/10/04 13:16:49 OK   00024_sp05_finding_incident.sql (20.56ms)
2026/10/04 13:16:49 OK   00025_sp05_incident_event_time.sql (6.54ms)
2026/10/04 13:16:49 OK   00026_sp05_source_binding_lock.sql (4.81ms)
2026/10/04 13:16:49 OK   00027_sp05_rca_and_poll.sql (11.8ms)
2026/10/04 13:16:49 OK   00028_sp05_operator_lock.sql (3.09ms)
2026/10/04 13:16:49 OK   00029_sp05_evidence_links.sql (8.43ms)
2026/10/04 13:16:49 OK   00030_sp05_recipe_fence.sql (7.14ms)
2026/10/04 13:16:49 OK   00031_sp05_rca_postcheck.sql (4.13ms)
2026/10/04 13:16:49 OK   00032_sp05_transport_audit.sql (11.77ms)
2026/10/04 13:16:49 OK   00033_sp05_poll_resolution_clock.sql (6.15ms)
2026/10/04 13:16:49 OK   00034_sp06_investigation_ledger.sql (26.41ms)
2026/10/04 13:16:49 OK   00035_sp06_admission_data_classes.sql (5.3ms)
2026/10/04 13:16:49 goose: successfully migrated database to version: 35
--- PASS: TestSP06SSEBatchRechecksExpiryAndWithdrawal (2.54s)
    --- PASS: TestSP06SSEBatchRechecksExpiryAndWithdrawal/expiry (0.87s)
    --- PASS: TestSP06SSEBatchRechecksExpiryAndWithdrawal/role (0.84s)
    --- PASS: TestSP06SSEBatchRechecksExpiryAndWithdrawal/source (0.82s)
=== RUN   TestSP06CancelIdempotencyBindsRequest
2026/10/04 13:16:49 OK   00001_roles_and_schemas.sql (9.98ms)
2026/10/04 13:16:49 goose: successfully migrated database to version: 1
2026/10/04 13:16:49 OK   00002_platform_meta.sql (23.8ms)
2026/10/04 13:16:49 OK   00003_finding.sql (6.37ms)
2026/10/04 13:16:49 OK   00004_incident.sql (19.79ms)
2026/10/04 13:16:49 OK   00005_investigation.sql (6.35ms)
2026/10/04 13:16:49 OK   00006_action_command.sql (4.75ms)
2026/10/04 13:16:49 OK   00007_audit.sql (6.92ms)
2026/10/04 13:16:49 OK   00008_rls.sql (5.82ms)
2026/10/04 13:16:49 OK   00009_idempotency_ledger.sql (5.26ms)
2026/10/04 13:16:49 OK   00010_tenant_provisioning.sql (2.84ms)
2026/10/04 13:16:49 OK   00011_source_registration_history.sql (4.74ms)
2026/10/04 13:16:49 OK   00012_config_registry_lifecycle.sql (26.35ms)
2026/10/04 13:16:49 OK   00013_audit_signed_segments.sql (23.81ms)
2026/10/04 13:16:49 OK   00014_audit_segment_predecessors.sql (9.85ms)
2026/10/04 13:16:49 OK   00015_source_schema_scope.sql (9.85ms)
2026/10/04 13:16:49 OK   00016_cluster_registration_metadata.sql (4.76ms)
2026/10/04 13:16:49 OK   00017_source_data_scope.sql (13.26ms)
2026/10/04 13:16:49 OK   00018_sp04_resources_evidence.sql (18.54ms)
2026/10/04 13:16:49 OK   00019_sp04_archive_ciphertext_bytes.sql (5.05ms)
2026/10/04 13:16:49 OK   00020_sp04_request_ledger.sql (12.08ms)
2026/10/04 13:16:49 OK   00021_sp04_archive_protection.sql (3.13ms)
2026/10/04 13:16:49 OK   00022_sp04_legal_hold_dependencies.sql (6.3ms)
2026/10/04 13:16:49 OK   00023_sp04_archive_query_intent.sql (7.42ms)
2026/10/04 13:16:49 OK   00024_sp05_finding_incident.sql (22.34ms)
2026/10/04 13:16:49 OK   00025_sp05_incident_event_time.sql (3.06ms)
2026/10/04 13:16:49 OK   00026_sp05_source_binding_lock.sql (5.89ms)
2026/10/04 13:16:49 OK   00027_sp05_rca_and_poll.sql (25.28ms)
2026/10/04 13:16:49 OK   00028_sp05_operator_lock.sql (9.28ms)
2026/10/04 13:16:50 OK   00029_sp05_evidence_links.sql (5.78ms)
2026/10/04 13:16:50 OK   00030_sp05_recipe_fence.sql (2.59ms)
2026/10/04 13:16:50 OK   00031_sp05_rca_postcheck.sql (2.3ms)
2026/10/04 13:16:50 OK   00032_sp05_transport_audit.sql (2.4ms)
2026/10/04 13:16:50 OK   00033_sp05_poll_resolution_clock.sql (2.67ms)
2026/10/04 13:16:50 OK   00034_sp06_investigation_ledger.sql (54.23ms)
2026/10/04 13:16:50 OK   00035_sp06_admission_data_classes.sql (2.76ms)
2026/10/04 13:16:50 goose: successfully migrated database to version: 35
--- PASS: TestSP06CancelIdempotencyBindsRequest (0.79s)
FAIL
FAIL	ops-platform/test/integration	11.343s
FAIL
