=== RUN   TestInvestigationBudgetHTTPContract
--- PASS: TestInvestigationBudgetHTTPContract (0.00s)
=== RUN   TestInvestigationIdempotencyConflictHTTPContract
--- PASS: TestInvestigationIdempotencyConflictHTTPContract (0.00s)
PASS
ok  	ops-platform/internal/httpapi	0.841s
=== RUN   TestSP06NarrowedContextCannotReadOrCommitD1
2026/10/04 13:18:51 OK   00001_roles_and_schemas.sql (23.31ms)
2026/10/04 13:18:51 goose: successfully migrated database to version: 1
2026/10/04 13:18:51 OK   00002_platform_meta.sql (20.71ms)
2026/10/04 13:18:51 OK   00003_finding.sql (24.05ms)
2026/10/04 13:18:51 OK   00004_incident.sql (8.26ms)
2026/10/04 13:18:51 OK   00005_investigation.sql (5.14ms)
2026/10/04 13:18:51 OK   00006_action_command.sql (4.83ms)
2026/10/04 13:18:51 OK   00007_audit.sql (10.41ms)
2026/10/04 13:18:51 OK   00008_rls.sql (20.24ms)
2026/10/04 13:18:51 OK   00009_idempotency_ledger.sql (10.48ms)
2026/10/04 13:18:51 OK   00010_tenant_provisioning.sql (6.96ms)
2026/10/04 13:18:51 OK   00011_source_registration_history.sql (7.76ms)
2026/10/04 13:18:51 OK   00012_config_registry_lifecycle.sql (16.02ms)
2026/10/04 13:18:51 OK   00013_audit_signed_segments.sql (31.79ms)
2026/10/04 13:18:51 OK   00014_audit_segment_predecessors.sql (5.04ms)
2026/10/04 13:18:51 OK   00015_source_schema_scope.sql (4.16ms)
2026/10/04 13:18:51 OK   00016_cluster_registration_metadata.sql (8.64ms)
2026/10/04 13:18:51 OK   00017_source_data_scope.sql (6.53ms)
2026/10/04 13:18:51 OK   00018_sp04_resources_evidence.sql (12.15ms)
2026/10/04 13:18:51 OK   00019_sp04_archive_ciphertext_bytes.sql (2.25ms)
2026/10/04 13:18:51 OK   00020_sp04_request_ledger.sql (3.68ms)
2026/10/04 13:18:51 OK   00021_sp04_archive_protection.sql (6.38ms)
2026/10/04 13:18:51 OK   00022_sp04_legal_hold_dependencies.sql (4.51ms)
2026/10/04 13:18:51 OK   00023_sp04_archive_query_intent.sql (4.74ms)
2026/10/04 13:18:51 OK   00024_sp05_finding_incident.sql (15.97ms)
2026/10/04 13:18:51 OK   00025_sp05_incident_event_time.sql (5.46ms)
2026/10/04 13:18:51 OK   00026_sp05_source_binding_lock.sql (6.88ms)
2026/10/04 13:18:51 OK   00027_sp05_rca_and_poll.sql (7.67ms)
2026/10/04 13:18:51 OK   00028_sp05_operator_lock.sql (5.16ms)
2026/10/04 13:18:51 OK   00029_sp05_evidence_links.sql (12.77ms)
2026/10/04 13:18:51 OK   00030_sp05_recipe_fence.sql (3.46ms)
2026/10/04 13:18:51 OK   00031_sp05_rca_postcheck.sql (3.67ms)
2026/10/04 13:18:51 OK   00032_sp05_transport_audit.sql (4.06ms)
2026/10/04 13:18:51 OK   00033_sp05_poll_resolution_clock.sql (4.23ms)
2026/10/04 13:18:51 OK   00034_sp06_investigation_ledger.sql (26.94ms)
2026/10/04 13:18:51 OK   00035_sp06_admission_data_classes.sql (2.94ms)
2026/10/04 13:18:51 goose: successfully migrated database to version: 35
    archive_iam_test.go:41: owned TLS/IAM fixture image=docker.io/chrislusf/seaweedfs@sha256:d4cf67729aa8777e1a43a5b61d72e5b96179e4b7bac9a221cb14cbc2036cb32e id=521f85db3f5459c69bd65f1567f95102fcd75af2f6a71e9b3686fa2ebc1568f1 bucket=sp05-golden-3b5b5a6d tenants=1
=== RUN   TestSP06NarrowedContextCannotReadOrCommitD1//steps
=== RUN   TestSP06NarrowedContextCannotReadOrCommitD1//steps/a2083d22-4d48-462d-9da0-90255d237708/result?argsDigest=sha256:57604f74137090d32cfa286760f228f26772f1803e76e405e41dd00b2106ffa1
=== RUN   TestSP06NarrowedContextCannotReadOrCommitD1//calls:allocate
--- PASS: TestSP06NarrowedContextCannotReadOrCommitD1 (6.58s)
    --- PASS: TestSP06NarrowedContextCannotReadOrCommitD1//steps (0.01s)
    --- PASS: TestSP06NarrowedContextCannotReadOrCommitD1//steps/a2083d22-4d48-462d-9da0-90255d237708/result?argsDigest=sha256:57604f74137090d32cfa286760f228f26772f1803e76e405e41dd00b2106ffa1 (0.01s)
    --- PASS: TestSP06NarrowedContextCannotReadOrCommitD1//calls:allocate (0.01s)
=== RUN   TestSP06RecoveryReadsChargeBytesAndExhaust
2026/10/04 13:18:58 OK   00001_roles_and_schemas.sql (10.53ms)
2026/10/04 13:18:58 goose: successfully migrated database to version: 1
2026/10/04 13:18:58 OK   00002_platform_meta.sql (39.02ms)
2026/10/04 13:18:58 OK   00003_finding.sql (23.05ms)
2026/10/04 13:18:58 OK   00004_incident.sql (8.29ms)
2026/10/04 13:18:58 OK   00005_investigation.sql (9.28ms)
2026/10/04 13:18:58 OK   00006_action_command.sql (13.17ms)
2026/10/04 13:18:58 OK   00007_audit.sql (37.16ms)
2026/10/04 13:18:58 OK   00008_rls.sql (30.65ms)
2026/10/04 13:18:58 OK   00009_idempotency_ledger.sql (20.59ms)
2026/10/04 13:18:58 OK   00010_tenant_provisioning.sql (9.03ms)
2026/10/04 13:18:58 OK   00011_source_registration_history.sql (7.6ms)
2026/10/04 13:18:58 OK   00012_config_registry_lifecycle.sql (26.43ms)
2026/10/04 13:18:58 OK   00013_audit_signed_segments.sql (14.2ms)
2026/10/04 13:18:58 OK   00014_audit_segment_predecessors.sql (19.04ms)
2026/10/04 13:18:58 OK   00015_source_schema_scope.sql (6.24ms)
2026/10/04 13:18:58 OK   00016_cluster_registration_metadata.sql (5.5ms)
2026/10/04 13:18:58 OK   00017_source_data_scope.sql (7.12ms)
2026/10/04 13:18:58 OK   00018_sp04_resources_evidence.sql (20.55ms)
2026/10/04 13:18:58 OK   00019_sp04_archive_ciphertext_bytes.sql (5.74ms)
2026/10/04 13:18:58 OK   00020_sp04_request_ledger.sql (14.61ms)
2026/10/04 13:18:58 OK   00021_sp04_archive_protection.sql (4.1ms)
2026/10/04 13:18:58 OK   00022_sp04_legal_hold_dependencies.sql (2.98ms)
2026/10/04 13:18:58 OK   00023_sp04_archive_query_intent.sql (2.43ms)
2026/10/04 13:18:58 OK   00024_sp05_finding_incident.sql (24.31ms)
2026/10/04 13:18:58 OK   00025_sp05_incident_event_time.sql (7.06ms)
2026/10/04 13:18:58 OK   00026_sp05_source_binding_lock.sql (11.27ms)
2026/10/04 13:18:58 OK   00027_sp05_rca_and_poll.sql (10.67ms)
2026/10/04 13:18:58 OK   00028_sp05_operator_lock.sql (3.82ms)
2026/10/04 13:18:58 OK   00029_sp05_evidence_links.sql (5.16ms)
2026/10/04 13:18:58 OK   00030_sp05_recipe_fence.sql (13.53ms)
2026/10/04 13:18:58 OK   00031_sp05_rca_postcheck.sql (6.51ms)
2026/10/04 13:18:58 OK   00032_sp05_transport_audit.sql (3.93ms)
2026/10/04 13:18:58 OK   00033_sp05_poll_resolution_clock.sql (4.6ms)
2026/10/04 13:18:58 OK   00034_sp06_investigation_ledger.sql (33.05ms)
2026/10/04 13:18:58 OK   00035_sp06_admission_data_classes.sql (6.54ms)
2026/10/04 13:18:58 goose: successfully migrated database to version: 35
--- PASS: TestSP06RecoveryReadsChargeBytesAndExhaust (0.91s)
=== RUN   TestSP06CachedModelReadChargesOnlyOutputBytes
2026/10/04 13:18:59 OK   00001_roles_and_schemas.sql (18.77ms)
2026/10/04 13:18:59 goose: successfully migrated database to version: 1
2026/10/04 13:18:59 OK   00002_platform_meta.sql (27.33ms)
2026/10/04 13:18:59 OK   00003_finding.sql (8.07ms)
2026/10/04 13:18:59 OK   00004_incident.sql (5.1ms)
2026/10/04 13:18:59 OK   00005_investigation.sql (5.98ms)
2026/10/04 13:18:59 OK   00006_action_command.sql (21.26ms)
2026/10/04 13:18:59 OK   00007_audit.sql (7.25ms)
2026/10/04 13:18:59 OK   00008_rls.sql (7.63ms)
2026/10/04 13:18:59 OK   00009_idempotency_ledger.sql (15.73ms)
2026/10/04 13:18:59 OK   00010_tenant_provisioning.sql (4.63ms)
2026/10/04 13:18:59 OK   00011_source_registration_history.sql (7.62ms)
2026/10/04 13:18:59 OK   00012_config_registry_lifecycle.sql (23.93ms)
2026/10/04 13:18:59 OK   00013_audit_signed_segments.sql (12.03ms)
2026/10/04 13:18:59 OK   00014_audit_segment_predecessors.sql (10.27ms)
2026/10/04 13:18:59 OK   00015_source_schema_scope.sql (5.18ms)
2026/10/04 13:18:59 OK   00016_cluster_registration_metadata.sql (11.26ms)
2026/10/04 13:18:59 OK   00017_source_data_scope.sql (3.47ms)
2026/10/04 13:18:59 OK   00018_sp04_resources_evidence.sql (13.54ms)
2026/10/04 13:18:59 OK   00019_sp04_archive_ciphertext_bytes.sql (5.61ms)
2026/10/04 13:18:59 OK   00020_sp04_request_ledger.sql (5.82ms)
2026/10/04 13:18:59 OK   00021_sp04_archive_protection.sql (3.31ms)
2026/10/04 13:18:59 OK   00022_sp04_legal_hold_dependencies.sql (2.84ms)
2026/10/04 13:18:59 OK   00023_sp04_archive_query_intent.sql (2.53ms)
2026/10/04 13:18:59 OK   00024_sp05_finding_incident.sql (16.78ms)
2026/10/04 13:18:59 OK   00025_sp05_incident_event_time.sql (9.12ms)
2026/10/04 13:18:59 OK   00026_sp05_source_binding_lock.sql (3.76ms)
2026/10/04 13:18:59 OK   00027_sp05_rca_and_poll.sql (7.82ms)
2026/10/04 13:18:59 OK   00028_sp05_operator_lock.sql (3.81ms)
2026/10/04 13:18:59 OK   00029_sp05_evidence_links.sql (12.16ms)
2026/10/04 13:18:59 OK   00030_sp05_recipe_fence.sql (7.6ms)
2026/10/04 13:18:59 OK   00031_sp05_rca_postcheck.sql (3.56ms)
2026/10/04 13:18:59 OK   00032_sp05_transport_audit.sql (4.09ms)
2026/10/04 13:18:59 OK   00033_sp05_poll_resolution_clock.sql (4.13ms)
2026/10/04 13:18:59 OK   00034_sp06_investigation_ledger.sql (27.94ms)
2026/10/04 13:18:59 OK   00035_sp06_admission_data_classes.sql (2.98ms)
2026/10/04 13:18:59 goose: successfully migrated database to version: 35
--- PASS: TestSP06CachedModelReadChargesOnlyOutputBytes (0.74s)
=== RUN   TestSP06SSEBatchRechecksExpiryAndWithdrawal
=== RUN   TestSP06SSEBatchRechecksExpiryAndWithdrawal/expiry
2026/10/04 13:18:59 OK   00001_roles_and_schemas.sql (12.72ms)
2026/10/04 13:18:59 goose: successfully migrated database to version: 1
2026/10/04 13:18:59 OK   00002_platform_meta.sql (15.31ms)
2026/10/04 13:18:59 OK   00003_finding.sql (9.25ms)
2026/10/04 13:18:59 OK   00004_incident.sql (6.52ms)
2026/10/04 13:18:59 OK   00005_investigation.sql (6.95ms)
2026/10/04 13:18:59 OK   00006_action_command.sql (5.66ms)
2026/10/04 13:18:59 OK   00007_audit.sql (9.83ms)
2026/10/04 13:18:59 OK   00008_rls.sql (14.35ms)
2026/10/04 13:18:59 OK   00009_idempotency_ledger.sql (8.66ms)
2026/10/04 13:18:59 OK   00010_tenant_provisioning.sql (4.02ms)
2026/10/04 13:18:59 OK   00011_source_registration_history.sql (5.92ms)
2026/10/04 13:18:59 OK   00012_config_registry_lifecycle.sql (9.46ms)
2026/10/04 13:18:59 OK   00013_audit_signed_segments.sql (15.01ms)
2026/10/04 13:18:59 OK   00014_audit_segment_predecessors.sql (7.96ms)
2026/10/04 13:18:59 OK   00015_source_schema_scope.sql (3.51ms)
2026/10/04 13:18:59 OK   00016_cluster_registration_metadata.sql (6.5ms)
2026/10/04 13:18:59 OK   00017_source_data_scope.sql (5.86ms)
2026/10/04 13:19:00 OK   00018_sp04_resources_evidence.sql (17.22ms)
2026/10/04 13:19:00 OK   00019_sp04_archive_ciphertext_bytes.sql (8.67ms)
2026/10/04 13:19:00 OK   00020_sp04_request_ledger.sql (10.59ms)
2026/10/04 13:19:00 OK   00021_sp04_archive_protection.sql (2.91ms)
2026/10/04 13:19:00 OK   00022_sp04_legal_hold_dependencies.sql (2.39ms)
2026/10/04 13:19:00 OK   00023_sp04_archive_query_intent.sql (2.94ms)
2026/10/04 13:19:00 OK   00024_sp05_finding_incident.sql (24.25ms)
2026/10/04 13:19:00 OK   00025_sp05_incident_event_time.sql (3.71ms)
2026/10/04 13:19:00 OK   00026_sp05_source_binding_lock.sql (3.46ms)
2026/10/04 13:19:00 OK   00027_sp05_rca_and_poll.sql (12.06ms)
2026/10/04 13:19:00 OK   00028_sp05_operator_lock.sql (4.44ms)
2026/10/04 13:19:00 OK   00029_sp05_evidence_links.sql (7.19ms)
2026/10/04 13:19:00 OK   00030_sp05_recipe_fence.sql (3.95ms)
2026/10/04 13:19:00 OK   00031_sp05_rca_postcheck.sql (2.28ms)
2026/10/04 13:19:00 OK   00032_sp05_transport_audit.sql (2.78ms)
2026/10/04 13:19:00 OK   00033_sp05_poll_resolution_clock.sql (3.8ms)
2026/10/04 13:19:00 OK   00034_sp06_investigation_ledger.sql (29.59ms)
2026/10/04 13:19:00 OK   00035_sp06_admission_data_classes.sql (3.23ms)
2026/10/04 13:19:00 goose: successfully migrated database to version: 35
=== RUN   TestSP06SSEBatchRechecksExpiryAndWithdrawal/role
2026/10/04 13:19:00 OK   00001_roles_and_schemas.sql (9.62ms)
2026/10/04 13:19:00 goose: successfully migrated database to version: 1
2026/10/04 13:19:00 OK   00002_platform_meta.sql (13.46ms)
2026/10/04 13:19:00 OK   00003_finding.sql (5.92ms)
2026/10/04 13:19:00 OK   00004_incident.sql (10.21ms)
2026/10/04 13:19:00 OK   00005_investigation.sql (7.36ms)
2026/10/04 13:19:00 OK   00006_action_command.sql (4.52ms)
2026/10/04 13:19:00 OK   00007_audit.sql (17.03ms)
2026/10/04 13:19:00 OK   00008_rls.sql (10.81ms)
2026/10/04 13:19:00 OK   00009_idempotency_ledger.sql (11.23ms)
2026/10/04 13:19:00 OK   00010_tenant_provisioning.sql (8.28ms)
2026/10/04 13:19:00 OK   00011_source_registration_history.sql (8.12ms)
2026/10/04 13:19:00 OK   00012_config_registry_lifecycle.sql (9.83ms)
2026/10/04 13:19:00 OK   00013_audit_signed_segments.sql (16.9ms)
2026/10/04 13:19:00 OK   00014_audit_segment_predecessors.sql (6.16ms)
2026/10/04 13:19:00 OK   00015_source_schema_scope.sql (3.47ms)
2026/10/04 13:19:00 OK   00016_cluster_registration_metadata.sql (4.02ms)
2026/10/04 13:19:00 OK   00017_source_data_scope.sql (4.4ms)
2026/10/04 13:19:00 OK   00018_sp04_resources_evidence.sql (11.83ms)
2026/10/04 13:19:00 OK   00019_sp04_archive_ciphertext_bytes.sql (2.52ms)
2026/10/04 13:19:00 OK   00020_sp04_request_ledger.sql (9.68ms)
2026/10/04 13:19:00 OK   00021_sp04_archive_protection.sql (10.6ms)
2026/10/04 13:19:00 OK   00022_sp04_legal_hold_dependencies.sql (3.22ms)
2026/10/04 13:19:00 OK   00023_sp04_archive_query_intent.sql (18.24ms)
2026/10/04 13:19:00 OK   00024_sp05_finding_incident.sql (18.04ms)
2026/10/04 13:19:00 OK   00025_sp05_incident_event_time.sql (4.75ms)
2026/10/04 13:19:00 OK   00026_sp05_source_binding_lock.sql (4.27ms)
2026/10/04 13:19:00 OK   00027_sp05_rca_and_poll.sql (6.73ms)
2026/10/04 13:19:00 OK   00028_sp05_operator_lock.sql (3.49ms)
2026/10/04 13:19:00 OK   00029_sp05_evidence_links.sql (10.01ms)
2026/10/04 13:19:00 OK   00030_sp05_recipe_fence.sql (3.11ms)
2026/10/04 13:19:00 OK   00031_sp05_rca_postcheck.sql (2.81ms)
2026/10/04 13:19:00 OK   00032_sp05_transport_audit.sql (3.18ms)
2026/10/04 13:19:00 OK   00033_sp05_poll_resolution_clock.sql (8.59ms)
2026/10/04 13:19:01 OK   00034_sp06_investigation_ledger.sql (33.47ms)
2026/10/04 13:19:01 OK   00035_sp06_admission_data_classes.sql (3.67ms)
2026/10/04 13:19:01 goose: successfully migrated database to version: 35
=== RUN   TestSP06SSEBatchRechecksExpiryAndWithdrawal/source
2026/10/04 13:19:01 OK   00001_roles_and_schemas.sql (35.2ms)
2026/10/04 13:19:01 goose: successfully migrated database to version: 1
2026/10/04 13:19:01 OK   00002_platform_meta.sql (24.41ms)
2026/10/04 13:19:01 OK   00003_finding.sql (15.64ms)
2026/10/04 13:19:01 OK   00004_incident.sql (6.04ms)
2026/10/04 13:19:01 OK   00005_investigation.sql (8.96ms)
2026/10/04 13:19:01 OK   00006_action_command.sql (12.15ms)
2026/10/04 13:19:01 OK   00007_audit.sql (9.29ms)
2026/10/04 13:19:01 OK   00008_rls.sql (7.19ms)
2026/10/04 13:19:01 OK   00009_idempotency_ledger.sql (5.43ms)
2026/10/04 13:19:01 OK   00010_tenant_provisioning.sql (6.32ms)
2026/10/04 13:19:01 OK   00011_source_registration_history.sql (11.4ms)
2026/10/04 13:19:01 OK   00012_config_registry_lifecycle.sql (12.09ms)
2026/10/04 13:19:01 OK   00013_audit_signed_segments.sql (24.43ms)
2026/10/04 13:19:01 OK   00014_audit_segment_predecessors.sql (5.21ms)
2026/10/04 13:19:01 OK   00015_source_schema_scope.sql (2.84ms)
2026/10/04 13:19:01 OK   00016_cluster_registration_metadata.sql (4.53ms)
2026/10/04 13:19:01 OK   00017_source_data_scope.sql (9.21ms)
2026/10/04 13:19:01 OK   00018_sp04_resources_evidence.sql (16.19ms)
2026/10/04 13:19:01 OK   00019_sp04_archive_ciphertext_bytes.sql (3.86ms)
2026/10/04 13:19:01 OK   00020_sp04_request_ledger.sql (5.2ms)
2026/10/04 13:19:01 OK   00021_sp04_archive_protection.sql (10.69ms)
2026/10/04 13:19:01 OK   00022_sp04_legal_hold_dependencies.sql (2.87ms)
2026/10/04 13:19:01 OK   00023_sp04_archive_query_intent.sql (5.37ms)
2026/10/04 13:19:01 OK   00024_sp05_finding_incident.sql (17.02ms)
2026/10/04 13:19:01 OK   00025_sp05_incident_event_time.sql (5.74ms)
2026/10/04 13:19:01 OK   00026_sp05_source_binding_lock.sql (8.31ms)
2026/10/04 13:19:01 OK   00027_sp05_rca_and_poll.sql (9.96ms)
2026/10/04 13:19:01 OK   00028_sp05_operator_lock.sql (3.87ms)
2026/10/04 13:19:01 OK   00029_sp05_evidence_links.sql (12.7ms)
2026/10/04 13:19:01 OK   00030_sp05_recipe_fence.sql (3.09ms)
2026/10/04 13:19:01 OK   00031_sp05_rca_postcheck.sql (10.93ms)
2026/10/04 13:19:01 OK   00032_sp05_transport_audit.sql (5.47ms)
2026/10/04 13:19:01 OK   00033_sp05_poll_resolution_clock.sql (5.76ms)
2026/10/04 13:19:01 OK   00034_sp06_investigation_ledger.sql (43.39ms)
2026/10/04 13:19:01 OK   00035_sp06_admission_data_classes.sql (7.43ms)
2026/10/04 13:19:01 goose: successfully migrated database to version: 35
--- PASS: TestSP06SSEBatchRechecksExpiryAndWithdrawal (2.45s)
    --- PASS: TestSP06SSEBatchRechecksExpiryAndWithdrawal/expiry (0.90s)
    --- PASS: TestSP06SSEBatchRechecksExpiryAndWithdrawal/role (0.83s)
    --- PASS: TestSP06SSEBatchRechecksExpiryAndWithdrawal/source (0.73s)
=== RUN   TestSP06CancelIdempotencyBindsRequest
2026/10/04 13:19:02 OK   00001_roles_and_schemas.sql (8.61ms)
2026/10/04 13:19:02 goose: successfully migrated database to version: 1
2026/10/04 13:19:02 OK   00002_platform_meta.sql (29.33ms)
2026/10/04 13:19:02 OK   00003_finding.sql (12.44ms)
2026/10/04 13:19:02 OK   00004_incident.sql (4.59ms)
2026/10/04 13:19:02 OK   00005_investigation.sql (4.95ms)
2026/10/04 13:19:02 OK   00006_action_command.sql (12.89ms)
2026/10/04 13:19:02 OK   00007_audit.sql (14.96ms)
2026/10/04 13:19:02 OK   00008_rls.sql (8.13ms)
2026/10/04 13:19:02 OK   00009_idempotency_ledger.sql (6.4ms)
2026/10/04 13:19:02 OK   00010_tenant_provisioning.sql (6.59ms)
2026/10/04 13:19:02 OK   00011_source_registration_history.sql (5.74ms)
2026/10/04 13:19:02 OK   00012_config_registry_lifecycle.sql (10.36ms)
2026/10/04 13:19:02 OK   00013_audit_signed_segments.sql (12.56ms)
2026/10/04 13:19:02 OK   00014_audit_segment_predecessors.sql (4.55ms)
2026/10/04 13:19:02 OK   00015_source_schema_scope.sql (3.1ms)
2026/10/04 13:19:02 OK   00016_cluster_registration_metadata.sql (3.9ms)
2026/10/04 13:19:02 OK   00017_source_data_scope.sql (3.44ms)
2026/10/04 13:19:02 OK   00018_sp04_resources_evidence.sql (23.03ms)
2026/10/04 13:19:02 OK   00019_sp04_archive_ciphertext_bytes.sql (2.56ms)
2026/10/04 13:19:02 OK   00020_sp04_request_ledger.sql (4.29ms)
2026/10/04 13:19:02 OK   00021_sp04_archive_protection.sql (4.34ms)
2026/10/04 13:19:02 OK   00022_sp04_legal_hold_dependencies.sql (3.42ms)
2026/10/04 13:19:02 OK   00023_sp04_archive_query_intent.sql (3.59ms)
2026/10/04 13:19:02 OK   00024_sp05_finding_incident.sql (20.9ms)
2026/10/04 13:19:02 OK   00025_sp05_incident_event_time.sql (3.96ms)
2026/10/04 13:19:02 OK   00026_sp05_source_binding_lock.sql (7.28ms)
2026/10/04 13:19:02 OK   00027_sp05_rca_and_poll.sql (7.53ms)
2026/10/04 13:19:02 OK   00028_sp05_operator_lock.sql (6.56ms)
2026/10/04 13:19:02 OK   00029_sp05_evidence_links.sql (5.06ms)
2026/10/04 13:19:02 OK   00030_sp05_recipe_fence.sql (4ms)
2026/10/04 13:19:02 OK   00031_sp05_rca_postcheck.sql (3.1ms)
2026/10/04 13:19:02 OK   00032_sp05_transport_audit.sql (2.83ms)
2026/10/04 13:19:02 OK   00033_sp05_poll_resolution_clock.sql (2.86ms)
2026/10/04 13:19:02 OK   00034_sp06_investigation_ledger.sql (29.94ms)
2026/10/04 13:19:02 OK   00035_sp06_admission_data_classes.sql (3.1ms)
2026/10/04 13:19:02 goose: successfully migrated database to version: 35
--- PASS: TestSP06CancelIdempotencyBindsRequest (0.64s)
PASS
ok  	ops-platform/test/integration	12.399s
