=== RUN   TestSP06ReuseLockBindsAdmittedRuntime
--- PASS: TestSP06ReuseLockBindsAdmittedRuntime (0.04s)
PASS
ok  	ops-platform/test/contract	0.389s
=== RUN   TestInvestigationBudgetHTTPContract
--- PASS: TestInvestigationBudgetHTTPContract (0.00s)
=== RUN   TestInvestigationIdempotencyConflictHTTPContract
--- PASS: TestInvestigationIdempotencyConflictHTTPContract (0.00s)
PASS
ok  	ops-platform/internal/httpapi	0.708s
=== RUN   TestSP06NarrowedContextCannotReadOrCommitD1
2026/10/04 13:41:35 OK   00001_roles_and_schemas.sql (59.87ms)
2026/10/04 13:41:35 goose: successfully migrated database to version: 1
2026/10/04 13:41:35 OK   00002_platform_meta.sql (31.57ms)
2026/10/04 13:41:35 OK   00003_finding.sql (14.85ms)
2026/10/04 13:41:35 OK   00004_incident.sql (17.1ms)
2026/10/04 13:41:35 OK   00005_investigation.sql (12.25ms)
2026/10/04 13:41:35 OK   00006_action_command.sql (13.49ms)
2026/10/04 13:41:35 OK   00007_audit.sql (24.31ms)
2026/10/04 13:41:35 OK   00008_rls.sql (33ms)
2026/10/04 13:41:35 OK   00009_idempotency_ledger.sql (11.27ms)
2026/10/04 13:41:35 OK   00010_tenant_provisioning.sql (13.45ms)
2026/10/04 13:41:35 OK   00011_source_registration_history.sql (18.87ms)
2026/10/04 13:41:35 OK   00012_config_registry_lifecycle.sql (10.84ms)
2026/10/04 13:41:35 OK   00013_audit_signed_segments.sql (30.88ms)
2026/10/04 13:41:35 OK   00014_audit_segment_predecessors.sql (6.99ms)
2026/10/04 13:41:35 OK   00015_source_schema_scope.sql (8.02ms)
2026/10/04 13:41:35 OK   00016_cluster_registration_metadata.sql (29.08ms)
2026/10/04 13:41:35 OK   00017_source_data_scope.sql (3.54ms)
2026/10/04 13:41:35 OK   00018_sp04_resources_evidence.sql (30.55ms)
2026/10/04 13:41:35 OK   00019_sp04_archive_ciphertext_bytes.sql (4.11ms)
2026/10/04 13:41:35 OK   00020_sp04_request_ledger.sql (6.16ms)
2026/10/04 13:41:35 OK   00021_sp04_archive_protection.sql (3.57ms)
2026/10/04 13:41:35 OK   00022_sp04_legal_hold_dependencies.sql (13.6ms)
2026/10/04 13:41:35 OK   00023_sp04_archive_query_intent.sql (9.92ms)
2026/10/04 13:41:35 OK   00024_sp05_finding_incident.sql (37.44ms)
2026/10/04 13:41:35 OK   00025_sp05_incident_event_time.sql (3.58ms)
2026/10/04 13:41:35 OK   00026_sp05_source_binding_lock.sql (5.65ms)
2026/10/04 13:41:35 OK   00027_sp05_rca_and_poll.sql (24.19ms)
2026/10/04 13:41:35 OK   00028_sp05_operator_lock.sql (3.6ms)
2026/10/04 13:41:35 OK   00029_sp05_evidence_links.sql (5.1ms)
2026/10/04 13:41:35 OK   00030_sp05_recipe_fence.sql (19.06ms)
2026/10/04 13:41:35 OK   00031_sp05_rca_postcheck.sql (5.63ms)
2026/10/04 13:41:35 OK   00032_sp05_transport_audit.sql (3.01ms)
2026/10/04 13:41:35 OK   00033_sp05_poll_resolution_clock.sql (2.96ms)
2026/10/04 13:41:35 OK   00034_sp06_investigation_ledger.sql (35.46ms)
2026/10/04 13:41:35 OK   00035_sp06_admission_data_classes.sql (3.37ms)
2026/10/04 13:41:35 goose: successfully migrated database to version: 35
    archive_iam_test.go:41: owned TLS/IAM fixture image=docker.io/chrislusf/seaweedfs@sha256:d4cf67729aa8777e1a43a5b61d72e5b96179e4b7bac9a221cb14cbc2036cb32e id=512a07472b204b80ceabb5ca2590fb57c6a93257123cd8a109d931f0aae6139c bucket=sp05-golden-0dbd055e tenants=1
=== RUN   TestSP06NarrowedContextCannotReadOrCommitD1//steps
=== RUN   TestSP06NarrowedContextCannotReadOrCommitD1//steps/71c96d28-03d2-4eb1-8c8f-a09aa094a0fa/result?argsDigest=sha256:ee025f317e40dc6c0324facc0e111ea0e36daffc03691dfc870bf7fa1589e64f
=== RUN   TestSP06NarrowedContextCannotReadOrCommitD1//calls:allocate
--- PASS: TestSP06NarrowedContextCannotReadOrCommitD1 (8.21s)
    --- PASS: TestSP06NarrowedContextCannotReadOrCommitD1//steps (0.01s)
    --- PASS: TestSP06NarrowedContextCannotReadOrCommitD1//steps/71c96d28-03d2-4eb1-8c8f-a09aa094a0fa/result?argsDigest=sha256:ee025f317e40dc6c0324facc0e111ea0e36daffc03691dfc870bf7fa1589e64f (0.01s)
    --- PASS: TestSP06NarrowedContextCannotReadOrCommitD1//calls:allocate (0.02s)
=== RUN   TestSP06RecoveryReadsChargeBytesAndExhaust
2026/10/04 13:41:43 OK   00001_roles_and_schemas.sql (16.31ms)
2026/10/04 13:41:43 goose: successfully migrated database to version: 1
2026/10/04 13:41:43 OK   00002_platform_meta.sql (24.25ms)
2026/10/04 13:41:43 OK   00003_finding.sql (13.55ms)
2026/10/04 13:41:43 OK   00004_incident.sql (31.65ms)
2026/10/04 13:41:43 OK   00005_investigation.sql (15.5ms)
2026/10/04 13:41:43 OK   00006_action_command.sql (21.52ms)
2026/10/04 13:41:43 OK   00007_audit.sql (36.2ms)
2026/10/04 13:41:43 OK   00008_rls.sql (36.12ms)
2026/10/04 13:41:43 OK   00009_idempotency_ledger.sql (26.64ms)
2026/10/04 13:41:43 OK   00010_tenant_provisioning.sql (9.02ms)
2026/10/04 13:41:43 OK   00011_source_registration_history.sql (20.6ms)
2026/10/04 13:41:43 OK   00012_config_registry_lifecycle.sql (35.4ms)
2026/10/04 13:41:43 OK   00013_audit_signed_segments.sql (39.18ms)
2026/10/04 13:41:43 OK   00014_audit_segment_predecessors.sql (33.44ms)
2026/10/04 13:41:43 OK   00015_source_schema_scope.sql (19.14ms)
2026/10/04 13:41:43 OK   00016_cluster_registration_metadata.sql (12.07ms)
2026/10/04 13:41:43 OK   00017_source_data_scope.sql (3.47ms)
2026/10/04 13:41:44 OK   00018_sp04_resources_evidence.sql (31.87ms)
2026/10/04 13:41:44 OK   00019_sp04_archive_ciphertext_bytes.sql (2.84ms)
2026/10/04 13:41:44 OK   00020_sp04_request_ledger.sql (5.3ms)
2026/10/04 13:41:44 OK   00021_sp04_archive_protection.sql (22.42ms)
2026/10/04 13:41:44 OK   00022_sp04_legal_hold_dependencies.sql (3.13ms)
2026/10/04 13:41:44 OK   00023_sp04_archive_query_intent.sql (25.38ms)
2026/10/04 13:41:44 OK   00024_sp05_finding_incident.sql (36.17ms)
2026/10/04 13:41:44 OK   00025_sp05_incident_event_time.sql (2.75ms)
2026/10/04 13:41:44 OK   00026_sp05_source_binding_lock.sql (2.89ms)
2026/10/04 13:41:44 OK   00027_sp05_rca_and_poll.sql (11.01ms)
2026/10/04 13:41:44 OK   00028_sp05_operator_lock.sql (16.77ms)
2026/10/04 13:41:44 OK   00029_sp05_evidence_links.sql (5.01ms)
2026/10/04 13:41:44 OK   00030_sp05_recipe_fence.sql (2.58ms)
2026/10/04 13:41:44 OK   00031_sp05_rca_postcheck.sql (2.92ms)
2026/10/04 13:41:44 OK   00032_sp05_transport_audit.sql (5.83ms)
2026/10/04 13:41:44 OK   00033_sp05_poll_resolution_clock.sql (14.77ms)
2026/10/04 13:41:44 OK   00034_sp06_investigation_ledger.sql (16.21ms)
2026/10/04 13:41:44 OK   00035_sp06_admission_data_classes.sql (3.81ms)
2026/10/04 13:41:44 goose: successfully migrated database to version: 35
--- PASS: TestSP06RecoveryReadsChargeBytesAndExhaust (1.19s)
=== RUN   TestSP06CachedModelReadChargesOnlyOutputBytes
2026/10/04 13:41:44 OK   00001_roles_and_schemas.sql (8.6ms)
2026/10/04 13:41:44 goose: successfully migrated database to version: 1
2026/10/04 13:41:44 OK   00002_platform_meta.sql (28.2ms)
2026/10/04 13:41:44 OK   00003_finding.sql (26.47ms)
2026/10/04 13:41:44 OK   00004_incident.sql (4.73ms)
2026/10/04 13:41:44 OK   00005_investigation.sql (5.22ms)
2026/10/04 13:41:44 OK   00006_action_command.sql (24.26ms)
2026/10/04 13:41:44 OK   00007_audit.sql (7.73ms)
2026/10/04 13:41:44 OK   00008_rls.sql (25.71ms)
2026/10/04 13:41:44 OK   00009_idempotency_ledger.sql (6.01ms)
2026/10/04 13:41:44 OK   00010_tenant_provisioning.sql (25.77ms)
2026/10/04 13:41:44 OK   00011_source_registration_history.sql (30.08ms)
2026/10/04 13:41:44 OK   00012_config_registry_lifecycle.sql (29.43ms)
2026/10/04 13:41:45 OK   00013_audit_signed_segments.sql (30.02ms)
2026/10/04 13:41:45 OK   00014_audit_segment_predecessors.sql (5.37ms)
2026/10/04 13:41:45 OK   00015_source_schema_scope.sql (2.73ms)
2026/10/04 13:41:45 OK   00016_cluster_registration_metadata.sql (26.96ms)
2026/10/04 13:41:45 OK   00017_source_data_scope.sql (3.97ms)
2026/10/04 13:41:45 OK   00018_sp04_resources_evidence.sql (10.41ms)
2026/10/04 13:41:45 OK   00019_sp04_archive_ciphertext_bytes.sql (2.66ms)
2026/10/04 13:41:45 OK   00020_sp04_request_ledger.sql (25.13ms)
2026/10/04 13:41:45 OK   00021_sp04_archive_protection.sql (3.45ms)
2026/10/04 13:41:45 OK   00022_sp04_legal_hold_dependencies.sql (2.41ms)
2026/10/04 13:41:45 OK   00023_sp04_archive_query_intent.sql (3.53ms)
2026/10/04 13:41:45 OK   00024_sp05_finding_incident.sql (35.41ms)
2026/10/04 13:41:45 OK   00025_sp05_incident_event_time.sql (2.56ms)
2026/10/04 13:41:45 OK   00026_sp05_source_binding_lock.sql (22.31ms)
2026/10/04 13:41:45 OK   00027_sp05_rca_and_poll.sql (11.61ms)
2026/10/04 13:41:45 OK   00028_sp05_operator_lock.sql (15.63ms)
2026/10/04 13:41:45 OK   00029_sp05_evidence_links.sql (15.01ms)
2026/10/04 13:41:45 OK   00030_sp05_recipe_fence.sql (3.87ms)
2026/10/04 13:41:45 OK   00031_sp05_rca_postcheck.sql (13.48ms)
2026/10/04 13:41:45 OK   00032_sp05_transport_audit.sql (15.64ms)
2026/10/04 13:41:45 OK   00033_sp05_poll_resolution_clock.sql (4.97ms)
2026/10/04 13:41:45 OK   00034_sp06_investigation_ledger.sql (40.83ms)
2026/10/04 13:41:45 OK   00035_sp06_admission_data_classes.sql (28.36ms)
2026/10/04 13:41:45 goose: successfully migrated database to version: 35
--- PASS: TestSP06CachedModelReadChargesOnlyOutputBytes (1.03s)
=== RUN   TestSP06SSEBatchRechecksExpiryAndWithdrawal
=== RUN   TestSP06SSEBatchRechecksExpiryAndWithdrawal/expiry
2026/10/04 13:41:45 OK   00001_roles_and_schemas.sql (30.51ms)
2026/10/04 13:41:45 goose: successfully migrated database to version: 1
2026/10/04 13:41:45 OK   00002_platform_meta.sql (16.03ms)
2026/10/04 13:41:45 OK   00003_finding.sql (17.07ms)
2026/10/04 13:41:45 OK   00004_incident.sql (18.55ms)
2026/10/04 13:41:45 OK   00005_investigation.sql (8.86ms)
2026/10/04 13:41:45 OK   00006_action_command.sql (21.72ms)
2026/10/04 13:41:45 OK   00007_audit.sql (10.49ms)
2026/10/04 13:41:45 OK   00008_rls.sql (29.39ms)
2026/10/04 13:41:45 OK   00009_idempotency_ledger.sql (19.53ms)
2026/10/04 13:41:45 OK   00010_tenant_provisioning.sql (9.12ms)
2026/10/04 13:41:45 OK   00011_source_registration_history.sql (5.46ms)
2026/10/04 13:41:45 OK   00012_config_registry_lifecycle.sql (6.47ms)
2026/10/04 13:41:45 OK   00013_audit_signed_segments.sql (17.95ms)
2026/10/04 13:41:46 OK   00014_audit_segment_predecessors.sql (9.99ms)
2026/10/04 13:41:46 OK   00015_source_schema_scope.sql (2.85ms)
2026/10/04 13:41:46 OK   00016_cluster_registration_metadata.sql (3.9ms)
2026/10/04 13:41:46 OK   00017_source_data_scope.sql (14.8ms)
2026/10/04 13:41:46 OK   00018_sp04_resources_evidence.sql (18.08ms)
2026/10/04 13:41:46 OK   00019_sp04_archive_ciphertext_bytes.sql (21.71ms)
2026/10/04 13:41:46 OK   00020_sp04_request_ledger.sql (5.42ms)
2026/10/04 13:41:46 OK   00021_sp04_archive_protection.sql (2.43ms)
2026/10/04 13:41:46 OK   00022_sp04_legal_hold_dependencies.sql (2.64ms)
2026/10/04 13:41:46 OK   00023_sp04_archive_query_intent.sql (2.25ms)
2026/10/04 13:41:46 OK   00024_sp05_finding_incident.sql (31.53ms)
2026/10/04 13:41:46 OK   00025_sp05_incident_event_time.sql (10.26ms)
2026/10/04 13:41:46 OK   00026_sp05_source_binding_lock.sql (22.37ms)
2026/10/04 13:41:46 OK   00027_sp05_rca_and_poll.sql (27.58ms)
2026/10/04 13:41:46 OK   00028_sp05_operator_lock.sql (13.82ms)
2026/10/04 13:41:46 OK   00029_sp05_evidence_links.sql (17.22ms)
2026/10/04 13:41:46 OK   00030_sp05_recipe_fence.sql (2.84ms)
2026/10/04 13:41:46 OK   00031_sp05_rca_postcheck.sql (2.82ms)
2026/10/04 13:41:46 OK   00032_sp05_transport_audit.sql (22.1ms)
2026/10/04 13:41:46 OK   00033_sp05_poll_resolution_clock.sql (4.37ms)
2026/10/04 13:41:46 OK   00034_sp06_investigation_ledger.sql (34ms)
2026/10/04 13:41:46 OK   00035_sp06_admission_data_classes.sql (22.09ms)
2026/10/04 13:41:46 goose: successfully migrated database to version: 35
=== RUN   TestSP06SSEBatchRechecksExpiryAndWithdrawal/role
2026/10/04 13:41:46 OK   00001_roles_and_schemas.sql (9.16ms)
2026/10/04 13:41:46 goose: successfully migrated database to version: 1
2026/10/04 13:41:46 OK   00002_platform_meta.sql (34.17ms)
2026/10/04 13:41:46 OK   00003_finding.sql (8.02ms)
2026/10/04 13:41:47 OK   00004_incident.sql (10.65ms)
2026/10/04 13:41:47 OK   00005_investigation.sql (12.88ms)
2026/10/04 13:41:47 OK   00006_action_command.sql (4.62ms)
2026/10/04 13:41:47 OK   00007_audit.sql (8.4ms)
2026/10/04 13:41:47 OK   00008_rls.sql (24.09ms)
2026/10/04 13:41:47 OK   00009_idempotency_ledger.sql (6.05ms)
2026/10/04 13:41:47 OK   00010_tenant_provisioning.sql (25.33ms)
2026/10/04 13:41:47 OK   00011_source_registration_history.sql (5.78ms)
2026/10/04 13:41:47 OK   00012_config_registry_lifecycle.sql (27.65ms)
2026/10/04 13:41:47 OK   00013_audit_signed_segments.sql (10.48ms)
2026/10/04 13:41:47 OK   00014_audit_segment_predecessors.sql (4.6ms)
2026/10/04 13:41:47 OK   00015_source_schema_scope.sql (22.08ms)
2026/10/04 13:41:47 OK   00016_cluster_registration_metadata.sql (25.88ms)
2026/10/04 13:41:47 OK   00017_source_data_scope.sql (3.01ms)
2026/10/04 13:41:47 OK   00018_sp04_resources_evidence.sql (27.44ms)
2026/10/04 13:41:47 OK   00019_sp04_archive_ciphertext_bytes.sql (2.87ms)
2026/10/04 13:41:47 OK   00020_sp04_request_ledger.sql (3.74ms)
2026/10/04 13:41:47 OK   00021_sp04_archive_protection.sql (3.21ms)
2026/10/04 13:41:47 OK   00022_sp04_legal_hold_dependencies.sql (21.59ms)
2026/10/04 13:41:47 OK   00023_sp04_archive_query_intent.sql (2.88ms)
2026/10/04 13:41:47 OK   00024_sp05_finding_incident.sql (12.22ms)
2026/10/04 13:41:47 OK   00025_sp05_incident_event_time.sql (2.16ms)
2026/10/04 13:41:47 OK   00026_sp05_source_binding_lock.sql (2.52ms)
2026/10/04 13:41:47 OK   00027_sp05_rca_and_poll.sql (5.32ms)
2026/10/04 13:41:47 OK   00028_sp05_operator_lock.sql (2.66ms)
2026/10/04 13:41:47 OK   00029_sp05_evidence_links.sql (15.02ms)
2026/10/04 13:41:47 OK   00030_sp05_recipe_fence.sql (7.11ms)
2026/10/04 13:41:47 OK   00031_sp05_rca_postcheck.sql (2.47ms)
2026/10/04 13:41:47 OK   00032_sp05_transport_audit.sql (2.38ms)
2026/10/04 13:41:47 OK   00033_sp05_poll_resolution_clock.sql (2.55ms)
2026/10/04 13:41:47 OK   00034_sp06_investigation_ledger.sql (33.74ms)
2026/10/04 13:41:47 OK   00035_sp06_admission_data_classes.sql (5.09ms)
2026/10/04 13:41:47 goose: successfully migrated database to version: 35
=== RUN   TestSP06SSEBatchRechecksExpiryAndWithdrawal/source
2026/10/04 13:41:47 OK   00001_roles_and_schemas.sql (20.95ms)
2026/10/04 13:41:47 goose: successfully migrated database to version: 1
2026/10/04 13:41:47 OK   00002_platform_meta.sql (16.03ms)
2026/10/04 13:41:47 OK   00003_finding.sql (8.17ms)
2026/10/04 13:41:47 OK   00004_incident.sql (4.93ms)
2026/10/04 13:41:47 OK   00005_investigation.sql (7.69ms)
2026/10/04 13:41:47 OK   00006_action_command.sql (15.03ms)
2026/10/04 13:41:47 OK   00007_audit.sql (7.41ms)
2026/10/04 13:41:47 OK   00008_rls.sql (6.44ms)
2026/10/04 13:41:47 OK   00009_idempotency_ledger.sql (21.83ms)
2026/10/04 13:41:47 OK   00010_tenant_provisioning.sql (3.15ms)
2026/10/04 13:41:47 OK   00011_source_registration_history.sql (5.02ms)
2026/10/04 13:41:47 OK   00012_config_registry_lifecycle.sql (6.46ms)
2026/10/04 13:41:47 OK   00013_audit_signed_segments.sql (7.73ms)
2026/10/04 13:41:47 OK   00014_audit_segment_predecessors.sql (3.95ms)
2026/10/04 13:41:47 OK   00015_source_schema_scope.sql (2.64ms)
2026/10/04 13:41:47 OK   00016_cluster_registration_metadata.sql (19.38ms)
2026/10/04 13:41:47 OK   00017_source_data_scope.sql (3.12ms)
2026/10/04 13:41:47 OK   00018_sp04_resources_evidence.sql (9.51ms)
2026/10/04 13:41:47 OK   00019_sp04_archive_ciphertext_bytes.sql (2.13ms)
2026/10/04 13:41:47 OK   00020_sp04_request_ledger.sql (18.49ms)
2026/10/04 13:41:47 OK   00021_sp04_archive_protection.sql (3.07ms)
2026/10/04 13:41:47 OK   00022_sp04_legal_hold_dependencies.sql (2.1ms)
2026/10/04 13:41:47 OK   00023_sp04_archive_query_intent.sql (3.23ms)
2026/10/04 13:41:47 OK   00024_sp05_finding_incident.sql (23.81ms)
2026/10/04 13:41:47 OK   00025_sp05_incident_event_time.sql (2.5ms)
2026/10/04 13:41:47 OK   00026_sp05_source_binding_lock.sql (2.75ms)
2026/10/04 13:41:47 OK   00027_sp05_rca_and_poll.sql (5.86ms)
2026/10/04 13:41:47 OK   00028_sp05_operator_lock.sql (2.59ms)
2026/10/04 13:41:47 OK   00029_sp05_evidence_links.sql (9.35ms)
2026/10/04 13:41:47 OK   00030_sp05_recipe_fence.sql (5.78ms)
2026/10/04 13:41:48 OK   00031_sp05_rca_postcheck.sql (13.06ms)
2026/10/04 13:41:48 OK   00032_sp05_transport_audit.sql (2.86ms)
2026/10/04 13:41:48 OK   00033_sp05_poll_resolution_clock.sql (3.16ms)
2026/10/04 13:41:48 OK   00034_sp06_investigation_ledger.sql (36.62ms)
2026/10/04 13:41:48 OK   00035_sp06_admission_data_classes.sql (11.93ms)
2026/10/04 13:41:48 goose: successfully migrated database to version: 35
--- PASS: TestSP06SSEBatchRechecksExpiryAndWithdrawal (2.75s)
    --- PASS: TestSP06SSEBatchRechecksExpiryAndWithdrawal/expiry (1.16s)
    --- PASS: TestSP06SSEBatchRechecksExpiryAndWithdrawal/role (0.84s)
    --- PASS: TestSP06SSEBatchRechecksExpiryAndWithdrawal/source (0.76s)
=== RUN   TestSP06CancelIdempotencyBindsRequest
2026/10/04 13:41:48 OK   00001_roles_and_schemas.sql (22.6ms)
2026/10/04 13:41:48 goose: successfully migrated database to version: 1
2026/10/04 13:41:48 OK   00002_platform_meta.sql (46.86ms)
2026/10/04 13:41:48 OK   00003_finding.sql (6.59ms)
2026/10/04 13:41:48 OK   00004_incident.sql (4.12ms)
2026/10/04 13:41:48 OK   00005_investigation.sql (4.89ms)
2026/10/04 13:41:48 OK   00006_action_command.sql (21.59ms)
2026/10/04 13:41:48 OK   00007_audit.sql (18.29ms)
2026/10/04 13:41:48 OK   00008_rls.sql (14.21ms)
2026/10/04 13:41:48 OK   00009_idempotency_ledger.sql (5.4ms)
2026/10/04 13:41:48 OK   00010_tenant_provisioning.sql (7.27ms)
2026/10/04 13:41:48 OK   00011_source_registration_history.sql (17.85ms)
2026/10/04 13:41:48 OK   00012_config_registry_lifecycle.sql (8.66ms)
2026/10/04 13:41:48 OK   00013_audit_signed_segments.sql (19.6ms)
2026/10/04 13:41:48 OK   00014_audit_segment_predecessors.sql (23.1ms)
2026/10/04 13:41:48 OK   00015_source_schema_scope.sql (4.83ms)
2026/10/04 13:41:48 OK   00016_cluster_registration_metadata.sql (7.31ms)
2026/10/04 13:41:48 OK   00017_source_data_scope.sql (23.58ms)
2026/10/04 13:41:48 OK   00018_sp04_resources_evidence.sql (39.51ms)
2026/10/04 13:41:48 OK   00019_sp04_archive_ciphertext_bytes.sql (4.14ms)
2026/10/04 13:41:48 OK   00020_sp04_request_ledger.sql (4.25ms)
2026/10/04 13:41:48 OK   00021_sp04_archive_protection.sql (2.91ms)
2026/10/04 13:41:48 OK   00022_sp04_legal_hold_dependencies.sql (2.33ms)
2026/10/04 13:41:48 OK   00023_sp04_archive_query_intent.sql (2.72ms)
2026/10/04 13:41:48 OK   00024_sp05_finding_incident.sql (34.4ms)
2026/10/04 13:41:48 OK   00025_sp05_incident_event_time.sql (27.61ms)
2026/10/04 13:41:48 OK   00026_sp05_source_binding_lock.sql (3.06ms)
2026/10/04 13:41:48 OK   00027_sp05_rca_and_poll.sql (6.35ms)
2026/10/04 13:41:48 OK   00028_sp05_operator_lock.sql (3.51ms)
2026/10/04 13:41:48 OK   00029_sp05_evidence_links.sql (22.66ms)
2026/10/04 13:41:48 OK   00030_sp05_recipe_fence.sql (15.2ms)
2026/10/04 13:41:48 OK   00031_sp05_rca_postcheck.sql (12.86ms)
2026/10/04 13:41:48 OK   00032_sp05_transport_audit.sql (2.81ms)
2026/10/04 13:41:48 OK   00033_sp05_poll_resolution_clock.sql (23.92ms)
2026/10/04 13:41:48 OK   00034_sp06_investigation_ledger.sql (27.81ms)
2026/10/04 13:41:49 OK   00035_sp06_admission_data_classes.sql (16.27ms)
2026/10/04 13:41:49 goose: successfully migrated database to version: 35
    sp06_review_boundaries_test.go:375: create contract 400 {"code":"INVALID_ARGUMENT","message":"investigation request rejected","requestId":"01a1056e-ca3d-7b62-993d-1a52be3dc914","retryable":false,"schemaVersion":"error-envelope/v2"}
--- FAIL: TestSP06CancelIdempotencyBindsRequest (0.90s)
=== RUN   TestSP06ConcurrentRecoveryReadsAtomicBudget
2026/10/04 13:41:49 OK   00001_roles_and_schemas.sql (8.14ms)
2026/10/04 13:41:49 goose: successfully migrated database to version: 1
2026/10/04 13:41:49 OK   00002_platform_meta.sql (23.87ms)
2026/10/04 13:41:49 OK   00003_finding.sql (19.59ms)
2026/10/04 13:41:49 OK   00004_incident.sql (12.19ms)
2026/10/04 13:41:49 OK   00005_investigation.sql (22.52ms)
2026/10/04 13:41:49 OK   00006_action_command.sql (28.83ms)
2026/10/04 13:41:49 OK   00007_audit.sql (40.85ms)
2026/10/04 13:41:49 OK   00008_rls.sql (8.39ms)
2026/10/04 13:41:49 OK   00009_idempotency_ledger.sql (25.84ms)
2026/10/04 13:41:49 OK   00010_tenant_provisioning.sql (8.87ms)
2026/10/04 13:41:49 OK   00011_source_registration_history.sql (29.6ms)
2026/10/04 13:41:49 OK   00012_config_registry_lifecycle.sql (8.31ms)
2026/10/04 13:41:49 OK   00013_audit_signed_segments.sql (8.97ms)
2026/10/04 13:41:49 OK   00014_audit_segment_predecessors.sql (4.25ms)
2026/10/04 13:41:49 OK   00015_source_schema_scope.sql (26.99ms)
2026/10/04 13:41:49 OK   00016_cluster_registration_metadata.sql (4.08ms)
2026/10/04 13:41:49 OK   00017_source_data_scope.sql (3.05ms)
2026/10/04 13:41:49 OK   00018_sp04_resources_evidence.sql (31.19ms)
2026/10/04 13:41:49 OK   00019_sp04_archive_ciphertext_bytes.sql (12.69ms)
2026/10/04 13:41:49 OK   00020_sp04_request_ledger.sql (12.98ms)
2026/10/04 13:41:49 OK   00021_sp04_archive_protection.sql (3.17ms)
2026/10/04 13:41:49 OK   00022_sp04_legal_hold_dependencies.sql (2.33ms)
2026/10/04 13:41:49 OK   00023_sp04_archive_query_intent.sql (2.26ms)
2026/10/04 13:41:49 OK   00024_sp05_finding_incident.sql (33.03ms)
2026/10/04 13:41:49 OK   00025_sp05_incident_event_time.sql (2.95ms)
2026/10/04 13:41:49 OK   00026_sp05_source_binding_lock.sql (21.72ms)
2026/10/04 13:41:49 OK   00027_sp05_rca_and_poll.sql (30.19ms)
2026/10/04 13:41:49 OK   00028_sp05_operator_lock.sql (3.12ms)
2026/10/04 13:41:49 OK   00029_sp05_evidence_links.sql (4.66ms)
2026/10/04 13:41:49 OK   00030_sp05_recipe_fence.sql (2.32ms)
2026/10/04 13:41:49 OK   00031_sp05_rca_postcheck.sql (2.2ms)
2026/10/04 13:41:49 OK   00032_sp05_transport_audit.sql (2.18ms)
2026/10/04 13:41:49 OK   00033_sp05_poll_resolution_clock.sql (3.01ms)
2026/10/04 13:41:49 OK   00034_sp06_investigation_ledger.sql (26.95ms)
2026/10/04 13:41:49 OK   00035_sp06_admission_data_classes.sql (3.46ms)
2026/10/04 13:41:49 goose: successfully migrated database to version: 35
--- PASS: TestSP06ConcurrentRecoveryReadsAtomicBudget (1.06s)
FAIL
FAIL	ops-platform/test/integration	16.282s
FAIL
