=== RUN   TestSP06JobLeaseReplayAndAtomicBudget
2026/10/03 18:57:22 OK   00001_roles_and_schemas.sql (23.84ms)
2026/10/03 18:57:22 goose: successfully migrated database to version: 1
2026/10/03 18:57:22 OK   00002_platform_meta.sql (27.14ms)
2026/10/03 18:57:22 OK   00003_finding.sql (22.15ms)
2026/10/03 18:57:22 OK   00004_incident.sql (6.26ms)
2026/10/03 18:57:22 OK   00005_investigation.sql (5.72ms)
2026/10/03 18:57:22 OK   00006_action_command.sql (7.92ms)
2026/10/03 18:57:22 OK   00007_audit.sql (10.94ms)
2026/10/03 18:57:22 OK   00008_rls.sql (8.55ms)
2026/10/03 18:57:22 OK   00009_idempotency_ledger.sql (6.23ms)
2026/10/03 18:57:22 OK   00010_tenant_provisioning.sql (3.72ms)
2026/10/03 18:57:22 OK   00011_source_registration_history.sql (5.75ms)
2026/10/03 18:57:22 OK   00012_config_registry_lifecycle.sql (19.89ms)
2026/10/03 18:57:22 OK   00013_audit_signed_segments.sql (9.53ms)
2026/10/03 18:57:22 OK   00014_audit_segment_predecessors.sql (7.45ms)
2026/10/03 18:57:22 OK   00015_source_schema_scope.sql (3.24ms)
2026/10/03 18:57:22 OK   00016_cluster_registration_metadata.sql (5.98ms)
2026/10/03 18:57:22 OK   00017_source_data_scope.sql (2.56ms)
2026/10/03 18:57:22 OK   00018_sp04_resources_evidence.sql (17.77ms)
2026/10/03 18:57:22 OK   00019_sp04_archive_ciphertext_bytes.sql (3.87ms)
2026/10/03 18:57:22 OK   00020_sp04_request_ledger.sql (4.56ms)
2026/10/03 18:57:22 OK   00021_sp04_archive_protection.sql (3.75ms)
2026/10/03 18:57:22 OK   00022_sp04_legal_hold_dependencies.sql (6.36ms)
2026/10/03 18:57:22 OK   00023_sp04_archive_query_intent.sql (3.44ms)
2026/10/03 18:57:22 OK   00024_sp05_finding_incident.sql (14.85ms)
2026/10/03 18:57:22 OK   00025_sp05_incident_event_time.sql (2.49ms)
2026/10/03 18:57:22 OK   00026_sp05_source_binding_lock.sql (4.37ms)
2026/10/03 18:57:22 OK   00027_sp05_rca_and_poll.sql (7.81ms)
2026/10/03 18:57:22 OK   00028_sp05_operator_lock.sql (3.05ms)
2026/10/03 18:57:22 OK   00029_sp05_evidence_links.sql (4.7ms)
2026/10/03 18:57:22 OK   00030_sp05_recipe_fence.sql (2.27ms)
2026/10/03 18:57:22 OK   00031_sp05_rca_postcheck.sql (7.11ms)
2026/10/03 18:57:22 OK   00032_sp05_transport_audit.sql (6.74ms)
2026/10/03 18:57:22 OK   00033_sp05_poll_resolution_clock.sql (4.53ms)
2026/10/03 18:57:22 OK   00034_sp06_investigation_ledger.sql (20.55ms)
2026/10/03 18:57:22 goose: successfully migrated database to version: 34
--- PASS: TestSP06JobLeaseReplayAndAtomicBudget (0.65s)
PASS
ok  	ops-platform/test/integration	1.724s
