=== RUN   TestSP06JobLeaseReplayAndAtomicBudget
2026/10/03 18:10:06 OK   00001_roles_and_schemas.sql (14.38ms)
2026/10/03 18:10:06 goose: successfully migrated database to version: 1
2026/10/03 18:10:06 OK   00002_platform_meta.sql (28.04ms)
2026/10/03 18:10:06 OK   00003_finding.sql (6.02ms)
2026/10/03 18:10:06 OK   00004_incident.sql (6.2ms)
2026/10/03 18:10:06 OK   00005_investigation.sql (9.97ms)
2026/10/03 18:10:06 OK   00006_action_command.sql (8.72ms)
2026/10/03 18:10:06 OK   00007_audit.sql (6.13ms)
2026/10/03 18:10:06 OK   00008_rls.sql (6.09ms)
2026/10/03 18:10:06 OK   00009_idempotency_ledger.sql (4.74ms)
2026/10/03 18:10:06 OK   00010_tenant_provisioning.sql (4.85ms)
2026/10/03 18:10:06 OK   00011_source_registration_history.sql (11.03ms)
2026/10/03 18:10:06 OK   00012_config_registry_lifecycle.sql (10.76ms)
2026/10/03 18:10:06 OK   00013_audit_signed_segments.sql (22.42ms)
2026/10/03 18:10:06 OK   00014_audit_segment_predecessors.sql (5.89ms)
2026/10/03 18:10:07 OK   00015_source_schema_scope.sql (8.54ms)
2026/10/03 18:10:07 OK   00016_cluster_registration_metadata.sql (6.69ms)
2026/10/03 18:10:07 OK   00017_source_data_scope.sql (4.43ms)
2026/10/03 18:10:07 OK   00018_sp04_resources_evidence.sql (8.85ms)
2026/10/03 18:10:07 OK   00019_sp04_archive_ciphertext_bytes.sql (2.65ms)
2026/10/03 18:10:07 OK   00020_sp04_request_ledger.sql (3.12ms)
2026/10/03 18:10:07 OK   00021_sp04_archive_protection.sql (2.68ms)
2026/10/03 18:10:07 OK   00022_sp04_legal_hold_dependencies.sql (5.66ms)
2026/10/03 18:10:07 OK   00023_sp04_archive_query_intent.sql (5.05ms)
2026/10/03 18:10:07 OK   00024_sp05_finding_incident.sql (17.98ms)
2026/10/03 18:10:07 OK   00025_sp05_incident_event_time.sql (2.25ms)
2026/10/03 18:10:07 OK   00026_sp05_source_binding_lock.sql (2.96ms)
2026/10/03 18:10:07 OK   00027_sp05_rca_and_poll.sql (7.78ms)
2026/10/03 18:10:07 OK   00028_sp05_operator_lock.sql (8.37ms)
2026/10/03 18:10:07 OK   00029_sp05_evidence_links.sql (6.29ms)
2026/10/03 18:10:07 OK   00030_sp05_recipe_fence.sql (2.47ms)
2026/10/03 18:10:07 OK   00031_sp05_rca_postcheck.sql (2.01ms)
2026/10/03 18:10:07 OK   00032_sp05_transport_audit.sql (2.72ms)
2026/10/03 18:10:07 OK   00033_sp05_poll_resolution_clock.sql (2.49ms)
2026/10/03 18:10:07 OK   00034_sp06_investigation_ledger.sql (8.19ms)
2026/10/03 18:10:07 goose: successfully migrated database to version: 34
--- PASS: TestSP06JobLeaseReplayAndAtomicBudget (0.64s)
PASS
ok  	ops-platform/test/integration	2.108s
