=== RUN   TestSP06JobLeaseReplayAndAtomicBudget
2026/10/03 19:08:50 OK   00001_roles_and_schemas.sql (18.53ms)
2026/10/03 19:08:50 goose: successfully migrated database to version: 1
2026/10/03 19:08:50 OK   00002_platform_meta.sql (15.52ms)
2026/10/03 19:08:50 OK   00003_finding.sql (12.83ms)
2026/10/03 19:08:50 OK   00004_incident.sql (5.07ms)
2026/10/03 19:08:50 OK   00005_investigation.sql (5.59ms)
2026/10/03 19:08:50 OK   00006_action_command.sql (5.04ms)
2026/10/03 19:08:50 OK   00007_audit.sql (14.39ms)
2026/10/03 19:08:50 OK   00008_rls.sql (13.59ms)
2026/10/03 19:08:50 OK   00009_idempotency_ledger.sql (6.27ms)
2026/10/03 19:08:50 OK   00010_tenant_provisioning.sql (5.13ms)
2026/10/03 19:08:50 OK   00011_source_registration_history.sql (6.07ms)
2026/10/03 19:08:50 OK   00012_config_registry_lifecycle.sql (8.43ms)
2026/10/03 19:08:50 OK   00013_audit_signed_segments.sql (12.2ms)
2026/10/03 19:08:50 OK   00014_audit_segment_predecessors.sql (5.34ms)
2026/10/03 19:08:50 OK   00015_source_schema_scope.sql (2.91ms)
2026/10/03 19:08:50 OK   00016_cluster_registration_metadata.sql (4.45ms)
2026/10/03 19:08:50 OK   00017_source_data_scope.sql (4.02ms)
2026/10/03 19:08:50 OK   00018_sp04_resources_evidence.sql (16.84ms)
2026/10/03 19:08:50 OK   00019_sp04_archive_ciphertext_bytes.sql (4.35ms)
2026/10/03 19:08:50 OK   00020_sp04_request_ledger.sql (4.04ms)
2026/10/03 19:08:50 OK   00021_sp04_archive_protection.sql (18.72ms)
2026/10/03 19:08:50 OK   00022_sp04_legal_hold_dependencies.sql (2.85ms)
2026/10/03 19:08:50 OK   00023_sp04_archive_query_intent.sql (3.11ms)
2026/10/03 19:08:50 OK   00024_sp05_finding_incident.sql (22.87ms)
2026/10/03 19:08:50 OK   00025_sp05_incident_event_time.sql (3.07ms)
2026/10/03 19:08:50 OK   00026_sp05_source_binding_lock.sql (3.54ms)
2026/10/03 19:08:50 OK   00027_sp05_rca_and_poll.sql (7.16ms)
2026/10/03 19:08:50 OK   00028_sp05_operator_lock.sql (5.87ms)
2026/10/03 19:08:50 OK   00029_sp05_evidence_links.sql (7.13ms)
2026/10/03 19:08:50 OK   00030_sp05_recipe_fence.sql (3.45ms)
2026/10/03 19:08:50 OK   00031_sp05_rca_postcheck.sql (1.95ms)
2026/10/03 19:08:50 OK   00032_sp05_transport_audit.sql (2.67ms)
2026/10/03 19:08:50 OK   00033_sp05_poll_resolution_clock.sql (3.59ms)
2026/10/03 19:08:50 OK   00034_sp06_investigation_ledger.sql (21.04ms)
2026/10/03 19:08:50 goose: successfully migrated database to version: 34
--- PASS: TestSP06JobLeaseReplayAndAtomicBudget (0.73s)
PASS
ok  	ops-platform/test/integration	1.708s
