=== RUN   TestSP06JobLeaseReplayAndAtomicBudget
2026/10/03 18:06:04 OK   00001_roles_and_schemas.sql (37.85ms)
2026/10/03 18:06:04 goose: successfully migrated database to version: 1
2026/10/03 18:06:04 OK   00002_platform_meta.sql (18.13ms)
2026/10/03 18:06:04 OK   00003_finding.sql (12.92ms)
2026/10/03 18:06:04 OK   00004_incident.sql (4.52ms)
2026/10/03 18:06:04 OK   00005_investigation.sql (4.29ms)
2026/10/03 18:06:04 OK   00006_action_command.sql (4.88ms)
2026/10/03 18:06:04 OK   00007_audit.sql (21.98ms)
2026/10/03 18:06:04 OK   00008_rls.sql (15.3ms)
2026/10/03 18:06:04 OK   00009_idempotency_ledger.sql (9.56ms)
2026/10/03 18:06:04 OK   00010_tenant_provisioning.sql (3.24ms)
2026/10/03 18:06:04 OK   00011_source_registration_history.sql (19.21ms)
2026/10/03 18:06:04 OK   00012_config_registry_lifecycle.sql (6.62ms)
2026/10/03 18:06:04 OK   00013_audit_signed_segments.sql (6.78ms)
2026/10/03 18:06:04 OK   00014_audit_segment_predecessors.sql (3.56ms)
2026/10/03 18:06:04 OK   00015_source_schema_scope.sql (2.2ms)
2026/10/03 18:06:04 OK   00016_cluster_registration_metadata.sql (9.35ms)
2026/10/03 18:06:04 OK   00017_source_data_scope.sql (12.2ms)
2026/10/03 18:06:04 OK   00018_sp04_resources_evidence.sql (23.76ms)
2026/10/03 18:06:04 OK   00019_sp04_archive_ciphertext_bytes.sql (2.77ms)
2026/10/03 18:06:04 OK   00020_sp04_request_ledger.sql (3.1ms)
2026/10/03 18:06:04 OK   00021_sp04_archive_protection.sql (3.31ms)
2026/10/03 18:06:04 OK   00022_sp04_legal_hold_dependencies.sql (9.71ms)
2026/10/03 18:06:04 OK   00023_sp04_archive_query_intent.sql (3.49ms)
2026/10/03 18:06:04 OK   00024_sp05_finding_incident.sql (13.16ms)
2026/10/03 18:06:04 OK   00025_sp05_incident_event_time.sql (2.64ms)
2026/10/03 18:06:04 OK   00026_sp05_source_binding_lock.sql (2.25ms)
2026/10/03 18:06:04 OK   00027_sp05_rca_and_poll.sql (12.9ms)
2026/10/03 18:06:04 OK   00028_sp05_operator_lock.sql (10.16ms)
2026/10/03 18:06:04 OK   00029_sp05_evidence_links.sql (4.46ms)
2026/10/03 18:06:04 OK   00030_sp05_recipe_fence.sql (10.52ms)
2026/10/03 18:06:04 OK   00031_sp05_rca_postcheck.sql (6.9ms)
2026/10/03 18:06:04 OK   00032_sp05_transport_audit.sql (2.73ms)
2026/10/03 18:06:04 OK   00033_sp05_poll_resolution_clock.sql (2.81ms)
2026/10/03 18:06:04 OK   00034_sp06_investigation_ledger.sql (8.3ms)
2026/10/03 18:06:04 goose: successfully migrated database to version: 34
    sp06_job_test.go:46: INVESTIGATION_NOT_AUTHORIZED
--- FAIL: TestSP06JobLeaseReplayAndAtomicBudget (0.72s)
FAIL
FAIL	ops-platform/test/integration	1.641s
FAIL
