=== RUN   TestSP06JobLeaseReplayAndAtomicBudget
2026/10/03 18:07:11 OK   00001_roles_and_schemas.sql (25.99ms)
2026/10/03 18:07:11 goose: successfully migrated database to version: 1
2026/10/03 18:07:11 OK   00002_platform_meta.sql (26.7ms)
2026/10/03 18:07:11 OK   00003_finding.sql (8.07ms)
2026/10/03 18:07:11 OK   00004_incident.sql (10.02ms)
2026/10/03 18:07:11 OK   00005_investigation.sql (10.42ms)
2026/10/03 18:07:11 OK   00006_action_command.sql (4.94ms)
2026/10/03 18:07:11 OK   00007_audit.sql (20.49ms)
2026/10/03 18:07:11 OK   00008_rls.sql (12.05ms)
2026/10/03 18:07:12 OK   00009_idempotency_ledger.sql (12.76ms)
2026/10/03 18:07:12 OK   00010_tenant_provisioning.sql (5.65ms)
2026/10/03 18:07:12 OK   00011_source_registration_history.sql (7.89ms)
2026/10/03 18:07:12 OK   00012_config_registry_lifecycle.sql (7.13ms)
2026/10/03 18:07:12 OK   00013_audit_signed_segments.sql (25.81ms)
2026/10/03 18:07:12 OK   00014_audit_segment_predecessors.sql (3.96ms)
2026/10/03 18:07:12 OK   00015_source_schema_scope.sql (2.03ms)
2026/10/03 18:07:12 OK   00016_cluster_registration_metadata.sql (2.86ms)
2026/10/03 18:07:12 OK   00017_source_data_scope.sql (2.28ms)
2026/10/03 18:07:12 OK   00018_sp04_resources_evidence.sql (27.91ms)
2026/10/03 18:07:12 OK   00019_sp04_archive_ciphertext_bytes.sql (3.89ms)
2026/10/03 18:07:12 OK   00020_sp04_request_ledger.sql (8.09ms)
2026/10/03 18:07:12 OK   00021_sp04_archive_protection.sql (11.74ms)
2026/10/03 18:07:12 OK   00022_sp04_legal_hold_dependencies.sql (2.43ms)
2026/10/03 18:07:12 OK   00023_sp04_archive_query_intent.sql (2.6ms)
2026/10/03 18:07:12 OK   00024_sp05_finding_incident.sql (27.04ms)
2026/10/03 18:07:12 OK   00025_sp05_incident_event_time.sql (2.52ms)
2026/10/03 18:07:12 OK   00026_sp05_source_binding_lock.sql (21.17ms)
2026/10/03 18:07:12 OK   00027_sp05_rca_and_poll.sql (5.8ms)
2026/10/03 18:07:12 OK   00028_sp05_operator_lock.sql (2.17ms)
2026/10/03 18:07:12 OK   00029_sp05_evidence_links.sql (3.55ms)
2026/10/03 18:07:12 OK   00030_sp05_recipe_fence.sql (2.41ms)
2026/10/03 18:07:12 OK   00031_sp05_rca_postcheck.sql (4.31ms)
2026/10/03 18:07:12 OK   00032_sp05_transport_audit.sql (15.94ms)
2026/10/03 18:07:12 OK   00033_sp05_poll_resolution_clock.sql (3.17ms)
2026/10/03 18:07:12 OK   00034_sp06_investigation_ledger.sql (8.31ms)
2026/10/03 18:07:12 goose: successfully migrated database to version: 34
    sp06_job_test.go:46: INVALID_INVESTIGATION
--- FAIL: TestSP06JobLeaseReplayAndAtomicBudget (0.62s)
FAIL
FAIL	ops-platform/test/integration	1.667s
FAIL
