=== RUN   TestMigrationsAndRoles
2026/10/03 20:20:10 OK   00001_roles_and_schemas.sql (27.74ms)
2026/10/03 20:20:10 goose: successfully migrated database to version: 1
2026/10/03 20:20:10 OK   00002_platform_meta.sql (30.72ms)
2026/10/03 20:20:10 OK   00003_finding.sql (22.1ms)
2026/10/03 20:20:10 OK   00004_incident.sql (4.78ms)
2026/10/03 20:20:10 OK   00005_investigation.sql (8.74ms)
2026/10/03 20:20:10 OK   00006_action_command.sql (5.41ms)
2026/10/03 20:20:10 OK   00007_audit.sql (11.13ms)
2026/10/03 20:20:10 OK   00008_rls.sql (6.59ms)
2026/10/03 20:20:10 OK   00009_idempotency_ledger.sql (4.67ms)
2026/10/03 20:20:10 OK   00010_tenant_provisioning.sql (2.53ms)
2026/10/03 20:20:10 OK   00011_source_registration_history.sql (4.47ms)
2026/10/03 20:20:10 OK   00012_config_registry_lifecycle.sql (5.62ms)
2026/10/03 20:20:10 OK   00013_audit_signed_segments.sql (6.61ms)
2026/10/03 20:20:10 OK   00014_audit_segment_predecessors.sql (7.09ms)
2026/10/03 20:20:10 OK   00015_source_schema_scope.sql (7.34ms)
2026/10/03 20:20:10 OK   00016_cluster_registration_metadata.sql (9.17ms)
2026/10/03 20:20:10 OK   00017_source_data_scope.sql (3.13ms)
2026/10/03 20:20:10 OK   00018_sp04_resources_evidence.sql (10.05ms)
2026/10/03 20:20:10 OK   00019_sp04_archive_ciphertext_bytes.sql (1.95ms)
2026/10/03 20:20:10 OK   00020_sp04_request_ledger.sql (7.84ms)
2026/10/03 20:20:10 OK   00021_sp04_archive_protection.sql (5.81ms)
2026/10/03 20:20:11 OK   00022_sp04_legal_hold_dependencies.sql (9.76ms)
2026/10/03 20:20:11 OK   00023_sp04_archive_query_intent.sql (2.49ms)
2026/10/03 20:20:11 OK   00024_sp05_finding_incident.sql (29.08ms)
2026/10/03 20:20:11 OK   00025_sp05_incident_event_time.sql (2.17ms)
2026/10/03 20:20:11 OK   00026_sp05_source_binding_lock.sql (2.92ms)
2026/10/03 20:20:11 OK   00027_sp05_rca_and_poll.sql (8.11ms)
2026/10/03 20:20:11 OK   00028_sp05_operator_lock.sql (11.67ms)
2026/10/03 20:20:11 OK   00029_sp05_evidence_links.sql (5.45ms)
2026/10/03 20:20:11 OK   00030_sp05_recipe_fence.sql (3.3ms)
2026/10/03 20:20:11 OK   00031_sp05_rca_postcheck.sql (4.04ms)
2026/10/03 20:20:11 OK   00032_sp05_transport_audit.sql (7.37ms)
2026/10/03 20:20:11 OK   00033_sp05_poll_resolution_clock.sql (6.79ms)
2026/10/03 20:20:11 OK   00034_sp06_investigation_ledger.sql (12.94ms)
2026/10/03 20:20:11 goose: successfully migrated database to version: 34
--- PASS: TestMigrationsAndRoles (0.49s)
=== RUN   TestSP06StandardMCPToolStateReplayAndDenialMatrix
2026/10/03 20:20:11 OK   00001_roles_and_schemas.sql (14.12ms)
2026/10/03 20:20:11 goose: successfully migrated database to version: 1
2026/10/03 20:20:11 OK   00002_platform_meta.sql (27.09ms)
2026/10/03 20:20:11 OK   00003_finding.sql (5.51ms)
2026/10/03 20:20:11 OK   00004_incident.sql (3.91ms)
2026/10/03 20:20:11 OK   00005_investigation.sql (4.18ms)
2026/10/03 20:20:11 OK   00006_action_command.sql (6.8ms)
2026/10/03 20:20:11 OK   00007_audit.sql (13.78ms)
2026/10/03 20:20:11 OK   00008_rls.sql (9.06ms)
2026/10/03 20:20:11 OK   00009_idempotency_ledger.sql (5.04ms)
2026/10/03 20:20:11 OK   00010_tenant_provisioning.sql (2.79ms)
2026/10/03 20:20:11 OK   00011_source_registration_history.sql (5.48ms)
2026/10/03 20:20:11 OK   00012_config_registry_lifecycle.sql (10.14ms)
2026/10/03 20:20:11 OK   00013_audit_signed_segments.sql (18.08ms)
2026/10/03 20:20:11 OK   00014_audit_segment_predecessors.sql (4.58ms)
2026/10/03 20:20:11 OK   00015_source_schema_scope.sql (2.48ms)
2026/10/03 20:20:11 OK   00016_cluster_registration_metadata.sql (9.44ms)
2026/10/03 20:20:11 OK   00017_source_data_scope.sql (11.82ms)
2026/10/03 20:20:11 OK   00018_sp04_resources_evidence.sql (26.33ms)
2026/10/03 20:20:11 OK   00019_sp04_archive_ciphertext_bytes.sql (5.35ms)
2026/10/03 20:20:11 OK   00020_sp04_request_ledger.sql (3.99ms)
2026/10/03 20:20:11 OK   00021_sp04_archive_protection.sql (3.12ms)
2026/10/03 20:20:11 OK   00022_sp04_legal_hold_dependencies.sql (2.49ms)
2026/10/03 20:20:11 OK   00023_sp04_archive_query_intent.sql (9.7ms)
2026/10/03 20:20:11 OK   00024_sp05_finding_incident.sql (22.62ms)
2026/10/03 20:20:11 OK   00025_sp05_incident_event_time.sql (2.05ms)
2026/10/03 20:20:11 OK   00026_sp05_source_binding_lock.sql (3.04ms)
2026/10/03 20:20:11 OK   00027_sp05_rca_and_poll.sql (13.44ms)
2026/10/03 20:20:11 OK   00028_sp05_operator_lock.sql (8.29ms)
2026/10/03 20:20:11 OK   00029_sp05_evidence_links.sql (3.97ms)
2026/10/03 20:20:11 OK   00030_sp05_recipe_fence.sql (2.06ms)
2026/10/03 20:20:11 OK   00031_sp05_rca_postcheck.sql (1.89ms)
2026/10/03 20:20:11 OK   00032_sp05_transport_audit.sql (1.92ms)
2026/10/03 20:20:11 OK   00033_sp05_poll_resolution_clock.sql (2.46ms)
2026/10/03 20:20:11 OK   00034_sp06_investigation_ledger.sql (18.74ms)
2026/10/03 20:20:11 goose: successfully migrated database to version: 34
    sp06_mcp_test.go:186: 15 tools x succeeded/partial/degraded/current-denied with official Streamable HTTP, real Transit and PostgreSQL; disabled VM and unregistered writes remain unavailable
--- PASS: TestSP06StandardMCPToolStateReplayAndDenialMatrix (3.53s)
=== RUN   TestSP06RecoveryNonceTransactionAndValidator
2026/10/03 20:20:14 OK   00001_roles_and_schemas.sql (5.71ms)
2026/10/03 20:20:14 goose: successfully migrated database to version: 1
2026/10/03 20:20:14 OK   00002_platform_meta.sql (28.41ms)
2026/10/03 20:20:14 OK   00003_finding.sql (5.63ms)
2026/10/03 20:20:14 OK   00004_incident.sql (3.46ms)
2026/10/03 20:20:14 OK   00005_investigation.sql (3.92ms)
2026/10/03 20:20:14 OK   00006_action_command.sql (8.96ms)
2026/10/03 20:20:14 OK   00007_audit.sql (15.48ms)
2026/10/03 20:20:14 OK   00008_rls.sql (6.2ms)
2026/10/03 20:20:14 OK   00009_idempotency_ledger.sql (16.86ms)
2026/10/03 20:20:14 OK   00010_tenant_provisioning.sql (8.75ms)
2026/10/03 20:20:14 OK   00011_source_registration_history.sql (5.74ms)
2026/10/03 20:20:14 OK   00012_config_registry_lifecycle.sql (6.03ms)
2026/10/03 20:20:14 OK   00013_audit_signed_segments.sql (13.02ms)
2026/10/03 20:20:14 OK   00014_audit_segment_predecessors.sql (14.87ms)
2026/10/03 20:20:14 OK   00015_source_schema_scope.sql (2.52ms)
2026/10/03 20:20:14 OK   00016_cluster_registration_metadata.sql (3.58ms)
2026/10/03 20:20:14 OK   00017_source_data_scope.sql (2.63ms)
2026/10/03 20:20:14 OK   00018_sp04_resources_evidence.sql (22.64ms)
2026/10/03 20:20:14 OK   00019_sp04_archive_ciphertext_bytes.sql (2.73ms)
2026/10/03 20:20:14 OK   00020_sp04_request_ledger.sql (3.19ms)
2026/10/03 20:20:14 OK   00021_sp04_archive_protection.sql (17.95ms)
2026/10/03 20:20:14 OK   00022_sp04_legal_hold_dependencies.sql (4.59ms)
2026/10/03 20:20:14 OK   00023_sp04_archive_query_intent.sql (2.2ms)
2026/10/03 20:20:15 OK   00024_sp05_finding_incident.sql (26.56ms)
2026/10/03 20:20:15 OK   00025_sp05_incident_event_time.sql (3.08ms)
2026/10/03 20:20:15 OK   00026_sp05_source_binding_lock.sql (2.36ms)
2026/10/03 20:20:15 OK   00027_sp05_rca_and_poll.sql (5.6ms)
2026/10/03 20:20:15 OK   00028_sp05_operator_lock.sql (2.26ms)
2026/10/03 20:20:15 OK   00029_sp05_evidence_links.sql (5.06ms)
2026/10/03 20:20:15 OK   00030_sp05_recipe_fence.sql (17.34ms)
2026/10/03 20:20:15 OK   00031_sp05_rca_postcheck.sql (2.22ms)
2026/10/03 20:20:15 OK   00032_sp05_transport_audit.sql (2.07ms)
2026/10/03 20:20:15 OK   00033_sp05_poll_resolution_clock.sql (2.33ms)
2026/10/03 20:20:15 OK   00034_sp06_investigation_ledger.sql (27.48ms)
2026/10/03 20:20:15 goose: successfully migrated database to version: 34
--- PASS: TestSP06RecoveryNonceTransactionAndValidator (0.85s)
=== RUN   TestSP06CancelExpireAndCurrentRevocation
2026/10/03 20:20:15 OK   00001_roles_and_schemas.sql (7.31ms)
2026/10/03 20:20:15 goose: successfully migrated database to version: 1
2026/10/03 20:20:15 OK   00002_platform_meta.sql (35.75ms)
2026/10/03 20:20:15 OK   00003_finding.sql (5.92ms)
2026/10/03 20:20:15 OK   00004_incident.sql (6.41ms)
2026/10/03 20:20:15 OK   00005_investigation.sql (9.58ms)
2026/10/03 20:20:15 OK   00006_action_command.sql (10.59ms)
2026/10/03 20:20:15 OK   00007_audit.sql (17.74ms)
2026/10/03 20:20:15 OK   00008_rls.sql (11.79ms)
2026/10/03 20:20:15 OK   00009_idempotency_ledger.sql (9.9ms)
2026/10/03 20:20:15 OK   00010_tenant_provisioning.sql (10.02ms)
2026/10/03 20:20:15 OK   00011_source_registration_history.sql (8.06ms)
2026/10/03 20:20:15 OK   00012_config_registry_lifecycle.sql (26.96ms)
2026/10/03 20:20:15 OK   00013_audit_signed_segments.sql (19.82ms)
2026/10/03 20:20:15 OK   00014_audit_segment_predecessors.sql (15.55ms)
2026/10/03 20:20:15 OK   00015_source_schema_scope.sql (3.14ms)
2026/10/03 20:20:15 OK   00016_cluster_registration_metadata.sql (3.15ms)
2026/10/03 20:20:15 OK   00017_source_data_scope.sql (2.58ms)
2026/10/03 20:20:15 OK   00018_sp04_resources_evidence.sql (9.22ms)
2026/10/03 20:20:15 OK   00019_sp04_archive_ciphertext_bytes.sql (1.87ms)
2026/10/03 20:20:15 OK   00020_sp04_request_ledger.sql (4.32ms)
2026/10/03 20:20:15 OK   00021_sp04_archive_protection.sql (8.75ms)
2026/10/03 20:20:15 OK   00022_sp04_legal_hold_dependencies.sql (11ms)
2026/10/03 20:20:15 OK   00023_sp04_archive_query_intent.sql (2.72ms)
2026/10/03 20:20:15 OK   00024_sp05_finding_incident.sql (10.68ms)
2026/10/03 20:20:15 OK   00025_sp05_incident_event_time.sql (1.99ms)
2026/10/03 20:20:15 OK   00026_sp05_source_binding_lock.sql (2.19ms)
2026/10/03 20:20:15 OK   00027_sp05_rca_and_poll.sql (7.12ms)
2026/10/03 20:20:15 OK   00028_sp05_operator_lock.sql (7.06ms)
2026/10/03 20:20:15 OK   00029_sp05_evidence_links.sql (10.98ms)
2026/10/03 20:20:15 OK   00030_sp05_recipe_fence.sql (2.22ms)
2026/10/03 20:20:15 OK   00031_sp05_rca_postcheck.sql (1.81ms)
2026/10/03 20:20:15 OK   00032_sp05_transport_audit.sql (1.98ms)
2026/10/03 20:20:15 OK   00033_sp05_poll_resolution_clock.sql (2.18ms)
2026/10/03 20:20:15 OK   00034_sp06_investigation_ledger.sql (26.58ms)
2026/10/03 20:20:15 goose: successfully migrated database to version: 34
--- PASS: TestSP06CancelExpireAndCurrentRevocation (0.65s)
PASS
ok  	ops-platform/test/integration	6.673s
