=== RUN   TestSP06StandardMCPToolStateReplayAndDenialMatrix
2026/10/04 08:25:52 OK   00001_roles_and_schemas.sql (35.12ms)
2026/10/04 08:25:52 goose: successfully migrated database to version: 1
2026/10/04 08:25:52 OK   00002_platform_meta.sql (23.94ms)
2026/10/04 08:25:52 OK   00003_finding.sql (13.36ms)
2026/10/04 08:25:52 OK   00004_incident.sql (12.66ms)
2026/10/04 08:25:52 OK   00005_investigation.sql (12.62ms)
2026/10/04 08:25:52 OK   00006_action_command.sql (104.53ms)
2026/10/04 08:25:52 OK   00007_audit.sql (9.96ms)
2026/10/04 08:25:52 OK   00008_rls.sql (23.01ms)
2026/10/04 08:25:52 OK   00009_idempotency_ledger.sql (15.27ms)
2026/10/04 08:25:52 OK   00010_tenant_provisioning.sql (32.49ms)
2026/10/04 08:25:52 OK   00011_source_registration_history.sql (6.41ms)
2026/10/04 08:25:52 OK   00012_config_registry_lifecycle.sql (8ms)
2026/10/04 08:25:52 OK   00013_audit_signed_segments.sql (44.7ms)
2026/10/04 08:25:52 OK   00014_audit_segment_predecessors.sql (16.52ms)
2026/10/04 08:25:52 OK   00015_source_schema_scope.sql (21.33ms)
2026/10/04 08:25:52 OK   00016_cluster_registration_metadata.sql (10.6ms)
2026/10/04 08:25:52 OK   00017_source_data_scope.sql (9.9ms)
2026/10/04 08:25:52 OK   00018_sp04_resources_evidence.sql (13.68ms)
2026/10/04 08:25:52 OK   00019_sp04_archive_ciphertext_bytes.sql (1.91ms)
2026/10/04 08:25:52 OK   00020_sp04_request_ledger.sql (6.1ms)
2026/10/04 08:25:52 OK   00021_sp04_archive_protection.sql (15.67ms)
2026/10/04 08:25:52 OK   00022_sp04_legal_hold_dependencies.sql (4.97ms)
2026/10/04 08:25:52 OK   00023_sp04_archive_query_intent.sql (3.52ms)
2026/10/04 08:25:52 OK   00024_sp05_finding_incident.sql (24.83ms)
2026/10/04 08:25:52 OK   00025_sp05_incident_event_time.sql (8.16ms)
2026/10/04 08:25:52 OK   00026_sp05_source_binding_lock.sql (6.65ms)
2026/10/04 08:25:52 OK   00027_sp05_rca_and_poll.sql (31.33ms)
2026/10/04 08:25:52 OK   00028_sp05_operator_lock.sql (8.87ms)
2026/10/04 08:25:52 OK   00029_sp05_evidence_links.sql (13.7ms)
2026/10/04 08:25:52 OK   00030_sp05_recipe_fence.sql (5.15ms)
2026/10/04 08:25:52 OK   00031_sp05_rca_postcheck.sql (7.08ms)
2026/10/04 08:25:52 OK   00032_sp05_transport_audit.sql (7.7ms)
2026/10/04 08:25:52 OK   00033_sp05_poll_resolution_clock.sql (6.88ms)
2026/10/04 08:25:53 OK   00034_sp06_investigation_ledger.sql (34.54ms)
2026/10/04 08:25:53 goose: successfully migrated database to version: 34
    sp06_mcp_test.go:242: 15 tools x succeeded/partial/degraded/current-denied with official Streamable HTTP, real Transit and PostgreSQL; disabled VM and unregistered writes remain unavailable
--- PASS: TestSP06StandardMCPToolStateReplayAndDenialMatrix (23.42s)
PASS
ok  	ops-platform/test/integration	24.659s
