=== RUN   TestSP06StandardMCPToolStateReplayAndDenialMatrix
2026/10/03 21:10:43 OK   00001_roles_and_schemas.sql (8.79ms)
2026/10/03 21:10:43 goose: successfully migrated database to version: 1
2026/10/03 21:10:43 OK   00002_platform_meta.sql (26.92ms)
2026/10/03 21:10:43 OK   00003_finding.sql (5.88ms)
2026/10/03 21:10:43 OK   00004_incident.sql (14.86ms)
2026/10/03 21:10:43 OK   00005_investigation.sql (8.18ms)
2026/10/03 21:10:43 OK   00006_action_command.sql (4.15ms)
2026/10/03 21:10:43 OK   00007_audit.sql (5.48ms)
2026/10/03 21:10:43 OK   00008_rls.sql (6.87ms)
2026/10/03 21:10:43 OK   00009_idempotency_ledger.sql (16.56ms)
2026/10/03 21:10:43 OK   00010_tenant_provisioning.sql (3.52ms)
2026/10/03 21:10:43 OK   00011_source_registration_history.sql (7.59ms)
2026/10/03 21:10:43 OK   00012_config_registry_lifecycle.sql (11.97ms)
2026/10/03 21:10:43 OK   00013_audit_signed_segments.sql (12.13ms)
2026/10/03 21:10:43 OK   00014_audit_segment_predecessors.sql (5.1ms)
2026/10/03 21:10:43 OK   00015_source_schema_scope.sql (8.35ms)
2026/10/03 21:10:43 OK   00016_cluster_registration_metadata.sql (5.96ms)
2026/10/03 21:10:43 OK   00017_source_data_scope.sql (2.91ms)
2026/10/03 21:10:43 OK   00018_sp04_resources_evidence.sql (8.76ms)
2026/10/03 21:10:43 OK   00019_sp04_archive_ciphertext_bytes.sql (3.51ms)
2026/10/03 21:10:43 OK   00020_sp04_request_ledger.sql (8.66ms)
2026/10/03 21:10:43 OK   00021_sp04_archive_protection.sql (10.78ms)
2026/10/03 21:10:43 OK   00022_sp04_legal_hold_dependencies.sql (2.26ms)
2026/10/03 21:10:43 OK   00023_sp04_archive_query_intent.sql (10.01ms)
2026/10/03 21:10:43 OK   00024_sp05_finding_incident.sql (20.04ms)
2026/10/03 21:10:43 OK   00025_sp05_incident_event_time.sql (2.09ms)
2026/10/03 21:10:43 OK   00026_sp05_source_binding_lock.sql (1.9ms)
2026/10/03 21:10:43 OK   00027_sp05_rca_and_poll.sql (5.95ms)
2026/10/03 21:10:43 OK   00028_sp05_operator_lock.sql (2.16ms)
2026/10/03 21:10:43 OK   00029_sp05_evidence_links.sql (13.28ms)
2026/10/03 21:10:43 OK   00030_sp05_recipe_fence.sql (10.34ms)
2026/10/03 21:10:43 OK   00031_sp05_rca_postcheck.sql (2.53ms)
2026/10/03 21:10:43 OK   00032_sp05_transport_audit.sql (2.22ms)
2026/10/03 21:10:43 OK   00033_sp05_poll_resolution_clock.sql (11.84ms)
2026/10/03 21:10:43 OK   00034_sp06_investigation_ledger.sql (23.57ms)
2026/10/03 21:10:43 goose: successfully migrated database to version: 34
    sp06_mcp_test.go:232: 15 tools x succeeded/partial/degraded/current-denied with official Streamable HTTP, real Transit and PostgreSQL; disabled VM and unregistered writes remain unavailable
--- PASS: TestSP06StandardMCPToolStateReplayAndDenialMatrix (14.28s)
PASS
ok  	ops-platform/test/integration	15.351s
