=== RUN   TestSP06JobLeaseReplayAndAtomicBudget
2026/10/03 20:17:00 OK   00001_roles_and_schemas.sql (20.13ms)
2026/10/03 20:17:00 goose: successfully migrated database to version: 1
2026/10/03 20:17:00 OK   00002_platform_meta.sql (22.14ms)
2026/10/03 20:17:00 OK   00003_finding.sql (5.1ms)
2026/10/03 20:17:00 OK   00004_incident.sql (3.68ms)
2026/10/03 20:17:00 OK   00005_investigation.sql (4.65ms)
2026/10/03 20:17:00 OK   00006_action_command.sql (17ms)
2026/10/03 20:17:00 OK   00007_audit.sql (7.16ms)
2026/10/03 20:17:00 OK   00008_rls.sql (6.07ms)
2026/10/03 20:17:00 OK   00009_idempotency_ledger.sql (10.04ms)
2026/10/03 20:17:00 OK   00010_tenant_provisioning.sql (13.27ms)
2026/10/03 20:17:00 OK   00011_source_registration_history.sql (4.78ms)
2026/10/03 20:17:01 OK   00012_config_registry_lifecycle.sql (6.11ms)
2026/10/03 20:17:01 OK   00013_audit_signed_segments.sql (24.07ms)
2026/10/03 20:17:01 OK   00014_audit_segment_predecessors.sql (4.52ms)
2026/10/03 20:17:01 OK   00015_source_schema_scope.sql (3.02ms)
2026/10/03 20:17:01 OK   00016_cluster_registration_metadata.sql (3.58ms)
2026/10/03 20:17:01 OK   00017_source_data_scope.sql (7.66ms)
2026/10/03 20:17:01 OK   00018_sp04_resources_evidence.sql (17.71ms)
2026/10/03 20:17:01 OK   00019_sp04_archive_ciphertext_bytes.sql (2.2ms)
2026/10/03 20:17:01 OK   00020_sp04_request_ledger.sql (11.91ms)
2026/10/03 20:17:01 OK   00021_sp04_archive_protection.sql (7.25ms)
2026/10/03 20:17:01 OK   00022_sp04_legal_hold_dependencies.sql (2.04ms)
2026/10/03 20:17:01 OK   00023_sp04_archive_query_intent.sql (1.96ms)
2026/10/03 20:17:01 OK   00024_sp05_finding_incident.sql (25.84ms)
2026/10/03 20:17:01 OK   00025_sp05_incident_event_time.sql (2.18ms)
2026/10/03 20:17:01 OK   00026_sp05_source_binding_lock.sql (2.79ms)
2026/10/03 20:17:01 OK   00027_sp05_rca_and_poll.sql (6.03ms)
2026/10/03 20:17:01 OK   00028_sp05_operator_lock.sql (5.05ms)
2026/10/03 20:17:01 OK   00029_sp05_evidence_links.sql (13.32ms)
2026/10/03 20:17:01 OK   00030_sp05_recipe_fence.sql (2.43ms)
2026/10/03 20:17:01 OK   00031_sp05_rca_postcheck.sql (5.86ms)
2026/10/03 20:17:01 OK   00032_sp05_transport_audit.sql (5.05ms)
2026/10/03 20:17:01 OK   00033_sp05_poll_resolution_clock.sql (9.11ms)
2026/10/03 20:17:01 OK   00034_sp06_investigation_ledger.sql (29.29ms)
2026/10/03 20:17:01 goose: successfully migrated database to version: 34
--- PASS: TestSP06JobLeaseReplayAndAtomicBudget (0.72s)
=== RUN   TestSP06StandardMCPToolStateReplayAndDenialMatrix
2026/10/03 20:17:01 OK   00001_roles_and_schemas.sql (9.12ms)
2026/10/03 20:17:01 goose: successfully migrated database to version: 1
2026/10/03 20:17:01 OK   00002_platform_meta.sql (28.28ms)
2026/10/03 20:17:01 OK   00003_finding.sql (5.83ms)
2026/10/03 20:17:01 OK   00004_incident.sql (3.83ms)
2026/10/03 20:17:01 OK   00005_investigation.sql (4.67ms)
2026/10/03 20:17:01 OK   00006_action_command.sql (11.77ms)
2026/10/03 20:17:01 OK   00007_audit.sql (11.95ms)
2026/10/03 20:17:01 OK   00008_rls.sql (15.28ms)
2026/10/03 20:17:01 OK   00009_idempotency_ledger.sql (14.96ms)
2026/10/03 20:17:01 OK   00010_tenant_provisioning.sql (12.45ms)
2026/10/03 20:17:01 OK   00011_source_registration_history.sql (10.72ms)
2026/10/03 20:17:01 OK   00012_config_registry_lifecycle.sql (8.54ms)
2026/10/03 20:17:01 OK   00013_audit_signed_segments.sql (15.06ms)
2026/10/03 20:17:01 OK   00014_audit_segment_predecessors.sql (11.38ms)
2026/10/03 20:17:01 OK   00015_source_schema_scope.sql (3.52ms)
2026/10/03 20:17:01 OK   00016_cluster_registration_metadata.sql (4.38ms)
2026/10/03 20:17:01 OK   00017_source_data_scope.sql (11.44ms)
2026/10/03 20:17:01 OK   00018_sp04_resources_evidence.sql (17.38ms)
2026/10/03 20:17:01 OK   00019_sp04_archive_ciphertext_bytes.sql (3.84ms)
2026/10/03 20:17:01 OK   00020_sp04_request_ledger.sql (8.39ms)
2026/10/03 20:17:01 OK   00021_sp04_archive_protection.sql (7.37ms)
2026/10/03 20:17:01 OK   00022_sp04_legal_hold_dependencies.sql (4.15ms)
2026/10/03 20:17:01 OK   00023_sp04_archive_query_intent.sql (2.66ms)
2026/10/03 20:17:01 OK   00024_sp05_finding_incident.sql (29.84ms)
2026/10/03 20:17:01 OK   00025_sp05_incident_event_time.sql (8.45ms)
2026/10/03 20:17:01 OK   00026_sp05_source_binding_lock.sql (11ms)
2026/10/03 20:17:01 OK   00027_sp05_rca_and_poll.sql (6.81ms)
2026/10/03 20:17:01 OK   00028_sp05_operator_lock.sql (5.53ms)
2026/10/03 20:17:01 OK   00029_sp05_evidence_links.sql (10.61ms)
2026/10/03 20:17:01 OK   00030_sp05_recipe_fence.sql (5.41ms)
2026/10/03 20:17:01 OK   00031_sp05_rca_postcheck.sql (1.89ms)
2026/10/03 20:17:01 OK   00032_sp05_transport_audit.sql (2.14ms)
2026/10/03 20:17:01 OK   00033_sp05_poll_resolution_clock.sql (2.96ms)
2026/10/03 20:17:01 OK   00034_sp06_investigation_ledger.sql (26.14ms)
2026/10/03 20:17:01 goose: successfully migrated database to version: 34
    sp06_mcp_test.go:186: 15 tools x succeeded/partial/degraded/current-denied with official Streamable HTTP, real Transit and PostgreSQL; disabled VM and unregistered writes remain unavailable
--- PASS: TestSP06StandardMCPToolStateReplayAndDenialMatrix (3.62s)
=== RUN   TestSP06RecoveryNonceTransactionAndValidator
2026/10/03 20:17:05 OK   00001_roles_and_schemas.sql (6.28ms)
2026/10/03 20:17:05 goose: successfully migrated database to version: 1
2026/10/03 20:17:05 OK   00002_platform_meta.sql (26.94ms)
2026/10/03 20:17:05 OK   00003_finding.sql (15.31ms)
2026/10/03 20:17:05 OK   00004_incident.sql (10.57ms)
2026/10/03 20:17:05 OK   00005_investigation.sql (4.78ms)
2026/10/03 20:17:05 OK   00006_action_command.sql (6.65ms)
2026/10/03 20:17:05 OK   00007_audit.sql (17.78ms)
2026/10/03 20:17:05 OK   00008_rls.sql (11.24ms)
2026/10/03 20:17:05 OK   00009_idempotency_ledger.sql (13.34ms)
2026/10/03 20:17:05 OK   00010_tenant_provisioning.sql (2.85ms)
2026/10/03 20:17:05 OK   00011_source_registration_history.sql (4.62ms)
2026/10/03 20:17:05 OK   00012_config_registry_lifecycle.sql (18.21ms)
2026/10/03 20:17:05 OK   00013_audit_signed_segments.sql (9.59ms)
2026/10/03 20:17:05 OK   00014_audit_segment_predecessors.sql (7.24ms)
2026/10/03 20:17:05 OK   00015_source_schema_scope.sql (4.4ms)
2026/10/03 20:17:05 OK   00016_cluster_registration_metadata.sql (9.15ms)
2026/10/03 20:17:05 OK   00017_source_data_scope.sql (4.27ms)
2026/10/03 20:17:05 OK   00018_sp04_resources_evidence.sql (26.5ms)
2026/10/03 20:17:05 OK   00019_sp04_archive_ciphertext_bytes.sql (2.03ms)
2026/10/03 20:17:05 OK   00020_sp04_request_ledger.sql (2.99ms)
2026/10/03 20:17:05 OK   00021_sp04_archive_protection.sql (2.09ms)
2026/10/03 20:17:05 OK   00022_sp04_legal_hold_dependencies.sql (10.06ms)
2026/10/03 20:17:05 OK   00023_sp04_archive_query_intent.sql (8.96ms)
2026/10/03 20:17:05 OK   00024_sp05_finding_incident.sql (23.14ms)
2026/10/03 20:17:05 OK   00025_sp05_incident_event_time.sql (5.26ms)
2026/10/03 20:17:05 OK   00026_sp05_source_binding_lock.sql (3.06ms)
2026/10/03 20:17:05 OK   00027_sp05_rca_and_poll.sql (5.28ms)
2026/10/03 20:17:05 OK   00028_sp05_operator_lock.sql (2.09ms)
2026/10/03 20:17:05 OK   00029_sp05_evidence_links.sql (3.53ms)
2026/10/03 20:17:05 OK   00030_sp05_recipe_fence.sql (1.84ms)
2026/10/03 20:17:05 OK   00031_sp05_rca_postcheck.sql (1.82ms)
2026/10/03 20:17:05 OK   00032_sp05_transport_audit.sql (2.32ms)
2026/10/03 20:17:05 OK   00033_sp05_poll_resolution_clock.sql (2.3ms)
2026/10/03 20:17:05 OK   00034_sp06_investigation_ledger.sql (11.74ms)
2026/10/03 20:17:05 goose: successfully migrated database to version: 34
--- PASS: TestSP06RecoveryNonceTransactionAndValidator (0.85s)
=== RUN   TestSP06CancelExpireAndCurrentRevocation
2026/10/03 20:17:06 OK   00001_roles_and_schemas.sql (6.35ms)
2026/10/03 20:17:06 goose: successfully migrated database to version: 1
2026/10/03 20:17:06 OK   00002_platform_meta.sql (13.16ms)
2026/10/03 20:17:06 OK   00003_finding.sql (14.7ms)
2026/10/03 20:17:06 OK   00004_incident.sql (8.02ms)
2026/10/03 20:17:06 OK   00005_investigation.sql (9.75ms)
2026/10/03 20:17:06 OK   00006_action_command.sql (10.8ms)
2026/10/03 20:17:06 OK   00007_audit.sql (8.08ms)
2026/10/03 20:17:06 OK   00008_rls.sql (6.17ms)
2026/10/03 20:17:06 OK   00009_idempotency_ledger.sql (6.39ms)
2026/10/03 20:17:06 OK   00010_tenant_provisioning.sql (5.65ms)
2026/10/03 20:17:06 OK   00011_source_registration_history.sql (12.32ms)
2026/10/03 20:17:06 OK   00012_config_registry_lifecycle.sql (7.5ms)
2026/10/03 20:17:06 OK   00013_audit_signed_segments.sql (7.63ms)
2026/10/03 20:17:06 OK   00014_audit_segment_predecessors.sql (10.88ms)
2026/10/03 20:17:06 OK   00015_source_schema_scope.sql (5.6ms)
2026/10/03 20:17:06 OK   00016_cluster_registration_metadata.sql (5.64ms)
2026/10/03 20:17:06 OK   00017_source_data_scope.sql (2.87ms)
2026/10/03 20:17:06 OK   00018_sp04_resources_evidence.sql (23.5ms)
2026/10/03 20:17:06 OK   00019_sp04_archive_ciphertext_bytes.sql (2.66ms)
2026/10/03 20:17:06 OK   00020_sp04_request_ledger.sql (3.03ms)
2026/10/03 20:17:06 OK   00021_sp04_archive_protection.sql (2.42ms)
2026/10/03 20:17:06 OK   00022_sp04_legal_hold_dependencies.sql (1.97ms)
2026/10/03 20:17:06 OK   00023_sp04_archive_query_intent.sql (2.28ms)
2026/10/03 20:17:06 OK   00024_sp05_finding_incident.sql (30.14ms)
2026/10/03 20:17:06 OK   00025_sp05_incident_event_time.sql (2.41ms)
2026/10/03 20:17:06 OK   00026_sp05_source_binding_lock.sql (2.75ms)
2026/10/03 20:17:06 OK   00027_sp05_rca_and_poll.sql (17.36ms)
2026/10/03 20:17:06 OK   00028_sp05_operator_lock.sql (10.61ms)
2026/10/03 20:17:06 OK   00029_sp05_evidence_links.sql (5.1ms)
2026/10/03 20:17:06 OK   00030_sp05_recipe_fence.sql (2.3ms)
2026/10/03 20:17:06 OK   00031_sp05_rca_postcheck.sql (1.98ms)
2026/10/03 20:17:06 OK   00032_sp05_transport_audit.sql (11.47ms)
2026/10/03 20:17:06 OK   00033_sp05_poll_resolution_clock.sql (8.37ms)
2026/10/03 20:17:06 OK   00034_sp06_investigation_ledger.sql (33.8ms)
2026/10/03 20:17:06 goose: successfully migrated database to version: 34
--- PASS: TestSP06CancelExpireAndCurrentRevocation (0.66s)
PASS
ok  	ops-platform/test/integration	6.894s
