=== RUN   TestSP06StandardMCPToolStateReplayAndDenialMatrix
2026/10/03 20:16:20 OK   00001_roles_and_schemas.sql (32.82ms)
2026/10/03 20:16:20 goose: successfully migrated database to version: 1
2026/10/03 20:16:20 OK   00002_platform_meta.sql (29.08ms)
2026/10/03 20:16:20 OK   00003_finding.sql (5.59ms)
2026/10/03 20:16:20 OK   00004_incident.sql (4.96ms)
2026/10/03 20:16:20 OK   00005_investigation.sql (4.01ms)
2026/10/03 20:16:20 OK   00006_action_command.sql (3.76ms)
2026/10/03 20:16:20 OK   00007_audit.sql (5.5ms)
2026/10/03 20:16:20 OK   00008_rls.sql (9.35ms)
2026/10/03 20:16:20 OK   00009_idempotency_ledger.sql (15.71ms)
2026/10/03 20:16:20 OK   00010_tenant_provisioning.sql (3.41ms)
2026/10/03 20:16:20 OK   00011_source_registration_history.sql (5.32ms)
2026/10/03 20:16:20 OK   00012_config_registry_lifecycle.sql (5.62ms)
2026/10/03 20:16:20 OK   00013_audit_signed_segments.sql (21.96ms)
2026/10/03 20:16:20 OK   00014_audit_segment_predecessors.sql (4.59ms)
2026/10/03 20:16:20 OK   00015_source_schema_scope.sql (6.14ms)
2026/10/03 20:16:20 OK   00016_cluster_registration_metadata.sql (9.31ms)
2026/10/03 20:16:20 OK   00017_source_data_scope.sql (4.66ms)
2026/10/03 20:16:20 OK   00018_sp04_resources_evidence.sql (20.26ms)
2026/10/03 20:16:20 OK   00019_sp04_archive_ciphertext_bytes.sql (5.67ms)
2026/10/03 20:16:20 OK   00020_sp04_request_ledger.sql (3.1ms)
2026/10/03 20:16:20 OK   00021_sp04_archive_protection.sql (2.11ms)
2026/10/03 20:16:20 OK   00022_sp04_legal_hold_dependencies.sql (3.86ms)
2026/10/03 20:16:20 OK   00023_sp04_archive_query_intent.sql (4.48ms)
2026/10/03 20:16:20 OK   00024_sp05_finding_incident.sql (22.15ms)
2026/10/03 20:16:20 OK   00025_sp05_incident_event_time.sql (3.47ms)
2026/10/03 20:16:20 OK   00026_sp05_source_binding_lock.sql (5.36ms)
2026/10/03 20:16:20 OK   00027_sp05_rca_and_poll.sql (12.45ms)
2026/10/03 20:16:20 OK   00028_sp05_operator_lock.sql (6.36ms)
2026/10/03 20:16:20 OK   00029_sp05_evidence_links.sql (7.12ms)
2026/10/03 20:16:20 OK   00030_sp05_recipe_fence.sql (4.03ms)
2026/10/03 20:16:20 OK   00031_sp05_rca_postcheck.sql (4.79ms)
2026/10/03 20:16:20 OK   00032_sp05_transport_audit.sql (2.44ms)
2026/10/03 20:16:20 OK   00033_sp05_poll_resolution_clock.sql (2.46ms)
2026/10/03 20:16:20 OK   00034_sp06_investigation_ledger.sql (23.98ms)
2026/10/03 20:16:20 goose: successfully migrated database to version: 34
    sp06_mcp_test.go:185: 15 tools x succeeded/partial/degraded/current-denied with official Streamable HTTP, real Transit and PostgreSQL; disabled VM and unregistered writes remain unavailable
--- PASS: TestSP06StandardMCPToolStateReplayAndDenialMatrix (3.95s)
PASS
ok  	ops-platform/test/integration	4.640s
