=== RUN   TestSP06StandardMCPToolStateReplayAndDenialMatrix
2026/10/03 21:07:23 OK   00001_roles_and_schemas.sql (29.91ms)
2026/10/03 21:07:23 goose: successfully migrated database to version: 1
2026/10/03 21:07:23 OK   00002_platform_meta.sql (32.2ms)
2026/10/03 21:07:23 OK   00003_finding.sql (15.32ms)
2026/10/03 21:07:23 OK   00004_incident.sql (11.93ms)
2026/10/03 21:07:23 OK   00005_investigation.sql (5.72ms)
2026/10/03 21:07:23 OK   00006_action_command.sql (4.24ms)
2026/10/03 21:07:23 OK   00007_audit.sql (6.3ms)
2026/10/03 21:07:23 OK   00008_rls.sql (7.08ms)
2026/10/03 21:07:23 OK   00009_idempotency_ledger.sql (17.49ms)
2026/10/03 21:07:23 OK   00010_tenant_provisioning.sql (7.47ms)
2026/10/03 21:07:23 OK   00011_source_registration_history.sql (6.07ms)
2026/10/03 21:07:23 OK   00012_config_registry_lifecycle.sql (19.7ms)
2026/10/03 21:07:23 OK   00013_audit_signed_segments.sql (20.8ms)
2026/10/03 21:07:23 OK   00014_audit_segment_predecessors.sql (11.16ms)
2026/10/03 21:07:23 OK   00015_source_schema_scope.sql (2.77ms)
2026/10/03 21:07:23 OK   00016_cluster_registration_metadata.sql (3.85ms)
2026/10/03 21:07:23 OK   00017_source_data_scope.sql (4.84ms)
2026/10/03 21:07:23 OK   00018_sp04_resources_evidence.sql (26.34ms)
2026/10/03 21:07:23 OK   00019_sp04_archive_ciphertext_bytes.sql (3.34ms)
2026/10/03 21:07:23 OK   00020_sp04_request_ledger.sql (11.48ms)
2026/10/03 21:07:23 OK   00021_sp04_archive_protection.sql (7.52ms)
2026/10/03 21:07:23 OK   00022_sp04_legal_hold_dependencies.sql (3.29ms)
2026/10/03 21:07:23 OK   00023_sp04_archive_query_intent.sql (2.39ms)
2026/10/03 21:07:23 OK   00024_sp05_finding_incident.sql (14.64ms)
2026/10/03 21:07:23 OK   00025_sp05_incident_event_time.sql (5.41ms)
2026/10/03 21:07:23 OK   00026_sp05_source_binding_lock.sql (10.67ms)
2026/10/03 21:07:23 OK   00027_sp05_rca_and_poll.sql (8.39ms)
2026/10/03 21:07:23 OK   00028_sp05_operator_lock.sql (2.47ms)
2026/10/03 21:07:23 OK   00029_sp05_evidence_links.sql (6.14ms)
2026/10/03 21:07:23 OK   00030_sp05_recipe_fence.sql (4.67ms)
2026/10/03 21:07:23 OK   00031_sp05_rca_postcheck.sql (7.75ms)
2026/10/03 21:07:23 OK   00032_sp05_transport_audit.sql (6.09ms)
2026/10/03 21:07:23 OK   00033_sp05_poll_resolution_clock.sql (3.98ms)
2026/10/03 21:07:23 OK   00034_sp06_investigation_ledger.sql (31.99ms)
2026/10/03 21:07:23 goose: successfully migrated database to version: 34
    sp06_mcp_test.go:216: timeout state {"budget":{"consumed":{"evidenceItems":0,"graphNodes":0,"inputTokens":0,"modelCostMicros":0,"modelRequests":0,"outputTokens":0,"rawQueries":0,"resultBytes":0,"toolCalls":0},"remaining":{"evidenceItems":0,"graphNodes":0,"inputTokens":0,"modelCostMicros":0,"modelRequests":0,"outputTokens":0,"rawQueries":0,"resultBytes":0,"toolCalls":0}},"data":{},"degradedSources":[],"errorCode":"INVALID_INVESTIGATION","evidenceRefs":[],"partial":true,"schemaVersion":"tool-response/v2","state":"failed","tool":"get_resource_context"}
2026/10/03 21:07:30 httptest.Server blocked in Close after 5 seconds, waiting for connections:
  *tls.Conn 0x39d2ef82cc08 127.0.0.1:55019 in state active
--- FAIL: TestSP06StandardMCPToolStateReplayAndDenialMatrix (122.36s)
FAIL
FAIL	ops-platform/test/integration	123.459s
FAIL
