=== RUN   TestSP04SignedChartNativeWorkerOfflineReinstall
    sp04_native_chart_test.go:88: installed signed Chart digest=sha256:12a6ebea04d4704d09081d4225abbd244e30b87bf35a0e3693d4b5b66e91f5cf
2026/10/04 06:56:50 OK   00001_roles_and_schemas.sql (57.98ms)
2026/10/04 06:56:50 goose: successfully migrated database to version: 1
2026/10/04 06:56:50 OK   00002_platform_meta.sql (13.29ms)
2026/10/04 06:56:50 OK   00003_finding.sql (5.5ms)
2026/10/04 06:56:50 OK   00004_incident.sql (3.46ms)
2026/10/04 06:56:50 OK   00005_investigation.sql (5.4ms)
2026/10/04 06:56:50 OK   00006_action_command.sql (4.84ms)
2026/10/04 06:56:50 OK   00007_audit.sql (5.45ms)
2026/10/04 06:56:50 OK   00008_rls.sql (5ms)
2026/10/04 06:56:50 OK   00009_idempotency_ledger.sql (4.07ms)
2026/10/04 06:56:50 OK   00010_tenant_provisioning.sql (2.86ms)
2026/10/04 06:56:50 OK   00011_source_registration_history.sql (3.7ms)
2026/10/04 06:56:50 OK   00012_config_registry_lifecycle.sql (5.03ms)
2026/10/04 06:56:50 OK   00013_audit_signed_segments.sql (6.02ms)
2026/10/04 06:56:50 OK   00014_audit_segment_predecessors.sql (3.18ms)
2026/10/04 06:56:50 OK   00015_source_schema_scope.sql (1.67ms)
2026/10/04 06:56:50 OK   00016_cluster_registration_metadata.sql (2.4ms)
2026/10/04 06:56:50 OK   00017_source_data_scope.sql (2.19ms)
2026/10/04 06:56:50 OK   00018_sp04_resources_evidence.sql (7.94ms)
2026/10/04 06:56:50 OK   00019_sp04_archive_ciphertext_bytes.sql (1.5ms)
2026/10/04 06:56:50 OK   00020_sp04_request_ledger.sql (2.51ms)
2026/10/04 06:56:50 OK   00021_sp04_archive_protection.sql (1.62ms)
2026/10/04 06:56:50 OK   00022_sp04_legal_hold_dependencies.sql (1.39ms)
2026/10/04 06:56:50 OK   00023_sp04_archive_query_intent.sql (1.48ms)
2026/10/04 06:56:50 OK   00024_sp05_finding_incident.sql (9.52ms)
2026/10/04 06:56:50 OK   00025_sp05_incident_event_time.sql (1.71ms)
2026/10/04 06:56:50 OK   00026_sp05_source_binding_lock.sql (1.8ms)
2026/10/04 06:56:50 OK   00027_sp05_rca_and_poll.sql (4.09ms)
2026/10/04 06:56:50 OK   00028_sp05_operator_lock.sql (1.66ms)
2026/10/04 06:56:50 OK   00029_sp05_evidence_links.sql (3.1ms)
2026/10/04 06:56:50 OK   00030_sp05_recipe_fence.sql (1.69ms)
2026/10/04 06:56:50 OK   00031_sp05_rca_postcheck.sql (1.39ms)
2026/10/04 06:56:50 OK   00032_sp05_transport_audit.sql (2.02ms)
2026/10/04 06:56:50 OK   00033_sp05_poll_resolution_clock.sql (2.63ms)
2026/10/04 06:56:50 OK   00034_sp06_investigation_ledger.sql (12.43ms)
2026/10/04 06:56:50 goose: successfully migrated database to version: 34
    sp04_native_chart_test.go:127: owned native Bao exact image=ghcr.io/openbao/openbao@sha256:4ca9310dd2a50c746d4227f44058088ee0470a8470031ee3f09cc8b1a69dd7f6 namespace=sp04-chain-c3c0e9bd; local real Kubernetes TokenReview configuration
    archive_iam_test.go:41: owned TLS/IAM fixture image=docker.io/chrislusf/seaweedfs@sha256:d4cf67729aa8777e1a43a5b61d72e5b96179e4b7bac9a221cb14cbc2036cb32e id=4cca3963de2cc7a9e617229f160aa98e3b6fc7bc4f97bb789c9b04426a75327e bucket=sp04-native-d0b483ac tenants=1
    sp04_native_chart_test.go:139: owned TLS Keycloak exact image=quay.io/keycloak/keycloak@sha256:1f91ac24e8d68b8189d5d53a8381464c1db0fcff479348d5de973a86b63d621c
    sp04_native_chart_test.go:336: native exact verified api image=ops.local/task27/platform-api@sha256:908e88ef985e8d2100b61a536a9c1b04d110bf2fabc8f02a91e271200f726e8d
    sp04_native_chart_test.go:336: native exact verified worker image=ops.local/task27/platform-worker@sha256:5effef0ea2f62193dd2351ed58d7ec4274fe0ca95c36dd2a853d44c1c17d6529
    sp04_native_chart_test.go:442: actual cold selected cache absent name=holmesgpt reference=ops.local/task27/holmesgpt@sha256:11a00fb58bf2efcc1d4b4c31cce89f2bcf839ac0e9d343859688191b09327c83; normal/init/ephemeral Pod and container consumers checked; shared dependencies preserved
    sp04_native_chart_test.go:442: actual cold selected cache absent name=platform-api reference=ops.local/task27/platform-api@sha256:908e88ef985e8d2100b61a536a9c1b04d110bf2fabc8f02a91e271200f726e8d; normal/init/ephemeral Pod and container consumers checked; shared dependencies preserved
    sp04_native_chart_test.go:442: actual cold selected cache absent name=platform-worker reference=ops.local/task27/platform-worker@sha256:5effef0ea2f62193dd2351ed58d7ec4274fe0ca95c36dd2a853d44c1c17d6529; normal/init/ephemeral Pod and container consumers checked; shared dependencies preserved
    sp04_native_chart_test.go:448: actual selected Bundle import driver=orbstack_shared_store materials=[holmesgpt platform-api platform-worker]
    sp04_native_chart_test.go:484: explicit registered PG source blocked by native policy
    sp04_native_chart_test.go:461: owned native ops-api diagnostic logs: [pod/ops-api-86c4576885-5nhjw/api] {"time":"2026-10-03T22:58:07.850102758Z","level":"INFO","msg":"platform-api starting"}
    sp04_native_chart_test.go:461: owned native ops-worker diagnostic logs: [pod/ops-worker-9969d4597-6tl4v/worker] {"time":"2026-10-03T22:58:08.009734431Z","level":"INFO","msg":"platform-worker started"}
        [pod/ops-worker-9969d4597-6tl4v/worker] {"time":"2026-10-03T22:58:08.071548675Z","level":"WARN","msg":"SP05 fixed Analyzer unavailable","errorClass":"*errors.errorString"}
        [pod/ops-worker-9969d4597-6tl4v/worker] {"time":"2026-10-03T22:58:08.279260191Z","level":"WARN","msg":"Graph ownership not ready","qualification":{"/v1/configmaps":"list_missing","/v1/events":"list_missing","/v1/nodes":"list_missing","/v1/persistentvolumeclaims":"list_missing","/v1/persistentvolumes":"list_missing","/v1/pods":"list_missing","/v1/services":"list_missing","apps/v1/daemonsets":"list_missing","apps/v1/deployments":"list_missing","apps/v1/replicasets":"list_missing","apps/v1/statefulsets":"list_missing","batch/v1/jobs":"list_missing","discovery.k8s.io/v1/endpointslices":"list_missing","storage.k8s.io/v1/csidrivers":"list_missing","storage.k8s.io/v1/csinodes":"list_missing","storage.k8s.io/v1/storageclasses":"list_missing","storage.k8s.io/v1/volumeattachments":"list_missing"}}
        [pod/ops-worker-9969d4597-6tl4v/worker] {"time":"2026-10-03T22:58:10.204945348Z","level":"WARN","msg":"Graph ownership not ready","qualification":{"/v1/configmaps":"list_missing","/v1/nodes":"list_missing","/v1/persistentvolumeclaims":"list_missing","/v1/persistentvolumes":"list_missing","/v1/pods":"list_missing","/v1/services":"list_missing","apps/v1/daemonsets":"list_missing","apps/v1/deployments":"list_missing","apps/v1/replicasets":"list_missing","apps/v1/statefulsets":"list_missing","batch/v1/jobs":"list_missing","discovery.k8s.io/v1/endpointslices":"watch_initializing","storage.k8s.io/v1/csidrivers":"list_missing","storage.k8s.io/v1/csinodes":"list_missing","storage.k8s.io/v1/storageclasses":"list_missing","storage.k8s.io/v1/volumeattachments":"list_missing"}}
        [pod/ops-worker-9969d4597-mklbp/worker] {"time":"2026-10-03T22:58:08.02125605Z","level":"INFO","msg":"platform-worker started"}
        [pod/ops-worker-9969d4597-mklbp/worker] {"time":"2026-10-03T22:58:08.17464604Z","level":"WARN","msg":"SP05 fixed Analyzer unavailable","errorClass":"*errors.errorString"}
        [pod/ops-worker-9969d4597-mklbp/worker] {"time":"2026-10-03T22:58:08.378927487Z","level":"WARN","msg":"Graph ownership not ready","qualification":{"/v1/configmaps":"list_missing","/v1/events":"list_missing","/v1/nodes":"list_missing","/v1/persistentvolumeclaims":"list_missing","/v1/persistentvolumes":"list_missing","/v1/pods":"list_missing","/v1/services":"list_missing","apps/v1/daemonsets":"list_missing","apps/v1/deployments":"list_missing","apps/v1/replicasets":"list_missing","apps/v1/statefulsets":"list_missing","batch/v1/jobs":"list_missing","discovery.k8s.io/v1/endpointslices":"list_missing","storage.k8s.io/v1/csidrivers":"list_missing","storage.k8s.io/v1/csinodes":"list_missing","storage.k8s.io/v1/storageclasses":"list_missing","storage.k8s.io/v1/volumeattachments":"list_missing"}}
        [pod/ops-worker-9969d4597-mklbp/worker] {"time":"2026-10-03T22:58:10.302233154Z","level":"WARN","msg":"Graph ownership not ready","qualification":{"/v1/configmaps":"list_missing","/v1/events":"list_missing","/v1/nodes":"list_missing","/v1/persistentvolumeclaims":"list_missing","/v1/persistentvolumes":"watch_initializing","/v1/pods":"list_missing","/v1/services":"list_missing","apps/v1/daemonsets":"list_missing","apps/v1/deployments":"list_missing","apps/v1/replicasets":"list_missing","apps/v1/statefulsets":"list_missing","batch/v1/jobs":"list_missing","discovery.k8s.io/v1/endpointslices":"list_missing","storage.k8s.io/v1/csidrivers":"list_missing","storage.k8s.io/v1/csinodes":"list_missing","storage.k8s.io/v1/storageclasses":"list_missing","storage.k8s.io/v1/volumeattachments":"list_missing"}}
        [pod/ops-worker-9969d4597-mklbp/worker] {"time":"2026-10-03T22:58:12.300182053Z","level":"WARN","msg":"Graph Lease renewal unavailable","stage":"lease_cas"}
    sp04_native_chart_test.go:461: owned native ops-investigator diagnostic logs: 
    sp04_native_chart_test.go:468: owned native Lease epoch=1 holder_present=true uid=272df4d8-6354-46c7-ac60-bd5d63888c57
--- FAIL: TestSP04SignedChartNativeWorkerOfflineReinstall (104.28s)
FAIL
FAIL	ops-platform/test/integration	105.216s
FAIL
