=== RUN   TestSP04SignedChartNativeWorkerOfflineReinstall
    sp04_native_chart_test.go:88: installed signed Chart digest=sha256:12a6ebea04d4704d09081d4225abbd244e30b87bf35a0e3693d4b5b66e91f5cf
2026/10/04 07:00:39 OK   00001_roles_and_schemas.sql (25.75ms)
2026/10/04 07:00:39 goose: successfully migrated database to version: 1
2026/10/04 07:00:40 OK   00002_platform_meta.sql (12.74ms)
2026/10/04 07:00:40 OK   00003_finding.sql (20.35ms)
2026/10/04 07:00:40 OK   00004_incident.sql (5.94ms)
2026/10/04 07:00:40 OK   00005_investigation.sql (4.02ms)
2026/10/04 07:00:40 OK   00006_action_command.sql (4.86ms)
2026/10/04 07:00:40 OK   00007_audit.sql (5.35ms)
2026/10/04 07:00:40 OK   00008_rls.sql (5.05ms)
2026/10/04 07:00:40 OK   00009_idempotency_ledger.sql (4.11ms)
2026/10/04 07:00:40 OK   00010_tenant_provisioning.sql (2.13ms)
2026/10/04 07:00:40 OK   00011_source_registration_history.sql (3.62ms)
2026/10/04 07:00:40 OK   00012_config_registry_lifecycle.sql (5.52ms)
2026/10/04 07:00:40 OK   00013_audit_signed_segments.sql (5.88ms)
2026/10/04 07:00:40 OK   00014_audit_segment_predecessors.sql (4.42ms)
2026/10/04 07:00:40 OK   00015_source_schema_scope.sql (1.95ms)
2026/10/04 07:00:40 OK   00016_cluster_registration_metadata.sql (4.58ms)
2026/10/04 07:00:40 OK   00017_source_data_scope.sql (2.7ms)
2026/10/04 07:00:40 OK   00018_sp04_resources_evidence.sql (9.47ms)
2026/10/04 07:00:40 OK   00019_sp04_archive_ciphertext_bytes.sql (2.2ms)
2026/10/04 07:00:40 OK   00020_sp04_request_ledger.sql (3.24ms)
2026/10/04 07:00:40 OK   00021_sp04_archive_protection.sql (2.76ms)
2026/10/04 07:00:40 OK   00022_sp04_legal_hold_dependencies.sql (2.48ms)
2026/10/04 07:00:40 OK   00023_sp04_archive_query_intent.sql (1.98ms)
2026/10/04 07:00:40 OK   00024_sp05_finding_incident.sql (11.03ms)
2026/10/04 07:00:40 OK   00025_sp05_incident_event_time.sql (2.48ms)
2026/10/04 07:00:40 OK   00026_sp05_source_binding_lock.sql (2.59ms)
2026/10/04 07:00:40 OK   00027_sp05_rca_and_poll.sql (24.92ms)
2026/10/04 07:00:40 OK   00028_sp05_operator_lock.sql (3.43ms)
2026/10/04 07:00:40 OK   00029_sp05_evidence_links.sql (4.22ms)
2026/10/04 07:00:40 OK   00030_sp05_recipe_fence.sql (2.52ms)
2026/10/04 07:00:40 OK   00031_sp05_rca_postcheck.sql (2.3ms)
2026/10/04 07:00:40 OK   00032_sp05_transport_audit.sql (2.5ms)
2026/10/04 07:00:40 OK   00033_sp05_poll_resolution_clock.sql (2.65ms)
2026/10/04 07:00:40 OK   00034_sp06_investigation_ledger.sql (14.62ms)
2026/10/04 07:00:40 goose: successfully migrated database to version: 34
    sp04_native_chart_test.go:127: owned native Bao exact image=ghcr.io/openbao/openbao@sha256:4ca9310dd2a50c746d4227f44058088ee0470a8470031ee3f09cc8b1a69dd7f6 namespace=sp04-chain-1e351730; local real Kubernetes TokenReview configuration
    archive_iam_test.go:41: owned TLS/IAM fixture image=docker.io/chrislusf/seaweedfs@sha256:d4cf67729aa8777e1a43a5b61d72e5b96179e4b7bac9a221cb14cbc2036cb32e id=1356c2e3db9dae9271094677bc650a4ecd8787943ad61249576cedc40957183c bucket=sp04-native-73e8ce1a tenants=1
    sp04_native_chart_test.go:139: owned TLS Keycloak exact image=quay.io/keycloak/keycloak@sha256:1f91ac24e8d68b8189d5d53a8381464c1db0fcff479348d5de973a86b63d621c
    sp04_native_chart_test.go:336: native exact verified api image=ops.local/task27/platform-api@sha256:908e88ef985e8d2100b61a536a9c1b04d110bf2fabc8f02a91e271200f726e8d
    sp04_native_chart_test.go:336: native exact verified worker image=ops.local/task27/platform-worker@sha256:5effef0ea2f62193dd2351ed58d7ec4274fe0ca95c36dd2a853d44c1c17d6529
    sp04_native_chart_test.go:442: refuse deleting image without exclusive signed identity
--- FAIL: TestSP04SignedChartNativeWorkerOfflineReinstall (52.96s)
FAIL
FAIL	ops-platform/test/integration	54.026s
FAIL
