=== RUN   TestSP04SignedChartNativeWorkerOfflineReinstall
    sp04_native_chart_test.go:92: installed signed Chart digest=sha256:4830b3e28592dc39f6787a7aeab44ffdf9aaeb50bec045e19922c68ae552b5dc
2026/10/04 12:25:16 OK   00001_roles_and_schemas.sql (38.11ms)
2026/10/04 12:25:16 goose: successfully migrated database to version: 1
2026/10/04 12:25:16 OK   00002_platform_meta.sql (12.73ms)
2026/10/04 12:25:16 OK   00003_finding.sql (4.98ms)
2026/10/04 12:25:16 OK   00004_incident.sql (4.37ms)
2026/10/04 12:25:16 OK   00005_investigation.sql (4ms)
2026/10/04 12:25:16 OK   00006_action_command.sql (3.95ms)
2026/10/04 12:25:16 OK   00007_audit.sql (6.49ms)
2026/10/04 12:25:16 OK   00008_rls.sql (5.8ms)
2026/10/04 12:25:16 OK   00009_idempotency_ledger.sql (4.88ms)
2026/10/04 12:25:16 OK   00010_tenant_provisioning.sql (2.83ms)
2026/10/04 12:25:16 OK   00011_source_registration_history.sql (4.52ms)
2026/10/04 12:25:16 OK   00012_config_registry_lifecycle.sql (6.39ms)
2026/10/04 12:25:16 OK   00013_audit_signed_segments.sql (8.29ms)
2026/10/04 12:25:16 OK   00014_audit_segment_predecessors.sql (3.95ms)
2026/10/04 12:25:16 OK   00015_source_schema_scope.sql (2.19ms)
2026/10/04 12:25:16 OK   00016_cluster_registration_metadata.sql (3.08ms)
2026/10/04 12:25:16 OK   00017_source_data_scope.sql (2.63ms)
2026/10/04 12:25:16 OK   00018_sp04_resources_evidence.sql (9.85ms)
2026/10/04 12:25:16 OK   00019_sp04_archive_ciphertext_bytes.sql (2.2ms)
2026/10/04 12:25:16 OK   00020_sp04_request_ledger.sql (3.45ms)
2026/10/04 12:25:16 OK   00021_sp04_archive_protection.sql (2.44ms)
2026/10/04 12:25:16 OK   00022_sp04_legal_hold_dependencies.sql (2.06ms)
2026/10/04 12:25:16 OK   00023_sp04_archive_query_intent.sql (2.04ms)
2026/10/04 12:25:16 OK   00024_sp05_finding_incident.sql (11.67ms)
2026/10/04 12:25:16 OK   00025_sp05_incident_event_time.sql (2.08ms)
2026/10/04 12:25:16 OK   00026_sp05_source_binding_lock.sql (2.39ms)
2026/10/04 12:25:16 OK   00027_sp05_rca_and_poll.sql (5.41ms)
2026/10/04 12:25:16 OK   00028_sp05_operator_lock.sql (2.77ms)
2026/10/04 12:25:16 OK   00029_sp05_evidence_links.sql (4.19ms)
2026/10/04 12:25:16 OK   00030_sp05_recipe_fence.sql (2.44ms)
2026/10/04 12:25:16 OK   00031_sp05_rca_postcheck.sql (2.18ms)
2026/10/04 12:25:16 OK   00032_sp05_transport_audit.sql (2.26ms)
2026/10/04 12:25:16 OK   00033_sp05_poll_resolution_clock.sql (2.52ms)
2026/10/04 12:25:16 OK   00034_sp06_investigation_ledger.sql (13.39ms)
2026/10/04 12:25:16 goose: successfully migrated database to version: 34
    sp04_native_chart_test.go:131: owned native Bao exact image=ghcr.io/openbao/openbao@sha256:4ca9310dd2a50c746d4227f44058088ee0470a8470031ee3f09cc8b1a69dd7f6 namespace=sp04-chain-966b213c; local real Kubernetes TokenReview configuration
    archive_iam_test.go:41: owned TLS/IAM fixture image=docker.io/chrislusf/seaweedfs@sha256:d4cf67729aa8777e1a43a5b61d72e5b96179e4b7bac9a221cb14cbc2036cb32e id=115c9a78a0ad5d77241a48d538ba561b5a360b0e50476ee13c2d7000204130dc bucket=sp04-native-2f912592 tenants=1
    sp04_native_chart_test.go:143: owned TLS Keycloak exact image=quay.io/keycloak/keycloak@sha256:1f91ac24e8d68b8189d5d53a8381464c1db0fcff479348d5de973a86b63d621c
    sp04_native_chart_test.go:330: checkpoint=validate-materials: candidate components prevent installation
--- FAIL: TestSP04SignedChartNativeWorkerOfflineReinstall (41.49s)
FAIL
FAIL	ops-platform/test/integration	42.686s
FAIL
