=== RUN   TestSP04SignedChartNativeWorkerOfflineReinstall
    sp04_native_chart_test.go:88: installed signed Chart digest=sha256:88b07f862aa1dbcc3dbc91437a72b21c2ad7ad634046dd5afcd956d31f84898f
2026/10/04 08:29:22 OK   00001_roles_and_schemas.sql (32.45ms)
2026/10/04 08:29:22 goose: successfully migrated database to version: 1
2026/10/04 08:29:22 OK   00002_platform_meta.sql (19.45ms)
2026/10/04 08:29:22 OK   00003_finding.sql (11.86ms)
2026/10/04 08:29:22 OK   00004_incident.sql (12.4ms)
2026/10/04 08:29:22 OK   00005_investigation.sql (13.24ms)
2026/10/04 08:29:22 OK   00006_action_command.sql (8.98ms)
2026/10/04 08:29:22 OK   00007_audit.sql (11.82ms)
2026/10/04 08:29:22 OK   00008_rls.sql (29.76ms)
2026/10/04 08:29:22 OK   00009_idempotency_ledger.sql (12.16ms)
2026/10/04 08:29:22 OK   00010_tenant_provisioning.sql (8.21ms)
2026/10/04 08:29:22 OK   00011_source_registration_history.sql (23.71ms)
2026/10/04 08:29:22 OK   00012_config_registry_lifecycle.sql (9.1ms)
2026/10/04 08:29:22 OK   00013_audit_signed_segments.sql (24.33ms)
2026/10/04 08:29:22 OK   00014_audit_segment_predecessors.sql (9.21ms)
2026/10/04 08:29:22 OK   00015_source_schema_scope.sql (8.68ms)
2026/10/04 08:29:22 OK   00016_cluster_registration_metadata.sql (14.84ms)
2026/10/04 08:29:22 OK   00017_source_data_scope.sql (5.3ms)
2026/10/04 08:29:22 OK   00018_sp04_resources_evidence.sql (25.27ms)
2026/10/04 08:29:22 OK   00019_sp04_archive_ciphertext_bytes.sql (6.03ms)
2026/10/04 08:29:22 OK   00020_sp04_request_ledger.sql (6.36ms)
2026/10/04 08:29:22 OK   00021_sp04_archive_protection.sql (3.41ms)
2026/10/04 08:29:22 OK   00022_sp04_legal_hold_dependencies.sql (2.92ms)
2026/10/04 08:29:22 OK   00023_sp04_archive_query_intent.sql (2.98ms)
2026/10/04 08:29:22 OK   00024_sp05_finding_incident.sql (42.59ms)
2026/10/04 08:29:22 OK   00025_sp05_incident_event_time.sql (6.33ms)
2026/10/04 08:29:22 OK   00026_sp05_source_binding_lock.sql (9.01ms)
2026/10/04 08:29:22 OK   00027_sp05_rca_and_poll.sql (10.7ms)
2026/10/04 08:29:22 OK   00028_sp05_operator_lock.sql (3.34ms)
2026/10/04 08:29:22 OK   00029_sp05_evidence_links.sql (5.23ms)
2026/10/04 08:29:22 OK   00030_sp05_recipe_fence.sql (2.79ms)
2026/10/04 08:29:22 OK   00031_sp05_rca_postcheck.sql (4.14ms)
2026/10/04 08:29:22 OK   00032_sp05_transport_audit.sql (7.17ms)
2026/10/04 08:29:22 OK   00033_sp05_poll_resolution_clock.sql (7.82ms)
2026/10/04 08:29:22 OK   00034_sp06_investigation_ledger.sql (47.26ms)
2026/10/04 08:29:22 goose: successfully migrated database to version: 34
    sp04_native_chart_test.go:127: owned native Bao exact image=ghcr.io/openbao/openbao@sha256:4ca9310dd2a50c746d4227f44058088ee0470a8470031ee3f09cc8b1a69dd7f6 namespace=sp04-chain-bc70ab36; local real Kubernetes TokenReview configuration
    archive_iam_test.go:41: owned TLS/IAM fixture image=docker.io/chrislusf/seaweedfs@sha256:d4cf67729aa8777e1a43a5b61d72e5b96179e4b7bac9a221cb14cbc2036cb32e id=91213fa604816bc00a444ff4b99ffdd3453a2f5efa0f802312f6db2013c8e82c bucket=sp04-native-bafc703e tenants=1
    sp04_native_chart_test.go:139: owned TLS Keycloak exact image=quay.io/keycloak/keycloak@sha256:1f91ac24e8d68b8189d5d53a8381464c1db0fcff479348d5de973a86b63d621c
    sp04_native_chart_test.go:336: native exact verified api image=ops.local/task27/platform-api@sha256:d23cee235d20c23d7d5d85484c3909059e057afc98a0472f67974f4d6781f346
    sp04_native_chart_test.go:336: native exact verified worker image=ops.local/task27/platform-worker@sha256:a9a5aa15922e1a32ccc6c7f3f428a9df43c2e8f0583bbc88c12b2207575026e6
    sp04_native_chart_test.go:448: actual selected Bundle import driver=orbstack_shared_store materials=[holmesgpt platform-api platform-worker]
    sp04_native_chart_test.go:499: owned resident investigator identity missing
    sp04_native_chart_test.go:461: owned native ops-api diagnostic logs: [pod/ops-api-f858bf96-st7sr/api] {"time":"2026-10-04T00:30:59.519328018Z","level":"INFO","msg":"platform-api starting"}
    sp04_native_chart_test.go:461: owned native ops-worker diagnostic logs: [pod/ops-worker-7d9dd9b67f-n8cmx/worker] {"time":"2026-10-04T00:30:59.768359041Z","level":"INFO","msg":"platform-worker started"}
        [pod/ops-worker-7d9dd9b67f-n8cmx/worker] {"time":"2026-10-04T00:31:00.097623694Z","level":"WARN","msg":"Graph ownership not ready","qualification":{"/v1/configmaps":"list_missing","/v1/events":"list_missing","/v1/nodes":"list_missing","/v1/persistentvolumeclaims":"list_missing","/v1/persistentvolumes":"list_missing","/v1/pods":"list_missing","/v1/services":"list_missing","apps/v1/daemonsets":"list_missing","apps/v1/deployments":"list_missing","apps/v1/replicasets":"list_missing","apps/v1/statefulsets":"list_missing","batch/v1/jobs":"list_missing","discovery.k8s.io/v1/endpointslices":"list_missing","storage.k8s.io/v1/csidrivers":"list_missing","storage.k8s.io/v1/csinodes":"list_missing","storage.k8s.io/v1/storageclasses":"list_missing","storage.k8s.io/v1/volumeattachments":"list_missing"}}
        [pod/ops-worker-7d9dd9b67f-n8cmx/worker] {"time":"2026-10-04T00:31:01.967405819Z","level":"WARN","msg":"Graph ownership not ready","qualification":{"/v1/configmaps":"list_missing","/v1/events":"list_missing","/v1/persistentvolumeclaims":"list_missing","/v1/persistentvolumes":"list_missing","/v1/services":"list_missing","apps/v1/daemonsets":"list_missing","apps/v1/deployments":"list_missing","apps/v1/replicasets":"list_missing","apps/v1/statefulsets":"list_missing","batch/v1/jobs":"list_missing","discovery.k8s.io/v1/endpointslices":"list_missing","storage.k8s.io/v1/csidrivers":"list_missing","storage.k8s.io/v1/csinodes":"list_missing","storage.k8s.io/v1/storageclasses":"list_missing","storage.k8s.io/v1/volumeattachments":"list_missing"}}
        [pod/ops-worker-7d9dd9b67f-n8cmx/worker] {"time":"2026-10-04T00:31:03.843325829Z","level":"WARN","msg":"Graph ownership not ready","qualification":{"/v1/events":"watch_initializing"}}
        [pod/ops-worker-7d9dd9b67f-7lzk8/worker] {"time":"2026-10-04T00:30:59.770269521Z","level":"INFO","msg":"platform-worker started"}
        [pod/ops-worker-7d9dd9b67f-7lzk8/worker] {"time":"2026-10-04T00:31:00.066647244Z","level":"WARN","msg":"Graph ownership not ready","qualification":{"/v1/configmaps":"list_missing","/v1/events":"list_missing","/v1/nodes":"list_missing","/v1/persistentvolumeclaims":"list_missing","/v1/persistentvolumes":"list_missing","/v1/pods":"list_missing","/v1/services":"list_missing","apps/v1/daemonsets":"list_missing","apps/v1/deployments":"list_missing","apps/v1/replicasets":"list_missing","apps/v1/statefulsets":"list_missing","batch/v1/jobs":"list_missing","discovery.k8s.io/v1/endpointslices":"list_missing","storage.k8s.io/v1/csidrivers":"list_missing","storage.k8s.io/v1/csinodes":"list_missing","storage.k8s.io/v1/storageclasses":"list_missing","storage.k8s.io/v1/volumeattachments":"list_missing"}}
        [pod/ops-worker-7d9dd9b67f-7lzk8/worker] {"time":"2026-10-04T00:31:01.984377573Z","level":"WARN","msg":"Graph ownership not ready","qualification":{"/v1/configmaps":"list_missing","/v1/events":"watch_initializing","/v1/nodes":"list_missing","/v1/persistentvolumeclaims":"list_missing","/v1/persistentvolumes":"list_missing","/v1/pods":"list_missing","/v1/services":"list_missing","apps/v1/daemonsets":"list_missing","apps/v1/replicasets":"list_missing","apps/v1/statefulsets":"list_missing","batch/v1/jobs":"list_missing","discovery.k8s.io/v1/endpointslices":"list_missing","storage.k8s.io/v1/csidrivers":"list_missing","storage.k8s.io/v1/csinodes":"list_missing","storage.k8s.io/v1/storageclasses":"list_missing","storage.k8s.io/v1/volumeattachments":"list_missing"}}
    sp04_native_chart_test.go:468: owned native Lease epoch=1 holder_present=true uid=cf787d35-c271-4e7c-8961-abf6f19efe52
--- FAIL: TestSP04SignedChartNativeWorkerOfflineReinstall (127.66s)
FAIL
FAIL	ops-platform/test/integration	128.760s
FAIL
