=== RUN   TestSP04SignedChartNativeWorkerOfflineReinstall
    sp04_native_chart_test.go:92: installed signed Chart digest=sha256:ffe16461ddb3052f5ea41e1967db5d42ec7cd4740853d383c921e14ec5bb6a35
2026/10/04 13:53:14 OK   00001_roles_and_schemas.sql (67.22ms)
2026/10/04 13:53:14 goose: successfully migrated database to version: 1
2026/10/04 13:53:15 OK   00002_platform_meta.sql (97.83ms)
2026/10/04 13:53:15 OK   00003_finding.sql (69.63ms)
2026/10/04 13:53:15 OK   00004_incident.sql (52.75ms)
2026/10/04 13:53:15 OK   00005_investigation.sql (38.17ms)
2026/10/04 13:53:15 OK   00006_action_command.sql (26.79ms)
2026/10/04 13:53:15 OK   00007_audit.sql (46.46ms)
2026/10/04 13:53:15 OK   00008_rls.sql (33.38ms)
2026/10/04 13:53:15 OK   00009_idempotency_ledger.sql (27.5ms)
2026/10/04 13:53:15 OK   00010_tenant_provisioning.sql (7.23ms)
2026/10/04 13:53:15 OK   00011_source_registration_history.sql (15.66ms)
2026/10/04 13:53:15 OK   00012_config_registry_lifecycle.sql (21.81ms)
2026/10/04 13:53:15 OK   00013_audit_signed_segments.sql (22.88ms)
2026/10/04 13:53:15 OK   00014_audit_segment_predecessors.sql (16.85ms)
2026/10/04 13:53:15 OK   00015_source_schema_scope.sql (21.83ms)
2026/10/04 13:53:15 OK   00016_cluster_registration_metadata.sql (19.09ms)
2026/10/04 13:53:15 OK   00017_source_data_scope.sql (22.37ms)
2026/10/04 13:53:15 OK   00018_sp04_resources_evidence.sql (59.66ms)
2026/10/04 13:53:15 OK   00019_sp04_archive_ciphertext_bytes.sql (37.67ms)
2026/10/04 13:53:15 OK   00020_sp04_request_ledger.sql (6.38ms)
2026/10/04 13:53:15 OK   00021_sp04_archive_protection.sql (18.84ms)
2026/10/04 13:53:15 OK   00022_sp04_legal_hold_dependencies.sql (22.04ms)
2026/10/04 13:53:15 OK   00023_sp04_archive_query_intent.sql (13.49ms)
2026/10/04 13:53:15 OK   00024_sp05_finding_incident.sql (76.97ms)
2026/10/04 13:53:15 OK   00025_sp05_incident_event_time.sql (39.44ms)
2026/10/04 13:53:15 OK   00026_sp05_source_binding_lock.sql (35.74ms)
2026/10/04 13:53:15 OK   00027_sp05_rca_and_poll.sql (14.13ms)
2026/10/04 13:53:15 OK   00028_sp05_operator_lock.sql (18.33ms)
2026/10/04 13:53:15 OK   00029_sp05_evidence_links.sql (13.55ms)
2026/10/04 13:53:15 OK   00030_sp05_recipe_fence.sql (5.6ms)
2026/10/04 13:53:15 OK   00031_sp05_rca_postcheck.sql (4.8ms)
2026/10/04 13:53:15 OK   00032_sp05_transport_audit.sql (4.92ms)
2026/10/04 13:53:15 OK   00033_sp05_poll_resolution_clock.sql (16.83ms)
2026/10/04 13:53:15 OK   00034_sp06_investigation_ledger.sql (96.01ms)
2026/10/04 13:53:15 OK   00035_sp06_admission_data_classes.sql (44.47ms)
2026/10/04 13:53:15 goose: successfully migrated database to version: 35
    sp04_native_chart_test.go:131: owned native Bao exact image=ghcr.io/openbao/openbao@sha256:4ca9310dd2a50c746d4227f44058088ee0470a8470031ee3f09cc8b1a69dd7f6 namespace=sp04-chain-76ab5a25; local real Kubernetes TokenReview configuration
    archive_iam_test.go:41: owned TLS/IAM fixture image=docker.io/chrislusf/seaweedfs@sha256:d4cf67729aa8777e1a43a5b61d72e5b96179e4b7bac9a221cb14cbc2036cb32e id=a268a79cc364372cbe770b34fd8262e0c5b9d5d94986c1b3e1c00936483dddd7 bucket=sp04-native-eca0fe57 tenants=1
    sp04_native_chart_test.go:143: owned TLS Keycloak exact image=quay.io/keycloak/keycloak@sha256:1f91ac24e8d68b8189d5d53a8381464c1db0fcff479348d5de973a86b63d621c
    sp04_native_chart_test.go:341: native exact verified api image=ops.local/task27/platform-api@sha256:8f86e3684298ca8ea72701cc56f781706af85d7ddcb4a3799eccda340d52d09e
    sp04_native_chart_test.go:341: native exact verified worker image=ops.local/task27/platform-worker@sha256:ee316c8f9ccebbbd8904508781429a62c9c3048c02442b3f73678798975fd5b7
    sp04_native_chart_test.go:453: actual selected Bundle import driver=orbstack_shared_store materials=[holmesgpt platform-api platform-worker]
