=== RUN   TestSP06RealHolmesModelMCPJobAndSSE
2026/10/04 08:21:02 OK   00001_roles_and_schemas.sql (31.74ms)
2026/10/04 08:21:02 goose: successfully migrated database to version: 1
2026/10/04 08:21:02 OK   00002_platform_meta.sql (58.54ms)
2026/10/04 08:21:02 OK   00003_finding.sql (18.96ms)
2026/10/04 08:21:02 OK   00004_incident.sql (18.47ms)
2026/10/04 08:21:02 OK   00005_investigation.sql (9.57ms)
2026/10/04 08:21:02 OK   00006_action_command.sql (6.46ms)
2026/10/04 08:21:02 OK   00007_audit.sql (30.03ms)
2026/10/04 08:21:02 OK   00008_rls.sql (20.44ms)
2026/10/04 08:21:02 OK   00009_idempotency_ledger.sql (21.09ms)
2026/10/04 08:21:02 OK   00010_tenant_provisioning.sql (17.35ms)
2026/10/04 08:21:02 OK   00011_source_registration_history.sql (12.35ms)
2026/10/04 08:21:02 OK   00012_config_registry_lifecycle.sql (30.7ms)
2026/10/04 08:21:02 OK   00013_audit_signed_segments.sql (22.34ms)
2026/10/04 08:21:03 OK   00014_audit_segment_predecessors.sql (12.88ms)
2026/10/04 08:21:03 OK   00015_source_schema_scope.sql (10.74ms)
2026/10/04 08:21:03 OK   00016_cluster_registration_metadata.sql (15.71ms)
2026/10/04 08:21:03 OK   00017_source_data_scope.sql (13.7ms)
2026/10/04 08:21:03 OK   00018_sp04_resources_evidence.sql (41.86ms)
2026/10/04 08:21:03 OK   00019_sp04_archive_ciphertext_bytes.sql (3.14ms)
2026/10/04 08:21:03 OK   00020_sp04_request_ledger.sql (4.02ms)
2026/10/04 08:21:03 OK   00021_sp04_archive_protection.sql (3.25ms)
2026/10/04 08:21:03 OK   00022_sp04_legal_hold_dependencies.sql (2.46ms)
2026/10/04 08:21:03 OK   00023_sp04_archive_query_intent.sql (2.43ms)
2026/10/04 08:21:03 OK   00024_sp05_finding_incident.sql (38.16ms)
2026/10/04 08:21:03 OK   00025_sp05_incident_event_time.sql (2.98ms)
2026/10/04 08:21:03 OK   00026_sp05_source_binding_lock.sql (2.91ms)
2026/10/04 08:21:03 OK   00027_sp05_rca_and_poll.sql (44.02ms)
2026/10/04 08:21:03 OK   00028_sp05_operator_lock.sql (12.79ms)
2026/10/04 08:21:03 OK   00029_sp05_evidence_links.sql (16.56ms)
2026/10/04 08:21:03 OK   00030_sp05_recipe_fence.sql (23.87ms)
2026/10/04 08:21:03 OK   00031_sp05_rca_postcheck.sql (13.09ms)
2026/10/04 08:21:03 OK   00032_sp05_transport_audit.sql (16.23ms)
2026/10/04 08:21:03 OK   00033_sp05_poll_resolution_clock.sql (8.59ms)
2026/10/04 08:21:03 OK   00034_sp06_investigation_ledger.sql (29.75ms)
2026/10/04 08:21:03 goose: successfully migrated database to version: 34
2026/10/04 08:21:11 ERROR investigator dispatch failed reason=INVESTIGATOR_UNAVAILABLE
    sp06_real_chain_test.go:491: actual provider HTTP fault=illegal-json state=failed remoteRequests=1; conservative ledger and live Incident API preserved; fixture is not the real-model acceptance
    sp06_real_chain_test.go:226: investigator diagnostic investigator-failure RuntimeError /Users/mssc/Documents/Code/ops/platform/services/investigator/src/investigator/worker.py 65
        investigator-failure RuntimeError /Users/mssc/Documents/Code/ops/platform/services/investigator/src/investigator/holmes_adapter.py 83
        
--- PASS: TestSP06RealHolmesModelMCPJobAndSSE (10.22s)
PASS
ok  	ops-platform/test/integration	11.147s
