...F                                                                     [100%]
=================================== FAILURES ===================================
_______ test_wrong_workload_and_live_revocation_fail_before_http_headers _______

    @contextlib.contextmanager
    def map_httpcore_exceptions() -> typing.Iterator[None]:
        global HTTPCORE_EXC_MAP
        if len(HTTPCORE_EXC_MAP) == 0:
            HTTPCORE_EXC_MAP = _load_httpcore_exceptions()
        try:
>           yield

services/investigator/.venv/lib/python3.12/site-packages/httpx/_transports/default.py:101: 
_ _ _ _ _ _ _ _ _ _ _ _ _ _ _ _ _ _ _ _ _ _ _ _ _ _ _ _ _ _ _ _ _ _ _ _ _ _ _ _ 
services/investigator/.venv/lib/python3.12/site-packages/httpx/_transports/default.py:250: in handle_request
    resp = self._pool.handle_request(req)
           ^^^^^^^^^^^^^^^^^^^^^^^^^^^^^^
services/investigator/.venv/lib/python3.12/site-packages/httpcore/_sync/connection_pool.py:256: in handle_request
    raise exc from None
services/investigator/.venv/lib/python3.12/site-packages/httpcore/_sync/connection_pool.py:236: in handle_request
    response = connection.handle_request(
services/investigator/.venv/lib/python3.12/site-packages/httpcore/_sync/connection.py:101: in handle_request
    raise exc
services/investigator/.venv/lib/python3.12/site-packages/httpcore/_sync/connection.py:78: in handle_request
    stream = self._connect(request)
             ^^^^^^^^^^^^^^^^^^^^^^
services/investigator/.venv/lib/python3.12/site-packages/httpcore/_sync/connection.py:156: in _connect
    stream = stream.start_tls(**kwargs)
             ^^^^^^^^^^^^^^^^^^^^^^^^^^
services/investigator/.venv/lib/python3.12/site-packages/httpcore/_backends/sync.py:154: in start_tls
    with map_exceptions(exc_map):
         ^^^^^^^^^^^^^^^^^^^^^^^
/Users/mssc/.local/share/mise/installs/python/3.12.14/lib/python3.12/contextlib.py:158: in __exit__
    self.gen.throw(value)
_ _ _ _ _ _ _ _ _ _ _ _ _ _ _ _ _ _ _ _ _ _ _ _ _ _ _ _ _ _ _ _ _ _ _ _ _ _ _ _ 

map = {<class 'TimeoutError'>: <class 'httpcore.ConnectTimeout'>, <class 'OSError'>: <class 'httpcore.ConnectError'>}

    @contextlib.contextmanager
    def map_exceptions(map: ExceptionMapping) -> typing.Iterator[None]:
        try:
            yield
        except Exception as exc:  # noqa: PIE786
            for from_exc, to_exc in map.items():
                if isinstance(exc, from_exc):
>                   raise to_exc(exc) from exc
E                   httpcore.ConnectError: [SSL: CERTIFICATE_VERIFY_FAILED] certificate verify failed: self-signed certificate (_ssl.c:1010)

services/investigator/.venv/lib/python3.12/site-packages/httpcore/_exceptions.py:14: ConnectError

The above exception was the direct cause of the following exception:

tmp_path = PosixPath('/private/var/folders/71/5876xm8s6d37d5873yq80dc80000gn/T/pytest-of-mssc/pytest-0/test_wrong_workload_and_live_r0')

    def test_wrong_workload_and_live_revocation_fail_before_http_headers(tmp_path):
        now=datetime.datetime.now(datetime.timezone.utc)
        key=rsa.generate_private_key(public_exponent=65537,key_size=2048)
        name=x509.Name([x509.NameAttribute(NameOID.COMMON_NAME,"SP06 owned test CA")])
        ca=x509.CertificateBuilder().subject_name(name).issuer_name(name).public_key(key.public_key()).serial_number(1).not_valid_before(now-datetime.timedelta(minutes=1)).not_valid_after(now+datetime.timedelta(hours=1)).add_extension(x509.BasicConstraints(ca=True,path_length=None),critical=True).sign(key,hashes.SHA256())
        (tmp_path/'ca.pem').write_bytes(ca.public_bytes(serialization.Encoding.PEM))
        calls=[]
        class Handler(BaseHTTPRequestHandler):
            def log_message(self,*args):pass
            def do_GET(self):
                calls.append(self.headers.get('Authorization'))
                self.send_response(200);self.send_header('Content-Length','2');self.end_headers();self.wfile.write(b'{}')
        def certificate(uri):
            return x509.CertificateBuilder().subject_name(name).issuer_name(name).public_key(key.public_key()).serial_number(2).not_valid_before(now-datetime.timedelta(minutes=1)).not_valid_after(now+datetime.timedelta(hours=1)).add_extension(x509.SubjectAlternativeName([x509.DNSName('ops-api.test.svc.cluster.local'),x509.UniformResourceIdentifier(uri)]),critical=False).sign(key,hashes.SHA256())
        def crl(revoked=False):
            builder=x509.CertificateRevocationListBuilder().issuer_name(name).last_update(now-datetime.timedelta(minutes=1)).next_update(now+datetime.timedelta(minutes=10))
            if revoked:builder=builder.add_revoked_certificate(x509.RevokedCertificateBuilder().serial_number(2).revocation_date(now).build())
            (tmp_path/'crl.pem').write_bytes(builder.sign(key,hashes.SHA256()).public_bytes(serialization.Encoding.PEM))
        (tmp_path/'key.pem').write_bytes(key.private_bytes(serialization.Encoding.PEM,serialization.PrivateFormat.PKCS8,serialization.NoEncryption()))
        config=dict(caFile=str(tmp_path/'ca.pem'),crlFile=str(tmp_path/'crl.pem'),certificateFile=str(tmp_path/'cert.pem'),privateKeyFile=str(tmp_path/'key.pem'),apiServerName='ops-api.test.svc.cluster.local')
        for uri,revoked,allowed in [('spiffe://ops.local/ns/test/sa/other',False,False),('spiffe://ops.local/ns/test/sa/ops-api',False,True),('spiffe://ops.local/ns/test/sa/ops-api',True,False)]:
            (tmp_path/'cert.pem').write_bytes(certificate(uri).public_bytes(serialization.Encoding.PEM));crl(revoked)
            server=ThreadingHTTPServer(('127.0.0.1',0),Handler)
            tls=ssl.SSLContext(ssl.PROTOCOL_TLS_SERVER);tls.load_cert_chain(config['certificateFile'],config['privateKeyFile']);server.socket=tls.wrap_socket(server.socket,server_side=True)
            thread=threading.Thread(target=server.serve_forever,daemon=True);thread.start()
            client,asynchronous=clients(config)
            try:
                if allowed:assert client.get('https://127.0.0.1:'+str(server.server_port),headers={'Authorization':'Bearer owned-context'}).status_code==200
                else:
>                   with pytest.raises(RuntimeError,match='WORKLOAD_IDENTITY_REJECTED'):client.get('https://127.0.0.1:'+str(server.server_port),headers={'Authorization':'Bearer must-not-leak'})
                                                                                        ^^^^^^^^^^^^^^^^^^^^^^^^^^^^^^^^^^^^^^^^^^^^^^^^^^^^^^^^^^^^^^^^^^^^^^^^^^^^^^^^^^^^^^^^^^^^^^^^^^^^^^^^^

services/investigator/tests/test_workload_tls.py:41: 
_ _ _ _ _ _ _ _ _ _ _ _ _ _ _ _ _ _ _ _ _ _ _ _ _ _ _ _ _ _ _ _ _ _ _ _ _ _ _ _ 
services/investigator/.venv/lib/python3.12/site-packages/httpx/_client.py:1053: in get
    return self.request(
services/investigator/.venv/lib/python3.12/site-packages/httpx/_client.py:825: in request
    return self.send(request, auth=auth, follow_redirects=follow_redirects)
           ^^^^^^^^^^^^^^^^^^^^^^^^^^^^^^^^^^^^^^^^^^^^^^^^^^^^^^^^^^^^^^^^
services/investigator/.venv/lib/python3.12/site-packages/httpx/_client.py:914: in send
    response = self._send_handling_auth(
services/investigator/.venv/lib/python3.12/site-packages/httpx/_client.py:942: in _send_handling_auth
    response = self._send_handling_redirects(
services/investigator/.venv/lib/python3.12/site-packages/httpx/_client.py:979: in _send_handling_redirects
    response = self._send_single_request(request)
               ^^^^^^^^^^^^^^^^^^^^^^^^^^^^^^^^^^
services/investigator/.venv/lib/python3.12/site-packages/httpx/_client.py:1014: in _send_single_request
    response = transport.handle_request(request)
               ^^^^^^^^^^^^^^^^^^^^^^^^^^^^^^^^^
services/investigator/.venv/lib/python3.12/site-packages/httpx/_transports/default.py:249: in handle_request
    with map_httpcore_exceptions():
         ^^^^^^^^^^^^^^^^^^^^^^^^^
/Users/mssc/.local/share/mise/installs/python/3.12.14/lib/python3.12/contextlib.py:158: in __exit__
    self.gen.throw(value)
_ _ _ _ _ _ _ _ _ _ _ _ _ _ _ _ _ _ _ _ _ _ _ _ _ _ _ _ _ _ _ _ _ _ _ _ _ _ _ _ 

    @contextlib.contextmanager
    def map_httpcore_exceptions() -> typing.Iterator[None]:
        global HTTPCORE_EXC_MAP
        if len(HTTPCORE_EXC_MAP) == 0:
            HTTPCORE_EXC_MAP = _load_httpcore_exceptions()
        try:
            yield
        except Exception as exc:
            mapped_exc = None
    
            for from_exc, to_exc in HTTPCORE_EXC_MAP.items():
                if not isinstance(exc, from_exc):
                    continue
                # We want to map to the most specific exception we can find.
                # Eg if `exc` is an `httpcore.ReadTimeout`, we want to map to
                # `httpx.ReadTimeout`, not just `httpx.TimeoutException`.
                if mapped_exc is None or issubclass(to_exc, mapped_exc):
                    mapped_exc = to_exc
    
            if mapped_exc is None:  # pragma: no cover
                raise
    
            message = str(exc)
>           raise mapped_exc(message) from exc
E           httpx.ConnectError: [SSL: CERTIFICATE_VERIFY_FAILED] certificate verify failed: self-signed certificate (_ssl.c:1010)

services/investigator/.venv/lib/python3.12/site-packages/httpx/_transports/default.py:118: ConnectError
=========================== short test summary info ============================
FAILED services/investigator/tests/test_workload_tls.py::test_wrong_workload_and_live_revocation_fail_before_http_headers
1 failed, 3 passed in 0.40s
