=== RUN   TestSP06RealHolmesModelMCPJobAndSSE
2026/10/03 19:47:01 OK   00001_roles_and_schemas.sql (22.33ms)
2026/10/03 19:47:01 goose: successfully migrated database to version: 1
2026/10/03 19:47:01 OK   00002_platform_meta.sql (15.54ms)
2026/10/03 19:47:01 OK   00003_finding.sql (13.22ms)
2026/10/03 19:47:01 OK   00004_incident.sql (4.97ms)
2026/10/03 19:47:01 OK   00005_investigation.sql (4.85ms)
2026/10/03 19:47:01 OK   00006_action_command.sql (4.21ms)
2026/10/03 19:47:01 OK   00007_audit.sql (23.42ms)
2026/10/03 19:47:01 OK   00008_rls.sql (11.37ms)
2026/10/03 19:47:01 OK   00009_idempotency_ledger.sql (10.29ms)
2026/10/03 19:47:01 OK   00010_tenant_provisioning.sql (3.8ms)
2026/10/03 19:47:01 OK   00011_source_registration_history.sql (5.51ms)
2026/10/03 19:47:01 OK   00012_config_registry_lifecycle.sql (13.72ms)
2026/10/03 19:47:01 OK   00013_audit_signed_segments.sql (10.84ms)
2026/10/03 19:47:01 OK   00014_audit_segment_predecessors.sql (4.81ms)
2026/10/03 19:47:01 OK   00015_source_schema_scope.sql (4.87ms)
2026/10/03 19:47:02 OK   00016_cluster_registration_metadata.sql (5.94ms)
2026/10/03 19:47:02 OK   00017_source_data_scope.sql (4.87ms)
2026/10/03 19:47:02 OK   00018_sp04_resources_evidence.sql (13.44ms)
2026/10/03 19:47:02 OK   00019_sp04_archive_ciphertext_bytes.sql (3.7ms)
2026/10/03 19:47:02 OK   00020_sp04_request_ledger.sql (6.53ms)
2026/10/03 19:47:02 OK   00021_sp04_archive_protection.sql (7.45ms)
2026/10/03 19:47:02 OK   00022_sp04_legal_hold_dependencies.sql (3.03ms)
2026/10/03 19:47:02 OK   00023_sp04_archive_query_intent.sql (2.98ms)
2026/10/03 19:47:02 OK   00024_sp05_finding_incident.sql (12.03ms)
2026/10/03 19:47:02 OK   00025_sp05_incident_event_time.sql (3.07ms)
2026/10/03 19:47:02 OK   00026_sp05_source_binding_lock.sql (3.96ms)
2026/10/03 19:47:02 OK   00027_sp05_rca_and_poll.sql (10.61ms)
2026/10/03 19:47:02 OK   00028_sp05_operator_lock.sql (4.23ms)
2026/10/03 19:47:02 OK   00029_sp05_evidence_links.sql (6.37ms)
2026/10/03 19:47:02 OK   00030_sp05_recipe_fence.sql (2.36ms)
2026/10/03 19:47:02 OK   00031_sp05_rca_postcheck.sql (2.78ms)
2026/10/03 19:47:02 OK   00032_sp05_transport_audit.sql (8.92ms)
2026/10/03 19:47:02 OK   00033_sp05_poll_resolution_clock.sql (7.66ms)
2026/10/03 19:47:02 OK   00034_sp06_investigation_ledger.sql (16.26ms)
2026/10/03 19:47:02 goose: successfully migrated database to version: 34
2026/10/03 19:47:43 ERROR investigator dispatch failed reason=INVESTIGATION_NOT_AUTHORIZED
    sp06_real_chain_test.go:232: real chain state=failed errorCode=RESULT_REJECTED
    sp06_real_chain_test.go:180: investigator diagnostic 
--- FAIL: TestSP06RealHolmesModelMCPJobAndSSE (42.49s)
FAIL
FAIL	ops-platform/test/integration	43.538s
FAIL
