=== RUN   TestSP06RealHolmesModelMCPJobAndSSE
2026/10/03 18:55:57 OK   00001_roles_and_schemas.sql (30.55ms)
2026/10/03 18:55:57 goose: successfully migrated database to version: 1
2026/10/03 18:55:57 OK   00002_platform_meta.sql (32.28ms)
2026/10/03 18:55:57 OK   00003_finding.sql (7.55ms)
2026/10/03 18:55:57 OK   00004_incident.sql (10.53ms)
2026/10/03 18:55:57 OK   00005_investigation.sql (7.83ms)
2026/10/03 18:55:57 OK   00006_action_command.sql (5.77ms)
2026/10/03 18:55:57 OK   00007_audit.sql (7.96ms)
2026/10/03 18:55:57 OK   00008_rls.sql (7.84ms)
2026/10/03 18:55:57 OK   00009_idempotency_ledger.sql (22.4ms)
2026/10/03 18:55:57 OK   00010_tenant_provisioning.sql (5.24ms)
2026/10/03 18:55:57 OK   00011_source_registration_history.sql (5.85ms)
2026/10/03 18:55:57 OK   00012_config_registry_lifecycle.sql (9.77ms)
2026/10/03 18:55:57 OK   00013_audit_signed_segments.sql (20.99ms)
2026/10/03 18:55:57 OK   00014_audit_segment_predecessors.sql (14.31ms)
2026/10/03 18:55:57 OK   00015_source_schema_scope.sql (7.3ms)
2026/10/03 18:55:57 OK   00016_cluster_registration_metadata.sql (4.66ms)
2026/10/03 18:55:57 OK   00017_source_data_scope.sql (3.23ms)
2026/10/03 18:55:57 OK   00018_sp04_resources_evidence.sql (24.76ms)
2026/10/03 18:55:57 OK   00019_sp04_archive_ciphertext_bytes.sql (3.05ms)
2026/10/03 18:55:57 OK   00020_sp04_request_ledger.sql (5.09ms)
2026/10/03 18:55:57 OK   00021_sp04_archive_protection.sql (4.98ms)
2026/10/03 18:55:57 OK   00022_sp04_legal_hold_dependencies.sql (8.23ms)
2026/10/03 18:55:57 OK   00023_sp04_archive_query_intent.sql (4.34ms)
2026/10/03 18:55:57 OK   00024_sp05_finding_incident.sql (17.73ms)
2026/10/03 18:55:57 OK   00025_sp05_incident_event_time.sql (5.68ms)
2026/10/03 18:55:57 OK   00026_sp05_source_binding_lock.sql (3.99ms)
2026/10/03 18:55:57 OK   00027_sp05_rca_and_poll.sql (8.77ms)
2026/10/03 18:55:57 OK   00028_sp05_operator_lock.sql (4.65ms)
2026/10/03 18:55:57 OK   00029_sp05_evidence_links.sql (6.45ms)
2026/10/03 18:55:57 OK   00030_sp05_recipe_fence.sql (2.93ms)
2026/10/03 18:55:57 OK   00031_sp05_rca_postcheck.sql (2.47ms)
2026/10/03 18:55:57 OK   00032_sp05_transport_audit.sql (3.64ms)
2026/10/03 18:55:57 OK   00033_sp05_poll_resolution_clock.sql (5.41ms)
2026/10/03 18:55:57 OK   00034_sp06_investigation_ledger.sql (22.96ms)
2026/10/03 18:55:57 goose: successfully migrated database to version: 34
2026/10/03 18:56:34 ERROR investigator dispatch failed reason=INVALID_INVESTIGATION
    sp06_real_chain_test.go:232: real chain state=failed errorCode=RESULT_REJECTED
    sp06_real_chain_test.go:180: investigator diagnostic 
--- FAIL: TestSP06RealHolmesModelMCPJobAndSSE (37.52s)
FAIL
FAIL	ops-platform/test/integration	38.588s
FAIL
