=== RUN   TestSP06RealHolmesModelMCPJobAndSSE
2026/10/03 20:25:36 OK   00001_roles_and_schemas.sql (10.89ms)
2026/10/03 20:25:36 goose: successfully migrated database to version: 1
2026/10/03 20:25:36 OK   00002_platform_meta.sql (27.35ms)
2026/10/03 20:25:36 OK   00003_finding.sql (6.58ms)
2026/10/03 20:25:36 OK   00004_incident.sql (3.66ms)
2026/10/03 20:25:36 OK   00005_investigation.sql (9.82ms)
2026/10/03 20:25:36 OK   00006_action_command.sql (7.32ms)
2026/10/03 20:25:36 OK   00007_audit.sql (11.52ms)
2026/10/03 20:25:36 OK   00008_rls.sql (7.72ms)
2026/10/03 20:25:36 OK   00009_idempotency_ledger.sql (12.17ms)
2026/10/03 20:25:36 OK   00010_tenant_provisioning.sql (7.48ms)
2026/10/03 20:25:36 OK   00011_source_registration_history.sql (7.64ms)
2026/10/03 20:25:36 OK   00012_config_registry_lifecycle.sql (18.75ms)
2026/10/03 20:25:36 OK   00013_audit_signed_segments.sql (6.98ms)
2026/10/03 20:25:36 OK   00014_audit_segment_predecessors.sql (3.4ms)
2026/10/03 20:25:36 OK   00015_source_schema_scope.sql (2.26ms)
2026/10/03 20:25:36 OK   00016_cluster_registration_metadata.sql (2.73ms)
2026/10/03 20:25:36 OK   00017_source_data_scope.sql (2.19ms)
2026/10/03 20:25:36 OK   00018_sp04_resources_evidence.sql (26.2ms)
2026/10/03 20:25:36 OK   00019_sp04_archive_ciphertext_bytes.sql (2.18ms)
2026/10/03 20:25:36 OK   00020_sp04_request_ledger.sql (3ms)
2026/10/03 20:25:36 OK   00021_sp04_archive_protection.sql (2.59ms)
2026/10/03 20:25:36 OK   00022_sp04_legal_hold_dependencies.sql (3.64ms)
2026/10/03 20:25:36 OK   00023_sp04_archive_query_intent.sql (3.98ms)
2026/10/03 20:25:36 OK   00024_sp05_finding_incident.sql (18.29ms)
2026/10/03 20:25:36 OK   00025_sp05_incident_event_time.sql (2.26ms)
2026/10/03 20:25:36 OK   00026_sp05_source_binding_lock.sql (4.75ms)
2026/10/03 20:25:36 OK   00027_sp05_rca_and_poll.sql (16.04ms)
2026/10/03 20:25:36 OK   00028_sp05_operator_lock.sql (3.8ms)
2026/10/03 20:25:36 OK   00029_sp05_evidence_links.sql (6.47ms)
2026/10/03 20:25:36 OK   00030_sp05_recipe_fence.sql (7.09ms)
2026/10/03 20:25:36 OK   00031_sp05_rca_postcheck.sql (5.14ms)
2026/10/03 20:25:36 OK   00032_sp05_transport_audit.sql (6.46ms)
2026/10/03 20:25:36 OK   00033_sp05_poll_resolution_clock.sql (3.31ms)
2026/10/03 20:25:36 OK   00034_sp06_investigation_ledger.sql (30.95ms)
2026/10/03 20:25:36 goose: successfully migrated database to version: 34
    sp06_real_chain_test.go:374: REAL closure job=01a101ba-28c9-7b5e-97d6-bdff4e67bce9 tools=1 models=2 audits=9 state=partial
    sp06_real_chain_test.go:187: investigator diagnostic 
--- PASS: TestSP06RealHolmesModelMCPJobAndSSE (38.10s)
PASS
ok  	ops-platform/test/integration	39.178s
