=== RUN   TestSP06RealHolmesModelMCPJobAndSSE
2026/10/03 20:22:32 OK   00001_roles_and_schemas.sql (22.36ms)
2026/10/03 20:22:32 goose: successfully migrated database to version: 1
2026/10/03 20:22:32 OK   00002_platform_meta.sql (34.41ms)
2026/10/03 20:22:32 OK   00003_finding.sql (7.84ms)
2026/10/03 20:22:32 OK   00004_incident.sql (5.44ms)
2026/10/03 20:22:32 OK   00005_investigation.sql (7.8ms)
2026/10/03 20:22:32 OK   00006_action_command.sql (6.8ms)
2026/10/03 20:22:32 OK   00007_audit.sql (17.24ms)
2026/10/03 20:22:32 OK   00008_rls.sql (21.55ms)
2026/10/03 20:22:32 OK   00009_idempotency_ledger.sql (16.18ms)
2026/10/03 20:22:32 OK   00010_tenant_provisioning.sql (4.76ms)
2026/10/03 20:22:32 OK   00011_source_registration_history.sql (12.67ms)
2026/10/03 20:22:32 OK   00012_config_registry_lifecycle.sql (11.89ms)
2026/10/03 20:22:32 OK   00013_audit_signed_segments.sql (24.57ms)
2026/10/03 20:22:32 OK   00014_audit_segment_predecessors.sql (4.27ms)
2026/10/03 20:22:32 OK   00015_source_schema_scope.sql (7.39ms)
2026/10/03 20:22:32 OK   00016_cluster_registration_metadata.sql (9.14ms)
2026/10/03 20:22:32 OK   00017_source_data_scope.sql (6.49ms)
2026/10/03 20:22:32 OK   00018_sp04_resources_evidence.sql (10.06ms)
2026/10/03 20:22:32 OK   00019_sp04_archive_ciphertext_bytes.sql (7.95ms)
2026/10/03 20:22:32 OK   00020_sp04_request_ledger.sql (7.42ms)
2026/10/03 20:22:32 OK   00021_sp04_archive_protection.sql (5.58ms)
2026/10/03 20:22:32 OK   00022_sp04_legal_hold_dependencies.sql (2.46ms)
2026/10/03 20:22:32 OK   00023_sp04_archive_query_intent.sql (5.81ms)
2026/10/03 20:22:32 OK   00024_sp05_finding_incident.sql (23.92ms)
2026/10/03 20:22:32 OK   00025_sp05_incident_event_time.sql (2.7ms)
2026/10/03 20:22:32 OK   00026_sp05_source_binding_lock.sql (8.92ms)
2026/10/03 20:22:32 OK   00027_sp05_rca_and_poll.sql (13.46ms)
2026/10/03 20:22:32 OK   00028_sp05_operator_lock.sql (2.84ms)
2026/10/03 20:22:32 OK   00029_sp05_evidence_links.sql (11.69ms)
2026/10/03 20:22:32 OK   00030_sp05_recipe_fence.sql (5.38ms)
2026/10/03 20:22:32 OK   00031_sp05_rca_postcheck.sql (3.39ms)
2026/10/03 20:22:32 OK   00032_sp05_transport_audit.sql (2.94ms)
2026/10/03 20:22:32 OK   00033_sp05_poll_resolution_clock.sql (2.81ms)
2026/10/03 20:22:32 OK   00034_sp06_investigation_ledger.sql (24.71ms)
2026/10/03 20:22:32 goose: successfully migrated database to version: 34
2026/10/03 20:23:19 ERROR investigator dispatch failed reason=INVESTIGATOR_UNAVAILABLE
    sp06_real_chain_test.go:321: real chain state=failed errorCode=INVESTIGATOR_FAILURE
    sp06_real_chain_test.go:187: investigator diagnostic investigator-failure RuntimeError /Users/mssc/Documents/Code/ops/platform/services/investigator/src/investigator/worker.py 73
        investigator-failure RuntimeError /Users/mssc/Documents/Code/ops/platform/services/investigator/src/investigator/job_api.py 20
        
--- FAIL: TestSP06RealHolmesModelMCPJobAndSSE (48.30s)
FAIL
FAIL	ops-platform/test/integration	49.155s
FAIL
