=== RUN   TestSP06RealHolmesModelMCPJobAndSSE
2026/10/03 18:58:07 OK   00001_roles_and_schemas.sql (15.49ms)
2026/10/03 18:58:07 goose: successfully migrated database to version: 1
2026/10/03 18:58:07 OK   00002_platform_meta.sql (25.47ms)
2026/10/03 18:58:07 OK   00003_finding.sql (6.49ms)
2026/10/03 18:58:07 OK   00004_incident.sql (5.29ms)
2026/10/03 18:58:07 OK   00005_investigation.sql (6.37ms)
2026/10/03 18:58:07 OK   00006_action_command.sql (12.89ms)
2026/10/03 18:58:07 OK   00007_audit.sql (8.57ms)
2026/10/03 18:58:08 OK   00008_rls.sql (21.46ms)
2026/10/03 18:58:08 OK   00009_idempotency_ledger.sql (11.01ms)
2026/10/03 18:58:08 OK   00010_tenant_provisioning.sql (15.05ms)
2026/10/03 18:58:08 OK   00011_source_registration_history.sql (6.52ms)
2026/10/03 18:58:08 OK   00012_config_registry_lifecycle.sql (15.27ms)
2026/10/03 18:58:08 OK   00013_audit_signed_segments.sql (13.3ms)
2026/10/03 18:58:08 OK   00014_audit_segment_predecessors.sql (10.1ms)
2026/10/03 18:58:08 OK   00015_source_schema_scope.sql (5.03ms)
2026/10/03 18:58:08 OK   00016_cluster_registration_metadata.sql (5.11ms)
2026/10/03 18:58:08 OK   00017_source_data_scope.sql (6.14ms)
2026/10/03 18:58:08 OK   00018_sp04_resources_evidence.sql (19.12ms)
2026/10/03 18:58:08 OK   00019_sp04_archive_ciphertext_bytes.sql (6.75ms)
2026/10/03 18:58:08 OK   00020_sp04_request_ledger.sql (8.7ms)
2026/10/03 18:58:08 OK   00021_sp04_archive_protection.sql (4.8ms)
2026/10/03 18:58:08 OK   00022_sp04_legal_hold_dependencies.sql (2.59ms)
2026/10/03 18:58:08 OK   00023_sp04_archive_query_intent.sql (3.14ms)
2026/10/03 18:58:08 OK   00024_sp05_finding_incident.sql (12.98ms)
2026/10/03 18:58:08 OK   00025_sp05_incident_event_time.sql (3.48ms)
2026/10/03 18:58:08 OK   00026_sp05_source_binding_lock.sql (6.51ms)
2026/10/03 18:58:08 OK   00027_sp05_rca_and_poll.sql (13.35ms)
2026/10/03 18:58:08 OK   00028_sp05_operator_lock.sql (3.6ms)
2026/10/03 18:58:08 OK   00029_sp05_evidence_links.sql (4.97ms)
2026/10/03 18:58:08 OK   00030_sp05_recipe_fence.sql (2.7ms)
2026/10/03 18:58:08 OK   00031_sp05_rca_postcheck.sql (2.68ms)
2026/10/03 18:58:08 OK   00032_sp05_transport_audit.sql (3.18ms)
2026/10/03 18:58:08 OK   00033_sp05_poll_resolution_clock.sql (3.38ms)
2026/10/03 18:58:08 OK   00034_sp06_investigation_ledger.sql (26.38ms)
2026/10/03 18:58:08 goose: successfully migrated database to version: 34
    sp06_real_chain_test.go:236: actual loop closure tool=0 model=1
    sp06_real_chain_test.go:180: investigator diagnostic 
--- FAIL: TestSP06RealHolmesModelMCPJobAndSSE (19.49s)
FAIL
FAIL	ops-platform/test/integration	20.531s
FAIL
