=== RUN   TestSP05RCARegistryImmutableEvidenceAppendOnlyAndReplayRevocation
2026/10/03 19:59:56 OK   00001_roles_and_schemas.sql (28.26ms)
2026/10/03 19:59:56 goose: successfully migrated database to version: 1
2026/10/03 19:59:56 OK   00002_platform_meta.sql (38.96ms)
2026/10/03 19:59:56 OK   00003_finding.sql (7.69ms)
2026/10/03 19:59:56 OK   00004_incident.sql (21.41ms)
2026/10/03 19:59:56 OK   00005_investigation.sql (5.05ms)
2026/10/03 19:59:56 OK   00006_action_command.sql (4.03ms)
2026/10/03 19:59:56 OK   00007_audit.sql (5.96ms)
2026/10/03 19:59:56 OK   00008_rls.sql (5.82ms)
2026/10/03 19:59:56 OK   00009_idempotency_ledger.sql (25.08ms)
2026/10/03 19:59:56 OK   00010_tenant_provisioning.sql (3.47ms)
2026/10/03 19:59:56 OK   00011_source_registration_history.sql (4.28ms)
2026/10/03 19:59:56 OK   00012_config_registry_lifecycle.sql (7.34ms)
2026/10/03 19:59:56 OK   00013_audit_signed_segments.sql (37.94ms)
2026/10/03 19:59:56 OK   00014_audit_segment_predecessors.sql (18.14ms)
2026/10/03 19:59:56 OK   00015_source_schema_scope.sql (5.78ms)
2026/10/03 19:59:56 OK   00016_cluster_registration_metadata.sql (7.58ms)
2026/10/03 19:59:56 OK   00017_source_data_scope.sql (4.43ms)
2026/10/03 19:59:56 OK   00018_sp04_resources_evidence.sql (24.46ms)
2026/10/03 19:59:56 OK   00019_sp04_archive_ciphertext_bytes.sql (7.53ms)
2026/10/03 19:59:56 OK   00020_sp04_request_ledger.sql (17.51ms)
2026/10/03 19:59:56 OK   00021_sp04_archive_protection.sql (8.03ms)
2026/10/03 19:59:56 OK   00022_sp04_legal_hold_dependencies.sql (11.14ms)
2026/10/03 19:59:56 OK   00023_sp04_archive_query_intent.sql (3.49ms)
2026/10/03 19:59:57 OK   00024_sp05_finding_incident.sql (37.05ms)
2026/10/03 19:59:57 OK   00025_sp05_incident_event_time.sql (2.76ms)
2026/10/03 19:59:57 OK   00026_sp05_source_binding_lock.sql (28.17ms)
2026/10/03 19:59:57 OK   00027_sp05_rca_and_poll.sql (8.74ms)
2026/10/03 19:59:57 OK   00028_sp05_operator_lock.sql (29.15ms)
2026/10/03 19:59:57 OK   00029_sp05_evidence_links.sql (7.41ms)
2026/10/03 19:59:57 OK   00030_sp05_recipe_fence.sql (23.21ms)
2026/10/03 19:59:57 OK   00031_sp05_rca_postcheck.sql (3.11ms)
2026/10/03 19:59:57 OK   00032_sp05_transport_audit.sql (29.21ms)
2026/10/03 19:59:57 OK   00033_sp05_poll_resolution_clock.sql (3.2ms)
2026/10/03 19:59:57 OK   00034_sp06_investigation_ledger.sql (11.78ms)
2026/10/03 19:59:57 goose: successfully migrated database to version: 34
--- PASS: TestSP05RCARegistryImmutableEvidenceAppendOnlyAndReplayRevocation (0.97s)
=== RUN   TestSP06RealHolmesModelMCPJobAndSSE
2026/10/03 19:59:57 OK   00001_roles_and_schemas.sql (37.03ms)
2026/10/03 19:59:57 goose: successfully migrated database to version: 1
2026/10/03 19:59:57 OK   00002_platform_meta.sql (40.12ms)
2026/10/03 19:59:57 OK   00003_finding.sql (38.64ms)
2026/10/03 19:59:57 OK   00004_incident.sql (5.08ms)
2026/10/03 19:59:57 OK   00005_investigation.sql (28.38ms)
2026/10/03 19:59:57 OK   00006_action_command.sql (4.85ms)
2026/10/03 19:59:57 OK   00007_audit.sql (6.78ms)
2026/10/03 19:59:57 OK   00008_rls.sql (7.23ms)
2026/10/03 19:59:57 OK   00009_idempotency_ledger.sql (16.3ms)
2026/10/03 19:59:57 OK   00010_tenant_provisioning.sql (6.3ms)
2026/10/03 19:59:57 OK   00011_source_registration_history.sql (5.19ms)
2026/10/03 19:59:57 OK   00012_config_registry_lifecycle.sql (26.73ms)
2026/10/03 19:59:57 OK   00013_audit_signed_segments.sql (28.39ms)
2026/10/03 19:59:57 OK   00014_audit_segment_predecessors.sql (5ms)
2026/10/03 19:59:57 OK   00015_source_schema_scope.sql (2.29ms)
2026/10/03 19:59:57 OK   00016_cluster_registration_metadata.sql (2.76ms)
2026/10/03 19:59:57 OK   00017_source_data_scope.sql (2.25ms)
2026/10/03 19:59:57 OK   00018_sp04_resources_evidence.sql (9.21ms)
2026/10/03 19:59:57 OK   00019_sp04_archive_ciphertext_bytes.sql (1.9ms)
2026/10/03 19:59:57 OK   00020_sp04_request_ledger.sql (2.85ms)
2026/10/03 19:59:57 OK   00021_sp04_archive_protection.sql (2.03ms)
2026/10/03 19:59:57 OK   00022_sp04_legal_hold_dependencies.sql (1.88ms)
2026/10/03 19:59:57 OK   00023_sp04_archive_query_intent.sql (1.78ms)
2026/10/03 19:59:57 OK   00024_sp05_finding_incident.sql (36.27ms)
2026/10/03 19:59:57 OK   00025_sp05_incident_event_time.sql (2.05ms)
2026/10/03 19:59:57 OK   00026_sp05_source_binding_lock.sql (2.19ms)
2026/10/03 19:59:57 OK   00027_sp05_rca_and_poll.sql (27.22ms)
2026/10/03 19:59:57 OK   00028_sp05_operator_lock.sql (2.58ms)
2026/10/03 19:59:58 OK   00029_sp05_evidence_links.sql (4.04ms)
2026/10/03 19:59:58 OK   00030_sp05_recipe_fence.sql (1.98ms)
2026/10/03 19:59:58 OK   00031_sp05_rca_postcheck.sql (1.92ms)
2026/10/03 19:59:58 OK   00032_sp05_transport_audit.sql (2.16ms)
2026/10/03 19:59:58 OK   00033_sp05_poll_resolution_clock.sql (2.19ms)
2026/10/03 19:59:58 OK   00034_sp06_investigation_ledger.sql (29.98ms)
2026/10/03 19:59:58 goose: successfully migrated database to version: 34
    sp06_real_chain_test.go:253: REAL closure job=01a101a2-ad99-7d81-88f4-c7ffde987ffc tools=1 models=2 audits=9 state=partial
    sp06_real_chain_test.go:180: investigator diagnostic 
--- PASS: TestSP06RealHolmesModelMCPJobAndSSE (44.84s)
=== RUN   TestSP06RecoveryNonceTransactionAndValidator
2026/10/03 20:00:42 OK   00001_roles_and_schemas.sql (29.86ms)
2026/10/03 20:00:42 goose: successfully migrated database to version: 1
2026/10/03 20:00:42 OK   00002_platform_meta.sql (13.91ms)
2026/10/03 20:00:42 OK   00003_finding.sql (28.3ms)
2026/10/03 20:00:42 OK   00004_incident.sql (28.33ms)
2026/10/03 20:00:42 OK   00005_investigation.sql (11.92ms)
2026/10/03 20:00:42 OK   00006_action_command.sql (19.17ms)
2026/10/03 20:00:42 OK   00007_audit.sql (8.04ms)
2026/10/03 20:00:42 OK   00008_rls.sql (25.56ms)
2026/10/03 20:00:42 OK   00009_idempotency_ledger.sql (10.67ms)
2026/10/03 20:00:42 OK   00010_tenant_provisioning.sql (8.44ms)
2026/10/03 20:00:42 OK   00011_source_registration_history.sql (13.95ms)
2026/10/03 20:00:42 OK   00012_config_registry_lifecycle.sql (8.7ms)
2026/10/03 20:00:42 OK   00013_audit_signed_segments.sql (12.55ms)
2026/10/03 20:00:42 OK   00014_audit_segment_predecessors.sql (6.49ms)
2026/10/03 20:00:42 OK   00015_source_schema_scope.sql (4.77ms)
2026/10/03 20:00:42 OK   00016_cluster_registration_metadata.sql (4.88ms)
2026/10/03 20:00:42 OK   00017_source_data_scope.sql (4.67ms)
2026/10/03 20:00:42 OK   00018_sp04_resources_evidence.sql (25.48ms)
2026/10/03 20:00:42 OK   00019_sp04_archive_ciphertext_bytes.sql (4.89ms)
2026/10/03 20:00:42 OK   00020_sp04_request_ledger.sql (5.2ms)
2026/10/03 20:00:42 OK   00021_sp04_archive_protection.sql (2.81ms)
2026/10/03 20:00:42 OK   00022_sp04_legal_hold_dependencies.sql (2.26ms)
2026/10/03 20:00:42 OK   00023_sp04_archive_query_intent.sql (2.38ms)
2026/10/03 20:00:42 OK   00024_sp05_finding_incident.sql (30.58ms)
2026/10/03 20:00:42 OK   00025_sp05_incident_event_time.sql (2.9ms)
2026/10/03 20:00:42 OK   00026_sp05_source_binding_lock.sql (15.51ms)
2026/10/03 20:00:42 OK   00027_sp05_rca_and_poll.sql (12.78ms)
2026/10/03 20:00:42 OK   00028_sp05_operator_lock.sql (3.49ms)
2026/10/03 20:00:42 OK   00029_sp05_evidence_links.sql (32.89ms)
2026/10/03 20:00:42 OK   00030_sp05_recipe_fence.sql (3.69ms)
2026/10/03 20:00:42 OK   00031_sp05_rca_postcheck.sql (29.98ms)
2026/10/03 20:00:42 OK   00032_sp05_transport_audit.sql (3.26ms)
2026/10/03 20:00:42 OK   00033_sp05_poll_resolution_clock.sql (3.32ms)
2026/10/03 20:00:42 OK   00034_sp06_investigation_ledger.sql (28.24ms)
2026/10/03 20:00:42 goose: successfully migrated database to version: 34
--- PASS: TestSP06RecoveryNonceTransactionAndValidator (1.29s)
PASS
ok  	ops-platform/test/integration	48.179s
