=== RUN   TestSP06RealHolmesModelMCPJobAndSSE
2026/10/04 12:09:40 OK   00001_roles_and_schemas.sql (39.01ms)
2026/10/04 12:09:40 goose: successfully migrated database to version: 1
2026/10/04 12:09:40 OK   00002_platform_meta.sql (15.06ms)
2026/10/04 12:09:40 OK   00003_finding.sql (7.04ms)
2026/10/04 12:09:40 OK   00004_incident.sql (5.96ms)
2026/10/04 12:09:40 OK   00005_investigation.sql (6.67ms)
2026/10/04 12:09:40 OK   00006_action_command.sql (5.9ms)
2026/10/04 12:09:40 OK   00007_audit.sql (8.59ms)
2026/10/04 12:09:40 OK   00008_rls.sql (7.86ms)
2026/10/04 12:09:40 OK   00009_idempotency_ledger.sql (7.18ms)
2026/10/04 12:09:40 OK   00010_tenant_provisioning.sql (5.72ms)
2026/10/04 12:09:40 OK   00011_source_registration_history.sql (6.46ms)
2026/10/04 12:09:40 OK   00012_config_registry_lifecycle.sql (8.37ms)
2026/10/04 12:09:40 OK   00013_audit_signed_segments.sql (10.04ms)
2026/10/04 12:09:40 OK   00014_audit_segment_predecessors.sql (4.6ms)
2026/10/04 12:09:40 OK   00015_source_schema_scope.sql (2.27ms)
2026/10/04 12:09:40 OK   00016_cluster_registration_metadata.sql (3.98ms)
2026/10/04 12:09:40 OK   00017_source_data_scope.sql (3.73ms)
2026/10/04 12:09:40 OK   00018_sp04_resources_evidence.sql (11.27ms)
2026/10/04 12:09:40 OK   00019_sp04_archive_ciphertext_bytes.sql (3.16ms)
2026/10/04 12:09:40 OK   00020_sp04_request_ledger.sql (4.78ms)
2026/10/04 12:09:40 OK   00021_sp04_archive_protection.sql (3.5ms)
2026/10/04 12:09:40 OK   00022_sp04_legal_hold_dependencies.sql (3.12ms)
2026/10/04 12:09:40 OK   00023_sp04_archive_query_intent.sql (3.41ms)
2026/10/04 12:09:40 OK   00024_sp05_finding_incident.sql (13.57ms)
2026/10/04 12:09:40 OK   00025_sp05_incident_event_time.sql (3.25ms)
2026/10/04 12:09:40 OK   00026_sp05_source_binding_lock.sql (3.73ms)
2026/10/04 12:09:40 OK   00027_sp05_rca_and_poll.sql (6.98ms)
2026/10/04 12:09:40 OK   00028_sp05_operator_lock.sql (3.75ms)
2026/10/04 12:09:40 OK   00029_sp05_evidence_links.sql (6.15ms)
2026/10/04 12:09:40 OK   00030_sp05_recipe_fence.sql (3.48ms)
2026/10/04 12:09:40 OK   00031_sp05_rca_postcheck.sql (3.2ms)
2026/10/04 12:09:40 OK   00032_sp05_transport_audit.sql (2.86ms)
2026/10/04 12:09:40 OK   00033_sp05_poll_resolution_clock.sql (2.92ms)
2026/10/04 12:09:40 OK   00034_sp06_investigation_ledger.sql (14.33ms)
2026/10/04 12:09:40 goose: successfully migrated database to version: 34
    sp06_real_chain_test.go:550: REAL closure job=01a1051a-762d-7407-b6e0-d54c67e5f679 tools=1 models=2 audits=9 state=partial
    sp06_real_chain_test.go:226: investigator diagnostic 
--- PASS: TestSP06RealHolmesModelMCPJobAndSSE (29.95s)
PASS
ok  	ops-platform/test/integration	30.903s
