=== RUN   TestSP06RealHolmesModelMCPJobAndSSE
2026/10/03 18:49:34 OK   00001_roles_and_schemas.sql (6.57ms)
2026/10/03 18:49:34 goose: successfully migrated database to version: 1
2026/10/03 18:49:34 OK   00002_platform_meta.sql (25.73ms)
2026/10/03 18:49:34 OK   00003_finding.sql (9.83ms)
2026/10/03 18:49:34 OK   00004_incident.sql (5.03ms)
2026/10/03 18:49:34 OK   00005_investigation.sql (4.14ms)
2026/10/03 18:49:34 OK   00006_action_command.sql (3.77ms)
2026/10/03 18:49:34 OK   00007_audit.sql (6.46ms)
2026/10/03 18:49:34 OK   00008_rls.sql (13.67ms)
2026/10/03 18:49:34 OK   00009_idempotency_ledger.sql (13.29ms)
2026/10/03 18:49:34 OK   00010_tenant_provisioning.sql (13.59ms)
2026/10/03 18:49:34 OK   00011_source_registration_history.sql (10.58ms)
2026/10/03 18:49:34 OK   00012_config_registry_lifecycle.sql (9.17ms)
2026/10/03 18:49:34 OK   00013_audit_signed_segments.sql (17.82ms)
2026/10/03 18:49:34 OK   00014_audit_segment_predecessors.sql (7.23ms)
2026/10/03 18:49:34 OK   00015_source_schema_scope.sql (8.21ms)
2026/10/03 18:49:34 OK   00016_cluster_registration_metadata.sql (10.34ms)
2026/10/03 18:49:34 OK   00017_source_data_scope.sql (4.99ms)
2026/10/03 18:49:34 OK   00018_sp04_resources_evidence.sql (10.24ms)
2026/10/03 18:49:34 OK   00019_sp04_archive_ciphertext_bytes.sql (2.84ms)
2026/10/03 18:49:34 OK   00020_sp04_request_ledger.sql (11.63ms)
2026/10/03 18:49:34 OK   00021_sp04_archive_protection.sql (6.71ms)
2026/10/03 18:49:34 OK   00022_sp04_legal_hold_dependencies.sql (3.99ms)
2026/10/03 18:49:34 OK   00023_sp04_archive_query_intent.sql (3.1ms)
2026/10/03 18:49:34 OK   00024_sp05_finding_incident.sql (27.15ms)
2026/10/03 18:49:34 OK   00025_sp05_incident_event_time.sql (7.79ms)
2026/10/03 18:49:34 OK   00026_sp05_source_binding_lock.sql (8.23ms)
2026/10/03 18:49:34 OK   00027_sp05_rca_and_poll.sql (8.37ms)
2026/10/03 18:49:34 OK   00028_sp05_operator_lock.sql (2.59ms)
2026/10/03 18:49:34 OK   00029_sp05_evidence_links.sql (5.04ms)
2026/10/03 18:49:34 OK   00030_sp05_recipe_fence.sql (2.31ms)
2026/10/03 18:49:34 OK   00031_sp05_rca_postcheck.sql (1.93ms)
2026/10/03 18:49:34 OK   00032_sp05_transport_audit.sql (3.39ms)
2026/10/03 18:49:34 OK   00033_sp05_poll_resolution_clock.sql (4.55ms)
2026/10/03 18:49:34 OK   00034_sp06_investigation_ledger.sql (34.32ms)
2026/10/03 18:49:34 goose: successfully migrated database to version: 34
    sp06_real_chain_test.go:232: real chain state=failed errorCode=INVESTIGATOR_FAILURE
    sp06_real_chain_test.go:180: investigator diagnostic 
--- FAIL: TestSP06RealHolmesModelMCPJobAndSSE (14.66s)
FAIL
FAIL	ops-platform/test/integration	15.515s
FAIL
