=== RUN   TestSP06RealHolmesModelMCPJobAndSSE
2026/10/03 19:14:41 OK   00001_roles_and_schemas.sql (42.07ms)
2026/10/03 19:14:41 goose: successfully migrated database to version: 1
2026/10/03 19:14:41 OK   00002_platform_meta.sql (27.2ms)
2026/10/03 19:14:41 OK   00003_finding.sql (9.43ms)
2026/10/03 19:14:41 OK   00004_incident.sql (8.71ms)
2026/10/03 19:14:41 OK   00005_investigation.sql (15.97ms)
2026/10/03 19:14:41 OK   00006_action_command.sql (10.87ms)
2026/10/03 19:14:41 OK   00007_audit.sql (39.38ms)
2026/10/03 19:14:41 OK   00008_rls.sql (9ms)
2026/10/03 19:14:41 OK   00009_idempotency_ledger.sql (6.77ms)
2026/10/03 19:14:41 OK   00010_tenant_provisioning.sql (4.39ms)
2026/10/03 19:14:41 OK   00011_source_registration_history.sql (13.79ms)
2026/10/03 19:14:41 OK   00012_config_registry_lifecycle.sql (17.75ms)
2026/10/03 19:14:41 OK   00013_audit_signed_segments.sql (9.88ms)
2026/10/03 19:14:41 OK   00014_audit_segment_predecessors.sql (10.83ms)
2026/10/03 19:14:41 OK   00015_source_schema_scope.sql (8.54ms)
2026/10/03 19:14:41 OK   00016_cluster_registration_metadata.sql (6.25ms)
2026/10/03 19:14:41 OK   00017_source_data_scope.sql (4.19ms)
2026/10/03 19:14:41 OK   00018_sp04_resources_evidence.sql (22.62ms)
2026/10/03 19:14:41 OK   00019_sp04_archive_ciphertext_bytes.sql (3.38ms)
2026/10/03 19:14:41 OK   00020_sp04_request_ledger.sql (20.22ms)
2026/10/03 19:14:41 OK   00021_sp04_archive_protection.sql (3.89ms)
2026/10/03 19:14:41 OK   00022_sp04_legal_hold_dependencies.sql (2.36ms)
2026/10/03 19:14:41 OK   00023_sp04_archive_query_intent.sql (6.9ms)
2026/10/03 19:14:41 OK   00024_sp05_finding_incident.sql (24.14ms)
2026/10/03 19:14:41 OK   00025_sp05_incident_event_time.sql (8.46ms)
2026/10/03 19:14:41 OK   00026_sp05_source_binding_lock.sql (5.6ms)
2026/10/03 19:14:41 OK   00027_sp05_rca_and_poll.sql (16.03ms)
2026/10/03 19:14:41 OK   00028_sp05_operator_lock.sql (14.2ms)
2026/10/03 19:14:41 OK   00029_sp05_evidence_links.sql (5.14ms)
2026/10/03 19:14:41 OK   00030_sp05_recipe_fence.sql (3.87ms)
2026/10/03 19:14:41 OK   00031_sp05_rca_postcheck.sql (4.47ms)
2026/10/03 19:14:41 OK   00032_sp05_transport_audit.sql (4.96ms)
2026/10/03 19:14:41 OK   00033_sp05_poll_resolution_clock.sql (6.36ms)
2026/10/03 19:14:41 OK   00034_sp06_investigation_ledger.sql (22.25ms)
2026/10/03 19:14:41 goose: successfully migrated database to version: 34
    sp06_real_chain_test.go:253: REAL closure job=01a10179-3c17-7069-8668-2bf3eab83c74 tools=1 models=2 audits=9 state=partial
    sp06_real_chain_test.go:180: investigator diagnostic 
--- PASS: TestSP06RealHolmesModelMCPJobAndSSE (36.97s)
PASS
ok  	ops-platform/test/integration	38.017s
