=== RUN   TestSP06RealHolmesModelMCPJobAndSSE
2026/10/04 12:05:07 OK   00001_roles_and_schemas.sql (42.06ms)
2026/10/04 12:05:07 goose: successfully migrated database to version: 1
2026/10/04 12:05:07 OK   00002_platform_meta.sql (15.29ms)
2026/10/04 12:05:07 OK   00003_finding.sql (7.61ms)
2026/10/04 12:05:07 OK   00004_incident.sql (6.83ms)
2026/10/04 12:05:07 OK   00005_investigation.sql (6.46ms)
2026/10/04 12:05:07 OK   00006_action_command.sql (4.51ms)
2026/10/04 12:05:07 OK   00007_audit.sql (7.22ms)
2026/10/04 12:05:07 OK   00008_rls.sql (6.92ms)
2026/10/04 12:05:07 OK   00009_idempotency_ledger.sql (5.91ms)
2026/10/04 12:05:07 OK   00010_tenant_provisioning.sql (3.02ms)
2026/10/04 12:05:07 OK   00011_source_registration_history.sql (8.16ms)
2026/10/04 12:05:07 OK   00012_config_registry_lifecycle.sql (7.73ms)
2026/10/04 12:05:07 OK   00013_audit_signed_segments.sql (8.38ms)
2026/10/04 12:05:07 OK   00014_audit_segment_predecessors.sql (5.64ms)
2026/10/04 12:05:07 OK   00015_source_schema_scope.sql (3.12ms)
2026/10/04 12:05:07 OK   00016_cluster_registration_metadata.sql (3.37ms)
2026/10/04 12:05:07 OK   00017_source_data_scope.sql (3.25ms)
2026/10/04 12:05:07 OK   00018_sp04_resources_evidence.sql (13.45ms)
2026/10/04 12:05:07 OK   00019_sp04_archive_ciphertext_bytes.sql (2.34ms)
2026/10/04 12:05:07 OK   00020_sp04_request_ledger.sql (4.07ms)
2026/10/04 12:05:07 OK   00021_sp04_archive_protection.sql (3.4ms)
2026/10/04 12:05:07 OK   00022_sp04_legal_hold_dependencies.sql (5.39ms)
2026/10/04 12:05:07 OK   00023_sp04_archive_query_intent.sql (4.29ms)
2026/10/04 12:05:07 OK   00024_sp05_finding_incident.sql (27.82ms)
2026/10/04 12:05:07 OK   00025_sp05_incident_event_time.sql (2.13ms)
2026/10/04 12:05:07 OK   00026_sp05_source_binding_lock.sql (3.1ms)
2026/10/04 12:05:07 OK   00027_sp05_rca_and_poll.sql (6.06ms)
2026/10/04 12:05:07 OK   00028_sp05_operator_lock.sql (2.96ms)
2026/10/04 12:05:07 OK   00029_sp05_evidence_links.sql (4.41ms)
2026/10/04 12:05:07 OK   00030_sp05_recipe_fence.sql (2.56ms)
2026/10/04 12:05:07 OK   00031_sp05_rca_postcheck.sql (2.87ms)
2026/10/04 12:05:07 OK   00032_sp05_transport_audit.sql (3.15ms)
2026/10/04 12:05:07 OK   00033_sp05_poll_resolution_clock.sql (3.67ms)
2026/10/04 12:05:07 OK   00034_sp06_investigation_ledger.sql (16.23ms)
2026/10/04 12:05:07 goose: successfully migrated database to version: 34
2026/10/04 12:05:40 ERROR investigator dispatch failed reason=INVESTIGATOR_UNAVAILABLE
    sp06_real_chain_test.go:497: real chain state=failed errorCode=INVESTIGATOR_FAILURE
    sp06_real_chain_test.go:226: investigator diagnostic investigator-failure RuntimeError /Users/mssc/Documents/Code/ops/platform/services/investigator/src/investigator/worker.py 66
        investigator-failure RuntimeError /Users/mssc/Documents/Code/ops/platform/services/investigator/src/investigator/job_api.py 20
        
--- FAIL: TestSP06RealHolmesModelMCPJobAndSSE (34.03s)
FAIL
FAIL	ops-platform/test/integration	35.235s
FAIL
