=== RUN   TestSP06RealHolmesModelMCPJobAndSSE
2026/10/03 18:59:27 OK   00001_roles_and_schemas.sql (7.1ms)
2026/10/03 18:59:27 goose: successfully migrated database to version: 1
2026/10/03 18:59:27 OK   00002_platform_meta.sql (27.68ms)
2026/10/03 18:59:27 OK   00003_finding.sql (14.25ms)
2026/10/03 18:59:27 OK   00004_incident.sql (9.9ms)
2026/10/03 18:59:27 OK   00005_investigation.sql (6.29ms)
2026/10/03 18:59:27 OK   00006_action_command.sql (9.6ms)
2026/10/03 18:59:27 OK   00007_audit.sql (13.73ms)
2026/10/03 18:59:27 OK   00008_rls.sql (10.44ms)
2026/10/03 18:59:27 OK   00009_idempotency_ledger.sql (7.2ms)
2026/10/03 18:59:27 OK   00010_tenant_provisioning.sql (3.03ms)
2026/10/03 18:59:27 OK   00011_source_registration_history.sql (5.31ms)
2026/10/03 18:59:27 OK   00012_config_registry_lifecycle.sql (6.98ms)
2026/10/03 18:59:27 OK   00013_audit_signed_segments.sql (8.07ms)
2026/10/03 18:59:27 OK   00014_audit_segment_predecessors.sql (7.4ms)
2026/10/03 18:59:27 OK   00015_source_schema_scope.sql (4.14ms)
2026/10/03 18:59:27 OK   00016_cluster_registration_metadata.sql (6.61ms)
2026/10/03 18:59:27 OK   00017_source_data_scope.sql (5.8ms)
2026/10/03 18:59:27 OK   00018_sp04_resources_evidence.sql (18.69ms)
2026/10/03 18:59:27 OK   00019_sp04_archive_ciphertext_bytes.sql (4.8ms)
2026/10/03 18:59:27 OK   00020_sp04_request_ledger.sql (4.13ms)
2026/10/03 18:59:27 OK   00021_sp04_archive_protection.sql (2.94ms)
2026/10/03 18:59:27 OK   00022_sp04_legal_hold_dependencies.sql (2.4ms)
2026/10/03 18:59:27 OK   00023_sp04_archive_query_intent.sql (3.34ms)
2026/10/03 18:59:27 OK   00024_sp05_finding_incident.sql (25.18ms)
2026/10/03 18:59:27 OK   00025_sp05_incident_event_time.sql (3.39ms)
2026/10/03 18:59:27 OK   00026_sp05_source_binding_lock.sql (4.18ms)
2026/10/03 18:59:27 OK   00027_sp05_rca_and_poll.sql (11.58ms)
2026/10/03 18:59:27 OK   00028_sp05_operator_lock.sql (2.78ms)
2026/10/03 18:59:27 OK   00029_sp05_evidence_links.sql (4.31ms)
2026/10/03 18:59:27 OK   00030_sp05_recipe_fence.sql (3.14ms)
2026/10/03 18:59:27 OK   00031_sp05_rca_postcheck.sql (3.03ms)
2026/10/03 18:59:27 OK   00032_sp05_transport_audit.sql (6.81ms)
2026/10/03 18:59:27 OK   00033_sp05_poll_resolution_clock.sql (3.78ms)
2026/10/03 18:59:27 OK   00034_sp06_investigation_ledger.sql (12.27ms)
2026/10/03 18:59:27 goose: successfully migrated database to version: 34
    sp06_real_chain_test.go:253: REAL closure job=01a1016b-46d4-72bb-bb69-0f44c7ccda79 tools=1 models=2 audits=9 state=partial
    sp06_real_chain_test.go:180: investigator diagnostic 
--- PASS: TestSP06RealHolmesModelMCPJobAndSSE (27.28s)
PASS
ok  	ops-platform/test/integration	28.129s
