=== RUN   TestSP06RealHolmesModelMCPJobAndSSE
2026/10/03 20:43:07 OK   00001_roles_and_schemas.sql (13.74ms)
2026/10/03 20:43:07 goose: successfully migrated database to version: 1
2026/10/03 20:43:07 OK   00002_platform_meta.sql (28.25ms)
2026/10/03 20:43:07 OK   00003_finding.sql (13.14ms)
2026/10/03 20:43:07 OK   00004_incident.sql (18.62ms)
2026/10/03 20:43:07 OK   00005_investigation.sql (4.91ms)
2026/10/03 20:43:07 OK   00006_action_command.sql (12.15ms)
2026/10/03 20:43:07 OK   00007_audit.sql (14.47ms)
2026/10/03 20:43:07 OK   00008_rls.sql (24.14ms)
2026/10/03 20:43:07 OK   00009_idempotency_ledger.sql (5.94ms)
2026/10/03 20:43:07 OK   00010_tenant_provisioning.sql (12.97ms)
2026/10/03 20:43:07 OK   00011_source_registration_history.sql (8.49ms)
2026/10/03 20:43:07 OK   00012_config_registry_lifecycle.sql (6.55ms)
2026/10/03 20:43:07 OK   00013_audit_signed_segments.sql (15.91ms)
2026/10/03 20:43:07 OK   00014_audit_segment_predecessors.sql (9.87ms)
2026/10/03 20:43:07 OK   00015_source_schema_scope.sql (3.3ms)
2026/10/03 20:43:07 OK   00016_cluster_registration_metadata.sql (2.98ms)
2026/10/03 20:43:07 OK   00017_source_data_scope.sql (4.61ms)
2026/10/03 20:43:07 OK   00018_sp04_resources_evidence.sql (23.76ms)
2026/10/03 20:43:07 OK   00019_sp04_archive_ciphertext_bytes.sql (2.28ms)
2026/10/03 20:43:07 OK   00020_sp04_request_ledger.sql (5.81ms)
2026/10/03 20:43:07 OK   00021_sp04_archive_protection.sql (17.29ms)
2026/10/03 20:43:07 OK   00022_sp04_legal_hold_dependencies.sql (2.24ms)
2026/10/03 20:43:07 OK   00023_sp04_archive_query_intent.sql (2.14ms)
2026/10/03 20:43:07 OK   00024_sp05_finding_incident.sql (27.95ms)
2026/10/03 20:43:07 OK   00025_sp05_incident_event_time.sql (2.06ms)
2026/10/03 20:43:07 OK   00026_sp05_source_binding_lock.sql (3.01ms)
2026/10/03 20:43:07 OK   00027_sp05_rca_and_poll.sql (21.75ms)
2026/10/03 20:43:07 OK   00028_sp05_operator_lock.sql (2.52ms)
2026/10/03 20:43:07 OK   00029_sp05_evidence_links.sql (3.66ms)
2026/10/03 20:43:07 OK   00030_sp05_recipe_fence.sql (4.61ms)
2026/10/03 20:43:07 OK   00031_sp05_rca_postcheck.sql (15.1ms)
2026/10/03 20:43:07 OK   00032_sp05_transport_audit.sql (3.04ms)
2026/10/03 20:43:07 OK   00033_sp05_poll_resolution_clock.sql (2.64ms)
2026/10/03 20:43:07 OK   00034_sp06_investigation_ledger.sql (31.61ms)
2026/10/03 20:43:07 goose: successfully migrated database to version: 34
    sp06_real_chain_test.go:374: REAL closure job=01a101ca-329d-7207-a7ed-2b9dc610746c tools=1 models=2 audits=9 state=partial
    sp06_real_chain_test.go:187: investigator diagnostic 
--- PASS: TestSP06RealHolmesModelMCPJobAndSSE (44.07s)
PASS
ok  	ops-platform/test/integration	44.908s
