=== RUN   TestSP06RealHolmesModelMCPJobAndSSE
2026/10/03 19:52:47 OK   00001_roles_and_schemas.sql (29.49ms)
2026/10/03 19:52:47 goose: successfully migrated database to version: 1
2026/10/03 19:52:47 OK   00002_platform_meta.sql (33.9ms)
2026/10/03 19:52:47 OK   00003_finding.sql (6.96ms)
2026/10/03 19:52:47 OK   00004_incident.sql (22.5ms)
2026/10/03 19:52:47 OK   00005_investigation.sql (27.79ms)
2026/10/03 19:52:47 OK   00006_action_command.sql (25.35ms)
2026/10/03 19:52:47 OK   00007_audit.sql (29.21ms)
2026/10/03 19:52:47 OK   00008_rls.sql (29.52ms)
2026/10/03 19:52:47 OK   00009_idempotency_ledger.sql (5.75ms)
2026/10/03 19:52:47 OK   00010_tenant_provisioning.sql (2.86ms)
2026/10/03 19:52:47 OK   00011_source_registration_history.sql (5.6ms)
2026/10/03 19:52:47 OK   00012_config_registry_lifecycle.sql (24ms)
2026/10/03 19:52:47 OK   00013_audit_signed_segments.sql (10.24ms)
2026/10/03 19:52:47 OK   00014_audit_segment_predecessors.sql (3.86ms)
2026/10/03 19:52:47 OK   00015_source_schema_scope.sql (2.19ms)
2026/10/03 19:52:47 OK   00016_cluster_registration_metadata.sql (25.07ms)
2026/10/03 19:52:47 OK   00017_source_data_scope.sql (4.07ms)
2026/10/03 19:52:47 OK   00018_sp04_resources_evidence.sql (25.52ms)
2026/10/03 19:52:47 OK   00019_sp04_archive_ciphertext_bytes.sql (9.2ms)
2026/10/03 19:52:47 OK   00020_sp04_request_ledger.sql (18.49ms)
2026/10/03 19:52:47 OK   00021_sp04_archive_protection.sql (24.26ms)
2026/10/03 19:52:47 OK   00022_sp04_legal_hold_dependencies.sql (3.22ms)
2026/10/03 19:52:47 OK   00023_sp04_archive_query_intent.sql (2.63ms)
2026/10/03 19:52:47 OK   00024_sp05_finding_incident.sql (36.85ms)
2026/10/03 19:52:47 OK   00025_sp05_incident_event_time.sql (4.98ms)
2026/10/03 19:52:47 OK   00026_sp05_source_binding_lock.sql (8.12ms)
2026/10/03 19:52:47 OK   00027_sp05_rca_and_poll.sql (34.59ms)
2026/10/03 19:52:47 OK   00028_sp05_operator_lock.sql (13.59ms)
2026/10/03 19:52:47 OK   00029_sp05_evidence_links.sql (17.55ms)
2026/10/03 19:52:47 OK   00030_sp05_recipe_fence.sql (2.69ms)
2026/10/03 19:52:47 OK   00031_sp05_rca_postcheck.sql (9.43ms)
2026/10/03 19:52:47 OK   00032_sp05_transport_audit.sql (16.49ms)
2026/10/03 19:52:47 OK   00033_sp05_poll_resolution_clock.sql (3.27ms)
2026/10/03 19:52:47 OK   00034_sp06_investigation_ledger.sql (15.26ms)
2026/10/03 19:52:47 goose: successfully migrated database to version: 34
    sp06_real_chain_test.go:253: REAL closure job=01a1019c-1f00-7e82-ba60-a05da48713b1 tools=1 models=2 audits=9 state=partial
    sp06_real_chain_test.go:180: investigator diagnostic 
--- PASS: TestSP06RealHolmesModelMCPJobAndSSE (45.61s)
PASS
ok  	ops-platform/test/integration	47.348s
