=== RUN   TestSP06RecoveryNonceTransactionAndValidator
2026/10/03 19:50:51 OK   00001_roles_and_schemas.sql (10.92ms)
2026/10/03 19:50:51 goose: successfully migrated database to version: 1
2026/10/03 19:50:51 OK   00002_platform_meta.sql (29.98ms)
2026/10/03 19:50:51 OK   00003_finding.sql (25.63ms)
2026/10/03 19:50:51 OK   00004_incident.sql (4.94ms)
2026/10/03 19:50:51 OK   00005_investigation.sql (5.68ms)
2026/10/03 19:50:51 OK   00006_action_command.sql (4.16ms)
2026/10/03 19:50:51 OK   00007_audit.sql (6.61ms)
2026/10/03 19:50:51 OK   00008_rls.sql (7.66ms)
2026/10/03 19:50:51 OK   00009_idempotency_ledger.sql (13.6ms)
2026/10/03 19:50:51 OK   00010_tenant_provisioning.sql (9.21ms)
2026/10/03 19:50:51 OK   00011_source_registration_history.sql (5.36ms)
2026/10/03 19:50:51 OK   00012_config_registry_lifecycle.sql (21.08ms)
2026/10/03 19:50:51 OK   00013_audit_signed_segments.sql (8.45ms)
2026/10/03 19:50:51 OK   00014_audit_segment_predecessors.sql (7.88ms)
2026/10/03 19:50:51 OK   00015_source_schema_scope.sql (6.46ms)
2026/10/03 19:50:52 OK   00016_cluster_registration_metadata.sql (7.44ms)
2026/10/03 19:50:52 OK   00017_source_data_scope.sql (2.69ms)
2026/10/03 19:50:52 OK   00018_sp04_resources_evidence.sql (27.53ms)
2026/10/03 19:50:52 OK   00019_sp04_archive_ciphertext_bytes.sql (2ms)
2026/10/03 19:50:52 OK   00020_sp04_request_ledger.sql (3.77ms)
2026/10/03 19:50:52 OK   00021_sp04_archive_protection.sql (2.29ms)
2026/10/03 19:50:52 OK   00022_sp04_legal_hold_dependencies.sql (19.88ms)
2026/10/03 19:50:52 OK   00023_sp04_archive_query_intent.sql (2.39ms)
2026/10/03 19:50:52 OK   00024_sp05_finding_incident.sql (30.8ms)
2026/10/03 19:50:52 OK   00025_sp05_incident_event_time.sql (1.92ms)
2026/10/03 19:50:52 OK   00026_sp05_source_binding_lock.sql (1.94ms)
2026/10/03 19:50:52 OK   00027_sp05_rca_and_poll.sql (5.26ms)
2026/10/03 19:50:52 OK   00028_sp05_operator_lock.sql (1.87ms)
2026/10/03 19:50:52 OK   00029_sp05_evidence_links.sql (3.4ms)
2026/10/03 19:50:52 OK   00030_sp05_recipe_fence.sql (1.77ms)
2026/10/03 19:50:52 OK   00031_sp05_rca_postcheck.sql (1.71ms)
2026/10/03 19:50:52 OK   00032_sp05_transport_audit.sql (1.57ms)
2026/10/03 19:50:52 OK   00033_sp05_poll_resolution_clock.sql (1.99ms)
2026/10/03 19:50:52 OK   00034_sp06_investigation_ledger.sql (11.97ms)
2026/10/03 19:50:52 goose: successfully migrated database to version: 34
    sp06_recovery_test.go:102: old callback INVALID_INVESTIGATION
--- FAIL: TestSP06RecoveryNonceTransactionAndValidator (0.78s)
=== RUN   TestSP06CancelExpireAndCurrentRevocation
2026/10/03 19:50:52 OK   00001_roles_and_schemas.sql (31.12ms)
2026/10/03 19:50:52 goose: successfully migrated database to version: 1
2026/10/03 19:50:52 OK   00002_platform_meta.sql (48.9ms)
2026/10/03 19:50:52 OK   00003_finding.sql (7.22ms)
2026/10/03 19:50:52 OK   00004_incident.sql (23.12ms)
2026/10/03 19:50:52 OK   00005_investigation.sql (5.4ms)
2026/10/03 19:50:52 OK   00006_action_command.sql (23.72ms)
2026/10/03 19:50:52 OK   00007_audit.sql (31.94ms)
2026/10/03 19:50:52 OK   00008_rls.sql (13.57ms)
2026/10/03 19:50:52 OK   00009_idempotency_ledger.sql (16.9ms)
2026/10/03 19:50:52 OK   00010_tenant_provisioning.sql (2.98ms)
2026/10/03 19:50:52 OK   00011_source_registration_history.sql (8.68ms)
2026/10/03 19:50:52 OK   00012_config_registry_lifecycle.sql (18.49ms)
2026/10/03 19:50:52 OK   00013_audit_signed_segments.sql (8.52ms)
2026/10/03 19:50:52 OK   00014_audit_segment_predecessors.sql (25.47ms)
2026/10/03 19:50:52 OK   00015_source_schema_scope.sql (2.69ms)
2026/10/03 19:50:52 OK   00016_cluster_registration_metadata.sql (22.9ms)
2026/10/03 19:50:52 OK   00017_source_data_scope.sql (4.09ms)
2026/10/03 19:50:52 OK   00018_sp04_resources_evidence.sql (9.61ms)
2026/10/03 19:50:52 OK   00019_sp04_archive_ciphertext_bytes.sql (1.6ms)
2026/10/03 19:50:52 OK   00020_sp04_request_ledger.sql (4.04ms)
2026/10/03 19:50:52 OK   00021_sp04_archive_protection.sql (3.29ms)
2026/10/03 19:50:52 OK   00022_sp04_legal_hold_dependencies.sql (3.55ms)
2026/10/03 19:50:52 OK   00023_sp04_archive_query_intent.sql (17.86ms)
2026/10/03 19:50:52 OK   00024_sp05_finding_incident.sql (12.47ms)
2026/10/03 19:50:52 OK   00025_sp05_incident_event_time.sql (2.28ms)
2026/10/03 19:50:52 OK   00026_sp05_source_binding_lock.sql (3.14ms)
2026/10/03 19:50:52 OK   00027_sp05_rca_and_poll.sql (15.57ms)
2026/10/03 19:50:53 OK   00028_sp05_operator_lock.sql (11.6ms)
2026/10/03 19:50:53 OK   00029_sp05_evidence_links.sql (4.47ms)
2026/10/03 19:50:53 OK   00030_sp05_recipe_fence.sql (2.22ms)
2026/10/03 19:50:53 OK   00031_sp05_rca_postcheck.sql (1.82ms)
2026/10/03 19:50:53 OK   00032_sp05_transport_audit.sql (2.77ms)
2026/10/03 19:50:53 OK   00033_sp05_poll_resolution_clock.sql (2.37ms)
2026/10/03 19:50:53 OK   00034_sp06_investigation_ledger.sql (33.76ms)
2026/10/03 19:50:53 goose: successfully migrated database to version: 34
    sp06_recovery_test.go:195: revocation did not durably terminate
--- FAIL: TestSP06CancelExpireAndCurrentRevocation (0.93s)
FAIL
FAIL	ops-platform/test/integration	2.829s
FAIL
