=== RUN   TestSP06RecoveryNonceTransactionAndValidator
2026/10/03 19:51:29 OK   00001_roles_and_schemas.sql (22.81ms)
2026/10/03 19:51:29 goose: successfully migrated database to version: 1
2026/10/03 19:51:29 OK   00002_platform_meta.sql (14.63ms)
2026/10/03 19:51:29 OK   00003_finding.sql (28.65ms)
2026/10/03 19:51:29 OK   00004_incident.sql (7.47ms)
2026/10/03 19:51:29 OK   00005_investigation.sql (13.75ms)
2026/10/03 19:51:29 OK   00006_action_command.sql (12.77ms)
2026/10/03 19:51:29 OK   00007_audit.sql (14.53ms)
2026/10/03 19:51:29 OK   00008_rls.sql (22ms)
2026/10/03 19:51:29 OK   00009_idempotency_ledger.sql (6.83ms)
2026/10/03 19:51:29 OK   00010_tenant_provisioning.sql (2.91ms)
2026/10/03 19:51:29 OK   00011_source_registration_history.sql (5.29ms)
2026/10/03 19:51:29 OK   00012_config_registry_lifecycle.sql (18.51ms)
2026/10/03 19:51:29 OK   00013_audit_signed_segments.sql (12.78ms)
2026/10/03 19:51:29 OK   00014_audit_segment_predecessors.sql (5.14ms)
2026/10/03 19:51:29 OK   00015_source_schema_scope.sql (13.89ms)
2026/10/03 19:51:29 OK   00016_cluster_registration_metadata.sql (12.85ms)
2026/10/03 19:51:29 OK   00017_source_data_scope.sql (4.97ms)
2026/10/03 19:51:30 OK   00018_sp04_resources_evidence.sql (25.34ms)
2026/10/03 19:51:30 OK   00019_sp04_archive_ciphertext_bytes.sql (7.57ms)
2026/10/03 19:51:30 OK   00020_sp04_request_ledger.sql (3.56ms)
2026/10/03 19:51:30 OK   00021_sp04_archive_protection.sql (2.16ms)
2026/10/03 19:51:30 OK   00022_sp04_legal_hold_dependencies.sql (1.77ms)
2026/10/03 19:51:30 OK   00023_sp04_archive_query_intent.sql (2.49ms)
2026/10/03 19:51:30 OK   00024_sp05_finding_incident.sql (32.42ms)
2026/10/03 19:51:30 OK   00025_sp05_incident_event_time.sql (3.07ms)
2026/10/03 19:51:30 OK   00026_sp05_source_binding_lock.sql (3.07ms)
2026/10/03 19:51:30 OK   00027_sp05_rca_and_poll.sql (11.44ms)
2026/10/03 19:51:30 OK   00028_sp05_operator_lock.sql (15.13ms)
2026/10/03 19:51:30 OK   00029_sp05_evidence_links.sql (5.93ms)
2026/10/03 19:51:30 OK   00030_sp05_recipe_fence.sql (2.72ms)
2026/10/03 19:51:30 OK   00031_sp05_rca_postcheck.sql (1.95ms)
2026/10/03 19:51:30 OK   00032_sp05_transport_audit.sql (4.89ms)
2026/10/03 19:51:30 OK   00033_sp05_poll_resolution_clock.sql (5.82ms)
2026/10/03 19:51:30 OK   00034_sp06_investigation_ledger.sql (25.47ms)
2026/10/03 19:51:30 goose: successfully migrated database to version: 34
    sp06_recovery_test.go:83: duplicate in-flight model allocation: <nil>
--- FAIL: TestSP06RecoveryNonceTransactionAndValidator (1.04s)
=== RUN   TestSP06CancelExpireAndCurrentRevocation
2026/10/03 19:51:30 OK   00001_roles_and_schemas.sql (15.16ms)
2026/10/03 19:51:30 goose: successfully migrated database to version: 1
2026/10/03 19:51:30 OK   00002_platform_meta.sql (15.42ms)
2026/10/03 19:51:30 OK   00003_finding.sql (19.74ms)
2026/10/03 19:51:30 OK   00004_incident.sql (13.46ms)
2026/10/03 19:51:30 OK   00005_investigation.sql (6.1ms)
2026/10/03 19:51:30 OK   00006_action_command.sql (9.55ms)
2026/10/03 19:51:30 OK   00007_audit.sql (15.75ms)
2026/10/03 19:51:30 OK   00008_rls.sql (7.75ms)
2026/10/03 19:51:30 OK   00009_idempotency_ledger.sql (5.26ms)
2026/10/03 19:51:30 OK   00010_tenant_provisioning.sql (4.06ms)
2026/10/03 19:51:30 OK   00011_source_registration_history.sql (22.75ms)
2026/10/03 19:51:30 OK   00012_config_registry_lifecycle.sql (17.07ms)
2026/10/03 19:51:30 OK   00013_audit_signed_segments.sql (23.29ms)
2026/10/03 19:51:30 OK   00014_audit_segment_predecessors.sql (10.71ms)
2026/10/03 19:51:30 OK   00015_source_schema_scope.sql (4.36ms)
2026/10/03 19:51:30 OK   00016_cluster_registration_metadata.sql (3.16ms)
2026/10/03 19:51:30 OK   00017_source_data_scope.sql (2.25ms)
2026/10/03 19:51:30 OK   00018_sp04_resources_evidence.sql (9.47ms)
2026/10/03 19:51:30 OK   00019_sp04_archive_ciphertext_bytes.sql (3.85ms)
2026/10/03 19:51:30 OK   00020_sp04_request_ledger.sql (16.65ms)
2026/10/03 19:51:30 OK   00021_sp04_archive_protection.sql (2.49ms)
2026/10/03 19:51:30 OK   00022_sp04_legal_hold_dependencies.sql (1.81ms)
2026/10/03 19:51:30 OK   00023_sp04_archive_query_intent.sql (3.29ms)
2026/10/03 19:51:30 OK   00024_sp05_finding_incident.sql (37.88ms)
2026/10/03 19:51:30 OK   00025_sp05_incident_event_time.sql (10.98ms)
2026/10/03 19:51:30 OK   00026_sp05_source_binding_lock.sql (2.23ms)
2026/10/03 19:51:30 OK   00027_sp05_rca_and_poll.sql (5.75ms)
2026/10/03 19:51:31 OK   00028_sp05_operator_lock.sql (3.96ms)
2026/10/03 19:51:31 OK   00029_sp05_evidence_links.sql (22.67ms)
2026/10/03 19:51:31 OK   00030_sp05_recipe_fence.sql (2.44ms)
2026/10/03 19:51:31 OK   00031_sp05_rca_postcheck.sql (2.94ms)
2026/10/03 19:51:31 OK   00032_sp05_transport_audit.sql (21.92ms)
2026/10/03 19:51:31 OK   00033_sp05_poll_resolution_clock.sql (3.34ms)
2026/10/03 19:51:31 OK   00034_sp06_investigation_ledger.sql (30.93ms)
2026/10/03 19:51:31 goose: successfully migrated database to version: 34
--- PASS: TestSP06CancelExpireAndCurrentRevocation (0.79s)
FAIL
FAIL	ops-platform/test/integration	2.925s
FAIL
