=== RUN   TestSP06JobLeaseReplayAndAtomicBudget
2026/10/03 19:52:46 OK   00001_roles_and_schemas.sql (7.93ms)
2026/10/03 19:52:46 goose: successfully migrated database to version: 1
2026/10/03 19:52:46 OK   00002_platform_meta.sql (30.87ms)
2026/10/03 19:52:46 OK   00003_finding.sql (8.61ms)
2026/10/03 19:52:46 OK   00004_incident.sql (28.19ms)
2026/10/03 19:52:46 OK   00005_investigation.sql (5.31ms)
2026/10/03 19:52:46 OK   00006_action_command.sql (4.51ms)
2026/10/03 19:52:46 OK   00007_audit.sql (36.28ms)
2026/10/03 19:52:46 OK   00008_rls.sql (7.62ms)
2026/10/03 19:52:46 OK   00009_idempotency_ledger.sql (5.4ms)
2026/10/03 19:52:46 OK   00010_tenant_provisioning.sql (3.14ms)
2026/10/03 19:52:46 OK   00011_source_registration_history.sql (36.56ms)
2026/10/03 19:52:46 OK   00012_config_registry_lifecycle.sql (7.29ms)
2026/10/03 19:52:46 OK   00013_audit_signed_segments.sql (37.45ms)
2026/10/03 19:52:46 OK   00014_audit_segment_predecessors.sql (48.65ms)
2026/10/03 19:52:46 OK   00015_source_schema_scope.sql (41.17ms)
2026/10/03 19:52:46 OK   00016_cluster_registration_metadata.sql (24.76ms)
2026/10/03 19:52:46 OK   00017_source_data_scope.sql (30.61ms)
2026/10/03 19:52:46 OK   00018_sp04_resources_evidence.sql (37.15ms)
2026/10/03 19:52:46 OK   00019_sp04_archive_ciphertext_bytes.sql (28.49ms)
2026/10/03 19:52:46 OK   00020_sp04_request_ledger.sql (4.44ms)
2026/10/03 19:52:47 OK   00021_sp04_archive_protection.sql (2.29ms)
2026/10/03 19:52:47 OK   00022_sp04_legal_hold_dependencies.sql (2.08ms)
2026/10/03 19:52:47 OK   00023_sp04_archive_query_intent.sql (1.95ms)
2026/10/03 19:52:47 OK   00024_sp05_finding_incident.sql (12.58ms)
2026/10/03 19:52:47 OK   00025_sp05_incident_event_time.sql (2.01ms)
2026/10/03 19:52:47 OK   00026_sp05_source_binding_lock.sql (2.19ms)
2026/10/03 19:52:47 OK   00027_sp05_rca_and_poll.sql (31.45ms)
2026/10/03 19:52:47 OK   00028_sp05_operator_lock.sql (3.18ms)
2026/10/03 19:52:47 OK   00029_sp05_evidence_links.sql (30.54ms)
2026/10/03 19:52:47 OK   00030_sp05_recipe_fence.sql (2.55ms)
2026/10/03 19:52:47 OK   00031_sp05_rca_postcheck.sql (3.1ms)
2026/10/03 19:52:47 OK   00032_sp05_transport_audit.sql (23.87ms)
2026/10/03 19:52:47 OK   00033_sp05_poll_resolution_clock.sql (2.99ms)
2026/10/03 19:52:47 OK   00034_sp06_investigation_ledger.sql (13.82ms)
2026/10/03 19:52:47 goose: successfully migrated database to version: 34
--- PASS: TestSP06JobLeaseReplayAndAtomicBudget (2.85s)
=== RUN   TestSP06RecoveryNonceTransactionAndValidator
2026/10/03 19:52:49 OK   00001_roles_and_schemas.sql (17.49ms)
2026/10/03 19:52:49 goose: successfully migrated database to version: 1
2026/10/03 19:52:49 OK   00002_platform_meta.sql (52.45ms)
2026/10/03 19:52:49 OK   00003_finding.sql (29.17ms)
2026/10/03 19:52:49 OK   00004_incident.sql (22.5ms)
2026/10/03 19:52:49 OK   00005_investigation.sql (9.02ms)
2026/10/03 19:52:49 OK   00006_action_command.sql (29.41ms)
2026/10/03 19:52:49 OK   00007_audit.sql (20ms)
2026/10/03 19:52:49 OK   00008_rls.sql (24.47ms)
2026/10/03 19:52:49 OK   00009_idempotency_ledger.sql (26.83ms)
2026/10/03 19:52:49 OK   00010_tenant_provisioning.sql (4.1ms)
2026/10/03 19:52:49 OK   00011_source_registration_history.sql (5.18ms)
2026/10/03 19:52:49 OK   00012_config_registry_lifecycle.sql (7.36ms)
2026/10/03 19:52:49 OK   00013_audit_signed_segments.sql (9.1ms)
2026/10/03 19:52:49 OK   00014_audit_segment_predecessors.sql (29.44ms)
2026/10/03 19:52:49 OK   00015_source_schema_scope.sql (3.7ms)
2026/10/03 19:52:49 OK   00016_cluster_registration_metadata.sql (3.74ms)
2026/10/03 19:52:49 OK   00017_source_data_scope.sql (28.29ms)
2026/10/03 19:52:49 OK   00018_sp04_resources_evidence.sql (40.41ms)
2026/10/03 19:52:49 OK   00019_sp04_archive_ciphertext_bytes.sql (4.37ms)
2026/10/03 19:52:49 OK   00020_sp04_request_ledger.sql (14.91ms)
2026/10/03 19:52:49 OK   00021_sp04_archive_protection.sql (27.9ms)
2026/10/03 19:52:49 OK   00022_sp04_legal_hold_dependencies.sql (33.64ms)
2026/10/03 19:52:49 OK   00023_sp04_archive_query_intent.sql (9.27ms)
2026/10/03 19:52:49 OK   00024_sp05_finding_incident.sql (55.26ms)
2026/10/03 19:52:49 OK   00025_sp05_incident_event_time.sql (4.5ms)
2026/10/03 19:52:49 OK   00026_sp05_source_binding_lock.sql (2.67ms)
2026/10/03 19:52:49 OK   00027_sp05_rca_and_poll.sql (13.7ms)
2026/10/03 19:52:49 OK   00028_sp05_operator_lock.sql (15.07ms)
2026/10/03 19:52:49 OK   00029_sp05_evidence_links.sql (4.67ms)
2026/10/03 19:52:49 OK   00030_sp05_recipe_fence.sql (2.09ms)
2026/10/03 19:52:49 OK   00031_sp05_rca_postcheck.sql (1.91ms)
2026/10/03 19:52:49 OK   00032_sp05_transport_audit.sql (2.49ms)
2026/10/03 19:52:49 OK   00033_sp05_poll_resolution_clock.sql (4.41ms)
2026/10/03 19:52:49 OK   00034_sp06_investigation_ledger.sql (33.79ms)
2026/10/03 19:52:49 goose: successfully migrated database to version: 34
--- PASS: TestSP06RecoveryNonceTransactionAndValidator (2.10s)
=== RUN   TestSP06CancelExpireAndCurrentRevocation
2026/10/03 19:52:51 OK   00001_roles_and_schemas.sql (25.45ms)
2026/10/03 19:52:51 goose: successfully migrated database to version: 1
2026/10/03 19:52:51 OK   00002_platform_meta.sql (22.62ms)
2026/10/03 19:52:51 OK   00003_finding.sql (21.12ms)
2026/10/03 19:52:51 OK   00004_incident.sql (5.51ms)
2026/10/03 19:52:51 OK   00005_investigation.sql (25.18ms)
2026/10/03 19:52:51 OK   00006_action_command.sql (4.65ms)
2026/10/03 19:52:51 OK   00007_audit.sql (26.66ms)
2026/10/03 19:52:51 OK   00008_rls.sql (28.54ms)
2026/10/03 19:52:51 OK   00009_idempotency_ledger.sql (4.98ms)
2026/10/03 19:52:51 OK   00010_tenant_provisioning.sql (2.86ms)
2026/10/03 19:52:51 OK   00011_source_registration_history.sql (4.3ms)
2026/10/03 19:52:51 OK   00012_config_registry_lifecycle.sql (6.2ms)
2026/10/03 19:52:51 OK   00013_audit_signed_segments.sql (24.83ms)
2026/10/03 19:52:51 OK   00014_audit_segment_predecessors.sql (3.72ms)
2026/10/03 19:52:51 OK   00015_source_schema_scope.sql (2.01ms)
2026/10/03 19:52:51 OK   00016_cluster_registration_metadata.sql (7.31ms)
2026/10/03 19:52:51 OK   00017_source_data_scope.sql (15.16ms)
2026/10/03 19:52:51 OK   00018_sp04_resources_evidence.sql (25.34ms)
2026/10/03 19:52:51 OK   00019_sp04_archive_ciphertext_bytes.sql (4.31ms)
2026/10/03 19:52:51 OK   00020_sp04_request_ledger.sql (3.86ms)
2026/10/03 19:52:51 OK   00021_sp04_archive_protection.sql (2.31ms)
2026/10/03 19:52:51 OK   00022_sp04_legal_hold_dependencies.sql (2.05ms)
2026/10/03 19:52:51 OK   00023_sp04_archive_query_intent.sql (1.78ms)
2026/10/03 19:52:51 OK   00024_sp05_finding_incident.sql (25.64ms)
2026/10/03 19:52:51 OK   00025_sp05_incident_event_time.sql (2ms)
2026/10/03 19:52:51 OK   00026_sp05_source_binding_lock.sql (2.3ms)
2026/10/03 19:52:51 OK   00027_sp05_rca_and_poll.sql (23.55ms)
2026/10/03 19:52:51 OK   00028_sp05_operator_lock.sql (2.77ms)
2026/10/03 19:52:51 OK   00029_sp05_evidence_links.sql (3.82ms)
2026/10/03 19:52:51 OK   00030_sp05_recipe_fence.sql (1.91ms)
2026/10/03 19:52:51 OK   00031_sp05_rca_postcheck.sql (20.83ms)
2026/10/03 19:52:51 OK   00032_sp05_transport_audit.sql (3.46ms)
2026/10/03 19:52:51 OK   00033_sp05_poll_resolution_clock.sql (4.89ms)
2026/10/03 19:52:51 OK   00034_sp06_investigation_ledger.sql (35.9ms)
2026/10/03 19:52:51 goose: successfully migrated database to version: 34
--- PASS: TestSP06CancelExpireAndCurrentRevocation (1.02s)
PASS
ok  	ops-platform/test/integration	7.044s
