=== RUN   TestSP06JobLeaseReplayAndAtomicBudget
2026/10/03 19:52:07 OK   00001_roles_and_schemas.sql (6.14ms)
2026/10/03 19:52:07 goose: successfully migrated database to version: 1
2026/10/03 19:52:07 OK   00002_platform_meta.sql (25.93ms)
2026/10/03 19:52:07 OK   00003_finding.sql (22.29ms)
2026/10/03 19:52:07 OK   00004_incident.sql (4.17ms)
2026/10/03 19:52:07 OK   00005_investigation.sql (4.16ms)
2026/10/03 19:52:07 OK   00006_action_command.sql (4.81ms)
2026/10/03 19:52:07 OK   00007_audit.sql (5.66ms)
2026/10/03 19:52:07 OK   00008_rls.sql (5.23ms)
2026/10/03 19:52:07 OK   00009_idempotency_ledger.sql (7.27ms)
2026/10/03 19:52:07 OK   00010_tenant_provisioning.sql (6.38ms)
2026/10/03 19:52:07 OK   00011_source_registration_history.sql (10.82ms)
2026/10/03 19:52:07 OK   00012_config_registry_lifecycle.sql (14.7ms)
2026/10/03 19:52:07 OK   00013_audit_signed_segments.sql (12.56ms)
2026/10/03 19:52:07 OK   00014_audit_segment_predecessors.sql (3.77ms)
2026/10/03 19:52:07 OK   00015_source_schema_scope.sql (1.83ms)
2026/10/03 19:52:07 OK   00016_cluster_registration_metadata.sql (2.96ms)
2026/10/03 19:52:07 OK   00017_source_data_scope.sql (2.13ms)
2026/10/03 19:52:07 OK   00018_sp04_resources_evidence.sql (8.95ms)
2026/10/03 19:52:07 OK   00019_sp04_archive_ciphertext_bytes.sql (1.6ms)
2026/10/03 19:52:07 OK   00020_sp04_request_ledger.sql (2.45ms)
2026/10/03 19:52:07 OK   00021_sp04_archive_protection.sql (1.71ms)
2026/10/03 19:52:07 OK   00022_sp04_legal_hold_dependencies.sql (1.68ms)
2026/10/03 19:52:07 OK   00023_sp04_archive_query_intent.sql (1.59ms)
2026/10/03 19:52:07 OK   00024_sp05_finding_incident.sql (12.74ms)
2026/10/03 19:52:07 OK   00025_sp05_incident_event_time.sql (4.27ms)
2026/10/03 19:52:07 OK   00026_sp05_source_binding_lock.sql (13.02ms)
2026/10/03 19:52:07 OK   00027_sp05_rca_and_poll.sql (5.22ms)
2026/10/03 19:52:07 OK   00028_sp05_operator_lock.sql (4.99ms)
2026/10/03 19:52:07 OK   00029_sp05_evidence_links.sql (12.96ms)
2026/10/03 19:52:07 OK   00030_sp05_recipe_fence.sql (2.18ms)
2026/10/03 19:52:07 OK   00031_sp05_rca_postcheck.sql (3.23ms)
2026/10/03 19:52:07 OK   00032_sp05_transport_audit.sql (19.13ms)
2026/10/03 19:52:07 OK   00033_sp05_poll_resolution_clock.sql (3.04ms)
2026/10/03 19:52:07 OK   00034_sp06_investigation_ledger.sql (24.65ms)
2026/10/03 19:52:07 goose: successfully migrated database to version: 34
--- PASS: TestSP06JobLeaseReplayAndAtomicBudget (0.92s)
=== RUN   TestSP06RecoveryNonceTransactionAndValidator
2026/10/03 19:52:08 OK   00001_roles_and_schemas.sql (7.12ms)
2026/10/03 19:52:08 goose: successfully migrated database to version: 1
2026/10/03 19:52:08 OK   00002_platform_meta.sql (45.62ms)
2026/10/03 19:52:08 OK   00003_finding.sql (6.56ms)
2026/10/03 19:52:08 OK   00004_incident.sql (3.93ms)
2026/10/03 19:52:08 OK   00005_investigation.sql (23.71ms)
2026/10/03 19:52:08 OK   00006_action_command.sql (9.35ms)
2026/10/03 19:52:08 OK   00007_audit.sql (24.13ms)
2026/10/03 19:52:08 OK   00008_rls.sql (25.16ms)
2026/10/03 19:52:08 OK   00009_idempotency_ledger.sql (8.78ms)
2026/10/03 19:52:08 OK   00010_tenant_provisioning.sql (3.41ms)
2026/10/03 19:52:08 OK   00011_source_registration_history.sql (13.64ms)
2026/10/03 19:52:08 OK   00012_config_registry_lifecycle.sql (17.09ms)
2026/10/03 19:52:08 OK   00013_audit_signed_segments.sql (9.17ms)
2026/10/03 19:52:08 OK   00014_audit_segment_predecessors.sql (23.94ms)
2026/10/03 19:52:08 OK   00015_source_schema_scope.sql (2.45ms)
2026/10/03 19:52:08 OK   00016_cluster_registration_metadata.sql (3.08ms)
2026/10/03 19:52:08 OK   00017_source_data_scope.sql (4.61ms)
2026/10/03 19:52:08 OK   00018_sp04_resources_evidence.sql (22.61ms)
2026/10/03 19:52:08 OK   00019_sp04_archive_ciphertext_bytes.sql (1.93ms)
2026/10/03 19:52:08 OK   00020_sp04_request_ledger.sql (3.04ms)
2026/10/03 19:52:08 OK   00021_sp04_archive_protection.sql (2.07ms)
2026/10/03 19:52:08 OK   00022_sp04_legal_hold_dependencies.sql (11.95ms)
2026/10/03 19:52:08 OK   00023_sp04_archive_query_intent.sql (7.55ms)
2026/10/03 19:52:08 OK   00024_sp05_finding_incident.sql (22.58ms)
2026/10/03 19:52:08 OK   00025_sp05_incident_event_time.sql (7.03ms)
2026/10/03 19:52:08 OK   00026_sp05_source_binding_lock.sql (2.62ms)
2026/10/03 19:52:08 OK   00027_sp05_rca_and_poll.sql (22.62ms)
2026/10/03 19:52:08 OK   00028_sp05_operator_lock.sql (2.65ms)
2026/10/03 19:52:08 OK   00029_sp05_evidence_links.sql (22.65ms)
2026/10/03 19:52:08 OK   00030_sp05_recipe_fence.sql (2.19ms)
2026/10/03 19:52:08 OK   00031_sp05_rca_postcheck.sql (1.88ms)
2026/10/03 19:52:08 OK   00032_sp05_transport_audit.sql (2.42ms)
2026/10/03 19:52:08 OK   00033_sp05_poll_resolution_clock.sql (6.89ms)
2026/10/03 19:52:08 OK   00034_sp06_investigation_ledger.sql (20.79ms)
2026/10/03 19:52:08 goose: successfully migrated database to version: 34
    sp06_recovery_test.go:140: unsupported conclusion was not degraded
--- FAIL: TestSP06RecoveryNonceTransactionAndValidator (0.99s)
=== RUN   TestSP06CancelExpireAndCurrentRevocation
2026/10/03 19:52:09 OK   00001_roles_and_schemas.sql (12.7ms)
2026/10/03 19:52:09 goose: successfully migrated database to version: 1
2026/10/03 19:52:09 OK   00002_platform_meta.sql (35.43ms)
2026/10/03 19:52:09 OK   00003_finding.sql (15.9ms)
2026/10/03 19:52:09 OK   00004_incident.sql (11.97ms)
2026/10/03 19:52:09 OK   00005_investigation.sql (4.54ms)
2026/10/03 19:52:09 OK   00006_action_command.sql (8.07ms)
2026/10/03 19:52:09 OK   00007_audit.sql (15.98ms)
2026/10/03 19:52:09 OK   00008_rls.sql (28.14ms)
2026/10/03 19:52:09 OK   00009_idempotency_ledger.sql (7.8ms)
2026/10/03 19:52:09 OK   00010_tenant_provisioning.sql (13.8ms)
2026/10/03 19:52:09 OK   00011_source_registration_history.sql (8.08ms)
2026/10/03 19:52:09 OK   00012_config_registry_lifecycle.sql (27.24ms)
2026/10/03 19:52:09 OK   00013_audit_signed_segments.sql (8.75ms)
2026/10/03 19:52:09 OK   00014_audit_segment_predecessors.sql (3.75ms)
2026/10/03 19:52:09 OK   00015_source_schema_scope.sql (1.92ms)
2026/10/03 19:52:09 OK   00016_cluster_registration_metadata.sql (4.28ms)
2026/10/03 19:52:09 OK   00017_source_data_scope.sql (7.97ms)
2026/10/03 19:52:09 OK   00018_sp04_resources_evidence.sql (22.72ms)
2026/10/03 19:52:09 OK   00019_sp04_archive_ciphertext_bytes.sql (1.95ms)
2026/10/03 19:52:09 OK   00020_sp04_request_ledger.sql (3.31ms)
2026/10/03 19:52:09 OK   00021_sp04_archive_protection.sql (8.38ms)
2026/10/03 19:52:09 OK   00022_sp04_legal_hold_dependencies.sql (13.49ms)
2026/10/03 19:52:09 OK   00023_sp04_archive_query_intent.sql (3.57ms)
2026/10/03 19:52:09 OK   00024_sp05_finding_incident.sql (34.51ms)
2026/10/03 19:52:09 OK   00025_sp05_incident_event_time.sql (2.26ms)
2026/10/03 19:52:09 OK   00026_sp05_source_binding_lock.sql (25.27ms)
2026/10/03 19:52:09 OK   00027_sp05_rca_and_poll.sql (27.7ms)
2026/10/03 19:52:09 OK   00028_sp05_operator_lock.sql (3.89ms)
2026/10/03 19:52:09 OK   00029_sp05_evidence_links.sql (24.45ms)
2026/10/03 19:52:09 OK   00030_sp05_recipe_fence.sql (3.23ms)
2026/10/03 19:52:09 OK   00031_sp05_rca_postcheck.sql (2.22ms)
2026/10/03 19:52:09 OK   00032_sp05_transport_audit.sql (2.48ms)
2026/10/03 19:52:09 OK   00033_sp05_poll_resolution_clock.sql (3.84ms)
2026/10/03 19:52:09 OK   00034_sp06_investigation_ledger.sql (28.89ms)
2026/10/03 19:52:09 goose: successfully migrated database to version: 34
--- PASS: TestSP06CancelExpireAndCurrentRevocation (0.82s)
FAIL
FAIL	ops-platform/test/integration	3.839s
FAIL
