=== RUN   TestSP06ActualArchiveRetentionHoldAndReferenceRevocation
2026/10/03 20:51:46 OK   00001_roles_and_schemas.sql (43.91ms)
2026/10/03 20:51:46 goose: successfully migrated database to version: 1
2026/10/03 20:51:46 OK   00002_platform_meta.sql (30.37ms)
2026/10/03 20:51:46 OK   00003_finding.sql (19.59ms)
2026/10/03 20:51:46 OK   00004_incident.sql (5.35ms)
2026/10/03 20:51:46 OK   00005_investigation.sql (5.66ms)
2026/10/03 20:51:46 OK   00006_action_command.sql (6.22ms)
2026/10/03 20:51:46 OK   00007_audit.sql (14.96ms)
2026/10/03 20:51:46 OK   00008_rls.sql (5.7ms)
2026/10/03 20:51:46 OK   00009_idempotency_ledger.sql (7.12ms)
2026/10/03 20:51:46 OK   00010_tenant_provisioning.sql (4.91ms)
2026/10/03 20:51:46 OK   00011_source_registration_history.sql (15.1ms)
2026/10/03 20:51:46 OK   00012_config_registry_lifecycle.sql (6.54ms)
2026/10/03 20:51:46 OK   00013_audit_signed_segments.sql (19.25ms)
2026/10/03 20:51:46 OK   00014_audit_segment_predecessors.sql (5.84ms)
2026/10/03 20:51:46 OK   00015_source_schema_scope.sql (5.71ms)
2026/10/03 20:51:46 OK   00016_cluster_registration_metadata.sql (10.81ms)
2026/10/03 20:51:46 OK   00017_source_data_scope.sql (5.73ms)
2026/10/03 20:51:46 OK   00018_sp04_resources_evidence.sql (26.64ms)
2026/10/03 20:51:46 OK   00019_sp04_archive_ciphertext_bytes.sql (2.12ms)
2026/10/03 20:51:46 OK   00020_sp04_request_ledger.sql (3.54ms)
2026/10/03 20:51:46 OK   00021_sp04_archive_protection.sql (2.04ms)
2026/10/03 20:51:46 OK   00022_sp04_legal_hold_dependencies.sql (1.82ms)
2026/10/03 20:51:46 OK   00023_sp04_archive_query_intent.sql (2.01ms)
2026/10/03 20:51:46 OK   00024_sp05_finding_incident.sql (17.39ms)
2026/10/03 20:51:46 OK   00025_sp05_incident_event_time.sql (3.48ms)
2026/10/03 20:51:46 OK   00026_sp05_source_binding_lock.sql (6.52ms)
2026/10/03 20:51:46 OK   00027_sp05_rca_and_poll.sql (5.15ms)
2026/10/03 20:51:46 OK   00028_sp05_operator_lock.sql (2.2ms)
2026/10/03 20:51:46 OK   00029_sp05_evidence_links.sql (3.25ms)
2026/10/03 20:51:46 OK   00030_sp05_recipe_fence.sql (2.62ms)
2026/10/03 20:51:46 OK   00031_sp05_rca_postcheck.sql (2.6ms)
2026/10/03 20:51:46 OK   00032_sp05_transport_audit.sql (3.72ms)
2026/10/03 20:51:46 OK   00033_sp05_poll_resolution_clock.sql (5.32ms)
2026/10/03 20:51:46 OK   00034_sp06_investigation_ledger.sql (22.93ms)
2026/10/03 20:51:46 goose: successfully migrated database to version: 34
    archive_iam_test.go:41: owned TLS/IAM fixture image=docker.io/chrislusf/seaweedfs@sha256:d4cf67729aa8777e1a43a5b61d72e5b96179e4b7bac9a221cb14cbc2036cb32e id=4a6512d174a93bbde6b4cc9848c82ea32b45f829b30812d0de77c35d1db7ca6d bucket=sp05-golden-7feb4fef tenants=1
    sp06_archive_test.go:89: real non-exportable Transit archive encryption, IAM S3 ObjectLock, derived Evidence 365-day dependency closure, Legal Hold and current source withdrawal; historical age does not manufacture a current RCA
--- PASS: TestSP06ActualArchiveRetentionHoldAndReferenceRevocation (6.55s)
PASS
ok  	ops-platform/test/integration	7.584s
