=== RUN   TestSP06ActualCurrentRCARecommendationValidator
2026/10/04 07:37:34 OK   00001_roles_and_schemas.sql (36.49ms)
2026/10/04 07:37:34 goose: successfully migrated database to version: 1
2026/10/04 07:37:34 OK   00002_platform_meta.sql (26.52ms)
2026/10/04 07:37:34 OK   00003_finding.sql (19.78ms)
2026/10/04 07:37:34 OK   00004_incident.sql (12.55ms)
2026/10/04 07:37:34 OK   00005_investigation.sql (9.59ms)
2026/10/04 07:37:34 OK   00006_action_command.sql (17.84ms)
2026/10/04 07:37:34 OK   00007_audit.sql (21.95ms)
2026/10/04 07:37:34 OK   00008_rls.sql (20.12ms)
2026/10/04 07:37:34 OK   00009_idempotency_ledger.sql (14.72ms)
2026/10/04 07:37:34 OK   00010_tenant_provisioning.sql (4.54ms)
2026/10/04 07:37:34 OK   00011_source_registration_history.sql (15.89ms)
2026/10/04 07:37:34 OK   00012_config_registry_lifecycle.sql (19.67ms)
2026/10/04 07:37:34 OK   00013_audit_signed_segments.sql (17.43ms)
2026/10/04 07:37:34 OK   00014_audit_segment_predecessors.sql (10.58ms)
2026/10/04 07:37:34 OK   00015_source_schema_scope.sql (7.62ms)
2026/10/04 07:37:34 OK   00016_cluster_registration_metadata.sql (8.69ms)
2026/10/04 07:37:34 OK   00017_source_data_scope.sql (7.49ms)
2026/10/04 07:37:34 OK   00018_sp04_resources_evidence.sql (19.77ms)
2026/10/04 07:37:34 OK   00019_sp04_archive_ciphertext_bytes.sql (6.28ms)
2026/10/04 07:37:34 OK   00020_sp04_request_ledger.sql (8.24ms)
2026/10/04 07:37:34 OK   00021_sp04_archive_protection.sql (6.11ms)
2026/10/04 07:37:34 OK   00022_sp04_legal_hold_dependencies.sql (3.5ms)
2026/10/04 07:37:34 OK   00023_sp04_archive_query_intent.sql (3.16ms)
2026/10/04 07:37:34 OK   00024_sp05_finding_incident.sql (14.63ms)
2026/10/04 07:37:34 OK   00025_sp05_incident_event_time.sql (5.3ms)
2026/10/04 07:37:34 OK   00026_sp05_source_binding_lock.sql (6.39ms)
2026/10/04 07:37:34 OK   00027_sp05_rca_and_poll.sql (16.33ms)
2026/10/04 07:37:34 OK   00028_sp05_operator_lock.sql (3.62ms)
2026/10/04 07:37:34 OK   00029_sp05_evidence_links.sql (11.49ms)
2026/10/04 07:37:34 OK   00030_sp05_recipe_fence.sql (5.8ms)
2026/10/04 07:37:34 OK   00031_sp05_rca_postcheck.sql (14.5ms)
2026/10/04 07:37:34 OK   00032_sp05_transport_audit.sql (3.24ms)
2026/10/04 07:37:34 OK   00033_sp05_poll_resolution_clock.sql (3.74ms)
2026/10/04 07:37:34 OK   00034_sp06_investigation_ledger.sql (34.93ms)
2026/10/04 07:37:34 goose: successfully migrated database to version: 34
    archive_iam_test.go:41: owned TLS/IAM fixture image=docker.io/chrislusf/seaweedfs@sha256:d4cf67729aa8777e1a43a5b61d72e5b96179e4b7bac9a221cb14cbc2036cb32e id=3b92a8269906b0f67d2d472f2041c50146f8237caa6e958105e343062e057d61 bucket=sp05-golden-dbac771e tenants=1
    sp05_golden_vertical_test.go:338: actual signed OPA/SDK/domain binding tool=get_dependencies state=succeeded partial=false refs=0
    sp05_golden_vertical_test.go:338: actual signed OPA/SDK/domain binding tool=get_evidence_conflicts state=succeeded partial=false refs=0
    sp05_golden_vertical_test.go:338: actual signed OPA/SDK/domain binding tool=get_findings state=succeeded partial=false refs=1
    sp05_golden_vertical_test.go:338: actual signed OPA/SDK/domain binding tool=get_impact_scope state=succeeded partial=false refs=0
    sp05_golden_vertical_test.go:338: actual signed OPA/SDK/domain binding tool=get_incident_context state=succeeded partial=false refs=1
    sp05_golden_vertical_test.go:338: actual signed OPA/SDK/domain binding tool=get_ranked_evidence state=succeeded partial=false refs=2
    sp05_golden_vertical_test.go:338: actual signed OPA/SDK/domain binding tool=get_recent_changes state=succeeded partial=false refs=0
    sp05_golden_vertical_test.go:338: actual signed OPA/SDK/domain binding tool=get_resource_context state=succeeded partial=false refs=0
    sp05_golden_vertical_test.go:338: actual signed OPA/SDK/domain binding tool=get_resource_health state=succeeded partial=false refs=0
    sp05_golden_vertical_test.go:338: actual signed OPA/SDK/domain binding tool=get_root_cause_candidates state=succeeded partial=false refs=2
    sp05_golden_vertical_test.go:338: actual signed OPA/SDK/domain binding tool=query_deepflow state=degraded partial=true refs=0
    sp05_golden_vertical_test.go:338: actual signed OPA/SDK/domain binding tool=query_hardware state=degraded partial=true refs=0
    sp05_golden_vertical_test.go:338: actual signed OPA/SDK/domain binding tool=query_kubernetes state=succeeded partial=false refs=0
    sp05_golden_vertical_test.go:338: actual signed OPA/SDK/domain binding tool=query_logs state=degraded partial=true refs=0
    sp05_golden_vertical_test.go:338: actual signed OPA/SDK/domain binding tool=query_metrics state=degraded partial=true refs=0
    sp05_golden_vertical_test.go:338: actual native Lease + mTLS Graph + current signed Recipe/facts + authorized ranked Evidence + Ledger + Go advisory validator; forged candidate, foreign tenant and execution handle rejected; deterministic RCA unchanged
    sp05_golden_vertical_test.go:340: dimm-failure/valid: fixed clock, admitted native adapters -> actual identity/Graph and unified ingestion -> PostgreSQL reducer -> signed published Recipe -> real immutable OpenBao/SeaweedFS Evidence -> append-only RCA and bounded Impact, twice replay; protocol Fixture, no physical BMC/Node failure claim
--- PASS: TestSP06ActualCurrentRCARecommendationValidator (15.55s)
PASS
ok  	ops-platform/test/integration	16.779s
