=== RUN   TestSP06ActualCurrentRCARecommendationValidator
2026/10/04 07:31:57 OK   00001_roles_and_schemas.sql (12.82ms)
2026/10/04 07:31:57 goose: successfully migrated database to version: 1
2026/10/04 07:31:57 OK   00002_platform_meta.sql (12.83ms)
2026/10/04 07:31:57 OK   00003_finding.sql (5.6ms)
2026/10/04 07:31:57 OK   00004_incident.sql (4.36ms)
2026/10/04 07:31:57 OK   00005_investigation.sql (15.12ms)
2026/10/04 07:31:57 OK   00006_action_command.sql (8.01ms)
2026/10/04 07:31:57 OK   00007_audit.sql (7.07ms)
2026/10/04 07:31:57 OK   00008_rls.sql (6.35ms)
2026/10/04 07:31:57 OK   00009_idempotency_ledger.sql (13.13ms)
2026/10/04 07:31:57 OK   00010_tenant_provisioning.sql (5.18ms)
2026/10/04 07:31:57 OK   00011_source_registration_history.sql (6.39ms)
2026/10/04 07:31:57 OK   00012_config_registry_lifecycle.sql (6.75ms)
2026/10/04 07:31:57 OK   00013_audit_signed_segments.sql (7.89ms)
2026/10/04 07:31:57 OK   00014_audit_segment_predecessors.sql (4.39ms)
2026/10/04 07:31:57 OK   00015_source_schema_scope.sql (2.81ms)
2026/10/04 07:31:57 OK   00016_cluster_registration_metadata.sql (3.08ms)
2026/10/04 07:31:57 OK   00017_source_data_scope.sql (2.93ms)
2026/10/04 07:31:57 OK   00018_sp04_resources_evidence.sql (28.31ms)
2026/10/04 07:31:57 OK   00019_sp04_archive_ciphertext_bytes.sql (2.97ms)
2026/10/04 07:31:57 OK   00020_sp04_request_ledger.sql (4.08ms)
2026/10/04 07:31:57 OK   00021_sp04_archive_protection.sql (3.22ms)
2026/10/04 07:31:57 OK   00022_sp04_legal_hold_dependencies.sql (2.43ms)
2026/10/04 07:31:57 OK   00023_sp04_archive_query_intent.sql (2.43ms)
2026/10/04 07:31:57 OK   00024_sp05_finding_incident.sql (21.08ms)
2026/10/04 07:31:57 OK   00025_sp05_incident_event_time.sql (9.16ms)
2026/10/04 07:31:57 OK   00026_sp05_source_binding_lock.sql (4.55ms)
2026/10/04 07:31:57 OK   00027_sp05_rca_and_poll.sql (8.82ms)
2026/10/04 07:31:57 OK   00028_sp05_operator_lock.sql (3.81ms)
2026/10/04 07:31:57 OK   00029_sp05_evidence_links.sql (7.82ms)
2026/10/04 07:31:57 OK   00030_sp05_recipe_fence.sql (2.7ms)
2026/10/04 07:31:57 OK   00031_sp05_rca_postcheck.sql (2.6ms)
2026/10/04 07:31:57 OK   00032_sp05_transport_audit.sql (5.97ms)
2026/10/04 07:31:57 OK   00033_sp05_poll_resolution_clock.sql (3.61ms)
2026/10/04 07:31:57 OK   00034_sp06_investigation_ledger.sql (18.19ms)
2026/10/04 07:31:57 goose: successfully migrated database to version: 34
    archive_iam_test.go:41: owned TLS/IAM fixture image=docker.io/chrislusf/seaweedfs@sha256:d4cf67729aa8777e1a43a5b61d72e5b96179e4b7bac9a221cb14cbc2036cb32e id=5c63675879785275356ef219641ed7431af7bbd483d8d79c7c01f1ae45200127 bucket=sp05-golden-926bb31e tenants=1
    sp05_golden_vertical_test.go:338: foreign tenant denial charged budget: <nil>
--- FAIL: TestSP06ActualCurrentRCARecommendationValidator (8.36s)
FAIL
FAIL	ops-platform/test/integration	9.710s
FAIL
