=== RUN   TestSP06ActiveSSEClosesOnCurrentRoleOrSourceWithdrawal
=== RUN   TestSP06ActiveSSEClosesOnCurrentRoleOrSourceWithdrawal/role
2026/10/04 08:02:09 OK   00001_roles_and_schemas.sql (7.38ms)
2026/10/04 08:02:09 goose: successfully migrated database to version: 1
2026/10/04 08:02:09 OK   00002_platform_meta.sql (13.9ms)
2026/10/04 08:02:10 OK   00003_finding.sql (33.21ms)
2026/10/04 08:02:10 OK   00004_incident.sql (32.06ms)
2026/10/04 08:02:10 OK   00005_investigation.sql (32.64ms)
2026/10/04 08:02:10 OK   00006_action_command.sql (5.52ms)
2026/10/04 08:02:10 OK   00007_audit.sql (30.32ms)
2026/10/04 08:02:10 OK   00008_rls.sql (30.88ms)
2026/10/04 08:02:10 OK   00009_idempotency_ledger.sql (6.77ms)
2026/10/04 08:02:10 OK   00010_tenant_provisioning.sql (3.66ms)
2026/10/04 08:02:10 OK   00011_source_registration_history.sql (5.45ms)
2026/10/04 08:02:10 OK   00012_config_registry_lifecycle.sql (7.84ms)
2026/10/04 08:02:10 OK   00013_audit_signed_segments.sql (35.87ms)
2026/10/04 08:02:10 OK   00014_audit_segment_predecessors.sql (6.17ms)
2026/10/04 08:02:10 OK   00015_source_schema_scope.sql (2.79ms)
2026/10/04 08:02:10 OK   00016_cluster_registration_metadata.sql (31.03ms)
2026/10/04 08:02:10 OK   00017_source_data_scope.sql (4.03ms)
2026/10/04 08:02:10 OK   00018_sp04_resources_evidence.sql (53.04ms)
2026/10/04 08:02:10 OK   00019_sp04_archive_ciphertext_bytes.sql (3.22ms)
2026/10/04 08:02:10 OK   00020_sp04_request_ledger.sql (28.32ms)
2026/10/04 08:02:10 OK   00021_sp04_archive_protection.sql (3.13ms)
2026/10/04 08:02:10 OK   00022_sp04_legal_hold_dependencies.sql (2.75ms)
2026/10/04 08:02:10 OK   00023_sp04_archive_query_intent.sql (24.96ms)
2026/10/04 08:02:10 OK   00024_sp05_finding_incident.sql (37.37ms)
2026/10/04 08:02:10 OK   00025_sp05_incident_event_time.sql (3.18ms)
2026/10/04 08:02:10 OK   00026_sp05_source_binding_lock.sql (3.08ms)
2026/10/04 08:02:10 OK   00027_sp05_rca_and_poll.sql (27.46ms)
2026/10/04 08:02:10 OK   00028_sp05_operator_lock.sql (3.79ms)
2026/10/04 08:02:10 OK   00029_sp05_evidence_links.sql (22.28ms)
2026/10/04 08:02:10 OK   00030_sp05_recipe_fence.sql (2.96ms)
2026/10/04 08:02:10 OK   00031_sp05_rca_postcheck.sql (2.53ms)
2026/10/04 08:02:10 OK   00032_sp05_transport_audit.sql (2.73ms)
2026/10/04 08:02:10 OK   00033_sp05_poll_resolution_clock.sql (23.63ms)
2026/10/04 08:02:10 OK   00034_sp06_investigation_ledger.sql (33.39ms)
2026/10/04 08:02:10 goose: successfully migrated database to version: 34
    sp06_sse_live_test.go:186: active durable stream terminates on current role withdrawal without cached authority
=== RUN   TestSP06ActiveSSEClosesOnCurrentRoleOrSourceWithdrawal/source
2026/10/04 08:02:11 OK   00001_roles_and_schemas.sql (27.32ms)
2026/10/04 08:02:11 goose: successfully migrated database to version: 1
2026/10/04 08:02:11 OK   00002_platform_meta.sql (30.05ms)
2026/10/04 08:02:11 OK   00003_finding.sql (23.38ms)
2026/10/04 08:02:11 OK   00004_incident.sql (27.1ms)
2026/10/04 08:02:11 OK   00005_investigation.sql (6.05ms)
2026/10/04 08:02:11 OK   00006_action_command.sql (26.98ms)
2026/10/04 08:02:11 OK   00007_audit.sql (28.57ms)
2026/10/04 08:02:11 OK   00008_rls.sql (7.62ms)
2026/10/04 08:02:11 OK   00009_idempotency_ledger.sql (5.44ms)
2026/10/04 08:02:11 OK   00010_tenant_provisioning.sql (3.32ms)
2026/10/04 08:02:11 OK   00011_source_registration_history.sql (4.93ms)
2026/10/04 08:02:11 OK   00012_config_registry_lifecycle.sql (9.45ms)
2026/10/04 08:02:11 OK   00013_audit_signed_segments.sql (19.18ms)
2026/10/04 08:02:11 OK   00014_audit_segment_predecessors.sql (5.66ms)
2026/10/04 08:02:11 OK   00015_source_schema_scope.sql (2.64ms)
2026/10/04 08:02:11 OK   00016_cluster_registration_metadata.sql (3.35ms)
2026/10/04 08:02:11 OK   00017_source_data_scope.sql (2.89ms)
2026/10/04 08:02:11 OK   00018_sp04_resources_evidence.sql (31.09ms)
2026/10/04 08:02:11 OK   00019_sp04_archive_ciphertext_bytes.sql (2.78ms)
2026/10/04 08:02:11 OK   00020_sp04_request_ledger.sql (23.47ms)
2026/10/04 08:02:11 OK   00021_sp04_archive_protection.sql (3.33ms)
2026/10/04 08:02:11 OK   00022_sp04_legal_hold_dependencies.sql (2.4ms)
2026/10/04 08:02:11 OK   00023_sp04_archive_query_intent.sql (2.43ms)
2026/10/04 08:02:11 OK   00024_sp05_finding_incident.sql (29.81ms)
2026/10/04 08:02:11 OK   00025_sp05_incident_event_time.sql (2.7ms)
2026/10/04 08:02:11 OK   00026_sp05_source_binding_lock.sql (2.73ms)
2026/10/04 08:02:11 OK   00027_sp05_rca_and_poll.sql (24.96ms)
2026/10/04 08:02:11 OK   00028_sp05_operator_lock.sql (26.45ms)
2026/10/04 08:02:11 OK   00029_sp05_evidence_links.sql (10.35ms)
2026/10/04 08:02:11 OK   00030_sp05_recipe_fence.sql (16.85ms)
2026/10/04 08:02:11 OK   00031_sp05_rca_postcheck.sql (2.66ms)
2026/10/04 08:02:11 OK   00032_sp05_transport_audit.sql (2.8ms)
2026/10/04 08:02:11 OK   00033_sp05_poll_resolution_clock.sql (2.99ms)
2026/10/04 08:02:11 OK   00034_sp06_investigation_ledger.sql (16.97ms)
2026/10/04 08:02:11 goose: successfully migrated database to version: 34
    sp06_sse_live_test.go:186: active durable stream terminates on current source withdrawal without cached authority
--- PASS: TestSP06ActiveSSEClosesOnCurrentRoleOrSourceWithdrawal (2.35s)
    --- PASS: TestSP06ActiveSSEClosesOnCurrentRoleOrSourceWithdrawal/role (1.32s)
    --- PASS: TestSP06ActiveSSEClosesOnCurrentRoleOrSourceWithdrawal/source (1.03s)
=== RUN   TestSP06SlowSSEClientWriteDeadlineAndDurableRecovery
2026/10/04 08:02:12 OK   00001_roles_and_schemas.sql (19.5ms)
2026/10/04 08:02:12 goose: successfully migrated database to version: 1
2026/10/04 08:02:12 OK   00002_platform_meta.sql (17.42ms)
2026/10/04 08:02:12 OK   00003_finding.sql (15.07ms)
2026/10/04 08:02:12 OK   00004_incident.sql (36.53ms)
2026/10/04 08:02:12 OK   00005_investigation.sql (16ms)
2026/10/04 08:02:12 OK   00006_action_command.sql (5.17ms)
2026/10/04 08:02:12 OK   00007_audit.sql (21.79ms)
2026/10/04 08:02:12 OK   00008_rls.sql (8.19ms)
2026/10/04 08:02:12 OK   00009_idempotency_ledger.sql (22.56ms)
2026/10/04 08:02:12 OK   00010_tenant_provisioning.sql (4.05ms)
2026/10/04 08:02:12 OK   00011_source_registration_history.sql (26.21ms)
2026/10/04 08:02:12 OK   00012_config_registry_lifecycle.sql (25.73ms)
2026/10/04 08:02:12 OK   00013_audit_signed_segments.sql (10.19ms)
2026/10/04 08:02:12 OK   00014_audit_segment_predecessors.sql (20.47ms)
2026/10/04 08:02:12 OK   00015_source_schema_scope.sql (3.03ms)
2026/10/04 08:02:12 OK   00016_cluster_registration_metadata.sql (4.02ms)
2026/10/04 08:02:12 OK   00017_source_data_scope.sql (5.36ms)
2026/10/04 08:02:12 OK   00018_sp04_resources_evidence.sql (23.71ms)
2026/10/04 08:02:12 OK   00019_sp04_archive_ciphertext_bytes.sql (2.39ms)
2026/10/04 08:02:12 OK   00020_sp04_request_ledger.sql (24.16ms)
2026/10/04 08:02:12 OK   00021_sp04_archive_protection.sql (3.55ms)
2026/10/04 08:02:12 OK   00022_sp04_legal_hold_dependencies.sql (21.06ms)
2026/10/04 08:02:12 OK   00023_sp04_archive_query_intent.sql (2.98ms)
2026/10/04 08:02:12 OK   00024_sp05_finding_incident.sql (12.97ms)
2026/10/04 08:02:12 OK   00025_sp05_incident_event_time.sql (2.43ms)
2026/10/04 08:02:12 OK   00026_sp05_source_binding_lock.sql (5.17ms)
2026/10/04 08:02:12 OK   00027_sp05_rca_and_poll.sql (23.27ms)
2026/10/04 08:02:12 OK   00028_sp05_operator_lock.sql (15.78ms)
2026/10/04 08:02:12 OK   00029_sp05_evidence_links.sql (11.74ms)
2026/10/04 08:02:12 OK   00030_sp05_recipe_fence.sql (3.29ms)
2026/10/04 08:02:12 OK   00031_sp05_rca_postcheck.sql (2.69ms)
2026/10/04 08:02:12 OK   00032_sp05_transport_audit.sql (5.36ms)
2026/10/04 08:02:12 OK   00033_sp05_poll_resolution_clock.sql (16.36ms)
2026/10/04 08:02:12 OK   00034_sp06_investigation_ledger.sql (33.41ms)
2026/10/04 08:02:12 goose: successfully migrated database to version: 34
    sp06_sse_live_test.go:273: slow fixture did not exercise a blocked write: 93 events
--- FAIL: TestSP06SlowSSEClientWriteDeadlineAndDurableRecovery (2.20s)
FAIL
FAIL	ops-platform/test/integration	5.794s
FAIL
