=== RUN   TestSP06DurableSSETerminalBatchesCursorAndWithdrawal
2026/10/04 08:15:20 OK   00001_roles_and_schemas.sql (24.98ms)
2026/10/04 08:15:20 goose: successfully migrated database to version: 1
2026/10/04 08:15:20 OK   00002_platform_meta.sql (47.72ms)
2026/10/04 08:15:20 OK   00003_finding.sql (29.1ms)
2026/10/04 08:15:20 OK   00004_incident.sql (4.75ms)
2026/10/04 08:15:20 OK   00005_investigation.sql (25.87ms)
2026/10/04 08:15:20 OK   00006_action_command.sql (7.01ms)
2026/10/04 08:15:20 OK   00007_audit.sql (27.81ms)
2026/10/04 08:15:20 OK   00008_rls.sql (31.52ms)
2026/10/04 08:15:20 OK   00009_idempotency_ledger.sql (7.23ms)
2026/10/04 08:15:20 OK   00010_tenant_provisioning.sql (26.1ms)
2026/10/04 08:15:20 OK   00011_source_registration_history.sql (9.86ms)
2026/10/04 08:15:20 OK   00012_config_registry_lifecycle.sql (18.97ms)
2026/10/04 08:15:20 OK   00013_audit_signed_segments.sql (10.52ms)
2026/10/04 08:15:20 OK   00014_audit_segment_predecessors.sql (24.02ms)
2026/10/04 08:15:20 OK   00015_source_schema_scope.sql (3.03ms)
2026/10/04 08:15:20 OK   00016_cluster_registration_metadata.sql (23.83ms)
2026/10/04 08:15:20 OK   00017_source_data_scope.sql (3.73ms)
2026/10/04 08:15:20 OK   00018_sp04_resources_evidence.sql (29.06ms)
2026/10/04 08:15:20 OK   00019_sp04_archive_ciphertext_bytes.sql (2.93ms)
2026/10/04 08:15:20 OK   00020_sp04_request_ledger.sql (3.91ms)
2026/10/04 08:15:20 OK   00021_sp04_archive_protection.sql (2.75ms)
2026/10/04 08:15:20 OK   00022_sp04_legal_hold_dependencies.sql (23.46ms)
2026/10/04 08:15:20 OK   00023_sp04_archive_query_intent.sql (2.74ms)
2026/10/04 08:15:20 OK   00024_sp05_finding_incident.sql (29.37ms)
2026/10/04 08:15:20 OK   00025_sp05_incident_event_time.sql (2.85ms)
2026/10/04 08:15:20 OK   00026_sp05_source_binding_lock.sql (14.5ms)
2026/10/04 08:15:20 OK   00027_sp05_rca_and_poll.sql (13.11ms)
2026/10/04 08:15:20 OK   00028_sp05_operator_lock.sql (2.78ms)
2026/10/04 08:15:20 OK   00029_sp05_evidence_links.sql (4.21ms)
2026/10/04 08:15:21 OK   00030_sp05_recipe_fence.sql (24.21ms)
2026/10/04 08:15:21 OK   00031_sp05_rca_postcheck.sql (24.94ms)
2026/10/04 08:15:21 OK   00032_sp05_transport_audit.sql (2.95ms)
2026/10/04 08:15:21 OK   00033_sp05_poll_resolution_clock.sql (2.91ms)
2026/10/04 08:15:21 OK   00034_sp06_investigation_ledger.sql (36.81ms)
2026/10/04 08:15:21 goose: successfully migrated database to version: 34
    sp06_sse_live_test.go:128: durable terminal SSE drains >64 events, monotonic IDs, duplicate-free resume, signed expired cursor 410 and current role withdrawal 403
--- PASS: TestSP06DurableSSETerminalBatchesCursorAndWithdrawal (2.07s)
=== RUN   TestSP06ActiveSSEClosesOnCurrentRoleOrSourceWithdrawal
=== RUN   TestSP06ActiveSSEClosesOnCurrentRoleOrSourceWithdrawal/role
2026/10/04 08:15:22 OK   00001_roles_and_schemas.sql (25.36ms)
2026/10/04 08:15:22 goose: successfully migrated database to version: 1
2026/10/04 08:15:22 OK   00002_platform_meta.sql (43.22ms)
2026/10/04 08:15:22 OK   00003_finding.sql (6.66ms)
2026/10/04 08:15:22 OK   00004_incident.sql (4.54ms)
2026/10/04 08:15:22 OK   00005_investigation.sql (24.58ms)
2026/10/04 08:15:22 OK   00006_action_command.sql (26ms)
2026/10/04 08:15:22 OK   00007_audit.sql (7.57ms)
2026/10/04 08:15:22 OK   00008_rls.sql (6.48ms)
2026/10/04 08:15:22 OK   00009_idempotency_ledger.sql (23.85ms)
2026/10/04 08:15:22 OK   00010_tenant_provisioning.sql (24.63ms)
2026/10/04 08:15:22 OK   00011_source_registration_history.sql (24.16ms)
2026/10/04 08:15:22 OK   00012_config_registry_lifecycle.sql (29.94ms)
2026/10/04 08:15:22 OK   00013_audit_signed_segments.sql (29.45ms)
2026/10/04 08:15:22 OK   00014_audit_segment_predecessors.sql (24.52ms)
2026/10/04 08:15:22 OK   00015_source_schema_scope.sql (3.09ms)
2026/10/04 08:15:22 OK   00016_cluster_registration_metadata.sql (24.3ms)
2026/10/04 08:15:22 OK   00017_source_data_scope.sql (3.64ms)
2026/10/04 08:15:22 OK   00018_sp04_resources_evidence.sql (28.49ms)
2026/10/04 08:15:22 OK   00019_sp04_archive_ciphertext_bytes.sql (2.74ms)
2026/10/04 08:15:22 OK   00020_sp04_request_ledger.sql (22.1ms)
2026/10/04 08:15:22 OK   00021_sp04_archive_protection.sql (3.72ms)
2026/10/04 08:15:22 OK   00022_sp04_legal_hold_dependencies.sql (2.5ms)
2026/10/04 08:15:22 OK   00023_sp04_archive_query_intent.sql (2.55ms)
2026/10/04 08:15:23 OK   00024_sp05_finding_incident.sql (47.09ms)
2026/10/04 08:15:23 OK   00025_sp05_incident_event_time.sql (23.66ms)
2026/10/04 08:15:23 OK   00026_sp05_source_binding_lock.sql (3.09ms)
2026/10/04 08:15:23 OK   00027_sp05_rca_and_poll.sql (11.98ms)
2026/10/04 08:15:23 OK   00028_sp05_operator_lock.sql (16.1ms)
2026/10/04 08:15:23 OK   00029_sp05_evidence_links.sql (4.58ms)
2026/10/04 08:15:23 OK   00030_sp05_recipe_fence.sql (2.63ms)
2026/10/04 08:15:23 OK   00031_sp05_rca_postcheck.sql (22.62ms)
2026/10/04 08:15:23 OK   00032_sp05_transport_audit.sql (2.9ms)
2026/10/04 08:15:23 OK   00033_sp05_poll_resolution_clock.sql (25.65ms)
2026/10/04 08:15:23 OK   00034_sp06_investigation_ledger.sql (33.35ms)
2026/10/04 08:15:23 goose: successfully migrated database to version: 34
    sp06_sse_live_test.go:187: active durable stream terminates on current role withdrawal without cached authority
=== RUN   TestSP06ActiveSSEClosesOnCurrentRoleOrSourceWithdrawal/source
2026/10/04 08:15:23 OK   00001_roles_and_schemas.sql (36.91ms)
2026/10/04 08:15:23 goose: successfully migrated database to version: 1
2026/10/04 08:15:24 OK   00002_platform_meta.sql (39.58ms)
2026/10/04 08:15:24 OK   00003_finding.sql (15.4ms)
2026/10/04 08:15:24 OK   00004_incident.sql (28.62ms)
2026/10/04 08:15:24 OK   00005_investigation.sql (5.56ms)
2026/10/04 08:15:24 OK   00006_action_command.sql (25.52ms)
2026/10/04 08:15:24 OK   00007_audit.sql (30.03ms)
2026/10/04 08:15:24 OK   00008_rls.sql (8.25ms)
2026/10/04 08:15:24 OK   00009_idempotency_ledger.sql (6.98ms)
2026/10/04 08:15:24 OK   00010_tenant_provisioning.sql (24.54ms)
2026/10/04 08:15:24 OK   00011_source_registration_history.sql (12.13ms)
2026/10/04 08:15:24 OK   00012_config_registry_lifecycle.sql (26.38ms)
2026/10/04 08:15:24 OK   00013_audit_signed_segments.sql (34.8ms)
2026/10/04 08:15:24 OK   00014_audit_segment_predecessors.sql (5.75ms)
2026/10/04 08:15:24 OK   00015_source_schema_scope.sql (3.07ms)
2026/10/04 08:15:24 OK   00016_cluster_registration_metadata.sql (4.23ms)
2026/10/04 08:15:24 OK   00017_source_data_scope.sql (3.58ms)
2026/10/04 08:15:24 OK   00018_sp04_resources_evidence.sql (33.63ms)
2026/10/04 08:15:24 OK   00019_sp04_archive_ciphertext_bytes.sql (10.41ms)
2026/10/04 08:15:24 OK   00020_sp04_request_ledger.sql (20.97ms)
2026/10/04 08:15:24 OK   00021_sp04_archive_protection.sql (3.47ms)
2026/10/04 08:15:24 OK   00022_sp04_legal_hold_dependencies.sql (2.48ms)
2026/10/04 08:15:24 OK   00023_sp04_archive_query_intent.sql (9.43ms)
2026/10/04 08:15:24 OK   00024_sp05_finding_incident.sql (55.63ms)
2026/10/04 08:15:24 OK   00025_sp05_incident_event_time.sql (3.14ms)
2026/10/04 08:15:24 OK   00026_sp05_source_binding_lock.sql (2.67ms)
2026/10/04 08:15:24 OK   00027_sp05_rca_and_poll.sql (6.8ms)
2026/10/04 08:15:24 OK   00028_sp05_operator_lock.sql (6.3ms)
2026/10/04 08:15:24 OK   00029_sp05_evidence_links.sql (9.26ms)
2026/10/04 08:15:24 OK   00030_sp05_recipe_fence.sql (10.61ms)
2026/10/04 08:15:24 OK   00031_sp05_rca_postcheck.sql (3.61ms)
2026/10/04 08:15:24 OK   00032_sp05_transport_audit.sql (11.52ms)
2026/10/04 08:15:24 OK   00033_sp05_poll_resolution_clock.sql (22.2ms)
2026/10/04 08:15:24 OK   00034_sp06_investigation_ledger.sql (27.98ms)
2026/10/04 08:15:24 goose: successfully migrated database to version: 34
    sp06_sse_live_test.go:187: active durable stream terminates on current source withdrawal without cached authority
--- PASS: TestSP06ActiveSSEClosesOnCurrentRoleOrSourceWithdrawal (2.67s)
    --- PASS: TestSP06ActiveSSEClosesOnCurrentRoleOrSourceWithdrawal/role (1.38s)
    --- PASS: TestSP06ActiveSSEClosesOnCurrentRoleOrSourceWithdrawal/source (1.29s)
=== RUN   TestSP06SlowSSEClientWriteDeadlineAndDurableRecovery
2026/10/04 08:15:25 OK   00001_roles_and_schemas.sql (34.96ms)
2026/10/04 08:15:25 goose: successfully migrated database to version: 1
2026/10/04 08:15:25 OK   00002_platform_meta.sql (44.42ms)
2026/10/04 08:15:25 OK   00003_finding.sql (43.65ms)
2026/10/04 08:15:25 OK   00004_incident.sql (7.19ms)
2026/10/04 08:15:25 OK   00005_investigation.sql (47.46ms)
2026/10/04 08:15:25 OK   00006_action_command.sql (40.03ms)
2026/10/04 08:15:25 OK   00007_audit.sql (13.69ms)
2026/10/04 08:15:25 OK   00008_rls.sql (41.63ms)
2026/10/04 08:15:25 OK   00009_idempotency_ledger.sql (9.37ms)
2026/10/04 08:15:25 OK   00010_tenant_provisioning.sql (38.37ms)
2026/10/04 08:15:25 OK   00011_source_registration_history.sql (35.72ms)
2026/10/04 08:15:25 OK   00012_config_registry_lifecycle.sql (37.06ms)
2026/10/04 08:15:25 OK   00013_audit_signed_segments.sql (11.06ms)
2026/10/04 08:15:25 OK   00014_audit_segment_predecessors.sql (5.38ms)
2026/10/04 08:15:25 OK   00015_source_schema_scope.sql (2.86ms)
2026/10/04 08:15:25 OK   00016_cluster_registration_metadata.sql (3.6ms)
2026/10/04 08:15:25 OK   00017_source_data_scope.sql (3.3ms)
2026/10/04 08:15:25 OK   00018_sp04_resources_evidence.sql (10.88ms)
2026/10/04 08:15:25 OK   00019_sp04_archive_ciphertext_bytes.sql (2.58ms)
2026/10/04 08:15:25 OK   00020_sp04_request_ledger.sql (3.65ms)
2026/10/04 08:15:25 OK   00021_sp04_archive_protection.sql (2.89ms)
2026/10/04 08:15:25 OK   00022_sp04_legal_hold_dependencies.sql (2.66ms)
2026/10/04 08:15:25 OK   00023_sp04_archive_query_intent.sql (2.54ms)
2026/10/04 08:15:25 OK   00024_sp05_finding_incident.sql (41.74ms)
2026/10/04 08:15:25 OK   00025_sp05_incident_event_time.sql (20.53ms)
2026/10/04 08:15:25 OK   00026_sp05_source_binding_lock.sql (20.12ms)
2026/10/04 08:15:25 OK   00027_sp05_rca_and_poll.sql (36.9ms)
2026/10/04 08:15:25 OK   00028_sp05_operator_lock.sql (3.5ms)
2026/10/04 08:15:25 OK   00029_sp05_evidence_links.sql (33.65ms)
2026/10/04 08:15:25 OK   00030_sp05_recipe_fence.sql (5.07ms)
2026/10/04 08:15:25 OK   00031_sp05_rca_postcheck.sql (2.64ms)
2026/10/04 08:15:25 OK   00032_sp05_transport_audit.sql (2.49ms)
2026/10/04 08:15:25 OK   00033_sp05_poll_resolution_clock.sql (3.09ms)
2026/10/04 08:15:25 OK   00034_sp06_investigation_ledger.sql (44.64ms)
2026/10/04 08:15:25 goose: successfully migrated database to version: 34
    sp06_sse_live_test.go:308: backpressured HTTP pipe terminates at bounded write deadline; fresh TCP client reconstructs every persisted event
--- PASS: TestSP06SlowSSEClientWriteDeadlineAndDurableRecovery (5.38s)
PASS
ok  	ops-platform/test/integration	11.337s
