=== RUN   TestSP06DurableSSETerminalBatchesCursorAndWithdrawal
2026/10/04 08:00:06 OK   00001_roles_and_schemas.sql (16.05ms)
2026/10/04 08:00:06 goose: successfully migrated database to version: 1
2026/10/04 08:00:06 OK   00002_platform_meta.sql (13.99ms)
2026/10/04 08:00:06 OK   00003_finding.sql (9.99ms)
2026/10/04 08:00:06 OK   00004_incident.sql (10.07ms)
2026/10/04 08:00:06 OK   00005_investigation.sql (8.23ms)
2026/10/04 08:00:06 OK   00006_action_command.sql (8.39ms)
2026/10/04 08:00:06 OK   00007_audit.sql (17.94ms)
2026/10/04 08:00:06 OK   00008_rls.sql (10.64ms)
2026/10/04 08:00:06 OK   00009_idempotency_ledger.sql (9.06ms)
2026/10/04 08:00:06 OK   00010_tenant_provisioning.sql (4.78ms)
2026/10/04 08:00:06 OK   00011_source_registration_history.sql (7.34ms)
2026/10/04 08:00:06 OK   00012_config_registry_lifecycle.sql (25.47ms)
2026/10/04 08:00:06 OK   00013_audit_signed_segments.sql (9.34ms)
2026/10/04 08:00:06 OK   00014_audit_segment_predecessors.sql (23.96ms)
2026/10/04 08:00:06 OK   00015_source_schema_scope.sql (2.75ms)
2026/10/04 08:00:06 OK   00016_cluster_registration_metadata.sql (22.42ms)
2026/10/04 08:00:06 OK   00017_source_data_scope.sql (3.39ms)
2026/10/04 08:00:06 OK   00018_sp04_resources_evidence.sql (24.17ms)
2026/10/04 08:00:06 OK   00019_sp04_archive_ciphertext_bytes.sql (22.74ms)
2026/10/04 08:00:06 OK   00020_sp04_request_ledger.sql (5.27ms)
2026/10/04 08:00:06 OK   00021_sp04_archive_protection.sql (3.1ms)
2026/10/04 08:00:06 OK   00022_sp04_legal_hold_dependencies.sql (2.81ms)
2026/10/04 08:00:06 OK   00023_sp04_archive_query_intent.sql (2.48ms)
2026/10/04 08:00:06 OK   00024_sp05_finding_incident.sql (12.55ms)
2026/10/04 08:00:06 OK   00025_sp05_incident_event_time.sql (2.53ms)
2026/10/04 08:00:06 OK   00026_sp05_source_binding_lock.sql (2.73ms)
2026/10/04 08:00:06 OK   00027_sp05_rca_and_poll.sql (5.38ms)
2026/10/04 08:00:06 OK   00028_sp05_operator_lock.sql (2.75ms)
2026/10/04 08:00:06 OK   00029_sp05_evidence_links.sql (4.15ms)
2026/10/04 08:00:06 OK   00030_sp05_recipe_fence.sql (25.5ms)
2026/10/04 08:00:06 OK   00031_sp05_rca_postcheck.sql (2.76ms)
2026/10/04 08:00:06 OK   00032_sp05_transport_audit.sql (24.55ms)
2026/10/04 08:00:06 OK   00033_sp05_poll_resolution_clock.sql (3.54ms)
2026/10/04 08:00:06 OK   00034_sp06_investigation_ledger.sql (31.82ms)
2026/10/04 08:00:06 goose: successfully migrated database to version: 34
    sp06_sse_live_test.go:127: durable terminal SSE drains >64 events, monotonic IDs, duplicate-free resume, signed expired cursor 410 and current role withdrawal 403
--- PASS: TestSP06DurableSSETerminalBatchesCursorAndWithdrawal (2.20s)
=== RUN   TestSP06ActiveSSEClosesOnCurrentRoleOrSourceWithdrawal
=== RUN   TestSP06ActiveSSEClosesOnCurrentRoleOrSourceWithdrawal/role
2026/10/04 08:00:08 OK   00001_roles_and_schemas.sql (28.65ms)
2026/10/04 08:00:08 goose: successfully migrated database to version: 1
2026/10/04 08:00:08 OK   00002_platform_meta.sql (42.31ms)
2026/10/04 08:00:08 OK   00003_finding.sql (7.37ms)
2026/10/04 08:00:08 OK   00004_incident.sql (4.91ms)
2026/10/04 08:00:08 OK   00005_investigation.sql (5.01ms)
2026/10/04 08:00:08 OK   00006_action_command.sql (27.52ms)
2026/10/04 08:00:08 OK   00007_audit.sql (32.67ms)
2026/10/04 08:00:08 OK   00008_rls.sql (8.25ms)
2026/10/04 08:00:08 OK   00009_idempotency_ledger.sql (6.46ms)
2026/10/04 08:00:08 OK   00010_tenant_provisioning.sql (3.73ms)
2026/10/04 08:00:08 OK   00011_source_registration_history.sql (27.9ms)
2026/10/04 08:00:08 OK   00012_config_registry_lifecycle.sql (30.22ms)
2026/10/04 08:00:08 OK   00013_audit_signed_segments.sql (10.48ms)
2026/10/04 08:00:08 OK   00014_audit_segment_predecessors.sql (27.2ms)
2026/10/04 08:00:08 OK   00015_source_schema_scope.sql (19.9ms)
2026/10/04 08:00:08 OK   00016_cluster_registration_metadata.sql (8.32ms)
2026/10/04 08:00:08 OK   00017_source_data_scope.sql (26.69ms)
2026/10/04 08:00:08 OK   00018_sp04_resources_evidence.sql (11.62ms)
2026/10/04 08:00:08 OK   00019_sp04_archive_ciphertext_bytes.sql (2.65ms)
2026/10/04 08:00:08 OK   00020_sp04_request_ledger.sql (3.78ms)
2026/10/04 08:00:08 OK   00021_sp04_archive_protection.sql (2.85ms)
2026/10/04 08:00:08 OK   00022_sp04_legal_hold_dependencies.sql (24.25ms)
2026/10/04 08:00:08 OK   00023_sp04_archive_query_intent.sql (27.32ms)
2026/10/04 08:00:08 OK   00024_sp05_finding_incident.sql (39.66ms)
2026/10/04 08:00:08 OK   00025_sp05_incident_event_time.sql (3.3ms)
2026/10/04 08:00:08 OK   00026_sp05_source_binding_lock.sql (28.58ms)
2026/10/04 08:00:08 OK   00027_sp05_rca_and_poll.sql (30.24ms)
2026/10/04 08:00:08 OK   00028_sp05_operator_lock.sql (3.67ms)
2026/10/04 08:00:08 OK   00029_sp05_evidence_links.sql (4.85ms)
2026/10/04 08:00:08 OK   00030_sp05_recipe_fence.sql (2.89ms)
2026/10/04 08:00:08 OK   00031_sp05_rca_postcheck.sql (4.48ms)
2026/10/04 08:00:08 OK   00032_sp05_transport_audit.sql (22.31ms)
2026/10/04 08:00:08 OK   00033_sp05_poll_resolution_clock.sql (3.53ms)
2026/10/04 08:00:09 OK   00034_sp06_investigation_ledger.sql (35.41ms)
2026/10/04 08:00:09 goose: successfully migrated database to version: 34
    sp06_sse_live_test.go:183: new events emitted after withdrawal: 
        id: eyJ0ZW5hbnQiOiI2ZTQ0NzFjNi0yOGZjLTQ3MjMtYmYzYi01YzVhZmJiMzM5MzUiLCJqb2IiOiIwMWExMDQzNS1mYzAxLTdkZjYtYWIxOC1hOGQ2OGNmY2FjZjkiLCJzZXEiOjIsInNjb3BlIjoic2hhMjU2OjU3YmIyYTdmNTA1NDYyOTJiNWQ4ODZjZjA0MmQ1ODg0Yjk3MWFlZmFlMGUzMGQ4OGU4N2ZhZjAwNzA0ZDA3OWMiLCJleHAiOjE3OTExNTg0MDksImtpbmQiOiJpbnZlc3RpZ2F0aW9uIn0.5R60xi2oiVKbRgXQL0YPLpzGltS68jQ9JoqHKD1YzKoab4E7fBRsgP5acMk-vTkdAyLMemaNITM_UdUL9LtkBw
        event: job.state
        data: {"eventId":"2","eventType":"job.state","jobId":"01a10435-fc01-7df6-ab18-a8d68cfcacf9","occurredAt":"2026-10-04T08:00:09.241087+08:00","payload":{"state":"running","leaseGeneration":1}}
        
=== RUN   TestSP06ActiveSSEClosesOnCurrentRoleOrSourceWithdrawal/source
2026/10/04 08:00:09 OK   00001_roles_and_schemas.sql (7.88ms)
2026/10/04 08:00:09 goose: successfully migrated database to version: 1
2026/10/04 08:00:09 OK   00002_platform_meta.sql (19.05ms)
2026/10/04 08:00:09 OK   00003_finding.sql (15.65ms)
2026/10/04 08:00:09 OK   00004_incident.sql (5.04ms)
2026/10/04 08:00:09 OK   00005_investigation.sql (22.69ms)
2026/10/04 08:00:09 OK   00006_action_command.sql (24.76ms)
2026/10/04 08:00:09 OK   00007_audit.sql (8.45ms)
2026/10/04 08:00:09 OK   00008_rls.sql (7.43ms)
2026/10/04 08:00:09 OK   00009_idempotency_ledger.sql (26.43ms)
2026/10/04 08:00:09 OK   00010_tenant_provisioning.sql (26.92ms)
2026/10/04 08:00:09 OK   00011_source_registration_history.sql (30.65ms)
2026/10/04 08:00:09 OK   00012_config_registry_lifecycle.sql (42.61ms)
2026/10/04 08:00:09 OK   00013_audit_signed_segments.sql (39.11ms)
2026/10/04 08:00:09 OK   00014_audit_segment_predecessors.sql (7.89ms)
2026/10/04 08:00:10 OK   00015_source_schema_scope.sql (19.74ms)
2026/10/04 08:00:10 OK   00016_cluster_registration_metadata.sql (6.46ms)
2026/10/04 08:00:10 OK   00017_source_data_scope.sql (10.34ms)
2026/10/04 08:00:10 OK   00018_sp04_resources_evidence.sql (26.34ms)
2026/10/04 08:00:10 OK   00019_sp04_archive_ciphertext_bytes.sql (2.9ms)
2026/10/04 08:00:10 OK   00020_sp04_request_ledger.sql (4.61ms)
2026/10/04 08:00:10 OK   00021_sp04_archive_protection.sql (3.52ms)
2026/10/04 08:00:10 OK   00022_sp04_legal_hold_dependencies.sql (4.1ms)
2026/10/04 08:00:10 OK   00023_sp04_archive_query_intent.sql (22.67ms)
2026/10/04 08:00:10 OK   00024_sp05_finding_incident.sql (46.34ms)
2026/10/04 08:00:10 OK   00025_sp05_incident_event_time.sql (3.03ms)
2026/10/04 08:00:10 OK   00026_sp05_source_binding_lock.sql (4.38ms)
2026/10/04 08:00:10 OK   00027_sp05_rca_and_poll.sql (28.98ms)
2026/10/04 08:00:10 OK   00028_sp05_operator_lock.sql (3.47ms)
2026/10/04 08:00:10 OK   00029_sp05_evidence_links.sql (4.53ms)
2026/10/04 08:00:10 OK   00030_sp05_recipe_fence.sql (5.69ms)
2026/10/04 08:00:10 OK   00031_sp05_rca_postcheck.sql (6.19ms)
2026/10/04 08:00:10 OK   00032_sp05_transport_audit.sql (16.42ms)
2026/10/04 08:00:10 OK   00033_sp05_poll_resolution_clock.sql (3.81ms)
2026/10/04 08:00:10 OK   00034_sp06_investigation_ledger.sql (25.11ms)
2026/10/04 08:00:10 goose: successfully migrated database to version: 34
    sp06_sse_live_test.go:183: new events emitted after withdrawal: 
        id: eyJ0ZW5hbnQiOiIxZWM4YzU4MC1lYzAxLTRlNWUtYTU4Yy0zZWFkODczMmI0OTEiLCJqb2IiOiIwMWExMDQzNi0wMGZiLTcxMGQtYjNiZC03MjZkMzc1NmIwOTIiLCJzZXEiOjIsInNjb3BlIjoic2hhMjU2OjFlNTg2NzNiNzA4ODFkOGNiZmJmNGE5YTM5MzZjNmJjZjk0MTc0OTRlOTJlMTNlNGNhNWYzZmI4MjE0YWI4MWUiLCJleHAiOjE3OTExNTg0MTAsImtpbmQiOiJpbnZlc3RpZ2F0aW9uIn0.EeINFsoNeJtPcsxYMSTv8JW-t4fklc_nvUh5RMd9CP9yrU2culk4xxypMVekxEjmB-bk60DGjAslTy5DC2xhCQ
        event: job.state
        data: {"eventId":"2","eventType":"job.state","jobId":"01a10436-00fb-710d-b3bd-726d3756b092","occurredAt":"2026-10-04T08:00:10.507159+08:00","payload":{"state":"running","leaseGeneration":1}}
        
--- FAIL: TestSP06ActiveSSEClosesOnCurrentRoleOrSourceWithdrawal (2.56s)
    --- FAIL: TestSP06ActiveSSEClosesOnCurrentRoleOrSourceWithdrawal/role (1.29s)
    --- FAIL: TestSP06ActiveSSEClosesOnCurrentRoleOrSourceWithdrawal/source (1.28s)
=== RUN   TestSP06SlowSSEClientWriteDeadlineAndDurableRecovery
2026/10/04 08:00:10 OK   00001_roles_and_schemas.sql (8.66ms)
2026/10/04 08:00:10 goose: successfully migrated database to version: 1
2026/10/04 08:00:11 OK   00002_platform_meta.sql (92.62ms)
2026/10/04 08:00:11 OK   00003_finding.sql (8.15ms)
2026/10/04 08:00:11 OK   00004_incident.sql (23.93ms)
2026/10/04 08:00:11 OK   00005_investigation.sql (28.28ms)
2026/10/04 08:00:11 OK   00006_action_command.sql (5.21ms)
2026/10/04 08:00:11 OK   00007_audit.sql (28.89ms)
2026/10/04 08:00:11 OK   00008_rls.sql (13.66ms)
2026/10/04 08:00:11 OK   00009_idempotency_ledger.sql (21.69ms)
2026/10/04 08:00:11 OK   00010_tenant_provisioning.sql (3.54ms)
2026/10/04 08:00:11 OK   00011_source_registration_history.sql (5.25ms)
2026/10/04 08:00:11 OK   00012_config_registry_lifecycle.sql (6.24ms)
2026/10/04 08:00:11 OK   00013_audit_signed_segments.sql (9.76ms)
2026/10/04 08:00:11 OK   00014_audit_segment_predecessors.sql (9.01ms)
2026/10/04 08:00:11 OK   00015_source_schema_scope.sql (7.2ms)
2026/10/04 08:00:11 OK   00016_cluster_registration_metadata.sql (5.35ms)
2026/10/04 08:00:11 OK   00017_source_data_scope.sql (5.32ms)
2026/10/04 08:00:11 OK   00018_sp04_resources_evidence.sql (30.14ms)
2026/10/04 08:00:11 OK   00019_sp04_archive_ciphertext_bytes.sql (3.13ms)
2026/10/04 08:00:11 OK   00020_sp04_request_ledger.sql (20.05ms)
2026/10/04 08:00:11 OK   00021_sp04_archive_protection.sql (4.52ms)
2026/10/04 08:00:11 OK   00022_sp04_legal_hold_dependencies.sql (2.39ms)
2026/10/04 08:00:11 OK   00023_sp04_archive_query_intent.sql (2.4ms)
2026/10/04 08:00:11 OK   00024_sp05_finding_incident.sql (30.59ms)
2026/10/04 08:00:11 OK   00025_sp05_incident_event_time.sql (3.13ms)
2026/10/04 08:00:11 OK   00026_sp05_source_binding_lock.sql (2.89ms)
2026/10/04 08:00:11 OK   00027_sp05_rca_and_poll.sql (6.08ms)
2026/10/04 08:00:11 OK   00028_sp05_operator_lock.sql (2.58ms)
2026/10/04 08:00:11 OK   00029_sp05_evidence_links.sql (4.3ms)
2026/10/04 08:00:11 OK   00030_sp05_recipe_fence.sql (24.23ms)
2026/10/04 08:00:11 OK   00031_sp05_rca_postcheck.sql (2.62ms)
2026/10/04 08:00:11 OK   00032_sp05_transport_audit.sql (24.16ms)
2026/10/04 08:00:11 OK   00033_sp05_poll_resolution_clock.sql (3.73ms)
2026/10/04 08:00:11 OK   00034_sp06_investigation_ledger.sql (15.09ms)
2026/10/04 08:00:11 goose: successfully migrated database to version: 34
    sp06_sse_live_test.go:264: tiny-buffer slow socket terminates at bounded write deadline; new client reconstructs every persisted event
--- PASS: TestSP06SlowSSEClientWriteDeadlineAndDurableRecovery (2.63s)
FAIL
FAIL	ops-platform/test/integration	8.673s
FAIL
