=== RUN   TestSP06DurableSSETerminalBatchesCursorAndWithdrawal
2026/10/03 23:17:28 OK   00001_roles_and_schemas.sql (11.18ms)
2026/10/03 23:17:28 goose: successfully migrated database to version: 1
2026/10/03 23:17:28 OK   00002_platform_meta.sql (13.85ms)
2026/10/03 23:17:28 OK   00003_finding.sql (8.2ms)
2026/10/03 23:17:28 OK   00004_incident.sql (5.28ms)
2026/10/03 23:17:28 OK   00005_investigation.sql (5.56ms)
2026/10/03 23:17:28 OK   00006_action_command.sql (4.26ms)
2026/10/03 23:17:28 OK   00007_audit.sql (6.27ms)
2026/10/03 23:17:28 OK   00008_rls.sql (6.98ms)
2026/10/03 23:17:28 OK   00009_idempotency_ledger.sql (5.13ms)
2026/10/03 23:17:28 OK   00010_tenant_provisioning.sql (2.97ms)
2026/10/03 23:17:28 OK   00011_source_registration_history.sql (4.38ms)
2026/10/03 23:17:28 OK   00012_config_registry_lifecycle.sql (6.33ms)
2026/10/03 23:17:28 OK   00013_audit_signed_segments.sql (7.72ms)
2026/10/03 23:17:28 OK   00014_audit_segment_predecessors.sql (4.11ms)
2026/10/03 23:17:28 OK   00015_source_schema_scope.sql (2.09ms)
2026/10/03 23:17:28 OK   00016_cluster_registration_metadata.sql (3.61ms)
2026/10/03 23:17:28 OK   00017_source_data_scope.sql (3.1ms)
2026/10/03 23:17:28 OK   00018_sp04_resources_evidence.sql (8.9ms)
2026/10/03 23:17:28 OK   00019_sp04_archive_ciphertext_bytes.sql (2.69ms)
2026/10/03 23:17:28 OK   00020_sp04_request_ledger.sql (3.66ms)
2026/10/03 23:17:28 OK   00021_sp04_archive_protection.sql (2.41ms)
2026/10/03 23:17:28 OK   00022_sp04_legal_hold_dependencies.sql (2.72ms)
2026/10/03 23:17:28 OK   00023_sp04_archive_query_intent.sql (2.27ms)
2026/10/03 23:17:28 OK   00024_sp05_finding_incident.sql (10.63ms)
2026/10/03 23:17:28 OK   00025_sp05_incident_event_time.sql (2.28ms)
2026/10/03 23:17:28 OK   00026_sp05_source_binding_lock.sql (2.57ms)
2026/10/03 23:17:28 OK   00027_sp05_rca_and_poll.sql (5.41ms)
2026/10/03 23:17:28 OK   00028_sp05_operator_lock.sql (2.2ms)
2026/10/03 23:17:28 OK   00029_sp05_evidence_links.sql (4.54ms)
2026/10/03 23:17:28 OK   00030_sp05_recipe_fence.sql (2.25ms)
2026/10/03 23:17:28 OK   00031_sp05_rca_postcheck.sql (2.47ms)
2026/10/03 23:17:28 OK   00032_sp05_transport_audit.sql (2.41ms)
2026/10/03 23:17:28 OK   00033_sp05_poll_resolution_clock.sql (2.34ms)
2026/10/03 23:17:28 OK   00034_sp06_investigation_ledger.sql (12.39ms)
2026/10/03 23:17:28 goose: successfully migrated database to version: 34
    sp06_sse_live_test.go:86: terminal stream lost persisted batches: got=64 durable=93 err=<nil>
--- FAIL: TestSP06DurableSSETerminalBatchesCursorAndWithdrawal (0.66s)
FAIL
FAIL	ops-platform/test/integration	1.698s
FAIL
