=== RUN   TestSP06DurableSSETerminalBatchesCursorAndWithdrawal
2026/10/04 08:05:59 OK   00001_roles_and_schemas.sql (12.89ms)
2026/10/04 08:05:59 goose: successfully migrated database to version: 1
2026/10/04 08:05:59 OK   00002_platform_meta.sql (35.33ms)
2026/10/04 08:06:00 OK   00003_finding.sql (36.48ms)
2026/10/04 08:06:00 OK   00004_incident.sql (18.35ms)
2026/10/04 08:06:00 OK   00005_investigation.sql (11.84ms)
2026/10/04 08:06:00 OK   00006_action_command.sql (18.27ms)
2026/10/04 08:06:00 OK   00007_audit.sql (26.85ms)
2026/10/04 08:06:00 OK   00008_rls.sql (21.67ms)
2026/10/04 08:06:00 OK   00009_idempotency_ledger.sql (28.91ms)
2026/10/04 08:06:00 OK   00010_tenant_provisioning.sql (8.77ms)
2026/10/04 08:06:00 OK   00011_source_registration_history.sql (20.77ms)
2026/10/04 08:06:00 OK   00012_config_registry_lifecycle.sql (10ms)
2026/10/04 08:06:00 OK   00013_audit_signed_segments.sql (9.33ms)
2026/10/04 08:06:00 OK   00014_audit_segment_predecessors.sql (11.95ms)
2026/10/04 08:06:00 OK   00015_source_schema_scope.sql (13.84ms)
2026/10/04 08:06:00 OK   00016_cluster_registration_metadata.sql (4.74ms)
2026/10/04 08:06:00 OK   00017_source_data_scope.sql (4.29ms)
2026/10/04 08:06:00 OK   00018_sp04_resources_evidence.sql (30.4ms)
2026/10/04 08:06:00 OK   00019_sp04_archive_ciphertext_bytes.sql (24.36ms)
2026/10/04 08:06:00 OK   00020_sp04_request_ledger.sql (5.63ms)
2026/10/04 08:06:00 OK   00021_sp04_archive_protection.sql (27.36ms)
2026/10/04 08:06:00 OK   00022_sp04_legal_hold_dependencies.sql (4.4ms)
2026/10/04 08:06:00 OK   00023_sp04_archive_query_intent.sql (6.87ms)
2026/10/04 08:06:00 OK   00024_sp05_finding_incident.sql (38.32ms)
2026/10/04 08:06:00 OK   00025_sp05_incident_event_time.sql (4.69ms)
2026/10/04 08:06:00 OK   00026_sp05_source_binding_lock.sql (29.8ms)
2026/10/04 08:06:00 OK   00027_sp05_rca_and_poll.sql (32.61ms)
2026/10/04 08:06:00 OK   00028_sp05_operator_lock.sql (4.51ms)
2026/10/04 08:06:00 OK   00029_sp05_evidence_links.sql (6.4ms)
2026/10/04 08:06:00 OK   00030_sp05_recipe_fence.sql (26.32ms)
2026/10/04 08:06:00 OK   00031_sp05_rca_postcheck.sql (3.1ms)
2026/10/04 08:06:00 OK   00032_sp05_transport_audit.sql (5.97ms)
2026/10/04 08:06:00 OK   00033_sp05_poll_resolution_clock.sql (4.28ms)
2026/10/04 08:06:00 OK   00034_sp06_investigation_ledger.sql (59.57ms)
2026/10/04 08:06:00 goose: successfully migrated database to version: 34
    sp06_sse_live_test.go:128: durable terminal SSE drains >64 events, monotonic IDs, duplicate-free resume, signed expired cursor 410 and current role withdrawal 403
--- PASS: TestSP06DurableSSETerminalBatchesCursorAndWithdrawal (2.14s)
=== RUN   TestSP06ActiveSSEClosesOnCurrentRoleOrSourceWithdrawal
=== RUN   TestSP06ActiveSSEClosesOnCurrentRoleOrSourceWithdrawal/role
2026/10/04 08:06:02 OK   00001_roles_and_schemas.sql (14.66ms)
2026/10/04 08:06:02 goose: successfully migrated database to version: 1
2026/10/04 08:06:02 OK   00002_platform_meta.sql (37.92ms)
2026/10/04 08:06:02 OK   00003_finding.sql (18.09ms)
2026/10/04 08:06:02 OK   00004_incident.sql (5.34ms)
2026/10/04 08:06:02 OK   00005_investigation.sql (10.2ms)
2026/10/04 08:06:02 OK   00006_action_command.sql (20.12ms)
2026/10/04 08:06:02 OK   00007_audit.sql (9.53ms)
2026/10/04 08:06:02 OK   00008_rls.sql (7.93ms)
2026/10/04 08:06:02 OK   00009_idempotency_ledger.sql (6.35ms)
2026/10/04 08:06:02 OK   00010_tenant_provisioning.sql (3.78ms)
2026/10/04 08:06:02 OK   00011_source_registration_history.sql (25.87ms)
2026/10/04 08:06:02 OK   00012_config_registry_lifecycle.sql (11.82ms)
2026/10/04 08:06:02 OK   00013_audit_signed_segments.sql (29.96ms)
2026/10/04 08:06:02 OK   00014_audit_segment_predecessors.sql (12.58ms)
2026/10/04 08:06:02 OK   00015_source_schema_scope.sql (11.1ms)
2026/10/04 08:06:02 OK   00016_cluster_registration_metadata.sql (6.74ms)
2026/10/04 08:06:02 OK   00017_source_data_scope.sql (4.69ms)
2026/10/04 08:06:02 OK   00018_sp04_resources_evidence.sql (31.03ms)
2026/10/04 08:06:02 OK   00019_sp04_archive_ciphertext_bytes.sql (3.41ms)
2026/10/04 08:06:02 OK   00020_sp04_request_ledger.sql (4.51ms)
2026/10/04 08:06:02 OK   00021_sp04_archive_protection.sql (2.72ms)
2026/10/04 08:06:02 OK   00022_sp04_legal_hold_dependencies.sql (2.39ms)
2026/10/04 08:06:02 OK   00023_sp04_archive_query_intent.sql (6.19ms)
2026/10/04 08:06:02 OK   00024_sp05_finding_incident.sql (31.45ms)
2026/10/04 08:06:02 OK   00025_sp05_incident_event_time.sql (2.53ms)
2026/10/04 08:06:02 OK   00026_sp05_source_binding_lock.sql (3.33ms)
2026/10/04 08:06:02 OK   00027_sp05_rca_and_poll.sql (7.15ms)
2026/10/04 08:06:02 OK   00028_sp05_operator_lock.sql (8.29ms)
2026/10/04 08:06:02 OK   00029_sp05_evidence_links.sql (20.88ms)
2026/10/04 08:06:02 OK   00030_sp05_recipe_fence.sql (3.6ms)
2026/10/04 08:06:02 OK   00031_sp05_rca_postcheck.sql (2.42ms)
2026/10/04 08:06:02 OK   00032_sp05_transport_audit.sql (9.07ms)
2026/10/04 08:06:02 OK   00033_sp05_poll_resolution_clock.sql (7.24ms)
2026/10/04 08:06:02 OK   00034_sp06_investigation_ledger.sql (55.96ms)
2026/10/04 08:06:02 goose: successfully migrated database to version: 34
    sp06_sse_live_test.go:187: active durable stream terminates on current role withdrawal without cached authority
=== RUN   TestSP06ActiveSSEClosesOnCurrentRoleOrSourceWithdrawal/source
2026/10/04 08:06:03 OK   00001_roles_and_schemas.sql (10.47ms)
2026/10/04 08:06:03 goose: successfully migrated database to version: 1
2026/10/04 08:06:03 OK   00002_platform_meta.sql (23.84ms)
2026/10/04 08:06:03 OK   00003_finding.sql (21.07ms)
2026/10/04 08:06:03 OK   00004_incident.sql (14.48ms)
2026/10/04 08:06:03 OK   00005_investigation.sql (6.8ms)
2026/10/04 08:06:03 OK   00006_action_command.sql (14.88ms)
2026/10/04 08:06:03 OK   00007_audit.sql (21.24ms)
2026/10/04 08:06:03 OK   00008_rls.sql (8.03ms)
2026/10/04 08:06:03 OK   00009_idempotency_ledger.sql (30.09ms)
2026/10/04 08:06:03 OK   00010_tenant_provisioning.sql (11.41ms)
2026/10/04 08:06:03 OK   00011_source_registration_history.sql (22.66ms)
2026/10/04 08:06:03 OK   00012_config_registry_lifecycle.sql (9.55ms)
2026/10/04 08:06:03 OK   00013_audit_signed_segments.sql (17.2ms)
2026/10/04 08:06:03 OK   00014_audit_segment_predecessors.sql (10.18ms)
2026/10/04 08:06:03 OK   00015_source_schema_scope.sql (9.28ms)
2026/10/04 08:06:03 OK   00016_cluster_registration_metadata.sql (5ms)
2026/10/04 08:06:03 OK   00017_source_data_scope.sql (9.51ms)
2026/10/04 08:06:03 OK   00018_sp04_resources_evidence.sql (24.13ms)
2026/10/04 08:06:03 OK   00019_sp04_archive_ciphertext_bytes.sql (4.35ms)
2026/10/04 08:06:03 OK   00020_sp04_request_ledger.sql (26.11ms)
2026/10/04 08:06:03 OK   00021_sp04_archive_protection.sql (4.55ms)
2026/10/04 08:06:03 OK   00022_sp04_legal_hold_dependencies.sql (3.58ms)
2026/10/04 08:06:03 OK   00023_sp04_archive_query_intent.sql (2.2ms)
2026/10/04 08:06:03 OK   00024_sp05_finding_incident.sql (25.75ms)
2026/10/04 08:06:03 OK   00025_sp05_incident_event_time.sql (12.22ms)
2026/10/04 08:06:03 OK   00026_sp05_source_binding_lock.sql (4.67ms)
2026/10/04 08:06:03 OK   00027_sp05_rca_and_poll.sql (23.5ms)
2026/10/04 08:06:03 OK   00028_sp05_operator_lock.sql (11.24ms)
2026/10/04 08:06:03 OK   00029_sp05_evidence_links.sql (9.42ms)
2026/10/04 08:06:03 OK   00030_sp05_recipe_fence.sql (3.97ms)
2026/10/04 08:06:03 OK   00031_sp05_rca_postcheck.sql (4.49ms)
2026/10/04 08:06:03 OK   00032_sp05_transport_audit.sql (3.16ms)
2026/10/04 08:06:03 OK   00033_sp05_poll_resolution_clock.sql (11.61ms)
2026/10/04 08:06:03 OK   00034_sp06_investigation_ledger.sql (27.83ms)
2026/10/04 08:06:03 goose: successfully migrated database to version: 34
    sp06_sse_live_test.go:187: active durable stream terminates on current source withdrawal without cached authority
--- PASS: TestSP06ActiveSSEClosesOnCurrentRoleOrSourceWithdrawal (2.51s)
    --- PASS: TestSP06ActiveSSEClosesOnCurrentRoleOrSourceWithdrawal/role (1.15s)
    --- PASS: TestSP06ActiveSSEClosesOnCurrentRoleOrSourceWithdrawal/source (1.36s)
=== RUN   TestSP06SlowSSEClientWriteDeadlineAndDurableRecovery
2026/10/04 08:06:04 OK   00001_roles_and_schemas.sql (41.33ms)
2026/10/04 08:06:04 goose: successfully migrated database to version: 1
2026/10/04 08:06:04 OK   00002_platform_meta.sql (43.26ms)
2026/10/04 08:06:04 OK   00003_finding.sql (19.74ms)
2026/10/04 08:06:04 OK   00004_incident.sql (16.26ms)
2026/10/04 08:06:04 OK   00005_investigation.sql (15.1ms)
2026/10/04 08:06:04 OK   00006_action_command.sql (19.33ms)
2026/10/04 08:06:04 OK   00007_audit.sql (17.01ms)
2026/10/04 08:06:04 OK   00008_rls.sql (11.18ms)
2026/10/04 08:06:04 OK   00009_idempotency_ledger.sql (6.15ms)
2026/10/04 08:06:04 OK   00010_tenant_provisioning.sql (6.8ms)
2026/10/04 08:06:04 OK   00011_source_registration_history.sql (26.01ms)
2026/10/04 08:06:04 OK   00012_config_registry_lifecycle.sql (33.69ms)
2026/10/04 08:06:04 OK   00013_audit_signed_segments.sql (9.95ms)
2026/10/04 08:06:04 OK   00014_audit_segment_predecessors.sql (29.67ms)
2026/10/04 08:06:04 OK   00015_source_schema_scope.sql (4.64ms)
2026/10/04 08:06:04 OK   00016_cluster_registration_metadata.sql (7.3ms)
2026/10/04 08:06:04 OK   00017_source_data_scope.sql (15.81ms)
2026/10/04 08:06:04 OK   00018_sp04_resources_evidence.sql (21.06ms)
2026/10/04 08:06:04 OK   00019_sp04_archive_ciphertext_bytes.sql (2.98ms)
2026/10/04 08:06:04 OK   00020_sp04_request_ledger.sql (4.43ms)
2026/10/04 08:06:04 OK   00021_sp04_archive_protection.sql (5.29ms)
2026/10/04 08:06:04 OK   00022_sp04_legal_hold_dependencies.sql (2.83ms)
2026/10/04 08:06:04 OK   00023_sp04_archive_query_intent.sql (2.79ms)
2026/10/04 08:06:04 OK   00024_sp05_finding_incident.sql (42.93ms)
2026/10/04 08:06:05 OK   00025_sp05_incident_event_time.sql (4.43ms)
2026/10/04 08:06:05 OK   00026_sp05_source_binding_lock.sql (5.62ms)
2026/10/04 08:06:05 OK   00027_sp05_rca_and_poll.sql (19.98ms)
2026/10/04 08:06:05 OK   00028_sp05_operator_lock.sql (11.7ms)
2026/10/04 08:06:05 OK   00029_sp05_evidence_links.sql (6.07ms)
2026/10/04 08:06:05 OK   00030_sp05_recipe_fence.sql (16.48ms)
2026/10/04 08:06:05 OK   00031_sp05_rca_postcheck.sql (12.97ms)
2026/10/04 08:06:05 OK   00032_sp05_transport_audit.sql (4.7ms)
2026/10/04 08:06:05 OK   00033_sp05_poll_resolution_clock.sql (4.97ms)
2026/10/04 08:06:05 OK   00034_sp06_investigation_ledger.sql (37.55ms)
2026/10/04 08:06:05 goose: successfully migrated database to version: 34
    sp06_sse_live_test.go:286: slow fixture did not exercise a blocked write: 93 events
--- FAIL: TestSP06SlowSSEClientWriteDeadlineAndDurableRecovery (2.88s)
FAIL
FAIL	ops-platform/test/integration	8.829s
FAIL
