=== RUN   TestSP06DurableSSETerminalBatchesCursorAndWithdrawal
2026/10/03 23:17:41 OK   00001_roles_and_schemas.sql (10.15ms)
2026/10/03 23:17:41 goose: successfully migrated database to version: 1
2026/10/03 23:17:41 OK   00002_platform_meta.sql (21.61ms)
2026/10/03 23:17:42 OK   00003_finding.sql (16.21ms)
2026/10/03 23:17:42 OK   00004_incident.sql (5.67ms)
2026/10/03 23:17:42 OK   00005_investigation.sql (4.96ms)
2026/10/03 23:17:42 OK   00006_action_command.sql (3.59ms)
2026/10/03 23:17:42 OK   00007_audit.sql (5.96ms)
2026/10/03 23:17:42 OK   00008_rls.sql (5.77ms)
2026/10/03 23:17:42 OK   00009_idempotency_ledger.sql (5.24ms)
2026/10/03 23:17:42 OK   00010_tenant_provisioning.sql (2.54ms)
2026/10/03 23:17:42 OK   00011_source_registration_history.sql (3.56ms)
2026/10/03 23:17:42 OK   00012_config_registry_lifecycle.sql (6.29ms)
2026/10/03 23:17:42 OK   00013_audit_signed_segments.sql (9.45ms)
2026/10/03 23:17:42 OK   00014_audit_segment_predecessors.sql (4.42ms)
2026/10/03 23:17:42 OK   00015_source_schema_scope.sql (4.18ms)
2026/10/03 23:17:42 OK   00016_cluster_registration_metadata.sql (6ms)
2026/10/03 23:17:42 OK   00017_source_data_scope.sql (3.31ms)
2026/10/03 23:17:42 OK   00018_sp04_resources_evidence.sql (10.65ms)
2026/10/03 23:17:42 OK   00019_sp04_archive_ciphertext_bytes.sql (2.57ms)
2026/10/03 23:17:42 OK   00020_sp04_request_ledger.sql (4.54ms)
2026/10/03 23:17:42 OK   00021_sp04_archive_protection.sql (2.92ms)
2026/10/03 23:17:42 OK   00022_sp04_legal_hold_dependencies.sql (2.07ms)
2026/10/03 23:17:42 OK   00023_sp04_archive_query_intent.sql (2.22ms)
2026/10/03 23:17:42 OK   00024_sp05_finding_incident.sql (11.68ms)
2026/10/03 23:17:42 OK   00025_sp05_incident_event_time.sql (2.3ms)
2026/10/03 23:17:42 OK   00026_sp05_source_binding_lock.sql (2.43ms)
2026/10/03 23:17:42 OK   00027_sp05_rca_and_poll.sql (8.67ms)
2026/10/03 23:17:42 OK   00028_sp05_operator_lock.sql (2.55ms)
2026/10/03 23:17:42 OK   00029_sp05_evidence_links.sql (3.78ms)
2026/10/03 23:17:42 OK   00030_sp05_recipe_fence.sql (2.52ms)
2026/10/03 23:17:42 OK   00031_sp05_rca_postcheck.sql (2.65ms)
2026/10/03 23:17:42 OK   00032_sp05_transport_audit.sql (2.99ms)
2026/10/03 23:17:42 OK   00033_sp05_poll_resolution_clock.sql (2.57ms)
2026/10/03 23:17:42 OK   00034_sp06_investigation_ledger.sql (13.23ms)
2026/10/03 23:17:42 goose: successfully migrated database to version: 34
    sp06_sse_live_test.go:127: durable terminal SSE drains >64 events, monotonic IDs, duplicate-free resume, signed expired cursor 410 and current role withdrawal 403
--- PASS: TestSP06DurableSSETerminalBatchesCursorAndWithdrawal (0.82s)
PASS
ok  	ops-platform/test/integration	1.576s
