=== RUN   TestSP06DurableSSETerminalBatchesCursorAndWithdrawal
2026/10/04 08:03:43 OK   00001_roles_and_schemas.sql (13.96ms)
2026/10/04 08:03:43 goose: successfully migrated database to version: 1
2026/10/04 08:03:43 OK   00002_platform_meta.sql (14.52ms)
2026/10/04 08:03:43 OK   00003_finding.sql (28.66ms)
2026/10/04 08:03:43 OK   00004_incident.sql (5.64ms)
2026/10/04 08:03:43 OK   00005_investigation.sql (27.19ms)
2026/10/04 08:03:43 OK   00006_action_command.sql (6.64ms)
2026/10/04 08:03:43 OK   00007_audit.sql (23.88ms)
2026/10/04 08:03:43 OK   00008_rls.sql (28.03ms)
2026/10/04 08:03:43 OK   00009_idempotency_ledger.sql (6.97ms)
2026/10/04 08:03:43 OK   00010_tenant_provisioning.sql (26.54ms)
2026/10/04 08:03:43 OK   00011_source_registration_history.sql (5.96ms)
2026/10/04 08:03:43 OK   00012_config_registry_lifecycle.sql (7.04ms)
2026/10/04 08:03:43 OK   00013_audit_signed_segments.sql (28.65ms)
2026/10/04 08:03:43 OK   00014_audit_segment_predecessors.sql (23.17ms)
2026/10/04 08:03:43 OK   00015_source_schema_scope.sql (4.06ms)
2026/10/04 08:03:43 OK   00016_cluster_registration_metadata.sql (8.96ms)
2026/10/04 08:03:43 OK   00017_source_data_scope.sql (9.66ms)
2026/10/04 08:03:43 OK   00018_sp04_resources_evidence.sql (23.69ms)
2026/10/04 08:03:43 OK   00019_sp04_archive_ciphertext_bytes.sql (14.72ms)
2026/10/04 08:03:43 OK   00020_sp04_request_ledger.sql (4.41ms)
2026/10/04 08:03:43 OK   00021_sp04_archive_protection.sql (2.99ms)
2026/10/04 08:03:43 OK   00022_sp04_legal_hold_dependencies.sql (2.4ms)
2026/10/04 08:03:43 OK   00023_sp04_archive_query_intent.sql (2.58ms)
2026/10/04 08:03:43 OK   00024_sp05_finding_incident.sql (35.44ms)
2026/10/04 08:03:43 OK   00025_sp05_incident_event_time.sql (2.89ms)
2026/10/04 08:03:43 OK   00026_sp05_source_binding_lock.sql (3.2ms)
2026/10/04 08:03:43 OK   00027_sp05_rca_and_poll.sql (23.89ms)
2026/10/04 08:03:43 OK   00028_sp05_operator_lock.sql (3.26ms)
2026/10/04 08:03:43 OK   00029_sp05_evidence_links.sql (5.03ms)
2026/10/04 08:03:43 OK   00030_sp05_recipe_fence.sql (2.69ms)
2026/10/04 08:03:43 OK   00031_sp05_rca_postcheck.sql (2.44ms)
2026/10/04 08:03:43 OK   00032_sp05_transport_audit.sql (23.48ms)
2026/10/04 08:03:43 OK   00033_sp05_poll_resolution_clock.sql (26.33ms)
2026/10/04 08:03:43 OK   00034_sp06_investigation_ledger.sql (15.61ms)
2026/10/04 08:03:43 goose: successfully migrated database to version: 34
    sp06_sse_live_test.go:127: durable terminal SSE drains >64 events, monotonic IDs, duplicate-free resume, signed expired cursor 410 and current role withdrawal 403
--- PASS: TestSP06DurableSSETerminalBatchesCursorAndWithdrawal (1.68s)
=== RUN   TestSP06ActiveSSEClosesOnCurrentRoleOrSourceWithdrawal
=== RUN   TestSP06ActiveSSEClosesOnCurrentRoleOrSourceWithdrawal/role
2026/10/04 08:03:44 OK   00001_roles_and_schemas.sql (6.11ms)
2026/10/04 08:03:44 goose: successfully migrated database to version: 1
2026/10/04 08:03:44 OK   00002_platform_meta.sql (30.59ms)
2026/10/04 08:03:44 OK   00003_finding.sql (17.07ms)
2026/10/04 08:03:44 OK   00004_incident.sql (7.45ms)
2026/10/04 08:03:44 OK   00005_investigation.sql (6.89ms)
2026/10/04 08:03:44 OK   00006_action_command.sql (19.79ms)
2026/10/04 08:03:44 OK   00007_audit.sql (13.65ms)
2026/10/04 08:03:44 OK   00008_rls.sql (28.27ms)
2026/10/04 08:03:44 OK   00009_idempotency_ledger.sql (20.08ms)
2026/10/04 08:03:44 OK   00010_tenant_provisioning.sql (6.14ms)
2026/10/04 08:03:44 OK   00011_source_registration_history.sql (5.93ms)
2026/10/04 08:03:44 OK   00012_config_registry_lifecycle.sql (7.29ms)
2026/10/04 08:03:45 OK   00013_audit_signed_segments.sql (8.65ms)
2026/10/04 08:03:45 OK   00014_audit_segment_predecessors.sql (4.47ms)
2026/10/04 08:03:45 OK   00015_source_schema_scope.sql (2.44ms)
2026/10/04 08:03:45 OK   00016_cluster_registration_metadata.sql (3.18ms)
2026/10/04 08:03:45 OK   00017_source_data_scope.sql (25.74ms)
2026/10/04 08:03:45 OK   00018_sp04_resources_evidence.sql (29.22ms)
2026/10/04 08:03:45 OK   00019_sp04_archive_ciphertext_bytes.sql (24.52ms)
2026/10/04 08:03:45 OK   00020_sp04_request_ledger.sql (33.71ms)
2026/10/04 08:03:45 OK   00021_sp04_archive_protection.sql (3.12ms)
2026/10/04 08:03:45 OK   00022_sp04_legal_hold_dependencies.sql (2.63ms)
2026/10/04 08:03:45 OK   00023_sp04_archive_query_intent.sql (2.52ms)
2026/10/04 08:03:45 OK   00024_sp05_finding_incident.sql (30.6ms)
2026/10/04 08:03:45 OK   00025_sp05_incident_event_time.sql (2.73ms)
2026/10/04 08:03:45 OK   00026_sp05_source_binding_lock.sql (2.8ms)
2026/10/04 08:03:45 OK   00027_sp05_rca_and_poll.sql (5.79ms)
2026/10/04 08:03:45 OK   00028_sp05_operator_lock.sql (2.78ms)
2026/10/04 08:03:45 OK   00029_sp05_evidence_links.sql (4.53ms)
2026/10/04 08:03:45 OK   00030_sp05_recipe_fence.sql (22.48ms)
2026/10/04 08:03:45 OK   00031_sp05_rca_postcheck.sql (2.6ms)
2026/10/04 08:03:45 OK   00032_sp05_transport_audit.sql (22.84ms)
2026/10/04 08:03:45 OK   00033_sp05_poll_resolution_clock.sql (3.21ms)
2026/10/04 08:03:45 OK   00034_sp06_investigation_ledger.sql (29.58ms)
2026/10/04 08:03:45 goose: successfully migrated database to version: 34
    sp06_sse_live_test.go:186: active durable stream terminates on current role withdrawal without cached authority
=== RUN   TestSP06ActiveSSEClosesOnCurrentRoleOrSourceWithdrawal/source
2026/10/04 08:03:45 OK   00001_roles_and_schemas.sql (7.91ms)
2026/10/04 08:03:45 goose: successfully migrated database to version: 1
2026/10/04 08:03:45 OK   00002_platform_meta.sql (32.31ms)
2026/10/04 08:03:45 OK   00003_finding.sql (6.72ms)
2026/10/04 08:03:45 OK   00004_incident.sql (4.54ms)
2026/10/04 08:03:45 OK   00005_investigation.sql (24.95ms)
2026/10/04 08:03:45 OK   00006_action_command.sql (22.4ms)
2026/10/04 08:03:45 OK   00007_audit.sql (8.13ms)
2026/10/04 08:03:45 OK   00008_rls.sql (7ms)
2026/10/04 08:03:45 OK   00009_idempotency_ledger.sql (27.18ms)
2026/10/04 08:03:45 OK   00010_tenant_provisioning.sql (4.37ms)
2026/10/04 08:03:45 OK   00011_source_registration_history.sql (6.3ms)
2026/10/04 08:03:46 OK   00012_config_registry_lifecycle.sql (26.5ms)
2026/10/04 08:03:46 OK   00013_audit_signed_segments.sql (31.84ms)
2026/10/04 08:03:46 OK   00014_audit_segment_predecessors.sql (9.16ms)
2026/10/04 08:03:46 OK   00015_source_schema_scope.sql (21.58ms)
2026/10/04 08:03:46 OK   00016_cluster_registration_metadata.sql (4.35ms)
2026/10/04 08:03:46 OK   00017_source_data_scope.sql (27.28ms)
2026/10/04 08:03:46 OK   00018_sp04_resources_evidence.sql (34.49ms)
2026/10/04 08:03:46 OK   00019_sp04_archive_ciphertext_bytes.sql (6.25ms)
2026/10/04 08:03:46 OK   00020_sp04_request_ledger.sql (11.03ms)
2026/10/04 08:03:46 OK   00021_sp04_archive_protection.sql (6.93ms)
2026/10/04 08:03:46 OK   00022_sp04_legal_hold_dependencies.sql (4.93ms)
2026/10/04 08:03:46 OK   00023_sp04_archive_query_intent.sql (3.4ms)
2026/10/04 08:03:46 OK   00024_sp05_finding_incident.sql (24.3ms)
2026/10/04 08:03:46 OK   00025_sp05_incident_event_time.sql (6.17ms)
2026/10/04 08:03:46 OK   00026_sp05_source_binding_lock.sql (4.34ms)
2026/10/04 08:03:46 OK   00027_sp05_rca_and_poll.sql (9.97ms)
2026/10/04 08:03:46 OK   00028_sp05_operator_lock.sql (3.5ms)
2026/10/04 08:03:46 OK   00029_sp05_evidence_links.sql (25.76ms)
2026/10/04 08:03:46 OK   00030_sp05_recipe_fence.sql (3.69ms)
2026/10/04 08:03:46 OK   00031_sp05_rca_postcheck.sql (2.68ms)
2026/10/04 08:03:46 OK   00032_sp05_transport_audit.sql (5.32ms)
2026/10/04 08:03:46 OK   00033_sp05_poll_resolution_clock.sql (8.98ms)
2026/10/04 08:03:46 OK   00034_sp06_investigation_ledger.sql (22.57ms)
2026/10/04 08:03:46 goose: successfully migrated database to version: 34
    sp06_sse_live_test.go:186: active durable stream terminates on current source withdrawal without cached authority
--- PASS: TestSP06ActiveSSEClosesOnCurrentRoleOrSourceWithdrawal (2.12s)
    --- PASS: TestSP06ActiveSSEClosesOnCurrentRoleOrSourceWithdrawal/role (0.99s)
    --- PASS: TestSP06ActiveSSEClosesOnCurrentRoleOrSourceWithdrawal/source (1.13s)
=== RUN   TestSP06SlowSSEClientWriteDeadlineAndDurableRecovery
2026/10/04 08:03:46 OK   00001_roles_and_schemas.sql (23.83ms)
2026/10/04 08:03:46 goose: successfully migrated database to version: 1
2026/10/04 08:03:47 OK   00002_platform_meta.sql (13.95ms)
2026/10/04 08:03:47 OK   00003_finding.sql (5.44ms)
2026/10/04 08:03:47 OK   00004_incident.sql (3.83ms)
2026/10/04 08:03:47 OK   00005_investigation.sql (4.46ms)
2026/10/04 08:03:47 OK   00006_action_command.sql (4.17ms)
2026/10/04 08:03:47 OK   00007_audit.sql (18.32ms)
2026/10/04 08:03:47 OK   00008_rls.sql (12.4ms)
2026/10/04 08:03:47 OK   00009_idempotency_ledger.sql (22.87ms)
2026/10/04 08:03:47 OK   00010_tenant_provisioning.sql (4.27ms)
2026/10/04 08:03:47 OK   00011_source_registration_history.sql (5.29ms)
2026/10/04 08:03:47 OK   00012_config_registry_lifecycle.sql (12.07ms)
2026/10/04 08:03:47 OK   00013_audit_signed_segments.sql (63.62ms)
2026/10/04 08:03:47 OK   00014_audit_segment_predecessors.sql (19.48ms)
2026/10/04 08:03:47 OK   00015_source_schema_scope.sql (8.1ms)
2026/10/04 08:03:47 OK   00016_cluster_registration_metadata.sql (6.62ms)
2026/10/04 08:03:47 OK   00017_source_data_scope.sql (4.19ms)
2026/10/04 08:03:47 OK   00018_sp04_resources_evidence.sql (32.58ms)
2026/10/04 08:03:47 OK   00019_sp04_archive_ciphertext_bytes.sql (3.25ms)
2026/10/04 08:03:47 OK   00020_sp04_request_ledger.sql (4.05ms)
2026/10/04 08:03:47 OK   00021_sp04_archive_protection.sql (29.92ms)
2026/10/04 08:03:47 OK   00022_sp04_legal_hold_dependencies.sql (3.65ms)
2026/10/04 08:03:47 OK   00023_sp04_archive_query_intent.sql (5.33ms)
2026/10/04 08:03:47 OK   00024_sp05_finding_incident.sql (59.87ms)
2026/10/04 08:03:47 OK   00025_sp05_incident_event_time.sql (2.95ms)
2026/10/04 08:03:47 OK   00026_sp05_source_binding_lock.sql (27.6ms)
2026/10/04 08:03:47 OK   00027_sp05_rca_and_poll.sql (31.26ms)
2026/10/04 08:03:47 OK   00028_sp05_operator_lock.sql (31.21ms)
2026/10/04 08:03:47 OK   00029_sp05_evidence_links.sql (22.36ms)
2026/10/04 08:03:47 OK   00030_sp05_recipe_fence.sql (12.36ms)
2026/10/04 08:03:47 OK   00031_sp05_rca_postcheck.sql (29.14ms)
2026/10/04 08:03:47 OK   00032_sp05_transport_audit.sql (3.23ms)
2026/10/04 08:03:47 OK   00033_sp05_poll_resolution_clock.sql (11.3ms)
2026/10/04 08:03:47 OK   00034_sp06_investigation_ledger.sql (28.13ms)
2026/10/04 08:03:47 goose: successfully migrated database to version: 34
    sp06_sse_live_test.go:273: slow fixture did not exercise a blocked write: 515 events
--- FAIL: TestSP06SlowSSEClientWriteDeadlineAndDurableRecovery (8.70s)
FAIL
FAIL	ops-platform/test/integration	13.687s
FAIL
