Looking in links: /material/base/build-tools
Processing /material/base/build-tools/setuptools-84.0.0-py3-none-any.whl
Processing /material/base/build-tools/wheel-0.45.1-py3-none-any.whl
Processing /material/base/build-tools/setuptools_rust-1.11.1-py3-none-any.whl
Processing /material/base/build-tools/semantic_version-2.10.0-py2.py3-none-any.whl
Installing collected packages: wheel, setuptools-rust, setuptools, semantic-version
Successfully installed semantic-version-2.10.0 setuptools-84.0.0 setuptools-rust-1.11.1 wheel-0.45.1
WARNING: Running pip as the 'root' user can result in broken permissions and conflicting behaviour with the system package manager, possibly rendering your system unusable. It is recommended to use a virtual environment instead: https://pip.pypa.io/warnings/venv. Use the --root-user-action option if you know what you are doing and want to suppress this warning.
install: creating uninstall script at /build/rust/lib/rustlib/uninstall.sh
install: installing component 'rustc'

    rustc installed.

install: creating uninstall script at /build/rust/lib/rustlib/uninstall.sh
install: installing component 'cargo'

    cargo installed.

install: creating uninstall script at /build/rust/lib/rustlib/uninstall.sh
install: installing component 'rust-std-aarch64-unknown-linux-gnu'

    rust std installed.

Processing /build/tiktoken-0.14.0
  Preparing metadata (pyproject.toml): started
  Preparing metadata (pyproject.toml): finished with status 'done'
Building wheels for collected packages: tiktoken
  Building wheel for tiktoken (pyproject.toml): started
  Building wheel for tiktoken (pyproject.toml): finished with status 'done'
  Created wheel for tiktoken: filename=tiktoken-0.14.0-cp312-cp312-linux_aarch64.whl size=1116228 sha256=6943670d038480a1a6c8b338e2dcef66b264faaed1abd7a4085409b1e1911aa1
  Stored in directory: /root/.cache/pip/wheels/c9/0f/a8/5571191bd89df8141724e0da86d40916c461e602e27fc97f9a
Successfully built tiktoken
