WARNING: Running pip as the 'root' user can result in broken permissions and conflicting behaviour with the system package manager, possibly rendering your system unusable. It is recommended to use a virtual environment instead: https://pip.pypa.io/warnings/venv. Use the --root-user-action option if you know what you are doing and want to suppress this warning.
    Updating crates.io index
     Locking 27 packages to highest Rust 1.99.0 compatible versions
 Downloading crates ...
  Downloaded heck v0.5.0
  Downloaded proc-macro2 v1.0.107
  Downloaded unicode-ident v1.0.26
  Downloaded aho-corasick v1.1.5
  Downloaded serde_derive v1.0.229
  Downloaded bit-vec v0.8.0
  Downloaded quote v1.0.47
  Downloaded serde_core v1.0.229
  Downloaded target-lexicon v0.13.5
  Downloaded bit-set v0.8.0
  Downloaded rustc-hash v2.1.3
  Downloaded pyo3-macros v0.29.3
  Downloaded memchr v2.8.3
  Downloaded once_cell v1.21.4
  Downloaded pyo3-build-config v0.29.3
  Downloaded pyo3-macros-backend v0.29.3
  Downloaded pyo3-ffi v0.29.3
  Downloaded regex v1.13.1
  Downloaded portable-atomic v1.15.0
  Downloaded fancy-regex v0.19.2
  Downloaded regex-syntax v0.8.11
  Downloaded syn v2.0.119
  Downloaded syn v3.0.6
  Downloaded bstr v1.13.1
  Downloaded regex-automata v0.4.18
  Downloaded libc v0.2.190
  Downloaded pyo3 v0.29.3
   Vendoring aho-corasick v1.1.5 (/build/cargo/registry/src/index.crates.io-1949cf8c6b5b557f/aho-corasick-1.1.5) to vendor/aho-corasick
   Vendoring bit-set v0.8.0 (/build/cargo/registry/src/index.crates.io-1949cf8c6b5b557f/bit-set-0.8.0) to vendor/bit-set
   Vendoring bit-vec v0.8.0 (/build/cargo/registry/src/index.crates.io-1949cf8c6b5b557f/bit-vec-0.8.0) to vendor/bit-vec
   Vendoring bstr v1.13.1 (/build/cargo/registry/src/index.crates.io-1949cf8c6b5b557f/bstr-1.13.1) to vendor/bstr
   Vendoring fancy-regex v0.19.2 (/build/cargo/registry/src/index.crates.io-1949cf8c6b5b557f/fancy-regex-0.19.2) to vendor/fancy-regex
   Vendoring heck v0.5.0 (/build/cargo/registry/src/index.crates.io-1949cf8c6b5b557f/heck-0.5.0) to vendor/heck
   Vendoring libc v0.2.190 (/build/cargo/registry/src/index.crates.io-1949cf8c6b5b557f/libc-0.2.190) to vendor/libc
   Vendoring memchr v2.8.3 (/build/cargo/registry/src/index.crates.io-1949cf8c6b5b557f/memchr-2.8.3) to vendor/memchr
   Vendoring once_cell v1.21.4 (/build/cargo/registry/src/index.crates.io-1949cf8c6b5b557f/once_cell-1.21.4) to vendor/once_cell
   Vendoring portable-atomic v1.15.0 (/build/cargo/registry/src/index.crates.io-1949cf8c6b5b557f/portable-atomic-1.15.0) to vendor/portable-atomic
   Vendoring proc-macro2 v1.0.107 (/build/cargo/registry/src/index.crates.io-1949cf8c6b5b557f/proc-macro2-1.0.107) to vendor/proc-macro2
   Vendoring pyo3 v0.29.3 (/build/cargo/registry/src/index.crates.io-1949cf8c6b5b557f/pyo3-0.29.3) to vendor/pyo3
   Vendoring pyo3-build-config v0.29.3 (/build/cargo/registry/src/index.crates.io-1949cf8c6b5b557f/pyo3-build-config-0.29.3) to vendor/pyo3-build-config
   Vendoring pyo3-ffi v0.29.3 (/build/cargo/registry/src/index.crates.io-1949cf8c6b5b557f/pyo3-ffi-0.29.3) to vendor/pyo3-ffi
   Vendoring pyo3-macros v0.29.3 (/build/cargo/registry/src/index.crates.io-1949cf8c6b5b557f/pyo3-macros-0.29.3) to vendor/pyo3-macros
   Vendoring pyo3-macros-backend v0.29.3 (/build/cargo/registry/src/index.crates.io-1949cf8c6b5b557f/pyo3-macros-backend-0.29.3) to vendor/pyo3-macros-backend
   Vendoring quote v1.0.47 (/build/cargo/registry/src/index.crates.io-1949cf8c6b5b557f/quote-1.0.47) to vendor/quote
   Vendoring regex v1.13.1 (/build/cargo/registry/src/index.crates.io-1949cf8c6b5b557f/regex-1.13.1) to vendor/regex
   Vendoring regex-automata v0.4.18 (/build/cargo/registry/src/index.crates.io-1949cf8c6b5b557f/regex-automata-0.4.18) to vendor/regex-automata
   Vendoring regex-syntax v0.8.11 (/build/cargo/registry/src/index.crates.io-1949cf8c6b5b557f/regex-syntax-0.8.11) to vendor/regex-syntax
   Vendoring rustc-hash v2.1.3 (/build/cargo/registry/src/index.crates.io-1949cf8c6b5b557f/rustc-hash-2.1.3) to vendor/rustc-hash
   Vendoring serde_core v1.0.229 (/build/cargo/registry/src/index.crates.io-1949cf8c6b5b557f/serde_core-1.0.229) to vendor/serde_core
   Vendoring serde_derive v1.0.229 (/build/cargo/registry/src/index.crates.io-1949cf8c6b5b557f/serde_derive-1.0.229) to vendor/serde_derive
   Vendoring syn v2.0.119 (/build/cargo/registry/src/index.crates.io-1949cf8c6b5b557f/syn-2.0.119) to vendor/syn-2.0.119
   Vendoring syn v3.0.6 (/build/cargo/registry/src/index.crates.io-1949cf8c6b5b557f/syn-3.0.6) to vendor/syn
   Vendoring target-lexicon v0.13.5 (/build/cargo/registry/src/index.crates.io-1949cf8c6b5b557f/target-lexicon-0.13.5) to vendor/target-lexicon
   Vendoring unicode-ident v1.0.26 (/build/cargo/registry/src/index.crates.io-1949cf8c6b5b557f/unicode-ident-1.0.26) to vendor/unicode-ident
To use vendored sources, add this to your .cargo/config.toml for this project:

