{"Time":"2026-10-04T09:25:49.056047+08:00","Action":"start","Package":"ops-platform/test/contract"}
{"Time":"2026-10-04T09:25:49.663879+08:00","Action":"run","Package":"ops-platform/test/contract","Test":"TestGraphNonVirtualUpstreamReplay"}
{"Time":"2026-10-04T09:25:49.66399+08:00","Action":"output","Package":"ops-platform/test/contract","Test":"TestGraphNonVirtualUpstreamReplay","Output":"=== RUN   TestGraphNonVirtualUpstreamReplay\n","OutputType":"frame"}
{"Time":"2026-10-04T09:25:49.664045+08:00","Action":"output","Package":"ops-platform/test/contract","Test":"TestGraphNonVirtualUpstreamReplay","Output":"    graph_replay_test.go:97: command=go [\"version\"] cwd=/Users/mssc/Documents/Code/ops/platform\n"}
{"Time":"2026-10-04T09:25:49.672483+08:00","Action":"output","Package":"ops-platform/test/contract","Test":"TestGraphNonVirtualUpstreamReplay","Output":"    graph_replay_test.go:97: go version go1.27.1 darwin/arm64\n"}
{"Time":"2026-10-04T09:25:49.672527+08:00","Action":"output","Package":"ops-platform/test/contract","Test":"TestGraphNonVirtualUpstreamReplay","Output":"    graph_replay_test.go:101: command=go [\"env\" \"GOMODCACHE\"] cwd=/Users/mssc/Documents/Code/ops/platform\n"}
{"Time":"2026-10-04T09:25:49.680422+08:00","Action":"output","Package":"ops-platform/test/contract","Test":"TestGraphNonVirtualUpstreamReplay","Output":"    graph_replay_test.go:101: /Users/mssc/go/pkg/mod\n"}
{"Time":"2026-10-04T09:25:49.682369+08:00","Action":"output","Package":"ops-platform/test/contract","Test":"TestGraphNonVirtualUpstreamReplay","Output":"    graph_replay_test.go:114: command=git [\"-C\" \"/var/folders/71/5876xm8s6d37d5873yq80dc80000gn/T/ops-sp05-upstream-mncghf3y/ariadne\" \"archive\" \"--format=tar\" \"--output=/var/folders/71/5876xm8s6d37d5873yq80dc80000gn/T/TestGraphNonVirtualUpstreamReplay1205091027/001/ariadne.tar\" \"fa2232ce45c4c869e47ddae1c57e8886830cfb6c\"] cwd=/Users/mssc/Documents/Code/ops/platform\n"}
{"Time":"2026-10-04T09:25:49.760127+08:00","Action":"output","Package":"ops-platform/test/contract","Test":"TestGraphNonVirtualUpstreamReplay","Output":"    graph_replay_test.go:122: command=tar [\"-xf\" \"/var/folders/71/5876xm8s6d37d5873yq80dc80000gn/T/TestGraphNonVirtualUpstreamReplay1205091027/001/ariadne.tar\" \"-C\" \"/var/folders/71/5876xm8s6d37d5873yq80dc80000gn/T/TestGraphNonVirtualUpstreamReplay1205091027/001/ariadne\"] cwd=/Users/mssc/Documents/Code/ops/platform\n"}
{"Time":"2026-10-04T09:25:49.791641+08:00","Action":"output","Package":"ops-platform/test/contract","Test":"TestGraphNonVirtualUpstreamReplay","Output":"    graph_replay_test.go:114: command=git [\"-C\" \"/var/folders/71/5876xm8s6d37d5873yq80dc80000gn/T/ops-sp05-upstream-mncghf3y/kubernetes-ontology\" \"archive\" \"--format=tar\" \"--output=/var/folders/71/5876xm8s6d37d5873yq80dc80000gn/T/TestGraphNonVirtualUpstreamReplay1205091027/001/ontology.tar\" \"346236312685a2e2e824c46b9ecdb3e8e8a10c76\"] cwd=/Users/mssc/Documents/Code/ops/platform\n"}
{"Time":"2026-10-04T09:25:49.852807+08:00","Action":"output","Package":"ops-platform/test/contract","Test":"TestGraphNonVirtualUpstreamReplay","Output":"    graph_replay_test.go:122: command=tar [\"-xf\" \"/var/folders/71/5876xm8s6d37d5873yq80dc80000gn/T/TestGraphNonVirtualUpstreamReplay1205091027/001/ontology.tar\" \"-C\" \"/var/folders/71/5876xm8s6d37d5873yq80dc80000gn/T/TestGraphNonVirtualUpstreamReplay1205091027/001/ontology\"] cwd=/Users/mssc/Documents/Code/ops/platform\n"}
{"Time":"2026-10-04T09:25:49.968573+08:00","Action":"output","Package":"ops-platform/test/contract","Test":"TestGraphNonVirtualUpstreamReplay","Output":"    graph_replay_test.go:129: command=git [\"apply\" \"--unidiff-zero\" \"/Users/mssc/Documents/Code/ops/platform/test/fixtures/upstream-graph/ontology-ariadne-reader.patch\"] cwd=/var/folders/71/5876xm8s6d37d5873yq80dc80000gn/T/TestGraphNonVirtualUpstreamReplay1205091027/001/ontology\n"}
{"Time":"2026-10-04T09:25:49.988592+08:00","Action":"output","Package":"ops-platform/test/contract","Test":"TestGraphNonVirtualUpstreamReplay","Output":"    graph_replay_test.go:146: command=go [\"test\" \"-c\" \"-o\" \"/var/folders/71/5876xm8s6d37d5873yq80dc80000gn/T/TestGraphNonVirtualUpstreamReplay1205091027/001/graph.test\"] cwd=/var/folders/71/5876xm8s6d37d5873yq80dc80000gn/T/TestGraphNonVirtualUpstreamReplay1205091027/001/graph\n"}
{"Time":"2026-10-04T09:25:51.286119+08:00","Action":"output","Package":"ops-platform/test/contract","Test":"TestGraphNonVirtualUpstreamReplay","Output":"    graph_replay_test.go:155: command=docker [\"--context\" \"orbstack\" \"run\" \"--rm\" \"--network\" \"none\" \"--pull=never\" \"--read-only\" \"--cap-drop=ALL\" \"--security-opt=no-new-privileges\" \"--tmpfs\" \"/tmp:rw,exec,mode=1777\" \"--mount\" \"type=bind,src=/var/folders/71/5876xm8s6d37d5873yq80dc80000gn/T/TestGraphNonVirtualUpstreamReplay1205091027/001,dst=/replay,readonly\" \"--mount\" \"type=bind,src=/Users/mssc/go/pkg/mod,dst=/go/pkg/mod,readonly\" \"-e\" \"GOPROXY=off\" \"-e\" \"GOSUMDB=off\" \"-e\" \"GOCACHE=/tmp/go-build\" \"-w\" \"/replay/graph/run\" \"golang:1.27.1-alpine@sha256:8a5910f31396cd4d89662f56c68b3ae31d374308270a1c3bd96672ee5ed43414\" \"/replay/graph.test\" \"-test.run=^TestAriadneNonVirtualGolden20K$\" \"-test.v\" \"-test.count=1\"] cwd=/Users/mssc/Documents/Code/ops/platform\n"}
{"Time":"2026-10-04T09:27:07.619813+08:00","Action":"output","Package":"ops-platform/test/contract","Test":"TestGraphNonVirtualUpstreamReplay","Output":"    graph_replay_test.go:155: === RUN   TestAriadneNonVirtualGolden20K\n"}
{"Time":"2026-10-04T09:27:07.620333+08:00","Action":"output","Package":"ops-platform/test/contract","Test":"TestGraphNonVirtualUpstreamReplay","Output":"            graph_test.go:35: build_objects=46.405453ms\n"}
{"Time":"2026-10-04T09:27:07.620356+08:00","Action":"output","Package":"ops-platform/test/contract","Test":"TestGraphNonVirtualUpstreamReplay","Output":"            graph_test.go:52: graph_load=1m9.734700319s\n"}
{"Time":"2026-10-04T09:27:07.620361+08:00","Action":"output","Package":"ops-platform/test/contract","Test":"TestGraphNonVirtualUpstreamReplay","Output":"        --- PASS: TestAriadneNonVirtualGolden20K (69.84s)\n"}
{"Time":"2026-10-04T09:27:07.620384+08:00","Action":"output","Package":"ops-platform/test/contract","Test":"TestGraphNonVirtualUpstreamReplay","Output":"        PASS\n"}
{"Time":"2026-10-04T09:27:07.620912+08:00","Action":"output","Package":"ops-platform/test/contract","Test":"TestGraphNonVirtualUpstreamReplay","Output":"    graph_replay_test.go:157: command=docker [\"--context\" \"orbstack\" \"run\" \"--rm\" \"--network\" \"none\" \"--pull=never\" \"--read-only\" \"--cap-drop=ALL\" \"--security-opt=no-new-privileges\" \"--tmpfs\" \"/tmp:rw,exec,mode=1777\" \"--mount\" \"type=bind,src=/var/folders/71/5876xm8s6d37d5873yq80dc80000gn/T/TestGraphNonVirtualUpstreamReplay1205091027/001,dst=/replay,readonly\" \"--mount\" \"type=bind,src=/Users/mssc/go/pkg/mod,dst=/go/pkg/mod,readonly\" \"-e\" \"GOPROXY=off\" \"-e\" \"GOSUMDB=off\" \"-e\" \"GOCACHE=/tmp/go-build\" \"-w\" \"/replay/ontology\" \"golang:1.27.1-alpine@sha256:8a5910f31396cd4d89662f56c68b3ae31d374308270a1c3bd96672ee5ed43414\" \"go\" \"test\" \"-mod=readonly\" \"-p\" \"1\" \"-count=1\" \"-v\" \"./internal/graph\" \"./internal/service/diagnostic\"] cwd=/Users/mssc/Documents/Code/ops/platform\n"}
{"Time":"2026-10-04T09:28:53.674321+08:00","Action":"output","Package":"ops-platform/test/contract","Test":"TestGraphNonVirtualUpstreamReplay","Output":"    graph_replay_test.go:157: === RUN   TestBuilderBuild\n"}
{"Time":"2026-10-04T09:28:53.675097+08:00","Action":"output","Package":"ops-platform/test/contract","Test":"TestGraphNonVirtualUpstreamReplay","Output":"        --- PASS: TestBuilderBuild (0.00s)\n"}
{"Time":"2026-10-04T09:28:53.675141+08:00","Action":"output","Package":"ops-platform/test/contract","Test":"TestGraphNonVirtualUpstreamReplay","Output":"        === RUN   TestBuilderBuildsRoutingPolicyAutoscalingAndAttachmentTopology\n"}
{"Time":"2026-10-04T09:28:53.675157+08:00","Action":"output","Package":"ops-platform/test/contract","Test":"TestGraphNonVirtualUpstreamReplay","Output":"        --- PASS: TestBuilderBuildsRoutingPolicyAutoscalingAndAttachmentTopology (0.00s)\n"}
{"Time":"2026-10-04T09:28:53.675189+08:00","Action":"output","Package":"ops-platform/test/contract","Test":"TestGraphNonVirtualUpstreamReplay","Output":"        === RUN   TestBuilderAddsRuntimeEvidenceFieldsAndEventNameFallback\n"}
{"Time":"2026-10-04T09:28:53.675197+08:00","Action":"output","Package":"ops-platform/test/contract","Test":"TestGraphNonVirtualUpstreamReplay","Output":"        --- PASS: TestBuilderAddsRuntimeEvidenceFieldsAndEventNameFallback (0.00s)\n"}
{"Time":"2026-10-04T09:28:53.675202+08:00","Action":"output","Package":"ops-platform/test/contract","Test":"TestGraphNonVirtualUpstreamReplay","Output":"        === RUN   TestBuilderBuildsConfiguredWorkloadOwnerChain\n"}
{"Time":"2026-10-04T09:28:53.675208+08:00","Action":"output","Package":"ops-platform/test/contract","Test":"TestGraphNonVirtualUpstreamReplay","Output":"        --- PASS: TestBuilderBuildsConfiguredWorkloadOwnerChain (0.00s)\n"}
{"Time":"2026-10-04T09:28:53.675214+08:00","Action":"output","Package":"ops-platform/test/contract","Test":"TestGraphNonVirtualUpstreamReplay","Output":"        === RUN   TestBuilderBuildsConfiguredControllerRuleEdges\n"}
{"Time":"2026-10-04T09:28:53.67522+08:00","Action":"output","Package":"ops-platform/test/contract","Test":"TestGraphNonVirtualUpstreamReplay","Output":"        --- PASS: TestBuilderBuildsConfiguredControllerRuleEdges (0.00s)\n"}
{"Time":"2026-10-04T09:28:53.675225+08:00","Action":"output","Package":"ops-platform/test/contract","Test":"TestGraphNonVirtualUpstreamReplay","Output":"        === RUN   TestBuilderBuildsRBACTopology\n"}
{"Time":"2026-10-04T09:28:53.675231+08:00","Action":"output","Package":"ops-platform/test/contract","Test":"TestGraphNonVirtualUpstreamReplay","Output":"        --- PASS: TestBuilderBuildsRBACTopology (0.00s)\n"}
{"Time":"2026-10-04T09:28:53.675236+08:00","Action":"output","Package":"ops-platform/test/contract","Test":"TestGraphNonVirtualUpstreamReplay","Output":"        === RUN   TestBuilderInfersHelmReleaseAndChartFromLabels\n"}
{"Time":"2026-10-04T09:28:53.675242+08:00","Action":"output","Package":"ops-platform/test/contract","Test":"TestGraphNonVirtualUpstreamReplay","Output":"        --- PASS: TestBuilderInfersHelmReleaseAndChartFromLabels (0.00s)\n"}
{"Time":"2026-10-04T09:28:53.675247+08:00","Action":"output","Package":"ops-platform/test/contract","Test":"TestGraphNonVirtualUpstreamReplay","Output":"        === RUN   TestKernelNeighborsUsesIndexedEdgeLookup\n"}
{"Time":"2026-10-04T09:28:53.675252+08:00","Action":"output","Package":"ops-platform/test/contract","Test":"TestGraphNonVirtualUpstreamReplay","Output":"        --- PASS: TestKernelNeighborsUsesIndexedEdgeLookup (0.00s)\n"}
{"Time":"2026-10-04T09:28:53.675258+08:00","Action":"output","Package":"ops-platform/test/contract","Test":"TestGraphNonVirtualUpstreamReplay","Output":"        === RUN   TestPodFixtureContract\n"}
{"Time":"2026-10-04T09:28:53.675263+08:00","Action":"output","Package":"ops-platform/test/contract","Test":"TestGraphNonVirtualUpstreamReplay","Output":"        --- PASS: TestPodFixtureContract (0.00s)\n"}
{"Time":"2026-10-04T09:28:53.67527+08:00","Action":"output","Package":"ops-platform/test/contract","Test":"TestGraphNonVirtualUpstreamReplay","Output":"        === RUN   TestBuilderBuildPVCToPV\n"}
{"Time":"2026-10-04T09:28:53.675275+08:00","Action":"output","Package":"ops-platform/test/contract","Test":"TestGraphNonVirtualUpstreamReplay","Output":"        --- PASS: TestBuilderBuildPVCToPV (0.00s)\n"}
{"Time":"2026-10-04T09:28:53.67528+08:00","Action":"output","Package":"ops-platform/test/contract","Test":"TestGraphNonVirtualUpstreamReplay","Output":"        === RUN   TestBuilderBuildsPVCStorageTopology\n"}
{"Time":"2026-10-04T09:28:53.675285+08:00","Action":"output","Package":"ops-platform/test/contract","Test":"TestGraphNonVirtualUpstreamReplay","Output":"        --- PASS: TestBuilderBuildsPVCStorageTopology (0.00s)\n"}
{"Time":"2026-10-04T09:28:53.675291+08:00","Action":"output","Package":"ops-platform/test/contract","Test":"TestGraphNonVirtualUpstreamReplay","Output":"        === RUN   TestBuilderDoesNotSynthesizeCSIDriverForNonCSIProvisioner\n"}
{"Time":"2026-10-04T09:28:53.675305+08:00","Action":"output","Package":"ops-platform/test/contract","Test":"TestGraphNonVirtualUpstreamReplay","Output":"        --- PASS: TestBuilderDoesNotSynthesizeCSIDriverForNonCSIProvisioner (0.00s)\n"}
{"Time":"2026-10-04T09:28:53.675312+08:00","Action":"output","Package":"ops-platform/test/contract","Test":"TestGraphNonVirtualUpstreamReplay","Output":"        === RUN   TestBuilderUsesConfiguredCSIComponentRule\n"}
{"Time":"2026-10-04T09:28:53.675318+08:00","Action":"output","Package":"ops-platform/test/contract","Test":"TestGraphNonVirtualUpstreamReplay","Output":"        --- PASS: TestBuilderUsesConfiguredCSIComponentRule (0.00s)\n"}
{"Time":"2026-10-04T09:28:53.675383+08:00","Action":"output","Package":"ops-platform/test/contract","Test":"TestGraphNonVirtualUpstreamReplay","Output":"        === RUN   TestBuilderScopesPVCSINodeAgentToConsumingPodNode\n"}
{"Time":"2026-10-04T09:28:53.675417+08:00","Action":"output","Package":"ops-platform/test/contract","Test":"TestGraphNonVirtualUpstreamReplay","Output":"        --- PASS: TestBuilderScopesPVCSINodeAgentToConsumingPodNode (0.00s)\n"}
{"Time":"2026-10-04T09:28:53.675427+08:00","Action":"output","Package":"ops-platform/test/contract","Test":"TestGraphNonVirtualUpstreamReplay","Output":"        PASS\n"}
{"Time":"2026-10-04T09:28:53.675445+08:00","Action":"output","Package":"ops-platform/test/contract","Test":"TestGraphNonVirtualUpstreamReplay","Output":"        ok  \tgithub.com/Colvin-Y/kubernetes-ontology/internal/graph\t0.013s\n"}
{"Time":"2026-10-04T09:28:53.675478+08:00","Action":"output","Package":"ops-platform/test/contract","Test":"TestGraphNonVirtualUpstreamReplay","Output":"        === RUN   TestAriadneBacksOntologyDiagnosticServiceWithoutSecondIndex\n"}
{"Time":"2026-10-04T09:28:53.67549+08:00","Action":"output","Package":"ops-platform/test/contract","Test":"TestGraphNonVirtualUpstreamReplay","Output":"        --- PASS: TestAriadneBacksOntologyDiagnosticServiceWithoutSecondIndex (0.00s)\n"}
{"Time":"2026-10-04T09:28:53.675498+08:00","Action":"output","Package":"ops-platform/test/contract","Test":"TestGraphNonVirtualUpstreamReplay","Output":"        === RUN   TestGetDiagnosticSubgraphRespectsMaxDepth\n"}
{"Time":"2026-10-04T09:28:53.675505+08:00","Action":"output","Package":"ops-platform/test/contract","Test":"TestGraphNonVirtualUpstreamReplay","Output":"        --- PASS: TestGetDiagnosticSubgraphRespectsMaxDepth (0.00s)\n"}
{"Time":"2026-10-04T09:28:53.675512+08:00","Action":"output","Package":"ops-platform/test/contract","Test":"TestGraphNonVirtualUpstreamReplay","Output":"        === RUN   TestGetDiagnosticSubgraph\n"}
{"Time":"2026-10-04T09:28:53.675519+08:00","Action":"output","Package":"ops-platform/test/contract","Test":"TestGraphNonVirtualUpstreamReplay","Output":"        --- PASS: TestGetDiagnosticSubgraph (0.00s)\n"}
{"Time":"2026-10-04T09:28:53.675526+08:00","Action":"output","Package":"ops-platform/test/contract","Test":"TestGraphNonVirtualUpstreamReplay","Output":"        === RUN   TestGetDiagnosticSubgraphByPodFindsCanonicalEntry\n"}
{"Time":"2026-10-04T09:28:53.675532+08:00","Action":"output","Package":"ops-platform/test/contract","Test":"TestGraphNonVirtualUpstreamReplay","Output":"        --- PASS: TestGetDiagnosticSubgraphByPodFindsCanonicalEntry (0.00s)\n"}
{"Time":"2026-10-04T09:28:53.675538+08:00","Action":"output","Package":"ops-platform/test/contract","Test":"TestGraphNonVirtualUpstreamReplay","Output":"        === RUN   TestGetDiagnosticSubgraphTraversesStorageClassAndCSIDriver\n"}
{"Time":"2026-10-04T09:28:53.675545+08:00","Action":"output","Package":"ops-platform/test/contract","Test":"TestGraphNonVirtualUpstreamReplay","Output":"        --- PASS: TestGetDiagnosticSubgraphTraversesStorageClassAndCSIDriver (0.00s)\n"}
{"Time":"2026-10-04T09:28:53.67555+08:00","Action":"output","Package":"ops-platform/test/contract","Test":"TestGraphNonVirtualUpstreamReplay","Output":"        === RUN   TestGetDiagnosticSubgraphScopesCSINodeAgentsForPodStoragePath\n"}
{"Time":"2026-10-04T09:28:53.675601+08:00","Action":"output","Package":"ops-platform/test/contract","Test":"TestGraphNonVirtualUpstreamReplay","Output":"        --- PASS: TestGetDiagnosticSubgraphScopesCSINodeAgentsForPodStoragePath (0.00s)\n"}
{"Time":"2026-10-04T09:28:53.675609+08:00","Action":"output","Package":"ops-platform/test/contract","Test":"TestGraphNonVirtualUpstreamReplay","Output":"        === RUN   TestGetDiagnosticSubgraphReturnsPartialWhenNodeBudgetExceeded\n"}
{"Time":"2026-10-04T09:28:53.675631+08:00","Action":"output","Package":"ops-platform/test/contract","Test":"TestGraphNonVirtualUpstreamReplay","Output":"        --- PASS: TestGetDiagnosticSubgraphReturnsPartialWhenNodeBudgetExceeded (0.00s)\n"}
{"Time":"2026-10-04T09:28:53.675637+08:00","Action":"output","Package":"ops-platform/test/contract","Test":"TestGraphNonVirtualUpstreamReplay","Output":"        === RUN   TestGetDiagnosticSubgraphReturnsPartialWhenEdgeBudgetExceeded\n"}
{"Time":"2026-10-04T09:28:53.675643+08:00","Action":"output","Package":"ops-platform/test/contract","Test":"TestGraphNonVirtualUpstreamReplay","Output":"        --- PASS: TestGetDiagnosticSubgraphReturnsPartialWhenEdgeBudgetExceeded (0.00s)\n"}
{"Time":"2026-10-04T09:28:53.675649+08:00","Action":"output","Package":"ops-platform/test/contract","Test":"TestGraphNonVirtualUpstreamReplay","Output":"        === RUN   TestGetDiagnosticSubgraphRanksEventEvidence\n"}
{"Time":"2026-10-04T09:28:53.675655+08:00","Action":"output","Package":"ops-platform/test/contract","Test":"TestGraphNonVirtualUpstreamReplay","Output":"        --- PASS: TestGetDiagnosticSubgraphRanksEventEvidence (0.00s)\n"}
{"Time":"2026-10-04T09:28:53.675671+08:00","Action":"output","Package":"ops-platform/test/contract","Test":"TestGraphNonVirtualUpstreamReplay","Output":"        === RUN   TestGetDiagnosticSubgraphForHelmReleaseIncludesOwnedResourcesAndChart\n"}
{"Time":"2026-10-04T09:28:53.67568+08:00","Action":"output","Package":"ops-platform/test/contract","Test":"TestGraphNonVirtualUpstreamReplay","Output":"        --- PASS: TestGetDiagnosticSubgraphForHelmReleaseIncludesOwnedResourcesAndChart (0.00s)\n"}
{"Time":"2026-10-04T09:28:53.675687+08:00","Action":"output","Package":"ops-platform/test/contract","Test":"TestGraphNonVirtualUpstreamReplay","Output":"        === RUN   TestGetDiagnosticSubgraphReportsHelmOwnershipConflicts\n"}
{"Time":"2026-10-04T09:28:53.675695+08:00","Action":"output","Package":"ops-platform/test/contract","Test":"TestGraphNonVirtualUpstreamReplay","Output":"        --- PASS: TestGetDiagnosticSubgraphReportsHelmOwnershipConflicts (0.00s)\n"}
{"Time":"2026-10-04T09:28:53.675701+08:00","Action":"output","Package":"ops-platform/test/contract","Test":"TestGraphNonVirtualUpstreamReplay","Output":"        === RUN   TestDefaultExpansionStopsAtTerminalSharedNodes\n"}
{"Time":"2026-10-04T09:28:53.675707+08:00","Action":"output","Package":"ops-platform/test/contract","Test":"TestGraphNonVirtualUpstreamReplay","Output":"        --- PASS: TestDefaultExpansionStopsAtTerminalSharedNodes (0.00s)\n"}
{"Time":"2026-10-04T09:28:53.675713+08:00","Action":"output","Package":"ops-platform/test/contract","Test":"TestGraphNonVirtualUpstreamReplay","Output":"        === RUN   TestExpansionCanTraverseTerminalNodes\n"}
{"Time":"2026-10-04T09:28:53.675719+08:00","Action":"output","Package":"ops-platform/test/contract","Test":"TestGraphNonVirtualUpstreamReplay","Output":"        --- PASS: TestExpansionCanTraverseTerminalNodes (0.00s)\n"}
{"Time":"2026-10-04T09:28:53.675724+08:00","Action":"output","Package":"ops-platform/test/contract","Test":"TestGraphNonVirtualUpstreamReplay","Output":"        PASS\n"}
{"Time":"2026-10-04T09:28:53.67573+08:00","Action":"output","Package":"ops-platform/test/contract","Test":"TestGraphNonVirtualUpstreamReplay","Output":"        ok  \tgithub.com/Colvin-Y/kubernetes-ontology/internal/service/diagnostic\t0.007s\n"}
{"Time":"2026-10-04T09:28:53.714131+08:00","Action":"output","Package":"ops-platform/test/contract","Test":"TestGraphNonVirtualUpstreamReplay","Output":"--- PASS: TestGraphNonVirtualUpstreamReplay (184.05s)\n","OutputType":"frame"}
{"Time":"2026-10-04T09:28:53.715126+08:00","Action":"pass","Package":"ops-platform/test/contract","Test":"TestGraphNonVirtualUpstreamReplay","Elapsed":184.05}
{"Time":"2026-10-04T09:28:53.715178+08:00","Action":"run","Package":"ops-platform/test/contract","Test":"TestInspectionNonVirtualUpstreamReplay"}
{"Time":"2026-10-04T09:28:53.715183+08:00","Action":"output","Package":"ops-platform/test/contract","Test":"TestInspectionNonVirtualUpstreamReplay","Output":"=== RUN   TestInspectionNonVirtualUpstreamReplay\n","OutputType":"frame"}
{"Time":"2026-10-04T09:32:18.015985+08:00","Action":"output","Package":"ops-platform/test/contract","Test":"TestInspectionNonVirtualUpstreamReplay","Output":"    inspection_replay_test.go:76: command=/Users/mssc/.local/share/mise/installs/python/3.12.14/bin/python3 [\"/Users/mssc/Documents/Code/ops/platform/test/fixtures/upstream-inspection/replay-nonvirtual.py\" \"--sources\" \"/tmp/ops-sp06-replay-sources\" \"--keep-wheels\" \"/tmp/ops-sp06-keep-replay-wheels\" \"--output\" \"/tmp/ops-sp06-inspection-replay-r6\"]\n"}
{"Time":"2026-10-04T09:32:18.035149+08:00","Action":"output","Package":"ops-platform/test/contract","Test":"TestInspectionNonVirtualUpstreamReplay","Output":"        Traceback (most recent call last):\n"}
{"Time":"2026-10-04T09:32:18.035204+08:00","Action":"output","Package":"ops-platform/test/contract","Test":"TestInspectionNonVirtualUpstreamReplay","Output":"          File \"/Users/mssc/Documents/Code/ops/platform/test/fixtures/upstream-inspection/replay-nonvirtual.py\", line 227, in \u003cmodule\u003e\n"}
{"Time":"2026-10-04T09:32:18.03523+08:00","Action":"output","Package":"ops-platform/test/contract","Test":"TestInspectionNonVirtualUpstreamReplay","Output":"            main()\n"}
{"Time":"2026-10-04T09:32:18.035253+08:00","Action":"output","Package":"ops-platform/test/contract","Test":"TestInspectionNonVirtualUpstreamReplay","Output":"          File \"/Users/mssc/Documents/Code/ops/platform/test/fixtures/upstream-inspection/replay-nonvirtual.py\", line 169, in main\n"}
{"Time":"2026-10-04T09:32:18.035259+08:00","Action":"output","Package":"ops-platform/test/contract","Test":"TestInspectionNonVirtualUpstreamReplay","Output":"            docker(images[\"python\"], [\"python\", \"/fixtures/verify-k8sgpt-cli.py\", \"--binary\", f\"/work/{key}/replay-output/k8sgpt\"])\n"}
{"Time":"2026-10-04T09:32:18.035269+08:00","Action":"output","Package":"ops-platform/test/contract","Test":"TestInspectionNonVirtualUpstreamReplay","Output":"          File \"/Users/mssc/Documents/Code/ops/platform/test/fixtures/upstream-inspection/replay-nonvirtual.py\", line 128, in docker\n"}
{"Time":"2026-10-04T09:32:18.035277+08:00","Action":"output","Package":"ops-platform/test/contract","Test":"TestInspectionNonVirtualUpstreamReplay","Output":"            command([\n"}
{"Time":"2026-10-04T09:32:18.035281+08:00","Action":"output","Package":"ops-platform/test/contract","Test":"TestInspectionNonVirtualUpstreamReplay","Output":"          File \"/Users/mssc/Documents/Code/ops/platform/test/fixtures/upstream-inspection/replay-nonvirtual.py\", line 46, in command\n"}
{"Time":"2026-10-04T09:32:18.035285+08:00","Action":"output","Package":"ops-platform/test/contract","Test":"TestInspectionNonVirtualUpstreamReplay","Output":"            raise RuntimeError(f\"command failed with exit {result.returncode}; see {log.name}\")\n"}
{"Time":"2026-10-04T09:32:18.035291+08:00","Action":"output","Package":"ops-platform/test/contract","Test":"TestInspectionNonVirtualUpstreamReplay","Output":"        RuntimeError: command failed with exit 125; see /tmp/ops-sp06-inspection-replay-r6/k8sgpt-analyzer.log\n"}
{"Time":"2026-10-04T09:32:18.035295+08:00","Action":"output","Package":"ops-platform/test/contract","Test":"TestInspectionNonVirtualUpstreamReplay","Output":"    inspection_replay_test.go:78: nonvirtual upstream replay: exit status 1\n","OutputType":"error"}
{"Time":"2026-10-04T09:32:18.035323+08:00","Action":"output","Package":"ops-platform/test/contract","Test":"TestInspectionNonVirtualUpstreamReplay","Output":"--- FAIL: TestInspectionNonVirtualUpstreamReplay (204.29s)\n","OutputType":"frame"}
{"Time":"2026-10-04T09:32:18.03534+08:00","Action":"fail","Package":"ops-platform/test/contract","Test":"TestInspectionNonVirtualUpstreamReplay","Elapsed":204.29}
{"Time":"2026-10-04T09:32:18.035364+08:00","Action":"output","Package":"ops-platform/test/contract","Output":"FAIL\n","OutputType":"frame"}
{"Time":"2026-10-04T09:32:18.035457+08:00","Action":"output","Package":"ops-platform/test/contract","Output":"FAIL\tops-platform/test/contract\t388.963s\n","OutputType":"frame"}
{"Time":"2026-10-04T09:32:18.035468+08:00","Action":"fail","Package":"ops-platform/test/contract","Elapsed":388.963}
make: *** [test-replay] Error 1
