Ignoring colorama: markers 'sys_platform == "win32"' don't match your environment
Ignoring greenlet: markers 'platform_machine == "AMD64" or platform_machine == "WIN32" or platform_machine == "aarch64" or platform_machine == "amd64" or platform_machine == "ppc64le" or platform_machine == "win32" or platform_machine == "x86_64"' don't match your environment
Ignoring pywin32: markers 'sys_platform == "win32"' don't match your environment
Ignoring tzdata: markers 'sys_platform == "win32"' don't match your environment
Collecting ag-ui-protocol==0.1.22 (from -r artifacts/sp06-investigator/requirements.txt (line 3))
  Downloading ag_ui_protocol-0.1.22-py3-none-any.whl (22 kB)
Collecting aiohappyeyeballs==2.7.1 (from -r artifacts/sp06-investigator/requirements.txt (line 7))
  Using cached aiohappyeyeballs-2.7.1-py3-none-any.whl (15 kB)
Collecting aiohttp==3.14.3 (from -r artifacts/sp06-investigator/requirements.txt (line 11))
  Downloading aiohttp-3.14.3-cp312-cp312-manylinux2014_aarch64.manylinux_2_17_aarch64.manylinux_2_28_aarch64.whl (1.8 MB)
     ━━━━━━━━━━━━━━━━━━━━━━━━━━━━━━━━━━━━━━━━ 1.8/1.8 MB 4.1 MB/s  0:00:02
Collecting aiosignal==1.4.0 (from -r artifacts/sp06-investigator/requirements.txt (line 35))
  Using cached aiosignal-1.4.0-py3-none-any.whl (7.5 kB)
Collecting annotated-doc==0.0.5 (from -r artifacts/sp06-investigator/requirements.txt (line 39))
  Using cached annotated_doc-0.0.5-py3-none-any.whl (5.3 kB)
Collecting annotated-types==0.8.0 (from -r artifacts/sp06-investigator/requirements.txt (line 45))
  Using cached annotated_types-0.8.0-py3-none-any.whl (13 kB)
Collecting anyio==4.15.1 (from -r artifacts/sp06-investigator/requirements.txt (line 49))
  Using cached anyio-4.15.1-py3-none-any.whl (132 kB)
Collecting apscheduler==3.11.3 (from -r artifacts/sp06-investigator/requirements.txt (line 59))
  Using cached apscheduler-3.11.3-py3-none-any.whl (66 kB)
Collecting asn1crypto==1.5.1 (from -r artifacts/sp06-investigator/requirements.txt (line 63))
  Downloading asn1crypto-1.5.1-py2.py3-none-any.whl (105 kB)
Collecting asynch==0.4.0 (from -r artifacts/sp06-investigator/requirements.txt (line 67))
  Downloading asynch-0.4.0-cp312-cp312-manylinux2014_aarch64.manylinux_2_17_aarch64.manylinux_2_28_aarch64.whl (14.5 MB)
     ━━━━━━━━━━━━━━━━━━━━━━━━━━━━━━━━━━━━━━━━ 14.5/14.5 MB 892.1 kB/s  0:00:24
Collecting attrs==26.1.0 (from -r artifacts/sp06-investigator/requirements.txt (line 78))
  Using cached attrs-26.1.0-py3-none-any.whl (67 kB)
Collecting azure-core==1.41.0 (from -r artifacts/sp06-investigator/requirements.txt (line 85))
  Downloading azure_core-1.41.0-py3-none-any.whl (220 kB)
Collecting azure-identity==1.26.0 (from -r artifacts/sp06-investigator/requirements.txt (line 91))
  Downloading azure_identity-1.26.0-py3-none-any.whl (195 kB)
Collecting backoff==2.2.1 (from -r artifacts/sp06-investigator/requirements.txt (line 95))
  Using cached backoff-2.2.1-py3-none-any.whl (15 kB)
Collecting bashlex==0.18 (from -r artifacts/sp06-investigator/requirements.txt (line 99))
  Downloading bashlex-0.18-py2.py3-none-any.whl (69 kB)
Collecting beautifulsoup4==4.15.0 (from -r artifacts/sp06-investigator/requirements.txt (line 103))
  Downloading beautifulsoup4-4.15.0-py3-none-any.whl (109 kB)
Collecting boto3==1.43.108 (from -r artifacts/sp06-investigator/requirements.txt (line 109))
  Downloading boto3-1.43.108-py3-none-any.whl (140 kB)
Collecting botocore==1.43.108 (from -r artifacts/sp06-investigator/requirements.txt (line 115))
  Downloading botocore-1.43.108-py3-none-any.whl (16.0 MB)
     ━━━━━━━━━━━━━━━━━━━━━━━━━━━━━━━━━━━━━━━━ 16.0/16.0 MB 994.1 kB/s  0:00:26
Collecting bs4==0.0.2 (from -r artifacts/sp06-investigator/requirements.txt (line 122))
  Downloading bs4-0.0.2-py2.py3-none-any.whl (1.2 kB)
Collecting cachetools==5.5.2 (from -r artifacts/sp06-investigator/requirements.txt (line 126))
  Downloading cachetools-5.5.2-py3-none-any.whl (10 kB)
Collecting certifi==2024.12.14 (from -r artifacts/sp06-investigator/requirements.txt (line 132))
  Downloading certifi-2024.12.14-py3-none-any.whl (164 kB)
Collecting cffi==2.1.1 (from -r artifacts/sp06-investigator/requirements.txt (line 144))
  Downloading cffi-2.1.1-cp312-cp312-manylinux2014_aarch64.manylinux_2_17_aarch64.whl (222 kB)
Collecting charset-normalizer==3.5.2 (from -r artifacts/sp06-investigator/requirements.txt (line 159))
  Downloading charset_normalizer-3.5.2-cp312-cp312-manylinux2014_aarch64.manylinux_2_17_aarch64.manylinux_2_28_aarch64.whl (246 kB)
Collecting ciso8601==2.3.3 (from -r artifacts/sp06-investigator/requirements.txt (line 195))
  Downloading ciso8601-2.3.3-cp312-cp312-manylinux2014_aarch64.manylinux_2_17_aarch64.manylinux_2_28_aarch64.whl (41 kB)
Collecting click==8.5.0 (from -r artifacts/sp06-investigator/requirements.txt (line 206))
  Using cached click-8.5.0-py3-none-any.whl (125 kB)
Collecting clickhouse-driver==0.2.11 (from -r artifacts/sp06-investigator/requirements.txt (line 216))
  Downloading clickhouse_driver-0.2.11-cp312-cp312-manylinux2014_aarch64.manylinux_2_17_aarch64.manylinux_2_28_aarch64.whl (1.1 MB)
     ━━━━━━━━━━━━━━━━━━━━━━━━━━━━━━━━━━━━━━━━ 1.1/1.1 MB 29.5 MB/s  0:00:02
ERROR: Could not find a version that satisfies the requirement clickhouse-sqlalchemy==0.3.2 (from versions: none)
ERROR: No matching distribution found for clickhouse-sqlalchemy==0.3.2
