2026/10/07 03:02:21 OK   00002_platform_meta.sql (120.5ms)
2026/10/07 03:02:21 OK   00003_finding.sql (126ms)
2026/10/07 03:02:21 OK   00004_incident.sql (100.65ms)
2026/10/07 03:02:21 OK   00005_investigation.sql (117.19ms)
2026/10/07 03:02:21 OK   00006_action_command.sql (109.14ms)
2026/10/07 03:02:21 OK   00007_audit.sql (66.5ms)
2026/10/07 03:02:21 OK   00008_rls.sql (166.91ms)
2026/10/07 03:02:21 OK   00009_idempotency_ledger.sql (28.98ms)
2026/10/07 03:02:21 OK   00010_tenant_provisioning.sql (35.37ms)
2026/10/07 03:02:22 OK   00011_source_registration_history.sql (166.9ms)
2026/10/07 03:02:22 OK   00012_config_registry_lifecycle.sql (65.74ms)
2026/10/07 03:02:22 OK   00013_audit_signed_segments.sql (74.17ms)
2026/10/07 03:02:22 OK   00014_audit_segment_predecessors.sql (52.26ms)
2026/10/07 03:02:22 OK   00015_source_schema_scope.sql (32.46ms)
2026/10/07 03:02:22 OK   00016_cluster_registration_metadata.sql (36.68ms)
2026/10/07 03:02:22 OK   00017_source_data_scope.sql (9.83ms)
2026/10/07 03:02:22 OK   00018_sp04_resources_evidence.sql (260.07ms)
2026/10/07 03:02:22 OK   00019_sp04_archive_ciphertext_bytes.sql (133.51ms)
2026/10/07 03:02:22 OK   00020_sp04_request_ledger.sql (52.03ms)
2026/10/07 03:02:22 OK   00021_sp04_archive_protection.sql (6.94ms)
2026/10/07 03:02:22 OK   00022_sp04_legal_hold_dependencies.sql (10.45ms)
2026/10/07 03:02:22 OK   00023_sp04_archive_query_intent.sql (112.57ms)
2026/10/07 03:02:22 OK   00024_sp05_finding_incident.sql (73.31ms)
2026/10/07 03:02:23 OK   00025_sp05_incident_event_time.sql (15.45ms)
2026/10/07 03:02:23 OK   00026_sp05_source_binding_lock.sql (10.52ms)
2026/10/07 03:02:23 OK   00027_sp05_rca_and_poll.sql (109.61ms)
2026/10/07 03:02:23 OK   00028_sp05_operator_lock.sql (18.91ms)
2026/10/07 03:02:23 OK   00029_sp05_evidence_links.sql (19.89ms)
2026/10/07 03:02:23 OK   00030_sp05_recipe_fence.sql (24.98ms)
2026/10/07 03:02:23 OK   00031_sp05_rca_postcheck.sql (64.67ms)
2026/10/07 03:02:23 OK   00032_sp05_transport_audit.sql (6.46ms)
2026/10/07 03:02:23 OK   00033_sp05_poll_resolution_clock.sql (8.79ms)
2026/10/07 03:02:23 OK   00034_sp06_investigation_ledger.sql (100.27ms)
2026/10/07 03:02:23 OK   00035_sp06_admission_data_classes.sql (9.11ms)
2026/10/07 03:02:23 goose: successfully migrated database to version: 35
