=== RUN   TestTenantProvisioningAndRoleBindingRevisions
2026/10/07 11:55:29 OK   00001_roles_and_schemas.sql (29.83ms)
2026/10/07 11:55:29 goose: successfully migrated database to version: 1
2026/10/07 11:55:29 OK   00002_platform_meta.sql (57.85ms)
2026/10/07 11:55:29 OK   00003_finding.sql (18.74ms)
2026/10/07 11:55:29 OK   00004_incident.sql (15.1ms)
2026/10/07 11:55:29 OK   00005_investigation.sql (17.6ms)
2026/10/07 11:55:29 OK   00006_action_command.sql (11.69ms)
2026/10/07 11:55:29 OK   00007_audit.sql (21.49ms)
2026/10/07 11:55:29 OK   00008_rls.sql (23.15ms)
2026/10/07 11:55:29 OK   00009_idempotency_ledger.sql (18.08ms)
2026/10/07 11:55:29 OK   00010_tenant_provisioning.sql (7.51ms)
2026/10/07 11:55:29 OK   00011_source_registration_history.sql (7.84ms)
2026/10/07 11:55:30 OK   00012_config_registry_lifecycle.sql (23.98ms)
2026/10/07 11:55:30 OK   00013_audit_signed_segments.sql (26.42ms)
2026/10/07 11:55:30 OK   00014_audit_segment_predecessors.sql (14.45ms)
2026/10/07 11:55:30 OK   00015_source_schema_scope.sql (8.47ms)
2026/10/07 11:55:30 OK   00016_cluster_registration_metadata.sql (15.87ms)
2026/10/07 11:55:30 OK   00017_source_data_scope.sql (4.9ms)
2026/10/07 11:55:30 OK   00018_sp04_resources_evidence.sql (15.87ms)
2026/10/07 11:55:30 OK   00019_sp04_archive_ciphertext_bytes.sql (6.6ms)
2026/10/07 11:55:30 OK   00020_sp04_request_ledger.sql (10.87ms)
2026/10/07 11:55:30 OK   00021_sp04_archive_protection.sql (12.58ms)
2026/10/07 11:55:30 OK   00022_sp04_legal_hold_dependencies.sql (32.11ms)
2026/10/07 11:55:30 OK   00023_sp04_archive_query_intent.sql (6.47ms)
2026/10/07 11:55:30 OK   00024_sp05_finding_incident.sql (81.8ms)
2026/10/07 11:55:30 OK   00025_sp05_incident_event_time.sql (13.63ms)
2026/10/07 11:55:30 OK   00026_sp05_source_binding_lock.sql (38.02ms)
2026/10/07 11:55:30 OK   00027_sp05_rca_and_poll.sql (90.58ms)
2026/10/07 11:55:30 OK   00028_sp05_operator_lock.sql (5.73ms)
2026/10/07 11:55:30 OK   00029_sp05_evidence_links.sql (19.68ms)
2026/10/07 11:55:30 OK   00030_sp05_recipe_fence.sql (13.96ms)
2026/10/07 11:55:30 OK   00031_sp05_rca_postcheck.sql (25.85ms)
2026/10/07 11:55:30 OK   00032_sp05_transport_audit.sql (5.51ms)
2026/10/07 11:55:30 OK   00033_sp05_poll_resolution_clock.sql (4.3ms)
2026/10/07 11:55:30 OK   00034_sp06_investigation_ledger.sql (50.03ms)
2026/10/07 11:55:30 OK   00035_sp06_admission_data_classes.sql (10.26ms)
2026/10/07 11:55:30 goose: successfully migrated database to version: 35
    migrations_test.go:436: retained owned integration database=sp03_mig_fb87ba59da1d4061a71344f932d9d9f1 test=TestTenantProvisioningAndRoleBindingRevisions reason=audit.records; no automatic protected cleanup
--- PASS: TestTenantProvisioningAndRoleBindingRevisions (1.18s)
PASS
ok  	ops-platform/test/integration	2.670s
