=== RUN   TestOperatorRoleStatusHTTPTransactionAndCurrentStepUpReplay
2026/10/07 13:18:59 OK   00001_roles_and_schemas.sql (28.59ms)
2026/10/07 13:18:59 goose: successfully migrated database to version: 1
2026/10/07 13:18:59 OK   00002_platform_meta.sql (50.25ms)
2026/10/07 13:18:59 OK   00003_finding.sql (22.96ms)
2026/10/07 13:18:59 OK   00004_incident.sql (16.09ms)
2026/10/07 13:18:59 OK   00005_investigation.sql (17.17ms)
2026/10/07 13:18:59 OK   00006_action_command.sql (10.93ms)
2026/10/07 13:18:59 OK   00007_audit.sql (26.75ms)
2026/10/07 13:18:59 OK   00008_rls.sql (24.89ms)
2026/10/07 13:18:59 OK   00009_idempotency_ledger.sql (8.76ms)
2026/10/07 13:18:59 OK   00010_tenant_provisioning.sql (6.5ms)
2026/10/07 13:19:00 OK   00011_source_registration_history.sql (39.87ms)
2026/10/07 13:19:00 OK   00012_config_registry_lifecycle.sql (13.11ms)
2026/10/07 13:19:00 OK   00013_audit_signed_segments.sql (28ms)
2026/10/07 13:19:00 OK   00014_audit_segment_predecessors.sql (14.61ms)
2026/10/07 13:19:00 OK   00015_source_schema_scope.sql (4.37ms)
2026/10/07 13:19:00 OK   00016_cluster_registration_metadata.sql (4.78ms)
2026/10/07 13:19:00 OK   00017_source_data_scope.sql (3.64ms)
2026/10/07 13:19:00 OK   00018_sp04_resources_evidence.sql (39.71ms)
2026/10/07 13:19:00 OK   00019_sp04_archive_ciphertext_bytes.sql (6.3ms)
2026/10/07 13:19:00 OK   00020_sp04_request_ledger.sql (6.07ms)
2026/10/07 13:19:00 OK   00021_sp04_archive_protection.sql (8.96ms)
2026/10/07 13:19:00 OK   00022_sp04_legal_hold_dependencies.sql (4.97ms)
2026/10/07 13:19:00 OK   00023_sp04_archive_query_intent.sql (4.69ms)
2026/10/07 13:19:00 OK   00024_sp05_finding_incident.sql (40.55ms)
2026/10/07 13:19:00 OK   00025_sp05_incident_event_time.sql (11.38ms)
2026/10/07 13:19:00 OK   00026_sp05_source_binding_lock.sql (10.42ms)
2026/10/07 13:19:00 OK   00027_sp05_rca_and_poll.sql (25.07ms)
2026/10/07 13:19:00 OK   00028_sp05_operator_lock.sql (4.46ms)
2026/10/07 13:19:00 OK   00029_sp05_evidence_links.sql (6.47ms)
2026/10/07 13:19:00 OK   00030_sp05_recipe_fence.sql (3.43ms)
2026/10/07 13:19:00 OK   00031_sp05_rca_postcheck.sql (9.8ms)
2026/10/07 13:19:00 OK   00032_sp05_transport_audit.sql (9.99ms)
2026/10/07 13:19:00 OK   00033_sp05_poll_resolution_clock.sql (12.53ms)
2026/10/07 13:19:00 OK   00034_sp06_investigation_ledger.sql (60.81ms)
2026/10/07 13:19:00 OK   00035_sp06_admission_data_classes.sql (8.92ms)
2026/10/07 13:19:00 goose: successfully migrated database to version: 35
    migrations_test.go:436: retained owned integration database=sp03_mig_59151d0fbaa149f0af97a8d60d4a4bff test=TestOperatorRoleStatusHTTPTransactionAndCurrentStepUpReplay reason=audit.records; no automatic protected cleanup
--- PASS: TestOperatorRoleStatusHTTPTransactionAndCurrentStepUpReplay (1.05s)
=== RUN   TestTenantProvisioningAndRoleBindingRevisions
2026/10/07 13:19:00 OK   00001_roles_and_schemas.sql (11.86ms)
2026/10/07 13:19:00 goose: successfully migrated database to version: 1
2026/10/07 13:19:00 OK   00002_platform_meta.sql (38.76ms)
2026/10/07 13:19:00 OK   00003_finding.sql (19.25ms)
2026/10/07 13:19:00 OK   00004_incident.sql (11.19ms)
2026/10/07 13:19:00 OK   00005_investigation.sql (14.54ms)
2026/10/07 13:19:00 OK   00006_action_command.sql (9.05ms)
2026/10/07 13:19:00 OK   00007_audit.sql (20.49ms)
2026/10/07 13:19:00 OK   00008_rls.sql (18.95ms)
2026/10/07 13:19:00 OK   00009_idempotency_ledger.sql (17.31ms)
2026/10/07 13:19:00 OK   00010_tenant_provisioning.sql (7.26ms)
2026/10/07 13:19:00 OK   00011_source_registration_history.sql (9.59ms)
2026/10/07 13:19:00 OK   00012_config_registry_lifecycle.sql (16.09ms)
2026/10/07 13:19:00 OK   00013_audit_signed_segments.sql (21.74ms)
2026/10/07 13:19:00 OK   00014_audit_segment_predecessors.sql (17.61ms)
2026/10/07 13:19:01 OK   00015_source_schema_scope.sql (9.26ms)
2026/10/07 13:19:01 OK   00016_cluster_registration_metadata.sql (13.03ms)
2026/10/07 13:19:01 OK   00017_source_data_scope.sql (6.5ms)
2026/10/07 13:19:01 OK   00018_sp04_resources_evidence.sql (40.15ms)
2026/10/07 13:19:01 OK   00019_sp04_archive_ciphertext_bytes.sql (6.24ms)
2026/10/07 13:19:01 OK   00020_sp04_request_ledger.sql (10.97ms)
2026/10/07 13:19:01 OK   00021_sp04_archive_protection.sql (8.87ms)
2026/10/07 13:19:01 OK   00022_sp04_legal_hold_dependencies.sql (6.32ms)
2026/10/07 13:19:01 OK   00023_sp04_archive_query_intent.sql (7.09ms)
2026/10/07 13:19:01 OK   00024_sp05_finding_incident.sql (38.29ms)
2026/10/07 13:19:01 OK   00025_sp05_incident_event_time.sql (21.93ms)
2026/10/07 13:19:01 OK   00026_sp05_source_binding_lock.sql (4.71ms)
2026/10/07 13:19:01 OK   00027_sp05_rca_and_poll.sql (7.91ms)
2026/10/07 13:19:01 OK   00028_sp05_operator_lock.sql (7.54ms)
2026/10/07 13:19:01 OK   00029_sp05_evidence_links.sql (18.35ms)
2026/10/07 13:19:01 OK   00030_sp05_recipe_fence.sql (18.29ms)
2026/10/07 13:19:01 OK   00031_sp05_rca_postcheck.sql (3.29ms)
2026/10/07 13:19:01 OK   00032_sp05_transport_audit.sql (3.59ms)
2026/10/07 13:19:01 OK   00033_sp05_poll_resolution_clock.sql (5.66ms)
2026/10/07 13:19:01 OK   00034_sp06_investigation_ledger.sql (49.53ms)
2026/10/07 13:19:01 OK   00035_sp06_admission_data_classes.sql (7.25ms)
2026/10/07 13:19:01 goose: successfully migrated database to version: 35
    migrations_test.go:436: retained owned integration database=sp03_mig_bf8b01318f03451e989fc089016f8e0b test=TestTenantProvisioningAndRoleBindingRevisions reason=audit.records; no automatic protected cleanup
--- PASS: TestTenantProvisioningAndRoleBindingRevisions (0.89s)
PASS
ok  	ops-platform/test/integration	3.493s
