=== RUN   TestOperatorRoleStatusHTTPTransactionAndCurrentStepUpReplay
2026/10/07 13:18:02 OK   00001_roles_and_schemas.sql (21.16ms)
2026/10/07 13:18:02 goose: successfully migrated database to version: 1
2026/10/07 13:18:03 OK   00002_platform_meta.sql (31.42ms)
2026/10/07 13:18:03 OK   00003_finding.sql (10.13ms)
2026/10/07 13:18:03 OK   00004_incident.sql (9.5ms)
2026/10/07 13:18:03 OK   00005_investigation.sql (30.02ms)
2026/10/07 13:18:03 OK   00006_action_command.sql (15.67ms)
2026/10/07 13:18:03 OK   00007_audit.sql (30.9ms)
2026/10/07 13:18:03 OK   00008_rls.sql (19.08ms)
2026/10/07 13:18:03 OK   00009_idempotency_ledger.sql (18.3ms)
2026/10/07 13:18:03 OK   00010_tenant_provisioning.sql (10.64ms)
2026/10/07 13:18:03 OK   00011_source_registration_history.sql (22.05ms)
2026/10/07 13:18:03 OK   00012_config_registry_lifecycle.sql (22.22ms)
2026/10/07 13:18:03 OK   00013_audit_signed_segments.sql (31.21ms)
2026/10/07 13:18:03 OK   00014_audit_segment_predecessors.sql (15.34ms)
2026/10/07 13:18:03 OK   00015_source_schema_scope.sql (6.64ms)
2026/10/07 13:18:03 OK   00016_cluster_registration_metadata.sql (13.34ms)
2026/10/07 13:18:03 OK   00017_source_data_scope.sql (7.15ms)
2026/10/07 13:18:03 OK   00018_sp04_resources_evidence.sql (35.79ms)
2026/10/07 13:18:03 OK   00019_sp04_archive_ciphertext_bytes.sql (8.98ms)
2026/10/07 13:18:03 OK   00020_sp04_request_ledger.sql (12.04ms)
2026/10/07 13:18:03 OK   00021_sp04_archive_protection.sql (7.2ms)
2026/10/07 13:18:03 OK   00022_sp04_legal_hold_dependencies.sql (9.88ms)
2026/10/07 13:18:03 OK   00023_sp04_archive_query_intent.sql (7.75ms)
2026/10/07 13:18:03 OK   00024_sp05_finding_incident.sql (43.39ms)
2026/10/07 13:18:03 OK   00025_sp05_incident_event_time.sql (5.65ms)
2026/10/07 13:18:03 OK   00026_sp05_source_binding_lock.sql (7.45ms)
2026/10/07 13:18:03 OK   00027_sp05_rca_and_poll.sql (20.03ms)
2026/10/07 13:18:03 OK   00028_sp05_operator_lock.sql (4.5ms)
2026/10/07 13:18:03 OK   00029_sp05_evidence_links.sql (6.92ms)
2026/10/07 13:18:03 OK   00030_sp05_recipe_fence.sql (5.04ms)
2026/10/07 13:18:03 OK   00031_sp05_rca_postcheck.sql (5.32ms)
2026/10/07 13:18:03 OK   00032_sp05_transport_audit.sql (7.36ms)
2026/10/07 13:18:03 OK   00033_sp05_poll_resolution_clock.sql (9.49ms)
2026/10/07 13:18:03 OK   00034_sp06_investigation_ledger.sql (39.89ms)
2026/10/07 13:18:03 OK   00035_sp06_admission_data_classes.sql (11.73ms)
2026/10/07 13:18:03 goose: successfully migrated database to version: 35
    pre_sp07_role_status_http_test.go:38: create role binding: ERROR: new row for relation "role_bindings" violates check constraint "role_bindings_cluster_scopes_check" (SQLSTATE 23514)
--- FAIL: TestOperatorRoleStatusHTTPTransactionAndCurrentStepUpReplay (0.98s)
FAIL
FAIL	ops-platform/test/integration	2.637s
FAIL
