=== RUN   TestTenantProvisioningAndRoleBindingRevisions
2026/10/07 11:58:40 OK   00001_roles_and_schemas.sql (44.59ms)
2026/10/07 11:58:40 goose: successfully migrated database to version: 1
2026/10/07 11:58:40 OK   00002_platform_meta.sql (55.8ms)
2026/10/07 11:58:40 OK   00003_finding.sql (28.37ms)
2026/10/07 11:58:40 OK   00004_incident.sql (23.05ms)
2026/10/07 11:58:40 OK   00005_investigation.sql (21.88ms)
2026/10/07 11:58:40 OK   00006_action_command.sql (15.84ms)
2026/10/07 11:58:40 OK   00007_audit.sql (52.83ms)
2026/10/07 11:58:40 OK   00008_rls.sql (14.9ms)
2026/10/07 11:58:40 OK   00009_idempotency_ledger.sql (18.16ms)
2026/10/07 11:58:40 OK   00010_tenant_provisioning.sql (11.67ms)
2026/10/07 11:58:40 OK   00011_source_registration_history.sql (20.97ms)
2026/10/07 11:58:41 OK   00012_config_registry_lifecycle.sql (27.07ms)
2026/10/07 11:58:41 OK   00013_audit_signed_segments.sql (79.79ms)
2026/10/07 11:58:41 OK   00014_audit_segment_predecessors.sql (49.21ms)
2026/10/07 11:58:41 OK   00015_source_schema_scope.sql (5.11ms)
2026/10/07 11:58:41 OK   00016_cluster_registration_metadata.sql (6.95ms)
2026/10/07 11:58:41 OK   00017_source_data_scope.sql (7.34ms)
2026/10/07 11:58:41 OK   00018_sp04_resources_evidence.sql (41.45ms)
2026/10/07 11:58:41 OK   00019_sp04_archive_ciphertext_bytes.sql (11.13ms)
2026/10/07 11:58:41 OK   00020_sp04_request_ledger.sql (6.1ms)
2026/10/07 11:58:41 OK   00021_sp04_archive_protection.sql (3.11ms)
2026/10/07 11:58:41 OK   00022_sp04_legal_hold_dependencies.sql (2.44ms)
2026/10/07 11:58:41 OK   00023_sp04_archive_query_intent.sql (2.43ms)
2026/10/07 11:58:41 OK   00024_sp05_finding_incident.sql (59.63ms)
2026/10/07 11:58:41 OK   00025_sp05_incident_event_time.sql (10.7ms)
2026/10/07 11:58:41 OK   00026_sp05_source_binding_lock.sql (38.8ms)
2026/10/07 11:58:41 OK   00027_sp05_rca_and_poll.sql (23.87ms)
2026/10/07 11:58:41 OK   00028_sp05_operator_lock.sql (11.13ms)
2026/10/07 11:58:41 OK   00029_sp05_evidence_links.sql (33.29ms)
2026/10/07 11:58:41 OK   00030_sp05_recipe_fence.sql (4.07ms)
2026/10/07 11:58:41 OK   00031_sp05_rca_postcheck.sql (8.82ms)
2026/10/07 11:58:41 OK   00032_sp05_transport_audit.sql (5.79ms)
2026/10/07 11:58:41 OK   00033_sp05_poll_resolution_clock.sql (17.93ms)
2026/10/07 11:58:41 OK   00034_sp06_investigation_ledger.sql (62.58ms)
2026/10/07 11:58:41 OK   00035_sp06_admission_data_classes.sql (18.8ms)
2026/10/07 11:58:41 goose: successfully migrated database to version: 35
    migrations_test.go:436: retained owned integration database=sp03_mig_7b33b59099d540698b6e66b389acbcbc test=TestTenantProvisioningAndRoleBindingRevisions reason=audit.records; no automatic protected cleanup
--- PASS: TestTenantProvisioningAndRoleBindingRevisions (1.37s)
PASS
ok  	ops-platform/test/integration	2.946s
