=== RUN   TestOperatorRoleStatusHTTPTransactionAndCurrentStepUpReplay
2026/10/07 13:18:31 OK   00001_roles_and_schemas.sql (23.01ms)
2026/10/07 13:18:31 goose: successfully migrated database to version: 1
2026/10/07 13:18:31 OK   00002_platform_meta.sql (50.16ms)
2026/10/07 13:18:31 OK   00003_finding.sql (10.33ms)
2026/10/07 13:18:31 OK   00004_incident.sql (15.78ms)
2026/10/07 13:18:31 OK   00005_investigation.sql (12.14ms)
2026/10/07 13:18:31 OK   00006_action_command.sql (15.36ms)
2026/10/07 13:18:31 OK   00007_audit.sql (16.11ms)
2026/10/07 13:18:31 OK   00008_rls.sql (26.51ms)
2026/10/07 13:18:31 OK   00009_idempotency_ledger.sql (21.3ms)
2026/10/07 13:18:31 OK   00010_tenant_provisioning.sql (5.46ms)
2026/10/07 13:18:31 OK   00011_source_registration_history.sql (14.82ms)
2026/10/07 13:18:31 OK   00012_config_registry_lifecycle.sql (29.71ms)
2026/10/07 13:18:31 OK   00013_audit_signed_segments.sql (16.36ms)
2026/10/07 13:18:31 OK   00014_audit_segment_predecessors.sql (29.37ms)
2026/10/07 13:18:31 OK   00015_source_schema_scope.sql (12.44ms)
2026/10/07 13:18:31 OK   00016_cluster_registration_metadata.sql (5.44ms)
2026/10/07 13:18:31 OK   00017_source_data_scope.sql (10.47ms)
2026/10/07 13:18:31 OK   00018_sp04_resources_evidence.sql (37.68ms)
2026/10/07 13:18:31 OK   00019_sp04_archive_ciphertext_bytes.sql (4.33ms)
2026/10/07 13:18:31 OK   00020_sp04_request_ledger.sql (9.45ms)
2026/10/07 13:18:31 OK   00021_sp04_archive_protection.sql (6.59ms)
2026/10/07 13:18:31 OK   00022_sp04_legal_hold_dependencies.sql (7.69ms)
2026/10/07 13:18:31 OK   00023_sp04_archive_query_intent.sql (8.88ms)
2026/10/07 13:18:31 OK   00024_sp05_finding_incident.sql (29.25ms)
2026/10/07 13:18:31 OK   00025_sp05_incident_event_time.sql (6.09ms)
2026/10/07 13:18:31 OK   00026_sp05_source_binding_lock.sql (6.31ms)
2026/10/07 13:18:31 OK   00027_sp05_rca_and_poll.sql (22.26ms)
2026/10/07 13:18:31 OK   00028_sp05_operator_lock.sql (8.03ms)
2026/10/07 13:18:31 OK   00029_sp05_evidence_links.sql (5.82ms)
2026/10/07 13:18:31 OK   00030_sp05_recipe_fence.sql (10.09ms)
2026/10/07 13:18:31 OK   00031_sp05_rca_postcheck.sql (14.24ms)
2026/10/07 13:18:31 OK   00032_sp05_transport_audit.sql (19.34ms)
2026/10/07 13:18:31 OK   00033_sp05_poll_resolution_clock.sql (4.03ms)
2026/10/07 13:18:31 OK   00034_sp06_investigation_ledger.sql (58.08ms)
2026/10/07 13:18:31 OK   00035_sp06_admission_data_classes.sql (3.95ms)
2026/10/07 13:18:31 goose: successfully migrated database to version: 35
    pre_sp07_role_status_http_test.go:48: complete router must reject authority substitution with 400, got 500: {"code":"INTERNAL","message":"tenant transaction is unavailable","requestId":"role-router-regression","retryable":true}
    migrations_test.go:436: retained owned integration database=sp03_mig_3a5df133e0844c759cc836b057e9cf4f test=TestOperatorRoleStatusHTTPTransactionAndCurrentStepUpReplay reason=audit.records; no automatic protected cleanup
--- FAIL: TestOperatorRoleStatusHTTPTransactionAndCurrentStepUpReplay (0.82s)
FAIL
FAIL	ops-platform/test/integration	2.364s
FAIL
