=== RUN   TestIdempotencyErrorsRetainVerifiedRequestID
--- PASS: TestIdempotencyErrorsRetainVerifiedRequestID (0.00s)
=== RUN   TestIdempotencyDigestCanonicalizesJSON
--- PASS: TestIdempotencyDigestCanonicalizesJSON (0.00s)
=== RUN   TestInvestigationBudgetHTTPContract
--- PASS: TestInvestigationBudgetHTTPContract (0.00s)
=== RUN   TestInvestigationIdempotencyConflictHTTPContract
--- PASS: TestInvestigationIdempotencyConflictHTTPContract (0.00s)
=== RUN   TestHardwareToolProjectsRequestedComponentWithoutChangingEvidence
--- PASS: TestHardwareToolProjectsRequestedComponentWithoutChangingEvidence (0.00s)
=== RUN   TestInstrumentedGeneratedHandlerExposesMetricsEndpoint
--- PASS: TestInstrumentedGeneratedHandlerExposesMetricsEndpoint (0.00s)
=== RUN   TestRequestCorrelationReachesAuthenticationErrors
--- PASS: TestRequestCorrelationReachesAuthenticationErrors (0.00s)
=== RUN   TestObservabilityMiddlewarePreservesStreamingFlush
--- PASS: TestObservabilityMiddlewarePreservesStreamingFlush (0.00s)
=== RUN   TestSourceScopeCannotClaimVerificationOrNullBindings
--- PASS: TestSourceScopeCannotClaimVerificationOrNullBindings (0.00s)
=== RUN   TestSP04ErrorMajorPreservesSourceIsolationFailure
--- PASS: TestSP04ErrorMajorPreservesSourceIsolationFailure (0.01s)
=== RUN   TestDiagnosticInputConsumesGeneratedContractAndDeadline
--- PASS: TestDiagnosticInputConsumesGeneratedContractAndDeadline (0.00s)
=== RUN   TestNeighborInputBindsDeclaredParameters
--- PASS: TestNeighborInputBindsDeclaredParameters (0.00s)
=== RUN   TestGenerationRetryOnlyForUnpagedRead
--- PASS: TestGenerationRetryOnlyForUnpagedRead (0.00s)
=== RUN   TestFrozenRCAIsNotCurrentWithoutRuntimeProof
--- PASS: TestFrozenRCAIsNotCurrentWithoutRuntimeProof (0.00s)
PASS
ok  	ops-platform/internal/httpapi	0.866s
?   	ops-platform/internal/tenant	[no test files]
