=== RUN   TestCurrentInstallationRequiresBothVictoriaSourcesAndQualifiedScope
=== RUN   TestCurrentInstallationRequiresBothVictoriaSourcesAndQualifiedScope/no_fact_sources
=== RUN   TestCurrentInstallationRequiresBothVictoriaSourcesAndQualifiedScope/missing_log_source
=== RUN   TestCurrentInstallationRequiresBothVictoriaSourcesAndQualifiedScope/another_cluster
=== RUN   TestCurrentInstallationRequiresBothVictoriaSourcesAndQualifiedScope/unqualified_native_tenant
=== RUN   TestCurrentInstallationRequiresBothVictoriaSourcesAndQualifiedScope/missing_tenant_equality
=== RUN   TestCurrentInstallationRequiresBothVictoriaSourcesAndQualifiedScope/unsupported_probe_tool
    business_values_test.go:156: incomplete or unqualified current source configuration accepted
=== RUN   TestCurrentInstallationRequiresBothVictoriaSourcesAndQualifiedScope/probe_window_expansion
    business_values_test.go:156: incomplete or unqualified current source configuration accepted
=== RUN   TestCurrentInstallationRequiresBothVictoriaSourcesAndQualifiedScope/foreign_probe
--- FAIL: TestCurrentInstallationRequiresBothVictoriaSourcesAndQualifiedScope (0.01s)
    --- PASS: TestCurrentInstallationRequiresBothVictoriaSourcesAndQualifiedScope/no_fact_sources (0.01s)
    --- PASS: TestCurrentInstallationRequiresBothVictoriaSourcesAndQualifiedScope/missing_log_source (0.00s)
    --- PASS: TestCurrentInstallationRequiresBothVictoriaSourcesAndQualifiedScope/another_cluster (0.00s)
    --- PASS: TestCurrentInstallationRequiresBothVictoriaSourcesAndQualifiedScope/unqualified_native_tenant (0.00s)
    --- PASS: TestCurrentInstallationRequiresBothVictoriaSourcesAndQualifiedScope/missing_tenant_equality (0.00s)
    --- FAIL: TestCurrentInstallationRequiresBothVictoriaSourcesAndQualifiedScope/unsupported_probe_tool (0.00s)
    --- FAIL: TestCurrentInstallationRequiresBothVictoriaSourcesAndQualifiedScope/probe_window_expansion (0.00s)
    --- PASS: TestCurrentInstallationRequiresBothVictoriaSourcesAndQualifiedScope/foreign_probe (0.00s)
FAIL
FAIL	ops-platform/internal/bundle	0.843s
FAIL
