=== RUN   TestBusinessValuesRejectUnsafeAndIncompleteConfiguration
=== RUN   TestBusinessValuesRejectUnsafeAndIncompleteConfiguration/missing_tenant
=== RUN   TestBusinessValuesRejectUnsafeAndIncompleteConfiguration/missing_policy
=== RUN   TestBusinessValuesRejectUnsafeAndIncompleteConfiguration/public_model
=== RUN   TestBusinessValuesRejectUnsafeAndIncompleteConfiguration/wrong_model_host
=== RUN   TestBusinessValuesRejectUnsafeAndIncompleteConfiguration/cross_tenant_cluster
=== RUN   TestBusinessValuesRejectUnsafeAndIncompleteConfiguration/shared_workload_identity
    business_values_test.go:61: unsafe current configuration accepted
=== RUN   TestBusinessValuesRejectUnsafeAndIncompleteConfiguration/aliased_remote_credential_path
    business_values_test.go:61: unsafe current configuration accepted
=== RUN   TestBusinessValuesRejectUnsafeAndIncompleteConfiguration/disabled_SP05
=== RUN   TestBusinessValuesRejectUnsafeAndIncompleteConfiguration/generic_overrides
=== RUN   TestBusinessValuesRejectUnsafeAndIncompleteConfiguration/broad_model
=== RUN   TestBusinessValuesRejectUnsafeAndIncompleteConfiguration/budget_expansion
=== RUN   TestBusinessValuesRejectUnsafeAndIncompleteConfiguration/missing_source
=== RUN   TestBusinessValuesRejectUnsafeAndIncompleteConfiguration/credential_plaintext
--- FAIL: TestBusinessValuesRejectUnsafeAndIncompleteConfiguration (0.01s)
    --- PASS: TestBusinessValuesRejectUnsafeAndIncompleteConfiguration/missing_tenant (0.01s)
    --- PASS: TestBusinessValuesRejectUnsafeAndIncompleteConfiguration/missing_policy (0.00s)
    --- PASS: TestBusinessValuesRejectUnsafeAndIncompleteConfiguration/public_model (0.00s)
    --- PASS: TestBusinessValuesRejectUnsafeAndIncompleteConfiguration/wrong_model_host (0.00s)
    --- PASS: TestBusinessValuesRejectUnsafeAndIncompleteConfiguration/cross_tenant_cluster (0.00s)
    --- FAIL: TestBusinessValuesRejectUnsafeAndIncompleteConfiguration/shared_workload_identity (0.00s)
    --- FAIL: TestBusinessValuesRejectUnsafeAndIncompleteConfiguration/aliased_remote_credential_path (0.00s)
    --- PASS: TestBusinessValuesRejectUnsafeAndIncompleteConfiguration/disabled_SP05 (0.00s)
    --- PASS: TestBusinessValuesRejectUnsafeAndIncompleteConfiguration/generic_overrides (0.00s)
    --- PASS: TestBusinessValuesRejectUnsafeAndIncompleteConfiguration/broad_model (0.00s)
    --- PASS: TestBusinessValuesRejectUnsafeAndIncompleteConfiguration/budget_expansion (0.00s)
    --- PASS: TestBusinessValuesRejectUnsafeAndIncompleteConfiguration/missing_source (0.00s)
    --- PASS: TestBusinessValuesRejectUnsafeAndIncompleteConfiguration/credential_plaintext (0.00s)
FAIL
FAIL	ops-platform/internal/bundle	0.846s
FAIL
