=== RUN   TestCurrentInstallationRequiresBothVictoriaSourcesAndQualifiedScope
=== RUN   TestCurrentInstallationRequiresBothVictoriaSourcesAndQualifiedScope/no_fact_sources
    business_values_test.go:148: incomplete or unqualified current source configuration accepted
=== RUN   TestCurrentInstallationRequiresBothVictoriaSourcesAndQualifiedScope/missing_log_source
    business_values_test.go:148: incomplete or unqualified current source configuration accepted
=== RUN   TestCurrentInstallationRequiresBothVictoriaSourcesAndQualifiedScope/another_cluster
    business_values_test.go:148: incomplete or unqualified current source configuration accepted
=== RUN   TestCurrentInstallationRequiresBothVictoriaSourcesAndQualifiedScope/unqualified_native_tenant
    business_values_test.go:148: incomplete or unqualified current source configuration accepted
=== RUN   TestCurrentInstallationRequiresBothVictoriaSourcesAndQualifiedScope/missing_tenant_equality
    business_values_test.go:148: incomplete or unqualified current source configuration accepted
=== RUN   TestCurrentInstallationRequiresBothVictoriaSourcesAndQualifiedScope/foreign_probe
    business_values_test.go:148: incomplete or unqualified current source configuration accepted
--- FAIL: TestCurrentInstallationRequiresBothVictoriaSourcesAndQualifiedScope (0.01s)
    --- FAIL: TestCurrentInstallationRequiresBothVictoriaSourcesAndQualifiedScope/no_fact_sources (0.01s)
    --- FAIL: TestCurrentInstallationRequiresBothVictoriaSourcesAndQualifiedScope/missing_log_source (0.00s)
    --- FAIL: TestCurrentInstallationRequiresBothVictoriaSourcesAndQualifiedScope/another_cluster (0.00s)
    --- FAIL: TestCurrentInstallationRequiresBothVictoriaSourcesAndQualifiedScope/unqualified_native_tenant (0.00s)
    --- FAIL: TestCurrentInstallationRequiresBothVictoriaSourcesAndQualifiedScope/missing_tenant_equality (0.00s)
    --- FAIL: TestCurrentInstallationRequiresBothVictoriaSourcesAndQualifiedScope/foreign_probe (0.00s)
FAIL
FAIL	ops-platform/internal/bundle	0.860s
FAIL
