=== RUN   TestPreSP07FirstTenantBootstrapIsAtomicAndOneTime
2026/10/04 19:51:57 OK   00001_roles_and_schemas.sql (15.7ms)
2026/10/04 19:51:57 goose: successfully migrated database to version: 1
2026/10/04 19:51:57 OK   00002_platform_meta.sql (25.28ms)
2026/10/04 19:51:57 OK   00003_finding.sql (13.41ms)
2026/10/04 19:51:57 OK   00004_incident.sql (10.92ms)
2026/10/04 19:51:57 OK   00005_investigation.sql (7.37ms)
2026/10/04 19:51:57 OK   00006_action_command.sql (7.16ms)
2026/10/04 19:51:57 OK   00007_audit.sql (12.25ms)
2026/10/04 19:51:57 OK   00008_rls.sql (12.62ms)
2026/10/04 19:51:57 OK   00009_idempotency_ledger.sql (15.83ms)
2026/10/04 19:51:57 OK   00010_tenant_provisioning.sql (6.03ms)
2026/10/04 19:51:57 OK   00011_source_registration_history.sql (6.83ms)
2026/10/04 19:51:57 OK   00012_config_registry_lifecycle.sql (13.81ms)
2026/10/04 19:51:57 OK   00013_audit_signed_segments.sql (12.38ms)
2026/10/04 19:51:57 OK   00014_audit_segment_predecessors.sql (4.9ms)
2026/10/04 19:51:57 OK   00015_source_schema_scope.sql (9.37ms)
2026/10/04 19:51:57 OK   00016_cluster_registration_metadata.sql (6.27ms)
2026/10/04 19:51:57 OK   00017_source_data_scope.sql (4.88ms)
2026/10/04 19:51:57 OK   00018_sp04_resources_evidence.sql (15.56ms)
2026/10/04 19:51:57 OK   00019_sp04_archive_ciphertext_bytes.sql (3.63ms)
2026/10/04 19:51:57 OK   00020_sp04_request_ledger.sql (5.48ms)
2026/10/04 19:51:57 OK   00021_sp04_archive_protection.sql (5.14ms)
2026/10/04 19:51:57 OK   00022_sp04_legal_hold_dependencies.sql (3.95ms)
2026/10/04 19:51:57 OK   00023_sp04_archive_query_intent.sql (2.86ms)
2026/10/04 19:51:57 OK   00024_sp05_finding_incident.sql (28.08ms)
2026/10/04 19:51:57 OK   00025_sp05_incident_event_time.sql (3.12ms)
2026/10/04 19:51:57 OK   00026_sp05_source_binding_lock.sql (3.34ms)
2026/10/04 19:51:57 OK   00027_sp05_rca_and_poll.sql (11.74ms)
2026/10/04 19:51:57 OK   00028_sp05_operator_lock.sql (4.23ms)
2026/10/04 19:51:57 OK   00029_sp05_evidence_links.sql (6.47ms)
2026/10/04 19:51:57 OK   00030_sp05_recipe_fence.sql (3.3ms)
2026/10/04 19:51:57 OK   00031_sp05_rca_postcheck.sql (3.3ms)
2026/10/04 19:51:57 OK   00032_sp05_transport_audit.sql (3.33ms)
2026/10/04 19:51:57 OK   00033_sp05_poll_resolution_clock.sql (4.48ms)
2026/10/04 19:51:57 OK   00034_sp06_investigation_ledger.sql (16.26ms)
2026/10/04 19:51:57 OK   00035_sp06_admission_data_classes.sql (2.97ms)
2026/10/04 19:51:57 goose: successfully migrated database to version: 35
    pre_sp07_bootstrap_test.go:79: actual forward migration, runtime bootstrap denial, concurrent one-time bootstrap, empty operator scopes and same-transaction Audit verified
--- PASS: TestPreSP07FirstTenantBootstrapIsAtomicAndOneTime (0.53s)
PASS
ok  	ops-platform/test/integration	1.684s
