=== RUN   TestSP06RealHolmesModelMCPJobAndSSE
2026/10/04 21:06:48 OK   00001_roles_and_schemas.sql (9.32ms)
2026/10/04 21:06:48 goose: successfully migrated database to version: 1
2026/10/04 21:06:48 OK   00002_platform_meta.sql (19.32ms)
2026/10/04 21:06:48 OK   00003_finding.sql (6.48ms)
2026/10/04 21:06:48 OK   00004_incident.sql (3.96ms)
2026/10/04 21:06:48 OK   00005_investigation.sql (5.78ms)
2026/10/04 21:06:48 OK   00006_action_command.sql (6.03ms)
2026/10/04 21:06:48 OK   00007_audit.sql (12.62ms)
2026/10/04 21:06:48 OK   00008_rls.sql (11.63ms)
2026/10/04 21:06:48 OK   00009_idempotency_ledger.sql (11.58ms)
2026/10/04 21:06:48 OK   00010_tenant_provisioning.sql (5.06ms)
2026/10/04 21:06:49 OK   00011_source_registration_history.sql (22.64ms)
2026/10/04 21:06:49 OK   00012_config_registry_lifecycle.sql (18.84ms)
2026/10/04 21:06:49 OK   00013_audit_signed_segments.sql (18.17ms)
2026/10/04 21:06:49 OK   00014_audit_segment_predecessors.sql (4.46ms)
2026/10/04 21:06:49 OK   00015_source_schema_scope.sql (2.62ms)
2026/10/04 21:06:49 OK   00016_cluster_registration_metadata.sql (6.5ms)
2026/10/04 21:06:49 OK   00017_source_data_scope.sql (5.9ms)
2026/10/04 21:06:49 OK   00018_sp04_resources_evidence.sql (11.61ms)
2026/10/04 21:06:49 OK   00019_sp04_archive_ciphertext_bytes.sql (4.52ms)
2026/10/04 21:06:49 OK   00020_sp04_request_ledger.sql (15.37ms)
2026/10/04 21:06:49 OK   00021_sp04_archive_protection.sql (4.09ms)
2026/10/04 21:06:49 OK   00022_sp04_legal_hold_dependencies.sql (3.44ms)
2026/10/04 21:06:49 OK   00023_sp04_archive_query_intent.sql (3.08ms)
2026/10/04 21:06:49 OK   00024_sp05_finding_incident.sql (21ms)
2026/10/04 21:06:49 OK   00025_sp05_incident_event_time.sql (3.46ms)
2026/10/04 21:06:49 OK   00026_sp05_source_binding_lock.sql (3.62ms)
2026/10/04 21:06:49 OK   00027_sp05_rca_and_poll.sql (14.64ms)
2026/10/04 21:06:49 OK   00028_sp05_operator_lock.sql (6.22ms)
2026/10/04 21:06:49 OK   00029_sp05_evidence_links.sql (4.67ms)
2026/10/04 21:06:49 OK   00030_sp05_recipe_fence.sql (7.27ms)
2026/10/04 21:06:49 OK   00031_sp05_rca_postcheck.sql (2.97ms)
2026/10/04 21:06:49 OK   00032_sp05_transport_audit.sql (3.14ms)
2026/10/04 21:06:49 OK   00033_sp05_poll_resolution_clock.sql (5.01ms)
2026/10/04 21:06:49 OK   00034_sp06_investigation_ledger.sql (24.14ms)
2026/10/04 21:06:49 OK   00035_sp06_admission_data_classes.sql (4.17ms)
2026/10/04 21:06:49 goose: successfully migrated database to version: 35
2026/10/04 21:06:53 ERROR investigator dispatch failed reason=INVESTIGATOR_UNAVAILABLE
    sp06_real_chain_test.go:491: actual provider HTTP fault=illegal-json state=failed remoteRequests=1; conservative ledger and live Incident API preserved; fixture is not the real-model acceptance
    sp06_real_chain_test.go:226: investigator diagnostic investigator-failure RuntimeError /Users/mssc/Documents/Code/ops/platform/services/investigator/src/investigator/worker.py 65
        investigator-failure RuntimeError /Users/mssc/Documents/Code/ops/platform/services/investigator/src/investigator/holmes_adapter.py 83
        
--- PASS: TestSP06RealHolmesModelMCPJobAndSSE (4.90s)
PASS
ok  	ops-platform/test/integration	5.814s
