CONNECTED(00000003)
---
Certificate chain
 0 s:CN=orbstack
   i:CN=k3s-server-ca@1790258954
   a:PKEY: EC, (prime256v1); sigalg: ecdsa-with-SHA256
   v:NotBefore: Oct  4 09:08:08 2026 GMT; NotAfter: Oct  4 09:08:08 2027 GMT
 1 s:CN=k3s-server-ca@1790258954
   i:CN=k3s-server-ca@1790258954
   a:PKEY: EC, (prime256v1); sigalg: ecdsa-with-SHA256
   v:NotBefore: Sep 24 13:09:14 2026 GMT; NotAfter: Sep 21 13:09:14 2036 GMT
---
Server certificate
-----BEGIN CERTIFICATE-----
MIIBxjCCAWygAwIBAgIIGn28QFPrnBQwCgYIKoZIzj0EAwIwIzEhMB8GA1UEAwwY
azNzLXNlcnZlci1jYUAxNzkwMjU4OTU0MB4XDTI2MTAwNDA5MDgwOFoXDTI3MTAw
NDA5MDgwOFowEzERMA8GA1UEAxMIb3Jic3RhY2swWTATBgcqhkjOPQIBBggqhkjO
PQMBBwNCAAQOikhvMeBIVOzJtSUuY3CFERUGWOlSULO2bs0o5JORGXkNwRBYhyFS
iL1XixLfb/FVws2k2K/176v8Yb1QsS6so4GZMIGWMA4GA1UdDwEB/wQEAwIFoDAT
BgNVHSUEDDAKBggrBgEFBQcDATAfBgNVHSMEGDAWgBQtmmrLBic5YrZFlIjJ1biJ
mNRaEzBOBgNVHREERzBFgghvcmJzdGFja4IJbG9jYWxob3N0hwR/AAABhxAAAAAA
AAAAAAAAAAAAAAABhwTAqIsChxD9B7UazGYAAAAAAAAAAAACMAoGCCqGSM49BAMC
A0gAMEUCIFgr4xeeuQgtUPYl59MetyAXd68gbmQq8vW1RBg4t6FHAiEA0rUlulee
HMiNl6GOVI1JNt7TCWc1wQXYOszevqRB3fs=
-----END CERTIFICATE-----
subject=CN=orbstack
issuer=CN=k3s-server-ca@1790258954
---
Acceptable client certificate CA names
CN=k3s-client-ca@1790258954
Requested Signature Algorithms: RSA-PSS+SHA256:ECDSA+SHA256:ed25519:RSA-PSS+SHA384:RSA-PSS+SHA512:ECDSA+SHA384:ECDSA+SHA512
Shared Requested Signature Algorithms: RSA-PSS+SHA256:ECDSA+SHA256:ed25519:RSA-PSS+SHA384:RSA-PSS+SHA512:ECDSA+SHA384:ECDSA+SHA512
Peer signing digest: SHA256
Peer signature type: ecdsa_secp256r1_sha256
Negotiated TLS1.3 group: X25519MLKEM768
---
SSL handshake has read 2417 bytes and written 1616 bytes
Verification: OK
---
New, TLSv1.3, Cipher is TLS_AES_128_GCM_SHA256
Protocol: TLSv1.3
Server public key is 256 bit
This TLS version forbids renegotiation.
Compression: NONE
Expansion: NONE
No ALPN negotiated
Early data was not sent
Verify return code: 0 (ok)
---
---
Post-Handshake New Session Ticket arrived:
SSL-Session:
    Protocol  : TLSv1.3
    Cipher    : TLS_AES_128_GCM_SHA256
    PSK identity: None
    PSK identity hint: None
    SRP username: None

    Start Time: 1791115871
    Timeout   : 7200 (sec)
    Verify return code: 0 (ok)
    Extended master secret: no
    Max Early Data: 0
---
read R BLOCK
Connecting to 192.168.139.2
Can't use SSL_get_servername
depth=1 CN=k3s-server-ca@1790258954
verify return:1
depth=0 CN=orbstack
verify return:1
DONE
