=== RUN   TestSP05OfficialObservationsActualOrbStackAndControlledProbeFailure
2026/10/04 20:54:52 OK   00001_roles_and_schemas.sql (13.94ms)
2026/10/04 20:54:52 goose: successfully migrated database to version: 1
2026/10/04 20:54:52 OK   00002_platform_meta.sql (35.23ms)
2026/10/04 20:54:52 OK   00003_finding.sql (6.08ms)
2026/10/04 20:54:52 OK   00004_incident.sql (5.16ms)
2026/10/04 20:54:52 OK   00005_investigation.sql (7.01ms)
2026/10/04 20:54:52 OK   00006_action_command.sql (9.5ms)
2026/10/04 20:54:52 OK   00007_audit.sql (19.39ms)
2026/10/04 20:54:52 OK   00008_rls.sql (11.96ms)
2026/10/04 20:54:52 OK   00009_idempotency_ledger.sql (16.59ms)
2026/10/04 20:54:52 OK   00010_tenant_provisioning.sql (5.89ms)
2026/10/04 20:54:52 OK   00011_source_registration_history.sql (5.75ms)
2026/10/04 20:54:52 OK   00012_config_registry_lifecycle.sql (7.33ms)
2026/10/04 20:54:52 OK   00013_audit_signed_segments.sql (8.16ms)
2026/10/04 20:54:52 OK   00014_audit_segment_predecessors.sql (20.61ms)
2026/10/04 20:54:52 OK   00015_source_schema_scope.sql (3.67ms)
2026/10/04 20:54:52 OK   00016_cluster_registration_metadata.sql (4.45ms)
2026/10/04 20:54:52 OK   00017_source_data_scope.sql (4.14ms)
2026/10/04 20:54:52 OK   00018_sp04_resources_evidence.sql (15.03ms)
2026/10/04 20:54:52 OK   00019_sp04_archive_ciphertext_bytes.sql (4.12ms)
2026/10/04 20:54:52 OK   00020_sp04_request_ledger.sql (7.68ms)
2026/10/04 20:54:52 OK   00021_sp04_archive_protection.sql (3.9ms)
2026/10/04 20:54:52 OK   00022_sp04_legal_hold_dependencies.sql (3.53ms)
2026/10/04 20:54:52 OK   00023_sp04_archive_query_intent.sql (2.64ms)
2026/10/04 20:54:52 OK   00024_sp05_finding_incident.sql (28.22ms)
2026/10/04 20:54:52 OK   00025_sp05_incident_event_time.sql (3.45ms)
2026/10/04 20:54:52 OK   00026_sp05_source_binding_lock.sql (11.42ms)
2026/10/04 20:54:52 OK   00027_sp05_rca_and_poll.sql (15.46ms)
2026/10/04 20:54:52 OK   00028_sp05_operator_lock.sql (4.46ms)
2026/10/04 20:54:52 OK   00029_sp05_evidence_links.sql (12.27ms)
2026/10/04 20:54:52 OK   00030_sp05_recipe_fence.sql (5.1ms)
2026/10/04 20:54:52 OK   00031_sp05_rca_postcheck.sql (8.88ms)
2026/10/04 20:54:52 OK   00032_sp05_transport_audit.sql (4.42ms)
2026/10/04 20:54:52 OK   00033_sp05_poll_resolution_clock.sql (5.32ms)
2026/10/04 20:54:52 OK   00034_sp06_investigation_ledger.sql (17.16ms)
2026/10/04 20:54:52 OK   00035_sp06_admission_data_classes.sql (3.35ms)
2026/10/04 20:54:52 goose: successfully migrated database to version: 35
    archive_iam_test.go:41: owned TLS/IAM fixture image=docker.io/chrislusf/seaweedfs@sha256:d4cf67729aa8777e1a43a5b61d72e5b96179e4b7bac9a221cb14cbc2036cb32e id=da138d19d3727714e8f08c1931806267796d2da967081f00f13d758556f70d25 bucket=sp05-golden-1d4c3c5a tenants=1
    sp05_official_observations_test.go:112: actual native official read report: {ProbeAvailable:true MetricAvailable:true Candidates:3 DegradedSources:[]} (Metrics availability is observed, never a performance measurement)
    sp05_official_observations_test.go:117: LIVE METRICS: actual authorized positive read; healthy samples correctly do not invent a firing Finding.
    sp05_official_observations_test.go:177: INVALID_ARGUMENT
--- FAIL: TestSP05OfficialObservationsActualOrbStackAndControlledProbeFailure (8.18s)
FAIL
FAIL	ops-platform/test/integration	9.319s
FAIL
