=== RUN   TestSP05EarlierHealthySampleCannotResolveActiveOccurrence
2026/10/04 20:56:42 OK   00001_roles_and_schemas.sql (9.56ms)
2026/10/04 20:56:42 goose: successfully migrated database to version: 1
2026/10/04 20:56:42 OK   00002_platform_meta.sql (17.02ms)
2026/10/04 20:56:42 OK   00003_finding.sql (6.59ms)
2026/10/04 20:56:42 OK   00004_incident.sql (4.52ms)
2026/10/04 20:56:42 OK   00005_investigation.sql (8.29ms)
2026/10/04 20:56:42 OK   00006_action_command.sql (9.72ms)
2026/10/04 20:56:42 OK   00007_audit.sql (8.74ms)
2026/10/04 20:56:42 OK   00008_rls.sql (7.77ms)
2026/10/04 20:56:42 OK   00009_idempotency_ledger.sql (16.96ms)
2026/10/04 20:56:42 OK   00010_tenant_provisioning.sql (4.59ms)
2026/10/04 20:56:42 OK   00011_source_registration_history.sql (6.15ms)
2026/10/04 20:56:42 OK   00012_config_registry_lifecycle.sql (23.63ms)
2026/10/04 20:56:42 OK   00013_audit_signed_segments.sql (10.23ms)
2026/10/04 20:56:42 OK   00014_audit_segment_predecessors.sql (12.52ms)
2026/10/04 20:56:42 OK   00015_source_schema_scope.sql (3.37ms)
2026/10/04 20:56:42 OK   00016_cluster_registration_metadata.sql (3.99ms)
2026/10/04 20:56:42 OK   00017_source_data_scope.sql (2.94ms)
2026/10/04 20:56:42 OK   00018_sp04_resources_evidence.sql (9.89ms)
2026/10/04 20:56:42 OK   00019_sp04_archive_ciphertext_bytes.sql (3.01ms)
2026/10/04 20:56:42 OK   00020_sp04_request_ledger.sql (11.76ms)
2026/10/04 20:56:42 OK   00021_sp04_archive_protection.sql (4.53ms)
2026/10/04 20:56:42 OK   00022_sp04_legal_hold_dependencies.sql (3.38ms)
2026/10/04 20:56:42 OK   00023_sp04_archive_query_intent.sql (3.28ms)
2026/10/04 20:56:42 OK   00024_sp05_finding_incident.sql (29.81ms)
2026/10/04 20:56:42 OK   00025_sp05_incident_event_time.sql (3.22ms)
2026/10/04 20:56:42 OK   00026_sp05_source_binding_lock.sql (3.68ms)
2026/10/04 20:56:42 OK   00027_sp05_rca_and_poll.sql (13.72ms)
2026/10/04 20:56:42 OK   00028_sp05_operator_lock.sql (3.99ms)
2026/10/04 20:56:42 OK   00029_sp05_evidence_links.sql (6.22ms)
2026/10/04 20:56:42 OK   00030_sp05_recipe_fence.sql (3.49ms)
2026/10/04 20:56:42 OK   00031_sp05_rca_postcheck.sql (3.25ms)
2026/10/04 20:56:42 OK   00032_sp05_transport_audit.sql (4.04ms)
2026/10/04 20:56:42 OK   00033_sp05_poll_resolution_clock.sql (3.53ms)
2026/10/04 20:56:42 OK   00034_sp06_investigation_ledger.sql (21.79ms)
2026/10/04 20:56:42 OK   00035_sp06_admission_data_classes.sql (2.89ms)
2026/10/04 20:56:42 goose: successfully migrated database to version: 35
    sp05_poll_test.go:101: earlier healthy observation was allowed to resolve active occurrence: <nil>
--- FAIL: TestSP05EarlierHealthySampleCannotResolveActiveOccurrence (0.55s)
FAIL
FAIL	ops-platform/test/integration	1.740s
FAIL
