=== RUN   TestFrozenOfficialInspectionLabels
    inspection_test.go:52: domain=storage TP=4 FP=0 FN=0 precision=1.000 recall=1.000
    inspection_test.go:52: domain=node TP=5 FP=0 FN=0 precision=1.000 recall=1.000
    inspection_test.go:52: domain=scheduling TP=1 FP=0 FN=0 precision=1.000 recall=1.000
--- PASS: TestFrozenOfficialInspectionLabels (0.00s)
=== RUN   TestMetricRejectsConflictingUIDAndPreviousNodeWindow
=== RUN   TestMetricRejectsConflictingUIDAndPreviousNodeWindow/explicit_wrong_uid
=== RUN   TestMetricRejectsConflictingUIDAndPreviousNodeWindow/window_crosses_recreation
=== RUN   TestMetricRejectsConflictingUIDAndPreviousNodeWindow/allocatable_exceeds_capacity
=== RUN   TestMetricRejectsConflictingUIDAndPreviousNodeWindow/positive_capacity_binding
--- PASS: TestMetricRejectsConflictingUIDAndPreviousNodeWindow (0.00s)
    --- PASS: TestMetricRejectsConflictingUIDAndPreviousNodeWindow/explicit_wrong_uid (0.00s)
    --- PASS: TestMetricRejectsConflictingUIDAndPreviousNodeWindow/window_crosses_recreation (0.00s)
    --- PASS: TestMetricRejectsConflictingUIDAndPreviousNodeWindow/allocatable_exceeds_capacity (0.00s)
    --- PASS: TestMetricRejectsConflictingUIDAndPreviousNodeWindow/positive_capacity_binding (0.00s)
=== RUN   TestFrozenOfficialMetricAndControlPlaneLabels
=== RUN   TestFrozenOfficialMetricAndControlPlaneLabels/cpu-utilization
=== RUN   TestFrozenOfficialMetricAndControlPlaneLabels/memory-utilization
=== RUN   TestFrozenOfficialMetricAndControlPlaneLabels/both-low
=== RUN   TestFrozenOfficialMetricAndControlPlaneLabels/boundary-not-high
=== RUN   TestFrozenOfficialMetricAndControlPlaneLabels/zero-capacity
=== RUN   TestFrozenOfficialMetricAndControlPlaneLabels/malformed-usage
=== RUN   TestFrozenOfficialMetricAndControlPlaneLabels/missing-memory
=== RUN   TestFrozenOfficialMetricAndControlPlaneLabels/old-clock
=== RUN   TestFrozenOfficialMetricAndControlPlaneLabels/recreated-node
=== RUN   TestFrozenOfficialMetricAndControlPlaneLabels/metrics-schema-drift
=== RUN   TestFrozenOfficialMetricAndControlPlaneLabels/control-http-200
=== RUN   TestFrozenOfficialMetricAndControlPlaneLabels/control-http-503
=== RUN   TestFrozenOfficialMetricAndControlPlaneLabels/control-http-504
=== RUN   TestFrozenOfficialMetricAndControlPlaneLabels/control-http-401
=== RUN   TestFrozenOfficialMetricAndControlPlaneLabels/control-http-403
=== RUN   TestFrozenOfficialMetricAndControlPlaneLabels/control-http-429
=== RUN   TestFrozenOfficialMetricAndControlPlaneLabels/control-http-404
=== RUN   TestFrozenOfficialMetricAndControlPlaneLabels/control-dial_refused
=== RUN   TestFrozenOfficialMetricAndControlPlaneLabels/control-request_timeout
=== RUN   TestFrozenOfficialMetricAndControlPlaneLabels/control-local_budget_timeout
=== RUN   TestFrozenOfficialMetricAndControlPlaneLabels/control-tls_invalid
=== RUN   TestFrozenOfficialMetricAndControlPlaneLabels/control-dns_invalid
=== NAME  TestFrozenOfficialMetricAndControlPlaneLabels
    observations_test.go:82: domain=metrics TP=2 FP=0 FN=0 precision=1.000 recall=1.000
    observations_test.go:82: domain=control-plane TP=4 FP=0 FN=0 precision=1.000 recall=1.000
--- PASS: TestFrozenOfficialMetricAndControlPlaneLabels (0.00s)
    --- PASS: TestFrozenOfficialMetricAndControlPlaneLabels/cpu-utilization (0.00s)
    --- PASS: TestFrozenOfficialMetricAndControlPlaneLabels/memory-utilization (0.00s)
    --- PASS: TestFrozenOfficialMetricAndControlPlaneLabels/both-low (0.00s)
    --- PASS: TestFrozenOfficialMetricAndControlPlaneLabels/boundary-not-high (0.00s)
    --- PASS: TestFrozenOfficialMetricAndControlPlaneLabels/zero-capacity (0.00s)
    --- PASS: TestFrozenOfficialMetricAndControlPlaneLabels/malformed-usage (0.00s)
    --- PASS: TestFrozenOfficialMetricAndControlPlaneLabels/missing-memory (0.00s)
    --- PASS: TestFrozenOfficialMetricAndControlPlaneLabels/old-clock (0.00s)
    --- PASS: TestFrozenOfficialMetricAndControlPlaneLabels/recreated-node (0.00s)
    --- PASS: TestFrozenOfficialMetricAndControlPlaneLabels/metrics-schema-drift (0.00s)
    --- PASS: TestFrozenOfficialMetricAndControlPlaneLabels/control-http-200 (0.00s)
    --- PASS: TestFrozenOfficialMetricAndControlPlaneLabels/control-http-503 (0.00s)
    --- PASS: TestFrozenOfficialMetricAndControlPlaneLabels/control-http-504 (0.00s)
    --- PASS: TestFrozenOfficialMetricAndControlPlaneLabels/control-http-401 (0.00s)
    --- PASS: TestFrozenOfficialMetricAndControlPlaneLabels/control-http-403 (0.00s)
    --- PASS: TestFrozenOfficialMetricAndControlPlaneLabels/control-http-429 (0.00s)
    --- PASS: TestFrozenOfficialMetricAndControlPlaneLabels/control-http-404 (0.00s)
    --- PASS: TestFrozenOfficialMetricAndControlPlaneLabels/control-dial_refused (0.00s)
    --- PASS: TestFrozenOfficialMetricAndControlPlaneLabels/control-request_timeout (0.00s)
    --- PASS: TestFrozenOfficialMetricAndControlPlaneLabels/control-local_budget_timeout (0.00s)
    --- PASS: TestFrozenOfficialMetricAndControlPlaneLabels/control-tls_invalid (0.00s)
    --- PASS: TestFrozenOfficialMetricAndControlPlaneLabels/control-dns_invalid (0.00s)
PASS
ok  	ops-platform/internal/inspection/kubernetes	0.717s
