=== RUN   TestSP05PollBirthClockSurvivesPostgreSQLPrecisionAndRestart
2026/10/04 20:57:16 OK   00001_roles_and_schemas.sql (10.76ms)
2026/10/04 20:57:16 goose: successfully migrated database to version: 1
2026/10/04 20:57:16 OK   00002_platform_meta.sql (29.54ms)
2026/10/04 20:57:16 OK   00003_finding.sql (10.66ms)
2026/10/04 20:57:16 OK   00004_incident.sql (13.41ms)
2026/10/04 20:57:16 OK   00005_investigation.sql (11.43ms)
2026/10/04 20:57:16 OK   00006_action_command.sql (9.45ms)
2026/10/04 20:57:16 OK   00007_audit.sql (15.87ms)
2026/10/04 20:57:16 OK   00008_rls.sql (8.43ms)
2026/10/04 20:57:16 OK   00009_idempotency_ledger.sql (6.57ms)
2026/10/04 20:57:16 OK   00010_tenant_provisioning.sql (6.75ms)
2026/10/04 20:57:16 OK   00011_source_registration_history.sql (11.64ms)
2026/10/04 20:57:16 OK   00012_config_registry_lifecycle.sql (11.29ms)
2026/10/04 20:57:16 OK   00013_audit_signed_segments.sql (27.52ms)
2026/10/04 20:57:16 OK   00014_audit_segment_predecessors.sql (4.83ms)
2026/10/04 20:57:16 OK   00015_source_schema_scope.sql (2.94ms)
2026/10/04 20:57:16 OK   00016_cluster_registration_metadata.sql (6.81ms)
2026/10/04 20:57:16 OK   00017_source_data_scope.sql (5.35ms)
2026/10/04 20:57:16 OK   00018_sp04_resources_evidence.sql (23.13ms)
2026/10/04 20:57:16 OK   00019_sp04_archive_ciphertext_bytes.sql (10.23ms)
2026/10/04 20:57:16 OK   00020_sp04_request_ledger.sql (3.86ms)
2026/10/04 20:57:16 OK   00021_sp04_archive_protection.sql (3.53ms)
2026/10/04 20:57:17 OK   00022_sp04_legal_hold_dependencies.sql (6.21ms)
2026/10/04 20:57:17 OK   00023_sp04_archive_query_intent.sql (3.89ms)
2026/10/04 20:57:17 OK   00024_sp05_finding_incident.sql (14.91ms)
2026/10/04 20:57:17 OK   00025_sp05_incident_event_time.sql (3.2ms)
2026/10/04 20:57:17 OK   00026_sp05_source_binding_lock.sql (4.08ms)
2026/10/04 20:57:17 OK   00027_sp05_rca_and_poll.sql (6.31ms)
2026/10/04 20:57:17 OK   00028_sp05_operator_lock.sql (11.54ms)
2026/10/04 20:57:17 OK   00029_sp05_evidence_links.sql (11.31ms)
2026/10/04 20:57:17 OK   00030_sp05_recipe_fence.sql (3.03ms)
2026/10/04 20:57:17 OK   00031_sp05_rca_postcheck.sql (3.42ms)
2026/10/04 20:57:17 OK   00032_sp05_transport_audit.sql (2.85ms)
2026/10/04 20:57:17 OK   00033_sp05_poll_resolution_clock.sql (2.65ms)
2026/10/04 20:57:17 OK   00034_sp06_investigation_ledger.sql (21.82ms)
2026/10/04 20:57:17 OK   00035_sp06_admission_data_classes.sql (4.03ms)
2026/10/04 20:57:17 goose: successfully migrated database to version: 35
--- PASS: TestSP05PollBirthClockSurvivesPostgreSQLPrecisionAndRestart (0.64s)
=== RUN   TestSP05PollCrashAfterResolveAndLateReplayCannotCreateOccurrence
=== RUN   TestSP05PollCrashAfterResolveAndLateReplayCannotCreateOccurrence/crash-before-close
2026/10/04 20:57:17 OK   00001_roles_and_schemas.sql (17.09ms)
2026/10/04 20:57:17 goose: successfully migrated database to version: 1
2026/10/04 20:57:17 OK   00002_platform_meta.sql (18.89ms)
2026/10/04 20:57:17 OK   00003_finding.sql (9.59ms)
2026/10/04 20:57:17 OK   00004_incident.sql (10.51ms)
2026/10/04 20:57:17 OK   00005_investigation.sql (6ms)
2026/10/04 20:57:17 OK   00006_action_command.sql (11.33ms)
2026/10/04 20:57:17 OK   00007_audit.sql (12.46ms)
2026/10/04 20:57:17 OK   00008_rls.sql (17.37ms)
2026/10/04 20:57:17 OK   00009_idempotency_ledger.sql (6.35ms)
2026/10/04 20:57:17 OK   00010_tenant_provisioning.sql (5.82ms)
2026/10/04 20:57:17 OK   00011_source_registration_history.sql (9.55ms)
2026/10/04 20:57:17 OK   00012_config_registry_lifecycle.sql (9.67ms)
2026/10/04 20:57:17 OK   00013_audit_signed_segments.sql (10.29ms)
2026/10/04 20:57:17 OK   00014_audit_segment_predecessors.sql (11.7ms)
2026/10/04 20:57:17 OK   00015_source_schema_scope.sql (4.25ms)
2026/10/04 20:57:17 OK   00016_cluster_registration_metadata.sql (4.14ms)
2026/10/04 20:57:17 OK   00017_source_data_scope.sql (6.53ms)
2026/10/04 20:57:17 OK   00018_sp04_resources_evidence.sql (23.05ms)
2026/10/04 20:57:17 OK   00019_sp04_archive_ciphertext_bytes.sql (3.04ms)
2026/10/04 20:57:17 OK   00020_sp04_request_ledger.sql (4.26ms)
2026/10/04 20:57:17 OK   00021_sp04_archive_protection.sql (4.42ms)
2026/10/04 20:57:17 OK   00022_sp04_legal_hold_dependencies.sql (3.85ms)
2026/10/04 20:57:17 OK   00023_sp04_archive_query_intent.sql (2.8ms)
2026/10/04 20:57:17 OK   00024_sp05_finding_incident.sql (14.32ms)
2026/10/04 20:57:17 OK   00025_sp05_incident_event_time.sql (3.1ms)
2026/10/04 20:57:17 OK   00026_sp05_source_binding_lock.sql (6.56ms)
2026/10/04 20:57:17 OK   00027_sp05_rca_and_poll.sql (15.9ms)
2026/10/04 20:57:17 OK   00028_sp05_operator_lock.sql (3.82ms)
2026/10/04 20:57:17 OK   00029_sp05_evidence_links.sql (5.35ms)
2026/10/04 20:57:17 OK   00030_sp05_recipe_fence.sql (5.18ms)
2026/10/04 20:57:17 OK   00031_sp05_rca_postcheck.sql (5.78ms)
2026/10/04 20:57:17 OK   00032_sp05_transport_audit.sql (3.06ms)
2026/10/04 20:57:17 OK   00033_sp05_poll_resolution_clock.sql (3.48ms)
2026/10/04 20:57:17 OK   00034_sp06_investigation_ledger.sql (16.84ms)
2026/10/04 20:57:17 OK   00035_sp06_admission_data_classes.sql (20.05ms)
2026/10/04 20:57:17 goose: successfully migrated database to version: 35
=== RUN   TestSP05PollCrashAfterResolveAndLateReplayCannotCreateOccurrence/late-replay
2026/10/04 20:57:18 OK   00001_roles_and_schemas.sql (9.2ms)
2026/10/04 20:57:18 goose: successfully migrated database to version: 1
2026/10/04 20:57:18 OK   00002_platform_meta.sql (16.06ms)
2026/10/04 20:57:18 OK   00003_finding.sql (25.5ms)
2026/10/04 20:57:18 OK   00004_incident.sql (5.74ms)
2026/10/04 20:57:18 OK   00005_investigation.sql (5.85ms)
2026/10/04 20:57:18 OK   00006_action_command.sql (21.49ms)
2026/10/04 20:57:18 OK   00007_audit.sql (14.61ms)
2026/10/04 20:57:18 OK   00008_rls.sql (12.36ms)
2026/10/04 20:57:18 OK   00009_idempotency_ledger.sql (6.36ms)
2026/10/04 20:57:18 OK   00010_tenant_provisioning.sql (4.12ms)
2026/10/04 20:57:18 OK   00011_source_registration_history.sql (5.26ms)
2026/10/04 20:57:18 OK   00012_config_registry_lifecycle.sql (19.04ms)
2026/10/04 20:57:18 OK   00013_audit_signed_segments.sql (11.12ms)
2026/10/04 20:57:18 OK   00014_audit_segment_predecessors.sql (5.61ms)
2026/10/04 20:57:18 OK   00015_source_schema_scope.sql (3.44ms)
2026/10/04 20:57:18 OK   00016_cluster_registration_metadata.sql (5.63ms)
2026/10/04 20:57:18 OK   00017_source_data_scope.sql (5.14ms)
2026/10/04 20:57:18 OK   00018_sp04_resources_evidence.sql (13.03ms)
2026/10/04 20:57:18 OK   00019_sp04_archive_ciphertext_bytes.sql (8.53ms)
2026/10/04 20:57:18 OK   00020_sp04_request_ledger.sql (4.28ms)
2026/10/04 20:57:18 OK   00021_sp04_archive_protection.sql (3.08ms)
2026/10/04 20:57:18 OK   00022_sp04_legal_hold_dependencies.sql (3.95ms)
2026/10/04 20:57:18 OK   00023_sp04_archive_query_intent.sql (3.67ms)
2026/10/04 20:57:18 OK   00024_sp05_finding_incident.sql (13.55ms)
2026/10/04 20:57:18 OK   00025_sp05_incident_event_time.sql (3.8ms)
2026/10/04 20:57:18 OK   00026_sp05_source_binding_lock.sql (3.76ms)
2026/10/04 20:57:18 OK   00027_sp05_rca_and_poll.sql (21.75ms)
2026/10/04 20:57:18 OK   00028_sp05_operator_lock.sql (3.53ms)
2026/10/04 20:57:18 OK   00029_sp05_evidence_links.sql (15.49ms)
2026/10/04 20:57:18 OK   00030_sp05_recipe_fence.sql (4.86ms)
2026/10/04 20:57:18 OK   00031_sp05_rca_postcheck.sql (3.13ms)
2026/10/04 20:57:18 OK   00032_sp05_transport_audit.sql (3.78ms)
2026/10/04 20:57:18 OK   00033_sp05_poll_resolution_clock.sql (3.86ms)
2026/10/04 20:57:18 OK   00034_sp06_investigation_ledger.sql (22.45ms)
2026/10/04 20:57:18 OK   00035_sp06_admission_data_classes.sql (5.17ms)
2026/10/04 20:57:18 goose: successfully migrated database to version: 35
--- PASS: TestSP05PollCrashAfterResolveAndLateReplayCannotCreateOccurrence (1.18s)
    --- PASS: TestSP05PollCrashAfterResolveAndLateReplayCannotCreateOccurrence/crash-before-close (0.63s)
    --- PASS: TestSP05PollCrashAfterResolveAndLateReplayCannotCreateOccurrence/late-replay (0.54s)
=== RUN   TestSP05FirstHealthyPollDurablyFencesLateAndRepeatedFiring
2026/10/04 20:57:18 OK   00001_roles_and_schemas.sql (9.11ms)
2026/10/04 20:57:18 goose: successfully migrated database to version: 1
2026/10/04 20:57:18 OK   00002_platform_meta.sql (20.71ms)
2026/10/04 20:57:18 OK   00003_finding.sql (13.03ms)
2026/10/04 20:57:18 OK   00004_incident.sql (6.94ms)
2026/10/04 20:57:18 OK   00005_investigation.sql (8.71ms)
2026/10/04 20:57:18 OK   00006_action_command.sql (5.89ms)
2026/10/04 20:57:18 OK   00007_audit.sql (9.15ms)
2026/10/04 20:57:18 OK   00008_rls.sql (23.79ms)
2026/10/04 20:57:18 OK   00009_idempotency_ledger.sql (7.41ms)
2026/10/04 20:57:18 OK   00010_tenant_provisioning.sql (5.22ms)
2026/10/04 20:57:18 OK   00011_source_registration_history.sql (11.91ms)
2026/10/04 20:57:18 OK   00012_config_registry_lifecycle.sql (12.54ms)
2026/10/04 20:57:18 OK   00013_audit_signed_segments.sql (25.89ms)
2026/10/04 20:57:18 OK   00014_audit_segment_predecessors.sql (5.83ms)
2026/10/04 20:57:18 OK   00015_source_schema_scope.sql (3.98ms)
2026/10/04 20:57:18 OK   00016_cluster_registration_metadata.sql (9.42ms)
2026/10/04 20:57:18 OK   00017_source_data_scope.sql (4.85ms)
2026/10/04 20:57:18 OK   00018_sp04_resources_evidence.sql (24.23ms)
2026/10/04 20:57:18 OK   00019_sp04_archive_ciphertext_bytes.sql (4.49ms)
2026/10/04 20:57:18 OK   00020_sp04_request_ledger.sql (3.96ms)
2026/10/04 20:57:18 OK   00021_sp04_archive_protection.sql (2.59ms)
2026/10/04 20:57:18 OK   00022_sp04_legal_hold_dependencies.sql (2.2ms)
2026/10/04 20:57:18 OK   00023_sp04_archive_query_intent.sql (2.35ms)
2026/10/04 20:57:18 OK   00024_sp05_finding_incident.sql (17.9ms)
2026/10/04 20:57:18 OK   00025_sp05_incident_event_time.sql (8.51ms)
2026/10/04 20:57:18 OK   00026_sp05_source_binding_lock.sql (6.77ms)
2026/10/04 20:57:18 OK   00027_sp05_rca_and_poll.sql (8.29ms)
2026/10/04 20:57:18 OK   00028_sp05_operator_lock.sql (9.41ms)
2026/10/04 20:57:18 OK   00029_sp05_evidence_links.sql (11.12ms)
2026/10/04 20:57:18 OK   00030_sp05_recipe_fence.sql (3.41ms)
2026/10/04 20:57:18 OK   00031_sp05_rca_postcheck.sql (2.95ms)
2026/10/04 20:57:18 OK   00032_sp05_transport_audit.sql (3.64ms)
2026/10/04 20:57:18 OK   00033_sp05_poll_resolution_clock.sql (6.87ms)
2026/10/04 20:57:18 OK   00034_sp06_investigation_ledger.sql (22.15ms)
2026/10/04 20:57:18 OK   00035_sp06_admission_data_classes.sql (2.85ms)
2026/10/04 20:57:18 goose: successfully migrated database to version: 35
--- PASS: TestSP05FirstHealthyPollDurablyFencesLateAndRepeatedFiring (0.53s)
=== RUN   TestSP05EarlierHealthySampleCannotResolveActiveOccurrence
2026/10/04 20:57:19 OK   00001_roles_and_schemas.sql (11.93ms)
2026/10/04 20:57:19 goose: successfully migrated database to version: 1
2026/10/04 20:57:19 OK   00002_platform_meta.sql (14.92ms)
2026/10/04 20:57:19 OK   00003_finding.sql (12.61ms)
2026/10/04 20:57:19 OK   00004_incident.sql (6.01ms)
2026/10/04 20:57:19 OK   00005_investigation.sql (5.42ms)
2026/10/04 20:57:19 OK   00006_action_command.sql (10.12ms)
2026/10/04 20:57:19 OK   00007_audit.sql (13.62ms)
2026/10/04 20:57:19 OK   00008_rls.sql (11.68ms)
2026/10/04 20:57:19 OK   00009_idempotency_ledger.sql (10.48ms)
2026/10/04 20:57:19 OK   00010_tenant_provisioning.sql (4.54ms)
2026/10/04 20:57:19 OK   00011_source_registration_history.sql (6.23ms)
2026/10/04 20:57:19 OK   00012_config_registry_lifecycle.sql (13.33ms)
2026/10/04 20:57:19 OK   00013_audit_signed_segments.sql (20.88ms)
2026/10/04 20:57:19 OK   00014_audit_segment_predecessors.sql (11.08ms)
2026/10/04 20:57:19 OK   00015_source_schema_scope.sql (11.07ms)
2026/10/04 20:57:19 OK   00016_cluster_registration_metadata.sql (4.16ms)
2026/10/04 20:57:19 OK   00017_source_data_scope.sql (6.03ms)
2026/10/04 20:57:19 OK   00018_sp04_resources_evidence.sql (11.61ms)
2026/10/04 20:57:19 OK   00019_sp04_archive_ciphertext_bytes.sql (3.23ms)
2026/10/04 20:57:19 OK   00020_sp04_request_ledger.sql (13.89ms)
2026/10/04 20:57:19 OK   00021_sp04_archive_protection.sql (8.42ms)
2026/10/04 20:57:19 OK   00022_sp04_legal_hold_dependencies.sql (3.86ms)
2026/10/04 20:57:19 OK   00023_sp04_archive_query_intent.sql (3.32ms)
2026/10/04 20:57:19 OK   00024_sp05_finding_incident.sql (27.87ms)
2026/10/04 20:57:19 OK   00025_sp05_incident_event_time.sql (2.33ms)
2026/10/04 20:57:19 OK   00026_sp05_source_binding_lock.sql (7.2ms)
2026/10/04 20:57:19 OK   00027_sp05_rca_and_poll.sql (7.98ms)
2026/10/04 20:57:19 OK   00028_sp05_operator_lock.sql (7.26ms)
2026/10/04 20:57:19 OK   00029_sp05_evidence_links.sql (5.4ms)
2026/10/04 20:57:19 OK   00030_sp05_recipe_fence.sql (3.2ms)
2026/10/04 20:57:19 OK   00031_sp05_rca_postcheck.sql (2.87ms)
2026/10/04 20:57:19 OK   00032_sp05_transport_audit.sql (4.43ms)
2026/10/04 20:57:19 OK   00033_sp05_poll_resolution_clock.sql (9.1ms)
2026/10/04 20:57:19 OK   00034_sp06_investigation_ledger.sql (19.78ms)
2026/10/04 20:57:19 OK   00035_sp06_admission_data_classes.sql (3.4ms)
2026/10/04 20:57:19 goose: successfully migrated database to version: 35
--- PASS: TestSP05EarlierHealthySampleCannotResolveActiveOccurrence (0.53s)
PASS
ok  	ops-platform/test/integration	4.006s
