=== RUN   TestSP05OfficialObservationsActualOrbStackAndControlledProbeFailure
2026/10/04 20:58:32 OK   00001_roles_and_schemas.sql (8.59ms)
2026/10/04 20:58:32 goose: successfully migrated database to version: 1
2026/10/04 20:58:32 OK   00002_platform_meta.sql (15.72ms)
2026/10/04 20:58:32 OK   00003_finding.sql (18.92ms)
2026/10/04 20:58:32 OK   00004_incident.sql (4.42ms)
2026/10/04 20:58:32 OK   00005_investigation.sql (7.68ms)
2026/10/04 20:58:32 OK   00006_action_command.sql (6.04ms)
2026/10/04 20:58:32 OK   00007_audit.sql (15.21ms)
2026/10/04 20:58:32 OK   00008_rls.sql (15.18ms)
2026/10/04 20:58:32 OK   00009_idempotency_ledger.sql (17.76ms)
2026/10/04 20:58:32 OK   00010_tenant_provisioning.sql (4.94ms)
2026/10/04 20:58:32 OK   00011_source_registration_history.sql (8.47ms)
2026/10/04 20:58:32 OK   00012_config_registry_lifecycle.sql (8.86ms)
2026/10/04 20:58:32 OK   00013_audit_signed_segments.sql (10.74ms)
2026/10/04 20:58:32 OK   00014_audit_segment_predecessors.sql (5.34ms)
2026/10/04 20:58:32 OK   00015_source_schema_scope.sql (3.98ms)
2026/10/04 20:58:32 OK   00016_cluster_registration_metadata.sql (3.97ms)
2026/10/04 20:58:32 OK   00017_source_data_scope.sql (3.59ms)
2026/10/04 20:58:32 OK   00018_sp04_resources_evidence.sql (13.41ms)
2026/10/04 20:58:32 OK   00019_sp04_archive_ciphertext_bytes.sql (4.12ms)
2026/10/04 20:58:32 OK   00020_sp04_request_ledger.sql (6.56ms)
2026/10/04 20:58:32 OK   00021_sp04_archive_protection.sql (2.91ms)
2026/10/04 20:58:32 OK   00022_sp04_legal_hold_dependencies.sql (2.48ms)
2026/10/04 20:58:32 OK   00023_sp04_archive_query_intent.sql (3.36ms)
2026/10/04 20:58:32 OK   00024_sp05_finding_incident.sql (19.12ms)
2026/10/04 20:58:32 OK   00025_sp05_incident_event_time.sql (4.54ms)
2026/10/04 20:58:32 OK   00026_sp05_source_binding_lock.sql (4.13ms)
2026/10/04 20:58:32 OK   00027_sp05_rca_and_poll.sql (5.94ms)
2026/10/04 20:58:32 OK   00028_sp05_operator_lock.sql (3.53ms)
2026/10/04 20:58:32 OK   00029_sp05_evidence_links.sql (9.89ms)
2026/10/04 20:58:32 OK   00030_sp05_recipe_fence.sql (10.05ms)
2026/10/04 20:58:32 OK   00031_sp05_rca_postcheck.sql (6.87ms)
2026/10/04 20:58:32 OK   00032_sp05_transport_audit.sql (3.45ms)
2026/10/04 20:58:32 OK   00033_sp05_poll_resolution_clock.sql (3.13ms)
2026/10/04 20:58:32 OK   00034_sp06_investigation_ledger.sql (38.32ms)
2026/10/04 20:58:32 OK   00035_sp06_admission_data_classes.sql (3.6ms)
2026/10/04 20:58:32 goose: successfully migrated database to version: 35
    archive_iam_test.go:41: owned TLS/IAM fixture image=docker.io/chrislusf/seaweedfs@sha256:d4cf67729aa8777e1a43a5b61d72e5b96179e4b7bac9a221cb14cbc2036cb32e id=1a498872a94f3412914333a64cc8ecf8f413d9e566282a476bd895499ef69289 bucket=sp05-golden-800847a8 tenants=1
    sp05_official_observations_test.go:112: actual native official read report: {ProbeAvailable:true MetricAvailable:true Candidates:3 DegradedSources:[]} (Metrics availability is observed, never a performance measurement)
    sp05_official_observations_test.go:117: LIVE METRICS: actual authorized positive read; healthy samples correctly do not invent a firing Finding.
    sp05_official_observations_test.go:229: LIVE METRICS RECOVERY: actual Metrics-server -> fenced native Node UID/capacity -> official Inspection -> resolved Finding -> encrypted versioned Evidence readback. Previous firing was controlled protocol input; no live high-utilization or final cold delivery claim.
    sp05_official_observations_test.go:259: positive versioned Metrics transport Fixture -> real Node UID/auth fence -> unified Finding -> real Incident and immutable Evidence; Fixture thresholds do not prove live high-utilization symptoms
    sp05_official_observations_test.go:267: real OrbStack native Node/source -> official probe -> unified ingestion -> real PostgreSQL Incident and OpenBao/SeaweedFS archive; isolated HTTP 503/403 observation fault, real native recovery and source withdrawal; no shared API outage injected
--- PASS: TestSP05OfficialObservationsActualOrbStackAndControlledProbeFailure (35.77s)
PASS
ok  	ops-platform/test/integration	36.926s
