=== RUN   TestSP05OfficialObservationsActualOrbStackAndControlledProbeFailure
2026/10/04 20:54:06 OK   00001_roles_and_schemas.sql (13.1ms)
2026/10/04 20:54:06 goose: successfully migrated database to version: 1
2026/10/04 20:54:06 OK   00002_platform_meta.sql (16.68ms)
2026/10/04 20:54:06 OK   00003_finding.sql (13.31ms)
2026/10/04 20:54:06 OK   00004_incident.sql (5.92ms)
2026/10/04 20:54:06 OK   00005_investigation.sql (6.54ms)
2026/10/04 20:54:06 OK   00006_action_command.sql (7.26ms)
2026/10/04 20:54:06 OK   00007_audit.sql (24.43ms)
2026/10/04 20:54:06 OK   00008_rls.sql (11.99ms)
2026/10/04 20:54:06 OK   00009_idempotency_ledger.sql (16.21ms)
2026/10/04 20:54:06 OK   00010_tenant_provisioning.sql (6.04ms)
2026/10/04 20:54:06 OK   00011_source_registration_history.sql (6.39ms)
2026/10/04 20:54:06 OK   00012_config_registry_lifecycle.sql (14.44ms)
2026/10/04 20:54:06 OK   00013_audit_signed_segments.sql (10.67ms)
2026/10/04 20:54:06 OK   00014_audit_segment_predecessors.sql (5.07ms)
2026/10/04 20:54:06 OK   00015_source_schema_scope.sql (2.86ms)
2026/10/04 20:54:06 OK   00016_cluster_registration_metadata.sql (7.83ms)
2026/10/04 20:54:06 OK   00017_source_data_scope.sql (11.01ms)
2026/10/04 20:54:06 OK   00018_sp04_resources_evidence.sql (14.36ms)
2026/10/04 20:54:06 OK   00019_sp04_archive_ciphertext_bytes.sql (2.89ms)
2026/10/04 20:54:06 OK   00020_sp04_request_ledger.sql (8.77ms)
2026/10/04 20:54:06 OK   00021_sp04_archive_protection.sql (9.58ms)
2026/10/04 20:54:06 OK   00022_sp04_legal_hold_dependencies.sql (6.42ms)
2026/10/04 20:54:06 OK   00023_sp04_archive_query_intent.sql (3.35ms)
2026/10/04 20:54:06 OK   00024_sp05_finding_incident.sql (18.01ms)
2026/10/04 20:54:06 OK   00025_sp05_incident_event_time.sql (3.71ms)
2026/10/04 20:54:06 OK   00026_sp05_source_binding_lock.sql (3.65ms)
2026/10/04 20:54:06 OK   00027_sp05_rca_and_poll.sql (10.4ms)
2026/10/04 20:54:06 OK   00028_sp05_operator_lock.sql (2.65ms)
2026/10/04 20:54:06 OK   00029_sp05_evidence_links.sql (21.15ms)
2026/10/04 20:54:06 OK   00030_sp05_recipe_fence.sql (4.2ms)
2026/10/04 20:54:06 OK   00031_sp05_rca_postcheck.sql (3.53ms)
2026/10/04 20:54:06 OK   00032_sp05_transport_audit.sql (3.71ms)
2026/10/04 20:54:06 OK   00033_sp05_poll_resolution_clock.sql (3.96ms)
2026/10/04 20:54:06 OK   00034_sp06_investigation_ledger.sql (29.19ms)
2026/10/04 20:54:06 OK   00035_sp06_admission_data_classes.sql (3.84ms)
2026/10/04 20:54:06 goose: successfully migrated database to version: 35
    archive_iam_test.go:41: owned TLS/IAM fixture image=docker.io/chrislusf/seaweedfs@sha256:d4cf67729aa8777e1a43a5b61d72e5b96179e4b7bac9a221cb14cbc2036cb32e id=8c2a82b7e9852649fa001418863635b4c99f5dc843c4b0b6a0a6e77f313f06e8 bucket=sp05-golden-c41bc6c5 tenants=1
    sp05_official_observations_test.go:112: actual native official read report: {ProbeAvailable:true MetricAvailable:true Candidates:3 DegradedSources:[]} (Metrics availability is observed, never a performance measurement)
    sp05_official_observations_test.go:137: actual NodeMetrics -> Finding/Evidence missing: 0
--- FAIL: TestSP05OfficialObservationsActualOrbStackAndControlledProbeFailure (6.51s)
FAIL
FAIL	ops-platform/test/integration	7.494s
FAIL
