=== RUN   TestMigrationsAndRoles
2026/10/04 20:14:39 OK   00001_roles_and_schemas.sql (13.79ms)
2026/10/04 20:14:39 goose: successfully migrated database to version: 1
2026/10/04 20:14:39 OK   00002_platform_meta.sql (14.19ms)
2026/10/04 20:14:39 OK   00003_finding.sql (6.1ms)
2026/10/04 20:14:39 OK   00004_incident.sql (6.42ms)
2026/10/04 20:14:39 OK   00005_investigation.sql (6.4ms)
2026/10/04 20:14:39 OK   00006_action_command.sql (5.26ms)
2026/10/04 20:14:39 OK   00007_audit.sql (22.3ms)
2026/10/04 20:14:39 OK   00008_rls.sql (8.7ms)
2026/10/04 20:14:40 OK   00009_idempotency_ledger.sql (9.71ms)
2026/10/04 20:14:40 OK   00010_tenant_provisioning.sql (5.14ms)
2026/10/04 20:14:40 OK   00011_source_registration_history.sql (6.19ms)
2026/10/04 20:14:40 OK   00012_config_registry_lifecycle.sql (13.87ms)
2026/10/04 20:14:40 OK   00013_audit_signed_segments.sql (11.1ms)
2026/10/04 20:14:40 OK   00014_audit_segment_predecessors.sql (5.34ms)
2026/10/04 20:14:40 OK   00015_source_schema_scope.sql (2.53ms)
2026/10/04 20:14:40 OK   00016_cluster_registration_metadata.sql (6.16ms)
2026/10/04 20:14:40 OK   00017_source_data_scope.sql (3.75ms)
2026/10/04 20:14:40 OK   00018_sp04_resources_evidence.sql (13.73ms)
2026/10/04 20:14:40 OK   00019_sp04_archive_ciphertext_bytes.sql (3.25ms)
2026/10/04 20:14:40 OK   00020_sp04_request_ledger.sql (7.15ms)
2026/10/04 20:14:40 OK   00021_sp04_archive_protection.sql (7.53ms)
2026/10/04 20:14:40 OK   00022_sp04_legal_hold_dependencies.sql (4.38ms)
2026/10/04 20:14:40 OK   00023_sp04_archive_query_intent.sql (3.29ms)
2026/10/04 20:14:40 OK   00024_sp05_finding_incident.sql (16.71ms)
2026/10/04 20:14:40 OK   00025_sp05_incident_event_time.sql (5.15ms)
2026/10/04 20:14:40 OK   00026_sp05_source_binding_lock.sql (8.4ms)
2026/10/04 20:14:40 OK   00027_sp05_rca_and_poll.sql (10.14ms)
2026/10/04 20:14:40 OK   00028_sp05_operator_lock.sql (3.71ms)
2026/10/04 20:14:40 OK   00029_sp05_evidence_links.sql (5.54ms)
2026/10/04 20:14:40 OK   00030_sp05_recipe_fence.sql (4.29ms)
2026/10/04 20:14:40 OK   00031_sp05_rca_postcheck.sql (6.69ms)
2026/10/04 20:14:40 OK   00032_sp05_transport_audit.sql (6.17ms)
2026/10/04 20:14:40 OK   00033_sp05_poll_resolution_clock.sql (5.64ms)
2026/10/04 20:14:40 OK   00034_sp06_investigation_ledger.sql (15.74ms)
2026/10/04 20:14:40 OK   00035_sp06_admission_data_classes.sql (3.54ms)
2026/10/04 20:14:40 goose: successfully migrated database to version: 35
--- PASS: TestMigrationsAndRoles (0.50s)
=== RUN   TestPreSP07FirstTenantBootstrapIsAtomicAndOneTime
2026/10/04 20:14:40 OK   00001_roles_and_schemas.sql (22.45ms)
2026/10/04 20:14:40 goose: successfully migrated database to version: 1
2026/10/04 20:14:40 OK   00002_platform_meta.sql (15.17ms)
2026/10/04 20:14:40 OK   00003_finding.sql (7.36ms)
2026/10/04 20:14:40 OK   00004_incident.sql (4.24ms)
2026/10/04 20:14:40 OK   00005_investigation.sql (12.28ms)
2026/10/04 20:14:40 OK   00006_action_command.sql (7.75ms)
2026/10/04 20:14:40 OK   00007_audit.sql (7.26ms)
2026/10/04 20:14:40 OK   00008_rls.sql (18.29ms)
2026/10/04 20:14:40 OK   00009_idempotency_ledger.sql (6.44ms)
2026/10/04 20:14:40 OK   00010_tenant_provisioning.sql (5.79ms)
2026/10/04 20:14:40 OK   00011_source_registration_history.sql (14.53ms)
2026/10/04 20:14:40 OK   00012_config_registry_lifecycle.sql (8.28ms)
2026/10/04 20:14:40 OK   00013_audit_signed_segments.sql (11.18ms)
2026/10/04 20:14:40 OK   00014_audit_segment_predecessors.sql (8.46ms)
2026/10/04 20:14:40 OK   00015_source_schema_scope.sql (3.27ms)
2026/10/04 20:14:40 OK   00016_cluster_registration_metadata.sql (11.06ms)
2026/10/04 20:14:40 OK   00017_source_data_scope.sql (10.9ms)
2026/10/04 20:14:40 OK   00018_sp04_resources_evidence.sql (14.99ms)
2026/10/04 20:14:40 OK   00019_sp04_archive_ciphertext_bytes.sql (3.96ms)
2026/10/04 20:14:40 OK   00020_sp04_request_ledger.sql (6.31ms)
2026/10/04 20:14:40 OK   00021_sp04_archive_protection.sql (3.71ms)
2026/10/04 20:14:40 OK   00022_sp04_legal_hold_dependencies.sql (3.57ms)
2026/10/04 20:14:40 OK   00023_sp04_archive_query_intent.sql (2.85ms)
2026/10/04 20:14:40 OK   00024_sp05_finding_incident.sql (23.66ms)
2026/10/04 20:14:40 OK   00025_sp05_incident_event_time.sql (2.51ms)
2026/10/04 20:14:40 OK   00026_sp05_source_binding_lock.sql (3.4ms)
2026/10/04 20:14:40 OK   00027_sp05_rca_and_poll.sql (15.04ms)
2026/10/04 20:14:40 OK   00028_sp05_operator_lock.sql (3.36ms)
2026/10/04 20:14:40 OK   00029_sp05_evidence_links.sql (5.79ms)
2026/10/04 20:14:40 OK   00030_sp05_recipe_fence.sql (3.91ms)
2026/10/04 20:14:40 OK   00031_sp05_rca_postcheck.sql (2.39ms)
2026/10/04 20:14:40 OK   00032_sp05_transport_audit.sql (7.93ms)
2026/10/04 20:14:40 OK   00033_sp05_poll_resolution_clock.sql (12.22ms)
2026/10/04 20:14:40 OK   00034_sp06_investigation_ledger.sql (16.62ms)
2026/10/04 20:14:40 OK   00035_sp06_admission_data_classes.sql (9.39ms)
2026/10/04 20:14:40 goose: successfully migrated database to version: 35
    pre_sp07_bootstrap_test.go:79: actual forward migration, runtime bootstrap denial, concurrent one-time bootstrap, empty operator scopes and same-transaction Audit verified
--- PASS: TestPreSP07FirstTenantBootstrapIsAtomicAndOneTime (0.53s)
=== RUN   TestRuntimeDatabaseLoginCannotRegainOwnerOrOtherProcess
2026/10/04 20:14:40 OK   00001_roles_and_schemas.sql (12.36ms)
2026/10/04 20:14:40 OK   00002_platform_meta.sql (21.62ms)
2026/10/04 20:14:40 OK   00003_finding.sql (12.53ms)
2026/10/04 20:14:40 OK   00004_incident.sql (6.01ms)
2026/10/04 20:14:40 OK   00005_investigation.sql (6.42ms)
2026/10/04 20:14:40 OK   00006_action_command.sql (5.66ms)
2026/10/04 20:14:40 OK   00007_audit.sql (7.45ms)
2026/10/04 20:14:40 OK   00008_rls.sql (8.81ms)
2026/10/04 20:14:40 OK   00009_idempotency_ledger.sql (12.82ms)
2026/10/04 20:14:40 OK   00010_tenant_provisioning.sql (3.06ms)
2026/10/04 20:14:40 OK   00011_source_registration_history.sql (6.57ms)
2026/10/04 20:14:40 OK   00012_config_registry_lifecycle.sql (8.07ms)
2026/10/04 20:14:41 OK   00013_audit_signed_segments.sql (14.28ms)
2026/10/04 20:14:41 OK   00014_audit_segment_predecessors.sql (6.88ms)
2026/10/04 20:14:41 OK   00015_source_schema_scope.sql (4.07ms)
2026/10/04 20:14:41 OK   00016_cluster_registration_metadata.sql (3.69ms)
2026/10/04 20:14:41 OK   00017_source_data_scope.sql (4.05ms)
2026/10/04 20:14:41 OK   00018_sp04_resources_evidence.sql (13.9ms)
2026/10/04 20:14:41 OK   00019_sp04_archive_ciphertext_bytes.sql (4.39ms)
2026/10/04 20:14:41 OK   00020_sp04_request_ledger.sql (7.67ms)
2026/10/04 20:14:41 OK   00021_sp04_archive_protection.sql (4.28ms)
2026/10/04 20:14:41 OK   00022_sp04_legal_hold_dependencies.sql (2.99ms)
2026/10/04 20:14:41 OK   00023_sp04_archive_query_intent.sql (3.51ms)
2026/10/04 20:14:41 OK   00024_sp05_finding_incident.sql (28.74ms)
2026/10/04 20:14:41 OK   00025_sp05_incident_event_time.sql (3.41ms)
2026/10/04 20:14:41 OK   00026_sp05_source_binding_lock.sql (3.91ms)
2026/10/04 20:14:41 OK   00027_sp05_rca_and_poll.sql (11.99ms)
2026/10/04 20:14:41 OK   00028_sp05_operator_lock.sql (3.28ms)
2026/10/04 20:14:41 OK   00029_sp05_evidence_links.sql (9.03ms)
2026/10/04 20:14:41 OK   00030_sp05_recipe_fence.sql (6.17ms)
2026/10/04 20:14:41 OK   00031_sp05_rca_postcheck.sql (13.51ms)
2026/10/04 20:14:41 OK   00032_sp05_transport_audit.sql (6.74ms)
2026/10/04 20:14:41 OK   00033_sp05_poll_resolution_clock.sql (5.26ms)
2026/10/04 20:14:41 OK   00034_sp06_investigation_ledger.sql (25.51ms)
2026/10/04 20:14:41 OK   00035_sp06_admission_data_classes.sql (3.96ms)
2026/10/04 20:14:41 goose: successfully migrated database to version: 35
    runtime_pool_test.go:31: runtime database is unavailable or privileges are invalid
--- FAIL: TestRuntimeDatabaseLoginCannotRegainOwnerOrOtherProcess (0.43s)
FAIL
FAIL	ops-platform/test/integration	2.573s
FAIL
