=== RUN   TestMigrationsAndRoles
2026/10/04 20:17:19 OK   00001_roles_and_schemas.sql (13.32ms)
2026/10/04 20:17:19 goose: successfully migrated database to version: 1
2026/10/04 20:17:19 OK   00002_platform_meta.sql (14.12ms)
2026/10/04 20:17:19 OK   00003_finding.sql (19.8ms)
2026/10/04 20:17:19 OK   00004_incident.sql (5.24ms)
2026/10/04 20:17:19 OK   00005_investigation.sql (11.99ms)
2026/10/04 20:17:19 OK   00006_action_command.sql (9.66ms)
2026/10/04 20:17:19 OK   00007_audit.sql (11.2ms)
2026/10/04 20:17:19 OK   00008_rls.sql (7.83ms)
2026/10/04 20:17:19 OK   00009_idempotency_ledger.sql (9.33ms)
2026/10/04 20:17:19 OK   00010_tenant_provisioning.sql (5.01ms)
2026/10/04 20:17:19 OK   00011_source_registration_history.sql (5.54ms)
2026/10/04 20:17:19 OK   00012_config_registry_lifecycle.sql (8.37ms)
2026/10/04 20:17:19 OK   00013_audit_signed_segments.sql (21.78ms)
2026/10/04 20:17:19 OK   00014_audit_segment_predecessors.sql (6.47ms)
2026/10/04 20:17:19 OK   00015_source_schema_scope.sql (3.61ms)
2026/10/04 20:17:19 OK   00016_cluster_registration_metadata.sql (4.64ms)
2026/10/04 20:17:19 OK   00017_source_data_scope.sql (3.08ms)
2026/10/04 20:17:19 OK   00018_sp04_resources_evidence.sql (22.89ms)
2026/10/04 20:17:19 OK   00019_sp04_archive_ciphertext_bytes.sql (2.61ms)
2026/10/04 20:17:19 OK   00020_sp04_request_ledger.sql (14.82ms)
2026/10/04 20:17:19 OK   00021_sp04_archive_protection.sql (3.68ms)
2026/10/04 20:17:19 OK   00022_sp04_legal_hold_dependencies.sql (4.01ms)
2026/10/04 20:17:19 OK   00023_sp04_archive_query_intent.sql (3.02ms)
2026/10/04 20:17:19 OK   00024_sp05_finding_incident.sql (31.14ms)
2026/10/04 20:17:19 OK   00025_sp05_incident_event_time.sql (5.2ms)
2026/10/04 20:17:19 OK   00026_sp05_source_binding_lock.sql (4.48ms)
2026/10/04 20:17:19 OK   00027_sp05_rca_and_poll.sql (9.99ms)
2026/10/04 20:17:19 OK   00028_sp05_operator_lock.sql (3.69ms)
2026/10/04 20:17:19 OK   00029_sp05_evidence_links.sql (4.37ms)
2026/10/04 20:17:19 OK   00030_sp05_recipe_fence.sql (3.56ms)
2026/10/04 20:17:19 OK   00031_sp05_rca_postcheck.sql (3.78ms)
2026/10/04 20:17:19 OK   00032_sp05_transport_audit.sql (3.56ms)
2026/10/04 20:17:19 OK   00033_sp05_poll_resolution_clock.sql (4.06ms)
2026/10/04 20:17:19 OK   00034_sp06_investigation_ledger.sql (22.15ms)
2026/10/04 20:17:19 OK   00035_sp06_admission_data_classes.sql (5.68ms)
2026/10/04 20:17:19 goose: successfully migrated database to version: 35
--- PASS: TestMigrationsAndRoles (0.54s)
=== RUN   TestPreSP07FirstTenantBootstrapIsAtomicAndOneTime
2026/10/04 20:17:19 OK   00001_roles_and_schemas.sql (28ms)
2026/10/04 20:17:19 goose: successfully migrated database to version: 1
2026/10/04 20:17:19 OK   00002_platform_meta.sql (35.58ms)
2026/10/04 20:17:19 OK   00003_finding.sql (18.72ms)
2026/10/04 20:17:19 OK   00004_incident.sql (12.92ms)
2026/10/04 20:17:19 OK   00005_investigation.sql (5.22ms)
2026/10/04 20:17:19 OK   00006_action_command.sql (4.44ms)
2026/10/04 20:17:19 OK   00007_audit.sql (25.27ms)
2026/10/04 20:17:19 OK   00008_rls.sql (27.82ms)
2026/10/04 20:17:19 OK   00009_idempotency_ledger.sql (5.43ms)
2026/10/04 20:17:19 OK   00010_tenant_provisioning.sql (3.48ms)
2026/10/04 20:17:20 OK   00011_source_registration_history.sql (27.84ms)
2026/10/04 20:17:20 OK   00012_config_registry_lifecycle.sql (30.95ms)
2026/10/04 20:17:20 OK   00013_audit_signed_segments.sql (8.71ms)
2026/10/04 20:17:20 OK   00014_audit_segment_predecessors.sql (27.47ms)
2026/10/04 20:17:20 OK   00015_source_schema_scope.sql (2.82ms)
2026/10/04 20:17:20 OK   00016_cluster_registration_metadata.sql (3.49ms)
2026/10/04 20:17:20 OK   00017_source_data_scope.sql (28.9ms)
2026/10/04 20:17:20 OK   00018_sp04_resources_evidence.sql (11.54ms)
2026/10/04 20:17:20 OK   00019_sp04_archive_ciphertext_bytes.sql (3.38ms)
2026/10/04 20:17:20 OK   00020_sp04_request_ledger.sql (4.47ms)
2026/10/04 20:17:20 OK   00021_sp04_archive_protection.sql (3.38ms)
2026/10/04 20:17:20 OK   00022_sp04_legal_hold_dependencies.sql (30.28ms)
2026/10/04 20:17:20 OK   00023_sp04_archive_query_intent.sql (3.51ms)
2026/10/04 20:17:20 OK   00024_sp05_finding_incident.sql (21.28ms)
2026/10/04 20:17:20 OK   00025_sp05_incident_event_time.sql (7.14ms)
2026/10/04 20:17:20 OK   00026_sp05_source_binding_lock.sql (4.5ms)
2026/10/04 20:17:20 OK   00027_sp05_rca_and_poll.sql (12.76ms)
2026/10/04 20:17:20 OK   00028_sp05_operator_lock.sql (4.7ms)
2026/10/04 20:17:20 OK   00029_sp05_evidence_links.sql (5.64ms)
2026/10/04 20:17:20 OK   00030_sp05_recipe_fence.sql (3.43ms)
2026/10/04 20:17:20 OK   00031_sp05_rca_postcheck.sql (2.67ms)
2026/10/04 20:17:20 OK   00032_sp05_transport_audit.sql (2.53ms)
2026/10/04 20:17:20 OK   00033_sp05_poll_resolution_clock.sql (10.8ms)
2026/10/04 20:17:20 OK   00034_sp06_investigation_ledger.sql (24.17ms)
2026/10/04 20:17:20 OK   00035_sp06_admission_data_classes.sql (5.36ms)
2026/10/04 20:17:20 goose: successfully migrated database to version: 35
    pre_sp07_bootstrap_test.go:79: actual forward migration, runtime bootstrap denial, concurrent one-time bootstrap, empty operator scopes and same-transaction Audit verified
--- PASS: TestPreSP07FirstTenantBootstrapIsAtomicAndOneTime (0.79s)
=== RUN   TestRuntimeDatabaseLoginCannotRegainOwnerOrOtherProcess
2026/10/04 20:17:20 OK   00001_roles_and_schemas.sql (12.03ms)
2026/10/04 20:17:20 OK   00002_platform_meta.sql (17.59ms)
2026/10/04 20:17:20 OK   00003_finding.sql (6.94ms)
2026/10/04 20:17:20 OK   00004_incident.sql (5.57ms)
2026/10/04 20:17:20 OK   00005_investigation.sql (8.65ms)
2026/10/04 20:17:20 OK   00006_action_command.sql (6.02ms)
2026/10/04 20:17:20 OK   00007_audit.sql (8.31ms)
2026/10/04 20:17:20 OK   00008_rls.sql (9.71ms)
2026/10/04 20:17:20 OK   00009_idempotency_ledger.sql (14.36ms)
2026/10/04 20:17:20 OK   00010_tenant_provisioning.sql (5.08ms)
2026/10/04 20:17:20 OK   00011_source_registration_history.sql (7.33ms)
2026/10/04 20:17:20 OK   00012_config_registry_lifecycle.sql (14.62ms)
2026/10/04 20:17:20 OK   00013_audit_signed_segments.sql (13.67ms)
2026/10/04 20:17:20 OK   00014_audit_segment_predecessors.sql (6.6ms)
2026/10/04 20:17:20 OK   00015_source_schema_scope.sql (3.62ms)
2026/10/04 20:17:20 OK   00016_cluster_registration_metadata.sql (3.65ms)
2026/10/04 20:17:20 OK   00017_source_data_scope.sql (11.37ms)
2026/10/04 20:17:20 OK   00018_sp04_resources_evidence.sql (17.52ms)
2026/10/04 20:17:20 OK   00019_sp04_archive_ciphertext_bytes.sql (3.72ms)
2026/10/04 20:17:20 OK   00020_sp04_request_ledger.sql (10.6ms)
2026/10/04 20:17:20 OK   00021_sp04_archive_protection.sql (3.37ms)
2026/10/04 20:17:20 OK   00022_sp04_legal_hold_dependencies.sql (6.13ms)
2026/10/04 20:17:20 OK   00023_sp04_archive_query_intent.sql (3.87ms)
2026/10/04 20:17:20 OK   00024_sp05_finding_incident.sql (23.98ms)
2026/10/04 20:17:20 OK   00025_sp05_incident_event_time.sql (3.16ms)
2026/10/04 20:17:20 OK   00026_sp05_source_binding_lock.sql (4.85ms)
2026/10/04 20:17:20 OK   00027_sp05_rca_and_poll.sql (16.9ms)
2026/10/04 20:17:20 OK   00028_sp05_operator_lock.sql (7.08ms)
2026/10/04 20:17:20 OK   00029_sp05_evidence_links.sql (7ms)
2026/10/04 20:17:20 OK   00030_sp05_recipe_fence.sql (9.84ms)
2026/10/04 20:17:20 OK   00031_sp05_rca_postcheck.sql (3.26ms)
2026/10/04 20:17:20 OK   00032_sp05_transport_audit.sql (8.1ms)
2026/10/04 20:17:20 OK   00033_sp05_poll_resolution_clock.sql (5.26ms)
2026/10/04 20:17:20 OK   00034_sp06_investigation_ledger.sql (24.9ms)
2026/10/04 20:17:20 OK   00035_sp06_admission_data_classes.sql (5.91ms)
2026/10/04 20:17:20 goose: successfully migrated database to version: 35
--- PASS: TestRuntimeDatabaseLoginCannotRegainOwnerOrOtherProcess (0.46s)
PASS
ok  	ops-platform/test/integration	3.057s
