2026/10/05 13:28:09 OK   00002_platform_meta.sql (24.35ms)
2026/10/05 13:28:09 OK   00003_finding.sql (9.24ms)
2026/10/05 13:28:09 OK   00004_incident.sql (14.19ms)
2026/10/05 13:28:09 OK   00005_investigation.sql (8.56ms)
2026/10/05 13:28:09 OK   00006_action_command.sql (4.89ms)
2026/10/05 13:28:09 OK   00007_audit.sql (8.33ms)
2026/10/05 13:28:09 OK   00008_rls.sql (8.27ms)
2026/10/05 13:28:09 OK   00009_idempotency_ledger.sql (7.27ms)
2026/10/05 13:28:09 OK   00010_tenant_provisioning.sql (5.48ms)
2026/10/05 13:28:09 OK   00011_source_registration_history.sql (5.21ms)
2026/10/05 13:28:09 OK   00012_config_registry_lifecycle.sql (5.88ms)
2026/10/05 13:28:09 OK   00013_audit_signed_segments.sql (12.56ms)
2026/10/05 13:28:09 OK   00014_audit_segment_predecessors.sql (8.2ms)
2026/10/05 13:28:09 OK   00015_source_schema_scope.sql (3.64ms)
2026/10/05 13:28:09 OK   00016_cluster_registration_metadata.sql (3.91ms)
2026/10/05 13:28:09 OK   00017_source_data_scope.sql (2.6ms)
2026/10/05 13:28:09 OK   00018_sp04_resources_evidence.sql (10.89ms)
2026/10/05 13:28:09 OK   00019_sp04_archive_ciphertext_bytes.sql (2.91ms)
2026/10/05 13:28:09 OK   00020_sp04_request_ledger.sql (7.35ms)
2026/10/05 13:28:09 OK   00021_sp04_archive_protection.sql (3.49ms)
2026/10/05 13:28:09 OK   00022_sp04_legal_hold_dependencies.sql (7.19ms)
2026/10/05 13:28:09 OK   00023_sp04_archive_query_intent.sql (4.15ms)
2026/10/05 13:28:09 OK   00024_sp05_finding_incident.sql (12.02ms)
2026/10/05 13:28:09 OK   00025_sp05_incident_event_time.sql (2.5ms)
2026/10/05 13:28:09 OK   00026_sp05_source_binding_lock.sql (4.17ms)
2026/10/05 13:28:09 OK   00027_sp05_rca_and_poll.sql (11.23ms)
2026/10/05 13:28:09 OK   00028_sp05_operator_lock.sql (3.31ms)
2026/10/05 13:28:09 OK   00029_sp05_evidence_links.sql (5.49ms)
2026/10/05 13:28:09 OK   00030_sp05_recipe_fence.sql (3.66ms)
2026/10/05 13:28:09 OK   00031_sp05_rca_postcheck.sql (2.24ms)
2026/10/05 13:28:09 OK   00032_sp05_transport_audit.sql (3.32ms)
2026/10/05 13:28:09 OK   00033_sp05_poll_resolution_clock.sql (2.83ms)
2026/10/05 13:28:09 OK   00034_sp06_investigation_ledger.sql (14.93ms)
2026/10/05 13:28:09 OK   00035_sp06_admission_data_classes.sql (2.72ms)
2026/10/05 13:28:09 goose: successfully migrated database to version: 35
