2026/10/05 06:57:25 OK   00002_platform_meta.sql (14.61ms)
2026/10/05 06:57:25 OK   00003_finding.sql (18.51ms)
2026/10/05 06:57:25 OK   00004_incident.sql (7.98ms)
2026/10/05 06:57:25 OK   00005_investigation.sql (6.41ms)
2026/10/05 06:57:25 OK   00006_action_command.sql (5.04ms)
2026/10/05 06:57:25 OK   00007_audit.sql (5.8ms)
2026/10/05 06:57:25 OK   00008_rls.sql (6.44ms)
2026/10/05 06:57:25 OK   00009_idempotency_ledger.sql (14.74ms)
2026/10/05 06:57:25 OK   00010_tenant_provisioning.sql (4.61ms)
2026/10/05 06:57:25 OK   00011_source_registration_history.sql (6.37ms)
2026/10/05 06:57:25 OK   00012_config_registry_lifecycle.sql (6.24ms)
2026/10/05 06:57:25 OK   00013_audit_signed_segments.sql (5.17ms)
2026/10/05 06:57:25 OK   00014_audit_segment_predecessors.sql (3.87ms)
2026/10/05 06:57:25 OK   00015_source_schema_scope.sql (2.12ms)
2026/10/05 06:57:25 OK   00016_cluster_registration_metadata.sql (3.14ms)
2026/10/05 06:57:25 OK   00017_source_data_scope.sql (6.5ms)
2026/10/05 06:57:25 OK   00018_sp04_resources_evidence.sql (14.7ms)
2026/10/05 06:57:25 OK   00019_sp04_archive_ciphertext_bytes.sql (2.9ms)
2026/10/05 06:57:25 OK   00020_sp04_request_ledger.sql (4.03ms)
2026/10/05 06:57:25 OK   00021_sp04_archive_protection.sql (1.97ms)
2026/10/05 06:57:25 OK   00022_sp04_legal_hold_dependencies.sql (2.27ms)
2026/10/05 06:57:25 OK   00023_sp04_archive_query_intent.sql (3.47ms)
2026/10/05 06:57:25 OK   00024_sp05_finding_incident.sql (20.72ms)
2026/10/05 06:57:25 OK   00025_sp05_incident_event_time.sql (2.25ms)
2026/10/05 06:57:25 OK   00026_sp05_source_binding_lock.sql (2.69ms)
2026/10/05 06:57:25 OK   00027_sp05_rca_and_poll.sql (4.42ms)
2026/10/05 06:57:25 OK   00028_sp05_operator_lock.sql (2.53ms)
2026/10/05 06:57:25 OK   00029_sp05_evidence_links.sql (8.74ms)
2026/10/05 06:57:25 OK   00030_sp05_recipe_fence.sql (14.46ms)
2026/10/05 06:57:25 OK   00031_sp05_rca_postcheck.sql (1.75ms)
2026/10/05 06:57:25 OK   00032_sp05_transport_audit.sql (1.89ms)
2026/10/05 06:57:25 OK   00033_sp05_poll_resolution_clock.sql (2.44ms)
2026/10/05 06:57:25 OK   00034_sp06_investigation_ledger.sql (11.22ms)
2026/10/05 06:57:25 OK   00035_sp06_admission_data_classes.sql (3.31ms)
2026/10/05 06:57:25 goose: successfully migrated database to version: 35
