/Users/mssc/.local/state/ops/pre-sp07-20261004/materials/deepflow/binary-binding-r1/ecapture: go1.21.5
	path	github.com/gojue/ecapture
	mod	github.com/gojue/ecapture	(devel)	
	dep	github.com/avast/retry-go	v3.0.0+incompatible	h1:4SOWQ7Qs+oroOTQOYnAHqelpCO0biHSxpiH9JdtuBj0=
	dep	github.com/cilium/ebpf	v0.12.3	h1:8ht6F9MquybnY97at+VDZb3eQQr8ev79RueWeVaEcG4=
	dep	github.com/cloudflare/cbpfc	v0.0.0-20230809125630-31aa294050ff	h1:SLLG1soGN/PYTXkYWiR1PAxWlP1URBvgZPYymC5+0WI=
	dep	github.com/florianl/go-tc	v0.4.3	h1:xpobG2gFNvEqbclU07zjddALSjqTQTWJkxg5/kRYDpw=
	dep	github.com/gabriel-vasile/mimetype	v1.4.3	h1:in2uUcidCuFcDKtdcBxlR0rJ1+fsokWf+uqxgUFjbI0=
	dep	github.com/gin-contrib/sse	v0.1.0	h1:Y/yl/+YNO8GZSjAhjMsSuLt29uWRFHdHYUb5lYOV9qE=
	dep	github.com/gin-gonic/gin	v1.10.0	h1:nTuyha1TYqgedzytsKYqna+DfLos46nTv2ygFy86HFU=
	dep	github.com/go-playground/locales	v0.14.1	h1:EWaQ/wswjilfKLTECiXz7Rh+3BjFhfDFKv/oXslEjJA=
	dep	github.com/go-playground/universal-translator	v0.18.1	h1:Bcnm0ZwsGyWbCzImXv+pAJnYK9S473LQFuzCbDbfSFY=
	dep	github.com/go-playground/validator/v10	v10.20.0	h1:K9ISHbSaI0lyB2eWMPJo+kOS/FBExVwjEviJTixqxL8=
	dep	github.com/gojue/ebpfmanager	v0.4.5	h1:1sf/k16Dh9rnnbp5gCGn58RoRl/Z/jtYS0DzwLGXmFs=
	dep	github.com/google/gopacket	v1.1.19
	=>	github.com/cfc4n/gopacket	v1.1.20	h1:jTdmP93F+wCvLaJPk9AhwVjY2F5J4BFkk9MhXzg+5dA=
	
	dep	github.com/hashicorp/errwrap	v1.0.0	h1:hLrqtEDnRye3+sgx6z4qVLNuviH3MR5aQ0ykNJa/UYA=
	dep	github.com/hashicorp/go-multierror	v1.1.1	h1:H5DkEtf6CXdFp0N0Em5UCwQpXMWke8IA0+lD48awMYo=
	dep	github.com/josharian/native	v1.1.0	h1:uuaP0hAbW7Y4l0ZRQ6C9zfb7Mg1mbFKry/xzDAfmtLA=
	dep	github.com/jschwinger233/elibpcap	v0.0.0-20231010035657-e99300096f5e	h1:UpDAKPdosPU3cCr8pZepHsirJjMlowczu/ACb2/xK4Q=
	dep	github.com/leodido/go-urn	v1.4.0	h1:WT9HwE9SGECu3lg4d/dIA+jxlljEa1/ffXKmRjqdmIQ=
	dep	github.com/mattn/go-colorable	v0.1.13	h1:fFA4WZxdEF4tXPZVKMLwD8oUnCTTo08duU7wxecdEvA=
	dep	github.com/mattn/go-isatty	v0.0.20	h1:xfD0iDuEKnDkl03q4limB+vH+GxLEtL/jb4xVJSWWEY=
	dep	github.com/mdlayher/netlink	v1.7.1	h1:FdUaT/e33HjEXagwELR8R3/KL1Fq5x3G5jgHLp/BTmg=
	dep	github.com/mdlayher/socket	v0.4.0	h1:280wsy40IC9M9q1uPGcLBwXpcTQDtoGwVt+BNoITxIw=
	dep	github.com/pelletier/go-toml/v2	v2.2.2	h1:aYUidT7k73Pcl9nb2gScu7NSrKCSHIDE89b3+6Wq+LM=
	dep	github.com/pkg/errors	v0.9.1	h1:FEBLx1zS214owpjy7qsBeixbURkuhQAwrK5UwLGTwt4=
	dep	github.com/rs/zerolog	v1.32.0	h1:keLypqrlIjaFsbmJOBdB/qvyF8KEtCWHwobLp5l/mQ0=
	dep	github.com/shuLhan/go-bindata	v4.0.0+incompatible	h1:xD8LkuVZLV5OOn/IEuFdt6EEAW7deWiqgwaaSGhjAJc=
	dep	github.com/spf13/cobra	v1.8.0	h1:7aJaZx1B85qltLMc546zn58BxxfZdR/W22ej9CFoEf0=
	dep	github.com/spf13/pflag	v1.0.5	h1:iy+VFUOCP1a+8yFto/drg2CJ5u0yRoB7fZw3DKv/JXA=
	dep	github.com/ugorji/go/codec	v1.2.12	h1:9LC83zGrHhuUA9l16C9AHXAqEV/2wBQ4nkvumAE65EE=
	dep	github.com/vishvananda/netlink	v1.1.0	h1:1iyaYNBLmP6L0220aDnYQpo1QEV4t4hJ+xEEhhJH8j0=
	dep	github.com/vishvananda/netns	v0.0.0-20210104183010-2eb08e3e575f	h1:p4VB7kIXpOQvVn1ZaTIVp+3vuYAXFe3OJEvjbUYJLaA=
	dep	golang.org/x/arch	v0.8.0	h1:3wRIsP3pM4yUptoR96otTUOXI367OS0+c9eeRi9doIc=
	dep	golang.org/x/crypto	v0.23.0	h1:dIJU/v2J8Mdglj/8rJ6UUOM3Zc9zLZxVZwwxMooUSAI=
	dep	golang.org/x/exp	v0.0.0-20230224173230-c95f2b4c22f2	h1:Jvc7gsqn21cJHCmAWx0LiimpP18LZmUxkT5Mp7EZ1mI=
	dep	golang.org/x/net	v0.25.0	h1:d/OCCoBEUq33pjydKrGQhw7IlUPI2Oylr+8qLx49kac=
	dep	golang.org/x/sync	v0.1.0	h1:wsuoTGHzEhffawBOhz5CYhcrV4IdKZbEyZjBMuTp12o=
	dep	golang.org/x/sys	v0.20.0	h1:Od9JTbYCk261bKm4M/mw7AklTlFYIa0bIp9BgSm1S8Y=
	dep	golang.org/x/text	v0.15.0	h1:h1V/4gjBv8v9cjcR6+AR5+/cIYK5N/WAgiv4xlsEtAk=
	dep	google.golang.org/protobuf	v1.34.1	h1:9ddQBjfCyZPOHPUiPxpYESBLc+T8P3E+Vo4IbKZgFWg=
	dep	gopkg.in/yaml.v3	v3.0.1	h1:fxVm/GzAzEWqLHuvctI91KS9hhNmmWOoWu0XTYJS7CA=
	build	-buildmode=exe
	build	-compiler=gc
	build	-ldflags="-w -s -X 'github.com/gojue/ecapture/cli/cmd.GitVersion=linux_arm64:v0.8.2:6.5.0-1021-azure' -linkmode=external -extldflags -static "
	build	-tags=linux
	build	CGO_ENABLED=1
	build	CGO_CFLAGS="-O2 -g -gdwarf-4 -I/home/runner/work/ecapture/ecapture/lib/libpcap/"
	build	CGO_CPPFLAGS=
	build	CGO_CXXFLAGS=
	build	CGO_LDFLAGS="-O2 -g -L/home/runner/work/ecapture/ecapture/lib/libpcap/ -lpcap -static"
	build	GOARCH=arm64
	build	GOOS=linux
	build	vcs=git
	build	vcs.revision=43241a06327eebcdb8c4270433c65953423d80a4
	build	vcs.time=2024-05-19T13:41:15Z
	build	vcs.modified=true
