/Users/mssc/.local/state/ops/pre-sp07-20261004/materials/deepflow/binary-binding-r1/diagnostics: go1.19.10
	path	github.com/ClickHouse/ClickHouse/programs/diagnostics/cmd/clickhouse-diagnostics
	mod	github.com/ClickHouse/ClickHouse/programs/diagnostics	(devel)	
	dep	github.com/ClickHouse/clickhouse-go/v2	v2.0.12	h1:Nbl/NZwoM6LGJm7smNBgvtdr/rxjlIssSW3eG/Nmb9E=
	dep	github.com/Masterminds/semver	v1.5.0	h1:H65muMkzWKEuNDnfl9d70GUjFniHKHRbFPGBuZ3QEww=
	dep	github.com/andybalholm/brotli	v1.0.4	h1:V7DdXeJtZscaqfNuAdSRuRFzuiKlHSC/Zh3zl9qY3JY=
	dep	github.com/bmatcuk/doublestar/v4	v4.0.2	h1:X0krlUVAVmtr2cRoTqR8aDMrDqnB36ht8wpWTiQ3jsA=
	dep	github.com/dsnet/compress	v0.0.1	h1:PlZu0n3Tuv04TzpfPbrnI0HW/YwodEXDS+oPKahKF0Q=
	dep	github.com/elastic/gosigar	v0.14.2	h1:Dg80n8cr90OZ7x+bAax/QjoW/XqTI11RmA79ZwIm9/4=
	dep	github.com/fsnotify/fsnotify	v1.5.4	h1:jRbGcIw6P2Meqdwuo0H1p6JVLbL5DHKAKlYndzMwVZI=
	dep	github.com/ghodss/yaml	v1.0.0	h1:wQHKEahhL6wmXdzwWG11gIVCkOv05bNOh+Rxn0yngAk=
	dep	github.com/golang/snappy	v0.0.4	h1:yAGX7huGHXlcLOEtBnF4w7FQwA26wojNCwOYAEhLjQM=
	dep	github.com/google/shlex	v0.0.0-20191202100458-e7afc7fbc510	h1:El6M4kTTCOh6aBiKaUGG7oYTSPP8MxqL4YI3kZKwcP4=
	dep	github.com/google/uuid	v1.3.0	h1:t6JiXgmwXMjEs8VusXIJk2BXHsn+wx8BZdTaoZ5fu7I=
	dep	github.com/hashicorp/hcl	v1.0.0	h1:0Anlzjpi4vEasTeNFn2mLJgTSwt0+6sfsiTG8qcWGx4=
	dep	github.com/jaypipes/ghw	v0.8.0	h1:02q1pTm9CD83vuhBsEZZhOCS128pq87uyaQeJZkp3sQ=
	dep	github.com/jaypipes/pcidb	v0.6.0	h1:VIM7GKVaW4qba30cvB67xSCgJPTzkG8Kzw/cbs5PHWU=
	dep	github.com/klauspost/compress	v1.13.6	h1:P76CopJELS0TiO2mebmnzgWaajssP/EszplttgQxcgc=
	dep	github.com/klauspost/pgzip	v1.2.5	h1:qnWYvvKqedOF2ulHpMG72XQol4ILEJ8k2wwRl/Km8oE=
	dep	github.com/magiconair/properties	v1.8.7	h1:IeQXZAiQcpL9mgcAe1Nu6cX9LLw6ExEHKjN0VQdvPDY=
	dep	github.com/matishsiao/goInfo	v0.0.0-20210923090445-da2e3fa8d45f	h1:B0OD7nYl2FPQEVrw8g2uyc1lGEzNbvrKh7fspGZcbvY=
	dep	github.com/mattn/go-runewidth	v0.0.9	h1:Lm995f3rfxdpd6TSmuVCHVb/QhupuXlYr8sCI/QdE+0=
	dep	github.com/mholt/archiver/v4	v4.0.0-alpha.4	h1:QJ4UuWgavPynEX3LXxClHDRGzYcgcvTtAMp8az7spuw=
	dep	github.com/mitchellh/go-homedir	v1.1.0	h1:lukF9ziXFxDFPkA1vsr5zpc1XuPDn/wFntq5mG+4E0Y=
	dep	github.com/mitchellh/mapstructure	v1.4.3	h1:OVowDSCllw/YjdLkam3/sm7wEtOy59d8ndGgCcyj8cs=
	dep	github.com/nwaples/rardecode/v2	v2.0.0-beta.2	h1:e3mzJFJs4k83GXBEiTaQ5HgSc/kOK8q0rDaRO0MPaOk=
	dep	github.com/olekukonko/tablewriter	v0.0.5	h1:P2Ga83D34wi1o9J6Wh1mRuqd4mF/x/lgBS7N7AbDhec=
	dep	github.com/paulmach/orb	v0.4.0	h1:ilp1MQjRapLJ1+qcays1nZpe0mvkCY+b8JU/qBKRZ1A=
	dep	github.com/pelletier/go-toml	v1.9.5	h1:4yBQzkHv+7BHq2PQUZF3Mx0IYxG7LsP222s7Agd3ve8=
	dep	github.com/pierrec/lz4/v4	v4.1.14	h1:+fL8AQEZtz/ijeNnpduH0bROTu0O3NZAlPjQxGn8LwE=
	dep	github.com/pkg/errors	v0.9.1	h1:FEBLx1zS214owpjy7qsBeixbURkuhQAwrK5UwLGTwt4=
	dep	github.com/rs/zerolog	v1.26.1	h1:/ihwxqH+4z8UxyI70wM1z9yCvkWcfz/a3mj48k/Zngc=
	dep	github.com/shopspring/decimal	v1.3.1	h1:2Usl1nmF/WZucqkFZhnfFYxxxu8LG21F6nPQBE5gKV8=
	dep	github.com/spf13/afero	v1.8.0	h1:5MmtuhAgYeU6qpa7w7bP0dv6MBYuup0vekhSpSkoq60=
	dep	github.com/spf13/cast	v1.4.1	h1:s0hze+J0196ZfEMTs80N7UlFt0BDuQ7Q+JDnHiMWKdA=
	dep	github.com/spf13/cobra	v1.3.0	h1:R7cSvGu+Vv+qX0gW5R/85dx2kmmJT5z5NM8ifdYjdn0=
	dep	github.com/spf13/jwalterweatherman	v1.1.0	h1:ue6voC5bR5F8YxI5S67j9i582FU4Qvo2bmqnqMYADFk=
	dep	github.com/spf13/pflag	v1.0.5	h1:iy+VFUOCP1a+8yFto/drg2CJ5u0yRoB7fZw3DKv/JXA=
	dep	github.com/spf13/viper	v1.10.1	h1:nuJZuYpG7gTj/XqiUwg8bA0cp1+M2mC3J4g5luUYBKk=
	dep	github.com/subosito/gotenv	v1.2.0	h1:Slr1R9HxAlEKefgq5jn9U+DnETlIUa6HfgEzj0g5d7s=
	dep	github.com/therootcompany/xz	v1.0.1	h1:CmOtsn1CbtmyYiusbfmhmkpAAETj0wBIH6kCYaX+xzw=
	dep	github.com/ulikunitz/xz	v0.5.10	h1:t92gobL9l3HE202wg3rlk19F6X+JOxl9BBrCCMYEYd8=
	dep	github.com/yargevad/filepathx	v1.0.0	h1:SYcT+N3tYGi+NvazubCNlvgIPbzAk7i7y2dwg3I5FYc=
	dep	go.opentelemetry.io/otel	v1.4.1	h1:QbINgGDDcoQUoMJa2mMaWno49lja9sHwp6aoa2n3a4g=
	dep	go.opentelemetry.io/otel/trace	v1.4.1	h1:O+16qcdTrT7zxv2J6GejTPFinSwA++cYerC5iSiF8EQ=
	dep	golang.org/x/sys	v0.5.0	h1:MUK/U/4lj1t1oPg0HfuXDN/Z1wv31ZJ/YcPiGccS4DU=
	dep	golang.org/x/text	v0.7.0	h1:4BRB4x83lYWy72KwLD/qYDuTu7q9PjSagHvijDw7cLo=
	dep	gopkg.in/ini.v1	v1.66.2	h1:XfR1dOYubytKy4Shzc2LHrrGhU0lDCfDGG1yLPmpgsI=
	dep	gopkg.in/yaml.v2	v2.4.0	h1:D8xgwECY7CYvx+Y2n4sBz93Jn9JRvxdiyyo8CTfuKaY=
	dep	gopkg.in/yaml.v3	v3.0.1	h1:fxVm/GzAzEWqLHuvctI91KS9hhNmmWOoWu0XTYJS7CA=
	build	-compiler=gc
	build	-ldflags="-X github.com/ClickHouse/ClickHouse/programs/diagnostics/cmd.Version=23.10.4.25 -X github.com/ClickHouse/ClickHouse/programs/diagnostics/cmd.Commit=330fd687d"
	build	CGO_ENABLED=0
	build	GOARCH=arm64
	build	GOOS=linux
	build	vcs=git
	build	vcs.revision=330fd687d41e2b6a3adb8920bcb2a39c1330e9af
	build	vcs.time=2023-11-16T22:38:14Z
	build	vcs.modified=true
