go: downloading k8s.io/apiserver v0.33.2
go: downloading k8s.io/client-go v0.33.2
go: downloading k8s.io/component-base v0.33.2
go: downloading github.com/spf13/cobra v1.9.1
go: downloading github.com/spf13/pflag v1.0.6
go: downloading k8s.io/api v0.33.2
go: downloading k8s.io/klog/v2 v2.130.1
go: downloading k8s.io/apimachinery v0.33.2
go: downloading github.com/moby/term v0.5.0
go: downloading github.com/coreos/go-systemd/v22 v22.5.0
go: downloading github.com/emicklei/go-restful/v3 v3.11.0
go: downloading github.com/google/uuid v1.6.0
go: downloading golang.org/x/crypto v0.38.0
go: downloading golang.org/x/net v0.40.0
go: downloading golang.org/x/time v0.11.0
go: downloading gopkg.in/evanphx/json-patch.v4 v4.12.0
go: downloading k8s.io/kube-openapi v0.0.0-20250318190949-c8a335a9a2ff
go: downloading k8s.io/utils v0.0.0-20241104100929-3ea5e8cea738
go: downloading github.com/google/go-cmp v0.7.0
go: downloading go.opentelemetry.io/otel v1.35.0
go: downloading github.com/go-logr/logr v1.4.2
go: downloading go.opentelemetry.io/otel/exporters/otlp/otlptrace/otlptracegrpc v1.35.0
go: downloading go.opentelemetry.io/otel/sdk v1.35.0
go: downloading go.opentelemetry.io/otel/metric v1.35.0
go: downloading golang.org/x/sys v0.33.0
go: downloading go.opentelemetry.io/otel/exporters/otlp/otlptrace v1.35.0
go: downloading google.golang.org/grpc v1.72.0
go: downloading gopkg.in/natefinch/lumberjack.v2 v2.2.1
go: downloading k8s.io/metrics v0.33.2
go: downloading github.com/gogo/protobuf v1.3.2
go: downloading github.com/pkg/errors v0.9.1
go: downloading sigs.k8s.io/randfill v1.0.0
go: downloading sigs.k8s.io/structured-merge-diff/v4 v4.6.0
go: downloading github.com/fxamacker/cbor/v2 v2.7.0
go: downloading sigs.k8s.io/yaml v1.4.0
go: downloading github.com/google/cel-go v0.23.2
go: downloading go.opentelemetry.io/otel/trace v1.35.0
go: downloading go.opentelemetry.io/contrib/instrumentation/net/http/otelhttp v0.60.0
go: downloading github.com/fsnotify/fsnotify v1.8.0
go: downloading sigs.k8s.io/apiserver-network-proxy/konnectivity-client v0.31.2
go: downloading github.com/munnerz/goautoneg v0.0.0-20191010083416-a7dc8b61c822
go: downloading golang.org/x/term v0.32.0
go: downloading github.com/NYTimes/gziphandler v1.1.1
go: downloading github.com/google/gnostic-models v0.6.9
go: downloading google.golang.org/protobuf v1.36.6
go: downloading gopkg.in/inf.v0 v0.9.1
go: downloading github.com/go-logr/zapr v1.3.0
go: downloading go.uber.org/zap v1.27.0
go: downloading github.com/go-openapi/jsonreference v0.21.0
go: downloading github.com/go-openapi/swag v0.23.0
go: downloading k8s.io/kms v0.33.2
go: downloading github.com/grpc-ecosystem/go-grpc-prometheus v1.2.0
go: downloading go.etcd.io/etcd/client/pkg/v3 v3.5.21
go: downloading go.etcd.io/etcd/client/v3 v3.5.21
go: downloading go.opentelemetry.io/contrib/instrumentation/google.golang.org/grpc/otelgrpc v0.58.0
go: downloading golang.org/x/oauth2 v0.30.0
go: downloading github.com/blang/semver/v4 v4.0.0
go: downloading github.com/prometheus/client_golang v1.22.0
go: downloading github.com/prometheus/client_model v0.6.2
go: downloading github.com/prometheus/procfs v0.15.1
go: downloading github.com/prometheus/prometheus v0.304.2
go: downloading go.opentelemetry.io/proto/otlp v1.5.0
go: downloading google.golang.org/genproto/googleapis/rpc v0.0.0-20250414145226-207652e42e2e
go: downloading sigs.k8s.io/json v0.0.0-20241010143419-9aa6b5e7a4b3
go: downloading gopkg.in/yaml.v3 v3.0.1
go: downloading github.com/x448/float16 v0.8.4
go: downloading github.com/json-iterator/go v1.1.12
go: downloading google.golang.org/genproto/googleapis/api v0.0.0-20250303144028-a0af3efb3deb
go: downloading golang.org/x/sync v0.14.0
go: downloading github.com/felixge/httpsnoop v1.0.4
go: downloading cel.dev/expr v0.20.0
go: downloading github.com/stoewer/go-strcase v1.3.0
go: downloading github.com/mailru/easyjson v0.7.7
go: downloading golang.org/x/text v0.25.0
go: downloading github.com/go-openapi/jsonpointer v0.21.0
go: downloading go.uber.org/multierr v1.11.0
go: downloading github.com/google/btree v1.1.3
go: downloading go.etcd.io/etcd/api/v3 v3.5.21
go: downloading go.opentelemetry.io/auto/sdk v1.1.0
go: downloading github.com/go-logr/stdr v1.2.2
go: downloading github.com/cenkalti/backoff/v4 v4.3.0
go: downloading github.com/grpc-ecosystem/grpc-gateway/v2 v2.26.3
go: downloading github.com/beorn7/perks v1.0.1
go: downloading github.com/cespare/xxhash/v2 v2.3.0
go: downloading github.com/prometheus/common v0.65.0
go: downloading github.com/modern-go/concurrent v0.0.0-20180306012644-bacd9c7ef1dd
go: downloading github.com/modern-go/reflect2 v1.0.2
go: downloading github.com/antlr4-go/antlr/v4 v4.13.0
go: downloading github.com/davecgh/go-spew v1.1.2-0.20180830191138-d8f796af33cc
go: downloading github.com/josharian/intern v1.0.0
go: downloading github.com/golang/protobuf v1.5.4
go: downloading github.com/coreos/go-semver v0.3.1
go: downloading github.com/kylelemons/godebug v1.1.0
go: downloading golang.org/x/exp v0.0.0-20250106191152-7588d65b2ba8
go: downloading github.com/grafana/regexp v0.0.0-20240518133315-a468a5bfb3bc
# k8s.io/client-go/informers/flowcontrol/v1
compile: writing output: write $WORK/b687/_pkg_.a: no space left on device
k8s.io/client-go/informers/flowcontrol/v1beta3: write /tmp/go-build3541154101/b693/importcfg: no space left on device
k8s.io/client-go/informers/networking/v1: write /tmp/go-build3541154101/b696/importcfg: no space left on device
k8s.io/client-go/informers/networking/v1alpha1: write /tmp/go-build3541154101/b698/importcfg: no space left on device
k8s.io/client-go/informers/networking/v1beta1: write /tmp/go-build3541154101/b700/importcfg: no space left on device
# k8s.io/client-go/informers/events/v1beta1
compile: writing output: write $WORK/b681/_pkg_.a: no space left on device
k8s.io/client-go/informers/node/v1: write /tmp/go-build3541154101/b703/importcfg: no space left on device
k8s.io/client-go/informers/node/v1beta1: write /tmp/go-build3541154101/b707/importcfg: no space left on device
k8s.io/client-go/informers/node/v1alpha1: write /tmp/go-build3541154101/b705/importcfg: no space left on device
k8s.io/client-go/informers/policy/v1: write /tmp/go-build3541154101/b710/importcfg: no space left on device
k8s.io/client-go/informers/policy/v1beta1: write /tmp/go-build3541154101/b712/importcfg: no space left on device
k8s.io/client-go/informers/rbac/v1: write /tmp/go-build3541154101/b715/importcfg: no space left on device
k8s.io/client-go/informers/extensions: write /tmp/go-build3541154101/b683/importcfg: no space left on device
k8s.io/client-go/informers/rbac/v1beta1: write /tmp/go-build3541154101/b719/importcfg: no space left on device
k8s.io/client-go/informers/resource/v1alpha3: write /tmp/go-build3541154101/b722/importcfg: no space left on device
k8s.io/client-go/informers/rbac/v1alpha1: write /tmp/go-build3541154101/b717/importcfg: no space left on device
k8s.io/client-go/informers/resource/v1beta2: write /tmp/go-build3541154101/b726/importcfg: no space left on device
k8s.io/client-go/informers/scheduling/v1: write /tmp/go-build3541154101/b729/importcfg: no space left on device
k8s.io/client-go/informers/scheduling/v1alpha1: write /tmp/go-build3541154101/b731/importcfg: no space left on device
k8s.io/client-go/informers/scheduling/v1beta1: write /tmp/go-build3541154101/b733/importcfg: no space left on device
k8s.io/client-go/informers/storage/v1: write /tmp/go-build3541154101/b736/importcfg: no space left on device
k8s.io/client-go/informers/resource/v1beta1: write /tmp/go-build3541154101/b724/importcfg: no space left on device
k8s.io/client-go/informers/storagemigration/v1alpha1: write /tmp/go-build3541154101/b743/importcfg: no space left on device
k8s.io/client-go/informers/storage/v1beta1: write /tmp/go-build3541154101/b740/importcfg: no space left on device
k8s.io/apiserver/pkg/admission/plugin/policy/matching: write /tmp/go-build3541154101/b823/importcfg: no space left on device
k8s.io/client-go/informers/storage/v1alpha1: write /tmp/go-build3541154101/b738/importcfg: no space left on device
k8s.io/apiserver/pkg/admission/plugin/webhook: write /tmp/go-build3541154101/b830/importcfg: no space left on device
k8s.io/client-go/kubernetes/typed/node/v1/fake: write /tmp/go-build3541154101/b1015/importcfg: no space left on device
k8s.io/client-go/kubernetes/typed/node/v1beta1/fake: write /tmp/go-build3541154101/b1017/importcfg: no space left on device
k8s.io/client-go/kubernetes/typed/node/v1alpha1/fake: write /tmp/go-build3541154101/b1016/importcfg: no space left on device
k8s.io/client-go/kubernetes/typed/policy/v1beta1/fake: write /tmp/go-build3541154101/b1019/importcfg: no space left on device
k8s.io/client-go/kubernetes/typed/policy/v1/fake: write /tmp/go-build3541154101/b1018/importcfg: no space left on device
k8s.io/client-go/kubernetes/typed/rbac/v1/fake: write /tmp/go-build3541154101/b1020/importcfg: no space left on device
k8s.io/client-go/kubernetes/typed/rbac/v1alpha1/fake: write /tmp/go-build3541154101/b1021/importcfg: no space left on device
k8s.io/client-go/kubernetes/typed/resource/v1beta2/fake: write /tmp/go-build3541154101/b1025/importcfg: no space left on device
k8s.io/client-go/kubernetes/typed/rbac/v1beta1/fake: write /tmp/go-build3541154101/b1022/importcfg: no space left on device
k8s.io/client-go/kubernetes/typed/scheduling/v1alpha1/fake: write /tmp/go-build3541154101/b1027/importcfg: no space left on device
k8s.io/client-go/kubernetes/typed/resource/v1beta1/fake: write /tmp/go-build3541154101/b1024/importcfg: no space left on device
k8s.io/client-go/kubernetes/typed/scheduling/v1beta1/fake: write /tmp/go-build3541154101/b1028/importcfg: no space left on device
k8s.io/client-go/kubernetes/typed/storage/v1/fake: write /tmp/go-build3541154101/b1029/importcfg: no space left on device
k8s.io/client-go/kubernetes/typed/resource/v1alpha3/fake: write /tmp/go-build3541154101/b1023/importcfg: no space left on device
k8s.io/client-go/kubernetes/typed/scheduling/v1/fake: write /tmp/go-build3541154101/b1026/importcfg: no space left on device
k8s.io/client-go/kubernetes/typed/storage/v1beta1/fake: write /tmp/go-build3541154101/b1031/importcfg: no space left on device
k8s.io/client-go/kubernetes/typed/storagemigration/v1alpha1/fake: write /tmp/go-build3541154101/b1032/importcfg: no space left on device
k8s.io/apiserver/pkg/admission/plugin/policy/mutating/patch: write /tmp/go-build3541154101/b1033/importcfg: no space left on device
k8s.io/client-go/kubernetes/typed/storage/v1alpha1/fake: write /tmp/go-build3541154101/b1030/importcfg: no space left on device
k8s.io/apiserver/pkg/authentication/request/headerrequest: write /tmp/go-build3541154101/b1048/importcfg: no space left on device
go.etcd.io/etcd/api/v3/mvccpb: write /tmp/go-build3541154101/b1100/importcfg: no space left on device
k8s.io/apiserver/pkg/storageversion: write /tmp/go-build3541154101/b1090/importcfg: no space left on device
go.etcd.io/etcd/api/v3/membershippb: write /tmp/go-build3541154101/b1108/importcfg: no space left on device
k8s.io/client-go/tools/events: write /tmp/go-build3541154101/b1063/importcfg: no space left on device
go.etcd.io/etcd/api/v3/authpb: write /tmp/go-build3541154101/b1106/importcfg: no space left on device
go.etcd.io/etcd/client/v3/internal/resolver: write /tmp/go-build3541154101/b1129/importcfg: no space left on device
go.uber.org/zap/internal: write /tmp/go-build3541154101/b1118/importcfg: no space left on device
k8s.io/apiserver/pkg/apis/flowcontrol/bootstrap: write /tmp/go-build3541154101/b1137/importcfg: no space left on device
github.com/kylelemons/godebug/diff: write /tmp/go-build3541154101/b1145/importcfg: no space left on device
k8s.io/apiserver/pkg/server/mux: write /tmp/go-build3541154101/b1138/importcfg: no space left on device
k8s.io/apiserver/pkg/util/flowcontrol/format: write /tmp/go-build3541154101/b1153/importcfg: no space left on device
github.com/prometheus/client_golang/prometheus/testutil/promlint/validations: write /tmp/go-build3541154101/b1147/importcfg: no space left on device
# k8s.io/client-go/informers/core
compile: writing output: write $WORK/b670/_pkg_.a: no space left on device
k8s.io/apiserver/pkg/util/shufflesharding: write /tmp/go-build3541154101/b1152/importcfg: no space left on device
go.opentelemetry.io/contrib/instrumentation/google.golang.org/grpc/otelgrpc/internal: write /tmp/go-build3541154101/b1161/importcfg: no space left on device
k8s.io/apiserver/pkg/endpoints/discovery/aggregated: write /tmp/go-build3541154101/b1092/importcfg: no space left on device
github.com/grpc-ecosystem/go-grpc-prometheus: write /tmp/go-build3541154101/b1155/importcfg: no space left on device
go.etcd.io/etcd/client/pkg/v3/tlsutil: write /tmp/go-build3541154101/b1159/importcfg: no space left on device
k8s.io/apiserver/pkg/util/peerproxy/metrics: write /tmp/go-build3541154101/b1168/importcfg: no space left on device
k8s.io/component-base/metrics/prometheus/slis: write /tmp/go-build3541154101/b1165/importcfg: no space left on device
k8s.io/apiserver/pkg/storage/cacher/metrics: write /tmp/go-build3541154101/b1167/importcfg: no space left on device
github.com/NYTimes/gziphandler: write /tmp/go-build3541154101/b1175/importcfg: no space left on device
k8s.io/kube-openapi/pkg/schemamutation: write /tmp/go-build3541154101/b1173/importcfg: no space left on device
k8s.io/apiserver/pkg/storage/value/encrypt/identity: write /tmp/go-build3541154101/b1162/importcfg: no space left on device
k8s.io/component-base/logs/klogflags: write /tmp/go-build3541154101/b1183/importcfg: no space left on device
k8s.io/klog/v2/internal/verbosity: write /tmp/go-build3541154101/b1185/importcfg: no space left on device
k8s.io/component-base/zpages/httputil: write /tmp/go-build3541154101/b1188/importcfg: no space left on device
k8s.io/component-base/metrics/features: write /tmp/go-build3541154101/b1186/importcfg: no space left on device
k8s.io/kube-openapi/pkg/common/restfuladapter: write /tmp/go-build3541154101/b1170/importcfg: no space left on device
internal/profile: write /tmp/go-build3541154101/b1177/importcfg: no space left on device
go.opentelemetry.io/otel/semconv/internal: write /tmp/go-build3541154101/b1196/importcfg: no space left on device
gopkg.in/natefinch/lumberjack.v2: write /tmp/go-build3541154101/b1197/importcfg: no space left on device
k8s.io/apiserver/pkg/apis/audit/validation: write /tmp/go-build3541154101/b1199/importcfg: no space left on device
github.com/moby/term: write /tmp/go-build3541154101/b1192/importcfg: no space left on device
k8s.io/apiserver/pkg/authentication/cel: write /tmp/go-build3541154101/b1204/importcfg: no space left on device
runtime/pprof: write /tmp/go-build3541154101/b1178/importcfg: no space left on device
k8s.io/apiserver/pkg/authorization/union: write /tmp/go-build3541154101/b1207/importcfg: no space left on device
k8s.io/apiserver/pkg/authorization/cel: write /tmp/go-build3541154101/b1201/importcfg: no space left on device
k8s.io/apiserver/pkg/authorization/path: write /tmp/go-build3541154101/b1206/importcfg: no space left on device
github.com/google/btree: write /tmp/go-build3541154101/b1210/importcfg: no space left on device
k8s.io/apiserver/pkg/server/options/encryptionconfig/metrics: write /tmp/go-build3541154101/b1214/importcfg: no space left on device
k8s.io/apiserver/pkg/storage/cacher/progress: write /tmp/go-build3541154101/b1211/importcfg: no space left on device
golang.org/x/crypto/hkdf: write /tmp/go-build3541154101/b1216/importcfg: no space left on device
k8s.io/apiserver/pkg/storage/value/encrypt/envelope/metrics: write /tmp/go-build3541154101/b1218/importcfg: no space left on device
k8s.io/kms/pkg/util: write /tmp/go-build3541154101/b1220/importcfg: no space left on device
k8s.io/kms/apis/v2: write /tmp/go-build3541154101/b1223/importcfg: no space left on device
k8s.io/apiserver/pkg/storage/value/encrypt/envelope/kmsv2/v2: write /tmp/go-build3541154101/b1222/importcfg: no space left on device
k8s.io/apiserver/pkg/storage/value/encrypt/secretbox: write /tmp/go-build3541154101/b1225/importcfg: no space left on device
k8s.io/apiserver/pkg/storage/errors: write /tmp/go-build3541154101/b1212/importcfg: no space left on device
k8s.io/apiserver/plugin/pkg/audit/log: write /tmp/go-build3541154101/b1233/importcfg: no space left on device
k8s.io/apiserver/plugin/pkg/audit/buffered: write /tmp/go-build3541154101/b1232/importcfg: no space left on device
k8s.io/apiserver/pkg/apis/audit/install: write /tmp/go-build3541154101/b1236/importcfg: no space left on device
k8s.io/client-go/openapi/cached: write /tmp/go-build3541154101/b1238/importcfg: no space left on device
os/signal: write /tmp/go-build3541154101/b1189/importcfg: no space left on device
k8s.io/kms/apis/v1beta1: write /tmp/go-build3541154101/b1219/importcfg: no space left on device
github.com/go-logr/logr/slogr: write /tmp/go-build3541154101/b1243/importcfg: no space left on device
k8s.io/apiserver/plugin/pkg/audit/truncate: write /tmp/go-build3541154101/b1234/importcfg: no space left on device
k8s.io/client-go/restmapper: write /tmp/go-build3541154101/b1239/importcfg: no space left on device
k8s.io/component-base/metrics/prometheus/restclient: write /tmp/go-build3541154101/b1255/importcfg: no space left on device
k8s.io/client-go/metadata: write /tmp/go-build3541154101/b1252/importcfg: no space left on device
k8s.io/metrics/pkg/apis/metrics: write /tmp/go-build3541154101/b1245/importcfg: no space left on device
sigs.k8s.io/metrics-server/pkg/api/generated/openapi: write /tmp/go-build3541154101/b1248/importcfg: no space left on device
github.com/prometheus/prometheus/model/histogram: write /tmp/go-build3541154101/b1264/importcfg: no space left on device
k8s.io/client-go/metadata/metadatalister: write /tmp/go-build3541154101/b1254/importcfg: no space left on device
# k8s.io/client-go/informers/discovery
compile: writing output: write $WORK/b673/_pkg_.a: no space left on device
sigs.k8s.io/metrics-server/pkg/utils: write /tmp/go-build3541154101/b1269/importcfg: no space left on device
github.com/prometheus/prometheus/model/labels: write /tmp/go-build3541154101/b1261/importcfg: no space left on device
github.com/gogo/protobuf/types: write /tmp/go-build3541154101/b1259/importcfg: no space left on device
# k8s.io/client-go/informers/flowcontrol/v1beta1
compile: writing output: write $WORK/b689/_pkg_.a: no space left on device
# k8s.io/client-go/informers/flowcontrol/v1beta2
compile: writing output: write $WORK/b691/_pkg_.a: no space left on device
