2026-10-05T13:28:15.921Z [INFO]  core: successfully mounted: type=cubbyhole version="v2.7.0+builtin.bao" path=cubbyhole/ namespace="ID: root. Path: "
2026-10-05T13:28:15.921Z [INFO]  core: reading transactional auth mount table
2026-10-05T13:28:15.921Z [INFO]  core: successfully mounted: type=token version="v2.7.0+builtin.bao" path=token/ namespace="ID: root. Path: "
2026-10-05T13:28:15.921Z [INFO]  rollback: Starting the rollback manager with 256 workers
2026-10-05T13:28:15.921Z [INFO]  core: skipping lease restoration - standby
2026-10-05T13:28:15.921Z [INFO]  rollback: starting rollback manager
2026-10-05T13:28:15.921Z [INFO]  core: entities restored
2026-10-05T13:28:15.921Z [INFO]  core: groups restored
2026-10-05T13:28:15.922Z [INFO]  core: post-unseal setup complete
2026-10-05T13:28:15.920Z [INFO]  core: attempting leadership lock acquisition
2026-10-05T13:28:15.947Z [INFO]  storage.raft: election won: term=3 tally=1
2026-10-05T13:28:15.947Z [INFO]  storage.raft: entering leader state: leader="Node at ops-openbao.ops-pre-sp07-core-r4-20261005.svc:8201 [Leader]"
2026-10-05T13:28:15.983Z [INFO]  core: acquired lock, enabling active operation
2026-10-05T13:28:15.997Z [INFO]  core: pre-seal teardown starting
2026-10-05T13:28:15.997Z [INFO]  core: stopping raft active node
2026-10-05T13:28:15.997Z [INFO]  rollback: stopping rollback manager
2026-10-05T13:28:15.997Z [INFO]  core: pre-seal teardown complete
2026-10-05T13:28:15.997Z [INFO]  core: post-unseal setup starting
2026-10-05T13:28:15.998Z [INFO]  core: loaded wrapping token key
2026-10-05T13:28:15.998Z [INFO]  core: successfully setup plugin catalog: plugin-directory=""
2026-10-05T13:28:15.998Z [INFO]  core: reading transactional mount table
2026-10-05T13:28:15.999Z [INFO]  core: successfully mounted: type=identity version="v2.7.0+builtin.bao" path=identity/ namespace="ID: root. Path: "
2026-10-05T13:28:15.999Z [INFO]  core: successfully mounted: type=system version="v2.7.0+builtin.bao" path=sys/ namespace="ID: root. Path: "
2026-10-05T13:28:15.999Z [INFO]  core: successfully mounted: type=cubbyhole version="v2.7.0+builtin.bao" path=cubbyhole/ namespace="ID: root. Path: "
2026-10-05T13:28:16.000Z [INFO]  core: reading transactional auth mount table
2026-10-05T13:28:16.000Z [INFO]  core: successfully mounted: type=token version="v2.7.0+builtin.bao" path=token/ namespace="ID: root. Path: "
2026-10-05T13:28:16.000Z [INFO]  rollback: Starting the rollback manager with 256 workers
2026-10-05T13:28:16.001Z [INFO]  rollback: starting rollback manager
2026-10-05T13:28:16.001Z [INFO]  core: restoring leases
2026-10-05T13:28:16.001Z [INFO]  expiration: lease restore complete
2026-10-05T13:28:16.001Z [INFO]  core: entities restored
2026-10-05T13:28:16.001Z [INFO]  core: groups restored
2026-10-05T13:28:16.001Z [INFO]  core: starting raft active node
2026-10-05T13:28:16.001Z [INFO]  storage.raft: starting autopilot: config="&{false 0 10s 24h0m0s 1000 0 10s}" reconcile_interval=0s
2026-10-05T13:28:16.003Z [INFO]  core: usage gauge collection is disabled
2026-10-05T13:28:16.003Z [INFO]  core: post-unseal setup complete
2026-10-05T13:28:16.471Z [INFO]  http: TLS handshake error from 127.0.0.1:52214: EOF
2026-10-05T13:28:16.496Z [INFO]  core: successful mount: namespace="" path=transit/ type=transit version=""
2026-10-05T13:28:16.529Z [INFO]  secrets.pki.pki_8cda8cf2: 3f2cd5b0-2679-8426-b477-77d4e12cc0c0: succeeded in migrating to issuer storage version 2
2026-10-05T13:28:16.529Z [INFO]  core: successful mount: namespace="" path=pki/ type=pki version=""
2026-10-05T13:28:16.558Z [INFO]  secrets.ssh.ssh_7bad7db4: Performing SSH migration to new issuers layout
2026-10-05T13:28:16.558Z [INFO]  secrets.ssh.ssh_7bad7db4: Succeeded in migrating to issuer storage version 1
2026-10-05T13:28:16.570Z [INFO]  core: successful mount: namespace="" path=ssh/ type=ssh version=""
2026-10-05T13:28:16.610Z [INFO]  core: enabled credential backend: namespace="" path=kubernetes/ type=kubernetes version=""
2026-10-05T13:47:37.226Z [INFO]  http: TLS handshake error from 127.0.0.1:58306: EOF
