=== RUN   TestVictoriaTrustRejectsTargetAndCredentialSubstitution
--- PASS: TestVictoriaTrustRejectsTargetAndCredentialSubstitution (0.01s)
PASS
ok  	ops-platform/internal/bootstrap	0.631s
=== RUN   TestCurrentInstallationRequiresBothVictoriaSourcesAndQualifiedScope
=== RUN   TestCurrentInstallationRequiresBothVictoriaSourcesAndQualifiedScope/missing_log_source
=== RUN   TestCurrentInstallationRequiresBothVictoriaSourcesAndQualifiedScope/another_cluster
=== RUN   TestCurrentInstallationRequiresBothVictoriaSourcesAndQualifiedScope/unqualified_native_tenant
=== RUN   TestCurrentInstallationRequiresBothVictoriaSourcesAndQualifiedScope/missing_tenant_equality
=== RUN   TestCurrentInstallationRequiresBothVictoriaSourcesAndQualifiedScope/unsupported_probe_tool
=== RUN   TestCurrentInstallationRequiresBothVictoriaSourcesAndQualifiedScope/probe_window_expansion
=== RUN   TestCurrentInstallationRequiresBothVictoriaSourcesAndQualifiedScope/foreign_probe
=== RUN   TestCurrentInstallationRequiresBothVictoriaSourcesAndQualifiedScope/no_fact_sources
--- PASS: TestCurrentInstallationRequiresBothVictoriaSourcesAndQualifiedScope (0.02s)
    --- PASS: TestCurrentInstallationRequiresBothVictoriaSourcesAndQualifiedScope/missing_log_source (0.02s)
    --- PASS: TestCurrentInstallationRequiresBothVictoriaSourcesAndQualifiedScope/another_cluster (0.00s)
    --- PASS: TestCurrentInstallationRequiresBothVictoriaSourcesAndQualifiedScope/unqualified_native_tenant (0.00s)
    --- PASS: TestCurrentInstallationRequiresBothVictoriaSourcesAndQualifiedScope/missing_tenant_equality (0.00s)
    --- PASS: TestCurrentInstallationRequiresBothVictoriaSourcesAndQualifiedScope/unsupported_probe_tool (0.00s)
    --- PASS: TestCurrentInstallationRequiresBothVictoriaSourcesAndQualifiedScope/probe_window_expansion (0.00s)
    --- PASS: TestCurrentInstallationRequiresBothVictoriaSourcesAndQualifiedScope/foreign_probe (0.00s)
    --- PASS: TestCurrentInstallationRequiresBothVictoriaSourcesAndQualifiedScope/no_fact_sources (0.00s)
=== RUN   TestLockedVictoriaChartsRenderForOfflineInstaller
=== RUN   TestLockedVictoriaChartsRenderForOfflineInstaller/victoria-metrics
=== RUN   TestLockedVictoriaChartsRenderForOfflineInstaller/victoria-logs
=== RUN   TestLockedVictoriaChartsRenderForOfflineInstaller/vmalert
--- PASS: TestLockedVictoriaChartsRenderForOfflineInstaller (0.14s)
    --- PASS: TestLockedVictoriaChartsRenderForOfflineInstaller/victoria-metrics (0.05s)
    --- PASS: TestLockedVictoriaChartsRenderForOfflineInstaller/victoria-logs (0.05s)
    --- PASS: TestLockedVictoriaChartsRenderForOfflineInstaller/vmalert (0.05s)
=== RUN   TestCurrentVictoriaRequiresMatchingHTTPSAndCredentialProjections
--- PASS: TestCurrentVictoriaRequiresMatchingHTTPSAndCredentialProjections (0.00s)
=== RUN   TestOfficialVictoriaChartsCarryNativeTLSAndSeparatedClientTrust
=== RUN   TestOfficialVictoriaChartsCarryNativeTLSAndSeparatedClientTrust/victoria-metrics
=== RUN   TestOfficialVictoriaChartsCarryNativeTLSAndSeparatedClientTrust/victoria-logs
=== RUN   TestOfficialVictoriaChartsCarryNativeTLSAndSeparatedClientTrust/vmalert
--- PASS: TestOfficialVictoriaChartsCarryNativeTLSAndSeparatedClientTrust (0.16s)
    --- PASS: TestOfficialVictoriaChartsCarryNativeTLSAndSeparatedClientTrust/victoria-metrics (0.05s)
    --- PASS: TestOfficialVictoriaChartsCarryNativeTLSAndSeparatedClientTrust/victoria-logs (0.05s)
    --- PASS: TestOfficialVictoriaChartsCarryNativeTLSAndSeparatedClientTrust/vmalert (0.06s)
PASS
ok  	ops-platform/internal/bundle	1.790s
