=== RUN   TestGraphScopeGenerationAndFencing
--- PASS: TestGraphScopeGenerationAndFencing (0.00s)
=== RUN   TestObservationOnlyPreservesPublishedFactsAndGeneration
--- PASS: TestObservationOnlyPreservesPublishedFactsAndGeneration (0.00s)
=== RUN   TestLeaseRecoveryFailsClosedForUnknownFloorLiveHolderAndCAS
=== RUN   TestLeaseRecoveryFailsClosedForUnknownFloorLiveHolderAndCAS/unknown-floor
=== RUN   TestLeaseRecoveryFailsClosedForUnknownFloorLiveHolderAndCAS/live-holder
=== RUN   TestLeaseRecoveryFailsClosedForUnknownFloorLiveHolderAndCAS/wrong-cluster
=== RUN   TestLeaseRecoveryFailsClosedForUnknownFloorLiveHolderAndCAS/native-CAS-conflict
=== RUN   TestLeaseRecoveryFailsClosedForUnknownFloorLiveHolderAndCAS/receipt-failure
=== RUN   TestLeaseRecoveryFailsClosedForUnknownFloorLiveHolderAndCAS/expired-authority
--- PASS: TestLeaseRecoveryFailsClosedForUnknownFloorLiveHolderAndCAS (0.67s)
    --- PASS: TestLeaseRecoveryFailsClosedForUnknownFloorLiveHolderAndCAS/unknown-floor (0.05s)
    --- PASS: TestLeaseRecoveryFailsClosedForUnknownFloorLiveHolderAndCAS/live-holder (0.10s)
    --- PASS: TestLeaseRecoveryFailsClosedForUnknownFloorLiveHolderAndCAS/wrong-cluster (0.05s)
    --- PASS: TestLeaseRecoveryFailsClosedForUnknownFloorLiveHolderAndCAS/native-CAS-conflict (0.15s)
    --- PASS: TestLeaseRecoveryFailsClosedForUnknownFloorLiveHolderAndCAS/receipt-failure (0.15s)
    --- PASS: TestLeaseRecoveryFailsClosedForUnknownFloorLiveHolderAndCAS/expired-authority (0.16s)
=== RUN   TestLeaseIsOnlyAuthorityRestartStandbyPartitionAndRecreation
--- PASS: TestLeaseIsOnlyAuthorityRestartStandbyPartitionAndRecreation (0.46s)
=== RUN   TestResponseRevalidatesGenerationAndRebuildFreshness
--- PASS: TestResponseRevalidatesGenerationAndRebuildFreshness (0.00s)
PASS
ok  	ops-platform/internal/graph	2.818s
