# ops-platform/internal/evidence
package ops-platform/internal/evidence
	imports ops-platform/internal/inspection/hardware from victoria.go
	imports ops-platform/internal/evidence from npd_adapter.go: import cycle not allowed
FAIL	ops-platform/internal/evidence [setup failed]
# ops-platform/internal/integrations/redfish
package ops-platform/internal/evidence
	imports ops-platform/internal/inspection/hardware from victoria.go
	imports ops-platform/internal/evidence from npd_adapter.go: import cycle not allowed
FAIL	ops-platform/internal/integrations/redfish [setup failed]
# ops-platform/internal/integrations/deepflow
package ops-platform/internal/evidence
	imports ops-platform/internal/inspection/hardware from victoria.go
	imports ops-platform/internal/evidence from npd_adapter.go: import cycle not allowed
FAIL	ops-platform/internal/integrations/deepflow [setup failed]
# ops-platform/internal/app
package ops-platform/internal/evidence
	imports ops-platform/internal/inspection/hardware from victoria.go
	imports ops-platform/internal/evidence from npd_adapter.go: import cycle not allowed
FAIL	ops-platform/internal/app [setup failed]
FAIL
