=== RUN   TestStreamingInitialSnapshotAndTerminalDelete
--- PASS: TestStreamingInitialSnapshotAndTerminalDelete (0.50s)
=== RUN   TestPermissionAndThrottleRemainStaleAndShareBudget
=== RUN   TestPermissionAndThrottleRemainStaleAndShareBudget/Forbidden
=== RUN   TestPermissionAndThrottleRemainStaleAndShareBudget/Too_Many_Requests
--- PASS: TestPermissionAndThrottleRemainStaleAndShareBudget (0.70s)
    --- PASS: TestPermissionAndThrottleRemainStaleAndShareBudget/Forbidden (0.30s)
    --- PASS: TestPermissionAndThrottleRemainStaleAndShareBudget/Too_Many_Requests (0.40s)
=== RUN   TestSilentWatchAuthorizationProbeFailsClosed
--- PASS: TestSilentWatchAuthorizationProbeFailsClosed (10.11s)
=== RUN   TestResourceSyncerListWatch410AndProjection
--- PASS: TestResourceSyncerListWatch410AndProjection (0.20s)
=== RUN   TestResourceProjectionRejectsMissingUIDAndSecret
--- PASS: TestResourceProjectionRejectsMissingUIDAndSecret (0.00s)
=== RUN   TestNativeListItemsInheritListTypeMetadata
--- PASS: TestNativeListItemsInheritListTypeMetadata (0.20s)
=== RUN   TestProjectionRejectsNestedPayloadsAndCredentials
--- PASS: TestProjectionRejectsNestedPayloadsAndCredentials (0.00s)
=== RUN   TestProjectionRejectsNestedSecretPayloadAndOversizedMetadata
--- PASS: TestProjectionRejectsNestedSecretPayloadAndOversizedMetadata (0.02s)
=== RUN   TestSlowProjectionPreservesWatchReceiveTimeAndMeasuresQueueLag
    queue_lag_test.go:42: snapshot objects=0 error=rebuilding continuous=false
    queue_lag_test.go:42: snapshot objects=0 error=watch_initializing continuous=false
    queue_lag_test.go:42: snapshot objects=0 error= continuous=true
    queue_lag_test.go:42: snapshot objects=0 error= continuous=true
    queue_lag_test.go:42: snapshot objects=1 error= continuous=true
    queue_lag_test.go:42: snapshot objects=0 error= continuous=true
    queue_lag_test.go:42: snapshot objects=1 error= continuous=true
    queue_lag_test.go:42: snapshot objects=0 error= continuous=true
    queue_lag_test.go:42: snapshot objects=1 error=watch_error continuous=false
    queue_lag_test.go:42: snapshot objects=0 error=watch_error continuous=false
    queue_lag_test.go:42: snapshot objects=1 error=rebuilding continuous=false
    queue_lag_test.go:42: snapshot objects=0 error=watch_initializing continuous=false
    queue_lag_test.go:42: snapshot objects=0 error=watch_initializing continuous=false
--- PASS: TestSlowProjectionPreservesWatchReceiveTimeAndMeasuresQueueLag (0.23s)
=== RUN   TestLeaseRequestsRemainBoundedDuringCollectionQueue
--- PASS: TestLeaseRequestsRemainBoundedDuringCollectionQueue (3.11s)
=== RUN   TestTwoCredentialsShareActualRequestBudgetWithoutStarvation
    rate_budget_test.go:117: two concurrent credential clients: actual HTTP requests=40 duration=1.985155833s aggregate intervals QPS=19.645813 burst=1
--- PASS: TestTwoCredentialsShareActualRequestBudgetWithoutStarvation (1.99s)
=== RUN   TestCanceledBudgetWaitersDoNotDelayNextLiveRequest
--- PASS: TestCanceledBudgetWaitersDoNotDelayNextLiveRequest (0.05s)
PASS
ok  	ops-platform/internal/integrations/kubernetes	18.692s
