python3 scripts/check-generated.py "go" gen web/src/api/generated internal/persistence/dbgen
✓ Lockfile passes supply-chain policies (verified 5d ago)
Lockfile is up to date, resolution step is skipped
Already up to date
Done in 187ms using pnpm v12.7.0
$ orval --config ./orval.config.ts
🍻 orval v8.37.0 - A swagger client generator for typescript
platform - 🎉 Smart Operations Platform API - Your OpenAPI spec has been converted into ready to use orval!
python3 scripts/prepare-runtime-source.py --check
{"modules": 95, "selectedModuleFiles": 2943, "standardLibraryFiles": 1377, "sourceBundleSHA256": "sha256:243c5151a0f8678782f902ccbdd0bcdb673c0d2d38892e46be01e6fea50d3ab6"}
go vet ./...
?   	ops-platform/api	[no test files]
?   	ops-platform/artifacts	[no test files]
?   	ops-platform/artifacts/task27-materials/sp010203-bao-operator	[no test files]
?   	ops-platform/artifacts/task27-materials/sp010203-cleanup-operator	[no test files]
?   	ops-platform/artifacts/task27-materials/sp010203-live-runtime-probe	[no test files]
?   	ops-platform/artifacts/task27-materials/sp010203-operator-helper	[no test files]
?   	ops-platform/artifacts/task27-materials/sp010203-role-probe	[no test files]
?   	ops-platform/bundle	[no test files]
?   	ops-platform/cmd/db-migrate	[no test files]
ok  	ops-platform/cmd/opsctl	33.492s
?   	ops-platform/cmd/platform-api	[no test files]
?   	ops-platform/cmd/platform-worker	[no test files]
?   	ops-platform/gen/api	[no test files]
?   	ops-platform/gen/internalgraph	[no test files]
ok  	ops-platform/internal/app	0.945s
ok  	ops-platform/internal/archive	2.015s
ok  	ops-platform/internal/audit	1.478s
ok  	ops-platform/internal/auth	3.483s
ok  	ops-platform/internal/bundle	37.221s
ok  	ops-platform/internal/bundle/drivers	3.108s
ok  	ops-platform/internal/configregistry	3.184s
?   	ops-platform/internal/contract	[no test files]
ok  	ops-platform/internal/crypto	3.182s
?   	ops-platform/internal/datascope	[no test files]
ok  	ops-platform/internal/evidence	3.570s
--- FAIL: TestUpstreamConformanceAnd20KPlatformGeneration (600.81s)
    upstream_conformance_test.go:119: frozen 20k input: platform projection nodes=19998 generation load=10m0.493127666s (external fixtures are tested via bounded overlay contract separately)
    upstream_conformance_test.go:186: GRAPH_NOT_READY
FAIL
FAIL	ops-platform/internal/graph	607.990s
ok  	ops-platform/internal/httpapi	3.003s
ok  	ops-platform/internal/inspection/hardware	3.235s
?   	ops-platform/internal/integrations	[no test files]
ok  	ops-platform/internal/integrations/deepflow	3.440s
ok  	ops-platform/internal/integrations/keycloak	3.349s
ok  	ops-platform/internal/integrations/kubernetes	24.062s
ok  	ops-platform/internal/integrations/openbao	2.599s
ok  	ops-platform/internal/integrations/redfish	3.146s
ok  	ops-platform/internal/integrations/s3	5.137s
?   	ops-platform/internal/integrations/victorialogs	[no test files]
?   	ops-platform/internal/integrations/victorialogs/adapter	[no test files]
?   	ops-platform/internal/integrations/victoriametrics	[no test files]
?   	ops-platform/internal/integrations/victoriametrics/adapter	[no test files]
?   	ops-platform/internal/integrations/vmalert	[no test files]
ok  	ops-platform/internal/observability	2.968s
ok  	ops-platform/internal/persistence	2.477s
?   	ops-platform/internal/persistence/dbgen	[no test files]
ok  	ops-platform/internal/policy	2.214s
ok  	ops-platform/internal/profile	3.399s
ok  	ops-platform/internal/resource	1.545s
?   	ops-platform/internal/resourcestore	[no test files]
ok  	ops-platform/internal/source	1.328s
ok  	ops-platform/internal/supplychain	2.805s
?   	ops-platform/internal/tenant	[no test files]
?   	ops-platform/internal/upstream/corootcheck	[no test files]
?   	ops-platform/internal/upstream/metal3	[no test files]
?   	ops-platform/internal/upstream/ontology/api	[no test files]
?   	ops-platform/internal/upstream/ontology/model	[no test files]
?   	ops-platform/internal/upstream/ontology/service/diagnostic	[no test files]
?   	ops-platform/policies	[no test files]
ok  	ops-platform/test/contract	64.832s
ok  	ops-platform/test/e2e	2.757s
?   	ops-platform/test/fixtures/sp04/profile-detect	[no test files]
?   	ops-platform/test/fixtures/upstream-inspection	[no test files]
ok  	ops-platform/test/integration	9.872s
ok  	ops-platform/test/security	1.563s
FAIL
make: *** [test-unit] Error 1
