python3 scripts/check-generated.py "go" gen web/src/api/generated internal/persistence/dbgen
✓ Lockfile passes supply-chain policies (verified 5d ago)
Lockfile is up to date, resolution step is skipped
Already up to date
Done in 207ms using pnpm v12.7.0
$ orval --config ./orval.config.ts
🍻 orval v8.37.0 - A swagger client generator for typescript
platform - 🎉 Smart Operations Platform API - Your OpenAPI spec has been converted into ready to use orval!
python3 scripts/prepare-runtime-source.py --check
{"modules": 95, "selectedModuleFiles": 2943, "standardLibraryFiles": 1377, "sourceBundleSHA256": "sha256:243c5151a0f8678782f902ccbdd0bcdb673c0d2d38892e46be01e6fea50d3ab6"}
go vet ./...
?   	ops-platform/api	[no test files]
?   	ops-platform/artifacts	[no test files]
?   	ops-platform/artifacts/sp04-operator	[no test files]
?   	ops-platform/artifacts/task27-materials/sp010203-bao-operator	[no test files]
?   	ops-platform/artifacts/task27-materials/sp010203-cleanup-operator	[no test files]
?   	ops-platform/artifacts/task27-materials/sp010203-live-runtime-probe	[no test files]
?   	ops-platform/artifacts/task27-materials/sp010203-operator-helper	[no test files]
?   	ops-platform/artifacts/task27-materials/sp010203-role-probe	[no test files]
?   	ops-platform/bundle	[no test files]
?   	ops-platform/cmd/db-migrate	[no test files]
ok  	ops-platform/cmd/opsctl	(cached)
?   	ops-platform/cmd/platform-api	[no test files]
?   	ops-platform/cmd/platform-worker	[no test files]
?   	ops-platform/gen/api	[no test files]
?   	ops-platform/gen/internalgraph	[no test files]
ok  	ops-platform/internal/app	1.489s
ok  	ops-platform/internal/archive	(cached)
ok  	ops-platform/internal/audit	(cached)
ok  	ops-platform/internal/auth	(cached)
ok  	ops-platform/internal/bundle	(cached)
ok  	ops-platform/internal/bundle/drivers	(cached)
ok  	ops-platform/internal/configregistry	(cached)
?   	ops-platform/internal/contract	[no test files]
ok  	ops-platform/internal/crypto	(cached)
?   	ops-platform/internal/datascope	[no test files]
ok  	ops-platform/internal/evidence	(cached)
panic: test timed out after 10m0s
	running tests:
		TestUpstreamConformanceAnd20KPlatformGeneration (9m58s)

goroutine 134 [running]:
testing.(*M).startAlarm.func1()
	/Users/mssc/.local/share/mise/installs/go/1.27.1/src/testing/testing.go:2959 +0x2c4
created by time.goFunc
	/Users/mssc/.local/share/mise/installs/go/1.27.1/src/time/sleep.go:182 +0x38

goroutine 1 [chan receive, 9 minutes]:
testing.(*T).Run(0x49a32c6b9d48, {0x10506a8ef?, 0x49a32c9dfa88?}, 0x105aa1390)
	/Users/mssc/.local/share/mise/installs/go/1.27.1/src/testing/testing.go:2266 +0x3cc
testing.runTests.func1(0x49a32c6b9d48)
	/Users/mssc/.local/share/mise/installs/go/1.27.1/src/testing/testing.go:2742 +0x38
testing.tRunner(0x49a32c6b9d48, 0x49a32c9dfbb8)
	/Users/mssc/.local/share/mise/installs/go/1.27.1/src/testing/testing.go:2193 +0xc4
testing.runTests({0x1050433a3, 0xc}, {0x105052d67, 0x1b}, 0x49a32ca245b8, {0x105b9c7c8, 0x14, 0x14}, {0x49a32c9dfc58?, 0x49a32c775380?, ...})
	/Users/mssc/.local/share/mise/installs/go/1.27.1/src/testing/testing.go:2740 +0x400
testing.(*M).Run(0x49a32ca72140)
	/Users/mssc/.local/share/mise/installs/go/1.27.1/src/testing/testing.go:2600 +0x578
main.main()
	_testmain.go:84 +0x80

goroutine 113 [runnable]:
k8s.io/apimachinery/pkg/apis/meta/v1/unstructured.NestedFieldNoCopy(0xf?, {0x49a32ca47b78, 0x2, 0x2})
	/Users/mssc/go/pkg/mod/k8s.io/apimachinery@v0.35.2/pkg/apis/meta/v1/unstructured/helpers.go:62 +0xb4
k8s.io/apimachinery/pkg/apis/meta/v1/unstructured.(*Unstructured).GetOwnerReferences(0x49a32c603df8?)
	/Users/mssc/go/pkg/mod/k8s.io/apimachinery@v0.35.2/pkg/apis/meta/v1/unstructured/unstructured.go:184 +0x54
github.com/aalpar/ariadne.resolveOwnerRefs(0x49a32c603df8, {0x105a9b018, 0x49a3306b80f0})
	/Users/mssc/go/pkg/mod/github.com/aalpar/ariadne@v0.1.3-0.20260310221605-fa2232ce45c4/structural.go:307 +0x300
github.com/aalpar/ariadne.(*structuralResolver).Resolve(0x105bd7620?, 0x49a32c603df8, {0x105a9b018, 0x49a3306b80f0})
	/Users/mssc/go/pkg/mod/github.com/aalpar/ariadne@v0.1.3-0.20260310221605-fa2232ce45c4/structural.go:270 +0x4c
github.com/aalpar/ariadne.(*Graph).Load(0x49a32c7781c0, {0x49a33c2e4000, 0x4e1e, 0x5c00})
	/Users/mssc/go/pkg/mod/github.com/aalpar/ariadne@v0.1.3-0.20260310221605-fa2232ce45c4/graph.go:385 +0x75c
ops-platform/internal/graph.(*Graph).Replace(0x49a32c684000, {0x105a9a3f8, 0x105bd7620}, 0x1, {0x0, {{0x105045128, 0xe}, {0x10503a8f5, 0x2}, {0x105041836, ...}}, ...})
	/Users/mssc/Documents/Code/ops/platform/internal/graph/ariadne_adapter.go:282 +0x1670
ops-platform/internal/graph.TestUpstreamConformanceAnd20KPlatformGeneration(0x49a32cadc908)
	/Users/mssc/Documents/Code/ops/platform/internal/graph/upstream_conformance_test.go:115 +0xf5c
testing.tRunner(0x49a32cadc908, 0x105aa1390)
	/Users/mssc/.local/share/mise/installs/go/1.27.1/src/testing/testing.go:2193 +0xc4
created by testing.(*T).Run in goroutine 1
	/Users/mssc/.local/share/mise/installs/go/1.27.1/src/testing/testing.go:2258 +0x3b8
FAIL	ops-platform/internal/graph	600.644s
ok  	ops-platform/internal/httpapi	(cached)
ok  	ops-platform/internal/inspection/hardware	(cached)
?   	ops-platform/internal/integrations	[no test files]
ok  	ops-platform/internal/integrations/deepflow	(cached)
ok  	ops-platform/internal/integrations/keycloak	(cached)
ok  	ops-platform/internal/integrations/kubernetes	(cached)
ok  	ops-platform/internal/integrations/openbao	(cached)
ok  	ops-platform/internal/integrations/redfish	(cached)
ok  	ops-platform/internal/integrations/s3	(cached)
?   	ops-platform/internal/integrations/victorialogs	[no test files]
?   	ops-platform/internal/integrations/victorialogs/adapter	[no test files]
?   	ops-platform/internal/integrations/victoriametrics	[no test files]
?   	ops-platform/internal/integrations/victoriametrics/adapter	[no test files]
?   	ops-platform/internal/integrations/vmalert	[no test files]
ok  	ops-platform/internal/observability	(cached)
ok  	ops-platform/internal/persistence	(cached)
?   	ops-platform/internal/persistence/dbgen	[no test files]
ok  	ops-platform/internal/policy	(cached)
ok  	ops-platform/internal/profile	(cached)
ok  	ops-platform/internal/resource	(cached)
?   	ops-platform/internal/resourcestore	[no test files]
ok  	ops-platform/internal/source	(cached)
ok  	ops-platform/internal/supplychain	(cached)
?   	ops-platform/internal/tenant	[no test files]
?   	ops-platform/internal/upstream/corootcheck	[no test files]
?   	ops-platform/internal/upstream/metal3	[no test files]
?   	ops-platform/internal/upstream/ontology/api	[no test files]
?   	ops-platform/internal/upstream/ontology/model	[no test files]
?   	ops-platform/internal/upstream/ontology/service/diagnostic	[no test files]
?   	ops-platform/policies	[no test files]
ok  	ops-platform/test/contract	(cached)
ok  	ops-platform/test/e2e	2.384s
?   	ops-platform/test/fixtures/upstream-inspection	[no test files]
ok  	ops-platform/test/integration	7.050s
ok  	ops-platform/test/security	(cached)
FAIL
make: *** [test-unit] Error 1
