=== RUN   TestSP04FixtureAdaptersThroughActualRuntime
2026/10/02 12:06:47 OK   00001_roles_and_schemas.sql (10.75ms)
2026/10/02 12:06:47 goose: successfully migrated database to version: 1
2026/10/02 12:06:47 OK   00002_platform_meta.sql (17.2ms)
2026/10/02 12:06:47 OK   00003_finding.sql (13.33ms)
2026/10/02 12:06:47 OK   00004_incident.sql (9.66ms)
2026/10/02 12:06:47 OK   00005_investigation.sql (10.1ms)
2026/10/02 12:06:47 OK   00006_action_command.sql (13.1ms)
2026/10/02 12:06:47 OK   00007_audit.sql (14.37ms)
2026/10/02 12:06:47 OK   00008_rls.sql (9.34ms)
2026/10/02 12:06:47 OK   00009_idempotency_ledger.sql (7.26ms)
2026/10/02 12:06:47 OK   00010_tenant_provisioning.sql (5.97ms)
2026/10/02 12:06:47 OK   00011_source_registration_history.sql (12.23ms)
2026/10/02 12:06:47 OK   00012_config_registry_lifecycle.sql (21.43ms)
2026/10/02 12:06:47 OK   00013_audit_signed_segments.sql (13.93ms)
2026/10/02 12:06:47 OK   00014_audit_segment_predecessors.sql (11.45ms)
2026/10/02 12:06:47 OK   00015_source_schema_scope.sql (7.92ms)
2026/10/02 12:06:47 OK   00016_cluster_registration_metadata.sql (4.59ms)
2026/10/02 12:06:47 OK   00017_source_data_scope.sql (3.82ms)
2026/10/02 12:06:47 OK   00018_sp04_resources_evidence.sql (12.09ms)
2026/10/02 12:06:47 OK   00019_sp04_archive_ciphertext_bytes.sql (3.84ms)
2026/10/02 12:06:47 OK   00020_sp04_request_ledger.sql (4.07ms)
2026/10/02 12:06:47 OK   00021_sp04_archive_protection.sql (3.88ms)
2026/10/02 12:06:47 OK   00022_sp04_legal_hold_dependencies.sql (8.28ms)
2026/10/02 12:06:47 OK   00023_sp04_archive_query_intent.sql (9.81ms)
2026/10/02 12:06:47 goose: successfully migrated database to version: 23
    archive_iam_test.go:41: owned TLS/IAM fixture image=docker.io/chrislusf/seaweedfs@sha256:d4cf67729aa8777e1a43a5b61d72e5b96179e4b7bac9a221cb14cbc2036cb32e id=361ab5445af1cdcf5770a04befbc8888b04bd13f0f82968466bef10aa83d9bb1 bucket=sp04-chain-0a911b39 tenants=1
{"time":"2026-10-02T12:06:52.450938+08:00","level":"WARN","msg":"Graph ownership not ready","qualification":{"/v1/configmaps":"list_missing","/v1/events":"list_missing","/v1/nodes":"list_missing","/v1/persistentvolumeclaims":"list_missing","/v1/persistentvolumes":"list_missing","/v1/pods":"list_missing","/v1/services":"list_missing","apps/v1/daemonsets":"list_missing","apps/v1/deployments":"list_missing","apps/v1/replicasets":"list_missing","apps/v1/statefulsets":"list_missing","batch/v1/jobs":"list_missing","discovery.k8s.io/v1/endpointslices":"list_missing","storage.k8s.io/v1/csidrivers":"list_missing","storage.k8s.io/v1/csinodes":"list_missing","storage.k8s.io/v1/storageclasses":"list_missing","storage.k8s.io/v1/volumeattachments":"list_missing"}}
{"time":"2026-10-02T12:06:52.479587+08:00","level":"INFO","msg":"http request complete","request_id":"01a0facb-2535-7927-972c-1f93e418ac81","method":"GET","status_code":503,"duration_ms":9}
{"time":"2026-10-02T12:06:52.686829+08:00","level":"INFO","msg":"http request complete","request_id":"01a0facb-260a-72f5-8416-eeea9005b06a","method":"GET","status_code":503,"duration_ms":4}
{"time":"2026-10-02T12:06:52.892356+08:00","level":"INFO","msg":"http request complete","request_id":"01a0facb-26d9-77b0-8610-858d8e31aa26","method":"GET","status_code":503,"duration_ms":2}
{"time":"2026-10-02T12:06:53.098088+08:00","level":"INFO","msg":"http request complete","request_id":"01a0facb-27a5-793b-a84b-6d845f348f46","method":"GET","status_code":503,"duration_ms":4}
{"time":"2026-10-02T12:06:53.306336+08:00","level":"INFO","msg":"http request complete","request_id":"01a0facb-2874-77ef-b44a-a0ef4c6cc0fe","method":"GET","status_code":503,"duration_ms":5}
{"time":"2026-10-02T12:06:53.513207+08:00","level":"INFO","msg":"http request complete","request_id":"01a0facb-2944-7d6d-bd8e-b27c5c447931","method":"GET","status_code":503,"duration_ms":4}
{"time":"2026-10-02T12:06:53.567559+08:00","level":"WARN","msg":"Graph ownership not ready","qualification":{"/v1/configmaps":"list_missing","/v1/events":"list_missing","/v1/nodes":"list_missing","/v1/persistentvolumeclaims":"list_missing","/v1/persistentvolumes":"list_missing","/v1/pods":"list_missing","/v1/services":"list_missing","apps/v1/daemonsets":"list_missing","apps/v1/deployments":"list_missing","apps/v1/replicasets":"list_missing","apps/v1/statefulsets":"list_missing","batch/v1/jobs":"list_missing","discovery.k8s.io/v1/endpointslices":"list_missing","storage.k8s.io/v1/csidrivers":"list_missing","storage.k8s.io/v1/csinodes":"list_missing","storage.k8s.io/v1/storageclasses":"list_missing","storage.k8s.io/v1/volumeattachments":"list_missing"}}
{"time":"2026-10-02T12:06:53.719264+08:00","level":"INFO","msg":"http request complete","request_id":"01a0facb-2a13-7995-a97c-a3586d226163","method":"GET","status_code":503,"duration_ms":3}
{"time":"2026-10-02T12:06:53.925035+08:00","level":"INFO","msg":"http request complete","request_id":"01a0facb-2ae1-7a31-bd77-37456ac7e50e","method":"GET","status_code":503,"duration_ms":3}
{"time":"2026-10-02T12:06:54.129908+08:00","level":"INFO","msg":"http request complete","request_id":"01a0facb-2bae-79a8-96cd-683261eab03f","method":"GET","status_code":503,"duration_ms":3}
{"time":"2026-10-02T12:06:54.353601+08:00","level":"INFO","msg":"http request complete","request_id":"01a0facb-2c7c-7ba4-9eff-d4072d35690c","method":"GET","status_code":503,"duration_ms":20}
{"time":"2026-10-02T12:06:54.556926+08:00","level":"INFO","msg":"http request complete","request_id":"01a0facb-2d5a-703a-beee-3b7d58012f62","method":"GET","status_code":503,"duration_ms":2}
{"time":"2026-10-02T12:06:54.76229+08:00","level":"INFO","msg":"http request complete","request_id":"01a0facb-2e27-798d-a585-6278fa75c20b","method":"GET","status_code":503,"duration_ms":2}
{"time":"2026-10-02T12:06:54.975289+08:00","level":"INFO","msg":"http request complete","request_id":"01a0facb-2ef3-7aa2-a9de-cb5d9569d2c8","method":"GET","status_code":503,"duration_ms":11}
{"time":"2026-10-02T12:06:55.181691+08:00","level":"INFO","msg":"http request complete","request_id":"01a0facb-2fc8-7a21-8c1f-dd4141a0d3c4","method":"GET","status_code":503,"duration_ms":4}
{"time":"2026-10-02T12:06:55.409784+08:00","level":"INFO","msg":"http request complete","request_id":"01a0facb-3096-75a5-8376-21fb9e78e8e6","method":"GET","status_code":503,"duration_ms":27}
{"time":"2026-10-02T12:06:55.619994+08:00","level":"INFO","msg":"http request complete","request_id":"01a0facb-317b-7586-bffd-203ad200605b","method":"GET","status_code":503,"duration_ms":8}
{"time":"2026-10-02T12:06:55.836887+08:00","level":"INFO","msg":"http request complete","request_id":"01a0facb-324d-74d2-a7ee-78683102ae1c","method":"GET","status_code":503,"duration_ms":15}
{"time":"2026-10-02T12:06:56.042453+08:00","level":"INFO","msg":"http request complete","request_id":"01a0facb-3327-7599-a9f1-e2694b154488","method":"GET","status_code":503,"duration_ms":3}
{"time":"2026-10-02T12:06:56.365985+08:00","level":"INFO","msg":"http request complete","request_id":"01a0facb-33f5-7027-acf5-106cd580e215","method":"GET","status_code":200,"duration_ms":120}
{"time":"2026-10-02T12:06:56.45821+08:00","level":"INFO","msg":"http request complete","request_id":"01a0facb-346e-7449-b7bf-48bfb4fe5212","method":"GET","status_code":403,"duration_ms":91}
{"time":"2026-10-02T12:06:56.762223+08:00","level":"INFO","msg":"http request complete","request_id":"01a0facb-3592-7b5e-90ff-b97317022a3e","method":"GET","status_code":403,"duration_ms":103}
{"time":"2026-10-02T12:06:56.97193+08:00","level":"INFO","msg":"http request complete","request_id":"01a0facb-36c4-73f3-bdbd-a2747975e2b4","method":"GET","status_code":403,"duration_ms":7}
{"time":"2026-10-02T12:06:57.181583+08:00","level":"INFO","msg":"http request complete","request_id":"01a0facb-3795-7927-9ea0-d1a5bfdd954a","method":"GET","status_code":403,"duration_ms":7}
{"time":"2026-10-02T12:06:57.402066+08:00","level":"INFO","msg":"http request complete","request_id":"01a0facb-386a-75b4-9fdd-63cec67e3e03","method":"GET","status_code":403,"duration_ms":15}
{"time":"2026-10-02T12:06:57.638068+08:00","level":"INFO","msg":"http request complete","request_id":"01a0facb-3944-790c-95d2-3a30760ab0b2","method":"GET","status_code":403,"duration_ms":33}
{"time":"2026-10-02T12:06:57.849154+08:00","level":"INFO","msg":"http request complete","request_id":"01a0facb-3a30-7d1f-ba13-481e7a36f25a","method":"GET","status_code":403,"duration_ms":8}
{"time":"2026-10-02T12:06:58.064353+08:00","level":"INFO","msg":"http request complete","request_id":"01a0facb-3b03-7812-b0c0-ccc25ada0afc","method":"GET","status_code":403,"duration_ms":12}
{"time":"2026-10-02T12:06:58.292699+08:00","level":"INFO","msg":"http request complete","request_id":"01a0facb-3bdb-70de-8aa9-a29210607c6b","method":"GET","status_code":403,"duration_ms":25}
{"time":"2026-10-02T12:06:58.662085+08:00","level":"INFO","msg":"http request complete","request_id":"01a0facb-3cbe-7290-a1ca-5f211641d5c0","method":"GET","status_code":403,"duration_ms":167}
{"time":"2026-10-02T12:06:58.885403+08:00","level":"INFO","msg":"http request complete","request_id":"01a0facb-3e2f-7530-8ede-9ab57ed11004","method":"GET","status_code":403,"duration_ms":22}
{"time":"2026-10-02T12:06:59.114919+08:00","level":"INFO","msg":"http request complete","request_id":"01a0facb-3f0f-7c83-a51e-0646bc5658a4","method":"GET","status_code":403,"duration_ms":27}
{"time":"2026-10-02T12:06:59.335873+08:00","level":"INFO","msg":"http request complete","request_id":"01a0facb-3ff5-7d56-bb7c-45e97487849b","method":"GET","status_code":403,"duration_ms":17}
{"time":"2026-10-02T12:06:59.561569+08:00","level":"INFO","msg":"http request complete","request_id":"01a0facb-40d2-7b2b-90e4-e0e9a82c5723","method":"GET","status_code":403,"duration_ms":22}
{"time":"2026-10-02T12:06:59.79475+08:00","level":"INFO","msg":"http request complete","request_id":"01a0facb-41b3-7ef4-908c-2b1dbd64c97e","method":"GET","status_code":403,"duration_ms":30}
{"time":"2026-10-02T12:07:00.022956+08:00","level":"INFO","msg":"http request complete","request_id":"01a0facb-429d-7ccd-b326-3ec3edb4f2b7","method":"GET","status_code":403,"duration_ms":25}
{"time":"2026-10-02T12:07:00.233125+08:00","level":"INFO","msg":"http request complete","request_id":"01a0facb-4381-72ce-becb-75ca9b38905c","method":"GET","status_code":403,"duration_ms":7}
{"time":"2026-10-02T12:07:00.665703+08:00","level":"INFO","msg":"http request complete","request_id":"01a0facb-4453-724d-82d5-c9e8fa3a129b","method":"GET","status_code":403,"duration_ms":230}
{"time":"2026-10-02T12:07:00.878256+08:00","level":"INFO","msg":"http request complete","request_id":"01a0facb-4602-7e73-b9a2-99b54ee339de","method":"GET","status_code":403,"duration_ms":11}
{"time":"2026-10-02T12:07:01.119842+08:00","level":"INFO","msg":"http request complete","request_id":"01a0facb-46d9-7115-9429-0b1ec76bbe42","method":"GET","status_code":403,"duration_ms":38}
{"time":"2026-10-02T12:07:01.330445+08:00","level":"INFO","msg":"http request complete","request_id":"01a0facb-47c9-7a31-a6a9-39057b8cae22","method":"GET","status_code":403,"duration_ms":8}
{"time":"2026-10-02T12:07:01.579568+08:00","level":"INFO","msg":"http request complete","request_id":"01a0facb-489b-7d32-a99a-0b0d75dfd3cc","method":"GET","status_code":403,"duration_ms":47}
{"time":"2026-10-02T12:07:01.829715+08:00","level":"INFO","msg":"http request complete","request_id":"01a0facb-4995-79f6-875c-918182b1ae4c","method":"GET","status_code":403,"duration_ms":48}
{"time":"2026-10-02T12:07:02.058471+08:00","level":"INFO","msg":"http request complete","request_id":"01a0facb-4a8f-7822-8637-f0484ff63fe3","method":"GET","status_code":403,"duration_ms":26}
{"time":"2026-10-02T12:07:02.275508+08:00","level":"INFO","msg":"http request complete","request_id":"01a0facb-4b74-7bee-b6e7-eb817915d571","method":"GET","status_code":403,"duration_ms":14}
{"time":"2026-10-02T12:07:02.659691+08:00","level":"INFO","msg":"http request complete","request_id":"01a0facb-4c4c-7399-aca4-ed0aa3458af9","method":"GET","status_code":403,"duration_ms":183}
{"time":"2026-10-02T12:07:02.875444+08:00","level":"INFO","msg":"http request complete","request_id":"01a0facb-4dcd-7c5f-b44c-5cc8d846a5e4","method":"GET","status_code":403,"duration_ms":13}
{"time":"2026-10-02T12:07:03.089888+08:00","level":"INFO","msg":"http request complete","request_id":"01a0facb-4ea5-702e-af4d-7909d3dcbd5e","method":"GET","status_code":403,"duration_ms":12}
{"time":"2026-10-02T12:07:03.308547+08:00","level":"INFO","msg":"http request complete","request_id":"01a0facb-4f7c-7714-a4c3-264ebb2f1060","method":"GET","status_code":403,"duration_ms":16}
{"time":"2026-10-02T12:07:03.518665+08:00","level":"INFO","msg":"http request complete","request_id":"01a0facb-5057-71b5-b560-18472f0d4a36","method":"GET","status_code":403,"duration_ms":7}
{"time":"2026-10-02T12:07:03.729649+08:00","level":"INFO","msg":"http request complete","request_id":"01a0facb-5129-72d6-b00f-19819ee801fa","method":"GET","status_code":403,"duration_ms":8}
{"time":"2026-10-02T12:07:03.943498+08:00","level":"INFO","msg":"http request complete","request_id":"01a0facb-51fc-7119-b177-c87196462352","method":"GET","status_code":403,"duration_ms":11}
{"time":"2026-10-02T12:07:04.15843+08:00","level":"INFO","msg":"http request complete","request_id":"01a0facb-52d2-7461-b733-d706914b0f20","method":"GET","status_code":403,"duration_ms":12}
{"time":"2026-10-02T12:07:04.437361+08:00","level":"INFO","msg":"http request complete","request_id":"01a0facb-53a7-7a48-91cb-0c369835c717","method":"GET","status_code":403,"duration_ms":77}
{"time":"2026-10-02T12:07:05.389601+08:00","level":"INFO","msg":"http request complete","request_id":"01a0facb-54bd-7cec-813f-3d115fc8f74e","method":"GET","status_code":403,"duration_ms":751}
{"time":"2026-10-02T12:07:06.078065+08:00","level":"INFO","msg":"http request complete","request_id":"01a0facb-5878-700b-9ff5-641fb1526a70","method":"GET","status_code":403,"duration_ms":486}
{"time":"2026-10-02T12:07:06.600107+08:00","level":"INFO","msg":"http request complete","request_id":"01a0facb-5b27-7718-8127-f0f21bb33d23","method":"GET","status_code":403,"duration_ms":320}
{"time":"2026-10-02T12:07:06.875696+08:00","level":"INFO","msg":"http request complete","request_id":"01a0facb-5d32-78e1-9c70-34d8576fd3df","method":"GET","status_code":503,"duration_ms":73}
{"time":"2026-10-02T12:07:07.09515+08:00","level":"INFO","msg":"http request complete","request_id":"01a0facb-5e44-7cb5-b714-8d92c29e1e84","method":"GET","status_code":503,"duration_ms":18}
{"time":"2026-10-02T12:07:07.308776+08:00","level":"INFO","msg":"http request complete","request_id":"01a0facb-5f21-7b69-9238-3ce933435709","method":"GET","status_code":503,"duration_ms":10}
{"time":"2026-10-02T12:07:07.54177+08:00","level":"INFO","msg":"http request complete","request_id":"01a0facb-5ff7-707d-854c-7ac6ee85c09c","method":"GET","status_code":503,"duration_ms":30}
{"time":"2026-10-02T12:07:07.7516+08:00","level":"INFO","msg":"http request complete","request_id":"01a0facb-60e0-70bb-bf14-9435e5b5b80f","method":"GET","status_code":503,"duration_ms":7}
{"time":"2026-10-02T12:07:07.962254+08:00","level":"INFO","msg":"http request complete","request_id":"01a0facb-61b1-738a-be0e-07260d731537","method":"GET","status_code":503,"duration_ms":8}
{"time":"2026-10-02T12:07:08.176446+08:00","level":"INFO","msg":"http request complete","request_id":"01a0facb-6284-79a8-8aa1-22088796b508","method":"GET","status_code":503,"duration_ms":11}
{"time":"2026-10-02T12:07:08.414465+08:00","level":"INFO","msg":"http request complete","request_id":"01a0facb-635a-7347-97be-5cd7e3614d61","method":"GET","status_code":503,"duration_ms":36}
{"time":"2026-10-02T12:07:08.709806+08:00","level":"INFO","msg":"http request complete","request_id":"01a0facb-6447-7bee-bd5c-d5ebdb8b92a1","method":"GET","status_code":403,"duration_ms":93}
{"time":"2026-10-02T12:07:08.92726+08:00","level":"INFO","msg":"http request complete","request_id":"01a0facb-656f-72f1-a27a-4a0183d43137","method":"GET","status_code":403,"duration_ms":16}
{"time":"2026-10-02T12:07:09.137994+08:00","level":"INFO","msg":"http request complete","request_id":"01a0facb-6648-7255-b5ba-7aac3701c9e1","method":"GET","status_code":403,"duration_ms":9}
{"time":"2026-10-02T12:07:09.36606+08:00","level":"INFO","msg":"http request complete","request_id":"01a0facb-671c-793b-b202-80b28d647e60","method":"GET","status_code":403,"duration_ms":25}
{"time":"2026-10-02T12:07:09.590898+08:00","level":"INFO","msg":"http request complete","request_id":"01a0facb-67fe-7e09-ac70-d88fac1b5506","method":"GET","status_code":403,"duration_ms":23}
{"time":"2026-10-02T12:07:09.803328+08:00","level":"INFO","msg":"http request complete","request_id":"01a0facb-68e1-7918-80b6-5873d373dd3f","method":"GET","status_code":403,"duration_ms":9}
{"time":"2026-10-02T12:07:10.028977+08:00","level":"INFO","msg":"http request complete","request_id":"01a0facb-69b4-7639-8e78-d8dea6872c44","method":"GET","status_code":403,"duration_ms":24}
{"time":"2026-10-02T12:07:10.244212+08:00","level":"INFO","msg":"http request complete","request_id":"01a0facb-6a96-7412-a750-90c5668a32a8","method":"GET","status_code":403,"duration_ms":13}
{"time":"2026-10-02T12:07:10.653838+08:00","level":"INFO","msg":"http request complete","request_id":"01a0facb-6b6c-7e29-8cad-3d354a699d48","method":"GET","status_code":403,"duration_ms":208}
{"time":"2026-10-02T12:07:10.866854+08:00","level":"INFO","msg":"http request complete","request_id":"01a0facb-6d08-722e-a38e-0db1eb2d7cc6","method":"GET","status_code":403,"duration_ms":10}
{"time":"2026-10-02T12:07:11.081611+08:00","level":"INFO","msg":"http request complete","request_id":"01a0facb-6ddd-7520-8041-92a5ecf1f0c4","method":"GET","status_code":403,"duration_ms":12}
{"time":"2026-10-02T12:07:11.291476+08:00","level":"INFO","msg":"http request complete","request_id":"01a0facb-6eb3-7ae1-8744-e0ef2c952921","method":"GET","status_code":403,"duration_ms":7}
{"time":"2026-10-02T12:07:11.501595+08:00","level":"INFO","msg":"http request complete","request_id":"01a0facb-6f84-71e0-b36f-b03eb2dc7c90","method":"GET","status_code":403,"duration_ms":9}
{"time":"2026-10-02T12:07:11.727793+08:00","level":"INFO","msg":"http request complete","request_id":"01a0facb-7058-7599-97cc-b905cfae2412","method":"GET","status_code":403,"duration_ms":23}
{"time":"2026-10-02T12:07:11.962905+08:00","level":"INFO","msg":"http request complete","request_id":"01a0facb-713a-767c-8a4f-f0a733861cbd","method":"GET","status_code":403,"duration_ms":32}
{"time":"2026-10-02T12:07:12.17872+08:00","level":"INFO","msg":"http request complete","request_id":"01a0facb-7224-7e25-9aec-0fee440f45f8","method":"GET","status_code":403,"duration_ms":13}
{"time":"2026-10-02T12:07:12.408794+08:00","level":"INFO","msg":"http request complete","request_id":"01a0facb-72fd-7013-be3d-46a7a6a6bdf6","method":"GET","status_code":403,"duration_ms":27}
{"time":"2026-10-02T12:07:12.696583+08:00","level":"INFO","msg":"http request complete","request_id":"01a0facb-73e1-7785-bc2d-e45f70a57a15","method":"GET","status_code":403,"duration_ms":87}
{"time":"2026-10-02T12:07:12.914324+08:00","level":"INFO","msg":"http request complete","request_id":"01a0facb-7502-7ea2-a460-2de9f9c27665","method":"GET","status_code":403,"duration_ms":15}
{"time":"2026-10-02T12:07:13.135586+08:00","level":"INFO","msg":"http request complete","request_id":"01a0facb-75dc-7e63-8ae0-aa2680338792","method":"GET","status_code":403,"duration_ms":18}
{"time":"2026-10-02T12:07:13.371276+08:00","level":"INFO","msg":"http request complete","request_id":"01a0facb-76b8-75ef-bb2f-1e2f2636833e","method":"GET","status_code":403,"duration_ms":34}
{"time":"2026-10-02T12:07:13.599783+08:00","level":"INFO","msg":"http request complete","request_id":"01a0facb-77a5-79ee-ab91-a14a99df3faf","method":"GET","status_code":403,"duration_ms":26}
{"time":"2026-10-02T12:07:13.820997+08:00","level":"INFO","msg":"http request complete","request_id":"01a0facb-7888-7c9a-b892-efb5b3da4c9d","method":"GET","status_code":403,"duration_ms":20}
{"time":"2026-10-02T12:07:14.033634+08:00","level":"INFO","msg":"http request complete","request_id":"01a0facb-7967-7839-a518-1fe92a89664b","method":"GET","status_code":403,"duration_ms":10}
{"time":"2026-10-02T12:07:14.276225+08:00","level":"INFO","msg":"http request complete","request_id":"01a0facb-7a3a-7cbd-b4b1-3f1c384ea750","method":"GET","status_code":403,"duration_ms":41}
{"time":"2026-10-02T12:07:15.079735+08:00","level":"INFO","msg":"http request complete","request_id":"01a0facb-7b2d-7ca2-ba10-d1125cf785d0","method":"GET","status_code":403,"duration_ms":601}
{"time":"2026-10-02T12:07:15.778412+08:00","level":"INFO","msg":"http request complete","request_id":"01a0facb-7e50-798d-965e-a3d71d8c5b06","method":"GET","status_code":403,"duration_ms":497}
{"time":"2026-10-02T12:07:16.493816+08:00","level":"INFO","msg":"http request complete","request_id":"01a0facb-810b-779d-8ddc-f6689602bdac","method":"GET","status_code":403,"duration_ms":514}
{"time":"2026-10-02T12:07:16.789087+08:00","level":"INFO","msg":"http request complete","request_id":"01a0facb-83d6-77b0-8d3a-2a2dd1e597df","method":"GET","status_code":403,"duration_ms":94}
{"time":"2026-10-02T12:07:17.027999+08:00","level":"INFO","msg":"http request complete","request_id":"01a0facb-84fe-724d-ada1-00c87a2e9b0b","method":"GET","status_code":403,"duration_ms":37}
{"time":"2026-10-02T12:07:17.239067+08:00","level":"INFO","msg":"http request complete","request_id":"01a0facb-85ee-72ca-9142-4c35581f0d2c","method":"GET","status_code":403,"duration_ms":8}
{"time":"2026-10-02T12:07:17.455737+08:00","level":"INFO","msg":"http request complete","request_id":"01a0facb-86c0-7d13-9227-e4911ea7b576","method":"GET","status_code":403,"duration_ms":14}
{"time":"2026-10-02T12:07:17.679578+08:00","level":"INFO","msg":"http request complete","request_id":"01a0facb-8799-74b7-b520-fc08c06a30b0","method":"GET","status_code":403,"duration_ms":22}
{"time":"2026-10-02T12:07:17.89738+08:00","level":"INFO","msg":"http request complete","request_id":"01a0facb-887a-73b1-b80d-17b3881feba8","method":"GET","status_code":403,"duration_ms":15}
{"time":"2026-10-02T12:07:18.11311+08:00","level":"INFO","msg":"http request complete","request_id":"01a0facb-8952-739d-9c6d-9dcc27477bf1","method":"GET","status_code":403,"duration_ms":14}
{"time":"2026-10-02T12:07:18.346572+08:00","level":"INFO","msg":"http request complete","request_id":"01a0facb-8a2b-7e2c-94b5-25ad5c8678b3","method":"GET","status_code":403,"duration_ms":30}
{"time":"2026-10-02T12:07:18.653328+08:00","level":"INFO","msg":"http request complete","request_id":"01a0facb-8b15-7153-8b80-433f04256ba2","method":"GET","status_code":403,"duration_ms":104}
{"time":"2026-10-02T12:07:18.864986+08:00","level":"INFO","msg":"http request complete","request_id":"01a0facb-8c47-7d71-8c84-1b9603a53759","method":"GET","status_code":403,"duration_ms":9}
{"time":"2026-10-02T12:07:19.075791+08:00","level":"INFO","msg":"http request complete","request_id":"01a0facb-8d1b-779d-bad7-8e275d51fba0","method":"GET","status_code":403,"duration_ms":8}
{"time":"2026-10-02T12:07:19.288556+08:00","level":"INFO","msg":"http request complete","request_id":"01a0facb-8dee-742e-92cb-6af1f2b7e426","method":"GET","status_code":403,"duration_ms":10}
{"time":"2026-10-02T12:07:19.533954+08:00","level":"INFO","msg":"http request complete","request_id":"01a0facb-8ec2-7d61-8527-0f60e5540865","method":"GET","status_code":403,"duration_ms":43}
{"time":"2026-10-02T12:07:19.791134+08:00","level":"INFO","msg":"http request complete","request_id":"01a0facb-8fb6-7b52-91a2-638685df398b","method":"GET","status_code":403,"duration_ms":56}
{"time":"2026-10-02T12:07:20.013287+08:00","level":"INFO","msg":"http request complete","request_id":"01a0facb-90b9-7c8a-8668-787da37e3c90","method":"GET","status_code":403,"duration_ms":19}
{"time":"2026-10-02T12:07:20.224748+08:00","level":"INFO","msg":"http request complete","request_id":"01a0facb-9196-7956-9a6e-fa5060b2cc39","method":"GET","status_code":403,"duration_ms":10}
{"time":"2026-10-02T12:07:20.658585+08:00","level":"INFO","msg":"http request complete","request_id":"01a0facb-926b-738e-950c-ffd46b07e615","method":"GET","status_code":403,"duration_ms":231}
{"time":"2026-10-02T12:07:20.904929+08:00","level":"INFO","msg":"http request complete","request_id":"01a0facb-941c-7edc-b095-01767b120c76","method":"GET","status_code":403,"duration_ms":43}
{"time":"2026-10-02T12:07:21.11553+08:00","level":"INFO","msg":"http request complete","request_id":"01a0facb-9512-77db-b86c-63278cea3ce8","method":"GET","status_code":403,"duration_ms":8}
{"time":"2026-10-02T12:07:21.327277+08:00","level":"INFO","msg":"http request complete","request_id":"01a0facb-95e4-774b-bf8f-10ac8393b022","method":"GET","status_code":403,"duration_ms":10}
{"time":"2026-10-02T12:07:21.549278+08:00","level":"INFO","msg":"http request complete","request_id":"01a0facb-96b9-75c4-b0f0-b503b6f4b3de","method":"GET","status_code":403,"duration_ms":19}
{"time":"2026-10-02T12:07:21.760522+08:00","level":"INFO","msg":"http request complete","request_id":"01a0facb-9797-7de6-81dd-daa037731d47","method":"GET","status_code":403,"duration_ms":8}
{"time":"2026-10-02T12:07:21.992701+08:00","level":"INFO","msg":"http request complete","request_id":"01a0facb-9869-7b85-9391-bc3b4d254d28","method":"GET","status_code":403,"duration_ms":30}
{"time":"2026-10-02T12:07:22.237598+08:00","level":"INFO","msg":"http request complete","request_id":"01a0facb-9951-7e63-ba8b-1095c4ffca42","method":"GET","status_code":403,"duration_ms":43}
{"time":"2026-10-02T12:07:22.757217+08:00","level":"INFO","msg":"http request complete","request_id":"01a0facb-9a48-71a1-9ad7-9a9de9b69e6d","method":"GET","status_code":200,"duration_ms":317}
{"time":"2026-10-02T12:07:22.856313+08:00","level":"INFO","msg":"http request complete","request_id":"01a0facb-9b85-781a-8a8f-40dff77119db","method":"POST","status_code":200,"duration_ms":98}
{"time":"2026-10-02T12:07:22.866245+08:00","level":"INFO","msg":"http request complete","request_id":"01a0facb-9be8-7753-b2e8-ebb122bbc76c","method":"GET","status_code":200,"duration_ms":9}
    sp04_fixture_chain_test.go:151: hardware fixture_only: actual OIDC API -> mTLS Worker -> qualified Adapter proof -> PostgreSQL/Transit/TLS S3 -> verified archive/read passed
{"time":"2026-10-02T12:07:22.977243+08:00","level":"INFO","msg":"http request complete","request_id":"01a0facb-9bf2-759d-823b-4d4058cc6ceb","method":"GET","status_code":200,"duration_ms":110}
{"time":"2026-10-02T12:07:23.029583+08:00","level":"INFO","msg":"http request complete","request_id":"01a0facb-9c61-77ac-8319-c1bcde678ed2","method":"POST","status_code":200,"duration_ms":52}
{"time":"2026-10-02T12:07:23.039136+08:00","level":"INFO","msg":"http request complete","request_id":"01a0facb-9c95-7c40-8332-09a9061d17af","method":"GET","status_code":200,"duration_ms":9}
    sp04_fixture_chain_test.go:151: network fixture_only: actual OIDC API -> mTLS Worker -> qualified Adapter proof -> PostgreSQL/Transit/TLS S3 -> verified archive/read passed
{"time":"2026-10-02T12:07:23.040037+08:00","level":"INFO","msg":"http request complete","request_id":"01a0facb-9c9f-7468-b051-031c57677a08","method":"POST","status_code":400,"duration_ms":0}
{"time":"2026-10-02T12:07:23.245244+08:00","level":"INFO","msg":"http request complete","request_id":"01a0facb-9d68-7d79-b68d-18acfe2c8887","method":"POST","status_code":400,"duration_ms":4}
{"time":"2026-10-02T12:07:23.451891+08:00","level":"INFO","msg":"http request complete","request_id":"01a0facb-9e37-7595-bd2a-eb9f42edf9ac","method":"POST","status_code":400,"duration_ms":4}
{"time":"2026-10-02T12:07:23.657573+08:00","level":"INFO","msg":"http request complete","request_id":"01a0facb-9f06-79b0-8496-1420c069c995","method":"POST","status_code":400,"duration_ms":2}
{"time":"2026-10-02T12:07:23.86072+08:00","level":"INFO","msg":"http request complete","request_id":"01a0facb-9fd2-7e50-83bf-7e38a7ecdfaa","method":"POST","status_code":400,"duration_ms":1}
{"time":"2026-10-02T12:07:24.065794+08:00","level":"INFO","msg":"http request complete","request_id":"01a0facb-a09f-7595-af36-39c457c5c3bb","method":"POST","status_code":400,"duration_ms":2}
{"time":"2026-10-02T12:07:24.270044+08:00","level":"INFO","msg":"http request complete","request_id":"01a0facb-a16c-75f7-b9a9-84a7fcfe9c7d","method":"POST","status_code":400,"duration_ms":1}
{"time":"2026-10-02T12:07:24.471982+08:00","level":"INFO","msg":"http request complete","request_id":"01a0facb-a236-79d3-88b1-5e071b0d8028","method":"POST","status_code":400,"duration_ms":1}
{"time":"2026-10-02T12:07:24.493015+08:00","level":"WARN","msg":"Graph ownership not ready","qualification":{"batch/v1/jobs":"watch_disconnected"}}
{"time":"2026-10-02T12:07:24.675974+08:00","level":"INFO","msg":"http request complete","request_id":"01a0facb-a302-78a6-9ade-9e3f905e3370","method":"POST","status_code":400,"duration_ms":1}
{"time":"2026-10-02T12:07:24.878603+08:00","level":"INFO","msg":"http request complete","request_id":"01a0facb-a3cd-7079-8373-d538c6392342","method":"POST","status_code":400,"duration_ms":1}
{"time":"2026-10-02T12:07:25.081687+08:00","level":"INFO","msg":"http request complete","request_id":"01a0facb-a498-74e5-b37b-3c2176aa07d8","method":"POST","status_code":400,"duration_ms":1}
{"time":"2026-10-02T12:07:25.284605+08:00","level":"INFO","msg":"http request complete","request_id":"01a0facb-a563-7059-8211-452820f8596a","method":"POST","status_code":400,"duration_ms":1}
{"time":"2026-10-02T12:07:25.488413+08:00","level":"INFO","msg":"http request complete","request_id":"01a0facb-a62f-72a3-b366-f777001b3366","method":"POST","status_code":400,"duration_ms":1}
{"time":"2026-10-02T12:07:25.691965+08:00","level":"INFO","msg":"http request complete","request_id":"01a0facb-a6fa-7a68-8813-6c361970f9ad","method":"POST","status_code":400,"duration_ms":1}
{"time":"2026-10-02T12:07:25.895168+08:00","level":"INFO","msg":"http request complete","request_id":"01a0facb-a7c6-719a-8225-2638e8c01eba","method":"POST","status_code":400,"duration_ms":1}
{"time":"2026-10-02T12:07:26.10164+08:00","level":"INFO","msg":"http request complete","request_id":"01a0facb-a891-7c77-b7ca-2ea6a16ea742","method":"POST","status_code":400,"duration_ms":3}
{"time":"2026-10-02T12:07:26.303828+08:00","level":"INFO","msg":"http request complete","request_id":"01a0facb-a95e-71fb-9a76-a1e5212ff76a","method":"POST","status_code":400,"duration_ms":1}
{"time":"2026-10-02T12:07:26.505874+08:00","level":"INFO","msg":"http request complete","request_id":"01a0facb-aa28-75d0-b646-2c404d3ad477","method":"POST","status_code":400,"duration_ms":1}
{"time":"2026-10-02T12:07:26.709865+08:00","level":"INFO","msg":"http request complete","request_id":"01a0facb-aaf4-7776-9f6f-48006d94c75f","method":"POST","status_code":400,"duration_ms":1}
{"time":"2026-10-02T12:07:26.950127+08:00","level":"INFO","msg":"http request complete","request_id":"01a0facb-abc0-7908-8672-dd61f7ec1b51","method":"POST","status_code":400,"duration_ms":37}
{"time":"2026-10-02T12:07:27.152442+08:00","level":"INFO","msg":"http request complete","request_id":"01a0facb-acae-7dcf-b53c-696bdf5b7185","method":"POST","status_code":400,"duration_ms":1}
{"time":"2026-10-02T12:07:27.357541+08:00","level":"INFO","msg":"http request complete","request_id":"01a0facb-ad7b-7144-b76b-087283b532df","method":"POST","status_code":400,"duration_ms":2}
{"time":"2026-10-02T12:07:27.561531+08:00","level":"INFO","msg":"http request complete","request_id":"01a0facb-ae47-73ef-a3b6-042a12aae735","method":"POST","status_code":400,"duration_ms":2}
{"time":"2026-10-02T12:07:27.764926+08:00","level":"INFO","msg":"http request complete","request_id":"01a0facb-af12-7376-9519-c0f5e64069d2","method":"POST","status_code":400,"duration_ms":2}
{"time":"2026-10-02T12:07:27.968996+08:00","level":"INFO","msg":"http request complete","request_id":"01a0facb-afdf-7753-8098-e01881ad30e1","method":"POST","status_code":400,"duration_ms":1}
{"time":"2026-10-02T12:07:28.174294+08:00","level":"INFO","msg":"http request complete","request_id":"01a0facb-b0a9-7d17-8f79-d26187c15730","method":"POST","status_code":400,"duration_ms":4}
{"time":"2026-10-02T12:07:28.377907+08:00","level":"INFO","msg":"http request complete","request_id":"01a0facb-b178-7059-8161-4dc81582c4b9","method":"POST","status_code":400,"duration_ms":1}
{"time":"2026-10-02T12:07:28.581182+08:00","level":"INFO","msg":"http request complete","request_id":"01a0facb-b243-7d3a-85a8-be6e6beef988","method":"POST","status_code":400,"duration_ms":1}
{"time":"2026-10-02T12:07:28.787325+08:00","level":"INFO","msg":"http request complete","request_id":"01a0facb-b30e-7a1d-b676-af8414c130e3","method":"POST","status_code":400,"duration_ms":4}
{"time":"2026-10-02T12:07:28.991206+08:00","level":"INFO","msg":"http request complete","request_id":"01a0facb-b3dd-7bb0-bb92-54ee7346e80e","method":"POST","status_code":400,"duration_ms":1}
{"time":"2026-10-02T12:07:29.194537+08:00","level":"INFO","msg":"http request complete","request_id":"01a0facb-b4a8-769f-ad5c-e81bb8709134","method":"POST","status_code":400,"duration_ms":2}
{"time":"2026-10-02T12:07:29.398864+08:00","level":"INFO","msg":"http request complete","request_id":"01a0facb-b575-714f-afd2-184a8cf9d658","method":"POST","status_code":400,"duration_ms":1}
{"time":"2026-10-02T12:07:29.603173+08:00","level":"INFO","msg":"http request complete","request_id":"01a0facb-b641-73b1-8da7-c79f7e761a97","method":"POST","status_code":400,"duration_ms":1}
{"time":"2026-10-02T12:07:29.809453+08:00","level":"INFO","msg":"http request complete","request_id":"01a0facb-b70c-765c-a347-929dd91029ca","method":"POST","status_code":400,"duration_ms":4}
{"time":"2026-10-02T12:07:30.014402+08:00","level":"INFO","msg":"http request complete","request_id":"01a0facb-b7dc-7109-92f5-2a07ae7b7631","method":"POST","status_code":400,"duration_ms":2}
{"time":"2026-10-02T12:07:30.217506+08:00","level":"INFO","msg":"http request complete","request_id":"01a0facb-b8a7-7bd7-8dee-0077b018f37f","method":"POST","status_code":400,"duration_ms":1}
{"time":"2026-10-02T12:07:30.422585+08:00","level":"INFO","msg":"http request complete","request_id":"01a0facb-b972-7e63-a538-94cdddc0f1fd","method":"POST","status_code":400,"duration_ms":3}
{"time":"2026-10-02T12:07:30.626597+08:00","level":"INFO","msg":"http request complete","request_id":"01a0facb-ba40-79f2-87ee-5df3f5c744c9","method":"POST","status_code":400,"duration_ms":1}
{"time":"2026-10-02T12:07:30.834089+08:00","level":"INFO","msg":"http request complete","request_id":"01a0facb-bb0d-75d0-bbde-9df524084f2b","method":"POST","status_code":400,"duration_ms":4}
{"time":"2026-10-02T12:07:31.040905+08:00","level":"INFO","msg":"http request complete","request_id":"01a0facb-bbdd-705d-9c48-de69884f8dc3","method":"POST","status_code":400,"duration_ms":3}
{"time":"2026-10-02T12:07:31.245098+08:00","level":"INFO","msg":"http request complete","request_id":"01a0facb-bcab-78be-9b01-deef43a3d50e","method":"POST","status_code":400,"duration_ms":1}
{"time":"2026-10-02T12:07:31.448431+08:00","level":"INFO","msg":"http request complete","request_id":"01a0facb-bd76-750c-8c8b-e0d7f695961c","method":"POST","status_code":400,"duration_ms":2}
{"time":"2026-10-02T12:07:31.654206+08:00","level":"INFO","msg":"http request complete","request_id":"01a0facb-be41-73e4-887a-ac729393ad38","method":"POST","status_code":400,"duration_ms":4}
{"time":"2026-10-02T12:07:31.860483+08:00","level":"INFO","msg":"http request complete","request_id":"01a0facb-bf10-7b0c-90fa-7c690eb35202","method":"POST","status_code":400,"duration_ms":3}
{"time":"2026-10-02T12:07:32.074554+08:00","level":"INFO","msg":"http request complete","request_id":"01a0facb-bfdf-79c0-b529-520aa6e18a7f","method":"POST","status_code":400,"duration_ms":10}
{"time":"2026-10-02T12:07:32.277724+08:00","level":"INFO","msg":"http request complete","request_id":"01a0facb-c0b4-762e-a336-97a09c6b72ca","method":"POST","status_code":400,"duration_ms":1}
{"time":"2026-10-02T12:07:32.479759+08:00","level":"INFO","msg":"http request complete","request_id":"01a0facb-c17e-7046-a144-880431219654","method":"POST","status_code":400,"duration_ms":1}
{"time":"2026-10-02T12:07:32.686075+08:00","level":"INFO","msg":"http request complete","request_id":"01a0facb-c24c-7403-8c35-2a1cf97fad12","method":"POST","status_code":400,"duration_ms":1}
{"time":"2026-10-02T12:07:32.888858+08:00","level":"INFO","msg":"http request complete","request_id":"01a0facb-c317-7d3e-9d1d-fc792927a462","method":"POST","status_code":400,"duration_ms":0}
{"time":"2026-10-02T12:07:33.092295+08:00","level":"INFO","msg":"http request complete","request_id":"01a0facb-c3e2-7850-9be0-fcb11e4c90c0","method":"POST","status_code":400,"duration_ms":1}
{"time":"2026-10-02T12:07:33.296351+08:00","level":"INFO","msg":"http request complete","request_id":"01a0facb-c4af-7059-b1ed-942ddf8d74a3","method":"POST","status_code":400,"duration_ms":1}
{"time":"2026-10-02T12:07:33.500268+08:00","level":"INFO","msg":"http request complete","request_id":"01a0facb-c57a-7d90-8392-a07060d3ccb0","method":"POST","status_code":400,"duration_ms":1}
{"time":"2026-10-02T12:07:33.706601+08:00","level":"INFO","msg":"http request complete","request_id":"01a0facb-c646-7a0a-ad69-d5c7fc0fc1ee","method":"POST","status_code":400,"duration_ms":3}
{"time":"2026-10-02T12:07:33.910747+08:00","level":"INFO","msg":"http request complete","request_id":"01a0facb-c715-72a7-a05a-cb2072b60af0","method":"POST","status_code":400,"duration_ms":1}
{"time":"2026-10-02T12:07:34.115174+08:00","level":"INFO","msg":"http request complete","request_id":"01a0facb-c7e1-7612-97bf-c2cc56e83e8d","method":"POST","status_code":400,"duration_ms":1}
{"time":"2026-10-02T12:07:34.318625+08:00","level":"INFO","msg":"http request complete","request_id":"01a0facb-c8ab-7a29-9332-0eb5fdf531c9","method":"POST","status_code":400,"duration_ms":2}
{"time":"2026-10-02T12:07:34.521541+08:00","level":"INFO","msg":"http request complete","request_id":"01a0facb-c978-71b5-bd61-42e4f0bee9af","method":"POST","status_code":400,"duration_ms":1}
{"time":"2026-10-02T12:07:34.725989+08:00","level":"INFO","msg":"http request complete","request_id":"01a0facb-ca44-726d-96cb-8c73fba5dff2","method":"POST","status_code":400,"duration_ms":1}
{"time":"2026-10-02T12:07:34.930147+08:00","level":"INFO","msg":"http request complete","request_id":"01a0facb-cb10-724d-a90c-51629f0d1182","method":"POST","status_code":400,"duration_ms":1}
{"time":"2026-10-02T12:07:35.133125+08:00","level":"INFO","msg":"http request complete","request_id":"01a0facb-cbdb-77b0-b291-965c3c7142b5","method":"POST","status_code":400,"duration_ms":1}
{"time":"2026-10-02T12:07:35.336575+08:00","level":"INFO","msg":"http request complete","request_id":"01a0facb-cca7-7269-9b88-8a355f2143c2","method":"POST","status_code":400,"duration_ms":1}
{"time":"2026-10-02T12:07:35.538897+08:00","level":"INFO","msg":"http request complete","request_id":"01a0facb-cd71-73c0-95f1-198de96851c9","method":"POST","status_code":400,"duration_ms":1}
{"time":"2026-10-02T12:07:35.741647+08:00","level":"INFO","msg":"http request complete","request_id":"01a0facb-ce3b-74de-8d6e-49d11652fd35","method":"POST","status_code":400,"duration_ms":2}
{"time":"2026-10-02T12:07:35.943554+08:00","level":"INFO","msg":"http request complete","request_id":"01a0facb-cf06-7192-a71e-dede8a9e0550","method":"POST","status_code":400,"duration_ms":1}
{"time":"2026-10-02T12:07:36.147114+08:00","level":"INFO","msg":"http request complete","request_id":"01a0facb-cfd1-7b8d-b1a1-144bd790468d","method":"POST","status_code":400,"duration_ms":1}
{"time":"2026-10-02T12:07:36.348709+08:00","level":"INFO","msg":"http request complete","request_id":"01a0facb-d09b-7a54-a3d1-13576f4eb9a1","method":"POST","status_code":400,"duration_ms":0}
{"time":"2026-10-02T12:07:36.553242+08:00","level":"INFO","msg":"http request complete","request_id":"01a0facb-d167-7606-ad06-8f48b1b5c81d","method":"POST","status_code":400,"duration_ms":1}
{"time":"2026-10-02T12:07:36.757609+08:00","level":"INFO","msg":"http request complete","request_id":"01a0facb-d233-7d6d-bcb7-c935ffb157b9","method":"POST","status_code":400,"duration_ms":1}
{"time":"2026-10-02T12:07:36.962072+08:00","level":"INFO","msg":"http request complete","request_id":"01a0facb-d2ff-73ef-89d6-aae816636add","method":"POST","status_code":400,"duration_ms":2}
{"time":"2026-10-02T12:07:37.166829+08:00","level":"INFO","msg":"http request complete","request_id":"01a0facb-d3cc-7d0f-827f-5598b5597ab8","method":"POST","status_code":400,"duration_ms":1}
{"time":"2026-10-02T12:07:37.370953+08:00","level":"INFO","msg":"http request complete","request_id":"01a0facb-d499-74f1-9f9e-168a2013ac5b","method":"POST","status_code":400,"duration_ms":1}
{"time":"2026-10-02T12:07:37.576076+08:00","level":"INFO","msg":"http request complete","request_id":"01a0facb-d566-711d-a854-6ae9c6184c1f","method":"POST","status_code":400,"duration_ms":1}
{"time":"2026-10-02T12:07:37.783253+08:00","level":"INFO","msg":"http request complete","request_id":"01a0facb-d631-7140-ad0e-af02d2e35fdf","method":"POST","status_code":400,"duration_ms":6}
{"time":"2026-10-02T12:07:37.987855+08:00","level":"INFO","msg":"http request complete","request_id":"01a0facb-d701-7dfa-929c-c4f2c4f4f500","method":"POST","status_code":400,"duration_ms":1}
{"time":"2026-10-02T12:07:38.194564+08:00","level":"INFO","msg":"http request complete","request_id":"01a0facb-d7cd-7dc3-a03b-4f810c39bc65","method":"POST","status_code":400,"duration_ms":4}
{"time":"2026-10-02T12:07:38.399842+08:00","level":"INFO","msg":"http request complete","request_id":"01a0facb-d89c-7426-8b9d-e7c3b4c3f124","method":"POST","status_code":400,"duration_ms":3}
{"time":"2026-10-02T12:07:38.603766+08:00","level":"INFO","msg":"http request complete","request_id":"01a0facb-d96a-76d9-8fc0-931c92cccb2f","method":"POST","status_code":400,"duration_ms":1}
{"time":"2026-10-02T12:07:38.809802+08:00","level":"INFO","msg":"http request complete","request_id":"01a0facb-da34-7943-a704-04db06a3cff3","method":"POST","status_code":400,"duration_ms":5}
{"time":"2026-10-02T12:07:39.014314+08:00","level":"INFO","msg":"http request complete","request_id":"01a0facb-db04-7a87-ada5-bb522c323d05","method":"POST","status_code":400,"duration_ms":1}
{"time":"2026-10-02T12:07:39.218802+08:00","level":"INFO","msg":"http request complete","request_id":"01a0facb-dbcf-7c58-b5fd-1c18a1ee56c3","method":"POST","status_code":400,"duration_ms":2}
{"time":"2026-10-02T12:07:39.421522+08:00","level":"INFO","msg":"http request complete","request_id":"01a0facb-dc9b-7943-a3b7-5f695dbad969","method":"POST","status_code":400,"duration_ms":1}
{"time":"2026-10-02T12:07:39.624746+08:00","level":"INFO","msg":"http request complete","request_id":"01a0facb-dd66-7674-9089-f534a16f6a5a","method":"POST","status_code":400,"duration_ms":2}
{"time":"2026-10-02T12:07:39.828689+08:00","level":"INFO","msg":"http request complete","request_id":"01a0facb-de32-767c-8d28-617eee00564e","method":"POST","status_code":400,"duration_ms":2}
{"time":"2026-10-02T12:07:40.033381+08:00","level":"INFO","msg":"http request complete","request_id":"01a0facb-defd-735b-a0e6-23394f7bd8ef","method":"POST","status_code":400,"duration_ms":4}
{"time":"2026-10-02T12:07:40.237774+08:00","level":"INFO","msg":"http request complete","request_id":"01a0facb-dfcb-7f07-8fa0-ca971d41719d","method":"POST","status_code":400,"duration_ms":1}
{"time":"2026-10-02T12:07:40.442193+08:00","level":"INFO","msg":"http request complete","request_id":"01a0facb-e098-74e5-885f-2cbd2cb0daaf","method":"POST","status_code":400,"duration_ms":1}
{"time":"2026-10-02T12:07:40.644938+08:00","level":"INFO","msg":"http request complete","request_id":"01a0facb-e163-7426-8b7a-d29eecdc2c5c","method":"POST","status_code":400,"duration_ms":1}
{"time":"2026-10-02T12:07:40.849119+08:00","level":"INFO","msg":"http request complete","request_id":"01a0facb-e22e-7334-bcde-d69dab66f7ac","method":"POST","status_code":400,"duration_ms":2}
{"time":"2026-10-02T12:07:41.055756+08:00","level":"INFO","msg":"http request complete","request_id":"01a0facb-e2fa-7d4a-a811-7a9a8319833b","method":"POST","status_code":400,"duration_ms":4}
{"time":"2026-10-02T12:07:41.260184+08:00","level":"INFO","msg":"http request complete","request_id":"01a0facb-e3ca-788f-93ff-8fa039cdaf2e","method":"POST","status_code":400,"duration_ms":1}
{"time":"2026-10-02T12:07:41.463132+08:00","level":"INFO","msg":"http request complete","request_id":"01a0facb-e495-72ca-a408-01aa42c0b92f","method":"POST","status_code":400,"duration_ms":1}
{"time":"2026-10-02T12:07:41.668846+08:00","level":"INFO","msg":"http request complete","request_id":"01a0facb-e561-7923-8bce-f33506852eec","method":"POST","status_code":400,"duration_ms":3}
{"time":"2026-10-02T12:07:41.872694+08:00","level":"INFO","msg":"http request complete","request_id":"01a0facb-e62e-7075-a212-d03af710bc59","method":"POST","status_code":400,"duration_ms":2}
{"time":"2026-10-02T12:07:42.07641+08:00","level":"INFO","msg":"http request complete","request_id":"01a0facb-e6fb-7261-b794-2fba99496e6a","method":"POST","status_code":400,"duration_ms":1}
{"time":"2026-10-02T12:07:42.280291+08:00","level":"INFO","msg":"http request complete","request_id":"01a0facb-e7c6-7f03-9b61-f4c5eea7205f","method":"POST","status_code":400,"duration_ms":1}
{"time":"2026-10-02T12:07:42.483061+08:00","level":"INFO","msg":"http request complete","request_id":"01a0facb-e891-7ae1-807a-7f452de6cb9d","method":"POST","status_code":400,"duration_ms":1}
{"time":"2026-10-02T12:07:42.687575+08:00","level":"INFO","msg":"http request complete","request_id":"01a0facb-e95d-7b81-86a6-914b25db8b9c","method":"POST","status_code":400,"duration_ms":1}
{"time":"2026-10-02T12:07:42.892327+08:00","level":"INFO","msg":"http request complete","request_id":"01a0facb-ea2a-7493-b97c-f4195608678f","method":"POST","status_code":400,"duration_ms":1}
{"time":"2026-10-02T12:07:43.096673+08:00","level":"INFO","msg":"http request complete","request_id":"01a0facb-eaf7-7138-a4f8-491ac281e731","method":"POST","status_code":400,"duration_ms":1}
{"time":"2026-10-02T12:07:43.299283+08:00","level":"INFO","msg":"http request complete","request_id":"01a0facb-ebc1-7651-b420-b368204e74c2","method":"POST","status_code":400,"duration_ms":1}
{"time":"2026-10-02T12:07:43.502956+08:00","level":"INFO","msg":"http request complete","request_id":"01a0facb-ec8d-7c63-a05b-0a1eb503e2ae","method":"POST","status_code":400,"duration_ms":1}
{"time":"2026-10-02T12:07:43.707313+08:00","level":"INFO","msg":"http request complete","request_id":"01a0facb-ed59-78a2-b606-f793ba2eddea","method":"POST","status_code":400,"duration_ms":1}
{"time":"2026-10-02T12:07:43.911589+08:00","level":"INFO","msg":"http request complete","request_id":"01a0facb-ee25-7d61-95b9-1e024b5b1a67","method":"POST","status_code":400,"duration_ms":1}
{"time":"2026-10-02T12:07:44.117595+08:00","level":"INFO","msg":"http request complete","request_id":"01a0facb-eef1-7d6d-b584-1d75de01861e","method":"POST","status_code":400,"duration_ms":3}
{"time":"2026-10-02T12:07:44.319575+08:00","level":"INFO","msg":"http request complete","request_id":"01a0facb-efbe-73fb-bba3-5472542cb28a","method":"POST","status_code":400,"duration_ms":1}
{"time":"2026-10-02T12:07:44.524623+08:00","level":"INFO","msg":"http request complete","request_id":"01a0facb-f08a-70a4-ac44-8293fde97188","method":"POST","status_code":400,"duration_ms":2}
{"time":"2026-10-02T12:07:44.727534+08:00","level":"INFO","msg":"http request complete","request_id":"01a0facb-f155-7ca6-88d5-ad9ba63949e7","method":"POST","status_code":400,"duration_ms":1}
{"time":"2026-10-02T12:07:44.933403+08:00","level":"INFO","msg":"http request complete","request_id":"01a0facb-f222-74ce-8bdb-815a826948b5","method":"POST","status_code":400,"duration_ms":3}
{"time":"2026-10-02T12:07:45.136528+08:00","level":"INFO","msg":"http request complete","request_id":"01a0facb-f2ee-7ba4-b499-3fc95a53dcaa","method":"POST","status_code":400,"duration_ms":1}
{"time":"2026-10-02T12:07:45.339266+08:00","level":"INFO","msg":"http request complete","request_id":"01a0facb-f3b9-783d-a665-1ef3d983e610","method":"POST","status_code":400,"duration_ms":1}
{"time":"2026-10-02T12:07:45.542162+08:00","level":"INFO","msg":"http request complete","request_id":"01a0facb-f484-776a-b755-3f89aafac179","method":"POST","status_code":400,"duration_ms":1}
{"time":"2026-10-02T12:07:45.744683+08:00","level":"INFO","msg":"http request complete","request_id":"01a0facb-f54f-70f6-859f-b090f23653f4","method":"POST","status_code":400,"duration_ms":1}
{"time":"2026-10-02T12:07:45.95778+08:00","level":"INFO","msg":"http request complete","request_id":"01a0facb-f61b-729f-96be-81c1b450add3","method":"POST","status_code":400,"duration_ms":10}
{"time":"2026-10-02T12:07:46.161667+08:00","level":"INFO","msg":"http request complete","request_id":"01a0facb-f6f0-71cc-b4c1-803e9b078452","method":"POST","status_code":400,"duration_ms":1}
{"time":"2026-10-02T12:07:46.368927+08:00","level":"INFO","msg":"http request complete","request_id":"01a0facb-f7bc-71d0-9f85-c963076b7d63","method":"POST","status_code":400,"duration_ms":4}
{"time":"2026-10-02T12:07:46.571105+08:00","level":"INFO","msg":"http request complete","request_id":"01a0facb-f889-7d81-921c-c9678e7676b2","method":"POST","status_code":400,"duration_ms":1}
{"time":"2026-10-02T12:07:46.774598+08:00","level":"INFO","msg":"http request complete","request_id":"01a0facb-f955-749f-84a4-a9703e5a0606","method":"POST","status_code":400,"duration_ms":1}
{"time":"2026-10-02T12:07:46.978265+08:00","level":"INFO","msg":"http request complete","request_id":"01a0facb-fa20-7d00-bfda-d253407e0a55","method":"POST","status_code":400,"duration_ms":1}
{"time":"2026-10-02T12:07:47.182211+08:00","level":"INFO","msg":"http request complete","request_id":"01a0facb-faec-7bd7-b9fe-07c0a28056a0","method":"POST","status_code":400,"duration_ms":1}
{"time":"2026-10-02T12:07:47.400353+08:00","level":"INFO","msg":"http request complete","request_id":"01a0facb-fbb7-762a-9002-0eda0383821c","method":"POST","status_code":400,"duration_ms":16}
{"time":"2026-10-02T12:07:47.607786+08:00","level":"INFO","msg":"http request complete","request_id":"01a0facb-fc92-7c63-8b0d-408962bdfbb9","method":"POST","status_code":400,"duration_ms":4}
{"time":"2026-10-02T12:07:47.811297+08:00","level":"INFO","msg":"http request complete","request_id":"01a0facb-fd61-738a-8e69-100015c515e5","method":"POST","status_code":400,"duration_ms":2}
{"time":"2026-10-02T12:07:48.015534+08:00","level":"INFO","msg":"http request complete","request_id":"01a0facb-fe2c-790c-81a9-b0186a43bd9b","method":"POST","status_code":400,"duration_ms":2}
{"time":"2026-10-02T12:07:48.220716+08:00","level":"INFO","msg":"http request complete","request_id":"01a0facb-fefa-7338-8718-2c07a120892b","method":"POST","status_code":400,"duration_ms":2}
{"time":"2026-10-02T12:07:48.425033+08:00","level":"INFO","msg":"http request complete","request_id":"01a0facb-ffc7-7493-8729-5e517b6379c3","method":"POST","status_code":400,"duration_ms":1}
{"time":"2026-10-02T12:07:48.629465+08:00","level":"INFO","msg":"http request complete","request_id":"01a0facc-0093-7b2b-89cb-a4083732a3cd","method":"POST","status_code":400,"duration_ms":1}
{"time":"2026-10-02T12:07:48.83231+08:00","level":"INFO","msg":"http request complete","request_id":"01a0facc-015e-792b-9cf6-40db9466e639","method":"POST","status_code":400,"duration_ms":1}
{"time":"2026-10-02T12:07:49.036609+08:00","level":"INFO","msg":"http request complete","request_id":"01a0facc-022a-7e50-82d7-e732c3ce16f7","method":"POST","status_code":400,"duration_ms":1}
{"time":"2026-10-02T12:07:49.245884+08:00","level":"INFO","msg":"http request complete","request_id":"01a0facc-02f7-76c2-b664-90ba63429276","method":"POST","status_code":400,"duration_ms":6}
{"time":"2026-10-02T12:07:49.450605+08:00","level":"INFO","msg":"http request complete","request_id":"01a0facc-03c8-7cdc-9164-dc6221331678","method":"POST","status_code":400,"duration_ms":1}
{"time":"2026-10-02T12:07:49.654934+08:00","level":"INFO","msg":"http request complete","request_id":"01a0facc-0495-731c-a2f8-8e3d8cdc1d7e","method":"POST","status_code":400,"duration_ms":1}
{"time":"2026-10-02T12:07:49.871228+08:00","level":"INFO","msg":"http request complete","request_id":"01a0facc-0560-787f-99d4-0401358271b2","method":"POST","status_code":400,"duration_ms":14}
{"time":"2026-10-02T12:07:50.074286+08:00","level":"INFO","msg":"http request complete","request_id":"01a0facc-0638-7a9a-be60-7d25a70e27cc","method":"POST","status_code":400,"duration_ms":1}
{"time":"2026-10-02T12:07:50.279677+08:00","level":"INFO","msg":"http request complete","request_id":"01a0facc-0704-7027-a4e8-13eab0fd0511","method":"POST","status_code":400,"duration_ms":3}
{"time":"2026-10-02T12:07:50.481417+08:00","level":"INFO","msg":"http request complete","request_id":"01a0facc-07d0-7177-b559-6c3a57aaf6d2","method":"POST","status_code":400,"duration_ms":1}
{"time":"2026-10-02T12:07:50.685348+08:00","level":"INFO","msg":"http request complete","request_id":"01a0facc-089b-7795-adc6-41e264d81494","method":"POST","status_code":400,"duration_ms":1}
{"time":"2026-10-02T12:07:50.889639+08:00","level":"INFO","msg":"http request complete","request_id":"01a0facc-0967-724d-9bed-0f2c4ea3ce02","method":"POST","status_code":400,"duration_ms":2}
{"time":"2026-10-02T12:07:51.095597+08:00","level":"INFO","msg":"http request complete","request_id":"01a0facc-0a34-7399-bbec-f13f2faef125","method":"POST","status_code":400,"duration_ms":3}
{"time":"2026-10-02T12:07:51.299914+08:00","level":"INFO","msg":"http request complete","request_id":"01a0facc-0b02-757e-909c-b7c70bf1d209","method":"POST","status_code":400,"duration_ms":1}
{"time":"2026-10-02T12:07:51.505152+08:00","level":"INFO","msg":"http request complete","request_id":"01a0facc-0bce-78b2-b6c7-cebfe82d898d","method":"POST","status_code":400,"duration_ms":2}
{"time":"2026-10-02T12:07:51.709515+08:00","level":"INFO","msg":"http request complete","request_id":"01a0facc-0c9b-7382-9fb9-82e49710e101","method":"POST","status_code":400,"duration_ms":2}
{"time":"2026-10-02T12:07:51.916572+08:00","level":"INFO","msg":"http request complete","request_id":"01a0facc-0d67-72bb-be61-263b24b92ed6","method":"POST","status_code":400,"duration_ms":5}
{"time":"2026-10-02T12:07:52.121013+08:00","level":"INFO","msg":"http request complete","request_id":"01a0facc-0e37-742e-b869-bd68ba9efc39","method":"POST","status_code":400,"duration_ms":1}
{"time":"2026-10-02T12:07:52.325795+08:00","level":"INFO","msg":"http request complete","request_id":"01a0facc-0f03-7259-ae64-f70b9a510e28","method":"POST","status_code":400,"duration_ms":2}
{"time":"2026-10-02T12:07:52.527147+08:00","level":"INFO","msg":"http request complete","request_id":"01a0facc-0fce-76f1-9b3b-d26610a4c664","method":"POST","status_code":400,"duration_ms":0}
{"time":"2026-10-02T12:07:52.734461+08:00","level":"INFO","msg":"http request complete","request_id":"01a0facc-1099-73b1-bd04-755373fa4bf1","method":"POST","status_code":400,"duration_ms":5}
{"time":"2026-10-02T12:07:52.937681+08:00","level":"INFO","msg":"http request complete","request_id":"01a0facc-1167-7b71-8e12-61b30bb9316b","method":"POST","status_code":400,"duration_ms":1}
{"time":"2026-10-02T12:07:53.155809+08:00","level":"INFO","msg":"http request complete","request_id":"01a0facc-1234-73bd-bc14-50e66b1e9a79","method":"POST","status_code":400,"duration_ms":15}
{"time":"2026-10-02T12:07:53.361853+08:00","level":"INFO","msg":"http request complete","request_id":"01a0facc-130d-7128-af0a-092a6759bc18","method":"POST","status_code":400,"duration_ms":4}
{"time":"2026-10-02T12:07:53.566128+08:00","level":"INFO","msg":"http request complete","request_id":"01a0facc-13dc-754f-a27f-e76f5559d3bf","method":"POST","status_code":400,"duration_ms":1}
{"time":"2026-10-02T12:07:53.780332+08:00","level":"INFO","msg":"http request complete","request_id":"01a0facc-14a8-76ed-9fb7-5e9c416f66d3","method":"POST","status_code":400,"duration_ms":11}
{"time":"2026-10-02T12:07:53.983544+08:00","level":"INFO","msg":"http request complete","request_id":"01a0facc-157d-7ad1-a8b8-ef3a6421f3ce","method":"POST","status_code":400,"duration_ms":1}
{"time":"2026-10-02T12:07:54.189453+08:00","level":"INFO","msg":"http request complete","request_id":"01a0facc-1649-73b1-90dc-193d4426bbe1","method":"POST","status_code":400,"duration_ms":4}
{"time":"2026-10-02T12:07:54.394379+08:00","level":"INFO","msg":"http request complete","request_id":"01a0facc-1716-7822-8e4a-68535dc919d9","method":"POST","status_code":400,"duration_ms":3}
{"time":"2026-10-02T12:07:54.49496+08:00","level":"WARN","msg":"Graph ownership not ready","qualification":{"/v1/persistentvolumes":"watch_disconnected"}}
{"time":"2026-10-02T12:07:54.595639+08:00","level":"INFO","msg":"http request complete","request_id":"01a0facc-17e2-7a25-867e-a3c74fd90004","method":"POST","status_code":400,"duration_ms":0}
{"time":"2026-10-02T12:07:54.798627+08:00","level":"INFO","msg":"http request complete","request_id":"01a0facc-18ac-715f-8f03-478af5b6c750","method":"POST","status_code":400,"duration_ms":2}
{"time":"2026-10-02T12:07:55.013783+08:00","level":"INFO","msg":"http request complete","request_id":"01a0facc-1978-7bc7-8d08-b2823366e299","method":"POST","status_code":400,"duration_ms":12}
{"time":"2026-10-02T12:07:55.218902+08:00","level":"INFO","msg":"http request complete","request_id":"01a0facc-1a4e-7395-8479-18f6455e0e52","method":"POST","status_code":400,"duration_ms":4}
{"time":"2026-10-02T12:07:55.421305+08:00","level":"INFO","msg":"http request complete","request_id":"01a0facc-1b1c-718a-9a03-bbaa347388d2","method":"POST","status_code":400,"duration_ms":1}
{"time":"2026-10-02T12:07:55.633457+08:00","level":"INFO","msg":"http request complete","request_id":"01a0facc-1be7-751c-82c6-e759a36e09b3","method":"POST","status_code":400,"duration_ms":10}
{"time":"2026-10-02T12:07:55.843589+08:00","level":"INFO","msg":"http request complete","request_id":"01a0facc-1cbb-7a68-90dc-0083737f97fa","method":"POST","status_code":400,"duration_ms":7}
{"time":"2026-10-02T12:07:56.046245+08:00","level":"INFO","msg":"http request complete","request_id":"01a0facc-1d8c-78c6-bb96-88806076f4a5","method":"POST","status_code":400,"duration_ms":1}
{"time":"2026-10-02T12:07:56.25035+08:00","level":"INFO","msg":"http request complete","request_id":"01a0facc-1e58-79fa-b06b-8ac5bec11563","method":"POST","status_code":400,"duration_ms":1}
{"time":"2026-10-02T12:07:56.452592+08:00","level":"INFO","msg":"http request complete","request_id":"01a0facc-1f22-7f23-80c7-4ad820c0cb46","method":"POST","status_code":400,"duration_ms":1}
{"time":"2026-10-02T12:07:56.655968+08:00","level":"INFO","msg":"http request complete","request_id":"01a0facc-1fee-7497-8b27-ff104d9b7bfe","method":"POST","status_code":400,"duration_ms":1}
{"time":"2026-10-02T12:07:56.860483+08:00","level":"INFO","msg":"http request complete","request_id":"01a0facc-20ba-7c6f-a314-ee5675996394","method":"POST","status_code":400,"duration_ms":1}
{"time":"2026-10-02T12:07:57.063143+08:00","level":"INFO","msg":"http request complete","request_id":"01a0facc-2185-7bd7-bb78-14af97aaf47b","method":"POST","status_code":400,"duration_ms":1}
{"time":"2026-10-02T12:07:57.267841+08:00","level":"INFO","msg":"http request complete","request_id":"01a0facc-2251-79c0-b856-51a13f10a3aa","method":"POST","status_code":400,"duration_ms":2}
{"time":"2026-10-02T12:07:57.471281+08:00","level":"INFO","msg":"http request complete","request_id":"01a0facc-231e-7484-b34c-96795c8fd5e6","method":"POST","status_code":400,"duration_ms":0}
{"time":"2026-10-02T12:07:57.674502+08:00","level":"INFO","msg":"http request complete","request_id":"01a0facc-23e9-72bb-bda2-164aaaf98367","method":"POST","status_code":400,"duration_ms":1}
{"time":"2026-10-02T12:07:57.877588+08:00","level":"INFO","msg":"http request complete","request_id":"01a0facc-24b3-737e-821b-d03e0c7802b2","method":"POST","status_code":400,"duration_ms":2}
{"time":"2026-10-02T12:07:58.08115+08:00","level":"INFO","msg":"http request complete","request_id":"01a0facc-257f-7305-a50b-f0441a91e5bc","method":"POST","status_code":400,"duration_ms":1}
{"time":"2026-10-02T12:07:58.283821+08:00","level":"INFO","msg":"http request complete","request_id":"01a0facc-264a-7196-afdd-1a92c82abcf1","method":"POST","status_code":400,"duration_ms":1}
{"time":"2026-10-02T12:07:58.487057+08:00","level":"INFO","msg":"http request complete","request_id":"01a0facc-2714-7cf8-b116-f494c0d9786d","method":"POST","status_code":400,"duration_ms":2}
{"time":"2026-10-02T12:07:58.692082+08:00","level":"INFO","msg":"http request complete","request_id":"01a0facc-27e1-7c11-9f96-09bdc6c3a62f","method":"POST","status_code":400,"duration_ms":2}
{"time":"2026-10-02T12:07:58.896959+08:00","level":"INFO","msg":"http request complete","request_id":"01a0facc-28ae-7b2f-948b-1d6cdc3c185e","method":"POST","status_code":400,"duration_ms":2}
{"time":"2026-10-02T12:07:59.100624+08:00","level":"INFO","msg":"http request complete","request_id":"01a0facc-297b-764d-a55a-7d5fe41f0824","method":"POST","status_code":400,"duration_ms":1}
{"time":"2026-10-02T12:07:59.304564+08:00","level":"INFO","msg":"http request complete","request_id":"01a0facc-2a47-712c-a49b-db1e5bf88aa5","method":"POST","status_code":400,"duration_ms":1}
{"time":"2026-10-02T12:07:59.508846+08:00","level":"INFO","msg":"http request complete","request_id":"01a0facc-2b13-7071-834c-182400d4d61b","method":"POST","status_code":400,"duration_ms":1}
{"time":"2026-10-02T12:07:59.710947+08:00","level":"INFO","msg":"http request complete","request_id":"01a0facc-2bdd-78d1-a9f1-9197c2be6b94","method":"POST","status_code":400,"duration_ms":1}
{"time":"2026-10-02T12:07:59.918465+08:00","level":"INFO","msg":"http request complete","request_id":"01a0facc-2ca9-7b3e-b34b-510fbeb11b83","method":"POST","status_code":400,"duration_ms":4}
{"time":"2026-10-02T12:08:00.122658+08:00","level":"INFO","msg":"http request complete","request_id":"01a0facc-2d79-74b7-891e-0b05683e85e2","method":"POST","status_code":400,"duration_ms":1}
{"time":"2026-10-02T12:08:00.325743+08:00","level":"INFO","msg":"http request complete","request_id":"01a0facc-2e44-70e2-bf62-e0e11dffc011","method":"POST","status_code":400,"duration_ms":1}
{"time":"2026-10-02T12:08:00.528597+08:00","level":"INFO","msg":"http request complete","request_id":"01a0facc-2f0f-746c-8d7d-f2a34816a421","method":"POST","status_code":400,"duration_ms":1}
{"time":"2026-10-02T12:08:00.733794+08:00","level":"INFO","msg":"http request complete","request_id":"01a0facc-2fda-73a1-9f21-da023b234790","method":"POST","status_code":400,"duration_ms":3}
{"time":"2026-10-02T12:08:00.939049+08:00","level":"INFO","msg":"http request complete","request_id":"01a0facc-30a7-7203-ad44-82adcd8f0558","method":"POST","status_code":400,"duration_ms":3}
{"time":"2026-10-02T12:08:01.151104+08:00","level":"INFO","msg":"http request complete","request_id":"01a0facc-3174-7be6-934e-ca8124930fc8","method":"POST","status_code":400,"duration_ms":10}
{"time":"2026-10-02T12:08:01.366593+08:00","level":"INFO","msg":"http request complete","request_id":"01a0facc-3249-7d07-9e49-7d4902835eee","method":"POST","status_code":400,"duration_ms":12}
{"time":"2026-10-02T12:08:01.570604+08:00","level":"INFO","msg":"http request complete","request_id":"01a0facc-3321-71f7-9396-ef6e39f90d67","method":"POST","status_code":400,"duration_ms":1}
{"time":"2026-10-02T12:08:01.77266+08:00","level":"INFO","msg":"http request complete","request_id":"01a0facc-33eb-74f5-a20b-eb3ec74812a9","method":"POST","status_code":400,"duration_ms":1}
{"time":"2026-10-02T12:08:01.979893+08:00","level":"INFO","msg":"http request complete","request_id":"01a0facc-34b6-716f-8557-7292948ae200","method":"POST","status_code":400,"duration_ms":5}
{"time":"2026-10-02T12:08:02.18361+08:00","level":"INFO","msg":"http request complete","request_id":"01a0facc-3585-7a96-94ef-431a226059cc","method":"POST","status_code":400,"duration_ms":1}
{"time":"2026-10-02T12:08:02.403572+08:00","level":"INFO","msg":"http request complete","request_id":"01a0facc-3652-745d-bced-b98acd26b3ce","method":"POST","status_code":400,"duration_ms":17}
{"time":"2026-10-02T12:08:02.606827+08:00","level":"INFO","msg":"http request complete","request_id":"01a0facc-372d-7af8-9e0e-bf374c58e2cd","method":"POST","status_code":400,"duration_ms":1}
{"time":"2026-10-02T12:08:02.812294+08:00","level":"INFO","msg":"http request complete","request_id":"01a0facc-37f9-75b1-9620-94ccf70e2d40","method":"POST","status_code":400,"duration_ms":2}
{"time":"2026-10-02T12:08:03.015665+08:00","level":"INFO","msg":"http request complete","request_id":"01a0facc-38c6-79b4-a371-4fdb64fceee4","method":"POST","status_code":400,"duration_ms":0}
{"time":"2026-10-02T12:08:03.219329+08:00","level":"INFO","msg":"http request complete","request_id":"01a0facc-3992-70f2-904c-9233aa8d86a6","method":"POST","status_code":400,"duration_ms":1}
{"time":"2026-10-02T12:08:03.424919+08:00","level":"INFO","msg":"http request complete","request_id":"01a0facc-3a5d-7347-a24e-3d247e89c56b","method":"POST","status_code":400,"duration_ms":3}
{"time":"2026-10-02T12:08:03.628498+08:00","level":"INFO","msg":"http request complete","request_id":"01a0facc-3b2b-753f-8e1a-344380b6650c","method":"POST","status_code":400,"duration_ms":1}
{"time":"2026-10-02T12:08:03.831595+08:00","level":"INFO","msg":"http request complete","request_id":"01a0facc-3bf6-74d6-acb6-4b631dd79462","method":"POST","status_code":400,"duration_ms":1}
{"time":"2026-10-02T12:08:04.037887+08:00","level":"INFO","msg":"http request complete","request_id":"01a0facc-3cc2-70fd-8827-19ba9b2d65c7","method":"POST","status_code":400,"duration_ms":3}
{"time":"2026-10-02T12:08:04.245616+08:00","level":"INFO","msg":"http request complete","request_id":"01a0facc-3d90-7910-8c30-979eb4b36efe","method":"POST","status_code":400,"duration_ms":4}
{"time":"2026-10-02T12:08:04.450528+08:00","level":"INFO","msg":"http request complete","request_id":"01a0facc-3e5f-75b1-8ddd-f31bc88a0717","method":"POST","status_code":400,"duration_ms":3}
{"time":"2026-10-02T12:08:04.660309+08:00","level":"INFO","msg":"http request complete","request_id":"01a0facc-3f2b-7407-bc61-42b5fd57a275","method":"POST","status_code":400,"duration_ms":8}
{"time":"2026-10-02T12:08:04.864023+08:00","level":"INFO","msg":"http request complete","request_id":"01a0facc-3ffe-7c19-8250-ae06609dba78","method":"POST","status_code":400,"duration_ms":1}
{"time":"2026-10-02T12:08:05.067616+08:00","level":"INFO","msg":"http request complete","request_id":"01a0facc-40c9-78a6-905c-638a5beffe8d","method":"POST","status_code":400,"duration_ms":1}
{"time":"2026-10-02T12:08:05.271369+08:00","level":"INFO","msg":"http request complete","request_id":"01a0facc-4196-71ad-87a2-09da0ef18faa","method":"POST","status_code":400,"duration_ms":1}
{"time":"2026-10-02T12:08:05.472457+08:00","level":"INFO","msg":"http request complete","request_id":"01a0facc-425f-792f-a315-18ce39f595de","method":"POST","status_code":400,"duration_ms":0}
{"time":"2026-10-02T12:08:05.675954+08:00","level":"INFO","msg":"http request complete","request_id":"01a0facc-432a-7c63-aaf4-36bd5e64db4e","method":"POST","status_code":400,"duration_ms":1}
{"time":"2026-10-02T12:08:05.879212+08:00","level":"INFO","msg":"http request complete","request_id":"01a0facc-43f6-723a-8ad2-c7bc5a21ff87","method":"POST","status_code":400,"duration_ms":1}
{"time":"2026-10-02T12:08:06.083223+08:00","level":"INFO","msg":"http request complete","request_id":"01a0facc-44c0-74e5-9096-7a464e8389ef","method":"POST","status_code":400,"duration_ms":2}
{"time":"2026-10-02T12:08:06.287+08:00","level":"INFO","msg":"http request complete","request_id":"01a0facc-458d-7b98-ac40-30ffa0e013bd","method":"POST","status_code":400,"duration_ms":1}
{"time":"2026-10-02T12:08:06.489312+08:00","level":"INFO","msg":"http request complete","request_id":"01a0facc-4658-72a3-a907-df46ea313611","method":"POST","status_code":400,"duration_ms":1}
{"time":"2026-10-02T12:08:06.691028+08:00","level":"INFO","msg":"http request complete","request_id":"01a0facc-4721-7d1f-a648-149088ca86fe","method":"POST","status_code":400,"duration_ms":1}
{"time":"2026-10-02T12:08:06.893165+08:00","level":"INFO","msg":"http request complete","request_id":"01a0facc-47eb-7ed8-9414-1d45a3d59113","method":"POST","status_code":400,"duration_ms":1}
{"time":"2026-10-02T12:08:07.096608+08:00","level":"INFO","msg":"http request complete","request_id":"01a0facc-48b7-7864-a6ad-aa1e8b78a771","method":"POST","status_code":400,"duration_ms":1}
{"time":"2026-10-02T12:08:07.313693+08:00","level":"INFO","msg":"http request complete","request_id":"01a0facc-4982-7f03-be06-e2e872e4264d","method":"POST","status_code":400,"duration_ms":14}
{"time":"2026-10-02T12:08:07.527906+08:00","level":"INFO","msg":"http request complete","request_id":"01a0facc-4a5a-7572-afe9-c217a43279be","method":"POST","status_code":400,"duration_ms":13}
{"time":"2026-10-02T12:08:07.730294+08:00","level":"INFO","msg":"http request complete","request_id":"01a0facc-4b31-72bf-95c9-906d728843db","method":"POST","status_code":400,"duration_ms":1}
{"time":"2026-10-02T12:08:07.932095+08:00","level":"INFO","msg":"http request complete","request_id":"01a0facc-4bfa-7cd9-9936-6a536df32b1e","method":"POST","status_code":400,"duration_ms":1}
{"time":"2026-10-02T12:08:08.135813+08:00","level":"INFO","msg":"http request complete","request_id":"01a0facc-4cc6-7877-b01b-eaaca7e6ccce","method":"POST","status_code":400,"duration_ms":1}
    sp04_fixture_chain_test.go:162: fixture hardware component graph invalid 400 {"code":"INVALID_ARGUMENT","message":"resource or evidence query unavailable","requestId":"01a0facc-4cc6-7877-b01b-eaaca7e6ccce","retryable":false,"schemaVersion":"error-envelope/v2"}
--- FAIL: TestSP04FixtureAdaptersThroughActualRuntime (81.54s)
FAIL
FAIL	ops-platform/test/integration	82.166s
FAIL
