--- FAIL: TestUnsupportedSourceMappingFailsBeforeBMCIO (0.00s)
    --- FAIL: TestUnsupportedSourceMappingFailsBeforeBMCIO/nativeTenant (0.00s)
        scope_test.go:27: unsupported mapping accepted: <nil>
    --- FAIL: TestUnsupportedSourceMappingFailsBeforeBMCIO/labels (0.00s)
        scope_test.go:27: unsupported mapping accepted: <nil>
    --- FAIL: TestUnsupportedSourceMappingFailsBeforeBMCIO/account (0.00s)
        scope_test.go:27: unsupported mapping accepted: <nil>
    --- FAIL: TestUnsupportedSourceMappingFailsBeforeBMCIO/project (0.00s)
        scope_test.go:27: unsupported mapping accepted: <nil>
    --- FAIL: TestUnsupportedSourceMappingFailsBeforeBMCIO/organization (0.00s)
        scope_test.go:27: unsupported mapping accepted: <nil>
    --- FAIL: TestUnsupportedSourceMappingFailsBeforeBMCIO/team (0.00s)
        scope_test.go:27: unsupported mapping accepted: <nil>
    --- FAIL: TestUnsupportedSourceMappingFailsBeforeBMCIO/namespace (0.00s)
        scope_test.go:27: unsupported mapping accepted: <nil>
    --- FAIL: TestUnsupportedSourceMappingFailsBeforeBMCIO/cluster (0.00s)
        scope_test.go:27: unsupported mapping accepted: <nil>
FAIL
FAIL	ops-platform/internal/integrations/redfish	0.514s
FAIL
