{"Time":"2026-10-02T12:47:14.842525+08:00","Action":"start","Package":"ops-platform/test/security"}
{"Time":"2026-10-02T12:47:16.109625+08:00","Action":"run","Package":"ops-platform/test/security","Test":"TestOperatorAndPlatformAdminAreIndependent"}
{"Time":"2026-10-02T12:47:16.109781+08:00","Action":"output","Package":"ops-platform/test/security","Test":"TestOperatorAndPlatformAdminAreIndependent","Output":"=== RUN   TestOperatorAndPlatformAdminAreIndependent\n","OutputType":"frame"}
{"Time":"2026-10-02T12:47:16.10986+08:00","Action":"run","Package":"ops-platform/test/security","Test":"TestOperatorAndPlatformAdminAreIndependent/operator_cannot_administer"}
{"Time":"2026-10-02T12:47:16.109872+08:00","Action":"output","Package":"ops-platform/test/security","Test":"TestOperatorAndPlatformAdminAreIndependent/operator_cannot_administer","Output":"=== RUN   TestOperatorAndPlatformAdminAreIndependent/operator_cannot_administer\n","OutputType":"frame"}
{"Time":"2026-10-02T12:47:16.109889+08:00","Action":"output","Package":"ops-platform/test/security","Test":"TestOperatorAndPlatformAdminAreIndependent/operator_cannot_administer","Output":"--- PASS: TestOperatorAndPlatformAdminAreIndependent/operator_cannot_administer (0.00s)\n","OutputType":"frame"}
{"Time":"2026-10-02T12:47:16.109898+08:00","Action":"pass","Package":"ops-platform/test/security","Test":"TestOperatorAndPlatformAdminAreIndependent/operator_cannot_administer","Elapsed":0}
{"Time":"2026-10-02T12:47:16.109911+08:00","Action":"run","Package":"ops-platform/test/security","Test":"TestOperatorAndPlatformAdminAreIndependent/administrator_cannot_operate"}
{"Time":"2026-10-02T12:47:16.109915+08:00","Action":"output","Package":"ops-platform/test/security","Test":"TestOperatorAndPlatformAdminAreIndependent/administrator_cannot_operate","Output":"=== RUN   TestOperatorAndPlatformAdminAreIndependent/administrator_cannot_operate\n","OutputType":"frame"}
{"Time":"2026-10-02T12:47:16.109952+08:00","Action":"output","Package":"ops-platform/test/security","Test":"TestOperatorAndPlatformAdminAreIndependent/administrator_cannot_operate","Output":"--- PASS: TestOperatorAndPlatformAdminAreIndependent/administrator_cannot_operate (0.00s)\n","OutputType":"frame"}
{"Time":"2026-10-02T12:47:16.10996+08:00","Action":"pass","Package":"ops-platform/test/security","Test":"TestOperatorAndPlatformAdminAreIndependent/administrator_cannot_operate","Elapsed":0}
{"Time":"2026-10-02T12:47:16.109971+08:00","Action":"output","Package":"ops-platform/test/security","Test":"TestOperatorAndPlatformAdminAreIndependent","Output":"--- PASS: TestOperatorAndPlatformAdminAreIndependent (0.00s)\n","OutputType":"frame"}
{"Time":"2026-10-02T12:47:16.109974+08:00","Action":"pass","Package":"ops-platform/test/security","Test":"TestOperatorAndPlatformAdminAreIndependent","Elapsed":0}
{"Time":"2026-10-02T12:47:16.109985+08:00","Action":"run","Package":"ops-platform/test/security","Test":"TestOperatorMustHaveExplicitResourceScope"}
{"Time":"2026-10-02T12:47:16.10999+08:00","Action":"output","Package":"ops-platform/test/security","Test":"TestOperatorMustHaveExplicitResourceScope","Output":"=== RUN   TestOperatorMustHaveExplicitResourceScope\n","OutputType":"frame"}
{"Time":"2026-10-02T12:47:16.11006+08:00","Action":"output","Package":"ops-platform/test/security","Test":"TestOperatorMustHaveExplicitResourceScope","Output":"--- PASS: TestOperatorMustHaveExplicitResourceScope (0.00s)\n","OutputType":"frame"}
{"Time":"2026-10-02T12:47:16.110089+08:00","Action":"pass","Package":"ops-platform/test/security","Test":"TestOperatorMustHaveExplicitResourceScope","Elapsed":0}
{"Time":"2026-10-02T12:47:16.110101+08:00","Action":"run","Package":"ops-platform/test/security","Test":"TestWorkloadIdentityRejectsWrongSANNamespaceAndServiceAccount"}
{"Time":"2026-10-02T12:47:16.11011+08:00","Action":"output","Package":"ops-platform/test/security","Test":"TestWorkloadIdentityRejectsWrongSANNamespaceAndServiceAccount","Output":"=== RUN   TestWorkloadIdentityRejectsWrongSANNamespaceAndServiceAccount\n","OutputType":"frame"}
{"Time":"2026-10-02T12:47:16.110623+08:00","Action":"run","Package":"ops-platform/test/security","Test":"TestWorkloadIdentityRejectsWrongSANNamespaceAndServiceAccount/wrong_namespace"}
{"Time":"2026-10-02T12:47:16.110667+08:00","Action":"output","Package":"ops-platform/test/security","Test":"TestWorkloadIdentityRejectsWrongSANNamespaceAndServiceAccount/wrong_namespace","Output":"=== RUN   TestWorkloadIdentityRejectsWrongSANNamespaceAndServiceAccount/wrong_namespace\n","OutputType":"frame"}
{"Time":"2026-10-02T12:47:16.110999+08:00","Action":"output","Package":"ops-platform/test/security","Test":"TestWorkloadIdentityRejectsWrongSANNamespaceAndServiceAccount/wrong_namespace","Output":"--- PASS: TestWorkloadIdentityRejectsWrongSANNamespaceAndServiceAccount/wrong_namespace (0.00s)\n","OutputType":"frame"}
{"Time":"2026-10-02T12:47:16.111009+08:00","Action":"pass","Package":"ops-platform/test/security","Test":"TestWorkloadIdentityRejectsWrongSANNamespaceAndServiceAccount/wrong_namespace","Elapsed":0}
{"Time":"2026-10-02T12:47:16.111259+08:00","Action":"run","Package":"ops-platform/test/security","Test":"TestWorkloadIdentityRejectsWrongSANNamespaceAndServiceAccount/wrong_service_account"}
{"Time":"2026-10-02T12:47:16.111265+08:00","Action":"output","Package":"ops-platform/test/security","Test":"TestWorkloadIdentityRejectsWrongSANNamespaceAndServiceAccount/wrong_service_account","Output":"=== RUN   TestWorkloadIdentityRejectsWrongSANNamespaceAndServiceAccount/wrong_service_account\n","OutputType":"frame"}
{"Time":"2026-10-02T12:47:16.111339+08:00","Action":"output","Package":"ops-platform/test/security","Test":"TestWorkloadIdentityRejectsWrongSANNamespaceAndServiceAccount/wrong_service_account","Output":"--- PASS: TestWorkloadIdentityRejectsWrongSANNamespaceAndServiceAccount/wrong_service_account (0.00s)\n","OutputType":"frame"}
{"Time":"2026-10-02T12:47:16.111457+08:00","Action":"pass","Package":"ops-platform/test/security","Test":"TestWorkloadIdentityRejectsWrongSANNamespaceAndServiceAccount/wrong_service_account","Elapsed":0}
{"Time":"2026-10-02T12:47:16.112681+08:00","Action":"output","Package":"ops-platform/test/security","Test":"TestWorkloadIdentityRejectsWrongSANNamespaceAndServiceAccount","Output":"--- PASS: TestWorkloadIdentityRejectsWrongSANNamespaceAndServiceAccount (0.00s)\n","OutputType":"frame"}
{"Time":"2026-10-02T12:47:16.112697+08:00","Action":"pass","Package":"ops-platform/test/security","Test":"TestWorkloadIdentityRejectsWrongSANNamespaceAndServiceAccount","Elapsed":0}
{"Time":"2026-10-02T12:47:16.112702+08:00","Action":"run","Package":"ops-platform/test/security","Test":"TestWorkloadIdentityRejectsExpiredRevokedAndUntrustedCertificate"}
{"Time":"2026-10-02T12:47:16.112706+08:00","Action":"output","Package":"ops-platform/test/security","Test":"TestWorkloadIdentityRejectsExpiredRevokedAndUntrustedCertificate","Output":"=== RUN   TestWorkloadIdentityRejectsExpiredRevokedAndUntrustedCertificate\n","OutputType":"frame"}
{"Time":"2026-10-02T12:47:16.11271+08:00","Action":"output","Package":"ops-platform/test/security","Test":"TestWorkloadIdentityRejectsExpiredRevokedAndUntrustedCertificate","Output":"--- PASS: TestWorkloadIdentityRejectsExpiredRevokedAndUntrustedCertificate (0.00s)\n","OutputType":"frame"}
{"Time":"2026-10-02T12:47:16.112714+08:00","Action":"pass","Package":"ops-platform/test/security","Test":"TestWorkloadIdentityRejectsExpiredRevokedAndUntrustedCertificate","Elapsed":0}
{"Time":"2026-10-02T12:47:16.112718+08:00","Action":"run","Package":"ops-platform/test/security","Test":"TestUserTokenCannotEstablishWorkloadIdentity"}
{"Time":"2026-10-02T12:47:16.112721+08:00","Action":"output","Package":"ops-platform/test/security","Test":"TestUserTokenCannotEstablishWorkloadIdentity","Output":"=== RUN   TestUserTokenCannotEstablishWorkloadIdentity\n","OutputType":"frame"}
{"Time":"2026-10-02T12:47:16.112727+08:00","Action":"output","Package":"ops-platform/test/security","Test":"TestUserTokenCannotEstablishWorkloadIdentity","Output":"--- PASS: TestUserTokenCannotEstablishWorkloadIdentity (0.00s)\n","OutputType":"frame"}
{"Time":"2026-10-02T12:47:16.112731+08:00","Action":"pass","Package":"ops-platform/test/security","Test":"TestUserTokenCannotEstablishWorkloadIdentity","Elapsed":0}
{"Time":"2026-10-02T12:47:16.112758+08:00","Action":"run","Package":"ops-platform/test/security","Test":"TestWorkloadMTLSRequiresExactIdentityAndNeverUsesBearerToken"}
{"Time":"2026-10-02T12:47:16.112762+08:00","Action":"output","Package":"ops-platform/test/security","Test":"TestWorkloadMTLSRequiresExactIdentityAndNeverUsesBearerToken","Output":"=== RUN   TestWorkloadMTLSRequiresExactIdentityAndNeverUsesBearerToken\n","OutputType":"frame"}
{"Time":"2026-10-02T12:47:16.116314+08:00","Action":"output","Package":"ops-platform/test/security","Test":"TestWorkloadMTLSRequiresExactIdentityAndNeverUsesBearerToken","Output":"2026/10/02 12:47:16 http: TLS handshake error from 127.0.0.1:50637: workload identity is outside the exact allowlist\n"}
{"Time":"2026-10-02T12:47:16.116376+08:00","Action":"output","Package":"ops-platform/test/security","Test":"TestWorkloadMTLSRequiresExactIdentityAndNeverUsesBearerToken","Output":"--- PASS: TestWorkloadMTLSRequiresExactIdentityAndNeverUsesBearerToken (0.00s)\n","OutputType":"frame"}
{"Time":"2026-10-02T12:47:16.116385+08:00","Action":"pass","Package":"ops-platform/test/security","Test":"TestWorkloadMTLSRequiresExactIdentityAndNeverUsesBearerToken","Elapsed":0}
{"Time":"2026-10-02T12:47:16.116393+08:00","Action":"run","Package":"ops-platform/test/security","Test":"TestWorkloadIdentityUsesFreshCRLSourceAndFailsClosedWhenStale"}
{"Time":"2026-10-02T12:47:16.116399+08:00","Action":"output","Package":"ops-platform/test/security","Test":"TestWorkloadIdentityUsesFreshCRLSourceAndFailsClosedWhenStale","Output":"=== RUN   TestWorkloadIdentityUsesFreshCRLSourceAndFailsClosedWhenStale\n","OutputType":"frame"}
{"Time":"2026-10-02T12:47:16.117022+08:00","Action":"output","Package":"ops-platform/test/security","Test":"TestWorkloadIdentityUsesFreshCRLSourceAndFailsClosedWhenStale","Output":"--- PASS: TestWorkloadIdentityUsesFreshCRLSourceAndFailsClosedWhenStale (0.00s)\n","OutputType":"frame"}
{"Time":"2026-10-02T12:47:16.117034+08:00","Action":"pass","Package":"ops-platform/test/security","Test":"TestWorkloadIdentityUsesFreshCRLSourceAndFailsClosedWhenStale","Elapsed":0}
{"Time":"2026-10-02T12:47:16.11704+08:00","Action":"output","Package":"ops-platform/test/security","Output":"PASS\n","OutputType":"frame"}
{"Time":"2026-10-02T12:47:16.117756+08:00","Action":"output","Package":"ops-platform/test/security","Output":"ok  \tops-platform/test/security\t1.272s\n"}
{"Time":"2026-10-02T12:47:16.117768+08:00","Action":"pass","Package":"ops-platform/test/security","Elapsed":1.275}
Acceptance report: 11 tests passed; zero skips.
