{"Time":"2026-10-02T00:14:27.016905+08:00","Action":"start","Package":"ops-platform/test/contract"}
{"Time":"2026-10-02T00:14:27.630321+08:00","Action":"run","Package":"ops-platform/test/contract","Test":"TestGraphNonVirtualUpstreamReplay"}
{"Time":"2026-10-02T00:14:27.63043+08:00","Action":"output","Package":"ops-platform/test/contract","Test":"TestGraphNonVirtualUpstreamReplay","Output":"=== RUN   TestGraphNonVirtualUpstreamReplay\n","OutputType":"frame"}
{"Time":"2026-10-02T00:14:27.631785+08:00","Action":"output","Package":"ops-platform/test/contract","Test":"TestGraphNonVirtualUpstreamReplay","Output":"    graph_replay_test.go:97: command=go [\"version\"] cwd=/Users/mssc/Documents/Code/ops/platform\n"}
{"Time":"2026-10-02T00:14:27.641597+08:00","Action":"output","Package":"ops-platform/test/contract","Test":"TestGraphNonVirtualUpstreamReplay","Output":"    graph_replay_test.go:97: go version go1.27.1 darwin/arm64\n"}
{"Time":"2026-10-02T00:14:27.64164+08:00","Action":"output","Package":"ops-platform/test/contract","Test":"TestGraphNonVirtualUpstreamReplay","Output":"    graph_replay_test.go:101: command=go [\"env\" \"GOMODCACHE\"] cwd=/Users/mssc/Documents/Code/ops/platform\n"}
{"Time":"2026-10-02T00:14:27.649828+08:00","Action":"output","Package":"ops-platform/test/contract","Test":"TestGraphNonVirtualUpstreamReplay","Output":"    graph_replay_test.go:101: /Users/mssc/go/pkg/mod\n"}
{"Time":"2026-10-02T00:14:27.650131+08:00","Action":"output","Package":"ops-platform/test/contract","Test":"TestGraphNonVirtualUpstreamReplay","Output":"    graph_replay_test.go:114: command=git [\"-C\" \"/tmp/ops-sp02-upstream/ariadne\" \"archive\" \"--format=tar\" \"--output=/var/folders/71/5876xm8s6d37d5873yq80dc80000gn/T/TestGraphNonVirtualUpstreamReplay1727010346/001/ariadne.tar\" \"fa2232ce45c4c869e47ddae1c57e8886830cfb6c\"] cwd=/Users/mssc/Documents/Code/ops/platform\n"}
{"Time":"2026-10-02T00:14:27.738152+08:00","Action":"output","Package":"ops-platform/test/contract","Test":"TestGraphNonVirtualUpstreamReplay","Output":"    graph_replay_test.go:122: command=tar [\"-xf\" \"/var/folders/71/5876xm8s6d37d5873yq80dc80000gn/T/TestGraphNonVirtualUpstreamReplay1727010346/001/ariadne.tar\" \"-C\" \"/var/folders/71/5876xm8s6d37d5873yq80dc80000gn/T/TestGraphNonVirtualUpstreamReplay1727010346/001/ariadne\"] cwd=/Users/mssc/Documents/Code/ops/platform\n"}
{"Time":"2026-10-02T00:14:27.823612+08:00","Action":"output","Package":"ops-platform/test/contract","Test":"TestGraphNonVirtualUpstreamReplay","Output":"    graph_replay_test.go:114: command=git [\"-C\" \"/tmp/ops-sp02-upstream/kubernetes-ontology\" \"archive\" \"--format=tar\" \"--output=/var/folders/71/5876xm8s6d37d5873yq80dc80000gn/T/TestGraphNonVirtualUpstreamReplay1727010346/001/ontology.tar\" \"346236312685a2e2e824c46b9ecdb3e8e8a10c76\"] cwd=/Users/mssc/Documents/Code/ops/platform\n"}
{"Time":"2026-10-02T00:14:27.906291+08:00","Action":"output","Package":"ops-platform/test/contract","Test":"TestGraphNonVirtualUpstreamReplay","Output":"    graph_replay_test.go:122: command=tar [\"-xf\" \"/var/folders/71/5876xm8s6d37d5873yq80dc80000gn/T/TestGraphNonVirtualUpstreamReplay1727010346/001/ontology.tar\" \"-C\" \"/var/folders/71/5876xm8s6d37d5873yq80dc80000gn/T/TestGraphNonVirtualUpstreamReplay1727010346/001/ontology\"] cwd=/Users/mssc/Documents/Code/ops/platform\n"}
{"Time":"2026-10-02T00:14:27.94693+08:00","Action":"output","Package":"ops-platform/test/contract","Test":"TestGraphNonVirtualUpstreamReplay","Output":"    graph_replay_test.go:129: command=git [\"apply\" \"--unidiff-zero\" \"/Users/mssc/Documents/Code/ops/platform/test/fixtures/upstream-graph/ontology-ariadne-reader.patch\"] cwd=/var/folders/71/5876xm8s6d37d5873yq80dc80000gn/T/TestGraphNonVirtualUpstreamReplay1727010346/001/ontology\n"}
{"Time":"2026-10-02T00:14:27.959431+08:00","Action":"output","Package":"ops-platform/test/contract","Test":"TestGraphNonVirtualUpstreamReplay","Output":"    graph_replay_test.go:146: command=go [\"test\" \"-c\" \"-o\" \"/var/folders/71/5876xm8s6d37d5873yq80dc80000gn/T/TestGraphNonVirtualUpstreamReplay1727010346/001/graph.test\"] cwd=/var/folders/71/5876xm8s6d37d5873yq80dc80000gn/T/TestGraphNonVirtualUpstreamReplay1727010346/001/graph\n"}
{"Time":"2026-10-02T00:14:28.931163+08:00","Action":"output","Package":"ops-platform/test/contract","Test":"TestGraphNonVirtualUpstreamReplay","Output":"    graph_replay_test.go:155: command=docker [\"--context\" \"orbstack\" \"run\" \"--rm\" \"--network\" \"none\" \"--pull=never\" \"--read-only\" \"--cap-drop=ALL\" \"--security-opt=no-new-privileges\" \"--tmpfs\" \"/tmp:rw,exec,mode=1777\" \"--mount\" \"type=bind,src=/var/folders/71/5876xm8s6d37d5873yq80dc80000gn/T/TestGraphNonVirtualUpstreamReplay1727010346/001,dst=/replay,readonly\" \"--mount\" \"type=bind,src=/Users/mssc/go/pkg/mod,dst=/go/pkg/mod,readonly\" \"-e\" \"GOPROXY=off\" \"-e\" \"GOSUMDB=off\" \"-e\" \"GOCACHE=/tmp/go-build\" \"-w\" \"/replay/graph/run\" \"golang:1.27.1-alpine@sha256:8a5910f31396cd4d89662f56c68b3ae31d374308270a1c3bd96672ee5ed43414\" \"/replay/graph.test\" \"-test.run=^TestAriadneNonVirtualGolden20K$\" \"-test.v\" \"-test.count=1\"] cwd=/Users/mssc/Documents/Code/ops/platform\n"}
{"Time":"2026-10-02T00:14:44.447797+08:00","Action":"output","Package":"ops-platform/test/contract","Test":"TestGraphNonVirtualUpstreamReplay","Output":"    graph_replay_test.go:155: === RUN   TestAriadneNonVirtualGolden20K\n"}
{"Time":"2026-10-02T00:14:44.447897+08:00","Action":"output","Package":"ops-platform/test/contract","Test":"TestGraphNonVirtualUpstreamReplay","Output":"            graph_test.go:35: build_objects=18.631533ms\n"}
{"Time":"2026-10-02T00:14:44.447917+08:00","Action":"output","Package":"ops-platform/test/contract","Test":"TestGraphNonVirtualUpstreamReplay","Output":"            graph_test.go:52: graph_load=15.060462793s\n"}
{"Time":"2026-10-02T00:14:44.447926+08:00","Action":"output","Package":"ops-platform/test/contract","Test":"TestGraphNonVirtualUpstreamReplay","Output":"        --- PASS: TestAriadneNonVirtualGolden20K (15.11s)\n"}
{"Time":"2026-10-02T00:14:44.447934+08:00","Action":"output","Package":"ops-platform/test/contract","Test":"TestGraphNonVirtualUpstreamReplay","Output":"        PASS\n"}
{"Time":"2026-10-02T00:14:44.447953+08:00","Action":"output","Package":"ops-platform/test/contract","Test":"TestGraphNonVirtualUpstreamReplay","Output":"    graph_replay_test.go:157: command=docker [\"--context\" \"orbstack\" \"run\" \"--rm\" \"--network\" \"none\" \"--pull=never\" \"--read-only\" \"--cap-drop=ALL\" \"--security-opt=no-new-privileges\" \"--tmpfs\" \"/tmp:rw,exec,mode=1777\" \"--mount\" \"type=bind,src=/var/folders/71/5876xm8s6d37d5873yq80dc80000gn/T/TestGraphNonVirtualUpstreamReplay1727010346/001,dst=/replay,readonly\" \"--mount\" \"type=bind,src=/Users/mssc/go/pkg/mod,dst=/go/pkg/mod,readonly\" \"-e\" \"GOPROXY=off\" \"-e\" \"GOSUMDB=off\" \"-e\" \"GOCACHE=/tmp/go-build\" \"-w\" \"/replay/ontology\" \"golang:1.27.1-alpine@sha256:8a5910f31396cd4d89662f56c68b3ae31d374308270a1c3bd96672ee5ed43414\" \"go\" \"test\" \"-mod=readonly\" \"-p\" \"1\" \"-count=1\" \"-v\" \"./internal/graph\" \"./internal/service/diagnostic\"] cwd=/Users/mssc/Documents/Code/ops/platform\n"}
{"Time":"2026-10-02T00:15:34.419339+08:00","Action":"output","Package":"ops-platform/test/contract","Test":"TestGraphNonVirtualUpstreamReplay","Output":"    graph_replay_test.go:157: === RUN   TestBuilderBuild\n"}
{"Time":"2026-10-02T00:15:34.419743+08:00","Action":"output","Package":"ops-platform/test/contract","Test":"TestGraphNonVirtualUpstreamReplay","Output":"        --- PASS: TestBuilderBuild (0.00s)\n"}
{"Time":"2026-10-02T00:15:34.419797+08:00","Action":"output","Package":"ops-platform/test/contract","Test":"TestGraphNonVirtualUpstreamReplay","Output":"        === RUN   TestBuilderBuildsRoutingPolicyAutoscalingAndAttachmentTopology\n"}
{"Time":"2026-10-02T00:15:34.41982+08:00","Action":"output","Package":"ops-platform/test/contract","Test":"TestGraphNonVirtualUpstreamReplay","Output":"        --- PASS: TestBuilderBuildsRoutingPolicyAutoscalingAndAttachmentTopology (0.00s)\n"}
{"Time":"2026-10-02T00:15:34.419836+08:00","Action":"output","Package":"ops-platform/test/contract","Test":"TestGraphNonVirtualUpstreamReplay","Output":"        === RUN   TestBuilderAddsRuntimeEvidenceFieldsAndEventNameFallback\n"}
{"Time":"2026-10-02T00:15:34.420095+08:00","Action":"output","Package":"ops-platform/test/contract","Test":"TestGraphNonVirtualUpstreamReplay","Output":"        --- PASS: TestBuilderAddsRuntimeEvidenceFieldsAndEventNameFallback (0.00s)\n"}
{"Time":"2026-10-02T00:15:34.420123+08:00","Action":"output","Package":"ops-platform/test/contract","Test":"TestGraphNonVirtualUpstreamReplay","Output":"        === RUN   TestBuilderBuildsConfiguredWorkloadOwnerChain\n"}
{"Time":"2026-10-02T00:15:34.42014+08:00","Action":"output","Package":"ops-platform/test/contract","Test":"TestGraphNonVirtualUpstreamReplay","Output":"        --- PASS: TestBuilderBuildsConfiguredWorkloadOwnerChain (0.00s)\n"}
{"Time":"2026-10-02T00:15:34.420155+08:00","Action":"output","Package":"ops-platform/test/contract","Test":"TestGraphNonVirtualUpstreamReplay","Output":"        === RUN   TestBuilderBuildsConfiguredControllerRuleEdges\n"}
{"Time":"2026-10-02T00:15:34.420169+08:00","Action":"output","Package":"ops-platform/test/contract","Test":"TestGraphNonVirtualUpstreamReplay","Output":"        --- PASS: TestBuilderBuildsConfiguredControllerRuleEdges (0.00s)\n"}
{"Time":"2026-10-02T00:15:34.420182+08:00","Action":"output","Package":"ops-platform/test/contract","Test":"TestGraphNonVirtualUpstreamReplay","Output":"        === RUN   TestBuilderBuildsRBACTopology\n"}
{"Time":"2026-10-02T00:15:34.420202+08:00","Action":"output","Package":"ops-platform/test/contract","Test":"TestGraphNonVirtualUpstreamReplay","Output":"        --- PASS: TestBuilderBuildsRBACTopology (0.00s)\n"}
{"Time":"2026-10-02T00:15:34.420217+08:00","Action":"output","Package":"ops-platform/test/contract","Test":"TestGraphNonVirtualUpstreamReplay","Output":"        === RUN   TestBuilderInfersHelmReleaseAndChartFromLabels\n"}
{"Time":"2026-10-02T00:15:34.420238+08:00","Action":"output","Package":"ops-platform/test/contract","Test":"TestGraphNonVirtualUpstreamReplay","Output":"        --- PASS: TestBuilderInfersHelmReleaseAndChartFromLabels (0.00s)\n"}
{"Time":"2026-10-02T00:15:34.420252+08:00","Action":"output","Package":"ops-platform/test/contract","Test":"TestGraphNonVirtualUpstreamReplay","Output":"        === RUN   TestKernelNeighborsUsesIndexedEdgeLookup\n"}
{"Time":"2026-10-02T00:15:34.420267+08:00","Action":"output","Package":"ops-platform/test/contract","Test":"TestGraphNonVirtualUpstreamReplay","Output":"        --- PASS: TestKernelNeighborsUsesIndexedEdgeLookup (0.00s)\n"}
{"Time":"2026-10-02T00:15:34.420284+08:00","Action":"output","Package":"ops-platform/test/contract","Test":"TestGraphNonVirtualUpstreamReplay","Output":"        === RUN   TestPodFixtureContract\n"}
{"Time":"2026-10-02T00:15:34.420304+08:00","Action":"output","Package":"ops-platform/test/contract","Test":"TestGraphNonVirtualUpstreamReplay","Output":"        --- PASS: TestPodFixtureContract (0.00s)\n"}
{"Time":"2026-10-02T00:15:34.420319+08:00","Action":"output","Package":"ops-platform/test/contract","Test":"TestGraphNonVirtualUpstreamReplay","Output":"        === RUN   TestBuilderBuildPVCToPV\n"}
{"Time":"2026-10-02T00:15:34.420338+08:00","Action":"output","Package":"ops-platform/test/contract","Test":"TestGraphNonVirtualUpstreamReplay","Output":"        --- PASS: TestBuilderBuildPVCToPV (0.00s)\n"}
{"Time":"2026-10-02T00:15:34.420358+08:00","Action":"output","Package":"ops-platform/test/contract","Test":"TestGraphNonVirtualUpstreamReplay","Output":"        === RUN   TestBuilderBuildsPVCStorageTopology\n"}
{"Time":"2026-10-02T00:15:34.420371+08:00","Action":"output","Package":"ops-platform/test/contract","Test":"TestGraphNonVirtualUpstreamReplay","Output":"        --- PASS: TestBuilderBuildsPVCStorageTopology (0.00s)\n"}
{"Time":"2026-10-02T00:15:34.420393+08:00","Action":"output","Package":"ops-platform/test/contract","Test":"TestGraphNonVirtualUpstreamReplay","Output":"        === RUN   TestBuilderDoesNotSynthesizeCSIDriverForNonCSIProvisioner\n"}
{"Time":"2026-10-02T00:15:34.420528+08:00","Action":"output","Package":"ops-platform/test/contract","Test":"TestGraphNonVirtualUpstreamReplay","Output":"        --- PASS: TestBuilderDoesNotSynthesizeCSIDriverForNonCSIProvisioner (0.00s)\n"}
{"Time":"2026-10-02T00:15:34.420554+08:00","Action":"output","Package":"ops-platform/test/contract","Test":"TestGraphNonVirtualUpstreamReplay","Output":"        === RUN   TestBuilderUsesConfiguredCSIComponentRule\n"}
{"Time":"2026-10-02T00:15:34.420568+08:00","Action":"output","Package":"ops-platform/test/contract","Test":"TestGraphNonVirtualUpstreamReplay","Output":"        --- PASS: TestBuilderUsesConfiguredCSIComponentRule (0.00s)\n"}
{"Time":"2026-10-02T00:15:34.420589+08:00","Action":"output","Package":"ops-platform/test/contract","Test":"TestGraphNonVirtualUpstreamReplay","Output":"        === RUN   TestBuilderScopesPVCSINodeAgentToConsumingPodNode\n"}
{"Time":"2026-10-02T00:15:34.420605+08:00","Action":"output","Package":"ops-platform/test/contract","Test":"TestGraphNonVirtualUpstreamReplay","Output":"        --- PASS: TestBuilderScopesPVCSINodeAgentToConsumingPodNode (0.00s)\n"}
{"Time":"2026-10-02T00:15:34.420617+08:00","Action":"output","Package":"ops-platform/test/contract","Test":"TestGraphNonVirtualUpstreamReplay","Output":"        PASS\n"}
{"Time":"2026-10-02T00:15:34.42063+08:00","Action":"output","Package":"ops-platform/test/contract","Test":"TestGraphNonVirtualUpstreamReplay","Output":"        ok  \tgithub.com/Colvin-Y/kubernetes-ontology/internal/graph\t0.005s\n"}
{"Time":"2026-10-02T00:15:34.420644+08:00","Action":"output","Package":"ops-platform/test/contract","Test":"TestGraphNonVirtualUpstreamReplay","Output":"        === RUN   TestAriadneBacksOntologyDiagnosticServiceWithoutSecondIndex\n"}
{"Time":"2026-10-02T00:15:34.420662+08:00","Action":"output","Package":"ops-platform/test/contract","Test":"TestGraphNonVirtualUpstreamReplay","Output":"        --- PASS: TestAriadneBacksOntologyDiagnosticServiceWithoutSecondIndex (0.00s)\n"}
{"Time":"2026-10-02T00:15:34.420677+08:00","Action":"output","Package":"ops-platform/test/contract","Test":"TestGraphNonVirtualUpstreamReplay","Output":"        === RUN   TestGetDiagnosticSubgraphRespectsMaxDepth\n"}
{"Time":"2026-10-02T00:15:34.420695+08:00","Action":"output","Package":"ops-platform/test/contract","Test":"TestGraphNonVirtualUpstreamReplay","Output":"        --- PASS: TestGetDiagnosticSubgraphRespectsMaxDepth (0.00s)\n"}
{"Time":"2026-10-02T00:15:34.420709+08:00","Action":"output","Package":"ops-platform/test/contract","Test":"TestGraphNonVirtualUpstreamReplay","Output":"        === RUN   TestGetDiagnosticSubgraph\n"}
{"Time":"2026-10-02T00:15:34.420721+08:00","Action":"output","Package":"ops-platform/test/contract","Test":"TestGraphNonVirtualUpstreamReplay","Output":"        --- PASS: TestGetDiagnosticSubgraph (0.00s)\n"}
{"Time":"2026-10-02T00:15:34.420742+08:00","Action":"output","Package":"ops-platform/test/contract","Test":"TestGraphNonVirtualUpstreamReplay","Output":"        === RUN   TestGetDiagnosticSubgraphByPodFindsCanonicalEntry\n"}
{"Time":"2026-10-02T00:15:34.420769+08:00","Action":"output","Package":"ops-platform/test/contract","Test":"TestGraphNonVirtualUpstreamReplay","Output":"        --- PASS: TestGetDiagnosticSubgraphByPodFindsCanonicalEntry (0.00s)\n"}
{"Time":"2026-10-02T00:15:34.420785+08:00","Action":"output","Package":"ops-platform/test/contract","Test":"TestGraphNonVirtualUpstreamReplay","Output":"        === RUN   TestGetDiagnosticSubgraphTraversesStorageClassAndCSIDriver\n"}
{"Time":"2026-10-02T00:15:34.420799+08:00","Action":"output","Package":"ops-platform/test/contract","Test":"TestGraphNonVirtualUpstreamReplay","Output":"        --- PASS: TestGetDiagnosticSubgraphTraversesStorageClassAndCSIDriver (0.00s)\n"}
{"Time":"2026-10-02T00:15:34.420812+08:00","Action":"output","Package":"ops-platform/test/contract","Test":"TestGraphNonVirtualUpstreamReplay","Output":"        === RUN   TestGetDiagnosticSubgraphScopesCSINodeAgentsForPodStoragePath\n"}
{"Time":"2026-10-02T00:15:34.420827+08:00","Action":"output","Package":"ops-platform/test/contract","Test":"TestGraphNonVirtualUpstreamReplay","Output":"        --- PASS: TestGetDiagnosticSubgraphScopesCSINodeAgentsForPodStoragePath (0.00s)\n"}
{"Time":"2026-10-02T00:15:34.420906+08:00","Action":"output","Package":"ops-platform/test/contract","Test":"TestGraphNonVirtualUpstreamReplay","Output":"        === RUN   TestGetDiagnosticSubgraphReturnsPartialWhenNodeBudgetExceeded\n"}
{"Time":"2026-10-02T00:15:34.42092+08:00","Action":"output","Package":"ops-platform/test/contract","Test":"TestGraphNonVirtualUpstreamReplay","Output":"        --- PASS: TestGetDiagnosticSubgraphReturnsPartialWhenNodeBudgetExceeded (0.00s)\n"}
{"Time":"2026-10-02T00:15:34.420933+08:00","Action":"output","Package":"ops-platform/test/contract","Test":"TestGraphNonVirtualUpstreamReplay","Output":"        === RUN   TestGetDiagnosticSubgraphReturnsPartialWhenEdgeBudgetExceeded\n"}
{"Time":"2026-10-02T00:15:34.420953+08:00","Action":"output","Package":"ops-platform/test/contract","Test":"TestGraphNonVirtualUpstreamReplay","Output":"        --- PASS: TestGetDiagnosticSubgraphReturnsPartialWhenEdgeBudgetExceeded (0.00s)\n"}
{"Time":"2026-10-02T00:15:34.420968+08:00","Action":"output","Package":"ops-platform/test/contract","Test":"TestGraphNonVirtualUpstreamReplay","Output":"        === RUN   TestGetDiagnosticSubgraphRanksEventEvidence\n"}
{"Time":"2026-10-02T00:15:34.420984+08:00","Action":"output","Package":"ops-platform/test/contract","Test":"TestGraphNonVirtualUpstreamReplay","Output":"        --- PASS: TestGetDiagnosticSubgraphRanksEventEvidence (0.00s)\n"}
{"Time":"2026-10-02T00:15:34.420998+08:00","Action":"output","Package":"ops-platform/test/contract","Test":"TestGraphNonVirtualUpstreamReplay","Output":"        === RUN   TestGetDiagnosticSubgraphForHelmReleaseIncludesOwnedResourcesAndChart\n"}
{"Time":"2026-10-02T00:15:34.421013+08:00","Action":"output","Package":"ops-platform/test/contract","Test":"TestGraphNonVirtualUpstreamReplay","Output":"        --- PASS: TestGetDiagnosticSubgraphForHelmReleaseIncludesOwnedResourcesAndChart (0.00s)\n"}
{"Time":"2026-10-02T00:15:34.421026+08:00","Action":"output","Package":"ops-platform/test/contract","Test":"TestGraphNonVirtualUpstreamReplay","Output":"        === RUN   TestGetDiagnosticSubgraphReportsHelmOwnershipConflicts\n"}
{"Time":"2026-10-02T00:15:34.421039+08:00","Action":"output","Package":"ops-platform/test/contract","Test":"TestGraphNonVirtualUpstreamReplay","Output":"        --- PASS: TestGetDiagnosticSubgraphReportsHelmOwnershipConflicts (0.00s)\n"}
{"Time":"2026-10-02T00:15:34.421051+08:00","Action":"output","Package":"ops-platform/test/contract","Test":"TestGraphNonVirtualUpstreamReplay","Output":"        === RUN   TestDefaultExpansionStopsAtTerminalSharedNodes\n"}
{"Time":"2026-10-02T00:15:34.421066+08:00","Action":"output","Package":"ops-platform/test/contract","Test":"TestGraphNonVirtualUpstreamReplay","Output":"        --- PASS: TestDefaultExpansionStopsAtTerminalSharedNodes (0.00s)\n"}
{"Time":"2026-10-02T00:15:34.421078+08:00","Action":"output","Package":"ops-platform/test/contract","Test":"TestGraphNonVirtualUpstreamReplay","Output":"        === RUN   TestExpansionCanTraverseTerminalNodes\n"}
{"Time":"2026-10-02T00:15:34.421091+08:00","Action":"output","Package":"ops-platform/test/contract","Test":"TestGraphNonVirtualUpstreamReplay","Output":"        --- PASS: TestExpansionCanTraverseTerminalNodes (0.00s)\n"}
{"Time":"2026-10-02T00:15:34.421103+08:00","Action":"output","Package":"ops-platform/test/contract","Test":"TestGraphNonVirtualUpstreamReplay","Output":"        PASS\n"}
{"Time":"2026-10-02T00:15:34.421115+08:00","Action":"output","Package":"ops-platform/test/contract","Test":"TestGraphNonVirtualUpstreamReplay","Output":"        ok  \tgithub.com/Colvin-Y/kubernetes-ontology/internal/service/diagnostic\t0.005s\n"}
{"Time":"2026-10-02T00:15:34.459671+08:00","Action":"output","Package":"ops-platform/test/contract","Test":"TestGraphNonVirtualUpstreamReplay","Output":"--- PASS: TestGraphNonVirtualUpstreamReplay (66.83s)\n","OutputType":"frame"}
{"Time":"2026-10-02T00:15:34.459907+08:00","Action":"pass","Package":"ops-platform/test/contract","Test":"TestGraphNonVirtualUpstreamReplay","Elapsed":66.83}
{"Time":"2026-10-02T00:15:34.459945+08:00","Action":"run","Package":"ops-platform/test/contract","Test":"TestInspectionNonVirtualUpstreamReplay"}
{"Time":"2026-10-02T00:15:34.459949+08:00","Action":"output","Package":"ops-platform/test/contract","Test":"TestInspectionNonVirtualUpstreamReplay","Output":"=== RUN   TestInspectionNonVirtualUpstreamReplay\n","OutputType":"frame"}
{"Time":"2026-10-02T00:17:15.523055+08:00","Action":"output","Package":"ops-platform/test/contract","Test":"TestInspectionNonVirtualUpstreamReplay","Output":"    inspection_replay_test.go:76: command=/Users/mssc/.local/share/mise/installs/python/3.12.14/bin/python3 [\"/Users/mssc/Documents/Code/ops/platform/test/fixtures/upstream-inspection/replay-nonvirtual.py\" \"--sources\" \"/tmp/ops-sp02-task29\" \"--keep-wheels\" \"/tmp/ops-sp02-keep/wheelhouse\" \"--output\" \"/tmp/ops-sp04-inspection-replay-20261001\"]\n"}
{"Time":"2026-10-02T00:17:15.523466+08:00","Action":"output","Package":"ops-platform/test/contract","Test":"TestInspectionNonVirtualUpstreamReplay","Output":"        Traceback (most recent call last):\n"}
{"Time":"2026-10-02T00:17:15.523479+08:00","Action":"output","Package":"ops-platform/test/contract","Test":"TestInspectionNonVirtualUpstreamReplay","Output":"          File \"/Users/mssc/Documents/Code/ops/platform/test/fixtures/upstream-inspection/replay-nonvirtual.py\", line 227, in \u003cmodule\u003e\n"}
{"Time":"2026-10-02T00:17:15.523486+08:00","Action":"output","Package":"ops-platform/test/contract","Test":"TestInspectionNonVirtualUpstreamReplay","Output":"            main()\n"}
{"Time":"2026-10-02T00:17:15.523492+08:00","Action":"output","Package":"ops-platform/test/contract","Test":"TestInspectionNonVirtualUpstreamReplay","Output":"          File \"/Users/mssc/Documents/Code/ops/platform/test/fixtures/upstream-inspection/replay-nonvirtual.py\", line 169, in main\n"}
{"Time":"2026-10-02T00:17:15.523497+08:00","Action":"output","Package":"ops-platform/test/contract","Test":"TestInspectionNonVirtualUpstreamReplay","Output":"            docker(images[\"python\"], [\"python\", \"/fixtures/verify-k8sgpt-cli.py\", \"--binary\", f\"/work/{key}/replay-output/k8sgpt\"])\n"}
{"Time":"2026-10-02T00:17:15.5235+08:00","Action":"output","Package":"ops-platform/test/contract","Test":"TestInspectionNonVirtualUpstreamReplay","Output":"          File \"/Users/mssc/Documents/Code/ops/platform/test/fixtures/upstream-inspection/replay-nonvirtual.py\", line 128, in docker\n"}
{"Time":"2026-10-02T00:17:15.523503+08:00","Action":"output","Package":"ops-platform/test/contract","Test":"TestInspectionNonVirtualUpstreamReplay","Output":"            command([\n"}
{"Time":"2026-10-02T00:17:15.523507+08:00","Action":"output","Package":"ops-platform/test/contract","Test":"TestInspectionNonVirtualUpstreamReplay","Output":"          File \"/Users/mssc/Documents/Code/ops/platform/test/fixtures/upstream-inspection/replay-nonvirtual.py\", line 46, in command\n"}
{"Time":"2026-10-02T00:17:15.52351+08:00","Action":"output","Package":"ops-platform/test/contract","Test":"TestInspectionNonVirtualUpstreamReplay","Output":"            raise RuntimeError(f\"command failed with exit {result.returncode}; see {log.name}\")\n"}
{"Time":"2026-10-02T00:17:15.523514+08:00","Action":"output","Package":"ops-platform/test/contract","Test":"TestInspectionNonVirtualUpstreamReplay","Output":"        RuntimeError: command failed with exit 125; see /tmp/ops-sp04-inspection-replay-20261001/k8sgpt-analyzer.log\n"}
{"Time":"2026-10-02T00:17:15.523517+08:00","Action":"output","Package":"ops-platform/test/contract","Test":"TestInspectionNonVirtualUpstreamReplay","Output":"    inspection_replay_test.go:78: nonvirtual upstream replay: exit status 1\n","OutputType":"error"}
{"Time":"2026-10-02T00:17:15.523526+08:00","Action":"output","Package":"ops-platform/test/contract","Test":"TestInspectionNonVirtualUpstreamReplay","Output":"--- FAIL: TestInspectionNonVirtualUpstreamReplay (101.06s)\n","OutputType":"frame"}
{"Time":"2026-10-02T00:17:15.523566+08:00","Action":"fail","Package":"ops-platform/test/contract","Test":"TestInspectionNonVirtualUpstreamReplay","Elapsed":101.06}
{"Time":"2026-10-02T00:17:15.523578+08:00","Action":"output","Package":"ops-platform/test/contract","Output":"FAIL\n","OutputType":"frame"}
{"Time":"2026-10-02T00:17:15.524311+08:00","Action":"output","Package":"ops-platform/test/contract","Output":"FAIL\tops-platform/test/contract\t168.506s\n","OutputType":"frame"}
{"Time":"2026-10-02T00:17:15.524319+08:00","Action":"fail","Package":"ops-platform/test/contract","Elapsed":168.506}
make: *** [test-replay] Error 1
