=== RUN   TestStreamingInitialSnapshotAndTerminalDelete
--- PASS: TestStreamingInitialSnapshotAndTerminalDelete (0.51s)
=== RUN   TestPermissionAndThrottleRemainStaleAndShareBudget
=== RUN   TestPermissionAndThrottleRemainStaleAndShareBudget/Forbidden
=== RUN   TestPermissionAndThrottleRemainStaleAndShareBudget/Too_Many_Requests
--- PASS: TestPermissionAndThrottleRemainStaleAndShareBudget (0.71s)
    --- PASS: TestPermissionAndThrottleRemainStaleAndShareBudget/Forbidden (0.30s)
    --- PASS: TestPermissionAndThrottleRemainStaleAndShareBudget/Too_Many_Requests (0.40s)
=== RUN   TestSilentWatchAuthorizationProbeFailsClosed
--- PASS: TestSilentWatchAuthorizationProbeFailsClosed (10.11s)
=== RUN   TestResourceSyncerListWatch410AndProjection
--- PASS: TestResourceSyncerListWatch410AndProjection (0.20s)
=== RUN   TestResourceProjectionRejectsMissingUIDAndSecret
--- PASS: TestResourceProjectionRejectsMissingUIDAndSecret (0.00s)
=== RUN   TestNativeListItemsInheritListTypeMetadata
--- PASS: TestNativeListItemsInheritListTypeMetadata (0.20s)
=== RUN   TestProjectionRejectsNestedPayloadsAndCredentials
--- PASS: TestProjectionRejectsNestedPayloadsAndCredentials (0.00s)
=== RUN   TestProjectionRejectsNestedSecretPayloadAndOversizedMetadata
--- PASS: TestProjectionRejectsNestedSecretPayloadAndOversizedMetadata (0.00s)
PASS
ok  	ops-platform/internal/integrations/kubernetes	12.265s
