=== RUN   TestStreamingInitialSnapshotAndTerminalDelete
    informer_fault_test.go:42: state={LastListCompletedAt:0001-01-01 00:00:00 +0000 UTC LastWatchEventAt:0001-01-01 00:00:00 +0000 UTC LastWatchProgressAt:0001-01-01 00:00:00 +0000 UTC LastConnectivityProbeAt:0001-01-01 00:00:00 +0000 UTC WatchConnected:false WatchContinuous:false ProjectionQueueLag:0s LastError:rebuilding} objects=0
    informer_fault_test.go:42: state={LastListCompletedAt:2026-10-02 08:29:54.422717 +0800 CST m=+0.003290043 LastWatchEventAt:0001-01-01 00:00:00 +0000 UTC LastWatchProgressAt:0001-01-01 00:00:00 +0000 UTC LastConnectivityProbeAt:2026-10-02 08:29:54.47417 +0800 CST m=+0.054752251 WatchConnected:true WatchContinuous:false ProjectionQueueLag:0s LastError:watch_initializing} objects=1
    informer_fault_test.go:42: state={LastListCompletedAt:2026-10-02 08:29:54.422717 +0800 CST m=+0.003290043 LastWatchEventAt:0001-01-01 00:00:00 +0000 UTC LastWatchProgressAt:0001-01-01 00:00:00 +0000 UTC LastConnectivityProbeAt:2026-10-02 08:29:54.47417 +0800 CST m=+0.054752251 WatchConnected:false WatchContinuous:false ProjectionQueueLag:0s LastError:invalid_event} objects=1
    informer_fault_test.go:42: state={LastListCompletedAt:2026-10-02 08:29:54.422717 +0800 CST m=+0.003290043 LastWatchEventAt:0001-01-01 00:00:00 +0000 UTC LastWatchProgressAt:0001-01-01 00:00:00 +0000 UTC LastConnectivityProbeAt:2026-10-02 08:29:54.47417 +0800 CST m=+0.054752251 WatchConnected:false WatchContinuous:false ProjectionQueueLag:0s LastError:rebuilding} objects=1
    informer_fault_test.go:42: state={LastListCompletedAt:2026-10-02 08:29:54.527601 +0800 CST m=+0.108192834 LastWatchEventAt:0001-01-01 00:00:00 +0000 UTC LastWatchProgressAt:0001-01-01 00:00:00 +0000 UTC LastConnectivityProbeAt:2026-10-02 08:29:54.580887 +0800 CST m=+0.161488918 WatchConnected:true WatchContinuous:false ProjectionQueueLag:0s LastError:watch_initializing} objects=1
    informer_fault_test.go:42: state={LastListCompletedAt:2026-10-02 08:29:54.527601 +0800 CST m=+0.108192834 LastWatchEventAt:0001-01-01 00:00:00 +0000 UTC LastWatchProgressAt:0001-01-01 00:00:00 +0000 UTC LastConnectivityProbeAt:2026-10-02 08:29:54.580887 +0800 CST m=+0.161488918 WatchConnected:false WatchContinuous:false ProjectionQueueLag:0s LastError:invalid_event} objects=1
    informer_fault_test.go:42: state={LastListCompletedAt:2026-10-02 08:29:54.527601 +0800 CST m=+0.108192834 LastWatchEventAt:0001-01-01 00:00:00 +0000 UTC LastWatchProgressAt:0001-01-01 00:00:00 +0000 UTC LastConnectivityProbeAt:2026-10-02 08:29:54.580887 +0800 CST m=+0.161488918 WatchConnected:false WatchContinuous:false ProjectionQueueLag:0s LastError:rebuilding} objects=1
    informer_fault_test.go:42: state={LastListCompletedAt:2026-10-02 08:29:54.636027 +0800 CST m=+0.216638418 LastWatchEventAt:0001-01-01 00:00:00 +0000 UTC LastWatchProgressAt:0001-01-01 00:00:00 +0000 UTC LastConnectivityProbeAt:2026-10-02 08:29:54.687503 +0800 CST m=+0.268123834 WatchConnected:true WatchContinuous:false ProjectionQueueLag:0s LastError:watch_initializing} objects=1
    informer_fault_test.go:42: state={LastListCompletedAt:2026-10-02 08:29:54.636027 +0800 CST m=+0.216638418 LastWatchEventAt:0001-01-01 00:00:00 +0000 UTC LastWatchProgressAt:0001-01-01 00:00:00 +0000 UTC LastConnectivityProbeAt:2026-10-02 08:29:54.687503 +0800 CST m=+0.268123834 WatchConnected:false WatchContinuous:false ProjectionQueueLag:0s LastError:invalid_event} objects=1
    informer_fault_test.go:42: state={LastListCompletedAt:2026-10-02 08:29:54.636027 +0800 CST m=+0.216638418 LastWatchEventAt:0001-01-01 00:00:00 +0000 UTC LastWatchProgressAt:0001-01-01 00:00:00 +0000 UTC LastConnectivityProbeAt:2026-10-02 08:29:54.687503 +0800 CST m=+0.268123834 WatchConnected:false WatchContinuous:false ProjectionQueueLag:0s LastError:rebuilding} objects=1
    informer_fault_test.go:42: state={LastListCompletedAt:2026-10-02 08:29:54.73971 +0800 CST m=+0.320340626 LastWatchEventAt:0001-01-01 00:00:00 +0000 UTC LastWatchProgressAt:0001-01-01 00:00:00 +0000 UTC LastConnectivityProbeAt:2026-10-02 08:29:54.79143 +0800 CST m=+0.372069918 WatchConnected:true WatchContinuous:false ProjectionQueueLag:0s LastError:watch_initializing} objects=1
    informer_fault_test.go:42: state={LastListCompletedAt:2026-10-02 08:29:54.73971 +0800 CST m=+0.320340626 LastWatchEventAt:0001-01-01 00:00:00 +0000 UTC LastWatchProgressAt:0001-01-01 00:00:00 +0000 UTC LastConnectivityProbeAt:2026-10-02 08:29:54.79143 +0800 CST m=+0.372069918 WatchConnected:false WatchContinuous:false ProjectionQueueLag:0s LastError:invalid_event} objects=1
    informer_fault_test.go:42: state={LastListCompletedAt:2026-10-02 08:29:54.73971 +0800 CST m=+0.320340626 LastWatchEventAt:0001-01-01 00:00:00 +0000 UTC LastWatchProgressAt:0001-01-01 00:00:00 +0000 UTC LastConnectivityProbeAt:2026-10-02 08:29:54.79143 +0800 CST m=+0.372069918 WatchConnected:false WatchContinuous:false ProjectionQueueLag:0s LastError:rebuilding} objects=1
    informer_fault_test.go:42: state={LastListCompletedAt:2026-10-02 08:29:54.845973 +0800 CST m=+0.426622626 LastWatchEventAt:0001-01-01 00:00:00 +0000 UTC LastWatchProgressAt:0001-01-01 00:00:00 +0000 UTC LastConnectivityProbeAt:2026-10-02 08:29:54.897162 +0800 CST m=+0.477820834 WatchConnected:true WatchContinuous:false ProjectionQueueLag:0s LastError:watch_initializing} objects=1
    informer_fault_test.go:42: state={LastListCompletedAt:2026-10-02 08:29:54.845973 +0800 CST m=+0.426622626 LastWatchEventAt:0001-01-01 00:00:00 +0000 UTC LastWatchProgressAt:0001-01-01 00:00:00 +0000 UTC LastConnectivityProbeAt:2026-10-02 08:29:54.897162 +0800 CST m=+0.477820834 WatchConnected:false WatchContinuous:false ProjectionQueueLag:0s LastError:invalid_event} objects=1
    informer_fault_test.go:42: state={LastListCompletedAt:2026-10-02 08:29:54.845973 +0800 CST m=+0.426622626 LastWatchEventAt:0001-01-01 00:00:00 +0000 UTC LastWatchProgressAt:0001-01-01 00:00:00 +0000 UTC LastConnectivityProbeAt:2026-10-02 08:29:54.897162 +0800 CST m=+0.477820834 WatchConnected:false WatchContinuous:false ProjectionQueueLag:0s LastError:rebuilding} objects=1
    informer_fault_test.go:42: state={LastListCompletedAt:2026-10-02 08:29:54.845973 +0800 CST m=+0.426622626 LastWatchEventAt:0001-01-01 00:00:00 +0000 UTC LastWatchProgressAt:0001-01-01 00:00:00 +0000 UTC LastConnectivityProbeAt:2026-10-02 08:29:54.897162 +0800 CST m=+0.477820834 WatchConnected:false WatchContinuous:false ProjectionQueueLag:0s LastError:list_unavailable} objects=1
    informer_fault_test.go:65: delete/recreate incomplete deleted=false recreated=false
--- FAIL: TestStreamingInitialSnapshotAndTerminalDelete (0.53s)
FAIL
FAIL	ops-platform/internal/integrations/kubernetes	1.014s
FAIL
