2026/10/03 13:02:33 OK   00001_roles_and_schemas.sql (11.44ms)
2026/10/03 13:02:33 goose: successfully migrated database to version: 1
2026/10/03 13:02:33 OK   00002_platform_meta.sql (14.41ms)
2026/10/03 13:02:33 OK   00003_finding.sql (7ms)
2026/10/03 13:02:33 OK   00004_incident.sql (5.19ms)
2026/10/03 13:02:33 OK   00005_investigation.sql (5.85ms)
2026/10/03 13:02:33 OK   00006_action_command.sql (4.14ms)
2026/10/03 13:02:33 OK   00007_audit.sql (8.15ms)
2026/10/03 13:02:33 OK   00008_rls.sql (7.37ms)
2026/10/03 13:02:33 OK   00009_idempotency_ledger.sql (5.54ms)
2026/10/03 13:02:33 OK   00010_tenant_provisioning.sql (3.64ms)
2026/10/03 13:02:33 OK   00011_source_registration_history.sql (10.61ms)
2026/10/03 13:02:33 OK   00012_config_registry_lifecycle.sql (16.57ms)
2026/10/03 13:02:33 OK   00013_audit_signed_segments.sql (11.73ms)
2026/10/03 13:02:33 OK   00014_audit_segment_predecessors.sql (5.06ms)
2026/10/03 13:02:33 OK   00015_source_schema_scope.sql (3.3ms)
2026/10/03 13:02:33 OK   00016_cluster_registration_metadata.sql (4.18ms)
2026/10/03 13:02:33 OK   00017_source_data_scope.sql (3.31ms)
2026/10/03 13:02:33 OK   00018_sp04_resources_evidence.sql (10ms)
2026/10/03 13:02:33 OK   00019_sp04_archive_ciphertext_bytes.sql (3.97ms)
2026/10/03 13:02:33 OK   00020_sp04_request_ledger.sql (4.73ms)
2026/10/03 13:02:33 OK   00021_sp04_archive_protection.sql (3.68ms)
2026/10/03 13:02:33 OK   00022_sp04_legal_hold_dependencies.sql (3.77ms)
2026/10/03 13:02:33 OK   00023_sp04_archive_query_intent.sql (3.37ms)
2026/10/03 13:02:33 OK   00024_sp05_finding_incident.sql (13.08ms)
2026/10/03 13:02:33 OK   00025_sp05_incident_event_time.sql (5ms)
2026/10/03 13:02:33 OK   00026_sp05_source_binding_lock.sql (4.93ms)
2026/10/03 13:02:33 OK   00027_sp05_rca_and_poll.sql (8.69ms)
2026/10/03 13:02:33 OK   00028_sp05_operator_lock.sql (4.13ms)
2026/10/03 13:02:33 OK   00029_sp05_evidence_links.sql (5.46ms)
2026/10/03 13:02:33 OK   00030_sp05_recipe_fence.sql (2.61ms)
2026/10/03 13:02:33 OK   00031_sp05_rca_postcheck.sql (1.91ms)
2026/10/03 13:02:33 OK   00032_sp05_transport_audit.sql (1.86ms)
2026/10/03 13:02:33 OK   00033_sp05_poll_resolution_clock.sql (2.22ms)
2026/10/03 13:02:33 goose: successfully migrated database to version: 33
--- FAIL: TestSP05APIListFiltersAndAllLinkedNamespaceAuthorization (0.39s)
    sp05_api_read_test.go:46: last/empty page violates string-only cursor Contract
    sp05_api_read_test.go:46: last/empty page violates string-only cursor Contract
    sp05_api_read_test.go:46: last/empty page violates string-only cursor Contract
    sp05_api_read_test.go:40: SP05 error Contract: validate payload against schema "https://ops.local/schemas/error-envelope/v2": jsonschema validation failed with 'https://ops.local/schemas/error-envelope/v2#'
        - at '': missing property 'schemaVersion'
    sp05_api_read_test.go:46: last/empty page violates string-only cursor Contract
    sp05_api_read_test.go:40: SP05 error Contract: validate payload against schema "https://ops.local/schemas/error-envelope/v2": jsonschema validation failed with 'https://ops.local/schemas/error-envelope/v2#'
        - at '': missing property 'schemaVersion'
FAIL
FAIL	ops-platform/test/integration	1.485s
FAIL
