2026/10/03 13:00:23 OK   00001_roles_and_schemas.sql (15.32ms)
2026/10/03 13:00:23 goose: successfully migrated database to version: 1
2026/10/03 13:00:23 OK   00002_platform_meta.sql (18.86ms)
2026/10/03 13:00:23 OK   00003_finding.sql (8.55ms)
2026/10/03 13:00:23 OK   00004_incident.sql (7.48ms)
2026/10/03 13:00:23 OK   00005_investigation.sql (7.09ms)
2026/10/03 13:00:23 OK   00006_action_command.sql (6.74ms)
2026/10/03 13:00:23 OK   00007_audit.sql (9.97ms)
2026/10/03 13:00:23 OK   00008_rls.sql (9.09ms)
2026/10/03 13:00:23 OK   00009_idempotency_ledger.sql (7.42ms)
2026/10/03 13:00:23 OK   00010_tenant_provisioning.sql (4.74ms)
2026/10/03 13:00:23 OK   00011_source_registration_history.sql (5.42ms)
2026/10/03 13:00:23 OK   00012_config_registry_lifecycle.sql (8.64ms)
2026/10/03 13:00:23 OK   00013_audit_signed_segments.sql (10.92ms)
2026/10/03 13:00:23 OK   00014_audit_segment_predecessors.sql (6.23ms)
2026/10/03 13:00:23 OK   00015_source_schema_scope.sql (5.52ms)
2026/10/03 13:00:23 OK   00016_cluster_registration_metadata.sql (5.07ms)
2026/10/03 13:00:23 OK   00017_source_data_scope.sql (4.62ms)
2026/10/03 13:00:23 OK   00018_sp04_resources_evidence.sql (12.24ms)
2026/10/03 13:00:23 OK   00019_sp04_archive_ciphertext_bytes.sql (4.17ms)
2026/10/03 13:00:23 OK   00020_sp04_request_ledger.sql (5.49ms)
2026/10/03 13:00:23 OK   00021_sp04_archive_protection.sql (4.27ms)
2026/10/03 13:00:23 OK   00022_sp04_legal_hold_dependencies.sql (4.06ms)
2026/10/03 13:00:23 OK   00023_sp04_archive_query_intent.sql (3.18ms)
2026/10/03 13:00:23 OK   00024_sp05_finding_incident.sql (13.91ms)
2026/10/03 13:00:23 OK   00025_sp05_incident_event_time.sql (4.19ms)
2026/10/03 13:00:23 OK   00026_sp05_source_binding_lock.sql (4.58ms)
2026/10/03 13:00:23 OK   00027_sp05_rca_and_poll.sql (7.5ms)
2026/10/03 13:00:23 OK   00028_sp05_operator_lock.sql (3.73ms)
2026/10/03 13:00:23 OK   00029_sp05_evidence_links.sql (5.62ms)
2026/10/03 13:00:23 OK   00030_sp05_recipe_fence.sql (3.3ms)
2026/10/03 13:00:23 OK   00031_sp05_rca_postcheck.sql (3.45ms)
2026/10/03 13:00:23 OK   00032_sp05_transport_audit.sql (3.94ms)
2026/10/03 13:00:23 OK   00033_sp05_poll_resolution_clock.sql (3.53ms)
2026/10/03 13:00:23 goose: successfully migrated database to version: 33
--- FAIL: TestSP05APIListFiltersAndAllLinkedNamespaceAuthorization (0.51s)
    sp05_api_read_test.go:44: last/empty page violates string-only cursor Contract
    sp05_api_read_test.go:44: last/empty page violates string-only cursor Contract
    sp05_api_read_test.go:44: last/empty page violates string-only cursor Contract
    sp05_api_read_test.go:44: last/empty page violates string-only cursor Contract
FAIL
FAIL	ops-platform/test/integration	1.454s
FAIL
