=== RUN   TestSP05GoldenGraphOnlySourceWithdrawAndFindingRevisionFence
2026/10/03 13:15:05 OK   00001_roles_and_schemas.sql (9.25ms)
2026/10/03 13:15:05 goose: successfully migrated database to version: 1
2026/10/03 13:15:05 OK   00002_platform_meta.sql (15.59ms)
2026/10/03 13:15:05 OK   00003_finding.sql (6.91ms)
2026/10/03 13:15:05 OK   00004_incident.sql (4.9ms)
2026/10/03 13:15:05 OK   00005_investigation.sql (4.93ms)
2026/10/03 13:15:05 OK   00006_action_command.sql (4.83ms)
2026/10/03 13:15:05 OK   00007_audit.sql (8.97ms)
2026/10/03 13:15:05 OK   00008_rls.sql (7.36ms)
2026/10/03 13:15:05 OK   00009_idempotency_ledger.sql (6.6ms)
2026/10/03 13:15:05 OK   00010_tenant_provisioning.sql (3.86ms)
2026/10/03 13:15:05 OK   00011_source_registration_history.sql (5.38ms)
2026/10/03 13:15:05 OK   00012_config_registry_lifecycle.sql (7.4ms)
2026/10/03 13:15:05 OK   00013_audit_signed_segments.sql (9.06ms)
2026/10/03 13:15:05 OK   00014_audit_segment_predecessors.sql (4.34ms)
2026/10/03 13:15:05 OK   00015_source_schema_scope.sql (2.35ms)
2026/10/03 13:15:05 OK   00016_cluster_registration_metadata.sql (3.37ms)
2026/10/03 13:15:05 OK   00017_source_data_scope.sql (3.26ms)
2026/10/03 13:15:05 OK   00018_sp04_resources_evidence.sql (9.6ms)
2026/10/03 13:15:05 OK   00019_sp04_archive_ciphertext_bytes.sql (2.36ms)
2026/10/03 13:15:05 OK   00020_sp04_request_ledger.sql (3.39ms)
2026/10/03 13:15:05 OK   00021_sp04_archive_protection.sql (2.55ms)
2026/10/03 13:15:05 OK   00022_sp04_legal_hold_dependencies.sql (2.19ms)
2026/10/03 13:15:05 OK   00023_sp04_archive_query_intent.sql (2.15ms)
2026/10/03 13:15:05 OK   00024_sp05_finding_incident.sql (12.28ms)
2026/10/03 13:15:05 OK   00025_sp05_incident_event_time.sql (2.12ms)
2026/10/03 13:15:05 OK   00026_sp05_source_binding_lock.sql (2.47ms)
2026/10/03 13:15:05 OK   00027_sp05_rca_and_poll.sql (6.11ms)
2026/10/03 13:15:05 OK   00028_sp05_operator_lock.sql (2.94ms)
2026/10/03 13:15:05 OK   00029_sp05_evidence_links.sql (4.26ms)
2026/10/03 13:15:05 OK   00030_sp05_recipe_fence.sql (2.34ms)
2026/10/03 13:15:05 OK   00031_sp05_rca_postcheck.sql (2.62ms)
2026/10/03 13:15:05 OK   00032_sp05_transport_audit.sql (2.55ms)
2026/10/03 13:15:05 OK   00033_sp05_poll_resolution_clock.sql (2.81ms)
2026/10/03 13:15:05 goose: successfully migrated database to version: 33
    archive_iam_test.go:41: owned TLS/IAM fixture image=docker.io/chrislusf/seaweedfs@sha256:d4cf67729aa8777e1a43a5b61d72e5b96179e4b7bac9a221cb14cbc2036cb32e id=fbe7335fab1e3dbc1ed4d52f4a6351e1e7c4b62bc70153069a8e30cef2bcba2d bucket=sp05-golden-a16edf5f tenants=1
    sp05_golden_vertical_test.go:331: actual archive/Graph confirmed DIMM: Graph-only revoke/rotate is fenced, historical read denied; unapplied Finding revision rejected, same Evidence with new Finding snapshot appends, old input remains immutable
    sp05_golden_vertical_test.go:333: dimm-failure/valid: fixed clock, admitted native adapters -> actual identity/Graph and unified ingestion -> PostgreSQL reducer -> signed published Recipe -> real immutable OpenBao/SeaweedFS Evidence -> append-only RCA and bounded Impact, twice replay; protocol Fixture, no physical BMC/Node failure claim
--- PASS: TestSP05GoldenGraphOnlySourceWithdrawAndFindingRevisionFence (5.85s)
PASS
ok  	ops-platform/test/integration	6.849s
