=== RUN   TestSP05APIListFiltersAndAllLinkedNamespaceAuthorization
2026/10/03 13:11:10 OK   00001_roles_and_schemas.sql (17.18ms)
2026/10/03 13:11:10 goose: successfully migrated database to version: 1
2026/10/03 13:11:10 OK   00002_platform_meta.sql (16.87ms)
2026/10/03 13:11:10 OK   00003_finding.sql (7.83ms)
2026/10/03 13:11:10 OK   00004_incident.sql (4.59ms)
2026/10/03 13:11:10 OK   00005_investigation.sql (5.15ms)
2026/10/03 13:11:10 OK   00006_action_command.sql (5.82ms)
2026/10/03 13:11:10 OK   00007_audit.sql (8.34ms)
2026/10/03 13:11:10 OK   00008_rls.sql (8.28ms)
2026/10/03 13:11:10 OK   00009_idempotency_ledger.sql (9.07ms)
2026/10/03 13:11:10 OK   00010_tenant_provisioning.sql (3.38ms)
2026/10/03 13:11:10 OK   00011_source_registration_history.sql (6.22ms)
2026/10/03 13:11:10 OK   00012_config_registry_lifecycle.sql (8.08ms)
2026/10/03 13:11:10 OK   00013_audit_signed_segments.sql (9.46ms)
2026/10/03 13:11:10 OK   00014_audit_segment_predecessors.sql (5.49ms)
2026/10/03 13:11:10 OK   00015_source_schema_scope.sql (3.39ms)
2026/10/03 13:11:10 OK   00016_cluster_registration_metadata.sql (4.59ms)
2026/10/03 13:11:10 OK   00017_source_data_scope.sql (4.5ms)
2026/10/03 13:11:10 OK   00018_sp04_resources_evidence.sql (11.76ms)
2026/10/03 13:11:10 OK   00019_sp04_archive_ciphertext_bytes.sql (3.73ms)
2026/10/03 13:11:10 OK   00020_sp04_request_ledger.sql (4.85ms)
2026/10/03 13:11:10 OK   00021_sp04_archive_protection.sql (3.83ms)
2026/10/03 13:11:10 OK   00022_sp04_legal_hold_dependencies.sql (3.6ms)
2026/10/03 13:11:10 OK   00023_sp04_archive_query_intent.sql (3.67ms)
2026/10/03 13:11:10 OK   00024_sp05_finding_incident.sql (13.74ms)
2026/10/03 13:11:10 OK   00025_sp05_incident_event_time.sql (3.6ms)
2026/10/03 13:11:10 OK   00026_sp05_source_binding_lock.sql (3.86ms)
2026/10/03 13:11:10 OK   00027_sp05_rca_and_poll.sql (6.85ms)
2026/10/03 13:11:10 OK   00028_sp05_operator_lock.sql (3.8ms)
2026/10/03 13:11:10 OK   00029_sp05_evidence_links.sql (4.59ms)
2026/10/03 13:11:10 OK   00030_sp05_recipe_fence.sql (3.85ms)
2026/10/03 13:11:10 OK   00031_sp05_rca_postcheck.sql (3.49ms)
2026/10/03 13:11:11 OK   00032_sp05_transport_audit.sql (3.2ms)
2026/10/03 13:11:11 OK   00033_sp05_poll_resolution_clock.sql (3.95ms)
2026/10/03 13:11:11 goose: successfully migrated database to version: 33
--- PASS: TestSP05APIListFiltersAndAllLinkedNamespaceAuthorization (0.45s)
=== RUN   TestSP05FrozenNonvirtualGoldenVerticalAndReplay
=== RUN   TestSP05FrozenNonvirtualGoldenVerticalAndReplay/dimm-failure/valid
2026/10/03 13:11:11 OK   00001_roles_and_schemas.sql (7.01ms)
2026/10/03 13:11:11 goose: successfully migrated database to version: 1
2026/10/03 13:11:11 OK   00002_platform_meta.sql (13.54ms)
2026/10/03 13:11:11 OK   00003_finding.sql (5.94ms)
2026/10/03 13:11:11 OK   00004_incident.sql (4.16ms)
2026/10/03 13:11:11 OK   00005_investigation.sql (5.24ms)
2026/10/03 13:11:11 OK   00006_action_command.sql (4.23ms)
2026/10/03 13:11:11 OK   00007_audit.sql (6.72ms)
2026/10/03 13:11:11 OK   00008_rls.sql (6.67ms)
2026/10/03 13:11:11 OK   00009_idempotency_ledger.sql (5.32ms)
2026/10/03 13:11:11 OK   00010_tenant_provisioning.sql (3.04ms)
2026/10/03 13:11:11 OK   00011_source_registration_history.sql (4.87ms)
2026/10/03 13:11:11 OK   00012_config_registry_lifecycle.sql (6.26ms)
2026/10/03 13:11:11 OK   00013_audit_signed_segments.sql (8.22ms)
2026/10/03 13:11:11 OK   00014_audit_segment_predecessors.sql (4.63ms)
2026/10/03 13:11:11 OK   00015_source_schema_scope.sql (2.69ms)
2026/10/03 13:11:11 OK   00016_cluster_registration_metadata.sql (3.44ms)
2026/10/03 13:11:11 OK   00017_source_data_scope.sql (2.8ms)
2026/10/03 13:11:11 OK   00018_sp04_resources_evidence.sql (9.08ms)
2026/10/03 13:11:11 OK   00019_sp04_archive_ciphertext_bytes.sql (2.73ms)
2026/10/03 13:11:11 OK   00020_sp04_request_ledger.sql (3.53ms)
2026/10/03 13:11:11 OK   00021_sp04_archive_protection.sql (2.77ms)
2026/10/03 13:11:11 OK   00022_sp04_legal_hold_dependencies.sql (2.72ms)
2026/10/03 13:11:11 OK   00023_sp04_archive_query_intent.sql (2.13ms)
2026/10/03 13:11:11 OK   00024_sp05_finding_incident.sql (11.38ms)
2026/10/03 13:11:11 OK   00025_sp05_incident_event_time.sql (2.56ms)
2026/10/03 13:11:11 OK   00026_sp05_source_binding_lock.sql (3.13ms)
2026/10/03 13:11:11 OK   00027_sp05_rca_and_poll.sql (6.18ms)
2026/10/03 13:11:11 OK   00028_sp05_operator_lock.sql (3.18ms)
2026/10/03 13:11:11 OK   00029_sp05_evidence_links.sql (4.52ms)
2026/10/03 13:11:11 OK   00030_sp05_recipe_fence.sql (2.5ms)
2026/10/03 13:11:11 OK   00031_sp05_rca_postcheck.sql (2.87ms)
2026/10/03 13:11:11 OK   00032_sp05_transport_audit.sql (2.74ms)
2026/10/03 13:11:11 OK   00033_sp05_poll_resolution_clock.sql (2.89ms)
2026/10/03 13:11:11 goose: successfully migrated database to version: 33
    archive_iam_test.go:41: owned TLS/IAM fixture image=docker.io/chrislusf/seaweedfs@sha256:d4cf67729aa8777e1a43a5b61d72e5b96179e4b7bac9a221cb14cbc2036cb32e id=ca83f2d97fb49c3e6ec7f06c8e0ddc6c55f2122c2fec5a075f1099c705ff873a bucket=sp05-golden-1afef452 tenants=1
    sp05_golden_vertical_test.go:323: actual frozen RCA output Contract: validate payload against schema "https://ops.local/schemas/rca-revision/v2": jsonschema validation failed with 'https://ops.local/schemas/rca-revision/v2#'
        - at '/result/evidenceBundle/conflicts': got null, want array
=== RUN   TestSP05FrozenNonvirtualGoldenVerticalAndReplay/dimm-failure/missing
2026/10/03 13:11:16 OK   00001_roles_and_schemas.sql (30.79ms)
2026/10/03 13:11:16 goose: successfully migrated database to version: 1
2026/10/03 13:11:16 OK   00002_platform_meta.sql (16.64ms)
2026/10/03 13:11:16 OK   00003_finding.sql (10.81ms)
2026/10/03 13:11:16 OK   00004_incident.sql (11.27ms)
2026/10/03 13:11:16 OK   00005_investigation.sql (9.03ms)
2026/10/03 13:11:16 OK   00006_action_command.sql (7.65ms)
2026/10/03 13:11:16 OK   00007_audit.sql (9.86ms)
2026/10/03 13:11:16 OK   00008_rls.sql (9.54ms)
2026/10/03 13:11:16 OK   00009_idempotency_ledger.sql (10.45ms)
2026/10/03 13:11:16 OK   00010_tenant_provisioning.sql (7.41ms)
2026/10/03 13:11:16 OK   00011_source_registration_history.sql (9.74ms)
2026/10/03 13:11:16 OK   00012_config_registry_lifecycle.sql (10.2ms)
2026/10/03 13:11:17 OK   00013_audit_signed_segments.sql (12.2ms)
2026/10/03 13:11:17 OK   00014_audit_segment_predecessors.sql (5.77ms)
2026/10/03 13:11:17 OK   00015_source_schema_scope.sql (3.44ms)
2026/10/03 13:11:17 OK   00016_cluster_registration_metadata.sql (5.74ms)
2026/10/03 13:11:17 OK   00017_source_data_scope.sql (5.53ms)
2026/10/03 13:11:17 OK   00018_sp04_resources_evidence.sql (13.97ms)
2026/10/03 13:11:17 OK   00019_sp04_archive_ciphertext_bytes.sql (10.69ms)
2026/10/03 13:11:17 OK   00020_sp04_request_ledger.sql (5.16ms)
2026/10/03 13:11:17 OK   00021_sp04_archive_protection.sql (4.05ms)
2026/10/03 13:11:17 OK   00022_sp04_legal_hold_dependencies.sql (3.69ms)
2026/10/03 13:11:17 OK   00023_sp04_archive_query_intent.sql (2.92ms)
2026/10/03 13:11:17 OK   00024_sp05_finding_incident.sql (12.7ms)
2026/10/03 13:11:17 OK   00025_sp05_incident_event_time.sql (2.51ms)
2026/10/03 13:11:17 OK   00026_sp05_source_binding_lock.sql (2.74ms)
2026/10/03 13:11:17 OK   00027_sp05_rca_and_poll.sql (7.82ms)
2026/10/03 13:11:17 OK   00028_sp05_operator_lock.sql (2.88ms)
2026/10/03 13:11:17 OK   00029_sp05_evidence_links.sql (4.38ms)
2026/10/03 13:11:17 OK   00030_sp05_recipe_fence.sql (2.64ms)
2026/10/03 13:11:17 OK   00031_sp05_rca_postcheck.sql (2.17ms)
2026/10/03 13:11:17 OK   00032_sp05_transport_audit.sql (2.3ms)
2026/10/03 13:11:17 OK   00033_sp05_poll_resolution_clock.sql (2.55ms)
2026/10/03 13:11:17 goose: successfully migrated database to version: 33
    archive_iam_test.go:41: owned TLS/IAM fixture image=docker.io/chrislusf/seaweedfs@sha256:d4cf67729aa8777e1a43a5b61d72e5b96179e4b7bac9a221cb14cbc2036cb32e id=499b65b503f9d93566064b53ea19c99921ff98ca4e0fb0d7a26e7a49a850b055 bucket=sp05-golden-d3bb26db tenants=1
    sp05_golden_vertical_test.go:323: actual frozen RCA output Contract: validate payload against schema "https://ops.local/schemas/rca-revision/v2": jsonschema validation failed with 'https://ops.local/schemas/rca-revision/v2#'
        - at '/result/evidenceBundle/conflicts': got null, want array
=== RUN   TestSP05FrozenNonvirtualGoldenVerticalAndReplay/dimm-failure/conflict
2026/10/03 13:11:23 OK   00001_roles_and_schemas.sql (15.03ms)
2026/10/03 13:11:23 goose: successfully migrated database to version: 1
2026/10/03 13:11:24 OK   00002_platform_meta.sql (20.44ms)
2026/10/03 13:11:24 OK   00003_finding.sql (22.47ms)
2026/10/03 13:11:24 OK   00004_incident.sql (10.31ms)
2026/10/03 13:11:24 OK   00005_investigation.sql (6.56ms)
2026/10/03 13:11:24 OK   00006_action_command.sql (6.95ms)
2026/10/03 13:11:24 OK   00007_audit.sql (9.38ms)
2026/10/03 13:11:24 OK   00008_rls.sql (8.52ms)
2026/10/03 13:11:24 OK   00009_idempotency_ledger.sql (8.6ms)
2026/10/03 13:11:24 OK   00010_tenant_provisioning.sql (3.72ms)
2026/10/03 13:11:24 OK   00011_source_registration_history.sql (5.56ms)
2026/10/03 13:11:24 OK   00012_config_registry_lifecycle.sql (6.95ms)
2026/10/03 13:11:24 OK   00013_audit_signed_segments.sql (8.79ms)
2026/10/03 13:11:24 OK   00014_audit_segment_predecessors.sql (4.51ms)
2026/10/03 13:11:24 OK   00015_source_schema_scope.sql (2.61ms)
2026/10/03 13:11:24 OK   00016_cluster_registration_metadata.sql (3.21ms)
2026/10/03 13:11:24 OK   00017_source_data_scope.sql (2.58ms)
2026/10/03 13:11:24 OK   00018_sp04_resources_evidence.sql (9.03ms)
2026/10/03 13:11:24 OK   00019_sp04_archive_ciphertext_bytes.sql (2.67ms)
2026/10/03 13:11:24 OK   00020_sp04_request_ledger.sql (3.76ms)
2026/10/03 13:11:24 OK   00021_sp04_archive_protection.sql (2.81ms)
2026/10/03 13:11:24 OK   00022_sp04_legal_hold_dependencies.sql (2.67ms)
2026/10/03 13:11:24 OK   00023_sp04_archive_query_intent.sql (2.42ms)
2026/10/03 13:11:24 OK   00024_sp05_finding_incident.sql (11.86ms)
2026/10/03 13:11:24 OK   00025_sp05_incident_event_time.sql (2.56ms)
2026/10/03 13:11:24 OK   00026_sp05_source_binding_lock.sql (2.88ms)
2026/10/03 13:11:24 OK   00027_sp05_rca_and_poll.sql (5.64ms)
2026/10/03 13:11:24 OK   00028_sp05_operator_lock.sql (2.92ms)
2026/10/03 13:11:24 OK   00029_sp05_evidence_links.sql (4.28ms)
2026/10/03 13:11:24 OK   00030_sp05_recipe_fence.sql (2.61ms)
2026/10/03 13:11:24 OK   00031_sp05_rca_postcheck.sql (2.4ms)
2026/10/03 13:11:24 OK   00032_sp05_transport_audit.sql (2.6ms)
2026/10/03 13:11:24 OK   00033_sp05_poll_resolution_clock.sql (2.81ms)
2026/10/03 13:11:24 goose: successfully migrated database to version: 33
    archive_iam_test.go:41: owned TLS/IAM fixture image=docker.io/chrislusf/seaweedfs@sha256:d4cf67729aa8777e1a43a5b61d72e5b96179e4b7bac9a221cb14cbc2036cb32e id=6648a7d5bdace19c5321f0ca1d5e5c873491d03d71856c22785dd1d11c5544ff bucket=sp05-golden-e8c76380 tenants=1
    sp05_golden_vertical_test.go:333: dimm-failure/conflict: fixed clock, admitted native adapters -> actual identity/Graph and unified ingestion -> PostgreSQL reducer -> signed published Recipe -> real immutable OpenBao/SeaweedFS Evidence -> append-only RCA and bounded Impact, twice replay; protocol Fixture, no physical BMC/Node failure claim
=== RUN   TestSP05FrozenNonvirtualGoldenVerticalAndReplay/dimm-failure/degraded
2026/10/03 13:11:28 OK   00001_roles_and_schemas.sql (9.03ms)
2026/10/03 13:11:28 goose: successfully migrated database to version: 1
2026/10/03 13:11:28 OK   00002_platform_meta.sql (14.82ms)
2026/10/03 13:11:28 OK   00003_finding.sql (7.3ms)
2026/10/03 13:11:28 OK   00004_incident.sql (5.25ms)
2026/10/03 13:11:29 OK   00005_investigation.sql (6.1ms)
2026/10/03 13:11:29 OK   00006_action_command.sql (6.25ms)
2026/10/03 13:11:29 OK   00007_audit.sql (22.34ms)
2026/10/03 13:11:29 OK   00008_rls.sql (7.39ms)
2026/10/03 13:11:29 OK   00009_idempotency_ledger.sql (6.65ms)
2026/10/03 13:11:29 OK   00010_tenant_provisioning.sql (4.57ms)
2026/10/03 13:11:29 OK   00011_source_registration_history.sql (7.92ms)
2026/10/03 13:11:29 OK   00012_config_registry_lifecycle.sql (12.99ms)
2026/10/03 13:11:29 OK   00013_audit_signed_segments.sql (9.19ms)
2026/10/03 13:11:29 OK   00014_audit_segment_predecessors.sql (5.84ms)
2026/10/03 13:11:29 OK   00015_source_schema_scope.sql (3.41ms)
2026/10/03 13:11:29 OK   00016_cluster_registration_metadata.sql (5.02ms)
2026/10/03 13:11:29 OK   00017_source_data_scope.sql (3.91ms)
2026/10/03 13:11:29 OK   00018_sp04_resources_evidence.sql (11.48ms)
2026/10/03 13:11:29 OK   00019_sp04_archive_ciphertext_bytes.sql (4.11ms)
2026/10/03 13:11:29 OK   00020_sp04_request_ledger.sql (4.2ms)
2026/10/03 13:11:29 OK   00021_sp04_archive_protection.sql (4.38ms)
2026/10/03 13:11:29 OK   00022_sp04_legal_hold_dependencies.sql (3.98ms)
2026/10/03 13:11:29 OK   00023_sp04_archive_query_intent.sql (3.35ms)
2026/10/03 13:11:29 OK   00024_sp05_finding_incident.sql (14.06ms)
2026/10/03 13:11:29 OK   00025_sp05_incident_event_time.sql (4.22ms)
2026/10/03 13:11:29 OK   00026_sp05_source_binding_lock.sql (4.06ms)
2026/10/03 13:11:29 OK   00027_sp05_rca_and_poll.sql (6.42ms)
2026/10/03 13:11:29 OK   00028_sp05_operator_lock.sql (3.62ms)
2026/10/03 13:11:29 OK   00029_sp05_evidence_links.sql (5.41ms)
2026/10/03 13:11:29 OK   00030_sp05_recipe_fence.sql (2.92ms)
2026/10/03 13:11:29 OK   00031_sp05_rca_postcheck.sql (2.71ms)
2026/10/03 13:11:29 OK   00032_sp05_transport_audit.sql (3.27ms)
2026/10/03 13:11:29 OK   00033_sp05_poll_resolution_clock.sql (3.97ms)
2026/10/03 13:11:29 goose: successfully migrated database to version: 33
    archive_iam_test.go:41: owned TLS/IAM fixture image=docker.io/chrislusf/seaweedfs@sha256:d4cf67729aa8777e1a43a5b61d72e5b96179e4b7bac9a221cb14cbc2036cb32e id=93846252978e8fea6d16e51c0d1dba588a846316a3abf1ccc652291c9e5611cd bucket=sp05-golden-b186ae7f tenants=1
    sp05_golden_vertical_test.go:323: actual frozen RCA output Contract: validate payload against schema "https://ops.local/schemas/rca-revision/v2": jsonschema validation failed with 'https://ops.local/schemas/rca-revision/v2#'
        - at '/result/evidenceBundle/conflicts': got null, want array
=== RUN   TestSP05FrozenNonvirtualGoldenVerticalAndReplay/pvc-csi-failure/valid
2026/10/03 13:11:38 OK   00001_roles_and_schemas.sql (13.24ms)
2026/10/03 13:11:38 goose: successfully migrated database to version: 1
2026/10/03 13:11:38 OK   00002_platform_meta.sql (20.3ms)
2026/10/03 13:11:38 OK   00003_finding.sql (17.02ms)
2026/10/03 13:11:38 OK   00004_incident.sql (4.83ms)
2026/10/03 13:11:38 OK   00005_investigation.sql (5.49ms)
2026/10/03 13:11:38 OK   00006_action_command.sql (5.08ms)
2026/10/03 13:11:38 OK   00007_audit.sql (7.68ms)
2026/10/03 13:11:38 OK   00008_rls.sql (7.43ms)
2026/10/03 13:11:38 OK   00009_idempotency_ledger.sql (5.94ms)
2026/10/03 13:11:38 OK   00010_tenant_provisioning.sql (3.4ms)
2026/10/03 13:11:38 OK   00011_source_registration_history.sql (5.35ms)
2026/10/03 13:11:38 OK   00012_config_registry_lifecycle.sql (6.76ms)
2026/10/03 13:11:38 OK   00013_audit_signed_segments.sql (12.18ms)
2026/10/03 13:11:38 OK   00014_audit_segment_predecessors.sql (12.8ms)
2026/10/03 13:11:38 OK   00015_source_schema_scope.sql (3.43ms)
2026/10/03 13:11:38 OK   00016_cluster_registration_metadata.sql (4.88ms)
2026/10/03 13:11:38 OK   00017_source_data_scope.sql (4.2ms)
2026/10/03 13:11:38 OK   00018_sp04_resources_evidence.sql (12.19ms)
2026/10/03 13:11:38 OK   00019_sp04_archive_ciphertext_bytes.sql (3.03ms)
2026/10/03 13:11:38 OK   00020_sp04_request_ledger.sql (3.78ms)
2026/10/03 13:11:38 OK   00021_sp04_archive_protection.sql (2.85ms)
2026/10/03 13:11:38 OK   00022_sp04_legal_hold_dependencies.sql (3.01ms)
2026/10/03 13:11:38 OK   00023_sp04_archive_query_intent.sql (2.66ms)
2026/10/03 13:11:38 OK   00024_sp05_finding_incident.sql (21.83ms)
2026/10/03 13:11:38 OK   00025_sp05_incident_event_time.sql (4.27ms)
2026/10/03 13:11:38 OK   00026_sp05_source_binding_lock.sql (3.3ms)
2026/10/03 13:11:38 OK   00027_sp05_rca_and_poll.sql (6.65ms)
2026/10/03 13:11:38 OK   00028_sp05_operator_lock.sql (5.1ms)
2026/10/03 13:11:38 OK   00029_sp05_evidence_links.sql (6.83ms)
2026/10/03 13:11:38 OK   00030_sp05_recipe_fence.sql (2.93ms)
2026/10/03 13:11:38 OK   00031_sp05_rca_postcheck.sql (2.67ms)
2026/10/03 13:11:38 OK   00032_sp05_transport_audit.sql (2.92ms)
2026/10/03 13:11:38 OK   00033_sp05_poll_resolution_clock.sql (2.34ms)
2026/10/03 13:11:38 goose: successfully migrated database to version: 33
    archive_iam_test.go:41: owned TLS/IAM fixture image=docker.io/chrislusf/seaweedfs@sha256:d4cf67729aa8777e1a43a5b61d72e5b96179e4b7bac9a221cb14cbc2036cb32e id=7d341b4be937df15250872c22fb43f55ed966223eb800afefd1ab7347e000fd9 bucket=sp05-golden-83f4917f tenants=1
    sp05_golden_vertical_test.go:323: actual frozen RCA output Contract: validate payload against schema "https://ops.local/schemas/rca-revision/v2": jsonschema validation failed with 'https://ops.local/schemas/rca-revision/v2#'
        - at '/result/evidenceBundle/conflicts': got null, want array
=== RUN   TestSP05FrozenNonvirtualGoldenVerticalAndReplay/pvc-csi-failure/missing
2026/10/03 13:11:44 OK   00001_roles_and_schemas.sql (20.95ms)
2026/10/03 13:11:44 goose: successfully migrated database to version: 1
2026/10/03 13:11:44 OK   00002_platform_meta.sql (20.89ms)
2026/10/03 13:11:44 OK   00003_finding.sql (10.08ms)
2026/10/03 13:11:44 OK   00004_incident.sql (6.51ms)
2026/10/03 13:11:44 OK   00005_investigation.sql (7.85ms)
2026/10/03 13:11:44 OK   00006_action_command.sql (6.75ms)
2026/10/03 13:11:44 OK   00007_audit.sql (9.53ms)
2026/10/03 13:11:44 OK   00008_rls.sql (12.52ms)
2026/10/03 13:11:44 OK   00009_idempotency_ledger.sql (8.37ms)
2026/10/03 13:11:44 OK   00010_tenant_provisioning.sql (11.86ms)
2026/10/03 13:11:44 OK   00011_source_registration_history.sql (8.44ms)
2026/10/03 13:11:44 OK   00012_config_registry_lifecycle.sql (12.74ms)
2026/10/03 13:11:44 OK   00013_audit_signed_segments.sql (9.55ms)
2026/10/03 13:11:44 OK   00014_audit_segment_predecessors.sql (4.93ms)
2026/10/03 13:11:44 OK   00015_source_schema_scope.sql (2.51ms)
2026/10/03 13:11:44 OK   00016_cluster_registration_metadata.sql (3.29ms)
2026/10/03 13:11:44 OK   00017_source_data_scope.sql (3.36ms)
2026/10/03 13:11:44 OK   00018_sp04_resources_evidence.sql (13.08ms)
2026/10/03 13:11:44 OK   00019_sp04_archive_ciphertext_bytes.sql (2.72ms)
2026/10/03 13:11:44 OK   00020_sp04_request_ledger.sql (3.51ms)
2026/10/03 13:11:44 OK   00021_sp04_archive_protection.sql (2.57ms)
2026/10/03 13:11:44 OK   00022_sp04_legal_hold_dependencies.sql (2.3ms)
2026/10/03 13:11:44 OK   00023_sp04_archive_query_intent.sql (2.52ms)
2026/10/03 13:11:44 OK   00024_sp05_finding_incident.sql (11.42ms)
2026/10/03 13:11:44 OK   00025_sp05_incident_event_time.sql (2.44ms)
2026/10/03 13:11:44 OK   00026_sp05_source_binding_lock.sql (2.72ms)
2026/10/03 13:11:44 OK   00027_sp05_rca_and_poll.sql (5.19ms)
2026/10/03 13:11:44 OK   00028_sp05_operator_lock.sql (2.61ms)
2026/10/03 13:11:44 OK   00029_sp05_evidence_links.sql (3.9ms)
2026/10/03 13:11:44 OK   00030_sp05_recipe_fence.sql (2.56ms)
2026/10/03 13:11:44 OK   00031_sp05_rca_postcheck.sql (2.37ms)
2026/10/03 13:11:44 OK   00032_sp05_transport_audit.sql (2.49ms)
2026/10/03 13:11:44 OK   00033_sp05_poll_resolution_clock.sql (2.72ms)
2026/10/03 13:11:44 goose: successfully migrated database to version: 33
    archive_iam_test.go:41: owned TLS/IAM fixture image=docker.io/chrislusf/seaweedfs@sha256:d4cf67729aa8777e1a43a5b61d72e5b96179e4b7bac9a221cb14cbc2036cb32e id=3a08271d6c03bb4e5e887b437e692988c6f4040987e219c422a98486721d9ef4 bucket=sp05-golden-c2cf7024 tenants=1
    sp05_golden_vertical_test.go:323: actual frozen RCA output Contract: validate payload against schema "https://ops.local/schemas/rca-revision/v2": jsonschema validation failed with 'https://ops.local/schemas/rca-revision/v2#'
        - at '/result/evidenceBundle/conflicts': got null, want array
=== RUN   TestSP05FrozenNonvirtualGoldenVerticalAndReplay/pvc-csi-failure/conflict
2026/10/03 13:11:48 OK   00001_roles_and_schemas.sql (12.02ms)
2026/10/03 13:11:48 goose: successfully migrated database to version: 1
2026/10/03 13:11:48 OK   00002_platform_meta.sql (13.05ms)
2026/10/03 13:11:48 OK   00003_finding.sql (5.28ms)
2026/10/03 13:11:48 OK   00004_incident.sql (3.26ms)
2026/10/03 13:11:48 OK   00005_investigation.sql (4.09ms)
2026/10/03 13:11:48 OK   00006_action_command.sql (3.58ms)
2026/10/03 13:11:48 OK   00007_audit.sql (6.23ms)
2026/10/03 13:11:48 OK   00008_rls.sql (6.22ms)
2026/10/03 13:11:48 OK   00009_idempotency_ledger.sql (4.83ms)
2026/10/03 13:11:48 OK   00010_tenant_provisioning.sql (3.28ms)
2026/10/03 13:11:48 OK   00011_source_registration_history.sql (4.34ms)
2026/10/03 13:11:48 OK   00012_config_registry_lifecycle.sql (6.37ms)
2026/10/03 13:11:48 OK   00013_audit_signed_segments.sql (7.7ms)
2026/10/03 13:11:48 OK   00014_audit_segment_predecessors.sql (3.78ms)
2026/10/03 13:11:48 OK   00015_source_schema_scope.sql (2.13ms)
2026/10/03 13:11:48 OK   00016_cluster_registration_metadata.sql (2.95ms)
2026/10/03 13:11:48 OK   00017_source_data_scope.sql (2.71ms)
2026/10/03 13:11:48 OK   00018_sp04_resources_evidence.sql (11.79ms)
2026/10/03 13:11:48 OK   00019_sp04_archive_ciphertext_bytes.sql (2.44ms)
2026/10/03 13:11:48 OK   00020_sp04_request_ledger.sql (3.3ms)
2026/10/03 13:11:48 OK   00021_sp04_archive_protection.sql (2.44ms)
2026/10/03 13:11:48 OK   00022_sp04_legal_hold_dependencies.sql (2.34ms)
2026/10/03 13:11:48 OK   00023_sp04_archive_query_intent.sql (2.12ms)
2026/10/03 13:11:48 OK   00024_sp05_finding_incident.sql (10.54ms)
2026/10/03 13:11:48 OK   00025_sp05_incident_event_time.sql (2.22ms)
2026/10/03 13:11:48 OK   00026_sp05_source_binding_lock.sql (2.62ms)
2026/10/03 13:11:48 OK   00027_sp05_rca_and_poll.sql (4.93ms)
2026/10/03 13:11:48 OK   00028_sp05_operator_lock.sql (2.35ms)
2026/10/03 13:11:48 OK   00029_sp05_evidence_links.sql (3.65ms)
2026/10/03 13:11:48 OK   00030_sp05_recipe_fence.sql (2.07ms)
2026/10/03 13:11:48 OK   00031_sp05_rca_postcheck.sql (1.81ms)
2026/10/03 13:11:48 OK   00032_sp05_transport_audit.sql (1.81ms)
2026/10/03 13:11:48 OK   00033_sp05_poll_resolution_clock.sql (2.02ms)
2026/10/03 13:11:48 goose: successfully migrated database to version: 33
    archive_iam_test.go:41: owned TLS/IAM fixture image=docker.io/chrislusf/seaweedfs@sha256:d4cf67729aa8777e1a43a5b61d72e5b96179e4b7bac9a221cb14cbc2036cb32e id=827dab7f1898a31c9969e7f5ea5dda51b97c8312af801ac58739983c7bd11ae4 bucket=sp05-golden-8c9be5bd tenants=1
    sp05_golden_vertical_test.go:333: pvc-csi-failure/conflict: fixed clock, admitted native adapters -> actual identity/Graph and unified ingestion -> PostgreSQL reducer -> signed published Recipe -> real immutable OpenBao/SeaweedFS Evidence -> append-only RCA and bounded Impact, twice replay; protocol Fixture, no physical BMC/Node failure claim
=== RUN   TestSP05FrozenNonvirtualGoldenVerticalAndReplay/pvc-csi-failure/degraded
2026/10/03 13:11:53 OK   00001_roles_and_schemas.sql (10.47ms)
2026/10/03 13:11:53 goose: successfully migrated database to version: 1
2026/10/03 13:11:53 OK   00002_platform_meta.sql (19.16ms)
2026/10/03 13:11:53 OK   00003_finding.sql (9.29ms)
2026/10/03 13:11:53 OK   00004_incident.sql (6.02ms)
2026/10/03 13:11:53 OK   00005_investigation.sql (7.63ms)
2026/10/03 13:11:53 OK   00006_action_command.sql (7.9ms)
2026/10/03 13:11:53 OK   00007_audit.sql (9.26ms)
2026/10/03 13:11:53 OK   00008_rls.sql (10.99ms)
2026/10/03 13:11:53 OK   00009_idempotency_ledger.sql (9.71ms)
2026/10/03 13:11:53 OK   00010_tenant_provisioning.sql (7.3ms)
2026/10/03 13:11:53 OK   00011_source_registration_history.sql (5.68ms)
2026/10/03 13:11:53 OK   00012_config_registry_lifecycle.sql (8.15ms)
2026/10/03 13:11:53 OK   00013_audit_signed_segments.sql (14.16ms)
2026/10/03 13:11:53 OK   00014_audit_segment_predecessors.sql (14.22ms)
2026/10/03 13:11:53 OK   00015_source_schema_scope.sql (4.64ms)
2026/10/03 13:11:53 OK   00016_cluster_registration_metadata.sql (6.13ms)
2026/10/03 13:11:53 OK   00017_source_data_scope.sql (3.94ms)
2026/10/03 13:11:53 OK   00018_sp04_resources_evidence.sql (12.34ms)
2026/10/03 13:11:53 OK   00019_sp04_archive_ciphertext_bytes.sql (3.59ms)
2026/10/03 13:11:53 OK   00020_sp04_request_ledger.sql (4.16ms)
2026/10/03 13:11:53 OK   00021_sp04_archive_protection.sql (2.8ms)
2026/10/03 13:11:53 OK   00022_sp04_legal_hold_dependencies.sql (2.68ms)
2026/10/03 13:11:53 OK   00023_sp04_archive_query_intent.sql (2.92ms)
2026/10/03 13:11:53 OK   00024_sp05_finding_incident.sql (12.23ms)
2026/10/03 13:11:53 OK   00025_sp05_incident_event_time.sql (2.56ms)
2026/10/03 13:11:53 OK   00026_sp05_source_binding_lock.sql (2.77ms)
2026/10/03 13:11:53 OK   00027_sp05_rca_and_poll.sql (5.59ms)
2026/10/03 13:11:53 OK   00028_sp05_operator_lock.sql (2.91ms)
2026/10/03 13:11:53 OK   00029_sp05_evidence_links.sql (7.54ms)
2026/10/03 13:11:53 OK   00030_sp05_recipe_fence.sql (3.81ms)
2026/10/03 13:11:53 OK   00031_sp05_rca_postcheck.sql (3.53ms)
2026/10/03 13:11:53 OK   00032_sp05_transport_audit.sql (3.14ms)
2026/10/03 13:11:53 OK   00033_sp05_poll_resolution_clock.sql (2.8ms)
2026/10/03 13:11:53 goose: successfully migrated database to version: 33
    archive_iam_test.go:41: owned TLS/IAM fixture image=docker.io/chrislusf/seaweedfs@sha256:d4cf67729aa8777e1a43a5b61d72e5b96179e4b7bac9a221cb14cbc2036cb32e id=e9cd7eef556957e60e71e79668b9c8522a9ac6b3bf754bc503b9c80d528ba463 bucket=sp05-golden-273fd656 tenants=1
    sp05_golden_vertical_test.go:323: actual frozen RCA output Contract: validate payload against schema "https://ops.local/schemas/rca-revision/v2": jsonschema validation failed with 'https://ops.local/schemas/rca-revision/v2#'
        - at '/result/evidenceBundle/conflicts': got null, want array
=== RUN   TestSP05FrozenNonvirtualGoldenVerticalAndReplay/node-failure/valid
2026/10/03 13:11:59 OK   00001_roles_and_schemas.sql (10.55ms)
2026/10/03 13:11:59 goose: successfully migrated database to version: 1
2026/10/03 13:11:59 OK   00002_platform_meta.sql (15.86ms)
2026/10/03 13:11:59 OK   00003_finding.sql (17.17ms)
2026/10/03 13:11:59 OK   00004_incident.sql (5.34ms)
2026/10/03 13:11:59 OK   00005_investigation.sql (5.65ms)
2026/10/03 13:11:59 OK   00006_action_command.sql (5.15ms)
2026/10/03 13:11:59 OK   00007_audit.sql (7.38ms)
2026/10/03 13:11:59 OK   00008_rls.sql (6.76ms)
2026/10/03 13:11:59 OK   00009_idempotency_ledger.sql (5.72ms)
2026/10/03 13:11:59 OK   00010_tenant_provisioning.sql (3.66ms)
2026/10/03 13:11:59 OK   00011_source_registration_history.sql (5.1ms)
2026/10/03 13:11:59 OK   00012_config_registry_lifecycle.sql (6.94ms)
2026/10/03 13:11:59 OK   00013_audit_signed_segments.sql (8.71ms)
2026/10/03 13:11:59 OK   00014_audit_segment_predecessors.sql (4.39ms)
2026/10/03 13:11:59 OK   00015_source_schema_scope.sql (2.22ms)
2026/10/03 13:11:59 OK   00016_cluster_registration_metadata.sql (3.29ms)
2026/10/03 13:11:59 OK   00017_source_data_scope.sql (2.63ms)
2026/10/03 13:11:59 OK   00018_sp04_resources_evidence.sql (9.19ms)
2026/10/03 13:11:59 OK   00019_sp04_archive_ciphertext_bytes.sql (2.63ms)
2026/10/03 13:11:59 OK   00020_sp04_request_ledger.sql (3.98ms)
2026/10/03 13:11:59 OK   00021_sp04_archive_protection.sql (3.29ms)
2026/10/03 13:11:59 OK   00022_sp04_legal_hold_dependencies.sql (2.17ms)
2026/10/03 13:11:59 OK   00023_sp04_archive_query_intent.sql (2.85ms)
2026/10/03 13:12:00 OK   00024_sp05_finding_incident.sql (11.36ms)
2026/10/03 13:12:00 OK   00025_sp05_incident_event_time.sql (2.55ms)
2026/10/03 13:12:00 OK   00026_sp05_source_binding_lock.sql (2.83ms)
2026/10/03 13:12:00 OK   00027_sp05_rca_and_poll.sql (5.23ms)
2026/10/03 13:12:00 OK   00028_sp05_operator_lock.sql (3.22ms)
2026/10/03 13:12:00 OK   00029_sp05_evidence_links.sql (4.4ms)
2026/10/03 13:12:00 OK   00030_sp05_recipe_fence.sql (3.21ms)
2026/10/03 13:12:00 OK   00031_sp05_rca_postcheck.sql (2.51ms)
2026/10/03 13:12:00 OK   00032_sp05_transport_audit.sql (2.68ms)
2026/10/03 13:12:00 OK   00033_sp05_poll_resolution_clock.sql (2.75ms)
2026/10/03 13:12:00 goose: successfully migrated database to version: 33
    archive_iam_test.go:41: owned TLS/IAM fixture image=docker.io/chrislusf/seaweedfs@sha256:d4cf67729aa8777e1a43a5b61d72e5b96179e4b7bac9a221cb14cbc2036cb32e id=e378226c12c74c8bf5b1cf9aeb5818296474763db1338ffb2bd350a2cfc4b886 bucket=sp05-golden-7184a249 tenants=1
    sp05_golden_vertical_test.go:323: actual frozen RCA output Contract: validate payload against schema "https://ops.local/schemas/rca-revision/v2": jsonschema validation failed with 'https://ops.local/schemas/rca-revision/v2#'
        - at '/result/evidenceBundle/conflicts': got null, want array
=== RUN   TestSP05FrozenNonvirtualGoldenVerticalAndReplay/node-failure/missing
2026/10/03 13:12:05 OK   00001_roles_and_schemas.sql (18.1ms)
2026/10/03 13:12:05 goose: successfully migrated database to version: 1
2026/10/03 13:12:05 OK   00002_platform_meta.sql (20.96ms)
2026/10/03 13:12:05 OK   00003_finding.sql (14.6ms)
2026/10/03 13:12:05 OK   00004_incident.sql (9.15ms)
2026/10/03 13:12:05 OK   00005_investigation.sql (9.3ms)
2026/10/03 13:12:05 OK   00006_action_command.sql (7.99ms)
2026/10/03 13:12:05 OK   00007_audit.sql (13.85ms)
2026/10/03 13:12:05 OK   00008_rls.sql (19.1ms)
2026/10/03 13:12:05 OK   00009_idempotency_ledger.sql (19.54ms)
2026/10/03 13:12:05 OK   00010_tenant_provisioning.sql (8.15ms)
2026/10/03 13:12:05 OK   00011_source_registration_history.sql (7.55ms)
2026/10/03 13:12:05 OK   00012_config_registry_lifecycle.sql (10.07ms)
2026/10/03 13:12:05 OK   00013_audit_signed_segments.sql (13.06ms)
2026/10/03 13:12:05 OK   00014_audit_segment_predecessors.sql (6.15ms)
2026/10/03 13:12:05 OK   00015_source_schema_scope.sql (3.79ms)
2026/10/03 13:12:05 OK   00016_cluster_registration_metadata.sql (4.98ms)
2026/10/03 13:12:05 OK   00017_source_data_scope.sql (3.85ms)
2026/10/03 13:12:05 OK   00018_sp04_resources_evidence.sql (14.38ms)
2026/10/03 13:12:05 OK   00019_sp04_archive_ciphertext_bytes.sql (3.15ms)
2026/10/03 13:12:05 OK   00020_sp04_request_ledger.sql (6.41ms)
2026/10/03 13:12:05 OK   00021_sp04_archive_protection.sql (4.19ms)
2026/10/03 13:12:05 OK   00022_sp04_legal_hold_dependencies.sql (3.25ms)
2026/10/03 13:12:05 OK   00023_sp04_archive_query_intent.sql (13.67ms)
2026/10/03 13:12:05 OK   00024_sp05_finding_incident.sql (25.37ms)
2026/10/03 13:12:05 OK   00025_sp05_incident_event_time.sql (3.21ms)
2026/10/03 13:12:05 OK   00026_sp05_source_binding_lock.sql (3.03ms)
2026/10/03 13:12:05 OK   00027_sp05_rca_and_poll.sql (5.68ms)
2026/10/03 13:12:05 OK   00028_sp05_operator_lock.sql (3.16ms)
2026/10/03 13:12:05 OK   00029_sp05_evidence_links.sql (4.42ms)
2026/10/03 13:12:05 OK   00030_sp05_recipe_fence.sql (3.37ms)
2026/10/03 13:12:05 OK   00031_sp05_rca_postcheck.sql (3.66ms)
2026/10/03 13:12:05 OK   00032_sp05_transport_audit.sql (3.97ms)
2026/10/03 13:12:05 OK   00033_sp05_poll_resolution_clock.sql (4.65ms)
2026/10/03 13:12:05 goose: successfully migrated database to version: 33
    archive_iam_test.go:41: owned TLS/IAM fixture image=docker.io/chrislusf/seaweedfs@sha256:d4cf67729aa8777e1a43a5b61d72e5b96179e4b7bac9a221cb14cbc2036cb32e id=7a3bb47fb763e32e3bd7dc5da555f1e0f9268f651e0df63f12a4e57480b0cb56 bucket=sp05-golden-d1353713 tenants=1
    sp05_golden_vertical_test.go:323: actual frozen RCA output Contract: validate payload against schema "https://ops.local/schemas/rca-revision/v2": jsonschema validation failed with 'https://ops.local/schemas/rca-revision/v2#'
        - at '/result/evidenceBundle/conflicts': got null, want array
=== RUN   TestSP05FrozenNonvirtualGoldenVerticalAndReplay/node-failure/conflict
2026/10/03 13:12:14 OK   00001_roles_and_schemas.sql (18ms)
2026/10/03 13:12:14 goose: successfully migrated database to version: 1
2026/10/03 13:12:15 OK   00002_platform_meta.sql (47.95ms)
2026/10/03 13:12:15 OK   00003_finding.sql (18.37ms)
2026/10/03 13:12:15 OK   00004_incident.sql (8.52ms)
2026/10/03 13:12:15 OK   00005_investigation.sql (12.64ms)
2026/10/03 13:12:15 OK   00006_action_command.sql (13.75ms)
2026/10/03 13:12:15 OK   00007_audit.sql (28.73ms)
2026/10/03 13:12:15 OK   00008_rls.sql (7.39ms)
2026/10/03 13:12:15 OK   00009_idempotency_ledger.sql (8.33ms)
2026/10/03 13:12:15 OK   00010_tenant_provisioning.sql (5.83ms)
2026/10/03 13:12:15 OK   00011_source_registration_history.sql (6.43ms)
2026/10/03 13:12:15 OK   00012_config_registry_lifecycle.sql (9.42ms)
2026/10/03 13:12:15 OK   00013_audit_signed_segments.sql (10.6ms)
2026/10/03 13:12:15 OK   00014_audit_segment_predecessors.sql (4.28ms)
2026/10/03 13:12:15 OK   00015_source_schema_scope.sql (1.95ms)
2026/10/03 13:12:15 OK   00016_cluster_registration_metadata.sql (2.5ms)
2026/10/03 13:12:15 OK   00017_source_data_scope.sql (2.25ms)
2026/10/03 13:12:15 OK   00018_sp04_resources_evidence.sql (10.78ms)
2026/10/03 13:12:15 OK   00019_sp04_archive_ciphertext_bytes.sql (2.34ms)
2026/10/03 13:12:15 OK   00020_sp04_request_ledger.sql (3.33ms)
2026/10/03 13:12:15 OK   00021_sp04_archive_protection.sql (2.37ms)
2026/10/03 13:12:15 OK   00022_sp04_legal_hold_dependencies.sql (2.08ms)
2026/10/03 13:12:15 OK   00023_sp04_archive_query_intent.sql (2.13ms)
2026/10/03 13:12:15 OK   00024_sp05_finding_incident.sql (10.83ms)
2026/10/03 13:12:15 OK   00025_sp05_incident_event_time.sql (2.18ms)
2026/10/03 13:12:15 OK   00026_sp05_source_binding_lock.sql (2.6ms)
2026/10/03 13:12:15 OK   00027_sp05_rca_and_poll.sql (5.04ms)
2026/10/03 13:12:15 OK   00028_sp05_operator_lock.sql (2.41ms)
2026/10/03 13:12:15 OK   00029_sp05_evidence_links.sql (3.8ms)
2026/10/03 13:12:15 OK   00030_sp05_recipe_fence.sql (2.28ms)
2026/10/03 13:12:15 OK   00031_sp05_rca_postcheck.sql (2.07ms)
2026/10/03 13:12:15 OK   00032_sp05_transport_audit.sql (2.16ms)
2026/10/03 13:12:15 OK   00033_sp05_poll_resolution_clock.sql (2.27ms)
2026/10/03 13:12:15 goose: successfully migrated database to version: 33
    archive_iam_test.go:41: owned TLS/IAM fixture image=docker.io/chrislusf/seaweedfs@sha256:d4cf67729aa8777e1a43a5b61d72e5b96179e4b7bac9a221cb14cbc2036cb32e id=3b9f66349d9ef1345ccc642e1cd5d8a1eb250d96437ce6d382565bf696898622 bucket=sp05-golden-26f17225 tenants=1
    sp05_golden_vertical_test.go:333: node-failure/conflict: fixed clock, admitted native adapters -> actual identity/Graph and unified ingestion -> PostgreSQL reducer -> signed published Recipe -> real immutable OpenBao/SeaweedFS Evidence -> append-only RCA and bounded Impact, twice replay; protocol Fixture, no physical BMC/Node failure claim
=== RUN   TestSP05FrozenNonvirtualGoldenVerticalAndReplay/node-failure/degraded
2026/10/03 13:12:20 OK   00001_roles_and_schemas.sql (10.72ms)
2026/10/03 13:12:20 goose: successfully migrated database to version: 1
2026/10/03 13:12:20 OK   00002_platform_meta.sql (12.39ms)
2026/10/03 13:12:20 OK   00003_finding.sql (5.46ms)
2026/10/03 13:12:20 OK   00004_incident.sql (4.06ms)
2026/10/03 13:12:20 OK   00005_investigation.sql (4.64ms)
2026/10/03 13:12:20 OK   00006_action_command.sql (4.09ms)
2026/10/03 13:12:20 OK   00007_audit.sql (6.72ms)
2026/10/03 13:12:20 OK   00008_rls.sql (6.62ms)
2026/10/03 13:12:20 OK   00009_idempotency_ledger.sql (5.55ms)
2026/10/03 13:12:20 OK   00010_tenant_provisioning.sql (3.89ms)
2026/10/03 13:12:20 OK   00011_source_registration_history.sql (5.17ms)
2026/10/03 13:12:20 OK   00012_config_registry_lifecycle.sql (6.89ms)
2026/10/03 13:12:20 OK   00013_audit_signed_segments.sql (8.55ms)
2026/10/03 13:12:20 OK   00014_audit_segment_predecessors.sql (4.2ms)
2026/10/03 13:12:20 OK   00015_source_schema_scope.sql (2.6ms)
2026/10/03 13:12:20 OK   00016_cluster_registration_metadata.sql (3.28ms)
2026/10/03 13:12:20 OK   00017_source_data_scope.sql (2.91ms)
2026/10/03 13:12:20 OK   00018_sp04_resources_evidence.sql (9.38ms)
2026/10/03 13:12:20 OK   00019_sp04_archive_ciphertext_bytes.sql (2.84ms)
2026/10/03 13:12:20 OK   00020_sp04_request_ledger.sql (3.2ms)
2026/10/03 13:12:20 OK   00021_sp04_archive_protection.sql (2.56ms)
2026/10/03 13:12:20 OK   00022_sp04_legal_hold_dependencies.sql (2.47ms)
2026/10/03 13:12:20 OK   00023_sp04_archive_query_intent.sql (2.44ms)
2026/10/03 13:12:20 OK   00024_sp05_finding_incident.sql (10.99ms)
2026/10/03 13:12:20 OK   00025_sp05_incident_event_time.sql (2.35ms)
2026/10/03 13:12:20 OK   00026_sp05_source_binding_lock.sql (2.59ms)
2026/10/03 13:12:20 OK   00027_sp05_rca_and_poll.sql (5.09ms)
2026/10/03 13:12:20 OK   00028_sp05_operator_lock.sql (2.44ms)
2026/10/03 13:12:20 OK   00029_sp05_evidence_links.sql (3.78ms)
2026/10/03 13:12:20 OK   00030_sp05_recipe_fence.sql (2.51ms)
2026/10/03 13:12:20 OK   00031_sp05_rca_postcheck.sql (2.25ms)
2026/10/03 13:12:20 OK   00032_sp05_transport_audit.sql (2.75ms)
2026/10/03 13:12:20 OK   00033_sp05_poll_resolution_clock.sql (2.59ms)
2026/10/03 13:12:20 goose: successfully migrated database to version: 33
    archive_iam_test.go:41: owned TLS/IAM fixture image=docker.io/chrislusf/seaweedfs@sha256:d4cf67729aa8777e1a43a5b61d72e5b96179e4b7bac9a221cb14cbc2036cb32e id=b9434c3f06460fbe80859549afd927ffabaf4de7817555a9cf7bd3894d74f266 bucket=sp05-golden-501a7c41 tenants=1
    sp05_golden_vertical_test.go:323: actual frozen RCA output Contract: validate payload against schema "https://ops.local/schemas/rca-revision/v2": jsonschema validation failed with 'https://ops.local/schemas/rca-revision/v2#'
        - at '/result/evidenceBundle/conflicts': got null, want array
--- FAIL: TestSP05FrozenNonvirtualGoldenVerticalAndReplay (73.90s)
    --- FAIL: TestSP05FrozenNonvirtualGoldenVerticalAndReplay/dimm-failure/valid (5.65s)
    --- FAIL: TestSP05FrozenNonvirtualGoldenVerticalAndReplay/dimm-failure/missing (7.14s)
    --- PASS: TestSP05FrozenNonvirtualGoldenVerticalAndReplay/dimm-failure/conflict (4.97s)
    --- FAIL: TestSP05FrozenNonvirtualGoldenVerticalAndReplay/dimm-failure/degraded (9.65s)
    --- FAIL: TestSP05FrozenNonvirtualGoldenVerticalAndReplay/pvc-csi-failure/valid (5.61s)
    --- FAIL: TestSP05FrozenNonvirtualGoldenVerticalAndReplay/pvc-csi-failure/missing (4.57s)
    --- PASS: TestSP05FrozenNonvirtualGoldenVerticalAndReplay/pvc-csi-failure/conflict (4.82s)
    --- FAIL: TestSP05FrozenNonvirtualGoldenVerticalAndReplay/pvc-csi-failure/degraded (6.24s)
    --- FAIL: TestSP05FrozenNonvirtualGoldenVerticalAndReplay/node-failure/valid (5.17s)
    --- FAIL: TestSP05FrozenNonvirtualGoldenVerticalAndReplay/node-failure/missing (9.94s)
    --- PASS: TestSP05FrozenNonvirtualGoldenVerticalAndReplay/node-failure/conflict (5.08s)
    --- FAIL: TestSP05FrozenNonvirtualGoldenVerticalAndReplay/node-failure/degraded (5.06s)
=== RUN   TestSP05GoldenGraphOnlySourceWithdrawAndFindingRevisionFence
2026/10/03 13:12:25 OK   00001_roles_and_schemas.sql (7.51ms)
2026/10/03 13:12:25 goose: successfully migrated database to version: 1
2026/10/03 13:12:25 OK   00002_platform_meta.sql (14.33ms)
2026/10/03 13:12:25 OK   00003_finding.sql (5.47ms)
2026/10/03 13:12:25 OK   00004_incident.sql (3.97ms)
2026/10/03 13:12:25 OK   00005_investigation.sql (4.42ms)
2026/10/03 13:12:25 OK   00006_action_command.sql (4.07ms)
2026/10/03 13:12:25 OK   00007_audit.sql (6.61ms)
2026/10/03 13:12:25 OK   00008_rls.sql (7.81ms)
2026/10/03 13:12:25 OK   00009_idempotency_ledger.sql (5.21ms)
2026/10/03 13:12:25 OK   00010_tenant_provisioning.sql (3.43ms)
2026/10/03 13:12:25 OK   00011_source_registration_history.sql (4.62ms)
2026/10/03 13:12:25 OK   00012_config_registry_lifecycle.sql (6.31ms)
2026/10/03 13:12:25 OK   00013_audit_signed_segments.sql (7.88ms)
2026/10/03 13:12:25 OK   00014_audit_segment_predecessors.sql (3.84ms)
2026/10/03 13:12:25 OK   00015_source_schema_scope.sql (2.34ms)
2026/10/03 13:12:25 OK   00016_cluster_registration_metadata.sql (3.12ms)
2026/10/03 13:12:25 OK   00017_source_data_scope.sql (2.77ms)
2026/10/03 13:12:25 OK   00018_sp04_resources_evidence.sql (8.75ms)
2026/10/03 13:12:25 OK   00019_sp04_archive_ciphertext_bytes.sql (2.27ms)
2026/10/03 13:12:25 OK   00020_sp04_request_ledger.sql (3.11ms)
2026/10/03 13:12:25 OK   00021_sp04_archive_protection.sql (2.54ms)
2026/10/03 13:12:25 OK   00022_sp04_legal_hold_dependencies.sql (2.42ms)
2026/10/03 13:12:25 OK   00023_sp04_archive_query_intent.sql (2.34ms)
2026/10/03 13:12:25 OK   00024_sp05_finding_incident.sql (10.64ms)
2026/10/03 13:12:25 OK   00025_sp05_incident_event_time.sql (2.53ms)
2026/10/03 13:12:25 OK   00026_sp05_source_binding_lock.sql (2.71ms)
2026/10/03 13:12:25 OK   00027_sp05_rca_and_poll.sql (5.46ms)
2026/10/03 13:12:25 OK   00028_sp05_operator_lock.sql (3.04ms)
2026/10/03 13:12:25 OK   00029_sp05_evidence_links.sql (4.31ms)
2026/10/03 13:12:25 OK   00030_sp05_recipe_fence.sql (2.81ms)
2026/10/03 13:12:25 OK   00031_sp05_rca_postcheck.sql (2.49ms)
2026/10/03 13:12:25 OK   00032_sp05_transport_audit.sql (2.79ms)
2026/10/03 13:12:25 OK   00033_sp05_poll_resolution_clock.sql (2.97ms)
2026/10/03 13:12:25 goose: successfully migrated database to version: 33
    archive_iam_test.go:41: owned TLS/IAM fixture image=docker.io/chrislusf/seaweedfs@sha256:d4cf67729aa8777e1a43a5b61d72e5b96179e4b7bac9a221cb14cbc2036cb32e id=64485b54c7301777e935bf8f5abe49c4a55e09e499dcf4b862b6cec4497a8888 bucket=sp05-golden-e6ecf03b tenants=1
    sp05_golden_vertical_test.go:323: actual frozen RCA output Contract: validate payload against schema "https://ops.local/schemas/rca-revision/v2": jsonschema validation failed with 'https://ops.local/schemas/rca-revision/v2#'
        - at '/result/evidenceBundle/conflicts': got null, want array
--- FAIL: TestSP05GoldenGraphOnlySourceWithdrawAndFindingRevisionFence (6.42s)
FAIL
FAIL	ops-platform/test/integration	81.795s
FAIL
