=== RUN   TestInputDigestFreezesFindingRevisions
--- PASS: TestInputDigestFreezesFindingRevisions (0.00s)
PASS
ok  	ops-platform/internal/rca	0.691s
=== RUN   TestSP05APIListFiltersAndAllLinkedNamespaceAuthorization
2026/10/03 13:05:18 OK   00001_roles_and_schemas.sql (18.06ms)
2026/10/03 13:05:18 goose: successfully migrated database to version: 1
2026/10/03 13:05:18 OK   00002_platform_meta.sql (24.52ms)
2026/10/03 13:05:18 OK   00003_finding.sql (9.23ms)
2026/10/03 13:05:18 OK   00004_incident.sql (5.91ms)
2026/10/03 13:05:18 OK   00005_investigation.sql (6.55ms)
2026/10/03 13:05:18 OK   00006_action_command.sql (6.31ms)
2026/10/03 13:05:18 OK   00007_audit.sql (10.59ms)
2026/10/03 13:05:18 OK   00008_rls.sql (9.26ms)
2026/10/03 13:05:18 OK   00009_idempotency_ledger.sql (6.76ms)
2026/10/03 13:05:18 OK   00010_tenant_provisioning.sql (6.16ms)
2026/10/03 13:05:18 OK   00011_source_registration_history.sql (6.56ms)
2026/10/03 13:05:18 OK   00012_config_registry_lifecycle.sql (8.6ms)
2026/10/03 13:05:18 OK   00013_audit_signed_segments.sql (9.92ms)
2026/10/03 13:05:18 OK   00014_audit_segment_predecessors.sql (5.13ms)
2026/10/03 13:05:18 OK   00015_source_schema_scope.sql (4ms)
2026/10/03 13:05:18 OK   00016_cluster_registration_metadata.sql (4.32ms)
2026/10/03 13:05:18 OK   00017_source_data_scope.sql (3.75ms)
2026/10/03 13:05:18 OK   00018_sp04_resources_evidence.sql (11.41ms)
2026/10/03 13:05:18 OK   00019_sp04_archive_ciphertext_bytes.sql (3.02ms)
2026/10/03 13:05:18 OK   00020_sp04_request_ledger.sql (3.8ms)
2026/10/03 13:05:18 OK   00021_sp04_archive_protection.sql (2.89ms)
2026/10/03 13:05:18 OK   00022_sp04_legal_hold_dependencies.sql (2.75ms)
2026/10/03 13:05:18 OK   00023_sp04_archive_query_intent.sql (2.46ms)
2026/10/03 13:05:18 OK   00024_sp05_finding_incident.sql (11.87ms)
2026/10/03 13:05:18 OK   00025_sp05_incident_event_time.sql (2.53ms)
2026/10/03 13:05:18 OK   00026_sp05_source_binding_lock.sql (2.74ms)
2026/10/03 13:05:18 OK   00027_sp05_rca_and_poll.sql (5.59ms)
2026/10/03 13:05:18 OK   00028_sp05_operator_lock.sql (2.98ms)
2026/10/03 13:05:18 OK   00029_sp05_evidence_links.sql (4.26ms)
2026/10/03 13:05:18 OK   00030_sp05_recipe_fence.sql (2.57ms)
2026/10/03 13:05:18 OK   00031_sp05_rca_postcheck.sql (2.13ms)
2026/10/03 13:05:18 OK   00032_sp05_transport_audit.sql (1.95ms)
2026/10/03 13:05:18 OK   00033_sp05_poll_resolution_clock.sql (2.18ms)
2026/10/03 13:05:18 goose: successfully migrated database to version: 33
--- PASS: TestSP05APIListFiltersAndAllLinkedNamespaceAuthorization (0.46s)
=== RUN   TestSP05FrozenNonvirtualGoldenVerticalAndReplay
=== RUN   TestSP05FrozenNonvirtualGoldenVerticalAndReplay/dimm-failure/valid
2026/10/03 13:05:18 OK   00001_roles_and_schemas.sql (6.66ms)
2026/10/03 13:05:18 goose: successfully migrated database to version: 1
2026/10/03 13:05:18 OK   00002_platform_meta.sql (12.92ms)
2026/10/03 13:05:18 OK   00003_finding.sql (6ms)
2026/10/03 13:05:18 OK   00004_incident.sql (4.33ms)
2026/10/03 13:05:18 OK   00005_investigation.sql (4.66ms)
2026/10/03 13:05:18 OK   00006_action_command.sql (4.37ms)
2026/10/03 13:05:18 OK   00007_audit.sql (6.82ms)
2026/10/03 13:05:18 OK   00008_rls.sql (6.59ms)
2026/10/03 13:05:18 OK   00009_idempotency_ledger.sql (5.24ms)
2026/10/03 13:05:18 OK   00010_tenant_provisioning.sql (3.68ms)
2026/10/03 13:05:19 OK   00011_source_registration_history.sql (4.72ms)
2026/10/03 13:05:19 OK   00012_config_registry_lifecycle.sql (6.5ms)
2026/10/03 13:05:19 OK   00013_audit_signed_segments.sql (8.25ms)
2026/10/03 13:05:19 OK   00014_audit_segment_predecessors.sql (4.36ms)
2026/10/03 13:05:19 OK   00015_source_schema_scope.sql (2.62ms)
2026/10/03 13:05:19 OK   00016_cluster_registration_metadata.sql (3.31ms)
2026/10/03 13:05:19 OK   00017_source_data_scope.sql (2.95ms)
2026/10/03 13:05:19 OK   00018_sp04_resources_evidence.sql (9ms)
2026/10/03 13:05:19 OK   00019_sp04_archive_ciphertext_bytes.sql (2.53ms)
2026/10/03 13:05:19 OK   00020_sp04_request_ledger.sql (3.28ms)
2026/10/03 13:05:19 OK   00021_sp04_archive_protection.sql (2.52ms)
2026/10/03 13:05:19 OK   00022_sp04_legal_hold_dependencies.sql (2.32ms)
2026/10/03 13:05:19 OK   00023_sp04_archive_query_intent.sql (2.3ms)
2026/10/03 13:05:19 OK   00024_sp05_finding_incident.sql (10.43ms)
2026/10/03 13:05:19 OK   00025_sp05_incident_event_time.sql (2.2ms)
2026/10/03 13:05:19 OK   00026_sp05_source_binding_lock.sql (2.42ms)
2026/10/03 13:05:19 OK   00027_sp05_rca_and_poll.sql (4.93ms)
2026/10/03 13:05:19 OK   00028_sp05_operator_lock.sql (2.19ms)
2026/10/03 13:05:19 OK   00029_sp05_evidence_links.sql (3.59ms)
2026/10/03 13:05:19 OK   00030_sp05_recipe_fence.sql (1.95ms)
2026/10/03 13:05:19 OK   00031_sp05_rca_postcheck.sql (1.68ms)
2026/10/03 13:05:19 OK   00032_sp05_transport_audit.sql (1.79ms)
2026/10/03 13:05:19 OK   00033_sp05_poll_resolution_clock.sql (2.06ms)
2026/10/03 13:05:19 goose: successfully migrated database to version: 33
    archive_iam_test.go:41: owned TLS/IAM fixture image=docker.io/chrislusf/seaweedfs@sha256:d4cf67729aa8777e1a43a5b61d72e5b96179e4b7bac9a221cb14cbc2036cb32e id=96d6c8750af84befc7a2dbeb2256c346f1ac83a6909bec4942abcfa1640b6870 bucket=sp05-golden-234a6d19 tenants=1
    sp05_golden_vertical_test.go:312: STALE_CONTEXT
        STALE_CONTEXT
--- FAIL: TestSP05FrozenNonvirtualGoldenVerticalAndReplay (6.64s)
    --- FAIL: TestSP05FrozenNonvirtualGoldenVerticalAndReplay/dimm-failure/valid (6.64s)
=== RUN   TestSP05RCARegistryImmutableEvidenceAppendOnlyAndReplayRevocation
2026/10/03 13:05:25 OK   00001_roles_and_schemas.sql (19.2ms)
2026/10/03 13:05:25 goose: successfully migrated database to version: 1
2026/10/03 13:05:25 OK   00002_platform_meta.sql (36.05ms)
2026/10/03 13:05:25 OK   00003_finding.sql (14.43ms)
2026/10/03 13:05:25 OK   00004_incident.sql (8.47ms)
2026/10/03 13:05:25 OK   00005_investigation.sql (13.53ms)
2026/10/03 13:05:25 OK   00006_action_command.sql (12.31ms)
2026/10/03 13:05:25 OK   00007_audit.sql (9.33ms)
2026/10/03 13:05:25 OK   00008_rls.sql (10.64ms)
2026/10/03 13:05:25 OK   00009_idempotency_ledger.sql (6.2ms)
2026/10/03 13:05:25 OK   00010_tenant_provisioning.sql (4.44ms)
2026/10/03 13:05:25 OK   00011_source_registration_history.sql (5.62ms)
2026/10/03 13:05:25 OK   00012_config_registry_lifecycle.sql (7.32ms)
2026/10/03 13:05:25 OK   00013_audit_signed_segments.sql (11.14ms)
2026/10/03 13:05:25 OK   00014_audit_segment_predecessors.sql (5.35ms)
2026/10/03 13:05:25 OK   00015_source_schema_scope.sql (3.12ms)
2026/10/03 13:05:25 OK   00016_cluster_registration_metadata.sql (3.77ms)
2026/10/03 13:05:25 OK   00017_source_data_scope.sql (3.88ms)
2026/10/03 13:05:25 OK   00018_sp04_resources_evidence.sql (10.42ms)
2026/10/03 13:05:25 OK   00019_sp04_archive_ciphertext_bytes.sql (2.84ms)
2026/10/03 13:05:25 OK   00020_sp04_request_ledger.sql (4.15ms)
2026/10/03 13:05:25 OK   00021_sp04_archive_protection.sql (3.23ms)
2026/10/03 13:05:25 OK   00022_sp04_legal_hold_dependencies.sql (2.46ms)
2026/10/03 13:05:25 OK   00023_sp04_archive_query_intent.sql (2.28ms)
2026/10/03 13:05:25 OK   00024_sp05_finding_incident.sql (10.86ms)
2026/10/03 13:05:25 OK   00025_sp05_incident_event_time.sql (2.29ms)
2026/10/03 13:05:25 OK   00026_sp05_source_binding_lock.sql (2.49ms)
2026/10/03 13:05:25 OK   00027_sp05_rca_and_poll.sql (5.13ms)
2026/10/03 13:05:25 OK   00028_sp05_operator_lock.sql (2.27ms)
2026/10/03 13:05:25 OK   00029_sp05_evidence_links.sql (3.71ms)
2026/10/03 13:05:25 OK   00030_sp05_recipe_fence.sql (2.01ms)
2026/10/03 13:05:25 OK   00031_sp05_rca_postcheck.sql (1.65ms)
2026/10/03 13:05:25 OK   00032_sp05_transport_audit.sql (1.88ms)
2026/10/03 13:05:25 OK   00033_sp05_poll_resolution_clock.sql (2.06ms)
2026/10/03 13:05:25 goose: successfully migrated database to version: 33
--- PASS: TestSP05RCARegistryImmutableEvidenceAppendOnlyAndReplayRevocation (0.41s)
FAIL
FAIL	ops-platform/test/integration	8.441s
FAIL
