=== RUN   TestSP05ExactNumericTransportConflictAndFormalWindowBoundaries
2026/10/03 13:12:07 OK   00001_roles_and_schemas.sql (12.36ms)
2026/10/03 13:12:07 goose: successfully migrated database to version: 1
2026/10/03 13:12:07 OK   00002_platform_meta.sql (17.24ms)
2026/10/03 13:12:07 OK   00003_finding.sql (7.97ms)
2026/10/03 13:12:07 OK   00004_incident.sql (5.06ms)
2026/10/03 13:12:07 OK   00005_investigation.sql (6.29ms)
2026/10/03 13:12:07 OK   00006_action_command.sql (6.19ms)
2026/10/03 13:12:07 OK   00007_audit.sql (9.71ms)
2026/10/03 13:12:07 OK   00008_rls.sql (8.5ms)
2026/10/03 13:12:07 OK   00009_idempotency_ledger.sql (6.33ms)
2026/10/03 13:12:07 OK   00010_tenant_provisioning.sql (4.06ms)
2026/10/03 13:12:07 OK   00011_source_registration_history.sql (5.81ms)
2026/10/03 13:12:07 OK   00012_config_registry_lifecycle.sql (8.16ms)
2026/10/03 13:12:07 OK   00013_audit_signed_segments.sql (9.38ms)
2026/10/03 13:12:07 OK   00014_audit_segment_predecessors.sql (5.23ms)
2026/10/03 13:12:07 OK   00015_source_schema_scope.sql (3.42ms)
2026/10/03 13:12:07 OK   00016_cluster_registration_metadata.sql (4.13ms)
2026/10/03 13:12:07 OK   00017_source_data_scope.sql (3.32ms)
2026/10/03 13:12:07 OK   00018_sp04_resources_evidence.sql (10.45ms)
2026/10/03 13:12:07 OK   00019_sp04_archive_ciphertext_bytes.sql (3.29ms)
2026/10/03 13:12:07 OK   00020_sp04_request_ledger.sql (3.32ms)
2026/10/03 13:12:07 OK   00021_sp04_archive_protection.sql (2.53ms)
2026/10/03 13:12:07 OK   00022_sp04_legal_hold_dependencies.sql (2.44ms)
2026/10/03 13:12:07 OK   00023_sp04_archive_query_intent.sql (3.08ms)
2026/10/03 13:12:07 OK   00024_sp05_finding_incident.sql (12.9ms)
2026/10/03 13:12:07 OK   00025_sp05_incident_event_time.sql (3.07ms)
2026/10/03 13:12:07 OK   00026_sp05_source_binding_lock.sql (3.68ms)
2026/10/03 13:12:07 OK   00027_sp05_rca_and_poll.sql (6.2ms)
2026/10/03 13:12:07 OK   00028_sp05_operator_lock.sql (3.02ms)
2026/10/03 13:12:07 OK   00029_sp05_evidence_links.sql (4.61ms)
2026/10/03 13:12:07 OK   00030_sp05_recipe_fence.sql (3.02ms)
2026/10/03 13:12:07 OK   00031_sp05_rca_postcheck.sql (2.48ms)
2026/10/03 13:12:07 OK   00032_sp05_transport_audit.sql (2.6ms)
2026/10/03 13:12:07 OK   00033_sp05_poll_resolution_clock.sql (2.9ms)
2026/10/03 13:12:07 goose: successfully migrated database to version: 33
--- PASS: TestSP05ExactNumericTransportConflictAndFormalWindowBoundaries (0.85s)
PASS
ok  	ops-platform/test/integration	1.856s
