PREPARE golang:1.27.1-alpine@sha256:8a5910f31396cd4d89662f56c68b3ae31d374308270a1c3bd96672ee5ed43414
docker.io/library/golang@sha256:8a5910f31396cd4d89662f56c68b3ae31d374308270a1c3bd96672ee5ed43414: Pulling from library/golang
4f4fb700ef54: Pulling fs layer
42b5554000d0: Pulling fs layer
125215c6056c: Pulling fs layer
35df002bd901: Pulling fs layer
4f4fb700ef54: Already exists
4f4fb700ef54: Pull complete
35df002bd901: Download complete
e05d98776b83: Download complete
3cc26dc37f0e: Download complete
42b5554000d0: Download complete
42b5554000d0: Pull complete
125215c6056c: Download complete
35df002bd901: Pull complete
125215c6056c: Pull complete
Digest: sha256:8a5910f31396cd4d89662f56c68b3ae31d374308270a1c3bd96672ee5ed43414
Status: Downloaded newer image for golang@sha256:8a5910f31396cd4d89662f56c68b3ae31d374308270a1c3bd96672ee5ed43414
docker.io/library/golang:1.27.1-alpine@sha256:8a5910f31396cd4d89662f56c68b3ae31d374308270a1c3bd96672ee5ed43414
AVAILABLE golang:1.27.1-alpine@sha256:8a5910f31396cd4d89662f56c68b3ae31d374308270a1c3bd96672ee5ed43414
PREPARE python:3.12.14-slim@sha256:f77ac9e44ae96ef2c90b8053ea08c31f8be030f824196b0ae4db6d462c84e51f
docker.io/library/python@sha256:f77ac9e44ae96ef2c90b8053ea08c31f8be030f824196b0ae4db6d462c84e51f: Pulling from library/python
8fab80907cc7: Pulling fs layer
bd36565c0fde: Pulling fs layer
c84bebac337e: Pulling fs layer
d122ce05d523: Pulling fs layer
8fab80907cc7: Download complete
8d863c62ea14: Download complete
4afc374d6627: Download complete
failed to copy: httpReadSeeker: failed open: failed to do request: Get "https://production.cloudfront.docker.com/registry-v2/docker/registry/v2/blobs/sha256/bd/bd36565c0fdebaf0f3af5c3b4ce610ca085ced32e9e9da850d95912f5f18f47b/data?[REDACTED_QUERY]": net/http: TLS handshake timeout
