{
  "ownedDependencies": [
    {
      "name": "ops-sp05-recovered-postgresql-20261003",
      "id": "3a8bef6644a4327248242b13ee3bd965babe824e665d59611cf0b3facb1fedcd",
      "image": "docker.io/library/postgres@sha256:75731e2765e7d0c8bb7dea960ef3bdcde68d16314991ab2057a2a74ea0fff257",
      "port": "15484"
    },
    {
      "name": "ops-sp05-recovered-keycloak-20261003",
      "id": "3aa2e7807dc2b1227ca6924f467e7157bd9e58d632440a57c7615a2f3c3ac63e",
      "image": "quay.io/keycloak/keycloak@sha256:1f91ac24e8d68b8189d5d53a8381464c1db0fcff479348d5de973a86b63d621c",
      "port": "32769"
    },
    {
      "name": "ops-sp05-recovered-openbao-20261003",
      "id": "b328e3e2f19f199907f6094cf782bd9b4ce8c10db4f90e1aa8e96c2bb4ec2604",
      "image": "ghcr.io/openbao/openbao@sha256:4ca9310dd2a50c746d4227f44058088ee0470a8470031ee3f09cc8b1a69dd7f6",
      "port": "32771"
    },
    {
      "name": "ops-sp05-recovered-seaweedfs-20261003",
      "id": "6d4066ebe1b8fe9a7eea9ea0aac1e33a3844d761768780b07a8a3ab95b3580da",
      "image": "docker.io/chrislusf/seaweedfs@sha256:d4cf67729aa8777e1a43a5b61d72e5b96179e4b7bac9a221cb14cbc2036cb32e",
      "port": "32772"
    },
    {
      "name": "ops-sp05-recovered-victoria-metrics-20261003",
      "id": "f841a0cf638c8de0056ac6be6dee939c374e3ebe8def2adc550cb88670bc73fd",
      "image": "docker.io/victoriametrics/victoria-metrics@sha256:b10c78f4bd9b52554b7f863ff416e480d931b1811f591049d166eea1fb247638",
      "port": "18428"
    },
    {
      "name": "ops-sp05-recovered-victoria-logs-20261003",
      "id": "7fb8c4c80e70fc614f91d934fd5899d953c4aad8fb5f4a02744814c2548bf2c3",
      "image": "docker.io/victoriametrics/victoria-logs@sha256:47b820890d64c4575a2a0a46415dcd8a4fd59a0f1fcd6a377693d7aea639442e",
      "port": "19428"
    }
  ],
  "persistentBaoRestored": true,
  "secretsPrinted": false
}
