exact arm64 preparation attempt 1
docker.io/library/python@sha256:f77ac9e44ae96ef2c90b8053ea08c31f8be030f824196b0ae4db6d462c84e51f: Pulling from library/python
8fab80907cc7: Pulling fs layer
c84bebac337e: Pulling fs layer
bd36565c0fde: Pulling fs layer
d122ce05d523: Pulling fs layer
8d863c62ea14: Download complete
4afc374d6627: Download complete
failed to copy: httpReadSeeker: failed open: failed to do request: Get "https://production.cloudfront.docker.com/registry-v2/docker/registry/v2/blobs/sha256/8f/8fab80907cc75b43464f59a38c5548ae9199a01202b80a0474fb5e81c33950b4/data?[REDACTED_QUERY]": net/http: TLS handshake timeout
publisher image preparation transient failure
exact arm64 preparation attempt 2
docker.io/library/python@sha256:f77ac9e44ae96ef2c90b8053ea08c31f8be030f824196b0ae4db6d462c84e51f: Pulling from library/python
8fab80907cc7: Pulling fs layer
c84bebac337e: Pulling fs layer
bd36565c0fde: Pulling fs layer
d122ce05d523: Pulling fs layer
8fab80907cc7: Download complete
8d863c62ea14: Download complete
4afc374d6627: Download complete
failed to copy: httpReadSeeker: failed open: failed to do request: Get "https://production.cloudfront.docker.com/registry-v2/docker/registry/v2/blobs/sha256/bd/bd36565c0fdebaf0f3af5c3b4ce610ca085ced32e9e9da850d95912f5f18f47b/data?[REDACTED_QUERY]": net/http: TLS handshake timeout
publisher image preparation transient failure
exact arm64 preparation attempt 3
docker.io/library/python@sha256:f77ac9e44ae96ef2c90b8053ea08c31f8be030f824196b0ae4db6d462c84e51f: Pulling from library/python
8fab80907cc7: Pulling fs layer
d122ce05d523: Pulling fs layer
c84bebac337e: Pulling fs layer
bd36565c0fde: Pulling fs layer
8d863c62ea14: Download complete
4afc374d6627: Download complete
failed to copy: httpReadSeeker: failed open: failed to do request: Get "https://production.cloudfront.docker.com/registry-v2/docker/registry/v2/blobs/sha256/c8/c84bebac337e749a4bb38e590f1994648dedbc4a1d04db88b978cb18a5359a7b/data?[REDACTED_QUERY]": net/http: TLS handshake timeout
publisher image preparation transient failure
exact arm64 preparation attempt 4
docker.io/library/python@sha256:f77ac9e44ae96ef2c90b8053ea08c31f8be030f824196b0ae4db6d462c84e51f: Pulling from library/python
8fab80907cc7: Pulling fs layer
c84bebac337e: Pulling fs layer
bd36565c0fde: Pulling fs layer
d122ce05d523: Pulling fs layer
8fab80907cc7: Download complete
8d863c62ea14: Download complete
4afc374d6627: Download complete
failed to copy: httpReadSeeker: failed open: failed to do request: Get "https://production.cloudfront.docker.com/registry-v2/docker/registry/v2/blobs/sha256/d1/d122ce05d52358f34d63025713fdaf36bd7f684c4861ef9715450970c8599024/data?[REDACTED_QUERY]": net/http: TLS handshake timeout
publisher image preparation transient failure
