python3 scripts/check-generated.py "go" gen web/src/api/generated internal/persistence/dbgen
✓ Lockfile passes supply-chain policies (verified 6d ago)
Lockfile is up to date, resolution step is skipped
Already up to date
Done in 94ms using pnpm v12.7.0
$ orval --config ./orval.config.ts
🍻 orval v8.37.0 - A swagger client generator for typescript
platform - 🎉 Smart Operations Platform API - Your OpenAPI spec has been converted into ready to use orval!
python3 scripts/prepare-runtime-source.py --check
{"modules": 95, "selectedModuleFiles": 2943, "standardLibraryFiles": 1377, "sourceBundleSHA256": "sha256:19b0c348370e339f8cb0c94276c17a88e9aede393269934b561b4938ede207ed"}
go vet ./...
?   	ops-platform/api	[no test files]
?   	ops-platform/artifacts	[no test files]
?   	ops-platform/artifacts/task27-materials/sp010203-bao-operator	[no test files]
?   	ops-platform/artifacts/task27-materials/sp010203-cleanup-operator	[no test files]
?   	ops-platform/artifacts/task27-materials/sp010203-live-runtime-probe	[no test files]
?   	ops-platform/artifacts/task27-materials/sp010203-operator-helper	[no test files]
?   	ops-platform/artifacts/task27-materials/sp010203-role-probe	[no test files]
?   	ops-platform/bundle	[no test files]
?   	ops-platform/cmd/db-migrate	[no test files]
ok  	ops-platform/cmd/opsctl	(cached)
?   	ops-platform/cmd/platform-api	[no test files]
?   	ops-platform/cmd/platform-worker	[no test files]
?   	ops-platform/gen/api	[no test files]
?   	ops-platform/gen/internalgraph	[no test files]
ok  	ops-platform/internal/app	(cached)
ok  	ops-platform/internal/archive	(cached)
ok  	ops-platform/internal/audit	(cached)
ok  	ops-platform/internal/auth	(cached)
ok  	ops-platform/internal/bundle	(cached)
ok  	ops-platform/internal/bundle/drivers	(cached)
ok  	ops-platform/internal/configregistry	(cached)
?   	ops-platform/internal/contract	[no test files]
ok  	ops-platform/internal/crypto	(cached)
?   	ops-platform/internal/datascope	[no test files]
ok  	ops-platform/internal/evidence	(cached)
ok  	ops-platform/internal/finding	(cached)
ok  	ops-platform/internal/graph	(cached)
ok  	ops-platform/internal/httpapi	(cached)
ok  	ops-platform/internal/incident	(cached)
ok  	ops-platform/internal/inspection/hardware	(cached)
ok  	ops-platform/internal/inspection/kubernetes	(cached)
ok  	ops-platform/internal/inspection/npd	(cached)
?   	ops-platform/internal/integrations	[no test files]
ok  	ops-platform/internal/integrations/deepflow	(cached)
ok  	ops-platform/internal/integrations/k8sgpt	(cached)
ok  	ops-platform/internal/integrations/keycloak	(cached)
ok  	ops-platform/internal/integrations/kubernetes	(cached)
ok  	ops-platform/internal/integrations/openbao	(cached)
ok  	ops-platform/internal/integrations/redfish	(cached)
ok  	ops-platform/internal/integrations/s3	(cached)
?   	ops-platform/internal/integrations/victorialogs	[no test files]
?   	ops-platform/internal/integrations/victorialogs/adapter	[no test files]
?   	ops-platform/internal/integrations/victoriametrics	[no test files]
?   	ops-platform/internal/integrations/victoriametrics/adapter	[no test files]
?   	ops-platform/internal/integrations/vmalert	[no test files]
ok  	ops-platform/internal/observability	(cached)
ok  	ops-platform/internal/persistence	(cached)
?   	ops-platform/internal/persistence/dbgen	[no test files]
ok  	ops-platform/internal/policy	(cached)
ok  	ops-platform/internal/profile	(cached)
ok  	ops-platform/internal/rca	(cached)
ok  	ops-platform/internal/resource	(cached)
?   	ops-platform/internal/resourcestore	[no test files]
ok  	ops-platform/internal/source	(cached)
ok  	ops-platform/internal/supplychain	(cached)
?   	ops-platform/internal/tenant	[no test files]
?   	ops-platform/internal/upstream/corootcheck	[no test files]
?   	ops-platform/internal/upstream/keepmodel	[no test files]
?   	ops-platform/internal/upstream/metal3	[no test files]
?   	ops-platform/internal/upstream/ontology/api	[no test files]
?   	ops-platform/internal/upstream/ontology/model	[no test files]
?   	ops-platform/internal/upstream/ontology/service/diagnostic	[no test files]
?   	ops-platform/policies	[no test files]
ok  	ops-platform/test/contract	45.982s
ok  	ops-platform/test/e2e	(cached)
?   	ops-platform/test/fixtures/sp04/profile-detect	[no test files]
?   	ops-platform/test/fixtures/upstream-inspection	[no test files]
--- FAIL: TestRealOpenBaoTransitAndSeaweedS3AuditArchive (3.64s)
    archive_services_test.go:104: put isolated SeaweedFS object with compliance retention: S3 object upload failed
2026/10/03 13:42:02 OK   00001_roles_and_schemas.sql (21.94ms)
2026/10/03 13:42:02 goose: successfully migrated database to version: 1
2026/10/03 13:42:03 OK   00002_platform_meta.sql (52.85ms)
2026/10/03 13:42:03 OK   00003_finding.sql (44.66ms)
2026/10/03 13:42:03 OK   00004_incident.sql (12.25ms)
2026/10/03 13:42:03 OK   00005_investigation.sql (41.47ms)
2026/10/03 13:42:03 OK   00006_action_command.sql (8.55ms)
2026/10/03 13:42:03 OK   00007_audit.sql (21.28ms)
2026/10/03 13:42:03 OK   00008_rls.sql (31.82ms)
2026/10/03 13:42:03 OK   00009_idempotency_ledger.sql (7.36ms)
2026/10/03 13:42:03 OK   00010_tenant_provisioning.sql (8.05ms)
2026/10/03 13:42:03 OK   00011_source_registration_history.sql (8.21ms)
2026/10/03 13:42:03 OK   00012_config_registry_lifecycle.sql (13.47ms)
2026/10/03 13:42:03 OK   00013_audit_signed_segments.sql (14.77ms)
2026/10/03 13:42:03 OK   00014_audit_segment_predecessors.sql (10.11ms)
2026/10/03 13:42:03 OK   00015_source_schema_scope.sql (16.12ms)
2026/10/03 13:42:03 OK   00016_cluster_registration_metadata.sql (11.86ms)
2026/10/03 13:42:03 OK   00017_source_data_scope.sql (4.99ms)
2026/10/03 13:42:03 OK   00018_sp04_resources_evidence.sql (15.3ms)
2026/10/03 13:42:03 OK   00019_sp04_archive_ciphertext_bytes.sql (3.82ms)
2026/10/03 13:42:03 OK   00020_sp04_request_ledger.sql (5.58ms)
2026/10/03 13:42:03 OK   00021_sp04_archive_protection.sql (21.28ms)
2026/10/03 13:42:03 OK   00022_sp04_legal_hold_dependencies.sql (4.22ms)
2026/10/03 13:42:03 OK   00023_sp04_archive_query_intent.sql (6.31ms)
2026/10/03 13:42:03 OK   00024_sp05_finding_incident.sql (38.25ms)
2026/10/03 13:42:03 OK   00025_sp05_incident_event_time.sql (4.91ms)
2026/10/03 13:42:03 OK   00026_sp05_source_binding_lock.sql (8.05ms)
2026/10/03 13:42:03 OK   00027_sp05_rca_and_poll.sql (18.94ms)
2026/10/03 13:42:03 OK   00028_sp05_operator_lock.sql (12.54ms)
2026/10/03 13:42:03 OK   00029_sp05_evidence_links.sql (48.01ms)
2026/10/03 13:42:03 OK   00030_sp05_recipe_fence.sql (18.02ms)
2026/10/03 13:42:03 OK   00031_sp05_rca_postcheck.sql (7.14ms)
2026/10/03 13:42:03 OK   00032_sp05_transport_audit.sql (6.86ms)
2026/10/03 13:42:03 OK   00033_sp05_poll_resolution_clock.sql (9.18ms)
2026/10/03 13:42:03 goose: successfully migrated database to version: 33
2026/10/03 13:42:09 OK   00001_roles_and_schemas.sql (12.46ms)
2026/10/03 13:42:09 goose: successfully migrated database to version: 1
2026/10/03 13:42:09 OK   00002_platform_meta.sql (42.95ms)
2026/10/03 13:42:09 OK   00003_finding.sql (10.37ms)
2026/10/03 13:42:09 OK   00004_incident.sql (8.54ms)
2026/10/03 13:42:09 OK   00005_investigation.sql (6.9ms)
2026/10/03 13:42:09 OK   00006_action_command.sql (5.34ms)
2026/10/03 13:42:09 OK   00007_audit.sql (7.89ms)
2026/10/03 13:42:09 OK   00008_rls.sql (8.73ms)
2026/10/03 13:42:09 OK   00009_idempotency_ledger.sql (6.93ms)
2026/10/03 13:42:09 OK   00010_tenant_provisioning.sql (6.79ms)
2026/10/03 13:42:09 OK   00011_source_registration_history.sql (9.2ms)
2026/10/03 13:42:09 OK   00012_config_registry_lifecycle.sql (8.91ms)
2026/10/03 13:42:09 OK   00013_audit_signed_segments.sql (10.94ms)
2026/10/03 13:42:09 OK   00014_audit_segment_predecessors.sql (5.5ms)
2026/10/03 13:42:09 OK   00015_source_schema_scope.sql (6.27ms)
2026/10/03 13:42:09 OK   00016_cluster_registration_metadata.sql (6.85ms)
2026/10/03 13:42:09 OK   00017_source_data_scope.sql (10.98ms)
2026/10/03 13:42:09 OK   00018_sp04_resources_evidence.sql (22.58ms)
2026/10/03 13:42:09 OK   00019_sp04_archive_ciphertext_bytes.sql (3.55ms)
2026/10/03 13:42:09 OK   00020_sp04_request_ledger.sql (4.71ms)
2026/10/03 13:42:09 OK   00021_sp04_archive_protection.sql (3.18ms)
2026/10/03 13:42:09 OK   00022_sp04_legal_hold_dependencies.sql (2.83ms)
2026/10/03 13:42:09 OK   00023_sp04_archive_query_intent.sql (3.82ms)
2026/10/03 13:42:09 OK   00024_sp05_finding_incident.sql (17.94ms)
2026/10/03 13:42:09 OK   00025_sp05_incident_event_time.sql (2.9ms)
2026/10/03 13:42:09 OK   00026_sp05_source_binding_lock.sql (4.19ms)
2026/10/03 13:42:09 OK   00027_sp05_rca_and_poll.sql (7.78ms)
2026/10/03 13:42:09 OK   00028_sp05_operator_lock.sql (4.17ms)
2026/10/03 13:42:09 OK   00029_sp05_evidence_links.sql (6.53ms)
2026/10/03 13:42:09 OK   00030_sp05_recipe_fence.sql (26.62ms)
2026/10/03 13:42:09 OK   00031_sp05_rca_postcheck.sql (25.39ms)
2026/10/03 13:42:09 OK   00032_sp05_transport_audit.sql (6.53ms)
2026/10/03 13:42:09 OK   00033_sp05_poll_resolution_clock.sql (6.31ms)
2026/10/03 13:42:09 goose: successfully migrated database to version: 33
2026/10/03 13:42:10 OK   00001_roles_and_schemas.sql (46.53ms)
2026/10/03 13:42:10 goose: successfully migrated database to version: 1
2026/10/03 13:42:10 OK   00002_platform_meta.sql (16.43ms)
2026/10/03 13:42:10 OK   00003_finding.sql (8.45ms)
2026/10/03 13:42:10 OK   00004_incident.sql (5.66ms)
2026/10/03 13:42:10 OK   00005_investigation.sql (6.31ms)
2026/10/03 13:42:10 OK   00006_action_command.sql (5.9ms)
2026/10/03 13:42:10 OK   00007_audit.sql (17.27ms)
2026/10/03 13:42:10 OK   00008_rls.sql (12.59ms)
2026/10/03 13:42:10 OK   00009_idempotency_ledger.sql (11.72ms)
2026/10/03 13:42:10 OK   00010_tenant_provisioning.sql (7.94ms)
2026/10/03 13:42:10 OK   00011_source_registration_history.sql (25.73ms)
2026/10/03 13:42:10 OK   00012_config_registry_lifecycle.sql (38.82ms)
2026/10/03 13:42:10 OK   00013_audit_signed_segments.sql (39.74ms)
2026/10/03 13:42:10 OK   00014_audit_segment_predecessors.sql (7.93ms)
2026/10/03 13:42:10 OK   00015_source_schema_scope.sql (5.69ms)
2026/10/03 13:42:10 OK   00016_cluster_registration_metadata.sql (5.82ms)
2026/10/03 13:42:10 OK   00017_source_data_scope.sql (4.14ms)
2026/10/03 13:42:10 OK   00018_sp04_resources_evidence.sql (16.99ms)
2026/10/03 13:42:10 OK   00019_sp04_archive_ciphertext_bytes.sql (3.87ms)
2026/10/03 13:42:10 OK   00020_sp04_request_ledger.sql (5.49ms)
2026/10/03 13:42:10 OK   00021_sp04_archive_protection.sql (3.68ms)
2026/10/03 13:42:10 OK   00022_sp04_legal_hold_dependencies.sql (3.37ms)
2026/10/03 13:42:10 OK   00023_sp04_archive_query_intent.sql (7.65ms)
2026/10/03 13:42:10 OK   00024_sp05_finding_incident.sql (96.61ms)
2026/10/03 13:42:10 OK   00025_sp05_incident_event_time.sql (11.24ms)
2026/10/03 13:42:10 OK   00026_sp05_source_binding_lock.sql (35.99ms)
2026/10/03 13:42:10 OK   00027_sp05_rca_and_poll.sql (32.17ms)
2026/10/03 13:42:10 OK   00028_sp05_operator_lock.sql (21.58ms)
2026/10/03 13:42:10 OK   00029_sp05_evidence_links.sql (8.21ms)
2026/10/03 13:42:10 OK   00030_sp05_recipe_fence.sql (3.87ms)
2026/10/03 13:42:10 OK   00031_sp05_rca_postcheck.sql (3.67ms)
2026/10/03 13:42:10 OK   00032_sp05_transport_audit.sql (3.1ms)
2026/10/03 13:42:10 OK   00033_sp05_poll_resolution_clock.sql (5.86ms)
2026/10/03 13:42:10 goose: successfully migrated database to version: 33
2026/10/03 13:42:12 OK   00001_roles_and_schemas.sql (58.94ms)
2026/10/03 13:42:12 goose: successfully migrated database to version: 1
2026/10/03 13:42:12 OK   00002_platform_meta.sql (106.11ms)
2026/10/03 13:42:12 OK   00003_finding.sql (14.78ms)
2026/10/03 13:42:12 OK   00004_incident.sql (9.38ms)
2026/10/03 13:42:12 OK   00005_investigation.sql (10.83ms)
2026/10/03 13:42:12 OK   00006_action_command.sql (8.61ms)
2026/10/03 13:42:12 OK   00007_audit.sql (15ms)
2026/10/03 13:42:12 OK   00008_rls.sql (14.46ms)
2026/10/03 13:42:12 OK   00009_idempotency_ledger.sql (11.2ms)
2026/10/03 13:42:12 OK   00010_tenant_provisioning.sql (5.92ms)
2026/10/03 13:42:12 OK   00011_source_registration_history.sql (9.52ms)
2026/10/03 13:42:12 OK   00012_config_registry_lifecycle.sql (15.27ms)
2026/10/03 13:42:12 OK   00013_audit_signed_segments.sql (72.47ms)
2026/10/03 13:42:12 OK   00014_audit_segment_predecessors.sql (66.56ms)
2026/10/03 13:42:12 OK   00015_source_schema_scope.sql (12.52ms)
2026/10/03 13:42:12 OK   00016_cluster_registration_metadata.sql (32.76ms)
2026/10/03 13:42:12 OK   00017_source_data_scope.sql (6ms)
2026/10/03 13:42:12 OK   00018_sp04_resources_evidence.sql (19.15ms)
2026/10/03 13:42:12 OK   00019_sp04_archive_ciphertext_bytes.sql (32.53ms)
2026/10/03 13:42:12 OK   00020_sp04_request_ledger.sql (16.84ms)
2026/10/03 13:42:12 OK   00021_sp04_archive_protection.sql (10.46ms)
2026/10/03 13:42:12 OK   00022_sp04_legal_hold_dependencies.sql (8.58ms)
2026/10/03 13:42:12 OK   00023_sp04_archive_query_intent.sql (5.07ms)
2026/10/03 13:42:12 OK   00024_sp05_finding_incident.sql (36.1ms)
2026/10/03 13:42:12 OK   00025_sp05_incident_event_time.sql (77.22ms)
2026/10/03 13:42:12 OK   00026_sp05_source_binding_lock.sql (57.57ms)
2026/10/03 13:42:12 OK   00027_sp05_rca_and_poll.sql (124.03ms)
2026/10/03 13:42:12 OK   00028_sp05_operator_lock.sql (17.74ms)
2026/10/03 13:42:12 OK   00029_sp05_evidence_links.sql (69.8ms)
2026/10/03 13:42:12 OK   00030_sp05_recipe_fence.sql (52.05ms)
2026/10/03 13:42:12 OK   00031_sp05_rca_postcheck.sql (20.41ms)
2026/10/03 13:42:13 OK   00032_sp05_transport_audit.sql (118.3ms)
2026/10/03 13:42:13 OK   00033_sp05_poll_resolution_clock.sql (70.2ms)
2026/10/03 13:42:13 goose: successfully migrated database to version: 33
2026/10/03 13:42:14 OK   00001_roles_and_schemas.sql (17.42ms)
2026/10/03 13:42:14 goose: successfully migrated database to version: 1
2026/10/03 13:42:14 OK   00002_platform_meta.sql (29.62ms)
2026/10/03 13:42:14 OK   00003_finding.sql (14.86ms)
2026/10/03 13:42:14 OK   00004_incident.sql (10.2ms)
2026/10/03 13:42:14 OK   00005_investigation.sql (10.06ms)
2026/10/03 13:42:14 OK   00006_action_command.sql (12.96ms)
2026/10/03 13:42:14 OK   00007_audit.sql (80.23ms)
2026/10/03 13:42:14 OK   00008_rls.sql (43.68ms)
2026/10/03 13:42:14 OK   00009_idempotency_ledger.sql (14.29ms)
2026/10/03 13:42:14 OK   00010_tenant_provisioning.sql (5.9ms)
2026/10/03 13:42:14 OK   00011_source_registration_history.sql (13.97ms)
2026/10/03 13:42:14 OK   00012_config_registry_lifecycle.sql (21.1ms)
2026/10/03 13:42:14 OK   00013_audit_signed_segments.sql (23.57ms)
2026/10/03 13:42:14 OK   00014_audit_segment_predecessors.sql (9.88ms)
2026/10/03 13:42:14 OK   00015_source_schema_scope.sql (4.18ms)
2026/10/03 13:42:14 OK   00016_cluster_registration_metadata.sql (67.34ms)
2026/10/03 13:42:14 OK   00017_source_data_scope.sql (4.77ms)
2026/10/03 13:42:14 OK   00018_sp04_resources_evidence.sql (41.84ms)
2026/10/03 13:42:14 OK   00019_sp04_archive_ciphertext_bytes.sql (5.45ms)
2026/10/03 13:42:14 OK   00020_sp04_request_ledger.sql (9.16ms)
2026/10/03 13:42:14 OK   00021_sp04_archive_protection.sql (10.34ms)
2026/10/03 13:42:14 OK   00022_sp04_legal_hold_dependencies.sql (5.91ms)
2026/10/03 13:42:14 OK   00023_sp04_archive_query_intent.sql (5.91ms)
2026/10/03 13:42:14 OK   00024_sp05_finding_incident.sql (36.95ms)
2026/10/03 13:42:14 OK   00025_sp05_incident_event_time.sql (156.06ms)
2026/10/03 13:42:14 OK   00026_sp05_source_binding_lock.sql (58.16ms)
2026/10/03 13:42:14 OK   00027_sp05_rca_and_poll.sql (12.69ms)
2026/10/03 13:42:14 OK   00028_sp05_operator_lock.sql (60.87ms)
2026/10/03 13:42:14 OK   00029_sp05_evidence_links.sql (51.24ms)
2026/10/03 13:42:14 OK   00030_sp05_recipe_fence.sql (5.83ms)
2026/10/03 13:42:14 OK   00031_sp05_rca_postcheck.sql (5.84ms)
2026/10/03 13:42:14 OK   00032_sp05_transport_audit.sql (13.05ms)
2026/10/03 13:42:14 OK   00033_sp05_poll_resolution_clock.sql (5.5ms)
2026/10/03 13:42:14 goose: successfully migrated database to version: 33
2026/10/03 13:42:16 OK   00001_roles_and_schemas.sql (125.4ms)
2026/10/03 13:42:16 goose: successfully migrated database to version: 1
2026/10/03 13:42:16 OK   00002_platform_meta.sql (26.77ms)
2026/10/03 13:42:16 OK   00003_finding.sql (63.72ms)
2026/10/03 13:42:16 OK   00004_incident.sql (7.73ms)
2026/10/03 13:42:16 OK   00005_investigation.sql (11.68ms)
2026/10/03 13:42:16 OK   00006_action_command.sql (13.71ms)
2026/10/03 13:42:16 OK   00007_audit.sql (39.47ms)
2026/10/03 13:42:16 OK   00008_rls.sql (20.72ms)
2026/10/03 13:42:16 OK   00009_idempotency_ledger.sql (22.93ms)
2026/10/03 13:42:16 OK   00010_tenant_provisioning.sql (6.43ms)
2026/10/03 13:42:16 OK   00011_source_registration_history.sql (9.93ms)
2026/10/03 13:42:16 OK   00012_config_registry_lifecycle.sql (75.62ms)
2026/10/03 13:42:16 OK   00013_audit_signed_segments.sql (23.11ms)
2026/10/03 13:42:16 OK   00014_audit_segment_predecessors.sql (12.73ms)
2026/10/03 13:42:16 OK   00015_source_schema_scope.sql (3.92ms)
2026/10/03 13:42:16 OK   00016_cluster_registration_metadata.sql (6.06ms)
2026/10/03 13:42:16 OK   00017_source_data_scope.sql (5.76ms)
2026/10/03 13:42:16 OK   00018_sp04_resources_evidence.sql (25.51ms)
2026/10/03 13:42:16 OK   00019_sp04_archive_ciphertext_bytes.sql (3.48ms)
2026/10/03 13:42:16 OK   00020_sp04_request_ledger.sql (5.38ms)
2026/10/03 13:42:16 OK   00021_sp04_archive_protection.sql (5.77ms)
2026/10/03 13:42:16 OK   00022_sp04_legal_hold_dependencies.sql (4.27ms)
2026/10/03 13:42:16 OK   00023_sp04_archive_query_intent.sql (3.94ms)
2026/10/03 13:42:16 OK   00024_sp05_finding_incident.sql (66.23ms)
2026/10/03 13:42:16 OK   00025_sp05_incident_event_time.sql (4.48ms)
2026/10/03 13:42:16 OK   00026_sp05_source_binding_lock.sql (4.57ms)
2026/10/03 13:42:16 OK   00027_sp05_rca_and_poll.sql (13.46ms)
2026/10/03 13:42:16 OK   00028_sp05_operator_lock.sql (5.26ms)
2026/10/03 13:42:16 OK   00029_sp05_evidence_links.sql (8.14ms)
2026/10/03 13:42:16 OK   00030_sp05_recipe_fence.sql (4.01ms)
2026/10/03 13:42:16 OK   00031_sp05_rca_postcheck.sql (4.13ms)
2026/10/03 13:42:16 OK   00032_sp05_transport_audit.sql (3.67ms)
2026/10/03 13:42:16 OK   00033_sp05_poll_resolution_clock.sql (6.02ms)
2026/10/03 13:42:16 goose: successfully migrated database to version: 33
2026/10/03 13:42:30 OK   00001_roles_and_schemas.sql (37.73ms)
2026/10/03 13:42:30 goose: successfully migrated database to version: 1
2026/10/03 13:42:30 OK   00002_platform_meta.sql (61.43ms)
2026/10/03 13:42:30 OK   00003_finding.sql (15.53ms)
2026/10/03 13:42:30 OK   00004_incident.sql (8.97ms)
2026/10/03 13:42:30 OK   00005_investigation.sql (10.88ms)
2026/10/03 13:42:30 OK   00006_action_command.sql (6.88ms)
2026/10/03 13:42:30 OK   00007_audit.sql (28.86ms)
2026/10/03 13:42:30 OK   00008_rls.sql (26.14ms)
2026/10/03 13:42:30 OK   00009_idempotency_ledger.sql (9.38ms)
2026/10/03 13:42:30 OK   00010_tenant_provisioning.sql (5.38ms)
2026/10/03 13:42:30 OK   00011_source_registration_history.sql (12.86ms)
2026/10/03 13:42:30 OK   00012_config_registry_lifecycle.sql (10.11ms)
2026/10/03 13:42:30 OK   00013_audit_signed_segments.sql (21.06ms)
2026/10/03 13:42:30 OK   00014_audit_segment_predecessors.sql (8.46ms)
2026/10/03 13:42:30 OK   00015_source_schema_scope.sql (3.57ms)
2026/10/03 13:42:30 OK   00016_cluster_registration_metadata.sql (5.08ms)
2026/10/03 13:42:30 OK   00017_source_data_scope.sql (4.63ms)
2026/10/03 13:42:30 OK   00018_sp04_resources_evidence.sql (43.88ms)
2026/10/03 13:42:30 OK   00019_sp04_archive_ciphertext_bytes.sql (5.1ms)
2026/10/03 13:42:30 OK   00020_sp04_request_ledger.sql (6.53ms)
2026/10/03 13:42:30 OK   00021_sp04_archive_protection.sql (6.52ms)
2026/10/03 13:42:30 OK   00022_sp04_legal_hold_dependencies.sql (5.19ms)
2026/10/03 13:42:30 OK   00023_sp04_archive_query_intent.sql (4.44ms)
2026/10/03 13:42:30 OK   00024_sp05_finding_incident.sql (20.73ms)
2026/10/03 13:42:30 OK   00025_sp05_incident_event_time.sql (4.33ms)
2026/10/03 13:42:30 OK   00026_sp05_source_binding_lock.sql (4.75ms)
2026/10/03 13:42:30 OK   00027_sp05_rca_and_poll.sql (8.76ms)
2026/10/03 13:42:30 OK   00028_sp05_operator_lock.sql (6.06ms)
2026/10/03 13:42:30 OK   00029_sp05_evidence_links.sql (6.8ms)
2026/10/03 13:42:30 OK   00030_sp05_recipe_fence.sql (4.09ms)
2026/10/03 13:42:30 OK   00031_sp05_rca_postcheck.sql (4.52ms)
2026/10/03 13:42:30 OK   00032_sp05_transport_audit.sql (4.15ms)
2026/10/03 13:42:30 OK   00033_sp05_poll_resolution_clock.sql (4.3ms)
2026/10/03 13:42:30 goose: successfully migrated database to version: 33
{"time":"2026-10-03T13:42:30.966748+08:00","level":"INFO","msg":"http request complete","request_id":"01a10049-1121-7f0f-b238-00b965891331","trace_id":"4bf92f3577b34da6a3ce929d0e0e4736","span_id":"00e245d16f132832","method":"GET","status_code":200,"duration_ms":20}
{"time":"2026-10-03T13:42:30.98577+08:00","level":"INFO","msg":"http request complete","request_id":"01a10049-1136-7de2-8dc9-e9f3b65afa12","trace_id":"4bf92f3577b34da6a3ce929d0e0e4736","span_id":"8e2d8e4542891143","method":"GET","status_code":200,"duration_ms":18}
{"time":"2026-10-03T13:42:31.053122+08:00","level":"INFO","msg":"http request complete","request_id":"01a10049-114b-7382-ad2a-f50dd8522a9b","trace_id":"4bf92f3577b34da6a3ce929d0e0e4736","span_id":"e78e586bcf03d757","method":"GET","status_code":200,"duration_ms":65}
{"time":"2026-10-03T13:42:31.089684+08:00","level":"INFO","msg":"http request complete","request_id":"01a10049-118d-7bd7-8a08-bd1c0e401d5a","trace_id":"4bf92f3577b34da6a3ce929d0e0e4736","span_id":"5d49fb0e8c8116ab","method":"GET","status_code":200,"duration_ms":35}
{"time":"2026-10-03T13:42:31.094835+08:00","level":"INFO","msg":"http request complete","request_id":"01a10049-11b1-7e29-a843-a8ace2ce3dae","trace_id":"4bf92f3577b34da6a3ce929d0e0e4736","span_id":"3878bc7edae25e86","method":"GET","status_code":200,"duration_ms":4}
{"time":"2026-10-03T13:42:31.097809+08:00","level":"INFO","msg":"http request complete","request_id":"01a10049-11b7-7177-b159-743bb702b0cb","trace_id":"4bf92f3577b34da6a3ce929d0e0e4736","span_id":"3cd7246320a6fabc","method":"GET","status_code":200,"duration_ms":2}
{"time":"2026-10-03T13:42:31.109635+08:00","level":"INFO","msg":"http request complete","request_id":"01a10049-11ba-7017-9d55-468f80ef745e","trace_id":"f691b60fc8811805ec295e46033ee064","span_id":"6490baca36ad8b2b","method":"POST","status_code":201,"duration_ms":11}
{"time":"2026-10-03T13:42:31.11747+08:00","level":"INFO","msg":"http request complete","request_id":"01a10049-11c5-7db7-a5de-b603131b7bcd","trace_id":"49ac36d423d046d0826f21553e34af2a","span_id":"dd8aff4847faf5e4","method":"POST","status_code":201,"duration_ms":7}
{"time":"2026-10-03T13:42:31.118277+08:00","level":"WARN","msg":"trace export failed","signal":"traces"}
{"time":"2026-10-03T13:42:31.121393+08:00","level":"INFO","msg":"http request complete","request_id":"01a10049-11ce-75c0-b196-7d93f5e8035e","trace_id":"6e426d3c63ad032db8dbe18208c8cd4a","span_id":"af8daa4e32b6c3e7","method":"GET","status_code":200,"duration_ms":2}
2026/10/03 13:42:31 OK   00001_roles_and_schemas.sql (14.02ms)
2026/10/03 13:42:31 goose: successfully migrated database to version: 1
2026/10/03 13:42:31 OK   00002_platform_meta.sql (30.02ms)
2026/10/03 13:42:31 OK   00003_finding.sql (12.1ms)
2026/10/03 13:42:31 OK   00004_incident.sql (6.95ms)
2026/10/03 13:42:31 OK   00005_investigation.sql (13.69ms)
2026/10/03 13:42:31 OK   00006_action_command.sql (24.93ms)
2026/10/03 13:42:31 OK   00007_audit.sql (15.23ms)
2026/10/03 13:42:31 OK   00008_rls.sql (25.7ms)
2026/10/03 13:42:31 OK   00009_idempotency_ledger.sql (13.76ms)
2026/10/03 13:42:31 OK   00010_tenant_provisioning.sql (3.65ms)
2026/10/03 13:42:31 OK   00011_source_registration_history.sql (5.9ms)
2026/10/03 13:42:31 OK   00012_config_registry_lifecycle.sql (14.26ms)
2026/10/03 13:42:31 OK   00013_audit_signed_segments.sql (37.65ms)
2026/10/03 13:42:31 OK   00014_audit_segment_predecessors.sql (44.29ms)
2026/10/03 13:42:31 OK   00015_source_schema_scope.sql (6.54ms)
2026/10/03 13:42:31 OK   00016_cluster_registration_metadata.sql (13.19ms)
2026/10/03 13:42:31 OK   00017_source_data_scope.sql (10.52ms)
2026/10/03 13:42:31 OK   00018_sp04_resources_evidence.sql (12.26ms)
2026/10/03 13:42:31 OK   00019_sp04_archive_ciphertext_bytes.sql (4.75ms)
2026/10/03 13:42:31 OK   00020_sp04_request_ledger.sql (5.56ms)
2026/10/03 13:42:31 OK   00021_sp04_archive_protection.sql (4.1ms)
2026/10/03 13:42:31 OK   00022_sp04_legal_hold_dependencies.sql (4.75ms)
2026/10/03 13:42:31 OK   00023_sp04_archive_query_intent.sql (4.69ms)
2026/10/03 13:42:31 OK   00024_sp05_finding_incident.sql (20.61ms)
2026/10/03 13:42:31 OK   00025_sp05_incident_event_time.sql (5.09ms)
2026/10/03 13:42:31 OK   00026_sp05_source_binding_lock.sql (8.65ms)
2026/10/03 13:42:31 OK   00027_sp05_rca_and_poll.sql (8.02ms)
2026/10/03 13:42:31 OK   00028_sp05_operator_lock.sql (3.2ms)
2026/10/03 13:42:31 OK   00029_sp05_evidence_links.sql (5.91ms)
2026/10/03 13:42:31 OK   00030_sp05_recipe_fence.sql (3.45ms)
2026/10/03 13:42:31 OK   00031_sp05_rca_postcheck.sql (3.28ms)
2026/10/03 13:42:31 OK   00032_sp05_transport_audit.sql (3.52ms)
2026/10/03 13:42:31 OK   00033_sp05_poll_resolution_clock.sql (2.93ms)
2026/10/03 13:42:31 goose: successfully migrated database to version: 33
2026/10/03 13:42:31 OK   00034_review_failure.sql (13.36ms)
2026/10/03 13:42:31 goose: successfully migrated database to version: 34
2026/10/03 13:42:31 OK   00001_roles_and_schemas.sql (18.74ms)
2026/10/03 13:42:31 goose: successfully migrated database to version: 1
2026/10/03 13:42:31 OK   00002_platform_meta.sql (18.42ms)
2026/10/03 13:42:31 OK   00003_finding.sql (8.94ms)
2026/10/03 13:42:31 OK   00004_incident.sql (6.75ms)
2026/10/03 13:42:31 OK   00005_investigation.sql (10.09ms)
2026/10/03 13:42:31 OK   00006_action_command.sql (8.07ms)
2026/10/03 13:42:31 OK   00007_audit.sql (9.4ms)
2026/10/03 13:42:31 OK   00008_rls.sql (23.07ms)
2026/10/03 13:42:31 OK   00009_idempotency_ledger.sql (20.84ms)
2026/10/03 13:42:31 OK   00010_tenant_provisioning.sql (4.82ms)
2026/10/03 13:42:31 OK   00011_source_registration_history.sql (6.7ms)
2026/10/03 13:42:32 OK   00012_config_registry_lifecycle.sql (13.05ms)
2026/10/03 13:42:32 OK   00013_audit_signed_segments.sql (8.52ms)
2026/10/03 13:42:32 OK   00014_audit_segment_predecessors.sql (6.43ms)
2026/10/03 13:42:32 OK   00015_source_schema_scope.sql (7.76ms)
2026/10/03 13:42:32 OK   00016_cluster_registration_metadata.sql (5.31ms)
2026/10/03 13:42:32 OK   00017_source_data_scope.sql (10.21ms)
2026/10/03 13:42:32 OK   00018_sp04_resources_evidence.sql (16.92ms)
2026/10/03 13:42:32 OK   00019_sp04_archive_ciphertext_bytes.sql (6.95ms)
2026/10/03 13:42:32 OK   00020_sp04_request_ledger.sql (4.34ms)
2026/10/03 13:42:32 OK   00021_sp04_archive_protection.sql (3.61ms)
2026/10/03 13:42:32 OK   00022_sp04_legal_hold_dependencies.sql (2.82ms)
2026/10/03 13:42:32 OK   00023_sp04_archive_query_intent.sql (3.56ms)
2026/10/03 13:42:32 OK   00024_sp05_finding_incident.sql (16.37ms)
2026/10/03 13:42:32 OK   00025_sp05_incident_event_time.sql (3.03ms)
2026/10/03 13:42:32 OK   00026_sp05_source_binding_lock.sql (3.51ms)
2026/10/03 13:42:32 OK   00027_sp05_rca_and_poll.sql (6.43ms)
2026/10/03 13:42:32 OK   00028_sp05_operator_lock.sql (3.54ms)
2026/10/03 13:42:32 OK   00029_sp05_evidence_links.sql (8.28ms)
2026/10/03 13:42:32 OK   00030_sp05_recipe_fence.sql (4.78ms)
2026/10/03 13:42:32 OK   00031_sp05_rca_postcheck.sql (3.19ms)
2026/10/03 13:42:32 OK   00032_sp05_transport_audit.sql (3.18ms)
2026/10/03 13:42:32 OK   00033_sp05_poll_resolution_clock.sql (4.47ms)
2026/10/03 13:42:32 goose: successfully migrated database to version: 33
2026/10/03 13:42:32 OK   00001_roles_and_schemas.sql (10.65ms)
2026/10/03 13:42:32 goose: successfully migrated database to version: 1
2026/10/03 13:42:32 OK   00002_platform_meta.sql (25.16ms)
2026/10/03 13:42:32 OK   00003_finding.sql (8.91ms)
2026/10/03 13:42:32 OK   00004_incident.sql (9.92ms)
2026/10/03 13:42:32 OK   00005_investigation.sql (6.15ms)
2026/10/03 13:42:32 OK   00006_action_command.sql (6.03ms)
2026/10/03 13:42:32 OK   00007_audit.sql (20.6ms)
2026/10/03 13:42:32 OK   00008_rls.sql (8.63ms)
2026/10/03 13:42:32 OK   00009_idempotency_ledger.sql (8.34ms)
2026/10/03 13:42:32 OK   00010_tenant_provisioning.sql (4.07ms)
2026/10/03 13:42:32 OK   00011_source_registration_history.sql (5.8ms)
2026/10/03 13:42:32 OK   00012_config_registry_lifecycle.sql (8.04ms)
2026/10/03 13:42:32 OK   00013_audit_signed_segments.sql (20.57ms)
2026/10/03 13:42:32 OK   00014_audit_segment_predecessors.sql (8.53ms)
2026/10/03 13:42:32 OK   00015_source_schema_scope.sql (4.72ms)
2026/10/03 13:42:32 OK   00016_cluster_registration_metadata.sql (6.57ms)
2026/10/03 13:42:32 OK   00017_source_data_scope.sql (6.52ms)
2026/10/03 13:42:32 OK   00018_sp04_resources_evidence.sql (47.48ms)
2026/10/03 13:42:32 OK   00019_sp04_archive_ciphertext_bytes.sql (5.59ms)
2026/10/03 13:42:32 OK   00020_sp04_request_ledger.sql (17.89ms)
2026/10/03 13:42:32 OK   00021_sp04_archive_protection.sql (8.71ms)
2026/10/03 13:42:32 OK   00022_sp04_legal_hold_dependencies.sql (18.26ms)
2026/10/03 13:42:32 OK   00023_sp04_archive_query_intent.sql (18.12ms)
2026/10/03 13:42:32 OK   00024_sp05_finding_incident.sql (14.23ms)
2026/10/03 13:42:32 OK   00025_sp05_incident_event_time.sql (5.37ms)
2026/10/03 13:42:32 OK   00026_sp05_source_binding_lock.sql (4.2ms)
2026/10/03 13:42:32 OK   00027_sp05_rca_and_poll.sql (11.61ms)
2026/10/03 13:42:32 OK   00028_sp05_operator_lock.sql (8.62ms)
2026/10/03 13:42:32 OK   00029_sp05_evidence_links.sql (15.7ms)
2026/10/03 13:42:32 OK   00030_sp05_recipe_fence.sql (3.49ms)
2026/10/03 13:42:32 OK   00031_sp05_rca_postcheck.sql (2.96ms)
2026/10/03 13:42:32 OK   00032_sp05_transport_audit.sql (4.6ms)
2026/10/03 13:42:32 OK   00033_sp05_poll_resolution_clock.sql (33.85ms)
2026/10/03 13:42:32 goose: successfully migrated database to version: 33
2026/10/03 13:42:33 OK   00001_roles_and_schemas.sql (63.15ms)
2026/10/03 13:42:33 goose: successfully migrated database to version: 1
2026/10/03 13:42:33 OK   00002_platform_meta.sql (56.54ms)
2026/10/03 13:42:33 OK   00003_finding.sql (23.39ms)
2026/10/03 13:42:33 OK   00004_incident.sql (9.03ms)
2026/10/03 13:42:33 OK   00005_investigation.sql (10.03ms)
2026/10/03 13:42:33 OK   00006_action_command.sql (9.27ms)
2026/10/03 13:42:33 OK   00007_audit.sql (16.01ms)
2026/10/03 13:42:33 OK   00008_rls.sql (15.49ms)
2026/10/03 13:42:33 OK   00009_idempotency_ledger.sql (20.65ms)
2026/10/03 13:42:33 OK   00010_tenant_provisioning.sql (18.95ms)
2026/10/03 13:42:33 OK   00011_source_registration_history.sql (49.29ms)
2026/10/03 13:42:33 OK   00012_config_registry_lifecycle.sql (81.44ms)
2026/10/03 13:42:33 OK   00013_audit_signed_segments.sql (31.96ms)
2026/10/03 13:42:33 OK   00014_audit_segment_predecessors.sql (7.48ms)
2026/10/03 13:42:33 OK   00015_source_schema_scope.sql (4.17ms)
2026/10/03 13:42:33 OK   00016_cluster_registration_metadata.sql (6.12ms)
2026/10/03 13:42:33 OK   00017_source_data_scope.sql (5.41ms)
2026/10/03 13:42:33 OK   00018_sp04_resources_evidence.sql (15.24ms)
2026/10/03 13:42:33 OK   00019_sp04_archive_ciphertext_bytes.sql (4.59ms)
2026/10/03 13:42:33 OK   00020_sp04_request_ledger.sql (8.04ms)
2026/10/03 13:42:33 OK   00021_sp04_archive_protection.sql (5.69ms)
2026/10/03 13:42:33 OK   00022_sp04_legal_hold_dependencies.sql (4.06ms)
2026/10/03 13:42:33 OK   00023_sp04_archive_query_intent.sql (3.3ms)
2026/10/03 13:42:33 OK   00024_sp05_finding_incident.sql (15.88ms)
2026/10/03 13:42:33 OK   00025_sp05_incident_event_time.sql (2.29ms)
2026/10/03 13:42:33 OK   00026_sp05_source_binding_lock.sql (2.81ms)
2026/10/03 13:42:33 OK   00027_sp05_rca_and_poll.sql (6.41ms)
2026/10/03 13:42:33 OK   00028_sp05_operator_lock.sql (2.9ms)
2026/10/03 13:42:33 OK   00029_sp05_evidence_links.sql (16.01ms)
2026/10/03 13:42:33 OK   00030_sp05_recipe_fence.sql (4.59ms)
2026/10/03 13:42:33 OK   00031_sp05_rca_postcheck.sql (3.43ms)
2026/10/03 13:42:33 OK   00032_sp05_transport_audit.sql (3.31ms)
2026/10/03 13:42:33 OK   00033_sp05_poll_resolution_clock.sql (3.2ms)
2026/10/03 13:42:33 goose: successfully migrated database to version: 33
2026/10/03 13:42:34 OK   00001_roles_and_schemas.sql (6.72ms)
2026/10/03 13:42:34 OK   00002_platform_meta.sql (12.99ms)
2026/10/03 13:42:34 OK   00003_finding.sql (11.46ms)
2026/10/03 13:42:34 OK   00004_incident.sql (4.01ms)
2026/10/03 13:42:34 OK   00005_investigation.sql (4.66ms)
2026/10/03 13:42:34 OK   00006_action_command.sql (6.91ms)
2026/10/03 13:42:34 OK   00007_audit.sql (9.89ms)
2026/10/03 13:42:34 OK   00008_rls.sql (22.75ms)
2026/10/03 13:42:34 OK   00009_idempotency_ledger.sql (8.29ms)
2026/10/03 13:42:34 OK   00010_tenant_provisioning.sql (5.46ms)
2026/10/03 13:42:34 OK   00011_source_registration_history.sql (13.25ms)
2026/10/03 13:42:34 OK   00012_config_registry_lifecycle.sql (9.1ms)
2026/10/03 13:42:34 OK   00013_audit_signed_segments.sql (8.11ms)
2026/10/03 13:42:34 OK   00014_audit_segment_predecessors.sql (3.86ms)
2026/10/03 13:42:34 OK   00015_source_schema_scope.sql (2.23ms)
2026/10/03 13:42:34 OK   00016_cluster_registration_metadata.sql (2.82ms)
2026/10/03 13:42:34 OK   00017_source_data_scope.sql (2.29ms)
2026/10/03 13:42:34 OK   00018_sp04_resources_evidence.sql (9.01ms)
2026/10/03 13:42:34 OK   00019_sp04_archive_ciphertext_bytes.sql (2.03ms)
2026/10/03 13:42:34 OK   00020_sp04_request_ledger.sql (2.98ms)
2026/10/03 13:42:34 OK   00021_sp04_archive_protection.sql (2.49ms)
2026/10/03 13:42:34 OK   00022_sp04_legal_hold_dependencies.sql (2.28ms)
2026/10/03 13:42:34 OK   00023_sp04_archive_query_intent.sql (2.09ms)
2026/10/03 13:42:34 OK   00024_sp05_finding_incident.sql (12.56ms)
2026/10/03 13:42:34 OK   00025_sp05_incident_event_time.sql (2.15ms)
2026/10/03 13:42:34 OK   00026_sp05_source_binding_lock.sql (10.45ms)
2026/10/03 13:42:34 OK   00027_sp05_rca_and_poll.sql (12.08ms)
2026/10/03 13:42:34 OK   00028_sp05_operator_lock.sql (4.62ms)
2026/10/03 13:42:34 OK   00029_sp05_evidence_links.sql (7.83ms)
2026/10/03 13:42:34 OK   00030_sp05_recipe_fence.sql (2.25ms)
2026/10/03 13:42:34 OK   00031_sp05_rca_postcheck.sql (2.01ms)
2026/10/03 13:42:34 OK   00032_sp05_transport_audit.sql (2.12ms)
2026/10/03 13:42:34 OK   00033_sp05_poll_resolution_clock.sql (2.31ms)
2026/10/03 13:42:34 goose: successfully migrated database to version: 33
2026/10/03 13:42:34 OK   00001_roles_and_schemas.sql (7.77ms)
2026/10/03 13:42:34 goose: successfully migrated database to version: 1
2026/10/03 13:42:34 OK   00002_platform_meta.sql (16.68ms)
2026/10/03 13:42:34 OK   00003_finding.sql (30.62ms)
2026/10/03 13:42:34 OK   00004_incident.sql (4.34ms)
2026/10/03 13:42:34 OK   00005_investigation.sql (6.19ms)
2026/10/03 13:42:34 OK   00006_action_command.sql (4.33ms)
2026/10/03 13:42:34 OK   00007_audit.sql (7.03ms)
2026/10/03 13:42:34 OK   00008_rls.sql (33.67ms)
2026/10/03 13:42:34 OK   00009_idempotency_ledger.sql (15.47ms)
2026/10/03 13:42:34 OK   00010_tenant_provisioning.sql (3.56ms)
2026/10/03 13:42:34 OK   00011_source_registration_history.sql (5.06ms)
2026/10/03 13:42:34 OK   00012_config_registry_lifecycle.sql (7.41ms)
2026/10/03 13:42:34 OK   00013_audit_signed_segments.sql (16.73ms)
2026/10/03 13:42:34 OK   00014_audit_segment_predecessors.sql (4.47ms)
2026/10/03 13:42:34 OK   00015_source_schema_scope.sql (2.32ms)
2026/10/03 13:42:34 OK   00016_cluster_registration_metadata.sql (3.96ms)
2026/10/03 13:42:34 goose: successfully migrated database to version: 16
2026/10/03 13:42:34 OK   00017_source_data_scope.sql (13.85ms)
2026/10/03 13:42:34 OK   00018_sp04_resources_evidence.sql (11.64ms)
2026/10/03 13:42:34 OK   00019_sp04_archive_ciphertext_bytes.sql (2.61ms)
2026/10/03 13:42:34 OK   00020_sp04_request_ledger.sql (5.44ms)
2026/10/03 13:42:34 OK   00021_sp04_archive_protection.sql (3.19ms)
2026/10/03 13:42:34 OK   00022_sp04_legal_hold_dependencies.sql (2.51ms)
2026/10/03 13:42:34 OK   00023_sp04_archive_query_intent.sql (3.55ms)
2026/10/03 13:42:34 OK   00024_sp05_finding_incident.sql (35.73ms)
2026/10/03 13:42:34 OK   00025_sp05_incident_event_time.sql (2.32ms)
2026/10/03 13:42:34 OK   00026_sp05_source_binding_lock.sql (2.58ms)
2026/10/03 13:42:34 OK   00027_sp05_rca_and_poll.sql (22.17ms)
2026/10/03 13:42:34 OK   00028_sp05_operator_lock.sql (4.71ms)
2026/10/03 13:42:34 OK   00029_sp05_evidence_links.sql (5.62ms)
2026/10/03 13:42:34 OK   00030_sp05_recipe_fence.sql (3.96ms)
2026/10/03 13:42:34 OK   00031_sp05_rca_postcheck.sql (18.39ms)
2026/10/03 13:42:34 OK   00032_sp05_transport_audit.sql (10.34ms)
2026/10/03 13:42:34 OK   00033_sp05_poll_resolution_clock.sql (3.41ms)
2026/10/03 13:42:34 goose: successfully migrated database to version: 33
2026/10/03 13:42:34 OK   00001_roles_and_schemas.sql (7.49ms)
2026/10/03 13:42:34 goose: successfully migrated database to version: 1
2026/10/03 13:42:34 OK   00002_platform_meta.sql (21.82ms)
2026/10/03 13:42:34 OK   00003_finding.sql (6.37ms)
2026/10/03 13:42:34 OK   00004_incident.sql (3.95ms)
2026/10/03 13:42:34 OK   00005_investigation.sql (4.23ms)
2026/10/03 13:42:34 OK   00006_action_command.sql (4.42ms)
2026/10/03 13:42:34 OK   00007_audit.sql (6.84ms)
2026/10/03 13:42:34 OK   00008_rls.sql (6.68ms)
2026/10/03 13:42:34 OK   00009_idempotency_ledger.sql (5.17ms)
2026/10/03 13:42:34 OK   00010_tenant_provisioning.sql (3.06ms)
2026/10/03 13:42:34 OK   00011_source_registration_history.sql (7.56ms)
2026/10/03 13:42:34 OK   00012_config_registry_lifecycle.sql (16.4ms)
2026/10/03 13:42:35 OK   00013_audit_signed_segments.sql (22.33ms)
2026/10/03 13:42:35 OK   00014_audit_segment_predecessors.sql (4.27ms)
2026/10/03 13:42:35 OK   00015_source_schema_scope.sql (2.17ms)
2026/10/03 13:42:35 OK   00016_cluster_registration_metadata.sql (3ms)
2026/10/03 13:42:35 OK   00017_source_data_scope.sql (2.7ms)
2026/10/03 13:42:35 OK   00018_sp04_resources_evidence.sql (9.36ms)
2026/10/03 13:42:35 OK   00019_sp04_archive_ciphertext_bytes.sql (2.38ms)
2026/10/03 13:42:35 OK   00020_sp04_request_ledger.sql (8.16ms)
2026/10/03 13:42:35 OK   00021_sp04_archive_protection.sql (6.68ms)
2026/10/03 13:42:35 OK   00022_sp04_legal_hold_dependencies.sql (6.57ms)
2026/10/03 13:42:35 OK   00023_sp04_archive_query_intent.sql (2.46ms)
2026/10/03 13:42:35 OK   00024_sp05_finding_incident.sql (11.39ms)
2026/10/03 13:42:35 OK   00025_sp05_incident_event_time.sql (2.17ms)
2026/10/03 13:42:35 OK   00026_sp05_source_binding_lock.sql (2.34ms)
2026/10/03 13:42:35 OK   00027_sp05_rca_and_poll.sql (5.41ms)
2026/10/03 13:42:35 OK   00028_sp05_operator_lock.sql (2.51ms)
2026/10/03 13:42:35 OK   00029_sp05_evidence_links.sql (4.89ms)
2026/10/03 13:42:35 OK   00030_sp05_recipe_fence.sql (2.35ms)
2026/10/03 13:42:35 OK   00031_sp05_rca_postcheck.sql (2.29ms)
2026/10/03 13:42:35 OK   00032_sp05_transport_audit.sql (2.38ms)
2026/10/03 13:42:35 OK   00033_sp05_poll_resolution_clock.sql (2.64ms)
2026/10/03 13:42:35 goose: successfully migrated database to version: 33
2026/10/03 13:42:35 OK   00001_roles_and_schemas.sql (7.16ms)
2026/10/03 13:42:35 goose: successfully migrated database to version: 1
2026/10/03 13:42:35 OK   00002_platform_meta.sql (20.62ms)
2026/10/03 13:42:35 OK   00003_finding.sql (5.73ms)
2026/10/03 13:42:35 OK   00004_incident.sql (4.05ms)
2026/10/03 13:42:35 OK   00005_investigation.sql (4.91ms)
2026/10/03 13:42:35 OK   00006_action_command.sql (4.54ms)
2026/10/03 13:42:35 OK   00007_audit.sql (7.06ms)
2026/10/03 13:42:35 OK   00008_rls.sql (6.62ms)
2026/10/03 13:42:35 OK   00009_idempotency_ledger.sql (5.21ms)
2026/10/03 13:42:35 OK   00010_tenant_provisioning.sql (10.73ms)
2026/10/03 13:42:35 OK   00011_source_registration_history.sql (25.32ms)
2026/10/03 13:42:35 OK   00012_config_registry_lifecycle.sql (10.66ms)
2026/10/03 13:42:35 OK   00013_audit_signed_segments.sql (21.23ms)
2026/10/03 13:42:35 OK   00014_audit_segment_predecessors.sql (14.02ms)
2026/10/03 13:42:35 OK   00015_source_schema_scope.sql (10.98ms)
2026/10/03 13:42:35 OK   00016_cluster_registration_metadata.sql (5.86ms)
2026/10/03 13:42:35 OK   00017_source_data_scope.sql (6.45ms)
2026/10/03 13:42:35 OK   00018_sp04_resources_evidence.sql (24.89ms)
2026/10/03 13:42:35 OK   00019_sp04_archive_ciphertext_bytes.sql (2.91ms)
2026/10/03 13:42:35 OK   00020_sp04_request_ledger.sql (4.36ms)
2026/10/03 13:42:35 OK   00021_sp04_archive_protection.sql (5.95ms)
2026/10/03 13:42:35 OK   00022_sp04_legal_hold_dependencies.sql (7.76ms)
2026/10/03 13:42:35 OK   00023_sp04_archive_query_intent.sql (6.79ms)
2026/10/03 13:42:35 OK   00024_sp05_finding_incident.sql (38.36ms)
2026/10/03 13:42:35 OK   00025_sp05_incident_event_time.sql (6.75ms)
2026/10/03 13:42:35 OK   00026_sp05_source_binding_lock.sql (8.8ms)
2026/10/03 13:42:35 OK   00027_sp05_rca_and_poll.sql (13.22ms)
2026/10/03 13:42:35 OK   00028_sp05_operator_lock.sql (2.53ms)
2026/10/03 13:42:35 OK   00029_sp05_evidence_links.sql (4.43ms)
2026/10/03 13:42:35 OK   00030_sp05_recipe_fence.sql (5.46ms)
2026/10/03 13:42:35 OK   00031_sp05_rca_postcheck.sql (6.23ms)
2026/10/03 13:42:35 OK   00032_sp05_transport_audit.sql (4.48ms)
2026/10/03 13:42:35 OK   00033_sp05_poll_resolution_clock.sql (5.49ms)
2026/10/03 13:42:35 goose: successfully migrated database to version: 33
2026/10/03 13:42:41 OK   00001_roles_and_schemas.sql (13.73ms)
2026/10/03 13:42:41 goose: successfully migrated database to version: 1
2026/10/03 13:42:41 OK   00002_platform_meta.sql (16.32ms)
2026/10/03 13:42:41 OK   00003_finding.sql (13.07ms)
2026/10/03 13:42:41 OK   00004_incident.sql (17.1ms)
2026/10/03 13:42:41 OK   00005_investigation.sql (13.32ms)
2026/10/03 13:42:41 OK   00006_action_command.sql (8.7ms)
2026/10/03 13:42:41 OK   00007_audit.sql (33.54ms)
2026/10/03 13:42:41 OK   00008_rls.sql (10.2ms)
2026/10/03 13:42:41 OK   00009_idempotency_ledger.sql (11.73ms)
2026/10/03 13:42:41 OK   00010_tenant_provisioning.sql (6.81ms)
2026/10/03 13:42:41 OK   00011_source_registration_history.sql (12.42ms)
2026/10/03 13:42:41 OK   00012_config_registry_lifecycle.sql (36ms)
2026/10/03 13:42:41 OK   00013_audit_signed_segments.sql (12.79ms)
2026/10/03 13:42:41 OK   00014_audit_segment_predecessors.sql (10.36ms)
2026/10/03 13:42:41 OK   00015_source_schema_scope.sql (8.99ms)
2026/10/03 13:42:41 OK   00016_cluster_registration_metadata.sql (6.72ms)
2026/10/03 13:42:41 OK   00017_source_data_scope.sql (4.45ms)
2026/10/03 13:42:41 OK   00018_sp04_resources_evidence.sql (20.23ms)
2026/10/03 13:42:41 OK   00019_sp04_archive_ciphertext_bytes.sql (17.21ms)
2026/10/03 13:42:41 OK   00020_sp04_request_ledger.sql (5.81ms)
2026/10/03 13:42:41 OK   00021_sp04_archive_protection.sql (6.38ms)
2026/10/03 13:42:41 OK   00022_sp04_legal_hold_dependencies.sql (6.68ms)
2026/10/03 13:42:41 OK   00023_sp04_archive_query_intent.sql (4.31ms)
2026/10/03 13:42:41 OK   00024_sp05_finding_incident.sql (19.19ms)
2026/10/03 13:42:41 OK   00025_sp05_incident_event_time.sql (6.14ms)
2026/10/03 13:42:41 OK   00026_sp05_source_binding_lock.sql (9.27ms)
2026/10/03 13:42:41 OK   00027_sp05_rca_and_poll.sql (11.73ms)
2026/10/03 13:42:41 OK   00028_sp05_operator_lock.sql (8.97ms)
2026/10/03 13:42:41 OK   00029_sp05_evidence_links.sql (8.33ms)
2026/10/03 13:42:41 OK   00030_sp05_recipe_fence.sql (6.16ms)
2026/10/03 13:42:41 OK   00031_sp05_rca_postcheck.sql (3.74ms)
2026/10/03 13:42:41 OK   00032_sp05_transport_audit.sql (4.14ms)
2026/10/03 13:42:41 OK   00033_sp05_poll_resolution_clock.sql (6.91ms)
2026/10/03 13:42:41 goose: successfully migrated database to version: 33
2026/10/03 13:42:42 OK   00001_roles_and_schemas.sql (6.49ms)
2026/10/03 13:42:42 goose: successfully migrated database to version: 1
2026/10/03 13:42:42 OK   00002_platform_meta.sql (13.53ms)
2026/10/03 13:42:42 OK   00003_finding.sql (4.81ms)
2026/10/03 13:42:42 OK   00004_incident.sql (3.07ms)
2026/10/03 13:42:42 OK   00005_investigation.sql (3.49ms)
2026/10/03 13:42:42 OK   00006_action_command.sql (3.73ms)
2026/10/03 13:42:42 OK   00007_audit.sql (6.87ms)
2026/10/03 13:42:42 OK   00008_rls.sql (5.46ms)
2026/10/03 13:42:42 OK   00009_idempotency_ledger.sql (4.03ms)
2026/10/03 13:42:42 OK   00010_tenant_provisioning.sql (2.35ms)
2026/10/03 13:42:42 OK   00011_source_registration_history.sql (7.63ms)
2026/10/03 13:42:42 OK   00012_config_registry_lifecycle.sql (5.43ms)
2026/10/03 13:42:42 OK   00013_audit_signed_segments.sql (9.54ms)
2026/10/03 13:42:42 OK   00014_audit_segment_predecessors.sql (3.66ms)
2026/10/03 13:42:42 OK   00015_source_schema_scope.sql (1.69ms)
2026/10/03 13:42:42 OK   00016_cluster_registration_metadata.sql (2.6ms)
2026/10/03 13:42:42 OK   00017_source_data_scope.sql (2.05ms)
2026/10/03 13:42:42 OK   00018_sp04_resources_evidence.sql (8.36ms)
2026/10/03 13:42:42 OK   00019_sp04_archive_ciphertext_bytes.sql (1.51ms)
2026/10/03 13:42:42 OK   00020_sp04_request_ledger.sql (2.43ms)
2026/10/03 13:42:42 OK   00021_sp04_archive_protection.sql (1.69ms)
2026/10/03 13:42:42 OK   00022_sp04_legal_hold_dependencies.sql (1.4ms)
2026/10/03 13:42:42 OK   00023_sp04_archive_query_intent.sql (1.41ms)
2026/10/03 13:42:42 OK   00024_sp05_finding_incident.sql (10.4ms)
2026/10/03 13:42:42 OK   00025_sp05_incident_event_time.sql (1.64ms)
2026/10/03 13:42:42 OK   00026_sp05_source_binding_lock.sql (25.63ms)
2026/10/03 13:42:42 OK   00027_sp05_rca_and_poll.sql (5.59ms)
2026/10/03 13:42:42 OK   00028_sp05_operator_lock.sql (2.19ms)
2026/10/03 13:42:42 OK   00029_sp05_evidence_links.sql (3.64ms)
2026/10/03 13:42:42 OK   00030_sp05_recipe_fence.sql (2.06ms)
2026/10/03 13:42:42 OK   00031_sp05_rca_postcheck.sql (1.74ms)
2026/10/03 13:42:42 OK   00032_sp05_transport_audit.sql (2.37ms)
2026/10/03 13:42:42 OK   00033_sp05_poll_resolution_clock.sql (2.18ms)
2026/10/03 13:42:42 goose: successfully migrated database to version: 33
2026/10/03 13:42:42 OK   00001_roles_and_schemas.sql (7.65ms)
2026/10/03 13:42:42 goose: successfully migrated database to version: 1
2026/10/03 13:42:42 OK   00002_platform_meta.sql (42.65ms)
2026/10/03 13:42:42 OK   00003_finding.sql (30.41ms)
2026/10/03 13:42:42 OK   00004_incident.sql (4.77ms)
2026/10/03 13:42:42 OK   00005_investigation.sql (5ms)
2026/10/03 13:42:42 OK   00006_action_command.sql (4.59ms)
2026/10/03 13:42:42 OK   00007_audit.sql (6.52ms)
2026/10/03 13:42:42 OK   00008_rls.sql (6.53ms)
2026/10/03 13:42:42 OK   00009_idempotency_ledger.sql (5.3ms)
2026/10/03 13:42:42 OK   00010_tenant_provisioning.sql (3.25ms)
2026/10/03 13:42:42 OK   00011_source_registration_history.sql (4.87ms)
2026/10/03 13:42:42 OK   00012_config_registry_lifecycle.sql (9.59ms)
2026/10/03 13:42:42 OK   00013_audit_signed_segments.sql (8.83ms)
2026/10/03 13:42:42 OK   00014_audit_segment_predecessors.sql (4.29ms)
2026/10/03 13:42:42 OK   00015_source_schema_scope.sql (2.18ms)
2026/10/03 13:42:42 OK   00016_cluster_registration_metadata.sql (2.97ms)
2026/10/03 13:42:42 OK   00017_source_data_scope.sql (2.39ms)
2026/10/03 13:42:42 OK   00018_sp04_resources_evidence.sql (10.2ms)
2026/10/03 13:42:42 OK   00019_sp04_archive_ciphertext_bytes.sql (2.37ms)
2026/10/03 13:42:42 OK   00020_sp04_request_ledger.sql (3.05ms)
2026/10/03 13:42:42 OK   00021_sp04_archive_protection.sql (1.97ms)
2026/10/03 13:42:42 OK   00022_sp04_legal_hold_dependencies.sql (1.84ms)
2026/10/03 13:42:42 OK   00023_sp04_archive_query_intent.sql (1.97ms)
2026/10/03 13:42:42 OK   00024_sp05_finding_incident.sql (12.65ms)
2026/10/03 13:42:42 OK   00025_sp05_incident_event_time.sql (2.11ms)
2026/10/03 13:42:42 OK   00026_sp05_source_binding_lock.sql (2.16ms)
2026/10/03 13:42:42 OK   00027_sp05_rca_and_poll.sql (4.99ms)
2026/10/03 13:42:42 OK   00028_sp05_operator_lock.sql (2.34ms)
2026/10/03 13:42:42 OK   00029_sp05_evidence_links.sql (4.03ms)
2026/10/03 13:42:42 OK   00030_sp05_recipe_fence.sql (2.14ms)
2026/10/03 13:42:42 OK   00031_sp05_rca_postcheck.sql (1.81ms)
2026/10/03 13:42:42 OK   00032_sp05_transport_audit.sql (2.65ms)
2026/10/03 13:42:42 OK   00033_sp05_poll_resolution_clock.sql (2.34ms)
2026/10/03 13:42:42 goose: successfully migrated database to version: 33
2026/10/03 13:42:59 OK   00001_roles_and_schemas.sql (7.81ms)
2026/10/03 13:42:59 goose: successfully migrated database to version: 1
2026/10/03 13:42:59 OK   00002_platform_meta.sql (12.7ms)
2026/10/03 13:42:59 OK   00003_finding.sql (6.46ms)
2026/10/03 13:42:59 OK   00004_incident.sql (5.79ms)
2026/10/03 13:42:59 OK   00005_investigation.sql (5.2ms)
2026/10/03 13:42:59 OK   00006_action_command.sql (4.08ms)
2026/10/03 13:42:59 OK   00007_audit.sql (6.31ms)
2026/10/03 13:42:59 OK   00008_rls.sql (6.27ms)
2026/10/03 13:42:59 OK   00009_idempotency_ledger.sql (5.28ms)
2026/10/03 13:42:59 OK   00010_tenant_provisioning.sql (2.94ms)
2026/10/03 13:42:59 OK   00011_source_registration_history.sql (4.68ms)
2026/10/03 13:42:59 OK   00012_config_registry_lifecycle.sql (6.5ms)
2026/10/03 13:42:59 OK   00013_audit_signed_segments.sql (8.16ms)
2026/10/03 13:42:59 OK   00014_audit_segment_predecessors.sql (4.25ms)
2026/10/03 13:42:59 OK   00015_source_schema_scope.sql (2.24ms)
2026/10/03 13:42:59 OK   00016_cluster_registration_metadata.sql (2.84ms)
2026/10/03 13:42:59 OK   00017_source_data_scope.sql (2.52ms)
2026/10/03 13:42:59 OK   00018_sp04_resources_evidence.sql (9.64ms)
2026/10/03 13:42:59 OK   00019_sp04_archive_ciphertext_bytes.sql (2.16ms)
2026/10/03 13:42:59 OK   00020_sp04_request_ledger.sql (3.75ms)
2026/10/03 13:42:59 OK   00021_sp04_archive_protection.sql (3.71ms)
2026/10/03 13:42:59 OK   00022_sp04_legal_hold_dependencies.sql (3.81ms)
2026/10/03 13:42:59 OK   00023_sp04_archive_query_intent.sql (4.85ms)
2026/10/03 13:42:59 OK   00024_sp05_finding_incident.sql (23.28ms)
2026/10/03 13:42:59 OK   00025_sp05_incident_event_time.sql (2.32ms)
2026/10/03 13:42:59 OK   00026_sp05_source_binding_lock.sql (2.43ms)
2026/10/03 13:42:59 OK   00027_sp05_rca_and_poll.sql (5.34ms)
2026/10/03 13:42:59 OK   00028_sp05_operator_lock.sql (2.56ms)
2026/10/03 13:42:59 OK   00029_sp05_evidence_links.sql (3.63ms)
2026/10/03 13:42:59 OK   00030_sp05_recipe_fence.sql (2.29ms)
2026/10/03 13:42:59 OK   00031_sp05_rca_postcheck.sql (2.21ms)
2026/10/03 13:42:59 OK   00032_sp05_transport_audit.sql (2.89ms)
2026/10/03 13:42:59 OK   00033_sp05_poll_resolution_clock.sql (3.14ms)
2026/10/03 13:42:59 goose: successfully migrated database to version: 33
2026/10/03 13:42:59 OK   00001_roles_and_schemas.sql (7.36ms)
2026/10/03 13:42:59 goose: successfully migrated database to version: 1
2026/10/03 13:42:59 OK   00002_platform_meta.sql (16.59ms)
2026/10/03 13:42:59 OK   00003_finding.sql (5.87ms)
2026/10/03 13:42:59 OK   00004_incident.sql (6.1ms)
2026/10/03 13:42:59 OK   00005_investigation.sql (5.02ms)
2026/10/03 13:42:59 OK   00006_action_command.sql (4.64ms)
2026/10/03 13:42:59 OK   00007_audit.sql (7.05ms)
2026/10/03 13:42:59 OK   00008_rls.sql (7.85ms)
2026/10/03 13:42:59 OK   00009_idempotency_ledger.sql (5.36ms)
2026/10/03 13:42:59 OK   00010_tenant_provisioning.sql (4.25ms)
2026/10/03 13:42:59 OK   00011_source_registration_history.sql (5.76ms)
2026/10/03 13:42:59 OK   00012_config_registry_lifecycle.sql (7.63ms)
2026/10/03 13:42:59 OK   00013_audit_signed_segments.sql (8.23ms)
2026/10/03 13:42:59 OK   00014_audit_segment_predecessors.sql (4.24ms)
2026/10/03 13:42:59 OK   00015_source_schema_scope.sql (2.33ms)
2026/10/03 13:42:59 OK   00016_cluster_registration_metadata.sql (3.18ms)
2026/10/03 13:42:59 OK   00017_source_data_scope.sql (2.69ms)
2026/10/03 13:42:59 OK   00018_sp04_resources_evidence.sql (9.73ms)
2026/10/03 13:42:59 OK   00019_sp04_archive_ciphertext_bytes.sql (2.54ms)
2026/10/03 13:42:59 OK   00020_sp04_request_ledger.sql (3.29ms)
2026/10/03 13:42:59 OK   00021_sp04_archive_protection.sql (2.67ms)
2026/10/03 13:42:59 OK   00022_sp04_legal_hold_dependencies.sql (2.48ms)
2026/10/03 13:42:59 OK   00023_sp04_archive_query_intent.sql (2.32ms)
2026/10/03 13:42:59 OK   00024_sp05_finding_incident.sql (12.5ms)
2026/10/03 13:42:59 OK   00025_sp05_incident_event_time.sql (2.42ms)
2026/10/03 13:42:59 OK   00026_sp05_source_binding_lock.sql (3.32ms)
2026/10/03 13:42:59 OK   00027_sp05_rca_and_poll.sql (5.54ms)
2026/10/03 13:42:59 OK   00028_sp05_operator_lock.sql (2.97ms)
2026/10/03 13:42:59 OK   00029_sp05_evidence_links.sql (4.1ms)
2026/10/03 13:42:59 OK   00030_sp05_recipe_fence.sql (2.32ms)
2026/10/03 13:42:59 OK   00031_sp05_rca_postcheck.sql (2.41ms)
2026/10/03 13:42:59 OK   00032_sp05_transport_audit.sql (3.36ms)
2026/10/03 13:43:00 OK   00033_sp05_poll_resolution_clock.sql (2.64ms)
2026/10/03 13:43:00 goose: successfully migrated database to version: 33
2026/10/03 13:43:00 OK   00001_roles_and_schemas.sql (7.81ms)
2026/10/03 13:43:00 goose: successfully migrated database to version: 1
2026/10/03 13:43:00 OK   00002_platform_meta.sql (12.12ms)
2026/10/03 13:43:00 OK   00003_finding.sql (5.16ms)
2026/10/03 13:43:00 OK   00004_incident.sql (4.06ms)
2026/10/03 13:43:00 OK   00005_investigation.sql (4.09ms)
2026/10/03 13:43:00 OK   00006_action_command.sql (3.85ms)
2026/10/03 13:43:00 OK   00007_audit.sql (6.56ms)
2026/10/03 13:43:00 OK   00008_rls.sql (6.23ms)
2026/10/03 13:43:00 OK   00009_idempotency_ledger.sql (5.12ms)
2026/10/03 13:43:00 OK   00010_tenant_provisioning.sql (2.8ms)
2026/10/03 13:43:00 OK   00011_source_registration_history.sql (4.28ms)
2026/10/03 13:43:00 OK   00012_config_registry_lifecycle.sql (6.24ms)
2026/10/03 13:43:00 OK   00013_audit_signed_segments.sql (9.23ms)
2026/10/03 13:43:00 OK   00014_audit_segment_predecessors.sql (3.96ms)
2026/10/03 13:43:00 OK   00015_source_schema_scope.sql (1.76ms)
2026/10/03 13:43:00 OK   00016_cluster_registration_metadata.sql (2.68ms)
2026/10/03 13:43:00 OK   00017_source_data_scope.sql (2.12ms)
2026/10/03 13:43:00 OK   00018_sp04_resources_evidence.sql (9.13ms)
2026/10/03 13:43:00 OK   00019_sp04_archive_ciphertext_bytes.sql (1.83ms)
2026/10/03 13:43:00 OK   00020_sp04_request_ledger.sql (3.06ms)
2026/10/03 13:43:00 OK   00021_sp04_archive_protection.sql (2ms)
2026/10/03 13:43:00 OK   00022_sp04_legal_hold_dependencies.sql (5.45ms)
2026/10/03 13:43:00 OK   00023_sp04_archive_query_intent.sql (3.29ms)
2026/10/03 13:43:00 OK   00024_sp05_finding_incident.sql (28.84ms)
2026/10/03 13:43:00 OK   00025_sp05_incident_event_time.sql (2.94ms)
2026/10/03 13:43:00 OK   00026_sp05_source_binding_lock.sql (2.6ms)
2026/10/03 13:43:00 OK   00027_sp05_rca_and_poll.sql (5.34ms)
2026/10/03 13:43:00 OK   00028_sp05_operator_lock.sql (2.38ms)
2026/10/03 13:43:00 OK   00029_sp05_evidence_links.sql (3.84ms)
2026/10/03 13:43:00 OK   00030_sp05_recipe_fence.sql (2.14ms)
2026/10/03 13:43:00 OK   00031_sp05_rca_postcheck.sql (1.96ms)
2026/10/03 13:43:00 OK   00032_sp05_transport_audit.sql (1.85ms)
2026/10/03 13:43:00 OK   00033_sp05_poll_resolution_clock.sql (1.96ms)
2026/10/03 13:43:00 goose: successfully migrated database to version: 33
2026/10/03 13:43:00 OK   00001_roles_and_schemas.sql (5.76ms)
2026/10/03 13:43:00 goose: successfully migrated database to version: 1
2026/10/03 13:43:00 OK   00002_platform_meta.sql (13.52ms)
2026/10/03 13:43:00 OK   00003_finding.sql (8.48ms)
2026/10/03 13:43:00 OK   00004_incident.sql (4.44ms)
2026/10/03 13:43:00 OK   00005_investigation.sql (4.57ms)
2026/10/03 13:43:00 OK   00006_action_command.sql (4.09ms)
2026/10/03 13:43:00 OK   00007_audit.sql (8.32ms)
2026/10/03 13:43:00 OK   00008_rls.sql (6.52ms)
2026/10/03 13:43:00 OK   00009_idempotency_ledger.sql (5.2ms)
2026/10/03 13:43:00 OK   00010_tenant_provisioning.sql (2.93ms)
2026/10/03 13:43:00 OK   00011_source_registration_history.sql (4.55ms)
2026/10/03 13:43:00 OK   00012_config_registry_lifecycle.sql (6.19ms)
2026/10/03 13:43:00 OK   00013_audit_signed_segments.sql (8.25ms)
2026/10/03 13:43:00 OK   00014_audit_segment_predecessors.sql (4.04ms)
2026/10/03 13:43:00 OK   00015_source_schema_scope.sql (2.21ms)
2026/10/03 13:43:00 OK   00016_cluster_registration_metadata.sql (3.25ms)
2026/10/03 13:43:00 OK   00017_source_data_scope.sql (2.53ms)
2026/10/03 13:43:00 OK   00018_sp04_resources_evidence.sql (9.8ms)
2026/10/03 13:43:00 OK   00019_sp04_archive_ciphertext_bytes.sql (2.13ms)
2026/10/03 13:43:00 OK   00020_sp04_request_ledger.sql (2.9ms)
2026/10/03 13:43:00 OK   00021_sp04_archive_protection.sql (2.15ms)
2026/10/03 13:43:00 OK   00022_sp04_legal_hold_dependencies.sql (2.6ms)
2026/10/03 13:43:00 OK   00023_sp04_archive_query_intent.sql (2.04ms)
2026/10/03 13:43:00 OK   00024_sp05_finding_incident.sql (11.24ms)
2026/10/03 13:43:00 OK   00025_sp05_incident_event_time.sql (1.92ms)
2026/10/03 13:43:00 OK   00026_sp05_source_binding_lock.sql (2.13ms)
2026/10/03 13:43:00 OK   00027_sp05_rca_and_poll.sql (4.92ms)
2026/10/03 13:43:00 OK   00028_sp05_operator_lock.sql (2.51ms)
2026/10/03 13:43:00 OK   00029_sp05_evidence_links.sql (3.69ms)
2026/10/03 13:43:00 OK   00030_sp05_recipe_fence.sql (2.09ms)
2026/10/03 13:43:00 OK   00031_sp05_rca_postcheck.sql (2ms)
2026/10/03 13:43:00 OK   00032_sp05_transport_audit.sql (1.93ms)
2026/10/03 13:43:00 OK   00033_sp05_poll_resolution_clock.sql (2.33ms)
2026/10/03 13:43:00 goose: successfully migrated database to version: 33
2026/10/03 13:43:06 OK   00001_roles_and_schemas.sql (8.08ms)
2026/10/03 13:43:06 goose: successfully migrated database to version: 1
2026/10/03 13:43:06 OK   00002_platform_meta.sql (32.15ms)
2026/10/03 13:43:06 OK   00003_finding.sql (38.59ms)
2026/10/03 13:43:06 OK   00004_incident.sql (11.17ms)
2026/10/03 13:43:06 OK   00005_investigation.sql (16.68ms)
2026/10/03 13:43:06 OK   00006_action_command.sql (9.52ms)
2026/10/03 13:43:06 OK   00007_audit.sql (23.54ms)
2026/10/03 13:43:06 OK   00008_rls.sql (12.38ms)
2026/10/03 13:43:06 OK   00009_idempotency_ledger.sql (10.38ms)
2026/10/03 13:43:06 OK   00010_tenant_provisioning.sql (12.37ms)
2026/10/03 13:43:06 OK   00011_source_registration_history.sql (6.99ms)
2026/10/03 13:43:06 OK   00012_config_registry_lifecycle.sql (12.61ms)
2026/10/03 13:43:06 OK   00013_audit_signed_segments.sql (13.4ms)
2026/10/03 13:43:06 OK   00014_audit_segment_predecessors.sql (19.83ms)
2026/10/03 13:43:06 OK   00015_source_schema_scope.sql (4.85ms)
2026/10/03 13:43:06 OK   00016_cluster_registration_metadata.sql (6.5ms)
2026/10/03 13:43:06 OK   00017_source_data_scope.sql (6.65ms)
2026/10/03 13:43:06 OK   00018_sp04_resources_evidence.sql (72.56ms)
2026/10/03 13:43:06 OK   00019_sp04_archive_ciphertext_bytes.sql (55.94ms)
2026/10/03 13:43:06 OK   00020_sp04_request_ledger.sql (12.77ms)
2026/10/03 13:43:06 OK   00021_sp04_archive_protection.sql (4.03ms)
2026/10/03 13:43:06 OK   00022_sp04_legal_hold_dependencies.sql (14.45ms)
2026/10/03 13:43:06 OK   00023_sp04_archive_query_intent.sql (21.16ms)
2026/10/03 13:43:06 OK   00024_sp05_finding_incident.sql (22.29ms)
2026/10/03 13:43:06 OK   00025_sp05_incident_event_time.sql (11.56ms)
2026/10/03 13:43:06 OK   00026_sp05_source_binding_lock.sql (2.81ms)
2026/10/03 13:43:06 OK   00027_sp05_rca_and_poll.sql (6.53ms)
2026/10/03 13:43:06 OK   00028_sp05_operator_lock.sql (6.33ms)
2026/10/03 13:43:06 OK   00029_sp05_evidence_links.sql (5.32ms)
2026/10/03 13:43:06 OK   00030_sp05_recipe_fence.sql (15.07ms)
2026/10/03 13:43:06 OK   00031_sp05_rca_postcheck.sql (13.45ms)
2026/10/03 13:43:06 OK   00032_sp05_transport_audit.sql (3ms)
2026/10/03 13:43:06 OK   00033_sp05_poll_resolution_clock.sql (4.01ms)
2026/10/03 13:43:06 goose: successfully migrated database to version: 33
2026/10/03 13:43:13 OK   00001_roles_and_schemas.sql (27.58ms)
2026/10/03 13:43:13 goose: successfully migrated database to version: 1
2026/10/03 13:43:13 OK   00002_platform_meta.sql (70.61ms)
2026/10/03 13:43:13 OK   00003_finding.sql (46.36ms)
2026/10/03 13:43:13 OK   00004_incident.sql (45.69ms)
2026/10/03 13:43:13 OK   00005_investigation.sql (38.91ms)
2026/10/03 13:43:13 OK   00006_action_command.sql (8.63ms)
2026/10/03 13:43:13 OK   00007_audit.sql (11.51ms)
2026/10/03 13:43:13 OK   00008_rls.sql (8.61ms)
2026/10/03 13:43:13 OK   00009_idempotency_ledger.sql (7.74ms)
2026/10/03 13:43:13 OK   00010_tenant_provisioning.sql (4.94ms)
2026/10/03 13:43:13 OK   00011_source_registration_history.sql (6.3ms)
2026/10/03 13:43:13 OK   00012_config_registry_lifecycle.sql (8.8ms)
2026/10/03 13:43:13 OK   00013_audit_signed_segments.sql (11.22ms)
2026/10/03 13:43:14 OK   00014_audit_segment_predecessors.sql (5.43ms)
2026/10/03 13:43:14 OK   00015_source_schema_scope.sql (3.94ms)
2026/10/03 13:43:14 OK   00016_cluster_registration_metadata.sql (4.04ms)
2026/10/03 13:43:14 OK   00017_source_data_scope.sql (3.31ms)
2026/10/03 13:43:14 OK   00018_sp04_resources_evidence.sql (12.14ms)
2026/10/03 13:43:14 OK   00019_sp04_archive_ciphertext_bytes.sql (3.98ms)
2026/10/03 13:43:14 OK   00020_sp04_request_ledger.sql (4.87ms)
2026/10/03 13:43:14 OK   00021_sp04_archive_protection.sql (4.74ms)
2026/10/03 13:43:14 OK   00022_sp04_legal_hold_dependencies.sql (3.5ms)
2026/10/03 13:43:14 OK   00023_sp04_archive_query_intent.sql (4.66ms)
2026/10/03 13:43:14 OK   00024_sp05_finding_incident.sql (15.95ms)
2026/10/03 13:43:14 OK   00025_sp05_incident_event_time.sql (4.73ms)
2026/10/03 13:43:14 OK   00026_sp05_source_binding_lock.sql (5.06ms)
2026/10/03 13:43:14 OK   00027_sp05_rca_and_poll.sql (8.3ms)
2026/10/03 13:43:14 OK   00028_sp05_operator_lock.sql (4.76ms)
2026/10/03 13:43:14 OK   00029_sp05_evidence_links.sql (6.42ms)
2026/10/03 13:43:14 OK   00030_sp05_recipe_fence.sql (5.04ms)
2026/10/03 13:43:14 OK   00031_sp05_rca_postcheck.sql (3.21ms)
2026/10/03 13:43:14 OK   00032_sp05_transport_audit.sql (3.98ms)
2026/10/03 13:43:14 OK   00033_sp05_poll_resolution_clock.sql (4.37ms)
2026/10/03 13:43:14 goose: successfully migrated database to version: 33
2026/10/03 13:43:25 OK   00001_roles_and_schemas.sql (18.85ms)
2026/10/03 13:43:25 goose: successfully migrated database to version: 1
2026/10/03 13:43:25 OK   00002_platform_meta.sql (44.15ms)
2026/10/03 13:43:25 OK   00003_finding.sql (37.57ms)
2026/10/03 13:43:25 OK   00004_incident.sql (32.82ms)
2026/10/03 13:43:25 OK   00005_investigation.sql (21.95ms)
2026/10/03 13:43:25 OK   00006_action_command.sql (39.21ms)
2026/10/03 13:43:25 OK   00007_audit.sql (18.33ms)
2026/10/03 13:43:25 OK   00008_rls.sql (14.8ms)
2026/10/03 13:43:25 OK   00009_idempotency_ledger.sql (9.42ms)
2026/10/03 13:43:25 OK   00010_tenant_provisioning.sql (8.4ms)
2026/10/03 13:43:25 OK   00011_source_registration_history.sql (12.69ms)
2026/10/03 13:43:25 OK   00012_config_registry_lifecycle.sql (14.41ms)
2026/10/03 13:43:25 OK   00013_audit_signed_segments.sql (35.94ms)
2026/10/03 13:43:25 OK   00014_audit_segment_predecessors.sql (17.46ms)
2026/10/03 13:43:25 OK   00015_source_schema_scope.sql (13.12ms)
2026/10/03 13:43:25 OK   00016_cluster_registration_metadata.sql (15.6ms)
2026/10/03 13:43:25 OK   00017_source_data_scope.sql (20.85ms)
2026/10/03 13:43:25 OK   00018_sp04_resources_evidence.sql (19.7ms)
2026/10/03 13:43:25 OK   00019_sp04_archive_ciphertext_bytes.sql (12.63ms)
2026/10/03 13:43:25 OK   00020_sp04_request_ledger.sql (10.95ms)
2026/10/03 13:43:25 OK   00021_sp04_archive_protection.sql (26.14ms)
2026/10/03 13:43:25 OK   00022_sp04_legal_hold_dependencies.sql (6.23ms)
2026/10/03 13:43:25 OK   00023_sp04_archive_query_intent.sql (4.4ms)
2026/10/03 13:43:25 OK   00024_sp05_finding_incident.sql (13.8ms)
2026/10/03 13:43:25 OK   00025_sp05_incident_event_time.sql (5.77ms)
2026/10/03 13:43:25 OK   00026_sp05_source_binding_lock.sql (4.88ms)
2026/10/03 13:43:25 OK   00027_sp05_rca_and_poll.sql (7.93ms)
2026/10/03 13:43:25 OK   00028_sp05_operator_lock.sql (4.07ms)
2026/10/03 13:43:25 OK   00029_sp05_evidence_links.sql (8.82ms)
2026/10/03 13:43:25 OK   00030_sp05_recipe_fence.sql (5.71ms)
2026/10/03 13:43:25 OK   00031_sp05_rca_postcheck.sql (4.75ms)
2026/10/03 13:43:25 OK   00032_sp05_transport_audit.sql (6.25ms)
2026/10/03 13:43:25 OK   00033_sp05_poll_resolution_clock.sql (10.48ms)
2026/10/03 13:43:25 goose: successfully migrated database to version: 33
2026/10/03 13:43:32 OK   00001_roles_and_schemas.sql (14.1ms)
2026/10/03 13:43:32 goose: successfully migrated database to version: 1
2026/10/03 13:43:32 OK   00002_platform_meta.sql (29.66ms)
2026/10/03 13:43:32 OK   00003_finding.sql (12.15ms)
2026/10/03 13:43:32 OK   00004_incident.sql (22.03ms)
2026/10/03 13:43:32 OK   00005_investigation.sql (14.62ms)
2026/10/03 13:43:32 OK   00006_action_command.sql (9.68ms)
2026/10/03 13:43:32 OK   00007_audit.sql (41.04ms)
2026/10/03 13:43:32 OK   00008_rls.sql (21.1ms)
2026/10/03 13:43:32 OK   00009_idempotency_ledger.sql (92.94ms)
2026/10/03 13:43:32 OK   00010_tenant_provisioning.sql (19.54ms)
2026/10/03 13:43:32 OK   00011_source_registration_history.sql (19ms)
2026/10/03 13:43:32 OK   00012_config_registry_lifecycle.sql (82.78ms)
2026/10/03 13:43:32 OK   00013_audit_signed_segments.sql (80.2ms)
2026/10/03 13:43:32 OK   00014_audit_segment_predecessors.sql (36.53ms)
2026/10/03 13:43:32 OK   00015_source_schema_scope.sql (37.8ms)
2026/10/03 13:43:32 OK   00016_cluster_registration_metadata.sql (66.48ms)
2026/10/03 13:43:32 OK   00017_source_data_scope.sql (62.11ms)
2026/10/03 13:43:32 OK   00018_sp04_resources_evidence.sql (58.13ms)
2026/10/03 13:43:32 OK   00019_sp04_archive_ciphertext_bytes.sql (31.13ms)
2026/10/03 13:43:32 OK   00020_sp04_request_ledger.sql (21.68ms)
2026/10/03 13:43:32 OK   00021_sp04_archive_protection.sql (7.99ms)
2026/10/03 13:43:32 OK   00022_sp04_legal_hold_dependencies.sql (27.92ms)
2026/10/03 13:43:32 OK   00023_sp04_archive_query_intent.sql (27.35ms)
2026/10/03 13:43:32 OK   00024_sp05_finding_incident.sql (76ms)
2026/10/03 13:43:33 OK   00025_sp05_incident_event_time.sql (92.94ms)
2026/10/03 13:43:33 OK   00026_sp05_source_binding_lock.sql (42.36ms)
2026/10/03 13:43:33 OK   00027_sp05_rca_and_poll.sql (30.9ms)
2026/10/03 13:43:33 OK   00028_sp05_operator_lock.sql (9.66ms)
2026/10/03 13:43:33 OK   00029_sp05_evidence_links.sql (10.29ms)
2026/10/03 13:43:33 OK   00030_sp05_recipe_fence.sql (8.76ms)
2026/10/03 13:43:33 OK   00031_sp05_rca_postcheck.sql (15.29ms)
2026/10/03 13:43:33 OK   00032_sp05_transport_audit.sql (14.69ms)
2026/10/03 13:43:33 OK   00033_sp05_poll_resolution_clock.sql (14.63ms)
2026/10/03 13:43:33 goose: successfully migrated database to version: 33
2026/10/03 13:43:39 OK   00001_roles_and_schemas.sql (32.4ms)
2026/10/03 13:43:39 goose: successfully migrated database to version: 1
2026/10/03 13:43:39 OK   00002_platform_meta.sql (19.84ms)
2026/10/03 13:43:39 OK   00003_finding.sql (39.54ms)
2026/10/03 13:43:39 OK   00004_incident.sql (67.18ms)
2026/10/03 13:43:39 OK   00005_investigation.sql (30.19ms)
2026/10/03 13:43:39 OK   00006_action_command.sql (14.23ms)
2026/10/03 13:43:39 OK   00007_audit.sql (37.2ms)
2026/10/03 13:43:39 OK   00008_rls.sql (36.3ms)
2026/10/03 13:43:39 OK   00009_idempotency_ledger.sql (59.46ms)
2026/10/03 13:43:39 OK   00010_tenant_provisioning.sql (19.78ms)
2026/10/03 13:43:39 OK   00011_source_registration_history.sql (13.02ms)
2026/10/03 13:43:39 OK   00012_config_registry_lifecycle.sql (58.12ms)
2026/10/03 13:43:39 OK   00013_audit_signed_segments.sql (18.37ms)
2026/10/03 13:43:39 OK   00014_audit_segment_predecessors.sql (8.17ms)
2026/10/03 13:43:39 OK   00015_source_schema_scope.sql (2.86ms)
2026/10/03 13:43:39 OK   00016_cluster_registration_metadata.sql (11.78ms)
2026/10/03 13:43:40 OK   00017_source_data_scope.sql (8.97ms)
2026/10/03 13:43:40 OK   00018_sp04_resources_evidence.sql (13.81ms)
2026/10/03 13:43:40 OK   00019_sp04_archive_ciphertext_bytes.sql (4.51ms)
2026/10/03 13:43:40 OK   00020_sp04_request_ledger.sql (5.49ms)
2026/10/03 13:43:40 OK   00021_sp04_archive_protection.sql (5.54ms)
2026/10/03 13:43:40 OK   00022_sp04_legal_hold_dependencies.sql (20.49ms)
2026/10/03 13:43:40 OK   00023_sp04_archive_query_intent.sql (6.3ms)
2026/10/03 13:43:40 OK   00024_sp05_finding_incident.sql (34.04ms)
2026/10/03 13:43:40 OK   00025_sp05_incident_event_time.sql (2.98ms)
2026/10/03 13:43:40 OK   00026_sp05_source_binding_lock.sql (2.27ms)
2026/10/03 13:43:40 OK   00027_sp05_rca_and_poll.sql (4.78ms)
2026/10/03 13:43:40 OK   00028_sp05_operator_lock.sql (1.56ms)
2026/10/03 13:43:40 OK   00029_sp05_evidence_links.sql (4.57ms)
2026/10/03 13:43:40 OK   00030_sp05_recipe_fence.sql (4.41ms)
2026/10/03 13:43:40 OK   00031_sp05_rca_postcheck.sql (3.5ms)
2026/10/03 13:43:40 OK   00032_sp05_transport_audit.sql (22.03ms)
2026/10/03 13:43:40 OK   00033_sp05_poll_resolution_clock.sql (18.26ms)
2026/10/03 13:43:40 goose: successfully migrated database to version: 33
2026/10/03 13:43:50 OK   00001_roles_and_schemas.sql (16.59ms)
2026/10/03 13:43:50 goose: successfully migrated database to version: 1
2026/10/03 13:43:50 OK   00002_platform_meta.sql (25.34ms)
2026/10/03 13:43:50 OK   00003_finding.sql (34.31ms)
2026/10/03 13:43:50 OK   00004_incident.sql (6.25ms)
2026/10/03 13:43:50 OK   00005_investigation.sql (23.8ms)
2026/10/03 13:43:50 OK   00006_action_command.sql (9.94ms)
2026/10/03 13:43:50 OK   00007_audit.sql (7.77ms)
2026/10/03 13:43:50 OK   00008_rls.sql (8.47ms)
2026/10/03 13:43:50 OK   00009_idempotency_ledger.sql (15.42ms)
2026/10/03 13:43:50 OK   00010_tenant_provisioning.sql (16.62ms)
2026/10/03 13:43:50 OK   00011_source_registration_history.sql (5.46ms)
2026/10/03 13:43:50 OK   00012_config_registry_lifecycle.sql (7.7ms)
2026/10/03 13:43:50 OK   00013_audit_signed_segments.sql (13.09ms)
2026/10/03 13:43:50 OK   00014_audit_segment_predecessors.sql (6.46ms)
2026/10/03 13:43:50 OK   00015_source_schema_scope.sql (4.25ms)
2026/10/03 13:43:50 OK   00016_cluster_registration_metadata.sql (4.3ms)
2026/10/03 13:43:50 OK   00017_source_data_scope.sql (3.63ms)
2026/10/03 13:43:50 OK   00018_sp04_resources_evidence.sql (12.9ms)
2026/10/03 13:43:50 OK   00019_sp04_archive_ciphertext_bytes.sql (2.88ms)
2026/10/03 13:43:50 OK   00020_sp04_request_ledger.sql (5.36ms)
2026/10/03 13:43:50 OK   00021_sp04_archive_protection.sql (2.96ms)
2026/10/03 13:43:50 OK   00022_sp04_legal_hold_dependencies.sql (2.74ms)
2026/10/03 13:43:50 OK   00023_sp04_archive_query_intent.sql (2.62ms)
2026/10/03 13:43:50 OK   00024_sp05_finding_incident.sql (16.16ms)
2026/10/03 13:43:50 OK   00025_sp05_incident_event_time.sql (2.88ms)
2026/10/03 13:43:51 OK   00026_sp05_source_binding_lock.sql (2.4ms)
2026/10/03 13:43:51 OK   00027_sp05_rca_and_poll.sql (8.33ms)
2026/10/03 13:43:51 OK   00028_sp05_operator_lock.sql (3.3ms)
2026/10/03 13:43:51 OK   00029_sp05_evidence_links.sql (4.41ms)
2026/10/03 13:43:51 OK   00030_sp05_recipe_fence.sql (2.4ms)
2026/10/03 13:43:51 OK   00031_sp05_rca_postcheck.sql (1.99ms)
2026/10/03 13:43:51 OK   00032_sp05_transport_audit.sql (2.11ms)
2026/10/03 13:43:51 OK   00033_sp05_poll_resolution_clock.sql (2.76ms)
2026/10/03 13:43:51 goose: successfully migrated database to version: 33
--- FAIL: TestSP05FrozenNonvirtualGoldenVerticalAndReplay (91.28s)
    --- FAIL: TestSP05FrozenNonvirtualGoldenVerticalAndReplay/pvc-csi-failure/conflict (41.11s)
        archive_iam_test.go:41: owned TLS/IAM fixture did not become ready
        archive_iam_test.go:135: owned fixture unavailable during cleanup
        runtime_login_test.go:28: remove isolated runtime LOGIN: failed to connect to `user=postgres database=sp03_mig_33623cbbfe8d4c83b56673ba0ad725f2`: 127.0.0.1:15484 (127.0.0.1): dial error: dial tcp 127.0.0.1:15484: connect: connection refused
    --- FAIL: TestSP05FrozenNonvirtualGoldenVerticalAndReplay/pvc-csi-failure/degraded (0.00s)
        sp05_finding_test.go:28: connect to disposable PostgreSQL: failed to connect to `user=postgres database=postgres`: 127.0.0.1:15484 (127.0.0.1): dial error: dial tcp 127.0.0.1:15484: connect: connection refused
    --- FAIL: TestSP05FrozenNonvirtualGoldenVerticalAndReplay/node-failure/valid (0.00s)
        sp05_finding_test.go:28: connect to disposable PostgreSQL: failed to connect to `user=postgres database=postgres`: 127.0.0.1:15484 (127.0.0.1): dial error: dial tcp 127.0.0.1:15484: connect: connection refused
    --- FAIL: TestSP05FrozenNonvirtualGoldenVerticalAndReplay/node-failure/missing (0.00s)
        sp05_finding_test.go:28: connect to disposable PostgreSQL: failed to connect to `user=postgres database=postgres`: 127.0.0.1:15484 (127.0.0.1): dial error: dial tcp 127.0.0.1:15484: connect: connection refused
    --- FAIL: TestSP05FrozenNonvirtualGoldenVerticalAndReplay/node-failure/conflict (0.00s)
        sp05_finding_test.go:28: connect to disposable PostgreSQL: failed to connect to `user=postgres database=postgres`: 127.0.0.1:15484 (127.0.0.1): dial error: dial tcp 127.0.0.1:15484: connect: connection refused
    --- FAIL: TestSP05FrozenNonvirtualGoldenVerticalAndReplay/node-failure/degraded (0.00s)
        sp05_finding_test.go:28: connect to disposable PostgreSQL: failed to connect to `user=postgres database=postgres`: 127.0.0.1:15484 (127.0.0.1): dial error: dial tcp 127.0.0.1:15484: connect: connection refused
--- FAIL: TestSP05FrozenNodeHardwareUpstreamVerticalAndReplay (0.00s)
    --- FAIL: TestSP05FrozenNodeHardwareUpstreamVerticalAndReplay/valid (0.00s)
        sp05_finding_test.go:28: connect to disposable PostgreSQL: failed to connect to `user=postgres database=postgres`: 127.0.0.1:15484 (127.0.0.1): dial error: dial tcp 127.0.0.1:15484: connect: connection refused
    --- FAIL: TestSP05FrozenNodeHardwareUpstreamVerticalAndReplay/missing (0.00s)
        sp05_finding_test.go:28: connect to disposable PostgreSQL: failed to connect to `user=postgres database=postgres`: 127.0.0.1:15484 (127.0.0.1): dial error: dial tcp 127.0.0.1:15484: connect: connection refused
    --- FAIL: TestSP05FrozenNodeHardwareUpstreamVerticalAndReplay/conflict (0.00s)
        sp05_finding_test.go:28: connect to disposable PostgreSQL: failed to connect to `user=postgres database=postgres`: 127.0.0.1:15484 (127.0.0.1): dial error: dial tcp 127.0.0.1:15484: connect: connection refused
    --- FAIL: TestSP05FrozenNodeHardwareUpstreamVerticalAndReplay/degraded (0.00s)
        sp05_finding_test.go:28: connect to disposable PostgreSQL: failed to connect to `user=postgres database=postgres`: 127.0.0.1:15484 (127.0.0.1): dial error: dial tcp 127.0.0.1:15484: connect: connection refused
--- FAIL: TestSP05IncidentConcurrentCorrelationOverrideSplitMergeRecovery (0.00s)
    sp05_finding_test.go:28: connect to disposable PostgreSQL: failed to connect to `user=postgres database=postgres`: 127.0.0.1:15484 (127.0.0.1): dial error: dial tcp 127.0.0.1:15484: connect: connection refused
--- FAIL: TestSP05LegacyOutboxIsPreservedAndExplicitlyQuarantined (0.00s)
    sp05_finding_test.go:28: connect to disposable PostgreSQL: failed to connect to `user=postgres database=postgres`: 127.0.0.1:15484 (127.0.0.1): dial error: dial tcp 127.0.0.1:15484: connect: connection refused
--- FAIL: TestSP05ActualOrbStackInspectionAPIWorkerArchiveAndRestart (0.06s)
    sp05_live_test.go:47: owned Kubernetes fixture command failed ([create -f -])
--- FAIL: TestSP05ResourceNamespaceCannotBeClaimedAsClusterScoped (0.00s)
    sp05_finding_test.go:28: connect to disposable PostgreSQL: failed to connect to `user=postgres database=postgres`: 127.0.0.1:15484 (127.0.0.1): dial error: dial tcp 127.0.0.1:15484: connect: connection refused
--- FAIL: TestSP05ActualLinuxWorkerAuthorizedAnalyzerDurableChain (0.02s)
    sp05_native_worker_test.go:23: owned Kubernetes fixture command failed ([create -f -])
--- FAIL: TestSP05OfficialObservationsActualOrbStackAndControlledProbeFailure (0.02s)
    sp05_official_observations_test.go:55: owned Kubernetes fixture command failed ([create -f -])
--- FAIL: TestSP05EqualSequenceConflictAndTransportAliasAreAudited (0.00s)
    sp05_finding_test.go:28: connect to disposable PostgreSQL: failed to connect to `user=postgres database=postgres`: 127.0.0.1:15484 (127.0.0.1): dial error: dial tcp 127.0.0.1:15484: connect: connection refused
--- FAIL: TestSP05PollBirthClockSurvivesPostgreSQLPrecisionAndRestart (0.00s)
    sp05_finding_test.go:28: connect to disposable PostgreSQL: failed to connect to `user=postgres database=postgres`: 127.0.0.1:15484 (127.0.0.1): dial error: dial tcp 127.0.0.1:15484: connect: connection refused
--- FAIL: TestSP05PollCrashAfterResolveAndLateReplayCannotCreateOccurrence (0.00s)
    --- FAIL: TestSP05PollCrashAfterResolveAndLateReplayCannotCreateOccurrence/crash-before-close (0.00s)
        sp05_finding_test.go:28: connect to disposable PostgreSQL: failed to connect to `user=postgres database=postgres`: 127.0.0.1:15484 (127.0.0.1): dial error: dial tcp 127.0.0.1:15484: connect: connection refused
    --- FAIL: TestSP05PollCrashAfterResolveAndLateReplayCannotCreateOccurrence/late-replay (0.00s)
        sp05_finding_test.go:28: connect to disposable PostgreSQL: failed to connect to `user=postgres database=postgres`: 127.0.0.1:15484 (127.0.0.1): dial error: dial tcp 127.0.0.1:15484: connect: connection refused
--- FAIL: TestSP05FirstHealthyPollDurablyFencesLateAndRepeatedFiring (0.00s)
    sp05_finding_test.go:28: connect to disposable PostgreSQL: failed to connect to `user=postgres database=postgres`: 127.0.0.1:15484 (127.0.0.1): dial error: dial tcp 127.0.0.1:15484: connect: connection refused
--- FAIL: TestSP05SIGKILLClaimLeaseRecoverExactlyOnce (0.00s)
    sp05_finding_test.go:28: connect to disposable PostgreSQL: failed to connect to `user=postgres database=postgres`: 127.0.0.1:15484 (127.0.0.1): dial error: dial tcp 127.0.0.1:15484: connect: connection refused
--- FAIL: TestSP05RCARegistryImmutableEvidenceAppendOnlyAndReplayRevocation (0.00s)
    sp05_finding_test.go:28: connect to disposable PostgreSQL: failed to connect to `user=postgres database=postgres`: 127.0.0.1:15484 (127.0.0.1): dial error: dial tcp 127.0.0.1:15484: connect: connection refused
--- FAIL: TestSP05FindingRejectsMissingEvidenceWithoutPartialCommit (0.00s)
    sp05_finding_test.go:28: connect to disposable PostgreSQL: failed to connect to `user=postgres database=postgres`: 127.0.0.1:15484 (127.0.0.1): dial error: dial tcp 127.0.0.1:15484: connect: connection refused
--- FAIL: TestSP05SuppressionRecoveryAndMergeSplitReviewRegression (0.00s)
    sp05_finding_test.go:28: connect to disposable PostgreSQL: failed to connect to `user=postgres database=postgres`: 127.0.0.1:15484 (127.0.0.1): dial error: dial tcp 127.0.0.1:15484: connect: connection refused
--- FAIL: TestSP05ExactNumericTransportConflictAndFormalWindowBoundaries (0.00s)
    sp05_finding_test.go:28: connect to disposable PostgreSQL: failed to connect to `user=postgres database=postgres`: 127.0.0.1:15484 (127.0.0.1): dial error: dial tcp 127.0.0.1:15484: connect: connection refused
--- FAIL: TestSP05GoldenGraphOnlySourceWithdrawAndFindingRevisionFence (0.00s)
    sp05_finding_test.go:28: connect to disposable PostgreSQL: failed to connect to `user=postgres database=postgres`: 127.0.0.1:15484 (127.0.0.1): dial error: dial tcp 127.0.0.1:15484: connect: connection refused
--- FAIL: TestSP05GraphSourceAuthoritySerializesRevocation (0.00s)
    sp05_finding_test.go:28: connect to disposable PostgreSQL: failed to connect to `user=postgres database=postgres`: 127.0.0.1:15484 (127.0.0.1): dial error: dial tcp 127.0.0.1:15484: connect: connection refused
--- FAIL: TestSP05KubernetesBindingCannotForgeHardwareDomain (0.00s)
    sp05_finding_test.go:28: connect to disposable PostgreSQL: failed to connect to `user=postgres database=postgres`: 127.0.0.1:15484 (127.0.0.1): dial error: dial tcp 127.0.0.1:15484: connect: connection refused
--- FAIL: TestRevokedStepUpCannotBeRecreatedByReplayingSameJWT (0.00s)
    migrations_test.go:393: connect to disposable PostgreSQL: failed to connect to `user=postgres database=postgres`: 127.0.0.1:15484 (127.0.0.1): dial error: dial tcp 127.0.0.1:15484: connect: connection refused
--- FAIL: TestTenantProvisioningAndRoleBindingRevisions (0.00s)
    migrations_test.go:393: connect to disposable PostgreSQL: failed to connect to `user=postgres database=postgres`: 127.0.0.1:15484 (127.0.0.1): dial error: dial tcp 127.0.0.1:15484: connect: connection refused
--- FAIL: TestRealOpenBaoWorkloadPKIIssuanceAndRevocation (0.00s)
    workload_identity_test.go:36: configure workload roles in isolated OpenBao: OPENBAO_UNAVAILABLE: Get "https://localhost:32771/v1/sys/seal-status": dial tcp [::1]:32771: connect: connection refused
FAIL
FAIL	ops-platform/test/integration	160.712s
ok  	ops-platform/test/security	(cached)
?   	ops-platform/test/tools/sp05-analyzer-check	[no test files]
?   	ops-platform/test/tools/sp05-worker-check	[no test files]
FAIL
make: *** [test-unit] Error 1
