python3 scripts/check-generated.py "go" gen web/src/api/generated internal/persistence/dbgen
✓ Lockfile passes supply-chain policies (verified 6d ago)
Lockfile is up to date, resolution step is skipped
Already up to date
Done in 63ms using pnpm v12.7.0
$ orval --config ./orval.config.ts
🍻 orval v8.37.0 - A swagger client generator for typescript
platform - 🎉 Smart Operations Platform API - Your OpenAPI spec has been converted into ready to use orval!
python3 scripts/prepare-runtime-source.py --check
{"modules": 95, "selectedModuleFiles": 2943, "standardLibraryFiles": 1377, "sourceBundleSHA256": "sha256:19b0c348370e339f8cb0c94276c17a88e9aede393269934b561b4938ede207ed"}
go vet ./...
?   	ops-platform/api	[no test files]
?   	ops-platform/artifacts	[no test files]
?   	ops-platform/artifacts/task27-materials/sp010203-bao-operator	[no test files]
?   	ops-platform/artifacts/task27-materials/sp010203-cleanup-operator	[no test files]
?   	ops-platform/artifacts/task27-materials/sp010203-live-runtime-probe	[no test files]
?   	ops-platform/artifacts/task27-materials/sp010203-operator-helper	[no test files]
?   	ops-platform/artifacts/task27-materials/sp010203-role-probe	[no test files]
?   	ops-platform/bundle	[no test files]
?   	ops-platform/cmd/db-migrate	[no test files]
ok  	ops-platform/cmd/opsctl	20.748s
?   	ops-platform/cmd/platform-api	[no test files]
?   	ops-platform/cmd/platform-worker	[no test files]
?   	ops-platform/gen/api	[no test files]
?   	ops-platform/gen/internalgraph	[no test files]
ok  	ops-platform/internal/app	0.800s
ok  	ops-platform/internal/archive	(cached)
ok  	ops-platform/internal/audit	(cached)
ok  	ops-platform/internal/auth	(cached)
ok  	ops-platform/internal/bundle	21.218s
ok  	ops-platform/internal/bundle/drivers	(cached)
ok  	ops-platform/internal/configregistry	1.726s
?   	ops-platform/internal/contract	[no test files]
ok  	ops-platform/internal/crypto	(cached)
?   	ops-platform/internal/datascope	[no test files]
ok  	ops-platform/internal/evidence	2.200s
ok  	ops-platform/internal/finding	2.339s
ok  	ops-platform/internal/graph	380.395s
ok  	ops-platform/internal/httpapi	3.361s
ok  	ops-platform/internal/incident	3.854s
ok  	ops-platform/internal/inspection/hardware	(cached)
ok  	ops-platform/internal/inspection/kubernetes	3.369s
ok  	ops-platform/internal/inspection/npd	3.314s
?   	ops-platform/internal/integrations	[no test files]
ok  	ops-platform/internal/integrations/deepflow	5.815s
ok  	ops-platform/internal/integrations/k8sgpt	5.124s
ok  	ops-platform/internal/integrations/keycloak	(cached)
ok  	ops-platform/internal/integrations/kubernetes	(cached)
ok  	ops-platform/internal/integrations/openbao	(cached)
ok  	ops-platform/internal/integrations/redfish	5.025s
ok  	ops-platform/internal/integrations/s3	(cached)
?   	ops-platform/internal/integrations/victorialogs	[no test files]
?   	ops-platform/internal/integrations/victorialogs/adapter	[no test files]
?   	ops-platform/internal/integrations/victoriametrics	[no test files]
?   	ops-platform/internal/integrations/victoriametrics/adapter	[no test files]
?   	ops-platform/internal/integrations/vmalert	[no test files]
ok  	ops-platform/internal/observability	5.180s
ok  	ops-platform/internal/persistence	(cached)
?   	ops-platform/internal/persistence/dbgen	[no test files]
ok  	ops-platform/internal/policy	5.534s
ok  	ops-platform/internal/profile	7.642s
ok  	ops-platform/internal/rca	3.012s
ok  	ops-platform/internal/resource	(cached)
?   	ops-platform/internal/resourcestore	[no test files]
ok  	ops-platform/internal/source	(cached)
ok  	ops-platform/internal/supplychain	(cached)
?   	ops-platform/internal/tenant	[no test files]
?   	ops-platform/internal/upstream/corootcheck	[no test files]
?   	ops-platform/internal/upstream/keepmodel	[no test files]
?   	ops-platform/internal/upstream/metal3	[no test files]
?   	ops-platform/internal/upstream/ontology/api	[no test files]
?   	ops-platform/internal/upstream/ontology/model	[no test files]
?   	ops-platform/internal/upstream/ontology/service/diagnostic	[no test files]
?   	ops-platform/policies	[no test files]
--- FAIL: TestOpenAPIConventions (0.01s)
    openapi_test.go:163: GET /api/v1/incidents/{incidentId}/rca/revisions must use the unified ErrorEnvelope for default errors
    openapi_test.go:163: POST /api/v1/incidents:merge must use the unified ErrorEnvelope for default errors
    openapi_test.go:163: GET /api/v1/incidents/{incidentId}/evidence must use the unified ErrorEnvelope for default errors
    openapi_test.go:163: POST /api/v2/findings:ingest must use the unified ErrorEnvelope for default errors
    openapi_test.go:163: GET /api/v1/incidents must use the unified ErrorEnvelope for default errors
    openapi_test.go:163: GET /api/v1/findings/{findingId} must use the unified ErrorEnvelope for default errors
    openapi_test.go:163: GET /api/v1/incidents/{incidentId}/timeline must use the unified ErrorEnvelope for default errors
    openapi_test.go:163: GET /api/v1/incidents/{incidentId}/rca/revisions/{revision} must use the unified ErrorEnvelope for default errors
    openapi_test.go:163: GET /api/v1/findings must use the unified ErrorEnvelope for default errors
    openapi_test.go:163: POST /api/v1/findings:ingest must use the unified ErrorEnvelope for default errors
    openapi_test.go:163: GET /api/v1/incidents/{incidentId} must use the unified ErrorEnvelope for default errors
    openapi_test.go:163: POST /api/v1/incidents/{incidentId}:transition must use the unified ErrorEnvelope for default errors
    openapi_test.go:163: GET /api/v1/incidents/{incidentId}/rca must use the unified ErrorEnvelope for default errors
    openapi_test.go:163: POST /api/v1/incidents/{incidentId}:split must use the unified ErrorEnvelope for default errors
FAIL
FAIL	ops-platform/test/contract	41.789s
ok  	ops-platform/test/e2e	1.919s
?   	ops-platform/test/fixtures/sp04/profile-detect	[no test files]
?   	ops-platform/test/fixtures/upstream-inspection	[no test files]
ok  	ops-platform/test/integration	329.997s
ok  	ops-platform/test/security	(cached)
?   	ops-platform/test/tools/sp05-analyzer-check	[no test files]
?   	ops-platform/test/tools/sp05-worker-check	[no test files]
FAIL
make: *** [test-unit] Error 1
