{"Time":"2026-10-03T13:36:20.119411+08:00","Action":"start","Package":"ops-platform/test/contract"}
{"Time":"2026-10-03T13:36:20.407293+08:00","Action":"run","Package":"ops-platform/test/contract","Test":"TestGraphNonVirtualUpstreamReplay"}
{"Time":"2026-10-03T13:36:20.407393+08:00","Action":"output","Package":"ops-platform/test/contract","Test":"TestGraphNonVirtualUpstreamReplay","Output":"=== RUN   TestGraphNonVirtualUpstreamReplay\n","OutputType":"frame"}
{"Time":"2026-10-03T13:36:20.408852+08:00","Action":"output","Package":"ops-platform/test/contract","Test":"TestGraphNonVirtualUpstreamReplay","Output":"    graph_replay_test.go:97: command=go [\"version\"] cwd=/Users/mssc/Documents/Code/ops/platform\n"}
{"Time":"2026-10-03T13:36:20.439519+08:00","Action":"output","Package":"ops-platform/test/contract","Test":"TestGraphNonVirtualUpstreamReplay","Output":"    graph_replay_test.go:97: go version go1.27.1 darwin/arm64\n"}
{"Time":"2026-10-03T13:36:20.439596+08:00","Action":"output","Package":"ops-platform/test/contract","Test":"TestGraphNonVirtualUpstreamReplay","Output":"    graph_replay_test.go:101: command=go [\"env\" \"GOMODCACHE\"] cwd=/Users/mssc/Documents/Code/ops/platform\n"}
{"Time":"2026-10-03T13:36:20.447773+08:00","Action":"output","Package":"ops-platform/test/contract","Test":"TestGraphNonVirtualUpstreamReplay","Output":"    graph_replay_test.go:101: /Users/mssc/go/pkg/mod\n"}
{"Time":"2026-10-03T13:36:20.448032+08:00","Action":"output","Package":"ops-platform/test/contract","Test":"TestGraphNonVirtualUpstreamReplay","Output":"    graph_replay_test.go:114: command=git [\"-C\" \"/var/folders/71/5876xm8s6d37d5873yq80dc80000gn/T/ops-sp05-upstream-mncghf3y/ariadne\" \"archive\" \"--format=tar\" \"--output=/var/folders/71/5876xm8s6d37d5873yq80dc80000gn/T/TestGraphNonVirtualUpstreamReplay984523962/001/ariadne.tar\" \"fa2232ce45c4c869e47ddae1c57e8886830cfb6c\"] cwd=/Users/mssc/Documents/Code/ops/platform\n"}
{"Time":"2026-10-03T13:36:20.562667+08:00","Action":"output","Package":"ops-platform/test/contract","Test":"TestGraphNonVirtualUpstreamReplay","Output":"    graph_replay_test.go:122: command=tar [\"-xf\" \"/var/folders/71/5876xm8s6d37d5873yq80dc80000gn/T/TestGraphNonVirtualUpstreamReplay984523962/001/ariadne.tar\" \"-C\" \"/var/folders/71/5876xm8s6d37d5873yq80dc80000gn/T/TestGraphNonVirtualUpstreamReplay984523962/001/ariadne\"] cwd=/Users/mssc/Documents/Code/ops/platform\n"}
{"Time":"2026-10-03T13:36:20.64477+08:00","Action":"output","Package":"ops-platform/test/contract","Test":"TestGraphNonVirtualUpstreamReplay","Output":"    graph_replay_test.go:114: command=git [\"-C\" \"/var/folders/71/5876xm8s6d37d5873yq80dc80000gn/T/ops-sp05-upstream-mncghf3y/kubernetes-ontology\" \"archive\" \"--format=tar\" \"--output=/var/folders/71/5876xm8s6d37d5873yq80dc80000gn/T/TestGraphNonVirtualUpstreamReplay984523962/001/ontology.tar\" \"346236312685a2e2e824c46b9ecdb3e8e8a10c76\"] cwd=/Users/mssc/Documents/Code/ops/platform\n"}
{"Time":"2026-10-03T13:36:20.819672+08:00","Action":"output","Package":"ops-platform/test/contract","Test":"TestGraphNonVirtualUpstreamReplay","Output":"    graph_replay_test.go:122: command=tar [\"-xf\" \"/var/folders/71/5876xm8s6d37d5873yq80dc80000gn/T/TestGraphNonVirtualUpstreamReplay984523962/001/ontology.tar\" \"-C\" \"/var/folders/71/5876xm8s6d37d5873yq80dc80000gn/T/TestGraphNonVirtualUpstreamReplay984523962/001/ontology\"] cwd=/Users/mssc/Documents/Code/ops/platform\n"}
{"Time":"2026-10-03T13:36:20.926772+08:00","Action":"output","Package":"ops-platform/test/contract","Test":"TestGraphNonVirtualUpstreamReplay","Output":"    graph_replay_test.go:129: command=git [\"apply\" \"--unidiff-zero\" \"/Users/mssc/Documents/Code/ops/platform/test/fixtures/upstream-graph/ontology-ariadne-reader.patch\"] cwd=/var/folders/71/5876xm8s6d37d5873yq80dc80000gn/T/TestGraphNonVirtualUpstreamReplay984523962/001/ontology\n"}
{"Time":"2026-10-03T13:36:20.942783+08:00","Action":"output","Package":"ops-platform/test/contract","Test":"TestGraphNonVirtualUpstreamReplay","Output":"    graph_replay_test.go:146: command=go [\"test\" \"-c\" \"-o\" \"/var/folders/71/5876xm8s6d37d5873yq80dc80000gn/T/TestGraphNonVirtualUpstreamReplay984523962/001/graph.test\"] cwd=/var/folders/71/5876xm8s6d37d5873yq80dc80000gn/T/TestGraphNonVirtualUpstreamReplay984523962/001/graph\n"}
{"Time":"2026-10-03T13:36:22.306833+08:00","Action":"output","Package":"ops-platform/test/contract","Test":"TestGraphNonVirtualUpstreamReplay","Output":"    graph_replay_test.go:155: command=docker [\"--context\" \"orbstack\" \"run\" \"--rm\" \"--network\" \"none\" \"--pull=never\" \"--read-only\" \"--cap-drop=ALL\" \"--security-opt=no-new-privileges\" \"--tmpfs\" \"/tmp:rw,exec,mode=1777\" \"--mount\" \"type=bind,src=/var/folders/71/5876xm8s6d37d5873yq80dc80000gn/T/TestGraphNonVirtualUpstreamReplay984523962/001,dst=/replay,readonly\" \"--mount\" \"type=bind,src=/Users/mssc/go/pkg/mod,dst=/go/pkg/mod,readonly\" \"-e\" \"GOPROXY=off\" \"-e\" \"GOSUMDB=off\" \"-e\" \"GOCACHE=/tmp/go-build\" \"-w\" \"/replay/graph/run\" \"golang:1.27.1-alpine@sha256:8a5910f31396cd4d89662f56c68b3ae31d374308270a1c3bd96672ee5ed43414\" \"/replay/graph.test\" \"-test.run=^TestAriadneNonVirtualGolden20K$\" \"-test.v\" \"-test.count=1\"] cwd=/Users/mssc/Documents/Code/ops/platform\n"}
{"Time":"2026-10-03T13:36:22.546525+08:00","Action":"output","Package":"ops-platform/test/contract","Test":"TestGraphNonVirtualUpstreamReplay","Output":"    graph_replay_test.go:155: docker: Error response from daemon: No such image: golang:1.27.1-alpine@sha256:8a5910f31396cd4d89662f56c68b3ae31d374308270a1c3bd96672ee5ed43414\n"}
{"Time":"2026-10-03T13:36:22.546613+08:00","Action":"output","Package":"ops-platform/test/contract","Test":"TestGraphNonVirtualUpstreamReplay","Output":"        \n"}
{"Time":"2026-10-03T13:36:22.546632+08:00","Action":"output","Package":"ops-platform/test/contract","Test":"TestGraphNonVirtualUpstreamReplay","Output":"        Run 'docker run --help' for more information\n"}
{"Time":"2026-10-03T13:36:22.546642+08:00","Action":"output","Package":"ops-platform/test/contract","Test":"TestGraphNonVirtualUpstreamReplay","Output":"    graph_replay_test.go:155: docker: exit status 125\n","OutputType":"error"}
{"Time":"2026-10-03T13:36:22.589214+08:00","Action":"output","Package":"ops-platform/test/contract","Test":"TestGraphNonVirtualUpstreamReplay","Output":"--- FAIL: TestGraphNonVirtualUpstreamReplay (2.18s)\n","OutputType":"frame"}
{"Time":"2026-10-03T13:36:22.589273+08:00","Action":"fail","Package":"ops-platform/test/contract","Test":"TestGraphNonVirtualUpstreamReplay","Elapsed":2.18}
{"Time":"2026-10-03T13:36:22.589324+08:00","Action":"run","Package":"ops-platform/test/contract","Test":"TestInspectionNonVirtualUpstreamReplay"}
{"Time":"2026-10-03T13:36:22.589333+08:00","Action":"output","Package":"ops-platform/test/contract","Test":"TestInspectionNonVirtualUpstreamReplay","Output":"=== RUN   TestInspectionNonVirtualUpstreamReplay\n","OutputType":"frame"}
{"Time":"2026-10-03T13:36:22.989481+08:00","Action":"output","Package":"ops-platform/test/contract","Test":"TestInspectionNonVirtualUpstreamReplay","Output":"    inspection_replay_test.go:76: command=/Users/mssc/.local/share/mise/installs/python/3.12.14/bin/python3 [\"/Users/mssc/Documents/Code/ops/platform/test/fixtures/upstream-inspection/replay-nonvirtual.py\" \"--sources\" \"/var/folders/71/5876xm8s6d37d5873yq80dc80000gn/T/ops-sp05-upstream-mncghf3y\" \"--keep-wheels\" \"/tmp/ops-sp02-keep/wheelhouse\" \"--output\" \"/var/folders/71/5876xm8s6d37d5873yq80dc80000gn/T/TestInspectionNonVirtualUpstreamReplay2974552852/001\"]\n"}
{"Time":"2026-10-03T13:36:22.989522+08:00","Action":"output","Package":"ops-platform/test/contract","Test":"TestInspectionNonVirtualUpstreamReplay","Output":"        Traceback (most recent call last):\n"}
{"Time":"2026-10-03T13:36:22.989536+08:00","Action":"output","Package":"ops-platform/test/contract","Test":"TestInspectionNonVirtualUpstreamReplay","Output":"          File \"/Users/mssc/Documents/Code/ops/platform/test/fixtures/upstream-inspection/replay-nonvirtual.py\", line 227, in \u003cmodule\u003e\n"}
{"Time":"2026-10-03T13:36:22.989549+08:00","Action":"output","Package":"ops-platform/test/contract","Test":"TestInspectionNonVirtualUpstreamReplay","Output":"            main()\n"}
{"Time":"2026-10-03T13:36:22.989605+08:00","Action":"output","Package":"ops-platform/test/contract","Test":"TestInspectionNonVirtualUpstreamReplay","Output":"          File \"/Users/mssc/Documents/Code/ops/platform/test/fixtures/upstream-inspection/replay-nonvirtual.py\", line 145, in main\n"}
{"Time":"2026-10-03T13:36:22.98961+08:00","Action":"output","Package":"ops-platform/test/contract","Test":"TestInspectionNonVirtualUpstreamReplay","Output":"            docker(images[\"golang\"], [\"sh\", \"-c\", \"go version \u0026\u0026 go list -mod=readonly -deps -json . \u003e /output/cli-deps.json\"])\n"}
{"Time":"2026-10-03T13:36:22.989615+08:00","Action":"output","Package":"ops-platform/test/contract","Test":"TestInspectionNonVirtualUpstreamReplay","Output":"          File \"/Users/mssc/Documents/Code/ops/platform/test/fixtures/upstream-inspection/replay-nonvirtual.py\", line 128, in docker\n"}
{"Time":"2026-10-03T13:36:22.989618+08:00","Action":"output","Package":"ops-platform/test/contract","Test":"TestInspectionNonVirtualUpstreamReplay","Output":"            command([\n"}
{"Time":"2026-10-03T13:36:22.989621+08:00","Action":"output","Package":"ops-platform/test/contract","Test":"TestInspectionNonVirtualUpstreamReplay","Output":"          File \"/Users/mssc/Documents/Code/ops/platform/test/fixtures/upstream-inspection/replay-nonvirtual.py\", line 46, in command\n"}
{"Time":"2026-10-03T13:36:22.989625+08:00","Action":"output","Package":"ops-platform/test/contract","Test":"TestInspectionNonVirtualUpstreamReplay","Output":"            raise RuntimeError(f\"command failed with exit {result.returncode}; see {log.name}\")\n"}
{"Time":"2026-10-03T13:36:22.989629+08:00","Action":"output","Package":"ops-platform/test/contract","Test":"TestInspectionNonVirtualUpstreamReplay","Output":"        RuntimeError: command failed with exit 125; see /var/folders/71/5876xm8s6d37d5873yq80dc80000gn/T/TestInspectionNonVirtualUpstreamReplay2974552852/001/k8sgpt-analyzer.log\n"}
{"Time":"2026-10-03T13:36:22.989633+08:00","Action":"output","Package":"ops-platform/test/contract","Test":"TestInspectionNonVirtualUpstreamReplay","Output":"    inspection_replay_test.go:78: nonvirtual upstream replay: exit status 1\n","OutputType":"error"}
{"Time":"2026-10-03T13:36:22.990002+08:00","Action":"output","Package":"ops-platform/test/contract","Test":"TestInspectionNonVirtualUpstreamReplay","Output":"--- FAIL: TestInspectionNonVirtualUpstreamReplay (0.40s)\n","OutputType":"frame"}
{"Time":"2026-10-03T13:36:22.990013+08:00","Action":"fail","Package":"ops-platform/test/contract","Test":"TestInspectionNonVirtualUpstreamReplay","Elapsed":0.4}
{"Time":"2026-10-03T13:36:22.990021+08:00","Action":"output","Package":"ops-platform/test/contract","Output":"FAIL\n","OutputType":"frame"}
{"Time":"2026-10-03T13:36:22.991502+08:00","Action":"output","Package":"ops-platform/test/contract","Output":"FAIL\tops-platform/test/contract\t2.872s\n","OutputType":"frame"}
{"Time":"2026-10-03T13:36:22.991531+08:00","Action":"fail","Package":"ops-platform/test/contract","Elapsed":2.872}
make: *** [test-replay] Error 1
