{"Time":"2026-10-03T13:50:52.625623+08:00","Action":"start","Package":"ops-platform/test/contract"}
{"Time":"2026-10-03T13:50:53.266055+08:00","Action":"run","Package":"ops-platform/test/contract","Test":"TestGraphNonVirtualUpstreamReplay"}
{"Time":"2026-10-03T13:50:53.266261+08:00","Action":"output","Package":"ops-platform/test/contract","Test":"TestGraphNonVirtualUpstreamReplay","Output":"=== RUN   TestGraphNonVirtualUpstreamReplay\n","OutputType":"frame"}
{"Time":"2026-10-03T13:50:53.267955+08:00","Action":"output","Package":"ops-platform/test/contract","Test":"TestGraphNonVirtualUpstreamReplay","Output":"    graph_replay_test.go:97: command=go [\"version\"] cwd=/Users/mssc/Documents/Code/ops/platform\n"}
{"Time":"2026-10-03T13:50:53.275601+08:00","Action":"output","Package":"ops-platform/test/contract","Test":"TestGraphNonVirtualUpstreamReplay","Output":"    graph_replay_test.go:97: go version go1.27.1 darwin/arm64\n"}
{"Time":"2026-10-03T13:50:53.275647+08:00","Action":"output","Package":"ops-platform/test/contract","Test":"TestGraphNonVirtualUpstreamReplay","Output":"    graph_replay_test.go:101: command=go [\"env\" \"GOMODCACHE\"] cwd=/Users/mssc/Documents/Code/ops/platform\n"}
{"Time":"2026-10-03T13:50:53.283517+08:00","Action":"output","Package":"ops-platform/test/contract","Test":"TestGraphNonVirtualUpstreamReplay","Output":"    graph_replay_test.go:101: /Users/mssc/go/pkg/mod\n"}
{"Time":"2026-10-03T13:50:53.283975+08:00","Action":"output","Package":"ops-platform/test/contract","Test":"TestGraphNonVirtualUpstreamReplay","Output":"    graph_replay_test.go:114: command=git [\"-C\" \"/var/folders/71/5876xm8s6d37d5873yq80dc80000gn/T/ops-sp05-upstream-mncghf3y/ariadne\" \"archive\" \"--format=tar\" \"--output=/var/folders/71/5876xm8s6d37d5873yq80dc80000gn/T/TestGraphNonVirtualUpstreamReplay4153275954/001/ariadne.tar\" \"fa2232ce45c4c869e47ddae1c57e8886830cfb6c\"] cwd=/Users/mssc/Documents/Code/ops/platform\n"}
{"Time":"2026-10-03T13:50:53.354547+08:00","Action":"output","Package":"ops-platform/test/contract","Test":"TestGraphNonVirtualUpstreamReplay","Output":"    graph_replay_test.go:122: command=tar [\"-xf\" \"/var/folders/71/5876xm8s6d37d5873yq80dc80000gn/T/TestGraphNonVirtualUpstreamReplay4153275954/001/ariadne.tar\" \"-C\" \"/var/folders/71/5876xm8s6d37d5873yq80dc80000gn/T/TestGraphNonVirtualUpstreamReplay4153275954/001/ariadne\"] cwd=/Users/mssc/Documents/Code/ops/platform\n"}
{"Time":"2026-10-03T13:50:53.385746+08:00","Action":"output","Package":"ops-platform/test/contract","Test":"TestGraphNonVirtualUpstreamReplay","Output":"    graph_replay_test.go:114: command=git [\"-C\" \"/var/folders/71/5876xm8s6d37d5873yq80dc80000gn/T/ops-sp05-upstream-mncghf3y/kubernetes-ontology\" \"archive\" \"--format=tar\" \"--output=/var/folders/71/5876xm8s6d37d5873yq80dc80000gn/T/TestGraphNonVirtualUpstreamReplay4153275954/001/ontology.tar\" \"346236312685a2e2e824c46b9ecdb3e8e8a10c76\"] cwd=/Users/mssc/Documents/Code/ops/platform\n"}
{"Time":"2026-10-03T13:50:53.456503+08:00","Action":"output","Package":"ops-platform/test/contract","Test":"TestGraphNonVirtualUpstreamReplay","Output":"    graph_replay_test.go:122: command=tar [\"-xf\" \"/var/folders/71/5876xm8s6d37d5873yq80dc80000gn/T/TestGraphNonVirtualUpstreamReplay4153275954/001/ontology.tar\" \"-C\" \"/var/folders/71/5876xm8s6d37d5873yq80dc80000gn/T/TestGraphNonVirtualUpstreamReplay4153275954/001/ontology\"] cwd=/Users/mssc/Documents/Code/ops/platform\n"}
{"Time":"2026-10-03T13:50:53.550101+08:00","Action":"output","Package":"ops-platform/test/contract","Test":"TestGraphNonVirtualUpstreamReplay","Output":"    graph_replay_test.go:129: command=git [\"apply\" \"--unidiff-zero\" \"/Users/mssc/Documents/Code/ops/platform/test/fixtures/upstream-graph/ontology-ariadne-reader.patch\"] cwd=/var/folders/71/5876xm8s6d37d5873yq80dc80000gn/T/TestGraphNonVirtualUpstreamReplay4153275954/001/ontology\n"}
{"Time":"2026-10-03T13:50:53.592809+08:00","Action":"output","Package":"ops-platform/test/contract","Test":"TestGraphNonVirtualUpstreamReplay","Output":"    graph_replay_test.go:146: command=go [\"test\" \"-c\" \"-o\" \"/var/folders/71/5876xm8s6d37d5873yq80dc80000gn/T/TestGraphNonVirtualUpstreamReplay4153275954/001/graph.test\"] cwd=/var/folders/71/5876xm8s6d37d5873yq80dc80000gn/T/TestGraphNonVirtualUpstreamReplay4153275954/001/graph\n"}
{"Time":"2026-10-03T13:50:54.787364+08:00","Action":"output","Package":"ops-platform/test/contract","Test":"TestGraphNonVirtualUpstreamReplay","Output":"    graph_replay_test.go:155: command=docker [\"--context\" \"orbstack\" \"run\" \"--rm\" \"--network\" \"none\" \"--pull=never\" \"--read-only\" \"--cap-drop=ALL\" \"--security-opt=no-new-privileges\" \"--tmpfs\" \"/tmp:rw,exec,mode=1777\" \"--mount\" \"type=bind,src=/var/folders/71/5876xm8s6d37d5873yq80dc80000gn/T/TestGraphNonVirtualUpstreamReplay4153275954/001,dst=/replay,readonly\" \"--mount\" \"type=bind,src=/Users/mssc/go/pkg/mod,dst=/go/pkg/mod,readonly\" \"-e\" \"GOPROXY=off\" \"-e\" \"GOSUMDB=off\" \"-e\" \"GOCACHE=/tmp/go-build\" \"-w\" \"/replay/graph/run\" \"golang:1.27.1-alpine@sha256:8a5910f31396cd4d89662f56c68b3ae31d374308270a1c3bd96672ee5ed43414\" \"/replay/graph.test\" \"-test.run=^TestAriadneNonVirtualGolden20K$\" \"-test.v\" \"-test.count=1\"] cwd=/Users/mssc/Documents/Code/ops/platform\n"}
{"Time":"2026-10-03T13:51:20.895651+08:00","Action":"output","Package":"ops-platform/test/contract","Test":"TestGraphNonVirtualUpstreamReplay","Output":"    graph_replay_test.go:155: === RUN   TestAriadneNonVirtualGolden20K\n"}
{"Time":"2026-10-03T13:51:20.896248+08:00","Action":"output","Package":"ops-platform/test/contract","Test":"TestGraphNonVirtualUpstreamReplay","Output":"            graph_test.go:35: build_objects=29.600359ms\n"}
{"Time":"2026-10-03T13:51:20.896262+08:00","Action":"output","Package":"ops-platform/test/contract","Test":"TestGraphNonVirtualUpstreamReplay","Output":"            graph_test.go:52: graph_load=25.432720485s\n"}
{"Time":"2026-10-03T13:51:20.896266+08:00","Action":"output","Package":"ops-platform/test/contract","Test":"TestGraphNonVirtualUpstreamReplay","Output":"        --- PASS: TestAriadneNonVirtualGolden20K (25.52s)\n"}
{"Time":"2026-10-03T13:51:20.896269+08:00","Action":"output","Package":"ops-platform/test/contract","Test":"TestGraphNonVirtualUpstreamReplay","Output":"        PASS\n"}
{"Time":"2026-10-03T13:51:20.896278+08:00","Action":"output","Package":"ops-platform/test/contract","Test":"TestGraphNonVirtualUpstreamReplay","Output":"    graph_replay_test.go:157: command=docker [\"--context\" \"orbstack\" \"run\" \"--rm\" \"--network\" \"none\" \"--pull=never\" \"--read-only\" \"--cap-drop=ALL\" \"--security-opt=no-new-privileges\" \"--tmpfs\" \"/tmp:rw,exec,mode=1777\" \"--mount\" \"type=bind,src=/var/folders/71/5876xm8s6d37d5873yq80dc80000gn/T/TestGraphNonVirtualUpstreamReplay4153275954/001,dst=/replay,readonly\" \"--mount\" \"type=bind,src=/Users/mssc/go/pkg/mod,dst=/go/pkg/mod,readonly\" \"-e\" \"GOPROXY=off\" \"-e\" \"GOSUMDB=off\" \"-e\" \"GOCACHE=/tmp/go-build\" \"-w\" \"/replay/ontology\" \"golang:1.27.1-alpine@sha256:8a5910f31396cd4d89662f56c68b3ae31d374308270a1c3bd96672ee5ed43414\" \"go\" \"test\" \"-mod=readonly\" \"-p\" \"1\" \"-count=1\" \"-v\" \"./internal/graph\" \"./internal/service/diagnostic\"] cwd=/Users/mssc/Documents/Code/ops/platform\n"}
{"Time":"2026-10-03T13:52:19.984681+08:00","Action":"output","Package":"ops-platform/test/contract","Test":"TestGraphNonVirtualUpstreamReplay","Output":"    graph_replay_test.go:157: === RUN   TestBuilderBuild\n"}
{"Time":"2026-10-03T13:52:19.98506+08:00","Action":"output","Package":"ops-platform/test/contract","Test":"TestGraphNonVirtualUpstreamReplay","Output":"        --- PASS: TestBuilderBuild (0.00s)\n"}
{"Time":"2026-10-03T13:52:19.985083+08:00","Action":"output","Package":"ops-platform/test/contract","Test":"TestGraphNonVirtualUpstreamReplay","Output":"        === RUN   TestBuilderBuildsRoutingPolicyAutoscalingAndAttachmentTopology\n"}
{"Time":"2026-10-03T13:52:19.985088+08:00","Action":"output","Package":"ops-platform/test/contract","Test":"TestGraphNonVirtualUpstreamReplay","Output":"        --- PASS: TestBuilderBuildsRoutingPolicyAutoscalingAndAttachmentTopology (0.00s)\n"}
{"Time":"2026-10-03T13:52:19.985102+08:00","Action":"output","Package":"ops-platform/test/contract","Test":"TestGraphNonVirtualUpstreamReplay","Output":"        === RUN   TestBuilderAddsRuntimeEvidenceFieldsAndEventNameFallback\n"}
{"Time":"2026-10-03T13:52:19.985105+08:00","Action":"output","Package":"ops-platform/test/contract","Test":"TestGraphNonVirtualUpstreamReplay","Output":"        --- PASS: TestBuilderAddsRuntimeEvidenceFieldsAndEventNameFallback (0.00s)\n"}
{"Time":"2026-10-03T13:52:19.985108+08:00","Action":"output","Package":"ops-platform/test/contract","Test":"TestGraphNonVirtualUpstreamReplay","Output":"        === RUN   TestBuilderBuildsConfiguredWorkloadOwnerChain\n"}
{"Time":"2026-10-03T13:52:19.985113+08:00","Action":"output","Package":"ops-platform/test/contract","Test":"TestGraphNonVirtualUpstreamReplay","Output":"        --- PASS: TestBuilderBuildsConfiguredWorkloadOwnerChain (0.00s)\n"}
{"Time":"2026-10-03T13:52:19.985116+08:00","Action":"output","Package":"ops-platform/test/contract","Test":"TestGraphNonVirtualUpstreamReplay","Output":"        === RUN   TestBuilderBuildsConfiguredControllerRuleEdges\n"}
{"Time":"2026-10-03T13:52:19.985119+08:00","Action":"output","Package":"ops-platform/test/contract","Test":"TestGraphNonVirtualUpstreamReplay","Output":"        --- PASS: TestBuilderBuildsConfiguredControllerRuleEdges (0.00s)\n"}
{"Time":"2026-10-03T13:52:19.985122+08:00","Action":"output","Package":"ops-platform/test/contract","Test":"TestGraphNonVirtualUpstreamReplay","Output":"        === RUN   TestBuilderBuildsRBACTopology\n"}
{"Time":"2026-10-03T13:52:19.985124+08:00","Action":"output","Package":"ops-platform/test/contract","Test":"TestGraphNonVirtualUpstreamReplay","Output":"        --- PASS: TestBuilderBuildsRBACTopology (0.00s)\n"}
{"Time":"2026-10-03T13:52:19.985127+08:00","Action":"output","Package":"ops-platform/test/contract","Test":"TestGraphNonVirtualUpstreamReplay","Output":"        === RUN   TestBuilderInfersHelmReleaseAndChartFromLabels\n"}
{"Time":"2026-10-03T13:52:19.985129+08:00","Action":"output","Package":"ops-platform/test/contract","Test":"TestGraphNonVirtualUpstreamReplay","Output":"        --- PASS: TestBuilderInfersHelmReleaseAndChartFromLabels (0.00s)\n"}
{"Time":"2026-10-03T13:52:19.985131+08:00","Action":"output","Package":"ops-platform/test/contract","Test":"TestGraphNonVirtualUpstreamReplay","Output":"        === RUN   TestKernelNeighborsUsesIndexedEdgeLookup\n"}
{"Time":"2026-10-03T13:52:19.985134+08:00","Action":"output","Package":"ops-platform/test/contract","Test":"TestGraphNonVirtualUpstreamReplay","Output":"        --- PASS: TestKernelNeighborsUsesIndexedEdgeLookup (0.00s)\n"}
{"Time":"2026-10-03T13:52:19.985136+08:00","Action":"output","Package":"ops-platform/test/contract","Test":"TestGraphNonVirtualUpstreamReplay","Output":"        === RUN   TestPodFixtureContract\n"}
{"Time":"2026-10-03T13:52:19.985138+08:00","Action":"output","Package":"ops-platform/test/contract","Test":"TestGraphNonVirtualUpstreamReplay","Output":"        --- PASS: TestPodFixtureContract (0.00s)\n"}
{"Time":"2026-10-03T13:52:19.98514+08:00","Action":"output","Package":"ops-platform/test/contract","Test":"TestGraphNonVirtualUpstreamReplay","Output":"        === RUN   TestBuilderBuildPVCToPV\n"}
{"Time":"2026-10-03T13:52:19.985143+08:00","Action":"output","Package":"ops-platform/test/contract","Test":"TestGraphNonVirtualUpstreamReplay","Output":"        --- PASS: TestBuilderBuildPVCToPV (0.00s)\n"}
{"Time":"2026-10-03T13:52:19.985145+08:00","Action":"output","Package":"ops-platform/test/contract","Test":"TestGraphNonVirtualUpstreamReplay","Output":"        === RUN   TestBuilderBuildsPVCStorageTopology\n"}
{"Time":"2026-10-03T13:52:19.985148+08:00","Action":"output","Package":"ops-platform/test/contract","Test":"TestGraphNonVirtualUpstreamReplay","Output":"        --- PASS: TestBuilderBuildsPVCStorageTopology (0.00s)\n"}
{"Time":"2026-10-03T13:52:19.98515+08:00","Action":"output","Package":"ops-platform/test/contract","Test":"TestGraphNonVirtualUpstreamReplay","Output":"        === RUN   TestBuilderDoesNotSynthesizeCSIDriverForNonCSIProvisioner\n"}
{"Time":"2026-10-03T13:52:19.985156+08:00","Action":"output","Package":"ops-platform/test/contract","Test":"TestGraphNonVirtualUpstreamReplay","Output":"        --- PASS: TestBuilderDoesNotSynthesizeCSIDriverForNonCSIProvisioner (0.00s)\n"}
{"Time":"2026-10-03T13:52:19.985166+08:00","Action":"output","Package":"ops-platform/test/contract","Test":"TestGraphNonVirtualUpstreamReplay","Output":"        === RUN   TestBuilderUsesConfiguredCSIComponentRule\n"}
{"Time":"2026-10-03T13:52:19.985169+08:00","Action":"output","Package":"ops-platform/test/contract","Test":"TestGraphNonVirtualUpstreamReplay","Output":"        --- PASS: TestBuilderUsesConfiguredCSIComponentRule (0.00s)\n"}
{"Time":"2026-10-03T13:52:19.985172+08:00","Action":"output","Package":"ops-platform/test/contract","Test":"TestGraphNonVirtualUpstreamReplay","Output":"        === RUN   TestBuilderScopesPVCSINodeAgentToConsumingPodNode\n"}
{"Time":"2026-10-03T13:52:19.985176+08:00","Action":"output","Package":"ops-platform/test/contract","Test":"TestGraphNonVirtualUpstreamReplay","Output":"        --- PASS: TestBuilderScopesPVCSINodeAgentToConsumingPodNode (0.00s)\n"}
{"Time":"2026-10-03T13:52:19.985179+08:00","Action":"output","Package":"ops-platform/test/contract","Test":"TestGraphNonVirtualUpstreamReplay","Output":"        PASS\n"}
{"Time":"2026-10-03T13:52:19.985182+08:00","Action":"output","Package":"ops-platform/test/contract","Test":"TestGraphNonVirtualUpstreamReplay","Output":"        ok  \tgithub.com/Colvin-Y/kubernetes-ontology/internal/graph\t0.006s\n"}
{"Time":"2026-10-03T13:52:19.985187+08:00","Action":"output","Package":"ops-platform/test/contract","Test":"TestGraphNonVirtualUpstreamReplay","Output":"        === RUN   TestAriadneBacksOntologyDiagnosticServiceWithoutSecondIndex\n"}
{"Time":"2026-10-03T13:52:19.985192+08:00","Action":"output","Package":"ops-platform/test/contract","Test":"TestGraphNonVirtualUpstreamReplay","Output":"        --- PASS: TestAriadneBacksOntologyDiagnosticServiceWithoutSecondIndex (0.00s)\n"}
{"Time":"2026-10-03T13:52:19.985197+08:00","Action":"output","Package":"ops-platform/test/contract","Test":"TestGraphNonVirtualUpstreamReplay","Output":"        === RUN   TestGetDiagnosticSubgraphRespectsMaxDepth\n"}
{"Time":"2026-10-03T13:52:19.985199+08:00","Action":"output","Package":"ops-platform/test/contract","Test":"TestGraphNonVirtualUpstreamReplay","Output":"        --- PASS: TestGetDiagnosticSubgraphRespectsMaxDepth (0.00s)\n"}
{"Time":"2026-10-03T13:52:19.985202+08:00","Action":"output","Package":"ops-platform/test/contract","Test":"TestGraphNonVirtualUpstreamReplay","Output":"        === RUN   TestGetDiagnosticSubgraph\n"}
{"Time":"2026-10-03T13:52:19.985204+08:00","Action":"output","Package":"ops-platform/test/contract","Test":"TestGraphNonVirtualUpstreamReplay","Output":"        --- PASS: TestGetDiagnosticSubgraph (0.00s)\n"}
{"Time":"2026-10-03T13:52:19.985208+08:00","Action":"output","Package":"ops-platform/test/contract","Test":"TestGraphNonVirtualUpstreamReplay","Output":"        === RUN   TestGetDiagnosticSubgraphByPodFindsCanonicalEntry\n"}
{"Time":"2026-10-03T13:52:19.98521+08:00","Action":"output","Package":"ops-platform/test/contract","Test":"TestGraphNonVirtualUpstreamReplay","Output":"        --- PASS: TestGetDiagnosticSubgraphByPodFindsCanonicalEntry (0.00s)\n"}
{"Time":"2026-10-03T13:52:19.985213+08:00","Action":"output","Package":"ops-platform/test/contract","Test":"TestGraphNonVirtualUpstreamReplay","Output":"        === RUN   TestGetDiagnosticSubgraphTraversesStorageClassAndCSIDriver\n"}
{"Time":"2026-10-03T13:52:19.985215+08:00","Action":"output","Package":"ops-platform/test/contract","Test":"TestGraphNonVirtualUpstreamReplay","Output":"        --- PASS: TestGetDiagnosticSubgraphTraversesStorageClassAndCSIDriver (0.00s)\n"}
{"Time":"2026-10-03T13:52:19.98522+08:00","Action":"output","Package":"ops-platform/test/contract","Test":"TestGraphNonVirtualUpstreamReplay","Output":"        === RUN   TestGetDiagnosticSubgraphScopesCSINodeAgentsForPodStoragePath\n"}
{"Time":"2026-10-03T13:52:19.985228+08:00","Action":"output","Package":"ops-platform/test/contract","Test":"TestGraphNonVirtualUpstreamReplay","Output":"        --- PASS: TestGetDiagnosticSubgraphScopesCSINodeAgentsForPodStoragePath (0.00s)\n"}
{"Time":"2026-10-03T13:52:19.98523+08:00","Action":"output","Package":"ops-platform/test/contract","Test":"TestGraphNonVirtualUpstreamReplay","Output":"        === RUN   TestGetDiagnosticSubgraphReturnsPartialWhenNodeBudgetExceeded\n"}
{"Time":"2026-10-03T13:52:19.985243+08:00","Action":"output","Package":"ops-platform/test/contract","Test":"TestGraphNonVirtualUpstreamReplay","Output":"        --- PASS: TestGetDiagnosticSubgraphReturnsPartialWhenNodeBudgetExceeded (0.00s)\n"}
{"Time":"2026-10-03T13:52:19.985246+08:00","Action":"output","Package":"ops-platform/test/contract","Test":"TestGraphNonVirtualUpstreamReplay","Output":"        === RUN   TestGetDiagnosticSubgraphReturnsPartialWhenEdgeBudgetExceeded\n"}
{"Time":"2026-10-03T13:52:19.98525+08:00","Action":"output","Package":"ops-platform/test/contract","Test":"TestGraphNonVirtualUpstreamReplay","Output":"        --- PASS: TestGetDiagnosticSubgraphReturnsPartialWhenEdgeBudgetExceeded (0.00s)\n"}
{"Time":"2026-10-03T13:52:19.985252+08:00","Action":"output","Package":"ops-platform/test/contract","Test":"TestGraphNonVirtualUpstreamReplay","Output":"        === RUN   TestGetDiagnosticSubgraphRanksEventEvidence\n"}
{"Time":"2026-10-03T13:52:19.985254+08:00","Action":"output","Package":"ops-platform/test/contract","Test":"TestGraphNonVirtualUpstreamReplay","Output":"        --- PASS: TestGetDiagnosticSubgraphRanksEventEvidence (0.00s)\n"}
{"Time":"2026-10-03T13:52:19.985257+08:00","Action":"output","Package":"ops-platform/test/contract","Test":"TestGraphNonVirtualUpstreamReplay","Output":"        === RUN   TestGetDiagnosticSubgraphForHelmReleaseIncludesOwnedResourcesAndChart\n"}
{"Time":"2026-10-03T13:52:19.985259+08:00","Action":"output","Package":"ops-platform/test/contract","Test":"TestGraphNonVirtualUpstreamReplay","Output":"        --- PASS: TestGetDiagnosticSubgraphForHelmReleaseIncludesOwnedResourcesAndChart (0.00s)\n"}
{"Time":"2026-10-03T13:52:19.985261+08:00","Action":"output","Package":"ops-platform/test/contract","Test":"TestGraphNonVirtualUpstreamReplay","Output":"        === RUN   TestGetDiagnosticSubgraphReportsHelmOwnershipConflicts\n"}
{"Time":"2026-10-03T13:52:19.985265+08:00","Action":"output","Package":"ops-platform/test/contract","Test":"TestGraphNonVirtualUpstreamReplay","Output":"        --- PASS: TestGetDiagnosticSubgraphReportsHelmOwnershipConflicts (0.00s)\n"}
{"Time":"2026-10-03T13:52:19.985267+08:00","Action":"output","Package":"ops-platform/test/contract","Test":"TestGraphNonVirtualUpstreamReplay","Output":"        === RUN   TestDefaultExpansionStopsAtTerminalSharedNodes\n"}
{"Time":"2026-10-03T13:52:19.985269+08:00","Action":"output","Package":"ops-platform/test/contract","Test":"TestGraphNonVirtualUpstreamReplay","Output":"        --- PASS: TestDefaultExpansionStopsAtTerminalSharedNodes (0.00s)\n"}
{"Time":"2026-10-03T13:52:19.985272+08:00","Action":"output","Package":"ops-platform/test/contract","Test":"TestGraphNonVirtualUpstreamReplay","Output":"        === RUN   TestExpansionCanTraverseTerminalNodes\n"}
{"Time":"2026-10-03T13:52:19.985274+08:00","Action":"output","Package":"ops-platform/test/contract","Test":"TestGraphNonVirtualUpstreamReplay","Output":"        --- PASS: TestExpansionCanTraverseTerminalNodes (0.00s)\n"}
{"Time":"2026-10-03T13:52:19.985276+08:00","Action":"output","Package":"ops-platform/test/contract","Test":"TestGraphNonVirtualUpstreamReplay","Output":"        PASS\n"}
{"Time":"2026-10-03T13:52:19.985278+08:00","Action":"output","Package":"ops-platform/test/contract","Test":"TestGraphNonVirtualUpstreamReplay","Output":"        ok  \tgithub.com/Colvin-Y/kubernetes-ontology/internal/service/diagnostic\t0.005s\n"}
{"Time":"2026-10-03T13:52:20.017158+08:00","Action":"output","Package":"ops-platform/test/contract","Test":"TestGraphNonVirtualUpstreamReplay","Output":"--- PASS: TestGraphNonVirtualUpstreamReplay (86.75s)\n","OutputType":"frame"}
{"Time":"2026-10-03T13:52:20.017183+08:00","Action":"pass","Package":"ops-platform/test/contract","Test":"TestGraphNonVirtualUpstreamReplay","Elapsed":86.75}
{"Time":"2026-10-03T13:52:20.017204+08:00","Action":"run","Package":"ops-platform/test/contract","Test":"TestInspectionNonVirtualUpstreamReplay"}
{"Time":"2026-10-03T13:52:20.017207+08:00","Action":"output","Package":"ops-platform/test/contract","Test":"TestInspectionNonVirtualUpstreamReplay","Output":"=== RUN   TestInspectionNonVirtualUpstreamReplay\n","OutputType":"frame"}
{"Time":"2026-10-03T13:55:05.989304+08:00","Action":"output","Package":"ops-platform/test/contract","Test":"TestInspectionNonVirtualUpstreamReplay","Output":"    inspection_replay_test.go:76: command=/Users/mssc/.local/share/mise/installs/python/3.12.14/bin/python3 [\"/Users/mssc/Documents/Code/ops/platform/test/fixtures/upstream-inspection/replay-nonvirtual.py\" \"--sources\" \"/var/folders/71/5876xm8s6d37d5873yq80dc80000gn/T/ops-sp05-upstream-mncghf3y\" \"--keep-wheels\" \"/tmp/ops-sp02-keep/wheelhouse\" \"--output\" \"/var/folders/71/5876xm8s6d37d5873yq80dc80000gn/T/TestInspectionNonVirtualUpstreamReplay3787550924/001\"]\n"}
{"Time":"2026-10-03T13:55:05.989717+08:00","Action":"output","Package":"ops-platform/test/contract","Test":"TestInspectionNonVirtualUpstreamReplay","Output":"        k8sgpt-analyzer: exit 0; runtime remains disabled; log=/var/folders/71/5876xm8s6d37d5873yq80dc80000gn/T/TestInspectionNonVirtualUpstreamReplay3787550924/001/k8sgpt-analyzer.log\n"}
{"Time":"2026-10-03T13:55:05.98973+08:00","Action":"output","Package":"ops-platform/test/contract","Test":"TestInspectionNonVirtualUpstreamReplay","Output":"        node-problem-detector-rules: exit 0; runtime remains disabled; log=/var/folders/71/5876xm8s6d37d5873yq80dc80000gn/T/TestInspectionNonVirtualUpstreamReplay3787550924/001/node-problem-detector-rules.log\n"}
{"Time":"2026-10-03T13:55:05.989735+08:00","Action":"output","Package":"ops-platform/test/contract","Test":"TestInspectionNonVirtualUpstreamReplay","Output":"        coroot-community-check: exit 0; runtime remains disabled; log=/var/folders/71/5876xm8s6d37d5873yq80dc80000gn/T/TestInspectionNonVirtualUpstreamReplay3787550924/001/coroot-community-check.log\n"}
{"Time":"2026-10-03T13:55:05.989741+08:00","Action":"output","Package":"ops-platform/test/contract","Test":"TestInspectionNonVirtualUpstreamReplay","Output":"        keep-community-model: exit 0; runtime remains disabled; log=/var/folders/71/5876xm8s6d37d5873yq80dc80000gn/T/TestInspectionNonVirtualUpstreamReplay3787550924/001/keep-community-model.log\n"}
{"Time":"2026-10-03T13:55:05.989746+08:00","Action":"output","Package":"ops-platform/test/contract","Test":"TestInspectionNonVirtualUpstreamReplay","Output":"        metal3-bmo-model: exit 0; runtime remains disabled; log=/var/folders/71/5876xm8s6d37d5873yq80dc80000gn/T/TestInspectionNonVirtualUpstreamReplay3787550924/001/metal3-bmo-model.log\n"}
{"Time":"2026-10-03T13:55:05.989749+08:00","Action":"output","Package":"ops-platform/test/contract","Test":"TestInspectionNonVirtualUpstreamReplay","Output":"        gofish-redfish: exit 0; runtime remains disabled; log=/var/folders/71/5876xm8s6d37d5873yq80dc80000gn/T/TestInspectionNonVirtualUpstreamReplay3787550924/001/gofish-redfish.log\n"}
{"Time":"2026-10-03T13:55:05.989754+08:00","Action":"output","Package":"ops-platform/test/contract","Test":"TestInspectionNonVirtualUpstreamReplay","Output":"        ipmi-exporter: exit 0; runtime remains disabled; log=/var/folders/71/5876xm8s6d37d5873yq80dc80000gn/T/TestInspectionNonVirtualUpstreamReplay3787550924/001/ipmi-exporter.log\n"}
{"Time":"2026-10-03T13:55:05.989759+08:00","Action":"output","Package":"ops-platform/test/contract","Test":"TestInspectionNonVirtualUpstreamReplay","Output":"        smartctl-exporter: exit 0; runtime remains disabled; log=/var/folders/71/5876xm8s6d37d5873yq80dc80000gn/T/TestInspectionNonVirtualUpstreamReplay3787550924/001/smartctl-exporter.log\n"}
{"Time":"2026-10-03T13:55:05.990518+08:00","Action":"output","Package":"ops-platform/test/contract","Test":"TestInspectionNonVirtualUpstreamReplay","Output":"--- PASS: TestInspectionNonVirtualUpstreamReplay (165.97s)\n","OutputType":"frame"}
{"Time":"2026-10-03T13:55:05.990526+08:00","Action":"pass","Package":"ops-platform/test/contract","Test":"TestInspectionNonVirtualUpstreamReplay","Elapsed":165.97}
{"Time":"2026-10-03T13:55:05.990535+08:00","Action":"output","Package":"ops-platform/test/contract","Output":"PASS\n","OutputType":"frame"}
{"Time":"2026-10-03T13:55:05.991648+08:00","Action":"output","Package":"ops-platform/test/contract","Output":"ok  \tops-platform/test/contract\t253.358s\n"}
{"Time":"2026-10-03T13:55:05.991664+08:00","Action":"pass","Package":"ops-platform/test/contract","Elapsed":253.358}
Acceptance report: 2 tests passed; zero skips.
