{"Time":"2026-10-01T10:18:20.666819+08:00","Action":"start","Package":"ops-platform/test/integration"}
{"Time":"2026-10-01T10:18:21.28513+08:00","Action":"run","Package":"ops-platform/test/integration","Test":"TestRealOpenBaoTransitAndSeaweedS3AuditArchive"}
{"Time":"2026-10-01T10:18:21.285205+08:00","Action":"output","Package":"ops-platform/test/integration","Test":"TestRealOpenBaoTransitAndSeaweedS3AuditArchive","Output":"=== RUN   TestRealOpenBaoTransitAndSeaweedS3AuditArchive\n","OutputType":"frame"}
{"Time":"2026-10-01T10:18:21.606594+08:00","Action":"output","Package":"ops-platform/test/integration","Test":"TestRealOpenBaoTransitAndSeaweedS3AuditArchive","Output":"2026/10/01 10:18:21 OK   00001_roles_and_schemas.sql (10.18ms)\n"}
{"Time":"2026-10-01T10:18:21.606662+08:00","Action":"output","Package":"ops-platform/test/integration","Test":"TestRealOpenBaoTransitAndSeaweedS3AuditArchive","Output":"2026/10/01 10:18:21 goose: successfully migrated database to version: 1\n"}
{"Time":"2026-10-01T10:18:21.628878+08:00","Action":"output","Package":"ops-platform/test/integration","Test":"TestRealOpenBaoTransitAndSeaweedS3AuditArchive","Output":"2026/10/01 10:18:21 OK   00002_platform_meta.sql (15.01ms)\n"}
{"Time":"2026-10-01T10:18:21.635399+08:00","Action":"output","Package":"ops-platform/test/integration","Test":"TestRealOpenBaoTransitAndSeaweedS3AuditArchive","Output":"2026/10/01 10:18:21 OK   00003_finding.sql (6.19ms)\n"}
{"Time":"2026-10-01T10:18:21.639541+08:00","Action":"output","Package":"ops-platform/test/integration","Test":"TestRealOpenBaoTransitAndSeaweedS3AuditArchive","Output":"2026/10/01 10:18:21 OK   00004_incident.sql (3.99ms)\n"}
{"Time":"2026-10-01T10:18:21.644309+08:00","Action":"output","Package":"ops-platform/test/integration","Test":"TestRealOpenBaoTransitAndSeaweedS3AuditArchive","Output":"2026/10/01 10:18:21 OK   00005_investigation.sql (4.63ms)\n"}
{"Time":"2026-10-01T10:18:21.649093+08:00","Action":"output","Package":"ops-platform/test/integration","Test":"TestRealOpenBaoTransitAndSeaweedS3AuditArchive","Output":"2026/10/01 10:18:21 OK   00006_action_command.sql (4.61ms)\n"}
{"Time":"2026-10-01T10:18:21.65645+08:00","Action":"output","Package":"ops-platform/test/integration","Test":"TestRealOpenBaoTransitAndSeaweedS3AuditArchive","Output":"2026/10/01 10:18:21 OK   00007_audit.sql (7.14ms)\n"}
{"Time":"2026-10-01T10:18:21.664456+08:00","Action":"output","Package":"ops-platform/test/integration","Test":"TestRealOpenBaoTransitAndSeaweedS3AuditArchive","Output":"2026/10/01 10:18:21 OK   00008_rls.sql (7.83ms)\n"}
{"Time":"2026-10-01T10:18:21.670941+08:00","Action":"output","Package":"ops-platform/test/integration","Test":"TestRealOpenBaoTransitAndSeaweedS3AuditArchive","Output":"2026/10/01 10:18:21 OK   00009_idempotency_ledger.sql (6.21ms)\n"}
{"Time":"2026-10-01T10:18:21.675001+08:00","Action":"output","Package":"ops-platform/test/integration","Test":"TestRealOpenBaoTransitAndSeaweedS3AuditArchive","Output":"2026/10/01 10:18:21 OK   00010_tenant_provisioning.sql (3.85ms)\n"}
{"Time":"2026-10-01T10:18:21.680297+08:00","Action":"output","Package":"ops-platform/test/integration","Test":"TestRealOpenBaoTransitAndSeaweedS3AuditArchive","Output":"2026/10/01 10:18:21 OK   00011_source_registration_history.sql (5.16ms)\n"}
{"Time":"2026-10-01T10:18:21.69415+08:00","Action":"output","Package":"ops-platform/test/integration","Test":"TestRealOpenBaoTransitAndSeaweedS3AuditArchive","Output":"2026/10/01 10:18:21 OK   00012_config_registry_lifecycle.sql (13.64ms)\n"}
{"Time":"2026-10-01T10:18:21.704232+08:00","Action":"output","Package":"ops-platform/test/integration","Test":"TestRealOpenBaoTransitAndSeaweedS3AuditArchive","Output":"2026/10/01 10:18:21 OK   00013_audit_signed_segments.sql (9.82ms)\n"}
{"Time":"2026-10-01T10:18:21.709443+08:00","Action":"output","Package":"ops-platform/test/integration","Test":"TestRealOpenBaoTransitAndSeaweedS3AuditArchive","Output":"2026/10/01 10:18:21 OK   00014_audit_segment_predecessors.sql (4.95ms)\n"}
{"Time":"2026-10-01T10:18:21.709481+08:00","Action":"output","Package":"ops-platform/test/integration","Test":"TestRealOpenBaoTransitAndSeaweedS3AuditArchive","Output":"2026/10/01 10:18:21 goose: successfully migrated database to version: 14\n"}
{"Time":"2026-10-01T10:18:21.75246+08:00","Action":"output","Package":"ops-platform/test/integration","Test":"TestRealOpenBaoTransitAndSeaweedS3AuditArchive","Output":"    archive_services_test.go:182: isolated S3 bucket=sp03-fbe5752a object=4c78a943-9843-41d8-b2f4-eee741c5e368 digest=sha256:29e16a3c7cd8a747ca75df38a1eeb48a2e1ac0ca49630508c723320b21457c70; audit tenant=c0cb22e8-7189-4734-894e-fa17ffde25fa segment=01a0f541-7098-71f4-ad3e-a1fa0f998cc3 seq=1 verified\n"}
{"Time":"2026-10-01T10:18:21.810326+08:00","Action":"output","Package":"ops-platform/test/integration","Test":"TestRealOpenBaoTransitAndSeaweedS3AuditArchive","Output":"--- PASS: TestRealOpenBaoTransitAndSeaweedS3AuditArchive (0.53s)\n","OutputType":"frame"}
{"Time":"2026-10-01T10:18:21.810387+08:00","Action":"pass","Package":"ops-platform/test/integration","Test":"TestRealOpenBaoTransitAndSeaweedS3AuditArchive","Elapsed":0.53}
{"Time":"2026-10-01T10:18:21.810425+08:00","Action":"run","Package":"ops-platform/test/integration","Test":"TestAuditSegmentsAppendConcurrentlyRecoverAndVerifyTenantScoped"}
{"Time":"2026-10-01T10:18:21.810433+08:00","Action":"output","Package":"ops-platform/test/integration","Test":"TestAuditSegmentsAppendConcurrentlyRecoverAndVerifyTenantScoped","Output":"=== RUN   TestAuditSegmentsAppendConcurrentlyRecoverAndVerifyTenantScoped\n","OutputType":"frame"}
{"Time":"2026-10-01T10:18:21.849256+08:00","Action":"output","Package":"ops-platform/test/integration","Test":"TestAuditSegmentsAppendConcurrentlyRecoverAndVerifyTenantScoped","Output":"2026/10/01 10:18:21 OK   00001_roles_and_schemas.sql (6.62ms)\n"}
{"Time":"2026-10-01T10:18:21.849313+08:00","Action":"output","Package":"ops-platform/test/integration","Test":"TestAuditSegmentsAppendConcurrentlyRecoverAndVerifyTenantScoped","Output":"2026/10/01 10:18:21 goose: successfully migrated database to version: 1\n"}
{"Time":"2026-10-01T10:18:21.871608+08:00","Action":"output","Package":"ops-platform/test/integration","Test":"TestAuditSegmentsAppendConcurrentlyRecoverAndVerifyTenantScoped","Output":"2026/10/01 10:18:21 OK   00002_platform_meta.sql (15.31ms)\n"}
{"Time":"2026-10-01T10:18:21.879425+08:00","Action":"output","Package":"ops-platform/test/integration","Test":"TestAuditSegmentsAppendConcurrentlyRecoverAndVerifyTenantScoped","Output":"2026/10/01 10:18:21 OK   00003_finding.sql (7.56ms)\n"}
{"Time":"2026-10-01T10:18:21.884025+08:00","Action":"output","Package":"ops-platform/test/integration","Test":"TestAuditSegmentsAppendConcurrentlyRecoverAndVerifyTenantScoped","Output":"2026/10/01 10:18:21 OK   00004_incident.sql (4.43ms)\n"}
{"Time":"2026-10-01T10:18:21.88905+08:00","Action":"output","Package":"ops-platform/test/integration","Test":"TestAuditSegmentsAppendConcurrentlyRecoverAndVerifyTenantScoped","Output":"2026/10/01 10:18:21 OK   00005_investigation.sql (4.86ms)\n"}
{"Time":"2026-10-01T10:18:21.893638+08:00","Action":"output","Package":"ops-platform/test/integration","Test":"TestAuditSegmentsAppendConcurrentlyRecoverAndVerifyTenantScoped","Output":"2026/10/01 10:18:21 OK   00006_action_command.sql (4.38ms)\n"}
{"Time":"2026-10-01T10:18:21.900998+08:00","Action":"output","Package":"ops-platform/test/integration","Test":"TestAuditSegmentsAppendConcurrentlyRecoverAndVerifyTenantScoped","Output":"2026/10/01 10:18:21 OK   00007_audit.sql (7.09ms)\n"}
{"Time":"2026-10-01T10:18:21.908571+08:00","Action":"output","Package":"ops-platform/test/integration","Test":"TestAuditSegmentsAppendConcurrentlyRecoverAndVerifyTenantScoped","Output":"2026/10/01 10:18:21 OK   00008_rls.sql (7.4ms)\n"}
{"Time":"2026-10-01T10:18:21.915091+08:00","Action":"output","Package":"ops-platform/test/integration","Test":"TestAuditSegmentsAppendConcurrentlyRecoverAndVerifyTenantScoped","Output":"2026/10/01 10:18:21 OK   00009_idempotency_ledger.sql (6.26ms)\n"}
{"Time":"2026-10-01T10:18:21.918925+08:00","Action":"output","Package":"ops-platform/test/integration","Test":"TestAuditSegmentsAppendConcurrentlyRecoverAndVerifyTenantScoped","Output":"2026/10/01 10:18:21 OK   00010_tenant_provisioning.sql (3.58ms)\n"}
{"Time":"2026-10-01T10:18:21.923464+08:00","Action":"output","Package":"ops-platform/test/integration","Test":"TestAuditSegmentsAppendConcurrentlyRecoverAndVerifyTenantScoped","Output":"2026/10/01 10:18:21 OK   00011_source_registration_history.sql (4.32ms)\n"}
{"Time":"2026-10-01T10:18:21.930179+08:00","Action":"output","Package":"ops-platform/test/integration","Test":"TestAuditSegmentsAppendConcurrentlyRecoverAndVerifyTenantScoped","Output":"2026/10/01 10:18:21 OK   00012_config_registry_lifecycle.sql (6.41ms)\n"}
{"Time":"2026-10-01T10:18:21.938424+08:00","Action":"output","Package":"ops-platform/test/integration","Test":"TestAuditSegmentsAppendConcurrentlyRecoverAndVerifyTenantScoped","Output":"2026/10/01 10:18:21 OK   00013_audit_signed_segments.sql (8.02ms)\n"}
{"Time":"2026-10-01T10:18:21.942728+08:00","Action":"output","Package":"ops-platform/test/integration","Test":"TestAuditSegmentsAppendConcurrentlyRecoverAndVerifyTenantScoped","Output":"2026/10/01 10:18:21 OK   00014_audit_segment_predecessors.sql (4.21ms)\n"}
{"Time":"2026-10-01T10:18:21.942746+08:00","Action":"output","Package":"ops-platform/test/integration","Test":"TestAuditSegmentsAppendConcurrentlyRecoverAndVerifyTenantScoped","Output":"2026/10/01 10:18:21 goose: successfully migrated database to version: 14\n"}
{"Time":"2026-10-01T10:18:23.961641+08:00","Action":"output","Package":"ops-platform/test/integration","Test":"TestAuditSegmentsAppendConcurrentlyRecoverAndVerifyTenantScoped","Output":"--- PASS: TestAuditSegmentsAppendConcurrentlyRecoverAndVerifyTenantScoped (2.15s)\n","OutputType":"frame"}
{"Time":"2026-10-01T10:18:23.961848+08:00","Action":"pass","Package":"ops-platform/test/integration","Test":"TestAuditSegmentsAppendConcurrentlyRecoverAndVerifyTenantScoped","Elapsed":2.15}
{"Time":"2026-10-01T10:18:23.961896+08:00","Action":"run","Package":"ops-platform/test/integration","Test":"TestRoleBindingsAndStepUpSessions"}
{"Time":"2026-10-01T10:18:23.961905+08:00","Action":"output","Package":"ops-platform/test/integration","Test":"TestRoleBindingsAndStepUpSessions","Output":"=== RUN   TestRoleBindingsAndStepUpSessions\n","OutputType":"frame"}
{"Time":"2026-10-01T10:18:24.015548+08:00","Action":"output","Package":"ops-platform/test/integration","Test":"TestRoleBindingsAndStepUpSessions","Output":"2026/10/01 10:18:24 OK   00001_roles_and_schemas.sql (7.72ms)\n"}
{"Time":"2026-10-01T10:18:24.01558+08:00","Action":"output","Package":"ops-platform/test/integration","Test":"TestRoleBindingsAndStepUpSessions","Output":"2026/10/01 10:18:24 goose: successfully migrated database to version: 1\n"}
{"Time":"2026-10-01T10:18:24.040955+08:00","Action":"output","Package":"ops-platform/test/integration","Test":"TestRoleBindingsAndStepUpSessions","Output":"2026/10/01 10:18:24 OK   00002_platform_meta.sql (17.38ms)\n"}
{"Time":"2026-10-01T10:18:24.048195+08:00","Action":"output","Package":"ops-platform/test/integration","Test":"TestRoleBindingsAndStepUpSessions","Output":"2026/10/01 10:18:24 OK   00003_finding.sql (7.13ms)\n"}
{"Time":"2026-10-01T10:18:24.05318+08:00","Action":"output","Package":"ops-platform/test/integration","Test":"TestRoleBindingsAndStepUpSessions","Output":"2026/10/01 10:18:24 OK   00004_incident.sql (4.92ms)\n"}
{"Time":"2026-10-01T10:18:24.05891+08:00","Action":"output","Package":"ops-platform/test/integration","Test":"TestRoleBindingsAndStepUpSessions","Output":"2026/10/01 10:18:24 OK   00005_investigation.sql (5.67ms)\n"}
{"Time":"2026-10-01T10:18:24.064349+08:00","Action":"output","Package":"ops-platform/test/integration","Test":"TestRoleBindingsAndStepUpSessions","Output":"2026/10/01 10:18:24 OK   00006_action_command.sql (5.34ms)\n"}
{"Time":"2026-10-01T10:18:24.07281+08:00","Action":"output","Package":"ops-platform/test/integration","Test":"TestRoleBindingsAndStepUpSessions","Output":"2026/10/01 10:18:24 OK   00007_audit.sql (8.39ms)\n"}
{"Time":"2026-10-01T10:18:24.080733+08:00","Action":"output","Package":"ops-platform/test/integration","Test":"TestRoleBindingsAndStepUpSessions","Output":"2026/10/01 10:18:24 OK   00008_rls.sql (7.87ms)\n"}
{"Time":"2026-10-01T10:18:24.087303+08:00","Action":"output","Package":"ops-platform/test/integration","Test":"TestRoleBindingsAndStepUpSessions","Output":"2026/10/01 10:18:24 OK   00009_idempotency_ledger.sql (6.47ms)\n"}
{"Time":"2026-10-01T10:18:24.091101+08:00","Action":"output","Package":"ops-platform/test/integration","Test":"TestRoleBindingsAndStepUpSessions","Output":"2026/10/01 10:18:24 OK   00010_tenant_provisioning.sql (3.73ms)\n"}
{"Time":"2026-10-01T10:18:24.097206+08:00","Action":"output","Package":"ops-platform/test/integration","Test":"TestRoleBindingsAndStepUpSessions","Output":"2026/10/01 10:18:24 OK   00011_source_registration_history.sql (6.04ms)\n"}
{"Time":"2026-10-01T10:18:24.105019+08:00","Action":"output","Package":"ops-platform/test/integration","Test":"TestRoleBindingsAndStepUpSessions","Output":"2026/10/01 10:18:24 OK   00012_config_registry_lifecycle.sql (7.72ms)\n"}
{"Time":"2026-10-01T10:18:24.114169+08:00","Action":"output","Package":"ops-platform/test/integration","Test":"TestRoleBindingsAndStepUpSessions","Output":"2026/10/01 10:18:24 OK   00013_audit_signed_segments.sql (9.06ms)\n"}
{"Time":"2026-10-01T10:18:24.118541+08:00","Action":"output","Package":"ops-platform/test/integration","Test":"TestRoleBindingsAndStepUpSessions","Output":"2026/10/01 10:18:24 OK   00014_audit_segment_predecessors.sql (4.3ms)\n"}
{"Time":"2026-10-01T10:18:24.118555+08:00","Action":"output","Package":"ops-platform/test/integration","Test":"TestRoleBindingsAndStepUpSessions","Output":"2026/10/01 10:18:24 goose: successfully migrated database to version: 14\n"}
{"Time":"2026-10-01T10:18:24.175419+08:00","Action":"output","Package":"ops-platform/test/integration","Test":"TestRoleBindingsAndStepUpSessions","Output":"--- PASS: TestRoleBindingsAndStepUpSessions (0.21s)\n","OutputType":"frame"}
{"Time":"2026-10-01T10:18:24.175454+08:00","Action":"pass","Package":"ops-platform/test/integration","Test":"TestRoleBindingsAndStepUpSessions","Elapsed":0.21}
{"Time":"2026-10-01T10:18:24.175463+08:00","Action":"run","Package":"ops-platform/test/integration","Test":"TestConfigRegistryPublishesActivatesRollsBackAndPreservesHistory"}
{"Time":"2026-10-01T10:18:24.175467+08:00","Action":"output","Package":"ops-platform/test/integration","Test":"TestConfigRegistryPublishesActivatesRollsBackAndPreservesHistory","Output":"=== RUN   TestConfigRegistryPublishesActivatesRollsBackAndPreservesHistory\n","OutputType":"frame"}
{"Time":"2026-10-01T10:18:24.216154+08:00","Action":"output","Package":"ops-platform/test/integration","Test":"TestConfigRegistryPublishesActivatesRollsBackAndPreservesHistory","Output":"2026/10/01 10:18:24 OK   00001_roles_and_schemas.sql (7.27ms)\n"}
{"Time":"2026-10-01T10:18:24.216189+08:00","Action":"output","Package":"ops-platform/test/integration","Test":"TestConfigRegistryPublishesActivatesRollsBackAndPreservesHistory","Output":"2026/10/01 10:18:24 goose: successfully migrated database to version: 1\n"}
{"Time":"2026-10-01T10:18:24.238474+08:00","Action":"output","Package":"ops-platform/test/integration","Test":"TestConfigRegistryPublishesActivatesRollsBackAndPreservesHistory","Output":"2026/10/01 10:18:24 OK   00002_platform_meta.sql (16.36ms)\n"}
{"Time":"2026-10-01T10:18:24.244234+08:00","Action":"output","Package":"ops-platform/test/integration","Test":"TestConfigRegistryPublishesActivatesRollsBackAndPreservesHistory","Output":"2026/10/01 10:18:24 OK   00003_finding.sql (5.64ms)\n"}
{"Time":"2026-10-01T10:18:24.248021+08:00","Action":"output","Package":"ops-platform/test/integration","Test":"TestConfigRegistryPublishesActivatesRollsBackAndPreservesHistory","Output":"2026/10/01 10:18:24 OK   00004_incident.sql (3.49ms)\n"}
{"Time":"2026-10-01T10:18:24.252663+08:00","Action":"output","Package":"ops-platform/test/integration","Test":"TestConfigRegistryPublishesActivatesRollsBackAndPreservesHistory","Output":"2026/10/01 10:18:24 OK   00005_investigation.sql (4.57ms)\n"}
{"Time":"2026-10-01T10:18:24.256613+08:00","Action":"output","Package":"ops-platform/test/integration","Test":"TestConfigRegistryPublishesActivatesRollsBackAndPreservesHistory","Output":"2026/10/01 10:18:24 OK   00006_action_command.sql (3.85ms)\n"}
{"Time":"2026-10-01T10:18:24.263267+08:00","Action":"output","Package":"ops-platform/test/integration","Test":"TestConfigRegistryPublishesActivatesRollsBackAndPreservesHistory","Output":"2026/10/01 10:18:24 OK   00007_audit.sql (6.58ms)\n"}
{"Time":"2026-10-01T10:18:24.269166+08:00","Action":"output","Package":"ops-platform/test/integration","Test":"TestConfigRegistryPublishesActivatesRollsBackAndPreservesHistory","Output":"2026/10/01 10:18:24 OK   00008_rls.sql (5.82ms)\n"}
{"Time":"2026-10-01T10:18:24.273712+08:00","Action":"output","Package":"ops-platform/test/integration","Test":"TestConfigRegistryPublishesActivatesRollsBackAndPreservesHistory","Output":"2026/10/01 10:18:24 OK   00009_idempotency_ledger.sql (4.5ms)\n"}
{"Time":"2026-10-01T10:18:24.276321+08:00","Action":"output","Package":"ops-platform/test/integration","Test":"TestConfigRegistryPublishesActivatesRollsBackAndPreservesHistory","Output":"2026/10/01 10:18:24 OK   00010_tenant_provisioning.sql (2.56ms)\n"}
{"Time":"2026-10-01T10:18:24.28061+08:00","Action":"output","Package":"ops-platform/test/integration","Test":"TestConfigRegistryPublishesActivatesRollsBackAndPreservesHistory","Output":"2026/10/01 10:18:24 OK   00011_source_registration_history.sql (4.23ms)\n"}
{"Time":"2026-10-01T10:18:24.286715+08:00","Action":"output","Package":"ops-platform/test/integration","Test":"TestConfigRegistryPublishesActivatesRollsBackAndPreservesHistory","Output":"2026/10/01 10:18:24 OK   00012_config_registry_lifecycle.sql (6.03ms)\n"}
{"Time":"2026-10-01T10:18:24.294862+08:00","Action":"output","Package":"ops-platform/test/integration","Test":"TestConfigRegistryPublishesActivatesRollsBackAndPreservesHistory","Output":"2026/10/01 10:18:24 OK   00013_audit_signed_segments.sql (8.05ms)\n"}
{"Time":"2026-10-01T10:18:24.29839+08:00","Action":"output","Package":"ops-platform/test/integration","Test":"TestConfigRegistryPublishesActivatesRollsBackAndPreservesHistory","Output":"2026/10/01 10:18:24 OK   00014_audit_segment_predecessors.sql (3.46ms)\n"}
{"Time":"2026-10-01T10:18:24.298405+08:00","Action":"output","Package":"ops-platform/test/integration","Test":"TestConfigRegistryPublishesActivatesRollsBackAndPreservesHistory","Output":"2026/10/01 10:18:24 goose: successfully migrated database to version: 14\n"}
{"Time":"2026-10-01T10:18:24.425839+08:00","Action":"output","Package":"ops-platform/test/integration","Test":"TestConfigRegistryPublishesActivatesRollsBackAndPreservesHistory","Output":"--- PASS: TestConfigRegistryPublishesActivatesRollsBackAndPreservesHistory (0.25s)\n","OutputType":"frame"}
{"Time":"2026-10-01T10:18:24.425867+08:00","Action":"pass","Package":"ops-platform/test/integration","Test":"TestConfigRegistryPublishesActivatesRollsBackAndPreservesHistory","Elapsed":0.25}
{"Time":"2026-10-01T10:18:24.425876+08:00","Action":"run","Package":"ops-platform/test/integration","Test":"TestIdempotencyLedgerSchema"}
{"Time":"2026-10-01T10:18:24.42588+08:00","Action":"output","Package":"ops-platform/test/integration","Test":"TestIdempotencyLedgerSchema","Output":"=== RUN   TestIdempotencyLedgerSchema\n","OutputType":"frame"}
{"Time":"2026-10-01T10:18:24.455239+08:00","Action":"output","Package":"ops-platform/test/integration","Test":"TestIdempotencyLedgerSchema","Output":"2026/10/01 10:18:24 OK   00001_roles_and_schemas.sql (5.77ms)\n"}
{"Time":"2026-10-01T10:18:24.455294+08:00","Action":"output","Package":"ops-platform/test/integration","Test":"TestIdempotencyLedgerSchema","Output":"2026/10/01 10:18:24 goose: successfully migrated database to version: 1\n"}
{"Time":"2026-10-01T10:18:24.477057+08:00","Action":"output","Package":"ops-platform/test/integration","Test":"TestIdempotencyLedgerSchema","Output":"2026/10/01 10:18:24 OK   00002_platform_meta.sql (17.21ms)\n"}
{"Time":"2026-10-01T10:18:24.491466+08:00","Action":"output","Package":"ops-platform/test/integration","Test":"TestIdempotencyLedgerSchema","Output":"2026/10/01 10:18:24 OK   00003_finding.sql (14.21ms)\n"}
{"Time":"2026-10-01T10:18:24.497945+08:00","Action":"output","Package":"ops-platform/test/integration","Test":"TestIdempotencyLedgerSchema","Output":"2026/10/01 10:18:24 OK   00004_incident.sql (6.29ms)\n"}
{"Time":"2026-10-01T10:18:24.503217+08:00","Action":"output","Package":"ops-platform/test/integration","Test":"TestIdempotencyLedgerSchema","Output":"2026/10/01 10:18:24 OK   00005_investigation.sql (4.57ms)\n"}
{"Time":"2026-10-01T10:18:24.507127+08:00","Action":"output","Package":"ops-platform/test/integration","Test":"TestIdempotencyLedgerSchema","Output":"2026/10/01 10:18:24 OK   00006_action_command.sql (3.76ms)\n"}
{"Time":"2026-10-01T10:18:24.512905+08:00","Action":"output","Package":"ops-platform/test/integration","Test":"TestIdempotencyLedgerSchema","Output":"2026/10/01 10:18:24 OK   00007_audit.sql (5.65ms)\n"}
{"Time":"2026-10-01T10:18:24.518654+08:00","Action":"output","Package":"ops-platform/test/integration","Test":"TestIdempotencyLedgerSchema","Output":"2026/10/01 10:18:24 OK   00008_rls.sql (5.64ms)\n"}
{"Time":"2026-10-01T10:18:24.522976+08:00","Action":"output","Package":"ops-platform/test/integration","Test":"TestIdempotencyLedgerSchema","Output":"2026/10/01 10:18:24 OK   00009_idempotency_ledger.sql (4.16ms)\n"}
{"Time":"2026-10-01T10:18:24.525846+08:00","Action":"output","Package":"ops-platform/test/integration","Test":"TestIdempotencyLedgerSchema","Output":"2026/10/01 10:18:24 OK   00010_tenant_provisioning.sql (2.72ms)\n"}
{"Time":"2026-10-01T10:18:24.529886+08:00","Action":"output","Package":"ops-platform/test/integration","Test":"TestIdempotencyLedgerSchema","Output":"2026/10/01 10:18:24 OK   00011_source_registration_history.sql (3.77ms)\n"}
{"Time":"2026-10-01T10:18:24.536048+08:00","Action":"output","Package":"ops-platform/test/integration","Test":"TestIdempotencyLedgerSchema","Output":"2026/10/01 10:18:24 OK   00012_config_registry_lifecycle.sql (5.91ms)\n"}
{"Time":"2026-10-01T10:18:24.543832+08:00","Action":"output","Package":"ops-platform/test/integration","Test":"TestIdempotencyLedgerSchema","Output":"2026/10/01 10:18:24 OK   00013_audit_signed_segments.sql (7.59ms)\n"}
{"Time":"2026-10-01T10:18:24.547775+08:00","Action":"output","Package":"ops-platform/test/integration","Test":"TestIdempotencyLedgerSchema","Output":"2026/10/01 10:18:24 OK   00014_audit_segment_predecessors.sql (3.81ms)\n"}
{"Time":"2026-10-01T10:18:24.547879+08:00","Action":"output","Package":"ops-platform/test/integration","Test":"TestIdempotencyLedgerSchema","Output":"2026/10/01 10:18:24 goose: successfully migrated database to version: 14\n"}
{"Time":"2026-10-01T10:18:24.573346+08:00","Action":"output","Package":"ops-platform/test/integration","Test":"TestIdempotencyLedgerSchema","Output":"--- PASS: TestIdempotencyLedgerSchema (0.15s)\n","OutputType":"frame"}
{"Time":"2026-10-01T10:18:24.573422+08:00","Action":"pass","Package":"ops-platform/test/integration","Test":"TestIdempotencyLedgerSchema","Elapsed":0.15}
{"Time":"2026-10-01T10:18:24.573446+08:00","Action":"run","Package":"ops-platform/test/integration","Test":"TestIdempotencyLedger"}
{"Time":"2026-10-01T10:18:24.573457+08:00","Action":"output","Package":"ops-platform/test/integration","Test":"TestIdempotencyLedger","Output":"=== RUN   TestIdempotencyLedger\n","OutputType":"frame"}
{"Time":"2026-10-01T10:18:24.602991+08:00","Action":"output","Package":"ops-platform/test/integration","Test":"TestIdempotencyLedger","Output":"2026/10/01 10:18:24 OK   00001_roles_and_schemas.sql (6.03ms)\n"}
{"Time":"2026-10-01T10:18:24.603019+08:00","Action":"output","Package":"ops-platform/test/integration","Test":"TestIdempotencyLedger","Output":"2026/10/01 10:18:24 goose: successfully migrated database to version: 1\n"}
{"Time":"2026-10-01T10:18:24.620048+08:00","Action":"output","Package":"ops-platform/test/integration","Test":"TestIdempotencyLedger","Output":"2026/10/01 10:18:24 OK   00002_platform_meta.sql (12.04ms)\n"}
{"Time":"2026-10-01T10:18:24.624846+08:00","Action":"output","Package":"ops-platform/test/integration","Test":"TestIdempotencyLedger","Output":"2026/10/01 10:18:24 OK   00003_finding.sql (4.72ms)\n"}
{"Time":"2026-10-01T10:18:24.628127+08:00","Action":"output","Package":"ops-platform/test/integration","Test":"TestIdempotencyLedger","Output":"2026/10/01 10:18:24 OK   00004_incident.sql (3.23ms)\n"}
{"Time":"2026-10-01T10:18:24.631936+08:00","Action":"output","Package":"ops-platform/test/integration","Test":"TestIdempotencyLedger","Output":"2026/10/01 10:18:24 OK   00005_investigation.sql (3.77ms)\n"}
{"Time":"2026-10-01T10:18:24.63541+08:00","Action":"output","Package":"ops-platform/test/integration","Test":"TestIdempotencyLedger","Output":"2026/10/01 10:18:24 OK   00006_action_command.sql (3.41ms)\n"}
{"Time":"2026-10-01T10:18:24.641482+08:00","Action":"output","Package":"ops-platform/test/integration","Test":"TestIdempotencyLedger","Output":"2026/10/01 10:18:24 OK   00007_audit.sql (5.93ms)\n"}
{"Time":"2026-10-01T10:18:24.648783+08:00","Action":"output","Package":"ops-platform/test/integration","Test":"TestIdempotencyLedger","Output":"2026/10/01 10:18:24 OK   00008_rls.sql (7.16ms)\n"}
{"Time":"2026-10-01T10:18:24.653259+08:00","Action":"output","Package":"ops-platform/test/integration","Test":"TestIdempotencyLedger","Output":"2026/10/01 10:18:24 OK   00009_idempotency_ledger.sql (4.29ms)\n"}
{"Time":"2026-10-01T10:18:24.655887+08:00","Action":"output","Package":"ops-platform/test/integration","Test":"TestIdempotencyLedger","Output":"2026/10/01 10:18:24 OK   00010_tenant_provisioning.sql (2.49ms)\n"}
{"Time":"2026-10-01T10:18:24.659963+08:00","Action":"output","Package":"ops-platform/test/integration","Test":"TestIdempotencyLedger","Output":"2026/10/01 10:18:24 OK   00011_source_registration_history.sql (3.88ms)\n"}
{"Time":"2026-10-01T10:18:24.665914+08:00","Action":"output","Package":"ops-platform/test/integration","Test":"TestIdempotencyLedger","Output":"2026/10/01 10:18:24 OK   00012_config_registry_lifecycle.sql (5.78ms)\n"}
{"Time":"2026-10-01T10:18:24.673454+08:00","Action":"output","Package":"ops-platform/test/integration","Test":"TestIdempotencyLedger","Output":"2026/10/01 10:18:24 OK   00013_audit_signed_segments.sql (7.31ms)\n"}
{"Time":"2026-10-01T10:18:24.676813+08:00","Action":"output","Package":"ops-platform/test/integration","Test":"TestIdempotencyLedger","Output":"2026/10/01 10:18:24 OK   00014_audit_segment_predecessors.sql (3.24ms)\n"}
{"Time":"2026-10-01T10:18:24.676846+08:00","Action":"output","Package":"ops-platform/test/integration","Test":"TestIdempotencyLedger","Output":"2026/10/01 10:18:24 goose: successfully migrated database to version: 14\n"}
{"Time":"2026-10-01T10:18:24.870814+08:00","Action":"output","Package":"ops-platform/test/integration","Test":"TestIdempotencyLedger","Output":"--- PASS: TestIdempotencyLedger (0.30s)\n","OutputType":"frame"}
{"Time":"2026-10-01T10:18:24.870869+08:00","Action":"pass","Package":"ops-platform/test/integration","Test":"TestIdempotencyLedger","Elapsed":0.3}
{"Time":"2026-10-01T10:18:24.870886+08:00","Action":"run","Package":"ops-platform/test/integration","Test":"TestIdempotencyHTTPMiddleware"}
{"Time":"2026-10-01T10:18:24.870895+08:00","Action":"output","Package":"ops-platform/test/integration","Test":"TestIdempotencyHTTPMiddleware","Output":"=== RUN   TestIdempotencyHTTPMiddleware\n","OutputType":"frame"}
{"Time":"2026-10-01T10:18:24.907314+08:00","Action":"output","Package":"ops-platform/test/integration","Test":"TestIdempotencyHTTPMiddleware","Output":"2026/10/01 10:18:24 OK   00001_roles_and_schemas.sql (6.77ms)\n"}
{"Time":"2026-10-01T10:18:24.907369+08:00","Action":"output","Package":"ops-platform/test/integration","Test":"TestIdempotencyHTTPMiddleware","Output":"2026/10/01 10:18:24 goose: successfully migrated database to version: 1\n"}
{"Time":"2026-10-01T10:18:24.927616+08:00","Action":"output","Package":"ops-platform/test/integration","Test":"TestIdempotencyHTTPMiddleware","Output":"2026/10/01 10:18:24 OK   00002_platform_meta.sql (13.92ms)\n"}
{"Time":"2026-10-01T10:18:24.933889+08:00","Action":"output","Package":"ops-platform/test/integration","Test":"TestIdempotencyHTTPMiddleware","Output":"2026/10/01 10:18:24 OK   00003_finding.sql (5.46ms)\n"}
{"Time":"2026-10-01T10:18:24.938186+08:00","Action":"output","Package":"ops-platform/test/integration","Test":"TestIdempotencyHTTPMiddleware","Output":"2026/10/01 10:18:24 OK   00004_incident.sql (4.28ms)\n"}
{"Time":"2026-10-01T10:18:24.942486+08:00","Action":"output","Package":"ops-platform/test/integration","Test":"TestIdempotencyHTTPMiddleware","Output":"2026/10/01 10:18:24 OK   00005_investigation.sql (4.13ms)\n"}
{"Time":"2026-10-01T10:18:24.947495+08:00","Action":"output","Package":"ops-platform/test/integration","Test":"TestIdempotencyHTTPMiddleware","Output":"2026/10/01 10:18:24 OK   00006_action_command.sql (4.8ms)\n"}
{"Time":"2026-10-01T10:18:24.956031+08:00","Action":"output","Package":"ops-platform/test/integration","Test":"TestIdempotencyHTTPMiddleware","Output":"2026/10/01 10:18:24 OK   00007_audit.sql (8.07ms)\n"}
{"Time":"2026-10-01T10:18:24.96509+08:00","Action":"output","Package":"ops-platform/test/integration","Test":"TestIdempotencyHTTPMiddleware","Output":"2026/10/01 10:18:24 OK   00008_rls.sql (7.43ms)\n"}
{"Time":"2026-10-01T10:18:24.970552+08:00","Action":"output","Package":"ops-platform/test/integration","Test":"TestIdempotencyHTTPMiddleware","Output":"2026/10/01 10:18:24 OK   00009_idempotency_ledger.sql (5ms)\n"}
{"Time":"2026-10-01T10:18:24.973957+08:00","Action":"output","Package":"ops-platform/test/integration","Test":"TestIdempotencyHTTPMiddleware","Output":"2026/10/01 10:18:24 OK   00010_tenant_provisioning.sql (3.24ms)\n"}
{"Time":"2026-10-01T10:18:24.979125+08:00","Action":"output","Package":"ops-platform/test/integration","Test":"TestIdempotencyHTTPMiddleware","Output":"2026/10/01 10:18:24 OK   00011_source_registration_history.sql (4.96ms)\n"}
{"Time":"2026-10-01T10:18:24.987036+08:00","Action":"output","Package":"ops-platform/test/integration","Test":"TestIdempotencyHTTPMiddleware","Output":"2026/10/01 10:18:24 OK   00012_config_registry_lifecycle.sql (7.65ms)\n"}
{"Time":"2026-10-01T10:18:24.996205+08:00","Action":"output","Package":"ops-platform/test/integration","Test":"TestIdempotencyHTTPMiddleware","Output":"2026/10/01 10:18:24 OK   00013_audit_signed_segments.sql (8.88ms)\n"}
{"Time":"2026-10-01T10:18:25.000712+08:00","Action":"output","Package":"ops-platform/test/integration","Test":"TestIdempotencyHTTPMiddleware","Output":"2026/10/01 10:18:25 OK   00014_audit_segment_predecessors.sql (4.32ms)\n"}
{"Time":"2026-10-01T10:18:25.000771+08:00","Action":"output","Package":"ops-platform/test/integration","Test":"TestIdempotencyHTTPMiddleware","Output":"2026/10/01 10:18:25 goose: successfully migrated database to version: 14\n"}
{"Time":"2026-10-01T10:18:25.049927+08:00","Action":"output","Package":"ops-platform/test/integration","Test":"TestIdempotencyHTTPMiddleware","Output":"--- PASS: TestIdempotencyHTTPMiddleware (0.18s)\n","OutputType":"frame"}
{"Time":"2026-10-01T10:18:25.050093+08:00","Action":"pass","Package":"ops-platform/test/integration","Test":"TestIdempotencyHTTPMiddleware","Elapsed":0.18}
{"Time":"2026-10-01T10:18:25.050126+08:00","Action":"run","Package":"ops-platform/test/integration","Test":"TestKeycloakAuthorizationCodePKCEAndStepUp"}
{"Time":"2026-10-01T10:18:25.050143+08:00","Action":"output","Package":"ops-platform/test/integration","Test":"TestKeycloakAuthorizationCodePKCEAndStepUp","Output":"=== RUN   TestKeycloakAuthorizationCodePKCEAndStepUp\n","OutputType":"frame"}
{"Time":"2026-10-01T10:18:30.288297+08:00","Action":"output","Package":"ops-platform/test/integration","Test":"TestKeycloakAuthorizationCodePKCEAndStepUp","Output":"2026/10/01 10:18:30 OK   00001_roles_and_schemas.sql (7.52ms)\n"}
{"Time":"2026-10-01T10:18:30.28837+08:00","Action":"output","Package":"ops-platform/test/integration","Test":"TestKeycloakAuthorizationCodePKCEAndStepUp","Output":"2026/10/01 10:18:30 goose: successfully migrated database to version: 1\n"}
{"Time":"2026-10-01T10:18:30.309211+08:00","Action":"output","Package":"ops-platform/test/integration","Test":"TestKeycloakAuthorizationCodePKCEAndStepUp","Output":"2026/10/01 10:18:30 OK   00002_platform_meta.sql (14.58ms)\n"}
{"Time":"2026-10-01T10:18:30.314786+08:00","Action":"output","Package":"ops-platform/test/integration","Test":"TestKeycloakAuthorizationCodePKCEAndStepUp","Output":"2026/10/01 10:18:30 OK   00003_finding.sql (5.34ms)\n"}
{"Time":"2026-10-01T10:18:30.318914+08:00","Action":"output","Package":"ops-platform/test/integration","Test":"TestKeycloakAuthorizationCodePKCEAndStepUp","Output":"2026/10/01 10:18:30 OK   00004_incident.sql (3.96ms)\n"}
{"Time":"2026-10-01T10:18:30.324623+08:00","Action":"output","Package":"ops-platform/test/integration","Test":"TestKeycloakAuthorizationCodePKCEAndStepUp","Output":"2026/10/01 10:18:30 OK   00005_investigation.sql (5.49ms)\n"}
{"Time":"2026-10-01T10:18:30.329015+08:00","Action":"output","Package":"ops-platform/test/integration","Test":"TestKeycloakAuthorizationCodePKCEAndStepUp","Output":"2026/10/01 10:18:30 OK   00006_action_command.sql (4.15ms)\n"}
{"Time":"2026-10-01T10:18:30.337503+08:00","Action":"output","Package":"ops-platform/test/integration","Test":"TestKeycloakAuthorizationCodePKCEAndStepUp","Output":"2026/10/01 10:18:30 OK   00007_audit.sql (8.22ms)\n"}
{"Time":"2026-10-01T10:18:30.345316+08:00","Action":"output","Package":"ops-platform/test/integration","Test":"TestKeycloakAuthorizationCodePKCEAndStepUp","Output":"2026/10/01 10:18:30 OK   00008_rls.sql (7.48ms)\n"}
{"Time":"2026-10-01T10:18:30.350868+08:00","Action":"output","Package":"ops-platform/test/integration","Test":"TestKeycloakAuthorizationCodePKCEAndStepUp","Output":"2026/10/01 10:18:30 OK   00009_idempotency_ledger.sql (5.31ms)\n"}
{"Time":"2026-10-01T10:18:30.35414+08:00","Action":"output","Package":"ops-platform/test/integration","Test":"TestKeycloakAuthorizationCodePKCEAndStepUp","Output":"2026/10/01 10:18:30 OK   00010_tenant_provisioning.sql (3.12ms)\n"}
{"Time":"2026-10-01T10:18:30.358947+08:00","Action":"output","Package":"ops-platform/test/integration","Test":"TestKeycloakAuthorizationCodePKCEAndStepUp","Output":"2026/10/01 10:18:30 OK   00011_source_registration_history.sql (4.59ms)\n"}
{"Time":"2026-10-01T10:18:30.366075+08:00","Action":"output","Package":"ops-platform/test/integration","Test":"TestKeycloakAuthorizationCodePKCEAndStepUp","Output":"2026/10/01 10:18:30 OK   00012_config_registry_lifecycle.sql (6.9ms)\n"}
{"Time":"2026-10-01T10:18:30.374439+08:00","Action":"output","Package":"ops-platform/test/integration","Test":"TestKeycloakAuthorizationCodePKCEAndStepUp","Output":"2026/10/01 10:18:30 OK   00013_audit_signed_segments.sql (8.1ms)\n"}
{"Time":"2026-10-01T10:18:30.378665+08:00","Action":"output","Package":"ops-platform/test/integration","Test":"TestKeycloakAuthorizationCodePKCEAndStepUp","Output":"2026/10/01 10:18:30 OK   00014_audit_segment_predecessors.sql (4.05ms)\n"}
{"Time":"2026-10-01T10:18:30.378705+08:00","Action":"output","Package":"ops-platform/test/integration","Test":"TestKeycloakAuthorizationCodePKCEAndStepUp","Output":"2026/10/01 10:18:30 goose: successfully migrated database to version: 14\n"}
{"Time":"2026-10-01T10:18:30.403709+08:00","Action":"output","Package":"ops-platform/test/integration","Test":"TestKeycloakAuthorizationCodePKCEAndStepUp","Output":"{\"time\":\"2026-10-01T10:18:30.403653+08:00\",\"level\":\"INFO\",\"msg\":\"http request complete\",\"request_id\":\"01a0f541-927f-74c2-8161-260b33cfa013\",\"trace_id\":\"4bf92f3577b34da6a3ce929d0e0e4736\",\"span_id\":\"73c50d5c2749217b\",\"method\":\"GET\",\"status_code\":200,\"duration_ms\":4}\n"}
{"Time":"2026-10-01T10:18:30.406137+08:00","Action":"output","Package":"ops-platform/test/integration","Test":"TestKeycloakAuthorizationCodePKCEAndStepUp","Output":"{\"time\":\"2026-10-01T10:18:30.406094+08:00\",\"level\":\"INFO\",\"msg\":\"http request complete\",\"request_id\":\"01a0f541-9283-7efb-b873-0008b5d9c781\",\"trace_id\":\"4bf92f3577b34da6a3ce929d0e0e4736\",\"span_id\":\"3131e5f9c64c3f6f\",\"method\":\"GET\",\"status_code\":200,\"duration_ms\":2}\n"}
{"Time":"2026-10-01T10:18:30.40812+08:00","Action":"output","Package":"ops-platform/test/integration","Test":"TestKeycloakAuthorizationCodePKCEAndStepUp","Output":"{\"time\":\"2026-10-01T10:18:30.408082+08:00\",\"level\":\"INFO\",\"msg\":\"http request complete\",\"request_id\":\"01a0f541-9286-7416-b617-517a2a9bc539\",\"trace_id\":\"4bf92f3577b34da6a3ce929d0e0e4736\",\"span_id\":\"e011ed75ec1cea26\",\"method\":\"GET\",\"status_code\":200,\"duration_ms\":1}\n"}
{"Time":"2026-10-01T10:18:30.410249+08:00","Action":"output","Package":"ops-platform/test/integration","Test":"TestKeycloakAuthorizationCodePKCEAndStepUp","Output":"{\"time\":\"2026-10-01T10:18:30.410216+08:00\",\"level\":\"INFO\",\"msg\":\"http request complete\",\"request_id\":\"01a0f541-9288-7382-90f1-4f6de47f8c13\",\"trace_id\":\"4bf92f3577b34da6a3ce929d0e0e4736\",\"span_id\":\"e13ee6f9db97f17e\",\"method\":\"GET\",\"status_code\":200,\"duration_ms\":1}\n"}
{"Time":"2026-10-01T10:18:30.411809+08:00","Action":"output","Package":"ops-platform/test/integration","Test":"TestKeycloakAuthorizationCodePKCEAndStepUp","Output":"{\"time\":\"2026-10-01T10:18:30.411777+08:00\",\"level\":\"INFO\",\"msg\":\"http request complete\",\"request_id\":\"01a0f541-928a-75ad-8e6f-68e4147dbade\",\"trace_id\":\"4bf92f3577b34da6a3ce929d0e0e4736\",\"span_id\":\"54b7aacd362fce11\",\"method\":\"GET\",\"status_code\":200,\"duration_ms\":1}\n"}
{"Time":"2026-10-01T10:18:30.413324+08:00","Action":"output","Package":"ops-platform/test/integration","Test":"TestKeycloakAuthorizationCodePKCEAndStepUp","Output":"{\"time\":\"2026-10-01T10:18:30.413298+08:00\",\"level\":\"INFO\",\"msg\":\"http request complete\",\"request_id\":\"01a0f541-928b-7dbf-8447-a8db1ea851f5\",\"trace_id\":\"4bf92f3577b34da6a3ce929d0e0e4736\",\"span_id\":\"ed6b494ee70a5d2b\",\"method\":\"GET\",\"status_code\":200,\"duration_ms\":1}\n"}
{"Time":"2026-10-01T10:18:30.418923+08:00","Action":"output","Package":"ops-platform/test/integration","Test":"TestKeycloakAuthorizationCodePKCEAndStepUp","Output":"{\"time\":\"2026-10-01T10:18:30.418879+08:00\",\"level\":\"INFO\",\"msg\":\"http request complete\",\"request_id\":\"01a0f541-928d-7660-aaa2-de6ddcb13501\",\"trace_id\":\"6d9c486cf2c28143a25c28708e1d9fb9\",\"span_id\":\"206308b8473bbe4b\",\"method\":\"POST\",\"status_code\":201,\"duration_ms\":5}\n"}
{"Time":"2026-10-01T10:18:30.422527+08:00","Action":"output","Package":"ops-platform/test/integration","Test":"TestKeycloakAuthorizationCodePKCEAndStepUp","Output":"{\"time\":\"2026-10-01T10:18:30.42246+08:00\",\"level\":\"INFO\",\"msg\":\"http request complete\",\"request_id\":\"01a0f541-9293-71b1-a156-4a422ee964f8\",\"trace_id\":\"55fdc78d5030764600901e7a0c5afa65\",\"span_id\":\"e7e0ea07b5365d36\",\"method\":\"POST\",\"status_code\":201,\"duration_ms\":3}\n"}
{"Time":"2026-10-01T10:18:30.422597+08:00","Action":"output","Package":"ops-platform/test/integration","Test":"TestKeycloakAuthorizationCodePKCEAndStepUp","Output":"    keycloak_test.go:155: actual APIApp served six management routes and replayed claim-bound step-up using real Keycloak JWT and distinct database login\n"}
{"Time":"2026-10-01T10:18:30.423718+08:00","Action":"output","Package":"ops-platform/test/integration","Test":"TestKeycloakAuthorizationCodePKCEAndStepUp","Output":"{\"time\":\"2026-10-01T10:18:30.423683+08:00\",\"level\":\"WARN\",\"msg\":\"trace export failed\",\"signal\":\"traces\"}\n"}
{"Time":"2026-10-01T10:18:30.425055+08:00","Action":"output","Package":"ops-platform/test/integration","Test":"TestKeycloakAuthorizationCodePKCEAndStepUp","Output":"{\"time\":\"2026-10-01T10:18:30.425028+08:00\",\"level\":\"INFO\",\"msg\":\"http request complete\",\"request_id\":\"01a0f541-9297-7c1d-aabf-af3ef4945e65\",\"trace_id\":\"3b97101326bdc3da8b155c7c2181de79\",\"span_id\":\"fec00cc719ad8fbe\",\"method\":\"GET\",\"status_code\":200,\"duration_ms\":1}\n"}
{"Time":"2026-10-01T10:18:30.425114+08:00","Action":"output","Package":"ops-platform/test/integration","Test":"TestKeycloakAuthorizationCodePKCEAndStepUp","Output":"    keycloak_test.go:155: actual OTLP connection refusal reported degradation; authenticated management read continued\n"}
{"Time":"2026-10-01T10:18:31.455443+08:00","Action":"output","Package":"ops-platform/test/integration","Test":"TestKeycloakAuthorizationCodePKCEAndStepUp","Output":"    keycloak_test.go:155: actual authenticated API stdout collected and queried in isolated VictoriaLogs\n"}
{"Time":"2026-10-01T10:18:31.529953+08:00","Action":"output","Package":"ops-platform/test/integration","Test":"TestKeycloakAuthorizationCodePKCEAndStepUp","Output":"--- PASS: TestKeycloakAuthorizationCodePKCEAndStepUp (6.48s)\n","OutputType":"frame"}
{"Time":"2026-10-01T10:18:31.53007+08:00","Action":"pass","Package":"ops-platform/test/integration","Test":"TestKeycloakAuthorizationCodePKCEAndStepUp","Elapsed":6.48}
{"Time":"2026-10-01T10:18:31.53011+08:00","Action":"run","Package":"ops-platform/test/integration","Test":"TestFailedForwardMigrationRollsBackAndCanRecover"}
{"Time":"2026-10-01T10:18:31.530128+08:00","Action":"output","Package":"ops-platform/test/integration","Test":"TestFailedForwardMigrationRollsBackAndCanRecover","Output":"=== RUN   TestFailedForwardMigrationRollsBackAndCanRecover\n","OutputType":"frame"}
{"Time":"2026-10-01T10:18:31.595604+08:00","Action":"output","Package":"ops-platform/test/integration","Test":"TestFailedForwardMigrationRollsBackAndCanRecover","Output":"2026/10/01 10:18:31 OK   00001_roles_and_schemas.sql (12.09ms)\n"}
{"Time":"2026-10-01T10:18:31.595726+08:00","Action":"output","Package":"ops-platform/test/integration","Test":"TestFailedForwardMigrationRollsBackAndCanRecover","Output":"2026/10/01 10:18:31 goose: successfully migrated database to version: 1\n"}
{"Time":"2026-10-01T10:18:31.627444+08:00","Action":"output","Package":"ops-platform/test/integration","Test":"TestFailedForwardMigrationRollsBackAndCanRecover","Output":"2026/10/01 10:18:31 OK   00002_platform_meta.sql (21.58ms)\n"}
{"Time":"2026-10-01T10:18:31.635189+08:00","Action":"output","Package":"ops-platform/test/integration","Test":"TestFailedForwardMigrationRollsBackAndCanRecover","Output":"2026/10/01 10:18:31 OK   00003_finding.sql (7.51ms)\n"}
{"Time":"2026-10-01T10:18:31.641113+08:00","Action":"output","Package":"ops-platform/test/integration","Test":"TestFailedForwardMigrationRollsBackAndCanRecover","Output":"2026/10/01 10:18:31 OK   00004_incident.sql (5.66ms)\n"}
{"Time":"2026-10-01T10:18:31.647511+08:00","Action":"output","Package":"ops-platform/test/integration","Test":"TestFailedForwardMigrationRollsBackAndCanRecover","Output":"2026/10/01 10:18:31 OK   00005_investigation.sql (6.17ms)\n"}
{"Time":"2026-10-01T10:18:31.653363+08:00","Action":"output","Package":"ops-platform/test/integration","Test":"TestFailedForwardMigrationRollsBackAndCanRecover","Output":"2026/10/01 10:18:31 OK   00006_action_command.sql (5.59ms)\n"}
{"Time":"2026-10-01T10:18:31.662838+08:00","Action":"output","Package":"ops-platform/test/integration","Test":"TestFailedForwardMigrationRollsBackAndCanRecover","Output":"2026/10/01 10:18:31 OK   00007_audit.sql (9.15ms)\n"}
{"Time":"2026-10-01T10:18:31.671581+08:00","Action":"output","Package":"ops-platform/test/integration","Test":"TestFailedForwardMigrationRollsBackAndCanRecover","Output":"2026/10/01 10:18:31 OK   00008_rls.sql (8.5ms)\n"}
{"Time":"2026-10-01T10:18:31.678051+08:00","Action":"output","Package":"ops-platform/test/integration","Test":"TestFailedForwardMigrationRollsBackAndCanRecover","Output":"2026/10/01 10:18:31 OK   00009_idempotency_ledger.sql (6.15ms)\n"}
{"Time":"2026-10-01T10:18:31.682832+08:00","Action":"output","Package":"ops-platform/test/integration","Test":"TestFailedForwardMigrationRollsBackAndCanRecover","Output":"2026/10/01 10:18:31 OK   00010_tenant_provisioning.sql (4.5ms)\n"}
{"Time":"2026-10-01T10:18:31.689714+08:00","Action":"output","Package":"ops-platform/test/integration","Test":"TestFailedForwardMigrationRollsBackAndCanRecover","Output":"2026/10/01 10:18:31 OK   00011_source_registration_history.sql (6.43ms)\n"}
{"Time":"2026-10-01T10:18:31.698213+08:00","Action":"output","Package":"ops-platform/test/integration","Test":"TestFailedForwardMigrationRollsBackAndCanRecover","Output":"2026/10/01 10:18:31 OK   00012_config_registry_lifecycle.sql (8.22ms)\n"}
{"Time":"2026-10-01T10:18:31.709372+08:00","Action":"output","Package":"ops-platform/test/integration","Test":"TestFailedForwardMigrationRollsBackAndCanRecover","Output":"2026/10/01 10:18:31 OK   00013_audit_signed_segments.sql (10.73ms)\n"}
{"Time":"2026-10-01T10:18:31.714173+08:00","Action":"output","Package":"ops-platform/test/integration","Test":"TestFailedForwardMigrationRollsBackAndCanRecover","Output":"2026/10/01 10:18:31 OK   00014_audit_segment_predecessors.sql (4.59ms)\n"}
{"Time":"2026-10-01T10:18:31.71423+08:00","Action":"output","Package":"ops-platform/test/integration","Test":"TestFailedForwardMigrationRollsBackAndCanRecover","Output":"2026/10/01 10:18:31 goose: successfully migrated database to version: 14\n"}
{"Time":"2026-10-01T10:18:31.737927+08:00","Action":"output","Package":"ops-platform/test/integration","Test":"TestFailedForwardMigrationRollsBackAndCanRecover","Output":"2026/10/01 10:18:31 OK   00015_review_failure.sql (2.19ms)\n"}
{"Time":"2026-10-01T10:18:31.737999+08:00","Action":"output","Package":"ops-platform/test/integration","Test":"TestFailedForwardMigrationRollsBackAndCanRecover","Output":"2026/10/01 10:18:31 goose: successfully migrated database to version: 15\n"}
{"Time":"2026-10-01T10:18:31.738017+08:00","Action":"output","Package":"ops-platform/test/integration","Test":"TestFailedForwardMigrationRollsBackAndCanRecover","Output":"    migration_recovery_test.go:66: deliberate SQL division-by-zero rolled back DDL/version; corrected unapplied forward migration succeeded as migration_role\n"}
{"Time":"2026-10-01T10:18:31.790549+08:00","Action":"output","Package":"ops-platform/test/integration","Test":"TestFailedForwardMigrationRollsBackAndCanRecover","Output":"--- PASS: TestFailedForwardMigrationRollsBackAndCanRecover (0.26s)\n","OutputType":"frame"}
{"Time":"2026-10-01T10:18:31.790734+08:00","Action":"pass","Package":"ops-platform/test/integration","Test":"TestFailedForwardMigrationRollsBackAndCanRecover","Elapsed":0.26}
{"Time":"2026-10-01T10:18:31.790776+08:00","Action":"run","Package":"ops-platform/test/integration","Test":"TestMigrationScriptsAreForwardOnlyAndContiguous"}
{"Time":"2026-10-01T10:18:31.790791+08:00","Action":"output","Package":"ops-platform/test/integration","Test":"TestMigrationScriptsAreForwardOnlyAndContiguous","Output":"=== RUN   TestMigrationScriptsAreForwardOnlyAndContiguous\n","OutputType":"frame"}
{"Time":"2026-10-01T10:18:31.791862+08:00","Action":"output","Package":"ops-platform/test/integration","Test":"TestMigrationScriptsAreForwardOnlyAndContiguous","Output":"--- PASS: TestMigrationScriptsAreForwardOnlyAndContiguous (0.00s)\n","OutputType":"frame"}
{"Time":"2026-10-01T10:18:31.791906+08:00","Action":"pass","Package":"ops-platform/test/integration","Test":"TestMigrationScriptsAreForwardOnlyAndContiguous","Elapsed":0}
{"Time":"2026-10-01T10:18:31.791922+08:00","Action":"run","Package":"ops-platform/test/integration","Test":"TestMigrationsAndRoles"}
{"Time":"2026-10-01T10:18:31.791934+08:00","Action":"output","Package":"ops-platform/test/integration","Test":"TestMigrationsAndRoles","Output":"=== RUN   TestMigrationsAndRoles\n","OutputType":"frame"}
{"Time":"2026-10-01T10:18:31.841074+08:00","Action":"output","Package":"ops-platform/test/integration","Test":"TestMigrationsAndRoles","Output":"2026/10/01 10:18:31 OK   00001_roles_and_schemas.sql (9.14ms)\n"}
{"Time":"2026-10-01T10:18:31.841152+08:00","Action":"output","Package":"ops-platform/test/integration","Test":"TestMigrationsAndRoles","Output":"2026/10/01 10:18:31 goose: successfully migrated database to version: 1\n"}
{"Time":"2026-10-01T10:18:31.863811+08:00","Action":"output","Package":"ops-platform/test/integration","Test":"TestMigrationsAndRoles","Output":"2026/10/01 10:18:31 OK   00002_platform_meta.sql (15.25ms)\n"}
{"Time":"2026-10-01T10:18:31.870738+08:00","Action":"output","Package":"ops-platform/test/integration","Test":"TestMigrationsAndRoles","Output":"2026/10/01 10:18:31 OK   00003_finding.sql (6.6ms)\n"}
{"Time":"2026-10-01T10:18:31.876196+08:00","Action":"output","Package":"ops-platform/test/integration","Test":"TestMigrationsAndRoles","Output":"2026/10/01 10:18:31 OK   00004_incident.sql (4.84ms)\n"}
{"Time":"2026-10-01T10:18:31.881971+08:00","Action":"output","Package":"ops-platform/test/integration","Test":"TestMigrationsAndRoles","Output":"2026/10/01 10:18:31 OK   00005_investigation.sql (5.52ms)\n"}
{"Time":"2026-10-01T10:18:31.887097+08:00","Action":"output","Package":"ops-platform/test/integration","Test":"TestMigrationsAndRoles","Output":"2026/10/01 10:18:31 OK   00006_action_command.sql (4.85ms)\n"}
{"Time":"2026-10-01T10:18:31.895676+08:00","Action":"output","Package":"ops-platform/test/integration","Test":"TestMigrationsAndRoles","Output":"2026/10/01 10:18:31 OK   00007_audit.sql (8.39ms)\n"}
{"Time":"2026-10-01T10:18:31.904053+08:00","Action":"output","Package":"ops-platform/test/integration","Test":"TestMigrationsAndRoles","Output":"2026/10/01 10:18:31 OK   00008_rls.sql (8.17ms)\n"}
{"Time":"2026-10-01T10:18:31.909724+08:00","Action":"output","Package":"ops-platform/test/integration","Test":"TestMigrationsAndRoles","Output":"2026/10/01 10:18:31 OK   00009_idempotency_ledger.sql (5.37ms)\n"}
{"Time":"2026-10-01T10:18:31.913627+08:00","Action":"output","Package":"ops-platform/test/integration","Test":"TestMigrationsAndRoles","Output":"2026/10/01 10:18:31 OK   00010_tenant_provisioning.sql (3.64ms)\n"}
{"Time":"2026-10-01T10:18:31.91973+08:00","Action":"output","Package":"ops-platform/test/integration","Test":"TestMigrationsAndRoles","Output":"2026/10/01 10:18:31 OK   00011_source_registration_history.sql (5.9ms)\n"}
{"Time":"2026-10-01T10:18:31.928385+08:00","Action":"output","Package":"ops-platform/test/integration","Test":"TestMigrationsAndRoles","Output":"2026/10/01 10:18:31 OK   00012_config_registry_lifecycle.sql (8.35ms)\n"}
{"Time":"2026-10-01T10:18:31.942092+08:00","Action":"output","Package":"ops-platform/test/integration","Test":"TestMigrationsAndRoles","Output":"2026/10/01 10:18:31 OK   00013_audit_signed_segments.sql (13.28ms)\n"}
{"Time":"2026-10-01T10:18:31.948013+08:00","Action":"output","Package":"ops-platform/test/integration","Test":"TestMigrationsAndRoles","Output":"2026/10/01 10:18:31 OK   00014_audit_segment_predecessors.sql (5.71ms)\n"}
{"Time":"2026-10-01T10:18:31.94807+08:00","Action":"output","Package":"ops-platform/test/integration","Test":"TestMigrationsAndRoles","Output":"2026/10/01 10:18:31 goose: successfully migrated database to version: 14\n"}
{"Time":"2026-10-01T10:18:31.996873+08:00","Action":"output","Package":"ops-platform/test/integration","Test":"TestMigrationsAndRoles","Output":"--- PASS: TestMigrationsAndRoles (0.20s)\n","OutputType":"frame"}
{"Time":"2026-10-01T10:18:31.996958+08:00","Action":"pass","Package":"ops-platform/test/integration","Test":"TestMigrationsAndRoles","Elapsed":0.2}
{"Time":"2026-10-01T10:18:31.99699+08:00","Action":"run","Package":"ops-platform/test/integration","Test":"TestMigrationsUpgradeVersionOneData"}
{"Time":"2026-10-01T10:18:31.997003+08:00","Action":"output","Package":"ops-platform/test/integration","Test":"TestMigrationsUpgradeVersionOneData","Output":"=== RUN   TestMigrationsUpgradeVersionOneData\n","OutputType":"frame"}
{"Time":"2026-10-01T10:18:32.034911+08:00","Action":"output","Package":"ops-platform/test/integration","Test":"TestMigrationsUpgradeVersionOneData","Output":"2026/10/01 10:18:32 OK   00001_roles_and_schemas.sql (7.32ms)\n"}
{"Time":"2026-10-01T10:18:32.034975+08:00","Action":"output","Package":"ops-platform/test/integration","Test":"TestMigrationsUpgradeVersionOneData","Output":"2026/10/01 10:18:32 goose: successfully migrated database to version: 1\n"}
{"Time":"2026-10-01T10:18:32.055954+08:00","Action":"output","Package":"ops-platform/test/integration","Test":"TestMigrationsUpgradeVersionOneData","Output":"2026/10/01 10:18:32 OK   00002_platform_meta.sql (13.17ms)\n"}
{"Time":"2026-10-01T10:18:32.06203+08:00","Action":"output","Package":"ops-platform/test/integration","Test":"TestMigrationsUpgradeVersionOneData","Output":"2026/10/01 10:18:32 OK   00003_finding.sql (5.83ms)\n"}
{"Time":"2026-10-01T10:18:32.066447+08:00","Action":"output","Package":"ops-platform/test/integration","Test":"TestMigrationsUpgradeVersionOneData","Output":"2026/10/01 10:18:32 OK   00004_incident.sql (4.2ms)\n"}
{"Time":"2026-10-01T10:18:32.07275+08:00","Action":"output","Package":"ops-platform/test/integration","Test":"TestMigrationsUpgradeVersionOneData","Output":"2026/10/01 10:18:32 OK   00005_investigation.sql (5.99ms)\n"}
{"Time":"2026-10-01T10:18:32.077556+08:00","Action":"output","Package":"ops-platform/test/integration","Test":"TestMigrationsUpgradeVersionOneData","Output":"2026/10/01 10:18:32 OK   00006_action_command.sql (4.59ms)\n"}
{"Time":"2026-10-01T10:18:32.085846+08:00","Action":"output","Package":"ops-platform/test/integration","Test":"TestMigrationsUpgradeVersionOneData","Output":"2026/10/01 10:18:32 OK   00007_audit.sql (7.95ms)\n"}
{"Time":"2026-10-01T10:18:32.093433+08:00","Action":"output","Package":"ops-platform/test/integration","Test":"TestMigrationsUpgradeVersionOneData","Output":"2026/10/01 10:18:32 OK   00008_rls.sql (7.34ms)\n"}
{"Time":"2026-10-01T10:18:32.09864+08:00","Action":"output","Package":"ops-platform/test/integration","Test":"TestMigrationsUpgradeVersionOneData","Output":"2026/10/01 10:18:32 OK   00009_idempotency_ledger.sql (4.93ms)\n"}
{"Time":"2026-10-01T10:18:32.101974+08:00","Action":"output","Package":"ops-platform/test/integration","Test":"TestMigrationsUpgradeVersionOneData","Output":"2026/10/01 10:18:32 OK   00010_tenant_provisioning.sql (3.12ms)\n"}
{"Time":"2026-10-01T10:18:32.106375+08:00","Action":"output","Package":"ops-platform/test/integration","Test":"TestMigrationsUpgradeVersionOneData","Output":"2026/10/01 10:18:32 OK   00011_source_registration_history.sql (4.2ms)\n"}
{"Time":"2026-10-01T10:18:32.113361+08:00","Action":"output","Package":"ops-platform/test/integration","Test":"TestMigrationsUpgradeVersionOneData","Output":"2026/10/01 10:18:32 OK   00012_config_registry_lifecycle.sql (6.78ms)\n"}
{"Time":"2026-10-01T10:18:32.123362+08:00","Action":"output","Package":"ops-platform/test/integration","Test":"TestMigrationsUpgradeVersionOneData","Output":"2026/10/01 10:18:32 OK   00013_audit_signed_segments.sql (9.66ms)\n"}
{"Time":"2026-10-01T10:18:32.127607+08:00","Action":"output","Package":"ops-platform/test/integration","Test":"TestMigrationsUpgradeVersionOneData","Output":"2026/10/01 10:18:32 OK   00014_audit_segment_predecessors.sql (3.97ms)\n"}
{"Time":"2026-10-01T10:18:32.127662+08:00","Action":"output","Package":"ops-platform/test/integration","Test":"TestMigrationsUpgradeVersionOneData","Output":"2026/10/01 10:18:32 goose: successfully migrated database to version: 14\n"}
{"Time":"2026-10-01T10:18:32.160911+08:00","Action":"output","Package":"ops-platform/test/integration","Test":"TestMigrationsUpgradeVersionOneData","Output":"--- PASS: TestMigrationsUpgradeVersionOneData (0.16s)\n","OutputType":"frame"}
{"Time":"2026-10-01T10:18:32.16097+08:00","Action":"pass","Package":"ops-platform/test/integration","Test":"TestMigrationsUpgradeVersionOneData","Elapsed":0.16}
{"Time":"2026-10-01T10:18:32.160988+08:00","Action":"run","Package":"ops-platform/test/integration","Test":"TestWithTenantTxIsolatesTenantsAndUsesAppendOnlyAudit"}
{"Time":"2026-10-01T10:18:32.160996+08:00","Action":"output","Package":"ops-platform/test/integration","Test":"TestWithTenantTxIsolatesTenantsAndUsesAppendOnlyAudit","Output":"=== RUN   TestWithTenantTxIsolatesTenantsAndUsesAppendOnlyAudit\n","OutputType":"frame"}
{"Time":"2026-10-01T10:18:32.191805+08:00","Action":"output","Package":"ops-platform/test/integration","Test":"TestWithTenantTxIsolatesTenantsAndUsesAppendOnlyAudit","Output":"2026/10/01 10:18:32 OK   00001_roles_and_schemas.sql (6.37ms)\n"}
{"Time":"2026-10-01T10:18:32.191861+08:00","Action":"output","Package":"ops-platform/test/integration","Test":"TestWithTenantTxIsolatesTenantsAndUsesAppendOnlyAudit","Output":"2026/10/01 10:18:32 goose: successfully migrated database to version: 1\n"}
{"Time":"2026-10-01T10:18:32.209084+08:00","Action":"output","Package":"ops-platform/test/integration","Test":"TestWithTenantTxIsolatesTenantsAndUsesAppendOnlyAudit","Output":"2026/10/01 10:18:32 OK   00002_platform_meta.sql (12.46ms)\n"}
{"Time":"2026-10-01T10:18:32.214639+08:00","Action":"output","Package":"ops-platform/test/integration","Test":"TestWithTenantTxIsolatesTenantsAndUsesAppendOnlyAudit","Output":"2026/10/01 10:18:32 OK   00003_finding.sql (5.34ms)\n"}
{"Time":"2026-10-01T10:18:32.218859+08:00","Action":"output","Package":"ops-platform/test/integration","Test":"TestWithTenantTxIsolatesTenantsAndUsesAppendOnlyAudit","Output":"2026/10/01 10:18:32 OK   00004_incident.sql (4.06ms)\n"}
{"Time":"2026-10-01T10:18:32.223525+08:00","Action":"output","Package":"ops-platform/test/integration","Test":"TestWithTenantTxIsolatesTenantsAndUsesAppendOnlyAudit","Output":"2026/10/01 10:18:32 OK   00005_investigation.sql (4.52ms)\n"}
{"Time":"2026-10-01T10:18:32.227595+08:00","Action":"output","Package":"ops-platform/test/integration","Test":"TestWithTenantTxIsolatesTenantsAndUsesAppendOnlyAudit","Output":"2026/10/01 10:18:32 OK   00006_action_command.sql (3.87ms)\n"}
{"Time":"2026-10-01T10:18:32.234191+08:00","Action":"output","Package":"ops-platform/test/integration","Test":"TestWithTenantTxIsolatesTenantsAndUsesAppendOnlyAudit","Output":"2026/10/01 10:18:32 OK   00007_audit.sql (6.38ms)\n"}
{"Time":"2026-10-01T10:18:32.240438+08:00","Action":"output","Package":"ops-platform/test/integration","Test":"TestWithTenantTxIsolatesTenantsAndUsesAppendOnlyAudit","Output":"2026/10/01 10:18:32 OK   00008_rls.sql (6.05ms)\n"}
{"Time":"2026-10-01T10:18:32.245798+08:00","Action":"output","Package":"ops-platform/test/integration","Test":"TestWithTenantTxIsolatesTenantsAndUsesAppendOnlyAudit","Output":"2026/10/01 10:18:32 OK   00009_idempotency_ledger.sql (5.17ms)\n"}
{"Time":"2026-10-01T10:18:32.249554+08:00","Action":"output","Package":"ops-platform/test/integration","Test":"TestWithTenantTxIsolatesTenantsAndUsesAppendOnlyAudit","Output":"2026/10/01 10:18:32 OK   00010_tenant_provisioning.sql (3.59ms)\n"}
{"Time":"2026-10-01T10:18:32.253924+08:00","Action":"output","Package":"ops-platform/test/integration","Test":"TestWithTenantTxIsolatesTenantsAndUsesAppendOnlyAudit","Output":"2026/10/01 10:18:32 OK   00011_source_registration_history.sql (4.23ms)\n"}
{"Time":"2026-10-01T10:18:32.2606+08:00","Action":"output","Package":"ops-platform/test/integration","Test":"TestWithTenantTxIsolatesTenantsAndUsesAppendOnlyAudit","Output":"2026/10/01 10:18:32 OK   00012_config_registry_lifecycle.sql (6.5ms)\n"}
{"Time":"2026-10-01T10:18:32.268428+08:00","Action":"output","Package":"ops-platform/test/integration","Test":"TestWithTenantTxIsolatesTenantsAndUsesAppendOnlyAudit","Output":"2026/10/01 10:18:32 OK   00013_audit_signed_segments.sql (7.6ms)\n"}
{"Time":"2026-10-01T10:18:32.272153+08:00","Action":"output","Package":"ops-platform/test/integration","Test":"TestWithTenantTxIsolatesTenantsAndUsesAppendOnlyAudit","Output":"2026/10/01 10:18:32 OK   00014_audit_segment_predecessors.sql (3.55ms)\n"}
{"Time":"2026-10-01T10:18:32.272208+08:00","Action":"output","Package":"ops-platform/test/integration","Test":"TestWithTenantTxIsolatesTenantsAndUsesAppendOnlyAudit","Output":"2026/10/01 10:18:32 goose: successfully migrated database to version: 14\n"}
{"Time":"2026-10-01T10:18:32.320329+08:00","Action":"output","Package":"ops-platform/test/integration","Test":"TestWithTenantTxIsolatesTenantsAndUsesAppendOnlyAudit","Output":"--- PASS: TestWithTenantTxIsolatesTenantsAndUsesAppendOnlyAudit (0.16s)\n","OutputType":"frame"}
{"Time":"2026-10-01T10:18:32.320395+08:00","Action":"pass","Package":"ops-platform/test/integration","Test":"TestWithTenantTxIsolatesTenantsAndUsesAppendOnlyAudit","Elapsed":0.16}
{"Time":"2026-10-01T10:18:32.320417+08:00","Action":"run","Package":"ops-platform/test/integration","Test":"TestRealVictoriaMetricsScrapesPlatformProcessMetric"}
{"Time":"2026-10-01T10:18:32.320429+08:00","Action":"output","Package":"ops-platform/test/integration","Test":"TestRealVictoriaMetricsScrapesPlatformProcessMetric","Output":"=== RUN   TestRealVictoriaMetricsScrapesPlatformProcessMetric\n","OutputType":"frame"}
{"Time":"2026-10-01T10:18:32.322246+08:00","Action":"output","Package":"ops-platform/test/integration","Test":"TestRealVictoriaMetricsScrapesPlatformProcessMetric","Output":"--- PASS: TestRealVictoriaMetricsScrapesPlatformProcessMetric (0.00s)\n","OutputType":"frame"}
{"Time":"2026-10-01T10:18:32.322308+08:00","Action":"pass","Package":"ops-platform/test/integration","Test":"TestRealVictoriaMetricsScrapesPlatformProcessMetric","Elapsed":0}
{"Time":"2026-10-01T10:18:32.322325+08:00","Action":"run","Package":"ops-platform/test/integration","Test":"TestRealVictoriaLogsAcceptsStructuredPlatformStdout"}
{"Time":"2026-10-01T10:18:32.322337+08:00","Action":"output","Package":"ops-platform/test/integration","Test":"TestRealVictoriaLogsAcceptsStructuredPlatformStdout","Output":"=== RUN   TestRealVictoriaLogsAcceptsStructuredPlatformStdout\n","OutputType":"frame"}
{"Time":"2026-10-01T10:18:33.329204+08:00","Action":"output","Package":"ops-platform/test/integration","Test":"TestRealVictoriaLogsAcceptsStructuredPlatformStdout","Output":"--- PASS: TestRealVictoriaLogsAcceptsStructuredPlatformStdout (1.01s)\n","OutputType":"frame"}
{"Time":"2026-10-01T10:18:33.329394+08:00","Action":"pass","Package":"ops-platform/test/integration","Test":"TestRealVictoriaLogsAcceptsStructuredPlatformStdout","Elapsed":1.01}
{"Time":"2026-10-01T10:18:33.329511+08:00","Action":"run","Package":"ops-platform/test/integration","Test":"TestRealProjectedPodTokensAuthenticateOpenBaoAndWorkloadMTLS"}
{"Time":"2026-10-01T10:18:33.329562+08:00","Action":"output","Package":"ops-platform/test/integration","Test":"TestRealProjectedPodTokensAuthenticateOpenBaoAndWorkloadMTLS","Output":"=== RUN   TestRealProjectedPodTokensAuthenticateOpenBaoAndWorkloadMTLS\n","OutputType":"frame"}
{"Time":"2026-10-01T10:18:33.469191+08:00","Action":"output","Package":"ops-platform/test/integration","Test":"TestRealProjectedPodTokensAuthenticateOpenBaoAndWorkloadMTLS","Output":"2026/10/01 10:18:33 http: TLS handshake error from 127.0.0.1:57062: tls: client didn't provide a certificate\n"}
{"Time":"2026-10-01T10:18:33.469319+08:00","Action":"output","Package":"ops-platform/test/integration","Test":"TestRealProjectedPodTokensAuthenticateOpenBaoAndWorkloadMTLS","Output":"    projected_workload_test.go:133: real Pod-bound TokenReview accepted three workload identities, denied unauthorized SA/namespace/audience; Investigator and test Runner mTLS completed without forwarded JWT\n"}
{"Time":"2026-10-01T10:18:33.469355+08:00","Action":"output","Package":"ops-platform/test/integration","Test":"TestRealProjectedPodTokensAuthenticateOpenBaoAndWorkloadMTLS","Output":"--- PASS: TestRealProjectedPodTokensAuthenticateOpenBaoAndWorkloadMTLS (0.14s)\n","OutputType":"frame"}
{"Time":"2026-10-01T10:18:33.469367+08:00","Action":"pass","Package":"ops-platform/test/integration","Test":"TestRealProjectedPodTokensAuthenticateOpenBaoAndWorkloadMTLS","Elapsed":0.14}
{"Time":"2026-10-01T10:18:33.46938+08:00","Action":"run","Package":"ops-platform/test/integration","Test":"TestRuntimeDatabaseLoginCannotRegainOwnerOrOtherProcess"}
{"Time":"2026-10-01T10:18:33.469389+08:00","Action":"output","Package":"ops-platform/test/integration","Test":"TestRuntimeDatabaseLoginCannotRegainOwnerOrOtherProcess","Output":"=== RUN   TestRuntimeDatabaseLoginCannotRegainOwnerOrOtherProcess\n","OutputType":"frame"}
{"Time":"2026-10-01T10:18:33.521998+08:00","Action":"output","Package":"ops-platform/test/integration","Test":"TestRuntimeDatabaseLoginCannotRegainOwnerOrOtherProcess","Output":"2026/10/01 10:18:33 OK   00001_roles_and_schemas.sql (8.35ms)\n"}
{"Time":"2026-10-01T10:18:33.538126+08:00","Action":"output","Package":"ops-platform/test/integration","Test":"TestRuntimeDatabaseLoginCannotRegainOwnerOrOtherProcess","Output":"2026/10/01 10:18:33 OK   00002_platform_meta.sql (15.61ms)\n"}
{"Time":"2026-10-01T10:18:33.545863+08:00","Action":"output","Package":"ops-platform/test/integration","Test":"TestRuntimeDatabaseLoginCannotRegainOwnerOrOtherProcess","Output":"2026/10/01 10:18:33 OK   00003_finding.sql (7.1ms)\n"}
{"Time":"2026-10-01T10:18:33.550998+08:00","Action":"output","Package":"ops-platform/test/integration","Test":"TestRuntimeDatabaseLoginCannotRegainOwnerOrOtherProcess","Output":"2026/10/01 10:18:33 OK   00004_incident.sql (4.71ms)\n"}
{"Time":"2026-10-01T10:18:33.556262+08:00","Action":"output","Package":"ops-platform/test/integration","Test":"TestRuntimeDatabaseLoginCannotRegainOwnerOrOtherProcess","Output":"2026/10/01 10:18:33 OK   00005_investigation.sql (5.08ms)\n"}
{"Time":"2026-10-01T10:18:33.562116+08:00","Action":"output","Package":"ops-platform/test/integration","Test":"TestRuntimeDatabaseLoginCannotRegainOwnerOrOtherProcess","Output":"2026/10/01 10:18:33 OK   00006_action_command.sql (5.4ms)\n"}
{"Time":"2026-10-01T10:18:33.570483+08:00","Action":"output","Package":"ops-platform/test/integration","Test":"TestRuntimeDatabaseLoginCannotRegainOwnerOrOtherProcess","Output":"2026/10/01 10:18:33 OK   00007_audit.sql (8ms)\n"}
{"Time":"2026-10-01T10:18:33.578078+08:00","Action":"output","Package":"ops-platform/test/integration","Test":"TestRuntimeDatabaseLoginCannotRegainOwnerOrOtherProcess","Output":"2026/10/01 10:18:33 OK   00008_rls.sql (7.33ms)\n"}
{"Time":"2026-10-01T10:18:33.583875+08:00","Action":"output","Package":"ops-platform/test/integration","Test":"TestRuntimeDatabaseLoginCannotRegainOwnerOrOtherProcess","Output":"2026/10/01 10:18:33 OK   00009_idempotency_ledger.sql (5.54ms)\n"}
{"Time":"2026-10-01T10:18:33.587502+08:00","Action":"output","Package":"ops-platform/test/integration","Test":"TestRuntimeDatabaseLoginCannotRegainOwnerOrOtherProcess","Output":"2026/10/01 10:18:33 OK   00010_tenant_provisioning.sql (3.43ms)\n"}
{"Time":"2026-10-01T10:18:33.592844+08:00","Action":"output","Package":"ops-platform/test/integration","Test":"TestRuntimeDatabaseLoginCannotRegainOwnerOrOtherProcess","Output":"2026/10/01 10:18:33 OK   00011_source_registration_history.sql (5.16ms)\n"}
{"Time":"2026-10-01T10:18:33.601311+08:00","Action":"output","Package":"ops-platform/test/integration","Test":"TestRuntimeDatabaseLoginCannotRegainOwnerOrOtherProcess","Output":"2026/10/01 10:18:33 OK   00012_config_registry_lifecycle.sql (8.16ms)\n"}
{"Time":"2026-10-01T10:18:33.611262+08:00","Action":"output","Package":"ops-platform/test/integration","Test":"TestRuntimeDatabaseLoginCannotRegainOwnerOrOtherProcess","Output":"2026/10/01 10:18:33 OK   00013_audit_signed_segments.sql (9.52ms)\n"}
{"Time":"2026-10-01T10:18:33.615406+08:00","Action":"output","Package":"ops-platform/test/integration","Test":"TestRuntimeDatabaseLoginCannotRegainOwnerOrOtherProcess","Output":"2026/10/01 10:18:33 OK   00014_audit_segment_predecessors.sql (3.94ms)\n"}
{"Time":"2026-10-01T10:18:33.615441+08:00","Action":"output","Package":"ops-platform/test/integration","Test":"TestRuntimeDatabaseLoginCannotRegainOwnerOrOtherProcess","Output":"2026/10/01 10:18:33 goose: successfully migrated database to version: 14\n"}
{"Time":"2026-10-01T10:18:33.692991+08:00","Action":"output","Package":"ops-platform/test/integration","Test":"TestRuntimeDatabaseLoginCannotRegainOwnerOrOtherProcess","Output":"--- PASS: TestRuntimeDatabaseLoginCannotRegainOwnerOrOtherProcess (0.22s)\n","OutputType":"frame"}
{"Time":"2026-10-01T10:18:33.693075+08:00","Action":"pass","Package":"ops-platform/test/integration","Test":"TestRuntimeDatabaseLoginCannotRegainOwnerOrOtherProcess","Elapsed":0.22}
{"Time":"2026-10-01T10:18:33.693121+08:00","Action":"run","Package":"ops-platform/test/integration","Test":"TestSourceRegistrationsAreTenantBoundRevisionedAndAudited"}
{"Time":"2026-10-01T10:18:33.693132+08:00","Action":"output","Package":"ops-platform/test/integration","Test":"TestSourceRegistrationsAreTenantBoundRevisionedAndAudited","Output":"=== RUN   TestSourceRegistrationsAreTenantBoundRevisionedAndAudited\n","OutputType":"frame"}
{"Time":"2026-10-01T10:18:33.752575+08:00","Action":"output","Package":"ops-platform/test/integration","Test":"TestSourceRegistrationsAreTenantBoundRevisionedAndAudited","Output":"2026/10/01 10:18:33 OK   00001_roles_and_schemas.sql (9.76ms)\n"}
{"Time":"2026-10-01T10:18:33.752681+08:00","Action":"output","Package":"ops-platform/test/integration","Test":"TestSourceRegistrationsAreTenantBoundRevisionedAndAudited","Output":"2026/10/01 10:18:33 goose: successfully migrated database to version: 1\n"}
{"Time":"2026-10-01T10:18:33.777942+08:00","Action":"output","Package":"ops-platform/test/integration","Test":"TestSourceRegistrationsAreTenantBoundRevisionedAndAudited","Output":"2026/10/01 10:18:33 OK   00002_platform_meta.sql (13.45ms)\n"}
{"Time":"2026-10-01T10:18:33.785443+08:00","Action":"output","Package":"ops-platform/test/integration","Test":"TestSourceRegistrationsAreTenantBoundRevisionedAndAudited","Output":"2026/10/01 10:18:33 OK   00003_finding.sql (7.27ms)\n"}
{"Time":"2026-10-01T10:18:33.792027+08:00","Action":"output","Package":"ops-platform/test/integration","Test":"TestSourceRegistrationsAreTenantBoundRevisionedAndAudited","Output":"2026/10/01 10:18:33 OK   00004_incident.sql (6.34ms)\n"}
{"Time":"2026-10-01T10:18:33.797695+08:00","Action":"output","Package":"ops-platform/test/integration","Test":"TestSourceRegistrationsAreTenantBoundRevisionedAndAudited","Output":"2026/10/01 10:18:33 OK   00005_investigation.sql (5.42ms)\n"}
{"Time":"2026-10-01T10:18:33.803186+08:00","Action":"output","Package":"ops-platform/test/integration","Test":"TestSourceRegistrationsAreTenantBoundRevisionedAndAudited","Output":"2026/10/01 10:18:33 OK   00006_action_command.sql (5.27ms)\n"}
{"Time":"2026-10-01T10:18:33.812542+08:00","Action":"output","Package":"ops-platform/test/integration","Test":"TestSourceRegistrationsAreTenantBoundRevisionedAndAudited","Output":"2026/10/01 10:18:33 OK   00007_audit.sql (9.06ms)\n"}
{"Time":"2026-10-01T10:18:33.819991+08:00","Action":"output","Package":"ops-platform/test/integration","Test":"TestSourceRegistrationsAreTenantBoundRevisionedAndAudited","Output":"2026/10/01 10:18:33 OK   00008_rls.sql (7.2ms)\n"}
{"Time":"2026-10-01T10:18:33.825676+08:00","Action":"output","Package":"ops-platform/test/integration","Test":"TestSourceRegistrationsAreTenantBoundRevisionedAndAudited","Output":"2026/10/01 10:18:33 OK   00009_idempotency_ledger.sql (5.38ms)\n"}
{"Time":"2026-10-01T10:18:33.829085+08:00","Action":"output","Package":"ops-platform/test/integration","Test":"TestSourceRegistrationsAreTenantBoundRevisionedAndAudited","Output":"2026/10/01 10:18:33 OK   00010_tenant_provisioning.sql (3.15ms)\n"}
{"Time":"2026-10-01T10:18:33.833753+08:00","Action":"output","Package":"ops-platform/test/integration","Test":"TestSourceRegistrationsAreTenantBoundRevisionedAndAudited","Output":"2026/10/01 10:18:33 OK   00011_source_registration_history.sql (4.44ms)\n"}
{"Time":"2026-10-01T10:18:33.840873+08:00","Action":"output","Package":"ops-platform/test/integration","Test":"TestSourceRegistrationsAreTenantBoundRevisionedAndAudited","Output":"2026/10/01 10:18:33 OK   00012_config_registry_lifecycle.sql (6.53ms)\n"}
{"Time":"2026-10-01T10:18:33.849997+08:00","Action":"output","Package":"ops-platform/test/integration","Test":"TestSourceRegistrationsAreTenantBoundRevisionedAndAudited","Output":"2026/10/01 10:18:33 OK   00013_audit_signed_segments.sql (9ms)\n"}
{"Time":"2026-10-01T10:18:33.855506+08:00","Action":"output","Package":"ops-platform/test/integration","Test":"TestSourceRegistrationsAreTenantBoundRevisionedAndAudited","Output":"2026/10/01 10:18:33 OK   00014_audit_segment_predecessors.sql (5.38ms)\n"}
{"Time":"2026-10-01T10:18:33.855524+08:00","Action":"output","Package":"ops-platform/test/integration","Test":"TestSourceRegistrationsAreTenantBoundRevisionedAndAudited","Output":"2026/10/01 10:18:33 goose: successfully migrated database to version: 14\n"}
{"Time":"2026-10-01T10:18:33.881407+08:00","Action":"run","Package":"ops-platform/test/integration","Test":"TestSourceRegistrationsAreTenantBoundRevisionedAndAudited/payload-tenant"}
{"Time":"2026-10-01T10:18:33.881434+08:00","Action":"output","Package":"ops-platform/test/integration","Test":"TestSourceRegistrationsAreTenantBoundRevisionedAndAudited/payload-tenant","Output":"=== RUN   TestSourceRegistrationsAreTenantBoundRevisionedAndAudited/payload-tenant\n","OutputType":"frame"}
{"Time":"2026-10-01T10:18:33.881989+08:00","Action":"output","Package":"ops-platform/test/integration","Test":"TestSourceRegistrationsAreTenantBoundRevisionedAndAudited/payload-tenant","Output":"--- PASS: TestSourceRegistrationsAreTenantBoundRevisionedAndAudited/payload-tenant (0.00s)\n","OutputType":"frame"}
{"Time":"2026-10-01T10:18:33.881997+08:00","Action":"pass","Package":"ops-platform/test/integration","Test":"TestSourceRegistrationsAreTenantBoundRevisionedAndAudited/payload-tenant","Elapsed":0}
{"Time":"2026-10-01T10:18:33.882002+08:00","Action":"run","Package":"ops-platform/test/integration","Test":"TestSourceRegistrationsAreTenantBoundRevisionedAndAudited/payload-cluster"}
{"Time":"2026-10-01T10:18:33.882005+08:00","Action":"output","Package":"ops-platform/test/integration","Test":"TestSourceRegistrationsAreTenantBoundRevisionedAndAudited/payload-cluster","Output":"=== RUN   TestSourceRegistrationsAreTenantBoundRevisionedAndAudited/payload-cluster\n","OutputType":"frame"}
{"Time":"2026-10-01T10:18:33.882578+08:00","Action":"output","Package":"ops-platform/test/integration","Test":"TestSourceRegistrationsAreTenantBoundRevisionedAndAudited/payload-cluster","Output":"--- PASS: TestSourceRegistrationsAreTenantBoundRevisionedAndAudited/payload-cluster (0.00s)\n","OutputType":"frame"}
{"Time":"2026-10-01T10:18:33.882587+08:00","Action":"pass","Package":"ops-platform/test/integration","Test":"TestSourceRegistrationsAreTenantBoundRevisionedAndAudited/payload-cluster","Elapsed":0}
{"Time":"2026-10-01T10:18:33.956962+08:00","Action":"output","Package":"ops-platform/test/integration","Test":"TestSourceRegistrationsAreTenantBoundRevisionedAndAudited","Output":"--- PASS: TestSourceRegistrationsAreTenantBoundRevisionedAndAudited (0.26s)\n","OutputType":"frame"}
{"Time":"2026-10-01T10:18:33.956986+08:00","Action":"pass","Package":"ops-platform/test/integration","Test":"TestSourceRegistrationsAreTenantBoundRevisionedAndAudited","Elapsed":0.26}
{"Time":"2026-10-01T10:18:33.956994+08:00","Action":"run","Package":"ops-platform/test/integration","Test":"TestRevokedStepUpCannotBeRecreatedByReplayingSameJWT"}
{"Time":"2026-10-01T10:18:33.956997+08:00","Action":"output","Package":"ops-platform/test/integration","Test":"TestRevokedStepUpCannotBeRecreatedByReplayingSameJWT","Output":"=== RUN   TestRevokedStepUpCannotBeRecreatedByReplayingSameJWT\n","OutputType":"frame"}
{"Time":"2026-10-01T10:18:33.989463+08:00","Action":"output","Package":"ops-platform/test/integration","Test":"TestRevokedStepUpCannotBeRecreatedByReplayingSameJWT","Output":"2026/10/01 10:18:33 OK   00001_roles_and_schemas.sql (5.99ms)\n"}
{"Time":"2026-10-01T10:18:34.001858+08:00","Action":"output","Package":"ops-platform/test/integration","Test":"TestRevokedStepUpCannotBeRecreatedByReplayingSameJWT","Output":"2026/10/01 10:18:34 OK   00002_platform_meta.sql (12.18ms)\n"}
{"Time":"2026-10-01T10:18:34.008473+08:00","Action":"output","Package":"ops-platform/test/integration","Test":"TestRevokedStepUpCannotBeRecreatedByReplayingSameJWT","Output":"2026/10/01 10:18:34 OK   00003_finding.sql (6.4ms)\n"}
{"Time":"2026-10-01T10:18:34.012358+08:00","Action":"output","Package":"ops-platform/test/integration","Test":"TestRevokedStepUpCannotBeRecreatedByReplayingSameJWT","Output":"2026/10/01 10:18:34 OK   00004_incident.sql (3.72ms)\n"}
{"Time":"2026-10-01T10:18:34.016257+08:00","Action":"output","Package":"ops-platform/test/integration","Test":"TestRevokedStepUpCannotBeRecreatedByReplayingSameJWT","Output":"2026/10/01 10:18:34 OK   00005_investigation.sql (3.78ms)\n"}
{"Time":"2026-10-01T10:18:34.019738+08:00","Action":"output","Package":"ops-platform/test/integration","Test":"TestRevokedStepUpCannotBeRecreatedByReplayingSameJWT","Output":"2026/10/01 10:18:34 OK   00006_action_command.sql (3.35ms)\n"}
{"Time":"2026-10-01T10:18:34.027185+08:00","Action":"output","Package":"ops-platform/test/integration","Test":"TestRevokedStepUpCannotBeRecreatedByReplayingSameJWT","Output":"2026/10/01 10:18:34 OK   00007_audit.sql (7.3ms)\n"}
{"Time":"2026-10-01T10:18:34.03381+08:00","Action":"output","Package":"ops-platform/test/integration","Test":"TestRevokedStepUpCannotBeRecreatedByReplayingSameJWT","Output":"2026/10/01 10:18:34 OK   00008_rls.sql (6.41ms)\n"}
{"Time":"2026-10-01T10:18:34.039318+08:00","Action":"output","Package":"ops-platform/test/integration","Test":"TestRevokedStepUpCannotBeRecreatedByReplayingSameJWT","Output":"2026/10/01 10:18:34 OK   00009_idempotency_ledger.sql (5.25ms)\n"}
{"Time":"2026-10-01T10:18:34.042902+08:00","Action":"output","Package":"ops-platform/test/integration","Test":"TestRevokedStepUpCannotBeRecreatedByReplayingSameJWT","Output":"2026/10/01 10:18:34 OK   00010_tenant_provisioning.sql (3.33ms)\n"}
{"Time":"2026-10-01T10:18:34.047854+08:00","Action":"output","Package":"ops-platform/test/integration","Test":"TestRevokedStepUpCannotBeRecreatedByReplayingSameJWT","Output":"2026/10/01 10:18:34 OK   00011_source_registration_history.sql (4.79ms)\n"}
{"Time":"2026-10-01T10:18:34.054631+08:00","Action":"output","Package":"ops-platform/test/integration","Test":"TestRevokedStepUpCannotBeRecreatedByReplayingSameJWT","Output":"2026/10/01 10:18:34 OK   00012_config_registry_lifecycle.sql (6.57ms)\n"}
{"Time":"2026-10-01T10:18:34.06375+08:00","Action":"output","Package":"ops-platform/test/integration","Test":"TestRevokedStepUpCannotBeRecreatedByReplayingSameJWT","Output":"2026/10/01 10:18:34 OK   00013_audit_signed_segments.sql (8.88ms)\n"}
{"Time":"2026-10-01T10:18:34.068271+08:00","Action":"output","Package":"ops-platform/test/integration","Test":"TestRevokedStepUpCannotBeRecreatedByReplayingSameJWT","Output":"2026/10/01 10:18:34 OK   00014_audit_segment_predecessors.sql (4.35ms)\n"}
{"Time":"2026-10-01T10:18:34.068329+08:00","Action":"output","Package":"ops-platform/test/integration","Test":"TestRevokedStepUpCannotBeRecreatedByReplayingSameJWT","Output":"2026/10/01 10:18:34 goose: successfully migrated database to version: 14\n"}
{"Time":"2026-10-01T10:18:34.209543+08:00","Action":"output","Package":"ops-platform/test/integration","Test":"TestRevokedStepUpCannotBeRecreatedByReplayingSameJWT","Output":"--- PASS: TestRevokedStepUpCannotBeRecreatedByReplayingSameJWT (0.25s)\n","OutputType":"frame"}
{"Time":"2026-10-01T10:18:34.209609+08:00","Action":"pass","Package":"ops-platform/test/integration","Test":"TestRevokedStepUpCannotBeRecreatedByReplayingSameJWT","Elapsed":0.25}
{"Time":"2026-10-01T10:18:34.209625+08:00","Action":"run","Package":"ops-platform/test/integration","Test":"TestTenantProvisioningAndRoleBindingRevisions"}
{"Time":"2026-10-01T10:18:34.209633+08:00","Action":"output","Package":"ops-platform/test/integration","Test":"TestTenantProvisioningAndRoleBindingRevisions","Output":"=== RUN   TestTenantProvisioningAndRoleBindingRevisions\n","OutputType":"frame"}
{"Time":"2026-10-01T10:18:34.254677+08:00","Action":"output","Package":"ops-platform/test/integration","Test":"TestTenantProvisioningAndRoleBindingRevisions","Output":"2026/10/01 10:18:34 OK   00001_roles_and_schemas.sql (6.75ms)\n"}
{"Time":"2026-10-01T10:18:34.254743+08:00","Action":"output","Package":"ops-platform/test/integration","Test":"TestTenantProvisioningAndRoleBindingRevisions","Output":"2026/10/01 10:18:34 goose: successfully migrated database to version: 1\n"}
{"Time":"2026-10-01T10:18:34.27427+08:00","Action":"output","Package":"ops-platform/test/integration","Test":"TestTenantProvisioningAndRoleBindingRevisions","Output":"2026/10/01 10:18:34 OK   00002_platform_meta.sql (13.7ms)\n"}
{"Time":"2026-10-01T10:18:34.279652+08:00","Action":"output","Package":"ops-platform/test/integration","Test":"TestTenantProvisioningAndRoleBindingRevisions","Output":"2026/10/01 10:18:34 OK   00003_finding.sql (5.18ms)\n"}
{"Time":"2026-10-01T10:18:34.283546+08:00","Action":"output","Package":"ops-platform/test/integration","Test":"TestTenantProvisioningAndRoleBindingRevisions","Output":"2026/10/01 10:18:34 OK   00004_incident.sql (3.71ms)\n"}
{"Time":"2026-10-01T10:18:34.28768+08:00","Action":"output","Package":"ops-platform/test/integration","Test":"TestTenantProvisioningAndRoleBindingRevisions","Output":"2026/10/01 10:18:34 OK   00005_investigation.sql (3.98ms)\n"}
{"Time":"2026-10-01T10:18:34.291593+08:00","Action":"output","Package":"ops-platform/test/integration","Test":"TestTenantProvisioningAndRoleBindingRevisions","Output":"2026/10/01 10:18:34 OK   00006_action_command.sql (3.76ms)\n"}
{"Time":"2026-10-01T10:18:34.298484+08:00","Action":"output","Package":"ops-platform/test/integration","Test":"TestTenantProvisioningAndRoleBindingRevisions","Output":"2026/10/01 10:18:34 OK   00007_audit.sql (6.67ms)\n"}
{"Time":"2026-10-01T10:18:34.30507+08:00","Action":"output","Package":"ops-platform/test/integration","Test":"TestTenantProvisioningAndRoleBindingRevisions","Output":"2026/10/01 10:18:34 OK   00008_rls.sql (6.38ms)\n"}
{"Time":"2026-10-01T10:18:34.310319+08:00","Action":"output","Package":"ops-platform/test/integration","Test":"TestTenantProvisioningAndRoleBindingRevisions","Output":"2026/10/01 10:18:34 OK   00009_idempotency_ledger.sql (5.01ms)\n"}
{"Time":"2026-10-01T10:18:34.313715+08:00","Action":"output","Package":"ops-platform/test/integration","Test":"TestTenantProvisioningAndRoleBindingRevisions","Output":"2026/10/01 10:18:34 OK   00010_tenant_provisioning.sql (3.2ms)\n"}
{"Time":"2026-10-01T10:18:34.318717+08:00","Action":"output","Package":"ops-platform/test/integration","Test":"TestTenantProvisioningAndRoleBindingRevisions","Output":"2026/10/01 10:18:34 OK   00011_source_registration_history.sql (4.83ms)\n"}
{"Time":"2026-10-01T10:18:34.32509+08:00","Action":"output","Package":"ops-platform/test/integration","Test":"TestTenantProvisioningAndRoleBindingRevisions","Output":"2026/10/01 10:18:34 OK   00012_config_registry_lifecycle.sql (6.12ms)\n"}
{"Time":"2026-10-01T10:18:34.333451+08:00","Action":"output","Package":"ops-platform/test/integration","Test":"TestTenantProvisioningAndRoleBindingRevisions","Output":"2026/10/01 10:18:34 OK   00013_audit_signed_segments.sql (8.04ms)\n"}
{"Time":"2026-10-01T10:18:34.337731+08:00","Action":"output","Package":"ops-platform/test/integration","Test":"TestTenantProvisioningAndRoleBindingRevisions","Output":"2026/10/01 10:18:34 OK   00014_audit_segment_predecessors.sql (4.06ms)\n"}
{"Time":"2026-10-01T10:18:34.337794+08:00","Action":"output","Package":"ops-platform/test/integration","Test":"TestTenantProvisioningAndRoleBindingRevisions","Output":"2026/10/01 10:18:34 goose: successfully migrated database to version: 14\n"}
{"Time":"2026-10-01T10:18:34.397736+08:00","Action":"output","Package":"ops-platform/test/integration","Test":"TestTenantProvisioningAndRoleBindingRevisions","Output":"--- PASS: TestTenantProvisioningAndRoleBindingRevisions (0.19s)\n","OutputType":"frame"}
{"Time":"2026-10-01T10:18:34.397807+08:00","Action":"pass","Package":"ops-platform/test/integration","Test":"TestTenantProvisioningAndRoleBindingRevisions","Elapsed":0.19}
{"Time":"2026-10-01T10:18:34.397831+08:00","Action":"run","Package":"ops-platform/test/integration","Test":"TestRealAuditWorkerProjectedLoginResumesPendingAfterArchiveOutage"}
{"Time":"2026-10-01T10:18:34.397841+08:00","Action":"output","Package":"ops-platform/test/integration","Test":"TestRealAuditWorkerProjectedLoginResumesPendingAfterArchiveOutage","Output":"=== RUN   TestRealAuditWorkerProjectedLoginResumesPendingAfterArchiveOutage\n","OutputType":"frame"}
{"Time":"2026-10-01T10:18:34.431684+08:00","Action":"output","Package":"ops-platform/test/integration","Test":"TestRealAuditWorkerProjectedLoginResumesPendingAfterArchiveOutage","Output":"2026/10/01 10:18:34 OK   00001_roles_and_schemas.sql (6.64ms)\n"}
{"Time":"2026-10-01T10:18:34.443857+08:00","Action":"output","Package":"ops-platform/test/integration","Test":"TestRealAuditWorkerProjectedLoginResumesPendingAfterArchiveOutage","Output":"2026/10/01 10:18:34 OK   00002_platform_meta.sql (11.9ms)\n"}
{"Time":"2026-10-01T10:18:34.449303+08:00","Action":"output","Package":"ops-platform/test/integration","Test":"TestRealAuditWorkerProjectedLoginResumesPendingAfterArchiveOutage","Output":"2026/10/01 10:18:34 OK   00003_finding.sql (5.23ms)\n"}
{"Time":"2026-10-01T10:18:34.453286+08:00","Action":"output","Package":"ops-platform/test/integration","Test":"TestRealAuditWorkerProjectedLoginResumesPendingAfterArchiveOutage","Output":"2026/10/01 10:18:34 OK   00004_incident.sql (3.85ms)\n"}
{"Time":"2026-10-01T10:18:34.458513+08:00","Action":"output","Package":"ops-platform/test/integration","Test":"TestRealAuditWorkerProjectedLoginResumesPendingAfterArchiveOutage","Output":"2026/10/01 10:18:34 OK   00005_investigation.sql (5.06ms)\n"}
{"Time":"2026-10-01T10:18:34.462905+08:00","Action":"output","Package":"ops-platform/test/integration","Test":"TestRealAuditWorkerProjectedLoginResumesPendingAfterArchiveOutage","Output":"2026/10/01 10:18:34 OK   00006_action_command.sql (4.22ms)\n"}
{"Time":"2026-10-01T10:18:34.469601+08:00","Action":"output","Package":"ops-platform/test/integration","Test":"TestRealAuditWorkerProjectedLoginResumesPendingAfterArchiveOutage","Output":"2026/10/01 10:18:34 OK   00007_audit.sql (6.47ms)\n"}
{"Time":"2026-10-01T10:18:34.475939+08:00","Action":"output","Package":"ops-platform/test/integration","Test":"TestRealAuditWorkerProjectedLoginResumesPendingAfterArchiveOutage","Output":"2026/10/01 10:18:34 OK   00008_rls.sql (6.15ms)\n"}
{"Time":"2026-10-01T10:18:34.4815+08:00","Action":"output","Package":"ops-platform/test/integration","Test":"TestRealAuditWorkerProjectedLoginResumesPendingAfterArchiveOutage","Output":"2026/10/01 10:18:34 OK   00009_idempotency_ledger.sql (5.35ms)\n"}
{"Time":"2026-10-01T10:18:34.484939+08:00","Action":"output","Package":"ops-platform/test/integration","Test":"TestRealAuditWorkerProjectedLoginResumesPendingAfterArchiveOutage","Output":"2026/10/01 10:18:34 OK   00010_tenant_provisioning.sql (3.26ms)\n"}
{"Time":"2026-10-01T10:18:34.489631+08:00","Action":"output","Package":"ops-platform/test/integration","Test":"TestRealAuditWorkerProjectedLoginResumesPendingAfterArchiveOutage","Output":"2026/10/01 10:18:34 OK   00011_source_registration_history.sql (4.5ms)\n"}
{"Time":"2026-10-01T10:18:34.496721+08:00","Action":"output","Package":"ops-platform/test/integration","Test":"TestRealAuditWorkerProjectedLoginResumesPendingAfterArchiveOutage","Output":"2026/10/01 10:18:34 OK   00012_config_registry_lifecycle.sql (6.69ms)\n"}
{"Time":"2026-10-01T10:18:34.505719+08:00","Action":"output","Package":"ops-platform/test/integration","Test":"TestRealAuditWorkerProjectedLoginResumesPendingAfterArchiveOutage","Output":"2026/10/01 10:18:34 OK   00013_audit_signed_segments.sql (8.71ms)\n"}
{"Time":"2026-10-01T10:18:34.50981+08:00","Action":"output","Package":"ops-platform/test/integration","Test":"TestRealAuditWorkerProjectedLoginResumesPendingAfterArchiveOutage","Output":"2026/10/01 10:18:34 OK   00014_audit_segment_predecessors.sql (3.89ms)\n"}
{"Time":"2026-10-01T10:18:34.509858+08:00","Action":"output","Package":"ops-platform/test/integration","Test":"TestRealAuditWorkerProjectedLoginResumesPendingAfterArchiveOutage","Output":"2026/10/01 10:18:34 goose: successfully migrated database to version: 14\n"}
{"Time":"2026-10-01T10:18:37.674517+08:00","Action":"output","Package":"ops-platform/test/integration","Test":"TestRealAuditWorkerProjectedLoginResumesPendingAfterArchiveOutage","Output":"    worker_runtime_test.go:82: start worker with archive endpoint=http://127.0.0.1:1 bucket=sp03-worker-1b53882f\n"}
{"Time":"2026-10-01T10:18:38.592997+08:00","Action":"output","Package":"ops-platform/test/integration","Test":"TestRealAuditWorkerProjectedLoginResumesPendingAfterArchiveOutage","Output":"    worker_runtime_test.go:82: start worker with archive endpoint=http://127.0.0.1:32777 bucket=sp03-worker-1b53882f\n"}
{"Time":"2026-10-01T10:18:39.053864+08:00","Action":"output","Package":"ops-platform/test/integration","Test":"TestRealAuditWorkerProjectedLoginResumesPendingAfterArchiveOutage","Output":"    worker_runtime_test.go:165: actual cmd/platform-worker OS processes used projected-token login and worker-only DB login=sp03_worker_f89bb67a038541518d7a5cf3ddf2625e; first_pid=98861 exit_signal=SIGKILL second_pid=98863 exit_code=0; restart resumed tenants=01a0f541-a2df-7301-be79-ea7ab7969779,01a0f541-a2df-7309-9618-7261abb46377 after S3 refusal; pending=0 max_proof_delay_seconds=364.365 bucket=sp03-worker-1b53882f\n"}
{"Time":"2026-10-01T10:18:39.126368+08:00","Action":"output","Package":"ops-platform/test/integration","Test":"TestRealAuditWorkerProjectedLoginResumesPendingAfterArchiveOutage","Output":"--- PASS: TestRealAuditWorkerProjectedLoginResumesPendingAfterArchiveOutage (4.73s)\n","OutputType":"frame"}
{"Time":"2026-10-01T10:18:39.126456+08:00","Action":"pass","Package":"ops-platform/test/integration","Test":"TestRealAuditWorkerProjectedLoginResumesPendingAfterArchiveOutage","Elapsed":4.73}
{"Time":"2026-10-01T10:18:39.126477+08:00","Action":"run","Package":"ops-platform/test/integration","Test":"TestRealOpenBaoWorkloadPKIIssuanceAndRevocation"}
{"Time":"2026-10-01T10:18:39.126489+08:00","Action":"output","Package":"ops-platform/test/integration","Test":"TestRealOpenBaoWorkloadPKIIssuanceAndRevocation","Output":"=== RUN   TestRealOpenBaoWorkloadPKIIssuanceAndRevocation\n","OutputType":"frame"}
{"Time":"2026-10-01T10:18:39.1518+08:00","Action":"output","Package":"ops-platform/test/integration","Test":"TestRealOpenBaoWorkloadPKIIssuanceAndRevocation","Output":"    workload_identity_test.go:86: isolated OpenBao workload role=platform-workload-ops-api certificate_serial=2da5d1e9084d6d0271a26ef4ca93957e53140f98 cert_ttl=1h0m30s revoked_crl_verified=true\n"}
{"Time":"2026-10-01T10:18:39.152011+08:00","Action":"output","Package":"ops-platform/test/integration","Test":"TestRealOpenBaoWorkloadPKIIssuanceAndRevocation","Output":"--- PASS: TestRealOpenBaoWorkloadPKIIssuanceAndRevocation (0.03s)\n","OutputType":"frame"}
{"Time":"2026-10-01T10:18:39.152057+08:00","Action":"pass","Package":"ops-platform/test/integration","Test":"TestRealOpenBaoWorkloadPKIIssuanceAndRevocation","Elapsed":0.03}
{"Time":"2026-10-01T10:18:39.152088+08:00","Action":"output","Package":"ops-platform/test/integration","Output":"PASS\n","OutputType":"frame"}
{"Time":"2026-10-01T10:18:39.159581+08:00","Action":"output","Package":"ops-platform/test/integration","Output":"ok  \tops-platform/test/integration\t18.492s\n"}
{"Time":"2026-10-01T10:18:39.159787+08:00","Action":"pass","Package":"ops-platform/test/integration","Elapsed":18.493}
Acceptance report: 24 tests passed; zero skips.
