=== RUN   TestRealProjectedPodTokensAuthenticateOpenBaoAndWorkloadMTLS
    projected_workload_test.go:133: real Pod-bound TokenReview accepted three workload identities, denied unauthorized SA/namespace/audience; Investigator and test Runner mTLS completed without forwarded JWT
2026/10/01 09:53:44 http: TLS handshake error from 127.0.0.1:53723: tls: client didn't provide a certificate
--- PASS: TestRealProjectedPodTokensAuthenticateOpenBaoAndWorkloadMTLS (0.12s)
=== RUN   TestRealAuditWorkerProjectedLoginResumesPendingAfterArchiveOutage
2026/10/01 09:53:44 OK   00001_roles_and_schemas.sql (9.72ms)
2026/10/01 09:53:44 OK   00002_platform_meta.sql (14.25ms)
2026/10/01 09:53:44 OK   00003_finding.sql (6.16ms)
2026/10/01 09:53:44 OK   00004_incident.sql (4.5ms)
2026/10/01 09:53:44 OK   00005_investigation.sql (5.1ms)
2026/10/01 09:53:44 OK   00006_action_command.sql (5.08ms)
2026/10/01 09:53:44 OK   00007_audit.sql (7.39ms)
2026/10/01 09:53:44 OK   00008_rls.sql (6.89ms)
2026/10/01 09:53:44 OK   00009_idempotency_ledger.sql (5.29ms)
2026/10/01 09:53:44 OK   00010_tenant_provisioning.sql (3.46ms)
2026/10/01 09:53:44 OK   00011_source_registration_history.sql (4.69ms)
2026/10/01 09:53:44 OK   00012_config_registry_lifecycle.sql (7.33ms)
2026/10/01 09:53:44 OK   00013_audit_signed_segments.sql (8.89ms)
2026/10/01 09:53:44 OK   00014_audit_segment_predecessors.sql (3.77ms)
2026/10/01 09:53:44 goose: successfully migrated database to version: 14
    worker_runtime_test.go:127: worker condition did not reach 2
--- FAIL: TestRealAuditWorkerProjectedLoginResumesPendingAfterArchiveOutage (29.29s)
FAIL
FAIL	ops-platform/test/integration	30.183s
FAIL
