=== RUN   TestRealAuditWorkerProjectedLoginResumesPendingAfterArchiveOutage
2026/10/01 10:04:03 OK   00001_roles_and_schemas.sql (10.36ms)
2026/10/01 10:04:03 OK   00002_platform_meta.sql (13.64ms)
2026/10/01 10:04:03 OK   00003_finding.sql (5.7ms)
2026/10/01 10:04:03 OK   00004_incident.sql (3.83ms)
2026/10/01 10:04:03 OK   00005_investigation.sql (4.14ms)
2026/10/01 10:04:03 OK   00006_action_command.sql (3.96ms)
2026/10/01 10:04:03 OK   00007_audit.sql (6.48ms)
2026/10/01 10:04:03 OK   00008_rls.sql (5.96ms)
2026/10/01 10:04:03 OK   00009_idempotency_ledger.sql (4.9ms)
2026/10/01 10:04:03 OK   00010_tenant_provisioning.sql (3.43ms)
2026/10/01 10:04:03 OK   00011_source_registration_history.sql (4.19ms)
2026/10/01 10:04:03 OK   00012_config_registry_lifecycle.sql (6.17ms)
2026/10/01 10:04:03 OK   00013_audit_signed_segments.sql (8.18ms)
2026/10/01 10:04:03 OK   00014_audit_segment_predecessors.sql (3.83ms)
2026/10/01 10:04:03 goose: successfully migrated database to version: 14
    worker_runtime_test.go:82: start worker with archive endpoint=http://127.0.0.1:1 bucket=sp03-worker-912aefcf
    worker_runtime_test.go:82: start worker with archive endpoint=http://127.0.0.1:32773 bucket=sp03-worker-912aefcf
    worker_runtime_test.go:142: worker process stdout: {"time":"2026-10-01T10:04:07.472969+08:00","level":"INFO","msg":"platform-worker started"}
    worker_runtime_test.go:142: worker process stdout: {"time":"2026-10-01T10:04:07.617319+08:00","level":"INFO","msg":"platform-worker started"}
        {"time":"2026-10-01T10:04:14.40017+08:00","level":"ERROR","msg":"audit signature pass failed; retry scheduled","operation":"audit_signing","failure_code":"archive"}
    worker_runtime_test.go:142: worker condition did not reach 2; pending=2 signed=0
--- FAIL: TestRealAuditWorkerProjectedLoginResumesPendingAfterArchiveOutage (29.42s)
FAIL
FAIL	ops-platform/test/integration	30.090s
FAIL
