{"Time":"2026-10-01T09:48:24.055478+08:00","Action":"start","Package":"ops-platform/test/integration"}
{"Time":"2026-10-01T09:48:24.801213+08:00","Action":"run","Package":"ops-platform/test/integration","Test":"TestRealOpenBaoTransitAndSeaweedS3AuditArchive"}
{"Time":"2026-10-01T09:48:24.801271+08:00","Action":"output","Package":"ops-platform/test/integration","Test":"TestRealOpenBaoTransitAndSeaweedS3AuditArchive","Output":"=== RUN   TestRealOpenBaoTransitAndSeaweedS3AuditArchive\n","OutputType":"frame"}
{"Time":"2026-10-01T09:48:25.14507+08:00","Action":"output","Package":"ops-platform/test/integration","Test":"TestRealOpenBaoTransitAndSeaweedS3AuditArchive","Output":"2026/10/01 09:48:25 OK   00001_roles_and_schemas.sql (8.55ms)\n"}
{"Time":"2026-10-01T09:48:25.145117+08:00","Action":"output","Package":"ops-platform/test/integration","Test":"TestRealOpenBaoTransitAndSeaweedS3AuditArchive","Output":"2026/10/01 09:48:25 goose: successfully migrated database to version: 1\n"}
{"Time":"2026-10-01T09:48:25.161367+08:00","Action":"output","Package":"ops-platform/test/integration","Test":"TestRealOpenBaoTransitAndSeaweedS3AuditArchive","Output":"2026/10/01 09:48:25 OK   00002_platform_meta.sql (12.16ms)\n"}
{"Time":"2026-10-01T09:48:25.168385+08:00","Action":"output","Package":"ops-platform/test/integration","Test":"TestRealOpenBaoTransitAndSeaweedS3AuditArchive","Output":"2026/10/01 09:48:25 OK   00003_finding.sql (6.9ms)\n"}
{"Time":"2026-10-01T09:48:25.193883+08:00","Action":"output","Package":"ops-platform/test/integration","Test":"TestRealOpenBaoTransitAndSeaweedS3AuditArchive","Output":"2026/10/01 09:48:25 OK   00004_incident.sql (25.22ms)\n"}
{"Time":"2026-10-01T09:48:25.198218+08:00","Action":"output","Package":"ops-platform/test/integration","Test":"TestRealOpenBaoTransitAndSeaweedS3AuditArchive","Output":"2026/10/01 09:48:25 OK   00005_investigation.sql (4.24ms)\n"}
{"Time":"2026-10-01T09:48:25.201968+08:00","Action":"output","Package":"ops-platform/test/integration","Test":"TestRealOpenBaoTransitAndSeaweedS3AuditArchive","Output":"2026/10/01 09:48:25 OK   00006_action_command.sql (3.65ms)\n"}
{"Time":"2026-10-01T09:48:25.208088+08:00","Action":"output","Package":"ops-platform/test/integration","Test":"TestRealOpenBaoTransitAndSeaweedS3AuditArchive","Output":"2026/10/01 09:48:25 OK   00007_audit.sql (6.04ms)\n"}
{"Time":"2026-10-01T09:48:25.222449+08:00","Action":"output","Package":"ops-platform/test/integration","Test":"TestRealOpenBaoTransitAndSeaweedS3AuditArchive","Output":"2026/10/01 09:48:25 OK   00008_rls.sql (14.29ms)\n"}
{"Time":"2026-10-01T09:48:25.234504+08:00","Action":"output","Package":"ops-platform/test/integration","Test":"TestRealOpenBaoTransitAndSeaweedS3AuditArchive","Output":"2026/10/01 09:48:25 OK   00009_idempotency_ledger.sql (11.96ms)\n"}
{"Time":"2026-10-01T09:48:25.242489+08:00","Action":"output","Package":"ops-platform/test/integration","Test":"TestRealOpenBaoTransitAndSeaweedS3AuditArchive","Output":"2026/10/01 09:48:25 OK   00010_tenant_provisioning.sql (7.93ms)\n"}
{"Time":"2026-10-01T09:48:25.246202+08:00","Action":"output","Package":"ops-platform/test/integration","Test":"TestRealOpenBaoTransitAndSeaweedS3AuditArchive","Output":"2026/10/01 09:48:25 OK   00011_source_registration_history.sql (3.66ms)\n"}
{"Time":"2026-10-01T09:48:25.251422+08:00","Action":"output","Package":"ops-platform/test/integration","Test":"TestRealOpenBaoTransitAndSeaweedS3AuditArchive","Output":"2026/10/01 09:48:25 OK   00012_config_registry_lifecycle.sql (5.15ms)\n"}
{"Time":"2026-10-01T09:48:25.257788+08:00","Action":"output","Package":"ops-platform/test/integration","Test":"TestRealOpenBaoTransitAndSeaweedS3AuditArchive","Output":"2026/10/01 09:48:25 OK   00013_audit_signed_segments.sql (6.27ms)\n"}
{"Time":"2026-10-01T09:48:25.260881+08:00","Action":"output","Package":"ops-platform/test/integration","Test":"TestRealOpenBaoTransitAndSeaweedS3AuditArchive","Output":"2026/10/01 09:48:25 OK   00014_audit_segment_predecessors.sql (3.02ms)\n"}
{"Time":"2026-10-01T09:48:25.260893+08:00","Action":"output","Package":"ops-platform/test/integration","Test":"TestRealOpenBaoTransitAndSeaweedS3AuditArchive","Output":"2026/10/01 09:48:25 goose: successfully migrated database to version: 14\n"}
{"Time":"2026-10-01T09:48:25.288714+08:00","Action":"output","Package":"ops-platform/test/integration","Test":"TestRealOpenBaoTransitAndSeaweedS3AuditArchive","Output":"    archive_services_test.go:182: isolated S3 bucket=sp03-61433caa object=1918fecd-694f-415d-b85a-ad9ab80b42b5 digest=sha256:29e16a3c7cd8a747ca75df38a1eeb48a2e1ac0ca49630508c723320b21457c70; audit tenant=e29c592b-6583-4169-a861-27a77527dcb0 segment=01a0f526-0734-79f2-8384-436c78463752 seq=1 verified\n"}
{"Time":"2026-10-01T09:48:25.321177+08:00","Action":"output","Package":"ops-platform/test/integration","Test":"TestRealOpenBaoTransitAndSeaweedS3AuditArchive","Output":"--- PASS: TestRealOpenBaoTransitAndSeaweedS3AuditArchive (0.52s)\n","OutputType":"frame"}
{"Time":"2026-10-01T09:48:25.321209+08:00","Action":"pass","Package":"ops-platform/test/integration","Test":"TestRealOpenBaoTransitAndSeaweedS3AuditArchive","Elapsed":0.52}
{"Time":"2026-10-01T09:48:25.321235+08:00","Action":"run","Package":"ops-platform/test/integration","Test":"TestAuditSegmentsAppendConcurrentlyRecoverAndVerifyTenantScoped"}
{"Time":"2026-10-01T09:48:25.321238+08:00","Action":"output","Package":"ops-platform/test/integration","Test":"TestAuditSegmentsAppendConcurrentlyRecoverAndVerifyTenantScoped","Output":"=== RUN   TestAuditSegmentsAppendConcurrentlyRecoverAndVerifyTenantScoped\n","OutputType":"frame"}
{"Time":"2026-10-01T09:48:25.356969+08:00","Action":"output","Package":"ops-platform/test/integration","Test":"TestAuditSegmentsAppendConcurrentlyRecoverAndVerifyTenantScoped","Output":"2026/10/01 09:48:25 OK   00001_roles_and_schemas.sql (6.98ms)\n"}
{"Time":"2026-10-01T09:48:25.357+08:00","Action":"output","Package":"ops-platform/test/integration","Test":"TestAuditSegmentsAppendConcurrentlyRecoverAndVerifyTenantScoped","Output":"2026/10/01 09:48:25 goose: successfully migrated database to version: 1\n"}
{"Time":"2026-10-01T09:48:25.373205+08:00","Action":"output","Package":"ops-platform/test/integration","Test":"TestAuditSegmentsAppendConcurrentlyRecoverAndVerifyTenantScoped","Output":"2026/10/01 09:48:25 OK   00002_platform_meta.sql (11.55ms)\n"}
{"Time":"2026-10-01T09:48:25.378632+08:00","Action":"output","Package":"ops-platform/test/integration","Test":"TestAuditSegmentsAppendConcurrentlyRecoverAndVerifyTenantScoped","Output":"2026/10/01 09:48:25 OK   00003_finding.sql (5.32ms)\n"}
{"Time":"2026-10-01T09:48:25.381735+08:00","Action":"output","Package":"ops-platform/test/integration","Test":"TestAuditSegmentsAppendConcurrentlyRecoverAndVerifyTenantScoped","Output":"2026/10/01 09:48:25 OK   00004_incident.sql (3.05ms)\n"}
{"Time":"2026-10-01T09:48:25.38568+08:00","Action":"output","Package":"ops-platform/test/integration","Test":"TestAuditSegmentsAppendConcurrentlyRecoverAndVerifyTenantScoped","Output":"2026/10/01 09:48:25 OK   00005_investigation.sql (3.9ms)\n"}
{"Time":"2026-10-01T09:48:25.389333+08:00","Action":"output","Package":"ops-platform/test/integration","Test":"TestAuditSegmentsAppendConcurrentlyRecoverAndVerifyTenantScoped","Output":"2026/10/01 09:48:25 OK   00006_action_command.sql (3.59ms)\n"}
{"Time":"2026-10-01T09:48:25.395135+08:00","Action":"output","Package":"ops-platform/test/integration","Test":"TestAuditSegmentsAppendConcurrentlyRecoverAndVerifyTenantScoped","Output":"2026/10/01 09:48:25 OK   00007_audit.sql (5.74ms)\n"}
{"Time":"2026-10-01T09:48:25.400358+08:00","Action":"output","Package":"ops-platform/test/integration","Test":"TestAuditSegmentsAppendConcurrentlyRecoverAndVerifyTenantScoped","Output":"2026/10/01 09:48:25 OK   00008_rls.sql (5.15ms)\n"}
{"Time":"2026-10-01T09:48:25.404278+08:00","Action":"output","Package":"ops-platform/test/integration","Test":"TestAuditSegmentsAppendConcurrentlyRecoverAndVerifyTenantScoped","Output":"2026/10/01 09:48:25 OK   00009_idempotency_ledger.sql (3.86ms)\n"}
{"Time":"2026-10-01T09:48:25.406434+08:00","Action":"output","Package":"ops-platform/test/integration","Test":"TestAuditSegmentsAppendConcurrentlyRecoverAndVerifyTenantScoped","Output":"2026/10/01 09:48:25 OK   00010_tenant_provisioning.sql (2.12ms)\n"}
{"Time":"2026-10-01T09:48:25.410046+08:00","Action":"output","Package":"ops-platform/test/integration","Test":"TestAuditSegmentsAppendConcurrentlyRecoverAndVerifyTenantScoped","Output":"2026/10/01 09:48:25 OK   00011_source_registration_history.sql (3.57ms)\n"}
{"Time":"2026-10-01T09:48:25.415227+08:00","Action":"output","Package":"ops-platform/test/integration","Test":"TestAuditSegmentsAppendConcurrentlyRecoverAndVerifyTenantScoped","Output":"2026/10/01 09:48:25 OK   00012_config_registry_lifecycle.sql (5.11ms)\n"}
{"Time":"2026-10-01T09:48:25.428195+08:00","Action":"output","Package":"ops-platform/test/integration","Test":"TestAuditSegmentsAppendConcurrentlyRecoverAndVerifyTenantScoped","Output":"2026/10/01 09:48:25 OK   00013_audit_signed_segments.sql (12.85ms)\n"}
{"Time":"2026-10-01T09:48:25.439598+08:00","Action":"output","Package":"ops-platform/test/integration","Test":"TestAuditSegmentsAppendConcurrentlyRecoverAndVerifyTenantScoped","Output":"2026/10/01 09:48:25 OK   00014_audit_segment_predecessors.sql (11.31ms)\n"}
{"Time":"2026-10-01T09:48:25.439619+08:00","Action":"output","Package":"ops-platform/test/integration","Test":"TestAuditSegmentsAppendConcurrentlyRecoverAndVerifyTenantScoped","Output":"2026/10/01 09:48:25 goose: successfully migrated database to version: 14\n"}
{"Time":"2026-10-01T09:48:27.437736+08:00","Action":"output","Package":"ops-platform/test/integration","Test":"TestAuditSegmentsAppendConcurrentlyRecoverAndVerifyTenantScoped","Output":"--- PASS: TestAuditSegmentsAppendConcurrentlyRecoverAndVerifyTenantScoped (2.12s)\n","OutputType":"frame"}
{"Time":"2026-10-01T09:48:27.437799+08:00","Action":"pass","Package":"ops-platform/test/integration","Test":"TestAuditSegmentsAppendConcurrentlyRecoverAndVerifyTenantScoped","Elapsed":2.12}
{"Time":"2026-10-01T09:48:27.437839+08:00","Action":"run","Package":"ops-platform/test/integration","Test":"TestRoleBindingsAndStepUpSessions"}
{"Time":"2026-10-01T09:48:27.437856+08:00","Action":"output","Package":"ops-platform/test/integration","Test":"TestRoleBindingsAndStepUpSessions","Output":"=== RUN   TestRoleBindingsAndStepUpSessions\n","OutputType":"frame"}
{"Time":"2026-10-01T09:48:27.47585+08:00","Action":"output","Package":"ops-platform/test/integration","Test":"TestRoleBindingsAndStepUpSessions","Output":"2026/10/01 09:48:27 OK   00001_roles_and_schemas.sql (6.06ms)\n"}
{"Time":"2026-10-01T09:48:27.475876+08:00","Action":"output","Package":"ops-platform/test/integration","Test":"TestRoleBindingsAndStepUpSessions","Output":"2026/10/01 09:48:27 goose: successfully migrated database to version: 1\n"}
{"Time":"2026-10-01T09:48:27.493029+08:00","Action":"output","Package":"ops-platform/test/integration","Test":"TestRoleBindingsAndStepUpSessions","Output":"2026/10/01 09:48:27 OK   00002_platform_meta.sql (12.41ms)\n"}
{"Time":"2026-10-01T09:48:27.499032+08:00","Action":"output","Package":"ops-platform/test/integration","Test":"TestRoleBindingsAndStepUpSessions","Output":"2026/10/01 09:48:27 OK   00003_finding.sql (5.85ms)\n"}
{"Time":"2026-10-01T09:48:27.502984+08:00","Action":"output","Package":"ops-platform/test/integration","Test":"TestRoleBindingsAndStepUpSessions","Output":"2026/10/01 09:48:27 OK   00004_incident.sql (3.85ms)\n"}
{"Time":"2026-10-01T09:48:27.507696+08:00","Action":"output","Package":"ops-platform/test/integration","Test":"TestRoleBindingsAndStepUpSessions","Output":"2026/10/01 09:48:27 OK   00005_investigation.sql (4.63ms)\n"}
{"Time":"2026-10-01T09:48:27.512006+08:00","Action":"output","Package":"ops-platform/test/integration","Test":"TestRoleBindingsAndStepUpSessions","Output":"2026/10/01 09:48:27 OK   00006_action_command.sql (4.22ms)\n"}
{"Time":"2026-10-01T09:48:27.51826+08:00","Action":"output","Package":"ops-platform/test/integration","Test":"TestRoleBindingsAndStepUpSessions","Output":"2026/10/01 09:48:27 OK   00007_audit.sql (6.17ms)\n"}
{"Time":"2026-10-01T09:48:27.531161+08:00","Action":"output","Package":"ops-platform/test/integration","Test":"TestRoleBindingsAndStepUpSessions","Output":"2026/10/01 09:48:27 OK   00008_rls.sql (12.82ms)\n"}
{"Time":"2026-10-01T09:48:27.53722+08:00","Action":"output","Package":"ops-platform/test/integration","Test":"TestRoleBindingsAndStepUpSessions","Output":"2026/10/01 09:48:27 OK   00009_idempotency_ledger.sql (5.96ms)\n"}
{"Time":"2026-10-01T09:48:27.54079+08:00","Action":"output","Package":"ops-platform/test/integration","Test":"TestRoleBindingsAndStepUpSessions","Output":"2026/10/01 09:48:27 OK   00010_tenant_provisioning.sql (3.43ms)\n"}
{"Time":"2026-10-01T09:48:27.545838+08:00","Action":"output","Package":"ops-platform/test/integration","Test":"TestRoleBindingsAndStepUpSessions","Output":"2026/10/01 09:48:27 OK   00011_source_registration_history.sql (4.98ms)\n"}
{"Time":"2026-10-01T09:48:27.552532+08:00","Action":"output","Package":"ops-platform/test/integration","Test":"TestRoleBindingsAndStepUpSessions","Output":"2026/10/01 09:48:27 OK   00012_config_registry_lifecycle.sql (6.59ms)\n"}
{"Time":"2026-10-01T09:48:27.566723+08:00","Action":"output","Package":"ops-platform/test/integration","Test":"TestRoleBindingsAndStepUpSessions","Output":"2026/10/01 09:48:27 OK   00013_audit_signed_segments.sql (13.95ms)\n"}
{"Time":"2026-10-01T09:48:27.576369+08:00","Action":"output","Package":"ops-platform/test/integration","Test":"TestRoleBindingsAndStepUpSessions","Output":"2026/10/01 09:48:27 OK   00014_audit_segment_predecessors.sql (9.14ms)\n"}
{"Time":"2026-10-01T09:48:27.576393+08:00","Action":"output","Package":"ops-platform/test/integration","Test":"TestRoleBindingsAndStepUpSessions","Output":"2026/10/01 09:48:27 goose: successfully migrated database to version: 14\n"}
{"Time":"2026-10-01T09:48:27.763154+08:00","Action":"output","Package":"ops-platform/test/integration","Test":"TestRoleBindingsAndStepUpSessions","Output":"--- PASS: TestRoleBindingsAndStepUpSessions (0.33s)\n","OutputType":"frame"}
{"Time":"2026-10-01T09:48:27.763237+08:00","Action":"pass","Package":"ops-platform/test/integration","Test":"TestRoleBindingsAndStepUpSessions","Elapsed":0.33}
{"Time":"2026-10-01T09:48:27.763257+08:00","Action":"run","Package":"ops-platform/test/integration","Test":"TestConfigRegistryPublishesActivatesRollsBackAndPreservesHistory"}
{"Time":"2026-10-01T09:48:27.763262+08:00","Action":"output","Package":"ops-platform/test/integration","Test":"TestConfigRegistryPublishesActivatesRollsBackAndPreservesHistory","Output":"=== RUN   TestConfigRegistryPublishesActivatesRollsBackAndPreservesHistory\n","OutputType":"frame"}
{"Time":"2026-10-01T09:48:27.794895+08:00","Action":"output","Package":"ops-platform/test/integration","Test":"TestConfigRegistryPublishesActivatesRollsBackAndPreservesHistory","Output":"2026/10/01 09:48:27 OK   00001_roles_and_schemas.sql (5.92ms)\n"}
{"Time":"2026-10-01T09:48:27.794922+08:00","Action":"output","Package":"ops-platform/test/integration","Test":"TestConfigRegistryPublishesActivatesRollsBackAndPreservesHistory","Output":"2026/10/01 09:48:27 goose: successfully migrated database to version: 1\n"}
{"Time":"2026-10-01T09:48:27.811205+08:00","Action":"output","Package":"ops-platform/test/integration","Test":"TestConfigRegistryPublishesActivatesRollsBackAndPreservesHistory","Output":"2026/10/01 09:48:27 OK   00002_platform_meta.sql (11.8ms)\n"}
{"Time":"2026-10-01T09:48:27.816568+08:00","Action":"output","Package":"ops-platform/test/integration","Test":"TestConfigRegistryPublishesActivatesRollsBackAndPreservesHistory","Output":"2026/10/01 09:48:27 OK   00003_finding.sql (5.29ms)\n"}
{"Time":"2026-10-01T09:48:27.820221+08:00","Action":"output","Package":"ops-platform/test/integration","Test":"TestConfigRegistryPublishesActivatesRollsBackAndPreservesHistory","Output":"2026/10/01 09:48:27 OK   00004_incident.sql (3.6ms)\n"}
{"Time":"2026-10-01T09:48:27.824489+08:00","Action":"output","Package":"ops-platform/test/integration","Test":"TestConfigRegistryPublishesActivatesRollsBackAndPreservesHistory","Output":"2026/10/01 09:48:27 OK   00005_investigation.sql (4.2ms)\n"}
{"Time":"2026-10-01T09:48:27.828517+08:00","Action":"output","Package":"ops-platform/test/integration","Test":"TestConfigRegistryPublishesActivatesRollsBackAndPreservesHistory","Output":"2026/10/01 09:48:27 OK   00006_action_command.sql (3.98ms)\n"}
{"Time":"2026-10-01T09:48:27.834674+08:00","Action":"output","Package":"ops-platform/test/integration","Test":"TestConfigRegistryPublishesActivatesRollsBackAndPreservesHistory","Output":"2026/10/01 09:48:27 OK   00007_audit.sql (6.09ms)\n"}
{"Time":"2026-10-01T09:48:27.840846+08:00","Action":"output","Package":"ops-platform/test/integration","Test":"TestConfigRegistryPublishesActivatesRollsBackAndPreservesHistory","Output":"2026/10/01 09:48:27 OK   00008_rls.sql (6.11ms)\n"}
{"Time":"2026-10-01T09:48:27.845344+08:00","Action":"output","Package":"ops-platform/test/integration","Test":"TestConfigRegistryPublishesActivatesRollsBackAndPreservesHistory","Output":"2026/10/01 09:48:27 OK   00009_idempotency_ledger.sql (4.44ms)\n"}
{"Time":"2026-10-01T09:48:27.847923+08:00","Action":"output","Package":"ops-platform/test/integration","Test":"TestConfigRegistryPublishesActivatesRollsBackAndPreservesHistory","Output":"2026/10/01 09:48:27 OK   00010_tenant_provisioning.sql (2.53ms)\n"}
{"Time":"2026-10-01T09:48:27.851722+08:00","Action":"output","Package":"ops-platform/test/integration","Test":"TestConfigRegistryPublishesActivatesRollsBackAndPreservesHistory","Output":"2026/10/01 09:48:27 OK   00011_source_registration_history.sql (3.75ms)\n"}
{"Time":"2026-10-01T09:48:27.857368+08:00","Action":"output","Package":"ops-platform/test/integration","Test":"TestConfigRegistryPublishesActivatesRollsBackAndPreservesHistory","Output":"2026/10/01 09:48:27 OK   00012_config_registry_lifecycle.sql (5.58ms)\n"}
{"Time":"2026-10-01T09:48:27.865623+08:00","Action":"output","Package":"ops-platform/test/integration","Test":"TestConfigRegistryPublishesActivatesRollsBackAndPreservesHistory","Output":"2026/10/01 09:48:27 OK   00013_audit_signed_segments.sql (8.17ms)\n"}
{"Time":"2026-10-01T09:48:27.869831+08:00","Action":"output","Package":"ops-platform/test/integration","Test":"TestConfigRegistryPublishesActivatesRollsBackAndPreservesHistory","Output":"2026/10/01 09:48:27 OK   00014_audit_segment_predecessors.sql (4.15ms)\n"}
{"Time":"2026-10-01T09:48:27.869843+08:00","Action":"output","Package":"ops-platform/test/integration","Test":"TestConfigRegistryPublishesActivatesRollsBackAndPreservesHistory","Output":"2026/10/01 09:48:27 goose: successfully migrated database to version: 14\n"}
{"Time":"2026-10-01T09:48:27.990525+08:00","Action":"output","Package":"ops-platform/test/integration","Test":"TestConfigRegistryPublishesActivatesRollsBackAndPreservesHistory","Output":"--- PASS: TestConfigRegistryPublishesActivatesRollsBackAndPreservesHistory (0.23s)\n","OutputType":"frame"}
{"Time":"2026-10-01T09:48:27.990559+08:00","Action":"pass","Package":"ops-platform/test/integration","Test":"TestConfigRegistryPublishesActivatesRollsBackAndPreservesHistory","Elapsed":0.23}
{"Time":"2026-10-01T09:48:27.990585+08:00","Action":"run","Package":"ops-platform/test/integration","Test":"TestIdempotencyLedgerSchema"}
{"Time":"2026-10-01T09:48:27.99059+08:00","Action":"output","Package":"ops-platform/test/integration","Test":"TestIdempotencyLedgerSchema","Output":"=== RUN   TestIdempotencyLedgerSchema\n","OutputType":"frame"}
{"Time":"2026-10-01T09:48:28.016766+08:00","Action":"output","Package":"ops-platform/test/integration","Test":"TestIdempotencyLedgerSchema","Output":"2026/10/01 09:48:28 OK   00001_roles_and_schemas.sql (4.98ms)\n"}
{"Time":"2026-10-01T09:48:28.016785+08:00","Action":"output","Package":"ops-platform/test/integration","Test":"TestIdempotencyLedgerSchema","Output":"2026/10/01 09:48:28 goose: successfully migrated database to version: 1\n"}
{"Time":"2026-10-01T09:48:28.031246+08:00","Action":"output","Package":"ops-platform/test/integration","Test":"TestIdempotencyLedgerSchema","Output":"2026/10/01 09:48:28 OK   00002_platform_meta.sql (10.87ms)\n"}
{"Time":"2026-10-01T09:48:28.035508+08:00","Action":"output","Package":"ops-platform/test/integration","Test":"TestIdempotencyLedgerSchema","Output":"2026/10/01 09:48:28 OK   00003_finding.sql (4.02ms)\n"}
{"Time":"2026-10-01T09:48:28.038368+08:00","Action":"output","Package":"ops-platform/test/integration","Test":"TestIdempotencyLedgerSchema","Output":"2026/10/01 09:48:28 OK   00004_incident.sql (2.81ms)\n"}
{"Time":"2026-10-01T09:48:28.041458+08:00","Action":"output","Package":"ops-platform/test/integration","Test":"TestIdempotencyLedgerSchema","Output":"2026/10/01 09:48:28 OK   00005_investigation.sql (3.05ms)\n"}
{"Time":"2026-10-01T09:48:28.044294+08:00","Action":"output","Package":"ops-platform/test/integration","Test":"TestIdempotencyLedgerSchema","Output":"2026/10/01 09:48:28 OK   00006_action_command.sql (2.79ms)\n"}
{"Time":"2026-10-01T09:48:28.049512+08:00","Action":"output","Package":"ops-platform/test/integration","Test":"TestIdempotencyLedgerSchema","Output":"2026/10/01 09:48:28 OK   00007_audit.sql (4.96ms)\n"}
{"Time":"2026-10-01T09:48:28.055053+08:00","Action":"output","Package":"ops-platform/test/integration","Test":"TestIdempotencyLedgerSchema","Output":"2026/10/01 09:48:28 OK   00008_rls.sql (5.49ms)\n"}
{"Time":"2026-10-01T09:48:28.059393+08:00","Action":"output","Package":"ops-platform/test/integration","Test":"TestIdempotencyLedgerSchema","Output":"2026/10/01 09:48:28 OK   00009_idempotency_ledger.sql (4.27ms)\n"}
{"Time":"2026-10-01T09:48:28.061951+08:00","Action":"output","Package":"ops-platform/test/integration","Test":"TestIdempotencyLedgerSchema","Output":"2026/10/01 09:48:28 OK   00010_tenant_provisioning.sql (2.51ms)\n"}
{"Time":"2026-10-01T09:48:28.065998+08:00","Action":"output","Package":"ops-platform/test/integration","Test":"TestIdempotencyLedgerSchema","Output":"2026/10/01 09:48:28 OK   00011_source_registration_history.sql (4.01ms)\n"}
{"Time":"2026-10-01T09:48:28.071873+08:00","Action":"output","Package":"ops-platform/test/integration","Test":"TestIdempotencyLedgerSchema","Output":"2026/10/01 09:48:28 OK   00012_config_registry_lifecycle.sql (5.8ms)\n"}
{"Time":"2026-10-01T09:48:28.078632+08:00","Action":"output","Package":"ops-platform/test/integration","Test":"TestIdempotencyLedgerSchema","Output":"2026/10/01 09:48:28 OK   00013_audit_signed_segments.sql (6.68ms)\n"}
{"Time":"2026-10-01T09:48:28.081361+08:00","Action":"output","Package":"ops-platform/test/integration","Test":"TestIdempotencyLedgerSchema","Output":"2026/10/01 09:48:28 OK   00014_audit_segment_predecessors.sql (2.68ms)\n"}
{"Time":"2026-10-01T09:48:28.081388+08:00","Action":"output","Package":"ops-platform/test/integration","Test":"TestIdempotencyLedgerSchema","Output":"2026/10/01 09:48:28 goose: successfully migrated database to version: 14\n"}
{"Time":"2026-10-01T09:48:28.098988+08:00","Action":"output","Package":"ops-platform/test/integration","Test":"TestIdempotencyLedgerSchema","Output":"--- PASS: TestIdempotencyLedgerSchema (0.11s)\n","OutputType":"frame"}
{"Time":"2026-10-01T09:48:28.099052+08:00","Action":"pass","Package":"ops-platform/test/integration","Test":"TestIdempotencyLedgerSchema","Elapsed":0.11}
{"Time":"2026-10-01T09:48:28.099092+08:00","Action":"run","Package":"ops-platform/test/integration","Test":"TestIdempotencyLedger"}
{"Time":"2026-10-01T09:48:28.099111+08:00","Action":"output","Package":"ops-platform/test/integration","Test":"TestIdempotencyLedger","Output":"=== RUN   TestIdempotencyLedger\n","OutputType":"frame"}
{"Time":"2026-10-01T09:48:28.127174+08:00","Action":"output","Package":"ops-platform/test/integration","Test":"TestIdempotencyLedger","Output":"2026/10/01 09:48:28 OK   00001_roles_and_schemas.sql (5.4ms)\n"}
{"Time":"2026-10-01T09:48:28.127219+08:00","Action":"output","Package":"ops-platform/test/integration","Test":"TestIdempotencyLedger","Output":"2026/10/01 09:48:28 goose: successfully migrated database to version: 1\n"}
{"Time":"2026-10-01T09:48:28.143647+08:00","Action":"output","Package":"ops-platform/test/integration","Test":"TestIdempotencyLedger","Output":"2026/10/01 09:48:28 OK   00002_platform_meta.sql (11.8ms)\n"}
{"Time":"2026-10-01T09:48:28.149429+08:00","Action":"output","Package":"ops-platform/test/integration","Test":"TestIdempotencyLedger","Output":"2026/10/01 09:48:28 OK   00003_finding.sql (5.62ms)\n"}
{"Time":"2026-10-01T09:48:28.152987+08:00","Action":"output","Package":"ops-platform/test/integration","Test":"TestIdempotencyLedger","Output":"2026/10/01 09:48:28 OK   00004_incident.sql (3.43ms)\n"}
{"Time":"2026-10-01T09:48:28.15734+08:00","Action":"output","Package":"ops-platform/test/integration","Test":"TestIdempotencyLedger","Output":"2026/10/01 09:48:28 OK   00005_investigation.sql (4.21ms)\n"}
{"Time":"2026-10-01T09:48:28.16103+08:00","Action":"output","Package":"ops-platform/test/integration","Test":"TestIdempotencyLedger","Output":"2026/10/01 09:48:28 OK   00006_action_command.sql (3.54ms)\n"}
{"Time":"2026-10-01T09:48:28.167636+08:00","Action":"output","Package":"ops-platform/test/integration","Test":"TestIdempotencyLedger","Output":"2026/10/01 09:48:28 OK   00007_audit.sql (6.41ms)\n"}
{"Time":"2026-10-01T09:48:28.173661+08:00","Action":"output","Package":"ops-platform/test/integration","Test":"TestIdempotencyLedger","Output":"2026/10/01 09:48:28 OK   00008_rls.sql (5.83ms)\n"}
{"Time":"2026-10-01T09:48:28.178301+08:00","Action":"output","Package":"ops-platform/test/integration","Test":"TestIdempotencyLedger","Output":"2026/10/01 09:48:28 OK   00009_idempotency_ledger.sql (4.47ms)\n"}
{"Time":"2026-10-01T09:48:28.181079+08:00","Action":"output","Package":"ops-platform/test/integration","Test":"TestIdempotencyLedger","Output":"2026/10/01 09:48:28 OK   00010_tenant_provisioning.sql (2.62ms)\n"}
{"Time":"2026-10-01T09:48:28.18506+08:00","Action":"output","Package":"ops-platform/test/integration","Test":"TestIdempotencyLedger","Output":"2026/10/01 09:48:28 OK   00011_source_registration_history.sql (3.89ms)\n"}
{"Time":"2026-10-01T09:48:28.191135+08:00","Action":"output","Package":"ops-platform/test/integration","Test":"TestIdempotencyLedger","Output":"2026/10/01 09:48:28 OK   00012_config_registry_lifecycle.sql (5.9ms)\n"}
{"Time":"2026-10-01T09:48:28.199436+08:00","Action":"output","Package":"ops-platform/test/integration","Test":"TestIdempotencyLedger","Output":"2026/10/01 09:48:28 OK   00013_audit_signed_segments.sql (8.03ms)\n"}
{"Time":"2026-10-01T09:48:28.203174+08:00","Action":"output","Package":"ops-platform/test/integration","Test":"TestIdempotencyLedger","Output":"2026/10/01 09:48:28 OK   00014_audit_segment_predecessors.sql (3.6ms)\n"}
{"Time":"2026-10-01T09:48:28.203212+08:00","Action":"output","Package":"ops-platform/test/integration","Test":"TestIdempotencyLedger","Output":"2026/10/01 09:48:28 goose: successfully migrated database to version: 14\n"}
{"Time":"2026-10-01T09:48:28.419428+08:00","Action":"output","Package":"ops-platform/test/integration","Test":"TestIdempotencyLedger","Output":"--- PASS: TestIdempotencyLedger (0.32s)\n","OutputType":"frame"}
{"Time":"2026-10-01T09:48:28.419506+08:00","Action":"pass","Package":"ops-platform/test/integration","Test":"TestIdempotencyLedger","Elapsed":0.32}
{"Time":"2026-10-01T09:48:28.41954+08:00","Action":"run","Package":"ops-platform/test/integration","Test":"TestIdempotencyHTTPMiddleware"}
{"Time":"2026-10-01T09:48:28.419557+08:00","Action":"output","Package":"ops-platform/test/integration","Test":"TestIdempotencyHTTPMiddleware","Output":"=== RUN   TestIdempotencyHTTPMiddleware\n","OutputType":"frame"}
{"Time":"2026-10-01T09:48:28.462173+08:00","Action":"output","Package":"ops-platform/test/integration","Test":"TestIdempotencyHTTPMiddleware","Output":"2026/10/01 09:48:28 OK   00001_roles_and_schemas.sql (8.92ms)\n"}
{"Time":"2026-10-01T09:48:28.462246+08:00","Action":"output","Package":"ops-platform/test/integration","Test":"TestIdempotencyHTTPMiddleware","Output":"2026/10/01 09:48:28 goose: successfully migrated database to version: 1\n"}
{"Time":"2026-10-01T09:48:28.483619+08:00","Action":"output","Package":"ops-platform/test/integration","Test":"TestIdempotencyHTTPMiddleware","Output":"2026/10/01 09:48:28 OK   00002_platform_meta.sql (15.47ms)\n"}
{"Time":"2026-10-01T09:48:28.490487+08:00","Action":"output","Package":"ops-platform/test/integration","Test":"TestIdempotencyHTTPMiddleware","Output":"2026/10/01 09:48:28 OK   00003_finding.sql (6.59ms)\n"}
{"Time":"2026-10-01T09:48:28.495064+08:00","Action":"output","Package":"ops-platform/test/integration","Test":"TestIdempotencyHTTPMiddleware","Output":"2026/10/01 09:48:28 OK   00004_incident.sql (4.3ms)\n"}
{"Time":"2026-10-01T09:48:28.499608+08:00","Action":"output","Package":"ops-platform/test/integration","Test":"TestIdempotencyHTTPMiddleware","Output":"2026/10/01 09:48:28 OK   00005_investigation.sql (4.35ms)\n"}
{"Time":"2026-10-01T09:48:28.504363+08:00","Action":"output","Package":"ops-platform/test/integration","Test":"TestIdempotencyHTTPMiddleware","Output":"2026/10/01 09:48:28 OK   00006_action_command.sql (4.56ms)\n"}
{"Time":"2026-10-01T09:48:28.512726+08:00","Action":"output","Package":"ops-platform/test/integration","Test":"TestIdempotencyHTTPMiddleware","Output":"2026/10/01 09:48:28 OK   00007_audit.sql (8.04ms)\n"}
{"Time":"2026-10-01T09:48:28.520343+08:00","Action":"output","Package":"ops-platform/test/integration","Test":"TestIdempotencyHTTPMiddleware","Output":"2026/10/01 09:48:28 OK   00008_rls.sql (7.39ms)\n"}
{"Time":"2026-10-01T09:48:28.525699+08:00","Action":"output","Package":"ops-platform/test/integration","Test":"TestIdempotencyHTTPMiddleware","Output":"2026/10/01 09:48:28 OK   00009_idempotency_ledger.sql (5.15ms)\n"}
{"Time":"2026-10-01T09:48:28.528949+08:00","Action":"output","Package":"ops-platform/test/integration","Test":"TestIdempotencyHTTPMiddleware","Output":"2026/10/01 09:48:28 OK   00010_tenant_provisioning.sql (3.04ms)\n"}
{"Time":"2026-10-01T09:48:28.533683+08:00","Action":"output","Package":"ops-platform/test/integration","Test":"TestIdempotencyHTTPMiddleware","Output":"2026/10/01 09:48:28 OK   00011_source_registration_history.sql (4.53ms)\n"}
{"Time":"2026-10-01T09:48:28.540587+08:00","Action":"output","Package":"ops-platform/test/integration","Test":"TestIdempotencyHTTPMiddleware","Output":"2026/10/01 09:48:28 OK   00012_config_registry_lifecycle.sql (6.67ms)\n"}
{"Time":"2026-10-01T09:48:28.550461+08:00","Action":"output","Package":"ops-platform/test/integration","Test":"TestIdempotencyHTTPMiddleware","Output":"2026/10/01 09:48:28 OK   00013_audit_signed_segments.sql (9.51ms)\n"}
{"Time":"2026-10-01T09:48:28.554738+08:00","Action":"output","Package":"ops-platform/test/integration","Test":"TestIdempotencyHTTPMiddleware","Output":"2026/10/01 09:48:28 OK   00014_audit_segment_predecessors.sql (4.07ms)\n"}
{"Time":"2026-10-01T09:48:28.554829+08:00","Action":"output","Package":"ops-platform/test/integration","Test":"TestIdempotencyHTTPMiddleware","Output":"2026/10/01 09:48:28 goose: successfully migrated database to version: 14\n"}
{"Time":"2026-10-01T09:48:28.607227+08:00","Action":"output","Package":"ops-platform/test/integration","Test":"TestIdempotencyHTTPMiddleware","Output":"--- PASS: TestIdempotencyHTTPMiddleware (0.19s)\n","OutputType":"frame"}
{"Time":"2026-10-01T09:48:28.607309+08:00","Action":"pass","Package":"ops-platform/test/integration","Test":"TestIdempotencyHTTPMiddleware","Elapsed":0.19}
{"Time":"2026-10-01T09:48:28.607336+08:00","Action":"run","Package":"ops-platform/test/integration","Test":"TestKeycloakAuthorizationCodePKCEAndStepUp"}
{"Time":"2026-10-01T09:48:28.607348+08:00","Action":"output","Package":"ops-platform/test/integration","Test":"TestKeycloakAuthorizationCodePKCEAndStepUp","Output":"=== RUN   TestKeycloakAuthorizationCodePKCEAndStepUp\n","OutputType":"frame"}
{"Time":"2026-10-01T09:48:30.29505+08:00","Action":"output","Package":"ops-platform/test/integration","Test":"TestKeycloakAuthorizationCodePKCEAndStepUp","Output":"2026/10/01 09:48:30 OK   00001_roles_and_schemas.sql (8.06ms)\n"}
{"Time":"2026-10-01T09:48:30.295166+08:00","Action":"output","Package":"ops-platform/test/integration","Test":"TestKeycloakAuthorizationCodePKCEAndStepUp","Output":"2026/10/01 09:48:30 goose: successfully migrated database to version: 1\n"}
{"Time":"2026-10-01T09:48:30.315002+08:00","Action":"output","Package":"ops-platform/test/integration","Test":"TestKeycloakAuthorizationCodePKCEAndStepUp","Output":"2026/10/01 09:48:30 OK   00002_platform_meta.sql (13.28ms)\n"}
{"Time":"2026-10-01T09:48:30.320539+08:00","Action":"output","Package":"ops-platform/test/integration","Test":"TestKeycloakAuthorizationCodePKCEAndStepUp","Output":"2026/10/01 09:48:30 OK   00003_finding.sql (5.27ms)\n"}
{"Time":"2026-10-01T09:48:30.324307+08:00","Action":"output","Package":"ops-platform/test/integration","Test":"TestKeycloakAuthorizationCodePKCEAndStepUp","Output":"2026/10/01 09:48:30 OK   00004_incident.sql (3.51ms)\n"}
{"Time":"2026-10-01T09:48:30.329493+08:00","Action":"output","Package":"ops-platform/test/integration","Test":"TestKeycloakAuthorizationCodePKCEAndStepUp","Output":"2026/10/01 09:48:30 OK   00005_investigation.sql (4.94ms)\n"}
{"Time":"2026-10-01T09:48:30.333428+08:00","Action":"output","Package":"ops-platform/test/integration","Test":"TestKeycloakAuthorizationCodePKCEAndStepUp","Output":"2026/10/01 09:48:30 OK   00006_action_command.sql (3.73ms)\n"}
{"Time":"2026-10-01T09:48:30.340934+08:00","Action":"output","Package":"ops-platform/test/integration","Test":"TestKeycloakAuthorizationCodePKCEAndStepUp","Output":"2026/10/01 09:48:30 OK   00007_audit.sql (7.38ms)\n"}
{"Time":"2026-10-01T09:48:30.348418+08:00","Action":"output","Package":"ops-platform/test/integration","Test":"TestKeycloakAuthorizationCodePKCEAndStepUp","Output":"2026/10/01 09:48:30 OK   00008_rls.sql (7.29ms)\n"}
{"Time":"2026-10-01T09:48:30.353847+08:00","Action":"output","Package":"ops-platform/test/integration","Test":"TestKeycloakAuthorizationCodePKCEAndStepUp","Output":"2026/10/01 09:48:30 OK   00009_idempotency_ledger.sql (5.18ms)\n"}
{"Time":"2026-10-01T09:48:30.357449+08:00","Action":"output","Package":"ops-platform/test/integration","Test":"TestKeycloakAuthorizationCodePKCEAndStepUp","Output":"2026/10/01 09:48:30 OK   00010_tenant_provisioning.sql (3.42ms)\n"}
{"Time":"2026-10-01T09:48:30.361873+08:00","Action":"output","Package":"ops-platform/test/integration","Test":"TestKeycloakAuthorizationCodePKCEAndStepUp","Output":"2026/10/01 09:48:30 OK   00011_source_registration_history.sql (4.2ms)\n"}
{"Time":"2026-10-01T09:48:30.368546+08:00","Action":"output","Package":"ops-platform/test/integration","Test":"TestKeycloakAuthorizationCodePKCEAndStepUp","Output":"2026/10/01 09:48:30 OK   00012_config_registry_lifecycle.sql (6.44ms)\n"}
{"Time":"2026-10-01T09:48:30.376826+08:00","Action":"output","Package":"ops-platform/test/integration","Test":"TestKeycloakAuthorizationCodePKCEAndStepUp","Output":"2026/10/01 09:48:30 OK   00013_audit_signed_segments.sql (8.06ms)\n"}
{"Time":"2026-10-01T09:48:30.380896+08:00","Action":"output","Package":"ops-platform/test/integration","Test":"TestKeycloakAuthorizationCodePKCEAndStepUp","Output":"2026/10/01 09:48:30 OK   00014_audit_segment_predecessors.sql (3.9ms)\n"}
{"Time":"2026-10-01T09:48:30.380957+08:00","Action":"output","Package":"ops-platform/test/integration","Test":"TestKeycloakAuthorizationCodePKCEAndStepUp","Output":"2026/10/01 09:48:30 goose: successfully migrated database to version: 14\n"}
{"Time":"2026-10-01T09:48:30.408975+08:00","Action":"output","Package":"ops-platform/test/integration","Test":"TestKeycloakAuthorizationCodePKCEAndStepUp","Output":"{\"time\":\"2026-10-01T09:48:30.408931+08:00\",\"level\":\"INFO\",\"msg\":\"http request complete\",\"request_id\":\"01a0f526-1b43-7a2d-98f7-5aaf42eafaa5\",\"trace_id\":\"4bf92f3577b34da6a3ce929d0e0e4736\",\"span_id\":\"355f7739c395a393\",\"method\":\"GET\",\"status_code\":200,\"duration_ms\":5}\n"}
{"Time":"2026-10-01T09:48:30.411215+08:00","Action":"output","Package":"ops-platform/test/integration","Test":"TestKeycloakAuthorizationCodePKCEAndStepUp","Output":"{\"time\":\"2026-10-01T09:48:30.411128+08:00\",\"level\":\"INFO\",\"msg\":\"http request complete\",\"request_id\":\"01a0f526-1b49-7130-9e14-bba5d521f82f\",\"trace_id\":\"4bf92f3577b34da6a3ce929d0e0e4736\",\"span_id\":\"68570ecb0de23714\",\"method\":\"GET\",\"status_code\":200,\"duration_ms\":1}\n"}
{"Time":"2026-10-01T09:48:30.413916+08:00","Action":"output","Package":"ops-platform/test/integration","Test":"TestKeycloakAuthorizationCodePKCEAndStepUp","Output":"{\"time\":\"2026-10-01T09:48:30.41386+08:00\",\"level\":\"INFO\",\"msg\":\"http request complete\",\"request_id\":\"01a0f526-1b4b-76a3-80ed-af6e91fb5a5a\",\"trace_id\":\"4bf92f3577b34da6a3ce929d0e0e4736\",\"span_id\":\"91eecdf2798f0a08\",\"method\":\"GET\",\"status_code\":200,\"duration_ms\":2}\n"}
{"Time":"2026-10-01T09:48:30.416469+08:00","Action":"output","Package":"ops-platform/test/integration","Test":"TestKeycloakAuthorizationCodePKCEAndStepUp","Output":"{\"time\":\"2026-10-01T09:48:30.416438+08:00\",\"level\":\"INFO\",\"msg\":\"http request complete\",\"request_id\":\"01a0f526-1b4e-7157-9054-0b15ea7e76c9\",\"trace_id\":\"4bf92f3577b34da6a3ce929d0e0e4736\",\"span_id\":\"496dee54fced453a\",\"method\":\"GET\",\"status_code\":200,\"duration_ms\":2}\n"}
{"Time":"2026-10-01T09:48:30.41801+08:00","Action":"output","Package":"ops-platform/test/integration","Test":"TestKeycloakAuthorizationCodePKCEAndStepUp","Output":"{\"time\":\"2026-10-01T09:48:30.417946+08:00\",\"level\":\"INFO\",\"msg\":\"http request complete\",\"request_id\":\"01a0f526-1b50-78c6-8f0c-8c05287aff93\",\"trace_id\":\"4bf92f3577b34da6a3ce929d0e0e4736\",\"span_id\":\"e6e29b442b826305\",\"method\":\"GET\",\"status_code\":200,\"duration_ms\":1}\n"}
{"Time":"2026-10-01T09:48:30.419964+08:00","Action":"output","Package":"ops-platform/test/integration","Test":"TestKeycloakAuthorizationCodePKCEAndStepUp","Output":"{\"time\":\"2026-10-01T09:48:30.419908+08:00\",\"level\":\"INFO\",\"msg\":\"http request complete\",\"request_id\":\"01a0f526-1b52-7320-b2e6-b109aaaf287e\",\"trace_id\":\"4bf92f3577b34da6a3ce929d0e0e4736\",\"span_id\":\"edcd616bc3ed5f4f\",\"method\":\"GET\",\"status_code\":200,\"duration_ms\":1}\n"}
{"Time":"2026-10-01T09:48:30.427577+08:00","Action":"output","Package":"ops-platform/test/integration","Test":"TestKeycloakAuthorizationCodePKCEAndStepUp","Output":"{\"time\":\"2026-10-01T09:48:30.427517+08:00\",\"level\":\"INFO\",\"msg\":\"http request complete\",\"request_id\":\"01a0f526-1b54-712c-b3b9-5904e0d26412\",\"trace_id\":\"b26c78bdde8cc068d75a7ad1629fa532\",\"span_id\":\"56318a45a2b18739\",\"method\":\"POST\",\"status_code\":201,\"duration_ms\":7}\n"}
{"Time":"2026-10-01T09:48:30.431165+08:00","Action":"output","Package":"ops-platform/test/integration","Test":"TestKeycloakAuthorizationCodePKCEAndStepUp","Output":"{\"time\":\"2026-10-01T09:48:30.431117+08:00\",\"level\":\"INFO\",\"msg\":\"http request complete\",\"request_id\":\"01a0f526-1b5b-7bfa-89cf-bef027ecff10\",\"trace_id\":\"ab815d62dbe725648e2ae38cd05f6668\",\"span_id\":\"032655e8d8643cd9\",\"method\":\"POST\",\"status_code\":201,\"duration_ms\":3}\n"}
{"Time":"2026-10-01T09:48:30.431274+08:00","Action":"output","Package":"ops-platform/test/integration","Test":"TestKeycloakAuthorizationCodePKCEAndStepUp","Output":"    keycloak_test.go:155: actual APIApp served six management routes and replayed claim-bound step-up using real Keycloak JWT and distinct database login\n"}
{"Time":"2026-10-01T09:48:30.432427+08:00","Action":"output","Package":"ops-platform/test/integration","Test":"TestKeycloakAuthorizationCodePKCEAndStepUp","Output":"{\"time\":\"2026-10-01T09:48:30.432391+08:00\",\"level\":\"WARN\",\"msg\":\"trace export failed\",\"signal\":\"traces\"}\n"}
{"Time":"2026-10-01T09:48:30.434313+08:00","Action":"output","Package":"ops-platform/test/integration","Test":"TestKeycloakAuthorizationCodePKCEAndStepUp","Output":"{\"time\":\"2026-10-01T09:48:30.434292+08:00\",\"level\":\"INFO\",\"msg\":\"http request complete\",\"request_id\":\"01a0f526-1b60-77eb-a959-fcba95c519d2\",\"trace_id\":\"1fdb0d27e2f70286a89a9152cd2d1136\",\"span_id\":\"2fc31d85da94dbc9\",\"method\":\"GET\",\"status_code\":200,\"duration_ms\":1}\n"}
{"Time":"2026-10-01T09:48:30.434372+08:00","Action":"output","Package":"ops-platform/test/integration","Test":"TestKeycloakAuthorizationCodePKCEAndStepUp","Output":"    keycloak_test.go:155: actual OTLP connection refusal reported degradation; authenticated management read continued\n"}
{"Time":"2026-10-01T09:48:31.469703+08:00","Action":"output","Package":"ops-platform/test/integration","Test":"TestKeycloakAuthorizationCodePKCEAndStepUp","Output":"    keycloak_test.go:155: actual authenticated API stdout collected and queried in isolated VictoriaLogs\n"}
{"Time":"2026-10-01T09:48:31.509706+08:00","Action":"output","Package":"ops-platform/test/integration","Test":"TestKeycloakAuthorizationCodePKCEAndStepUp","Output":"--- PASS: TestKeycloakAuthorizationCodePKCEAndStepUp (2.90s)\n","OutputType":"frame"}
{"Time":"2026-10-01T09:48:31.509778+08:00","Action":"pass","Package":"ops-platform/test/integration","Test":"TestKeycloakAuthorizationCodePKCEAndStepUp","Elapsed":2.9}
{"Time":"2026-10-01T09:48:31.509795+08:00","Action":"run","Package":"ops-platform/test/integration","Test":"TestFailedForwardMigrationRollsBackAndCanRecover"}
{"Time":"2026-10-01T09:48:31.509802+08:00","Action":"output","Package":"ops-platform/test/integration","Test":"TestFailedForwardMigrationRollsBackAndCanRecover","Output":"=== RUN   TestFailedForwardMigrationRollsBackAndCanRecover\n","OutputType":"frame"}
{"Time":"2026-10-01T09:48:31.549086+08:00","Action":"output","Package":"ops-platform/test/integration","Test":"TestFailedForwardMigrationRollsBackAndCanRecover","Output":"2026/10/01 09:48:31 OK   00001_roles_and_schemas.sql (8.82ms)\n"}
{"Time":"2026-10-01T09:48:31.549147+08:00","Action":"output","Package":"ops-platform/test/integration","Test":"TestFailedForwardMigrationRollsBackAndCanRecover","Output":"2026/10/01 09:48:31 goose: successfully migrated database to version: 1\n"}
{"Time":"2026-10-01T09:48:31.570188+08:00","Action":"output","Package":"ops-platform/test/integration","Test":"TestFailedForwardMigrationRollsBackAndCanRecover","Output":"2026/10/01 09:48:31 OK   00002_platform_meta.sql (13.87ms)\n"}
{"Time":"2026-10-01T09:48:31.576513+08:00","Action":"output","Package":"ops-platform/test/integration","Test":"TestFailedForwardMigrationRollsBackAndCanRecover","Output":"2026/10/01 09:48:31 OK   00003_finding.sql (6.1ms)\n"}
{"Time":"2026-10-01T09:48:31.581602+08:00","Action":"output","Package":"ops-platform/test/integration","Test":"TestFailedForwardMigrationRollsBackAndCanRecover","Output":"2026/10/01 09:48:31 OK   00004_incident.sql (4.96ms)\n"}
{"Time":"2026-10-01T09:48:31.586623+08:00","Action":"output","Package":"ops-platform/test/integration","Test":"TestFailedForwardMigrationRollsBackAndCanRecover","Output":"2026/10/01 09:48:31 OK   00005_investigation.sql (4.86ms)\n"}
{"Time":"2026-10-01T09:48:31.591181+08:00","Action":"output","Package":"ops-platform/test/integration","Test":"TestFailedForwardMigrationRollsBackAndCanRecover","Output":"2026/10/01 09:48:31 OK   00006_action_command.sql (4.3ms)\n"}
{"Time":"2026-10-01T09:48:31.599103+08:00","Action":"output","Package":"ops-platform/test/integration","Test":"TestFailedForwardMigrationRollsBackAndCanRecover","Output":"2026/10/01 09:48:31 OK   00007_audit.sql (7.72ms)\n"}
{"Time":"2026-10-01T09:48:31.60661+08:00","Action":"output","Package":"ops-platform/test/integration","Test":"TestFailedForwardMigrationRollsBackAndCanRecover","Output":"2026/10/01 09:48:31 OK   00008_rls.sql (7.31ms)\n"}
{"Time":"2026-10-01T09:48:31.61177+08:00","Action":"output","Package":"ops-platform/test/integration","Test":"TestFailedForwardMigrationRollsBackAndCanRecover","Output":"2026/10/01 09:48:31 OK   00009_idempotency_ledger.sql (5ms)\n"}
{"Time":"2026-10-01T09:48:31.615481+08:00","Action":"output","Package":"ops-platform/test/integration","Test":"TestFailedForwardMigrationRollsBackAndCanRecover","Output":"2026/10/01 09:48:31 OK   00010_tenant_provisioning.sql (3.55ms)\n"}
{"Time":"2026-10-01T09:48:31.620448+08:00","Action":"output","Package":"ops-platform/test/integration","Test":"TestFailedForwardMigrationRollsBackAndCanRecover","Output":"2026/10/01 09:48:31 OK   00011_source_registration_history.sql (4.75ms)\n"}
{"Time":"2026-10-01T09:48:31.628427+08:00","Action":"output","Package":"ops-platform/test/integration","Test":"TestFailedForwardMigrationRollsBackAndCanRecover","Output":"2026/10/01 09:48:31 OK   00012_config_registry_lifecycle.sql (7.8ms)\n"}
{"Time":"2026-10-01T09:48:31.638643+08:00","Action":"output","Package":"ops-platform/test/integration","Test":"TestFailedForwardMigrationRollsBackAndCanRecover","Output":"2026/10/01 09:48:31 OK   00013_audit_signed_segments.sql (9.93ms)\n"}
{"Time":"2026-10-01T09:48:31.643269+08:00","Action":"output","Package":"ops-platform/test/integration","Test":"TestFailedForwardMigrationRollsBackAndCanRecover","Output":"2026/10/01 09:48:31 OK   00014_audit_segment_predecessors.sql (4.44ms)\n"}
{"Time":"2026-10-01T09:48:31.643313+08:00","Action":"output","Package":"ops-platform/test/integration","Test":"TestFailedForwardMigrationRollsBackAndCanRecover","Output":"2026/10/01 09:48:31 goose: successfully migrated database to version: 14\n"}
{"Time":"2026-10-01T09:48:31.666598+08:00","Action":"output","Package":"ops-platform/test/integration","Test":"TestFailedForwardMigrationRollsBackAndCanRecover","Output":"2026/10/01 09:48:31 OK   00015_review_failure.sql (2.2ms)\n"}
{"Time":"2026-10-01T09:48:31.666647+08:00","Action":"output","Package":"ops-platform/test/integration","Test":"TestFailedForwardMigrationRollsBackAndCanRecover","Output":"2026/10/01 09:48:31 goose: successfully migrated database to version: 15\n"}
{"Time":"2026-10-01T09:48:31.666659+08:00","Action":"output","Package":"ops-platform/test/integration","Test":"TestFailedForwardMigrationRollsBackAndCanRecover","Output":"    migration_recovery_test.go:66: deliberate SQL division-by-zero rolled back DDL/version; corrected unapplied forward migration succeeded as migration_role\n"}
{"Time":"2026-10-01T09:48:31.713038+08:00","Action":"output","Package":"ops-platform/test/integration","Test":"TestFailedForwardMigrationRollsBackAndCanRecover","Output":"--- PASS: TestFailedForwardMigrationRollsBackAndCanRecover (0.20s)\n","OutputType":"frame"}
{"Time":"2026-10-01T09:48:31.713126+08:00","Action":"pass","Package":"ops-platform/test/integration","Test":"TestFailedForwardMigrationRollsBackAndCanRecover","Elapsed":0.2}
{"Time":"2026-10-01T09:48:31.713146+08:00","Action":"run","Package":"ops-platform/test/integration","Test":"TestMigrationScriptsAreForwardOnlyAndContiguous"}
{"Time":"2026-10-01T09:48:31.713154+08:00","Action":"output","Package":"ops-platform/test/integration","Test":"TestMigrationScriptsAreForwardOnlyAndContiguous","Output":"=== RUN   TestMigrationScriptsAreForwardOnlyAndContiguous\n","OutputType":"frame"}
{"Time":"2026-10-01T09:48:31.713936+08:00","Action":"output","Package":"ops-platform/test/integration","Test":"TestMigrationScriptsAreForwardOnlyAndContiguous","Output":"--- PASS: TestMigrationScriptsAreForwardOnlyAndContiguous (0.00s)\n","OutputType":"frame"}
{"Time":"2026-10-01T09:48:31.713976+08:00","Action":"pass","Package":"ops-platform/test/integration","Test":"TestMigrationScriptsAreForwardOnlyAndContiguous","Elapsed":0}
{"Time":"2026-10-01T09:48:31.713988+08:00","Action":"run","Package":"ops-platform/test/integration","Test":"TestMigrationsAndRoles"}
{"Time":"2026-10-01T09:48:31.713994+08:00","Action":"output","Package":"ops-platform/test/integration","Test":"TestMigrationsAndRoles","Output":"=== RUN   TestMigrationsAndRoles\n","OutputType":"frame"}
{"Time":"2026-10-01T09:48:31.750456+08:00","Action":"output","Package":"ops-platform/test/integration","Test":"TestMigrationsAndRoles","Output":"2026/10/01 09:48:31 OK   00001_roles_and_schemas.sql (6.45ms)\n"}
{"Time":"2026-10-01T09:48:31.750514+08:00","Action":"output","Package":"ops-platform/test/integration","Test":"TestMigrationsAndRoles","Output":"2026/10/01 09:48:31 goose: successfully migrated database to version: 1\n"}
{"Time":"2026-10-01T09:48:31.770499+08:00","Action":"output","Package":"ops-platform/test/integration","Test":"TestMigrationsAndRoles","Output":"2026/10/01 09:48:31 OK   00002_platform_meta.sql (12.51ms)\n"}
{"Time":"2026-10-01T09:48:31.7768+08:00","Action":"output","Package":"ops-platform/test/integration","Test":"TestMigrationsAndRoles","Output":"2026/10/01 09:48:31 OK   00003_finding.sql (6.1ms)\n"}
{"Time":"2026-10-01T09:48:31.781899+08:00","Action":"output","Package":"ops-platform/test/integration","Test":"TestMigrationsAndRoles","Output":"2026/10/01 09:48:31 OK   00004_incident.sql (4.86ms)\n"}
{"Time":"2026-10-01T09:48:31.78721+08:00","Action":"output","Package":"ops-platform/test/integration","Test":"TestMigrationsAndRoles","Output":"2026/10/01 09:48:31 OK   00005_investigation.sql (5.09ms)\n"}
{"Time":"2026-10-01T09:48:31.792358+08:00","Action":"output","Package":"ops-platform/test/integration","Test":"TestMigrationsAndRoles","Output":"2026/10/01 09:48:31 OK   00006_action_command.sql (4.87ms)\n"}
{"Time":"2026-10-01T09:48:31.799668+08:00","Action":"output","Package":"ops-platform/test/integration","Test":"TestMigrationsAndRoles","Output":"2026/10/01 09:48:31 OK   00007_audit.sql (7ms)\n"}
{"Time":"2026-10-01T09:48:31.806221+08:00","Action":"output","Package":"ops-platform/test/integration","Test":"TestMigrationsAndRoles","Output":"2026/10/01 09:48:31 OK   00008_rls.sql (6.36ms)\n"}
{"Time":"2026-10-01T09:48:31.811742+08:00","Action":"output","Package":"ops-platform/test/integration","Test":"TestMigrationsAndRoles","Output":"2026/10/01 09:48:31 OK   00009_idempotency_ledger.sql (5.31ms)\n"}
{"Time":"2026-10-01T09:48:31.816189+08:00","Action":"output","Package":"ops-platform/test/integration","Test":"TestMigrationsAndRoles","Output":"2026/10/01 09:48:31 OK   00010_tenant_provisioning.sql (4.24ms)\n"}
{"Time":"2026-10-01T09:48:31.821513+08:00","Action":"output","Package":"ops-platform/test/integration","Test":"TestMigrationsAndRoles","Output":"2026/10/01 09:48:31 OK   00011_source_registration_history.sql (5.08ms)\n"}
{"Time":"2026-10-01T09:48:31.829045+08:00","Action":"output","Package":"ops-platform/test/integration","Test":"TestMigrationsAndRoles","Output":"2026/10/01 09:48:31 OK   00012_config_registry_lifecycle.sql (7.29ms)\n"}
{"Time":"2026-10-01T09:48:31.837542+08:00","Action":"output","Package":"ops-platform/test/integration","Test":"TestMigrationsAndRoles","Output":"2026/10/01 09:48:31 OK   00013_audit_signed_segments.sql (8.27ms)\n"}
{"Time":"2026-10-01T09:48:31.841259+08:00","Action":"output","Package":"ops-platform/test/integration","Test":"TestMigrationsAndRoles","Output":"2026/10/01 09:48:31 OK   00014_audit_segment_predecessors.sql (3.57ms)\n"}
{"Time":"2026-10-01T09:48:31.841298+08:00","Action":"output","Package":"ops-platform/test/integration","Test":"TestMigrationsAndRoles","Output":"2026/10/01 09:48:31 goose: successfully migrated database to version: 14\n"}
{"Time":"2026-10-01T09:48:31.877107+08:00","Action":"output","Package":"ops-platform/test/integration","Test":"TestMigrationsAndRoles","Output":"--- PASS: TestMigrationsAndRoles (0.16s)\n","OutputType":"frame"}
{"Time":"2026-10-01T09:48:31.877177+08:00","Action":"pass","Package":"ops-platform/test/integration","Test":"TestMigrationsAndRoles","Elapsed":0.16}
{"Time":"2026-10-01T09:48:31.877198+08:00","Action":"run","Package":"ops-platform/test/integration","Test":"TestMigrationsUpgradeVersionOneData"}
{"Time":"2026-10-01T09:48:31.87721+08:00","Action":"output","Package":"ops-platform/test/integration","Test":"TestMigrationsUpgradeVersionOneData","Output":"=== RUN   TestMigrationsUpgradeVersionOneData\n","OutputType":"frame"}
{"Time":"2026-10-01T09:48:31.913245+08:00","Action":"output","Package":"ops-platform/test/integration","Test":"TestMigrationsUpgradeVersionOneData","Output":"2026/10/01 09:48:31 OK   00001_roles_and_schemas.sql (6.67ms)\n"}
{"Time":"2026-10-01T09:48:31.913317+08:00","Action":"output","Package":"ops-platform/test/integration","Test":"TestMigrationsUpgradeVersionOneData","Output":"2026/10/01 09:48:31 goose: successfully migrated database to version: 1\n"}
{"Time":"2026-10-01T09:48:31.935087+08:00","Action":"output","Package":"ops-platform/test/integration","Test":"TestMigrationsUpgradeVersionOneData","Output":"2026/10/01 09:48:31 OK   00002_platform_meta.sql (13.8ms)\n"}
{"Time":"2026-10-01T09:48:31.941381+08:00","Action":"output","Package":"ops-platform/test/integration","Test":"TestMigrationsUpgradeVersionOneData","Output":"2026/10/01 09:48:31 OK   00003_finding.sql (6.05ms)\n"}
{"Time":"2026-10-01T09:48:31.946147+08:00","Action":"output","Package":"ops-platform/test/integration","Test":"TestMigrationsUpgradeVersionOneData","Output":"2026/10/01 09:48:31 OK   00004_incident.sql (4.58ms)\n"}
{"Time":"2026-10-01T09:48:31.951544+08:00","Action":"output","Package":"ops-platform/test/integration","Test":"TestMigrationsUpgradeVersionOneData","Output":"2026/10/01 09:48:31 OK   00005_investigation.sql (5.15ms)\n"}
{"Time":"2026-10-01T09:48:31.956553+08:00","Action":"output","Package":"ops-platform/test/integration","Test":"TestMigrationsUpgradeVersionOneData","Output":"2026/10/01 09:48:31 OK   00006_action_command.sql (4.72ms)\n"}
{"Time":"2026-10-01T09:48:31.964094+08:00","Action":"output","Package":"ops-platform/test/integration","Test":"TestMigrationsUpgradeVersionOneData","Output":"2026/10/01 09:48:31 OK   00007_audit.sql (7.26ms)\n"}
{"Time":"2026-10-01T09:48:31.971521+08:00","Action":"output","Package":"ops-platform/test/integration","Test":"TestMigrationsUpgradeVersionOneData","Output":"2026/10/01 09:48:31 OK   00008_rls.sql (7.18ms)\n"}
{"Time":"2026-10-01T09:48:31.976784+08:00","Action":"output","Package":"ops-platform/test/integration","Test":"TestMigrationsUpgradeVersionOneData","Output":"2026/10/01 09:48:31 OK   00009_idempotency_ledger.sql (5.11ms)\n"}
{"Time":"2026-10-01T09:48:31.980581+08:00","Action":"output","Package":"ops-platform/test/integration","Test":"TestMigrationsUpgradeVersionOneData","Output":"2026/10/01 09:48:31 OK   00010_tenant_provisioning.sql (3.61ms)\n"}
{"Time":"2026-10-01T09:48:31.985527+08:00","Action":"output","Package":"ops-platform/test/integration","Test":"TestMigrationsUpgradeVersionOneData","Output":"2026/10/01 09:48:31 OK   00011_source_registration_history.sql (4.76ms)\n"}
{"Time":"2026-10-01T09:48:31.992994+08:00","Action":"output","Package":"ops-platform/test/integration","Test":"TestMigrationsUpgradeVersionOneData","Output":"2026/10/01 09:48:31 OK   00012_config_registry_lifecycle.sql (7.21ms)\n"}
{"Time":"2026-10-01T09:48:32.001652+08:00","Action":"output","Package":"ops-platform/test/integration","Test":"TestMigrationsUpgradeVersionOneData","Output":"2026/10/01 09:48:32 OK   00013_audit_signed_segments.sql (8.4ms)\n"}
{"Time":"2026-10-01T09:48:32.005933+08:00","Action":"output","Package":"ops-platform/test/integration","Test":"TestMigrationsUpgradeVersionOneData","Output":"2026/10/01 09:48:32 OK   00014_audit_segment_predecessors.sql (4.09ms)\n"}
{"Time":"2026-10-01T09:48:32.006011+08:00","Action":"output","Package":"ops-platform/test/integration","Test":"TestMigrationsUpgradeVersionOneData","Output":"2026/10/01 09:48:32 goose: successfully migrated database to version: 14\n"}
{"Time":"2026-10-01T09:48:32.040171+08:00","Action":"output","Package":"ops-platform/test/integration","Test":"TestMigrationsUpgradeVersionOneData","Output":"--- PASS: TestMigrationsUpgradeVersionOneData (0.16s)\n","OutputType":"frame"}
{"Time":"2026-10-01T09:48:32.040234+08:00","Action":"pass","Package":"ops-platform/test/integration","Test":"TestMigrationsUpgradeVersionOneData","Elapsed":0.16}
{"Time":"2026-10-01T09:48:32.040256+08:00","Action":"run","Package":"ops-platform/test/integration","Test":"TestWithTenantTxIsolatesTenantsAndUsesAppendOnlyAudit"}
{"Time":"2026-10-01T09:48:32.040266+08:00","Action":"output","Package":"ops-platform/test/integration","Test":"TestWithTenantTxIsolatesTenantsAndUsesAppendOnlyAudit","Output":"=== RUN   TestWithTenantTxIsolatesTenantsAndUsesAppendOnlyAudit\n","OutputType":"frame"}
{"Time":"2026-10-01T09:48:32.073869+08:00","Action":"output","Package":"ops-platform/test/integration","Test":"TestWithTenantTxIsolatesTenantsAndUsesAppendOnlyAudit","Output":"2026/10/01 09:48:32 OK   00001_roles_and_schemas.sql (6.8ms)\n"}
{"Time":"2026-10-01T09:48:32.073933+08:00","Action":"output","Package":"ops-platform/test/integration","Test":"TestWithTenantTxIsolatesTenantsAndUsesAppendOnlyAudit","Output":"2026/10/01 09:48:32 goose: successfully migrated database to version: 1\n"}
{"Time":"2026-10-01T09:48:32.093039+08:00","Action":"output","Package":"ops-platform/test/integration","Test":"TestWithTenantTxIsolatesTenantsAndUsesAppendOnlyAudit","Output":"2026/10/01 09:48:32 OK   00002_platform_meta.sql (13.39ms)\n"}
{"Time":"2026-10-01T09:48:32.098455+08:00","Action":"output","Package":"ops-platform/test/integration","Test":"TestWithTenantTxIsolatesTenantsAndUsesAppendOnlyAudit","Output":"2026/10/01 09:48:32 OK   00003_finding.sql (5.22ms)\n"}
{"Time":"2026-10-01T09:48:32.102071+08:00","Action":"output","Package":"ops-platform/test/integration","Test":"TestWithTenantTxIsolatesTenantsAndUsesAppendOnlyAudit","Output":"2026/10/01 09:48:32 OK   00004_incident.sql (3.48ms)\n"}
{"Time":"2026-10-01T09:48:32.106094+08:00","Action":"output","Package":"ops-platform/test/integration","Test":"TestWithTenantTxIsolatesTenantsAndUsesAppendOnlyAudit","Output":"2026/10/01 09:48:32 OK   00005_investigation.sql (3.87ms)\n"}
{"Time":"2026-10-01T09:48:32.110026+08:00","Action":"output","Package":"ops-platform/test/integration","Test":"TestWithTenantTxIsolatesTenantsAndUsesAppendOnlyAudit","Output":"2026/10/01 09:48:32 OK   00006_action_command.sql (3.78ms)\n"}
{"Time":"2026-10-01T09:48:32.116321+08:00","Action":"output","Package":"ops-platform/test/integration","Test":"TestWithTenantTxIsolatesTenantsAndUsesAppendOnlyAudit","Output":"2026/10/01 09:48:32 OK   00007_audit.sql (6.1ms)\n"}
{"Time":"2026-10-01T09:48:32.122915+08:00","Action":"output","Package":"ops-platform/test/integration","Test":"TestWithTenantTxIsolatesTenantsAndUsesAppendOnlyAudit","Output":"2026/10/01 09:48:32 OK   00008_rls.sql (6.42ms)\n"}
{"Time":"2026-10-01T09:48:32.128089+08:00","Action":"output","Package":"ops-platform/test/integration","Test":"TestWithTenantTxIsolatesTenantsAndUsesAppendOnlyAudit","Output":"2026/10/01 09:48:32 OK   00009_idempotency_ledger.sql (4.97ms)\n"}
{"Time":"2026-10-01T09:48:32.131381+08:00","Action":"output","Package":"ops-platform/test/integration","Test":"TestWithTenantTxIsolatesTenantsAndUsesAppendOnlyAudit","Output":"2026/10/01 09:48:32 OK   00010_tenant_provisioning.sql (3.13ms)\n"}
{"Time":"2026-10-01T09:48:32.136297+08:00","Action":"output","Package":"ops-platform/test/integration","Test":"TestWithTenantTxIsolatesTenantsAndUsesAppendOnlyAudit","Output":"2026/10/01 09:48:32 OK   00011_source_registration_history.sql (4.72ms)\n"}
{"Time":"2026-10-01T09:48:32.142809+08:00","Action":"output","Package":"ops-platform/test/integration","Test":"TestWithTenantTxIsolatesTenantsAndUsesAppendOnlyAudit","Output":"2026/10/01 09:48:32 OK   00012_config_registry_lifecycle.sql (6.33ms)\n"}
{"Time":"2026-10-01T09:48:32.151823+08:00","Action":"output","Package":"ops-platform/test/integration","Test":"TestWithTenantTxIsolatesTenantsAndUsesAppendOnlyAudit","Output":"2026/10/01 09:48:32 OK   00013_audit_signed_segments.sql (8.75ms)\n"}
{"Time":"2026-10-01T09:48:32.156081+08:00","Action":"output","Package":"ops-platform/test/integration","Test":"TestWithTenantTxIsolatesTenantsAndUsesAppendOnlyAudit","Output":"2026/10/01 09:48:32 OK   00014_audit_segment_predecessors.sql (4.09ms)\n"}
{"Time":"2026-10-01T09:48:32.156135+08:00","Action":"output","Package":"ops-platform/test/integration","Test":"TestWithTenantTxIsolatesTenantsAndUsesAppendOnlyAudit","Output":"2026/10/01 09:48:32 goose: successfully migrated database to version: 14\n"}
{"Time":"2026-10-01T09:48:32.197546+08:00","Action":"output","Package":"ops-platform/test/integration","Test":"TestWithTenantTxIsolatesTenantsAndUsesAppendOnlyAudit","Output":"--- PASS: TestWithTenantTxIsolatesTenantsAndUsesAppendOnlyAudit (0.16s)\n","OutputType":"frame"}
{"Time":"2026-10-01T09:48:32.197634+08:00","Action":"pass","Package":"ops-platform/test/integration","Test":"TestWithTenantTxIsolatesTenantsAndUsesAppendOnlyAudit","Elapsed":0.16}
{"Time":"2026-10-01T09:48:32.197666+08:00","Action":"run","Package":"ops-platform/test/integration","Test":"TestRealVictoriaMetricsScrapesPlatformProcessMetric"}
{"Time":"2026-10-01T09:48:32.197684+08:00","Action":"output","Package":"ops-platform/test/integration","Test":"TestRealVictoriaMetricsScrapesPlatformProcessMetric","Output":"=== RUN   TestRealVictoriaMetricsScrapesPlatformProcessMetric\n","OutputType":"frame"}
{"Time":"2026-10-01T09:48:35.727229+08:00","Action":"output","Package":"ops-platform/test/integration","Test":"TestRealVictoriaMetricsScrapesPlatformProcessMetric","Output":"--- PASS: TestRealVictoriaMetricsScrapesPlatformProcessMetric (3.53s)\n","OutputType":"frame"}
{"Time":"2026-10-01T09:48:35.727295+08:00","Action":"pass","Package":"ops-platform/test/integration","Test":"TestRealVictoriaMetricsScrapesPlatformProcessMetric","Elapsed":3.53}
{"Time":"2026-10-01T09:48:35.727323+08:00","Action":"run","Package":"ops-platform/test/integration","Test":"TestRealVictoriaLogsAcceptsStructuredPlatformStdout"}
{"Time":"2026-10-01T09:48:35.727338+08:00","Action":"output","Package":"ops-platform/test/integration","Test":"TestRealVictoriaLogsAcceptsStructuredPlatformStdout","Output":"=== RUN   TestRealVictoriaLogsAcceptsStructuredPlatformStdout\n","OutputType":"frame"}
{"Time":"2026-10-01T09:48:36.73535+08:00","Action":"output","Package":"ops-platform/test/integration","Test":"TestRealVictoriaLogsAcceptsStructuredPlatformStdout","Output":"--- PASS: TestRealVictoriaLogsAcceptsStructuredPlatformStdout (1.01s)\n","OutputType":"frame"}
{"Time":"2026-10-01T09:48:36.735489+08:00","Action":"pass","Package":"ops-platform/test/integration","Test":"TestRealVictoriaLogsAcceptsStructuredPlatformStdout","Elapsed":1.01}
{"Time":"2026-10-01T09:48:36.735556+08:00","Action":"run","Package":"ops-platform/test/integration","Test":"TestRealProjectedPodTokensAuthenticateOpenBaoAndWorkloadMTLS"}
{"Time":"2026-10-01T09:48:36.735595+08:00","Action":"output","Package":"ops-platform/test/integration","Test":"TestRealProjectedPodTokensAuthenticateOpenBaoAndWorkloadMTLS","Output":"=== RUN   TestRealProjectedPodTokensAuthenticateOpenBaoAndWorkloadMTLS\n","OutputType":"frame"}
{"Time":"2026-10-01T09:48:36.832745+08:00","Action":"output","Package":"ops-platform/test/integration","Test":"TestRealProjectedPodTokensAuthenticateOpenBaoAndWorkloadMTLS","Output":"2026/10/01 09:48:36 http: TLS handshake error from 127.0.0.1:52809: tls: client didn't provide a certificate\n"}
{"Time":"2026-10-01T09:48:36.832837+08:00","Action":"output","Package":"ops-platform/test/integration","Test":"TestRealProjectedPodTokensAuthenticateOpenBaoAndWorkloadMTLS","Output":"    projected_workload_test.go:133: real Pod-bound TokenReview accepted three workload identities, denied unauthorized SA/namespace/audience; Investigator and test Runner mTLS completed without forwarded JWT\n"}
{"Time":"2026-10-01T09:48:36.832886+08:00","Action":"output","Package":"ops-platform/test/integration","Test":"TestRealProjectedPodTokensAuthenticateOpenBaoAndWorkloadMTLS","Output":"--- PASS: TestRealProjectedPodTokensAuthenticateOpenBaoAndWorkloadMTLS (0.10s)\n","OutputType":"frame"}
{"Time":"2026-10-01T09:48:36.8329+08:00","Action":"pass","Package":"ops-platform/test/integration","Test":"TestRealProjectedPodTokensAuthenticateOpenBaoAndWorkloadMTLS","Elapsed":0.1}
{"Time":"2026-10-01T09:48:36.832913+08:00","Action":"run","Package":"ops-platform/test/integration","Test":"TestRuntimeDatabaseLoginCannotRegainOwnerOrOtherProcess"}
{"Time":"2026-10-01T09:48:36.832923+08:00","Action":"output","Package":"ops-platform/test/integration","Test":"TestRuntimeDatabaseLoginCannotRegainOwnerOrOtherProcess","Output":"=== RUN   TestRuntimeDatabaseLoginCannotRegainOwnerOrOtherProcess\n","OutputType":"frame"}
{"Time":"2026-10-01T09:48:36.88165+08:00","Action":"output","Package":"ops-platform/test/integration","Test":"TestRuntimeDatabaseLoginCannotRegainOwnerOrOtherProcess","Output":"2026/10/01 09:48:36 OK   00001_roles_and_schemas.sql (8.29ms)\n"}
{"Time":"2026-10-01T09:48:36.896181+08:00","Action":"output","Package":"ops-platform/test/integration","Test":"TestRuntimeDatabaseLoginCannotRegainOwnerOrOtherProcess","Output":"2026/10/01 09:48:36 OK   00002_platform_meta.sql (14.13ms)\n"}
{"Time":"2026-10-01T09:48:36.903472+08:00","Action":"output","Package":"ops-platform/test/integration","Test":"TestRuntimeDatabaseLoginCannotRegainOwnerOrOtherProcess","Output":"2026/10/01 09:48:36 OK   00003_finding.sql (7.09ms)\n"}
{"Time":"2026-10-01T09:48:36.908885+08:00","Action":"output","Package":"ops-platform/test/integration","Test":"TestRuntimeDatabaseLoginCannotRegainOwnerOrOtherProcess","Output":"2026/10/01 09:48:36 OK   00004_incident.sql (5.15ms)\n"}
{"Time":"2026-10-01T09:48:36.914216+08:00","Action":"output","Package":"ops-platform/test/integration","Test":"TestRuntimeDatabaseLoginCannotRegainOwnerOrOtherProcess","Output":"2026/10/01 09:48:36 OK   00005_investigation.sql (5.03ms)\n"}
{"Time":"2026-10-01T09:48:36.918702+08:00","Action":"output","Package":"ops-platform/test/integration","Test":"TestRuntimeDatabaseLoginCannotRegainOwnerOrOtherProcess","Output":"2026/10/01 09:48:36 OK   00006_action_command.sql (4.3ms)\n"}
{"Time":"2026-10-01T09:48:36.927538+08:00","Action":"output","Package":"ops-platform/test/integration","Test":"TestRuntimeDatabaseLoginCannotRegainOwnerOrOtherProcess","Output":"2026/10/01 09:48:36 OK   00007_audit.sql (8.63ms)\n"}
{"Time":"2026-10-01T09:48:36.934042+08:00","Action":"output","Package":"ops-platform/test/integration","Test":"TestRuntimeDatabaseLoginCannotRegainOwnerOrOtherProcess","Output":"2026/10/01 09:48:36 OK   00008_rls.sql (6.23ms)\n"}
{"Time":"2026-10-01T09:48:36.939678+08:00","Action":"output","Package":"ops-platform/test/integration","Test":"TestRuntimeDatabaseLoginCannotRegainOwnerOrOtherProcess","Output":"2026/10/01 09:48:36 OK   00009_idempotency_ledger.sql (5.38ms)\n"}
{"Time":"2026-10-01T09:48:36.943529+08:00","Action":"output","Package":"ops-platform/test/integration","Test":"TestRuntimeDatabaseLoginCannotRegainOwnerOrOtherProcess","Output":"2026/10/01 09:48:36 OK   00010_tenant_provisioning.sql (3.59ms)\n"}
{"Time":"2026-10-01T09:48:36.948116+08:00","Action":"output","Package":"ops-platform/test/integration","Test":"TestRuntimeDatabaseLoginCannotRegainOwnerOrOtherProcess","Output":"2026/10/01 09:48:36 OK   00011_source_registration_history.sql (4.42ms)\n"}
{"Time":"2026-10-01T09:48:36.956002+08:00","Action":"output","Package":"ops-platform/test/integration","Test":"TestRuntimeDatabaseLoginCannotRegainOwnerOrOtherProcess","Output":"2026/10/01 09:48:36 OK   00012_config_registry_lifecycle.sql (7.57ms)\n"}
{"Time":"2026-10-01T09:48:36.965142+08:00","Action":"output","Package":"ops-platform/test/integration","Test":"TestRuntimeDatabaseLoginCannotRegainOwnerOrOtherProcess","Output":"2026/10/01 09:48:36 OK   00013_audit_signed_segments.sql (8.79ms)\n"}
{"Time":"2026-10-01T09:48:36.969314+08:00","Action":"output","Package":"ops-platform/test/integration","Test":"TestRuntimeDatabaseLoginCannotRegainOwnerOrOtherProcess","Output":"2026/10/01 09:48:36 OK   00014_audit_segment_predecessors.sql (3.99ms)\n"}
{"Time":"2026-10-01T09:48:36.969366+08:00","Action":"output","Package":"ops-platform/test/integration","Test":"TestRuntimeDatabaseLoginCannotRegainOwnerOrOtherProcess","Output":"2026/10/01 09:48:36 goose: successfully migrated database to version: 14\n"}
{"Time":"2026-10-01T09:48:37.02997+08:00","Action":"output","Package":"ops-platform/test/integration","Test":"TestRuntimeDatabaseLoginCannotRegainOwnerOrOtherProcess","Output":"--- PASS: TestRuntimeDatabaseLoginCannotRegainOwnerOrOtherProcess (0.20s)\n","OutputType":"frame"}
{"Time":"2026-10-01T09:48:37.030072+08:00","Action":"pass","Package":"ops-platform/test/integration","Test":"TestRuntimeDatabaseLoginCannotRegainOwnerOrOtherProcess","Elapsed":0.2}
{"Time":"2026-10-01T09:48:37.030117+08:00","Action":"run","Package":"ops-platform/test/integration","Test":"TestSourceRegistrationsAreTenantBoundRevisionedAndAudited"}
{"Time":"2026-10-01T09:48:37.030143+08:00","Action":"output","Package":"ops-platform/test/integration","Test":"TestSourceRegistrationsAreTenantBoundRevisionedAndAudited","Output":"=== RUN   TestSourceRegistrationsAreTenantBoundRevisionedAndAudited\n","OutputType":"frame"}
{"Time":"2026-10-01T09:48:37.070561+08:00","Action":"output","Package":"ops-platform/test/integration","Test":"TestSourceRegistrationsAreTenantBoundRevisionedAndAudited","Output":"2026/10/01 09:48:37 OK   00001_roles_and_schemas.sql (7.66ms)\n"}
{"Time":"2026-10-01T09:48:37.07072+08:00","Action":"output","Package":"ops-platform/test/integration","Test":"TestSourceRegistrationsAreTenantBoundRevisionedAndAudited","Output":"2026/10/01 09:48:37 goose: successfully migrated database to version: 1\n"}
{"Time":"2026-10-01T09:48:37.091573+08:00","Action":"output","Package":"ops-platform/test/integration","Test":"TestSourceRegistrationsAreTenantBoundRevisionedAndAudited","Output":"2026/10/01 09:48:37 OK   00002_platform_meta.sql (14.05ms)\n"}
{"Time":"2026-10-01T09:48:37.09834+08:00","Action":"output","Package":"ops-platform/test/integration","Test":"TestSourceRegistrationsAreTenantBoundRevisionedAndAudited","Output":"2026/10/01 09:48:37 OK   00003_finding.sql (6.47ms)\n"}
{"Time":"2026-10-01T09:48:37.103186+08:00","Action":"output","Package":"ops-platform/test/integration","Test":"TestSourceRegistrationsAreTenantBoundRevisionedAndAudited","Output":"2026/10/01 09:48:37 OK   00004_incident.sql (4.64ms)\n"}
{"Time":"2026-10-01T09:48:37.108568+08:00","Action":"output","Package":"ops-platform/test/integration","Test":"TestSourceRegistrationsAreTenantBoundRevisionedAndAudited","Output":"2026/10/01 09:48:37 OK   00005_investigation.sql (5.21ms)\n"}
{"Time":"2026-10-01T09:48:37.113529+08:00","Action":"output","Package":"ops-platform/test/integration","Test":"TestSourceRegistrationsAreTenantBoundRevisionedAndAudited","Output":"2026/10/01 09:48:37 OK   00006_action_command.sql (4.7ms)\n"}
{"Time":"2026-10-01T09:48:37.121744+08:00","Action":"output","Package":"ops-platform/test/integration","Test":"TestSourceRegistrationsAreTenantBoundRevisionedAndAudited","Output":"2026/10/01 09:48:37 OK   00007_audit.sql (7.76ms)\n"}
{"Time":"2026-10-01T09:48:37.131302+08:00","Action":"output","Package":"ops-platform/test/integration","Test":"TestSourceRegistrationsAreTenantBoundRevisionedAndAudited","Output":"2026/10/01 09:48:37 OK   00008_rls.sql (9.43ms)\n"}
{"Time":"2026-10-01T09:48:37.137391+08:00","Action":"output","Package":"ops-platform/test/integration","Test":"TestSourceRegistrationsAreTenantBoundRevisionedAndAudited","Output":"2026/10/01 09:48:37 OK   00009_idempotency_ledger.sql (5.73ms)\n"}
{"Time":"2026-10-01T09:48:37.141246+08:00","Action":"output","Package":"ops-platform/test/integration","Test":"TestSourceRegistrationsAreTenantBoundRevisionedAndAudited","Output":"2026/10/01 09:48:37 OK   00010_tenant_provisioning.sql (3.56ms)\n"}
{"Time":"2026-10-01T09:48:37.147216+08:00","Action":"output","Package":"ops-platform/test/integration","Test":"TestSourceRegistrationsAreTenantBoundRevisionedAndAudited","Output":"2026/10/01 09:48:37 OK   00011_source_registration_history.sql (5.68ms)\n"}
{"Time":"2026-10-01T09:48:37.158579+08:00","Action":"output","Package":"ops-platform/test/integration","Test":"TestSourceRegistrationsAreTenantBoundRevisionedAndAudited","Output":"2026/10/01 09:48:37 OK   00012_config_registry_lifecycle.sql (11.11ms)\n"}
{"Time":"2026-10-01T09:48:37.168371+08:00","Action":"output","Package":"ops-platform/test/integration","Test":"TestSourceRegistrationsAreTenantBoundRevisionedAndAudited","Output":"2026/10/01 09:48:37 OK   00013_audit_signed_segments.sql (9.35ms)\n"}
{"Time":"2026-10-01T09:48:37.172314+08:00","Action":"output","Package":"ops-platform/test/integration","Test":"TestSourceRegistrationsAreTenantBoundRevisionedAndAudited","Output":"2026/10/01 09:48:37 OK   00014_audit_segment_predecessors.sql (3.76ms)\n"}
{"Time":"2026-10-01T09:48:37.172374+08:00","Action":"output","Package":"ops-platform/test/integration","Test":"TestSourceRegistrationsAreTenantBoundRevisionedAndAudited","Output":"2026/10/01 09:48:37 goose: successfully migrated database to version: 14\n"}
{"Time":"2026-10-01T09:48:37.19552+08:00","Action":"run","Package":"ops-platform/test/integration","Test":"TestSourceRegistrationsAreTenantBoundRevisionedAndAudited/payload-tenant"}
{"Time":"2026-10-01T09:48:37.195611+08:00","Action":"output","Package":"ops-platform/test/integration","Test":"TestSourceRegistrationsAreTenantBoundRevisionedAndAudited/payload-tenant","Output":"=== RUN   TestSourceRegistrationsAreTenantBoundRevisionedAndAudited/payload-tenant\n","OutputType":"frame"}
{"Time":"2026-10-01T09:48:37.196181+08:00","Action":"output","Package":"ops-platform/test/integration","Test":"TestSourceRegistrationsAreTenantBoundRevisionedAndAudited/payload-tenant","Output":"--- PASS: TestSourceRegistrationsAreTenantBoundRevisionedAndAudited/payload-tenant (0.00s)\n","OutputType":"frame"}
{"Time":"2026-10-01T09:48:37.196201+08:00","Action":"pass","Package":"ops-platform/test/integration","Test":"TestSourceRegistrationsAreTenantBoundRevisionedAndAudited/payload-tenant","Elapsed":0}
{"Time":"2026-10-01T09:48:37.196225+08:00","Action":"run","Package":"ops-platform/test/integration","Test":"TestSourceRegistrationsAreTenantBoundRevisionedAndAudited/payload-cluster"}
{"Time":"2026-10-01T09:48:37.196235+08:00","Action":"output","Package":"ops-platform/test/integration","Test":"TestSourceRegistrationsAreTenantBoundRevisionedAndAudited/payload-cluster","Output":"=== RUN   TestSourceRegistrationsAreTenantBoundRevisionedAndAudited/payload-cluster\n","OutputType":"frame"}
{"Time":"2026-10-01T09:48:37.196761+08:00","Action":"output","Package":"ops-platform/test/integration","Test":"TestSourceRegistrationsAreTenantBoundRevisionedAndAudited/payload-cluster","Output":"--- PASS: TestSourceRegistrationsAreTenantBoundRevisionedAndAudited/payload-cluster (0.00s)\n","OutputType":"frame"}
{"Time":"2026-10-01T09:48:37.196776+08:00","Action":"pass","Package":"ops-platform/test/integration","Test":"TestSourceRegistrationsAreTenantBoundRevisionedAndAudited/payload-cluster","Elapsed":0}
{"Time":"2026-10-01T09:48:37.265253+08:00","Action":"output","Package":"ops-platform/test/integration","Test":"TestSourceRegistrationsAreTenantBoundRevisionedAndAudited","Output":"--- PASS: TestSourceRegistrationsAreTenantBoundRevisionedAndAudited (0.24s)\n","OutputType":"frame"}
{"Time":"2026-10-01T09:48:37.265389+08:00","Action":"pass","Package":"ops-platform/test/integration","Test":"TestSourceRegistrationsAreTenantBoundRevisionedAndAudited","Elapsed":0.24}
{"Time":"2026-10-01T09:48:37.265445+08:00","Action":"run","Package":"ops-platform/test/integration","Test":"TestRevokedStepUpCannotBeRecreatedByReplayingSameJWT"}
{"Time":"2026-10-01T09:48:37.265471+08:00","Action":"output","Package":"ops-platform/test/integration","Test":"TestRevokedStepUpCannotBeRecreatedByReplayingSameJWT","Output":"=== RUN   TestRevokedStepUpCannotBeRecreatedByReplayingSameJWT\n","OutputType":"frame"}
{"Time":"2026-10-01T09:48:37.295311+08:00","Action":"output","Package":"ops-platform/test/integration","Test":"TestRevokedStepUpCannotBeRecreatedByReplayingSameJWT","Output":"2026/10/01 09:48:37 OK   00001_roles_and_schemas.sql (6.61ms)\n"}
{"Time":"2026-10-01T09:48:37.307572+08:00","Action":"output","Package":"ops-platform/test/integration","Test":"TestRevokedStepUpCannotBeRecreatedByReplayingSameJWT","Output":"2026/10/01 09:48:37 OK   00002_platform_meta.sql (11.97ms)\n"}
{"Time":"2026-10-01T09:48:37.31254+08:00","Action":"output","Package":"ops-platform/test/integration","Test":"TestRevokedStepUpCannotBeRecreatedByReplayingSameJWT","Output":"2026/10/01 09:48:37 OK   00003_finding.sql (4.83ms)\n"}
{"Time":"2026-10-01T09:48:37.315973+08:00","Action":"output","Package":"ops-platform/test/integration","Test":"TestRevokedStepUpCannotBeRecreatedByReplayingSameJWT","Output":"2026/10/01 09:48:37 OK   00004_incident.sql (3.3ms)\n"}
{"Time":"2026-10-01T09:48:37.320082+08:00","Action":"output","Package":"ops-platform/test/integration","Test":"TestRevokedStepUpCannotBeRecreatedByReplayingSameJWT","Output":"2026/10/01 09:48:37 OK   00005_investigation.sql (3.99ms)\n"}
{"Time":"2026-10-01T09:48:37.323421+08:00","Action":"output","Package":"ops-platform/test/integration","Test":"TestRevokedStepUpCannotBeRecreatedByReplayingSameJWT","Output":"2026/10/01 09:48:37 OK   00006_action_command.sql (3.19ms)\n"}
{"Time":"2026-10-01T09:48:37.328745+08:00","Action":"output","Package":"ops-platform/test/integration","Test":"TestRevokedStepUpCannotBeRecreatedByReplayingSameJWT","Output":"2026/10/01 09:48:37 OK   00007_audit.sql (5.2ms)\n"}
{"Time":"2026-10-01T09:48:37.334192+08:00","Action":"output","Package":"ops-platform/test/integration","Test":"TestRevokedStepUpCannotBeRecreatedByReplayingSameJWT","Output":"2026/10/01 09:48:37 OK   00008_rls.sql (5.34ms)\n"}
{"Time":"2026-10-01T09:48:37.338659+08:00","Action":"output","Package":"ops-platform/test/integration","Test":"TestRevokedStepUpCannotBeRecreatedByReplayingSameJWT","Output":"2026/10/01 09:48:37 OK   00009_idempotency_ledger.sql (4.3ms)\n"}
{"Time":"2026-10-01T09:48:37.341398+08:00","Action":"output","Package":"ops-platform/test/integration","Test":"TestRevokedStepUpCannotBeRecreatedByReplayingSameJWT","Output":"2026/10/01 09:48:37 OK   00010_tenant_provisioning.sql (2.58ms)\n"}
{"Time":"2026-10-01T09:48:37.345655+08:00","Action":"output","Package":"ops-platform/test/integration","Test":"TestRevokedStepUpCannotBeRecreatedByReplayingSameJWT","Output":"2026/10/01 09:48:37 OK   00011_source_registration_history.sql (4.13ms)\n"}
{"Time":"2026-10-01T09:48:37.35104+08:00","Action":"output","Package":"ops-platform/test/integration","Test":"TestRevokedStepUpCannotBeRecreatedByReplayingSameJWT","Output":"2026/10/01 09:48:37 OK   00012_config_registry_lifecycle.sql (5.26ms)\n"}
{"Time":"2026-10-01T09:48:37.35813+08:00","Action":"output","Package":"ops-platform/test/integration","Test":"TestRevokedStepUpCannotBeRecreatedByReplayingSameJWT","Output":"2026/10/01 09:48:37 OK   00013_audit_signed_segments.sql (6.9ms)\n"}
{"Time":"2026-10-01T09:48:37.361405+08:00","Action":"output","Package":"ops-platform/test/integration","Test":"TestRevokedStepUpCannotBeRecreatedByReplayingSameJWT","Output":"2026/10/01 09:48:37 OK   00014_audit_segment_predecessors.sql (3.14ms)\n"}
{"Time":"2026-10-01T09:48:37.361431+08:00","Action":"output","Package":"ops-platform/test/integration","Test":"TestRevokedStepUpCannotBeRecreatedByReplayingSameJWT","Output":"2026/10/01 09:48:37 goose: successfully migrated database to version: 14\n"}
{"Time":"2026-10-01T09:48:37.384217+08:00","Action":"output","Package":"ops-platform/test/integration","Test":"TestRevokedStepUpCannotBeRecreatedByReplayingSameJWT","Output":"--- PASS: TestRevokedStepUpCannotBeRecreatedByReplayingSameJWT (0.12s)\n","OutputType":"frame"}
{"Time":"2026-10-01T09:48:37.384292+08:00","Action":"pass","Package":"ops-platform/test/integration","Test":"TestRevokedStepUpCannotBeRecreatedByReplayingSameJWT","Elapsed":0.12}
{"Time":"2026-10-01T09:48:37.384318+08:00","Action":"run","Package":"ops-platform/test/integration","Test":"TestTenantProvisioningAndRoleBindingRevisions"}
{"Time":"2026-10-01T09:48:37.384334+08:00","Action":"output","Package":"ops-platform/test/integration","Test":"TestTenantProvisioningAndRoleBindingRevisions","Output":"=== RUN   TestTenantProvisioningAndRoleBindingRevisions\n","OutputType":"frame"}
{"Time":"2026-10-01T09:48:37.415971+08:00","Action":"output","Package":"ops-platform/test/integration","Test":"TestTenantProvisioningAndRoleBindingRevisions","Output":"2026/10/01 09:48:37 OK   00001_roles_and_schemas.sql (6.39ms)\n"}
{"Time":"2026-10-01T09:48:37.41602+08:00","Action":"output","Package":"ops-platform/test/integration","Test":"TestTenantProvisioningAndRoleBindingRevisions","Output":"2026/10/01 09:48:37 goose: successfully migrated database to version: 1\n"}
{"Time":"2026-10-01T09:48:37.433643+08:00","Action":"output","Package":"ops-platform/test/integration","Test":"TestTenantProvisioningAndRoleBindingRevisions","Output":"2026/10/01 09:48:37 OK   00002_platform_meta.sql (12.3ms)\n"}
{"Time":"2026-10-01T09:48:37.440089+08:00","Action":"output","Package":"ops-platform/test/integration","Test":"TestTenantProvisioningAndRoleBindingRevisions","Output":"2026/10/01 09:48:37 OK   00003_finding.sql (6.29ms)\n"}
{"Time":"2026-10-01T09:48:37.444594+08:00","Action":"output","Package":"ops-platform/test/integration","Test":"TestTenantProvisioningAndRoleBindingRevisions","Output":"2026/10/01 09:48:37 OK   00004_incident.sql (4.32ms)\n"}
{"Time":"2026-10-01T09:48:37.449175+08:00","Action":"output","Package":"ops-platform/test/integration","Test":"TestTenantProvisioningAndRoleBindingRevisions","Output":"2026/10/01 09:48:37 OK   00005_investigation.sql (4.44ms)\n"}
{"Time":"2026-10-01T09:48:37.453217+08:00","Action":"output","Package":"ops-platform/test/integration","Test":"TestTenantProvisioningAndRoleBindingRevisions","Output":"2026/10/01 09:48:37 OK   00006_action_command.sql (3.9ms)\n"}
{"Time":"2026-10-01T09:48:37.460342+08:00","Action":"output","Package":"ops-platform/test/integration","Test":"TestTenantProvisioningAndRoleBindingRevisions","Output":"2026/10/01 09:48:37 OK   00007_audit.sql (6.95ms)\n"}
{"Time":"2026-10-01T09:48:37.467016+08:00","Action":"output","Package":"ops-platform/test/integration","Test":"TestTenantProvisioningAndRoleBindingRevisions","Output":"2026/10/01 09:48:37 OK   00008_rls.sql (6.52ms)\n"}
{"Time":"2026-10-01T09:48:37.472672+08:00","Action":"output","Package":"ops-platform/test/integration","Test":"TestTenantProvisioningAndRoleBindingRevisions","Output":"2026/10/01 09:48:37 OK   00009_idempotency_ledger.sql (5.46ms)\n"}
{"Time":"2026-10-01T09:48:37.47577+08:00","Action":"output","Package":"ops-platform/test/integration","Test":"TestTenantProvisioningAndRoleBindingRevisions","Output":"2026/10/01 09:48:37 OK   00010_tenant_provisioning.sql (2.88ms)\n"}
{"Time":"2026-10-01T09:48:37.479919+08:00","Action":"output","Package":"ops-platform/test/integration","Test":"TestTenantProvisioningAndRoleBindingRevisions","Output":"2026/10/01 09:48:37 OK   00011_source_registration_history.sql (4.01ms)\n"}
{"Time":"2026-10-01T09:48:37.48596+08:00","Action":"output","Package":"ops-platform/test/integration","Test":"TestTenantProvisioningAndRoleBindingRevisions","Output":"2026/10/01 09:48:37 OK   00012_config_registry_lifecycle.sql (5.87ms)\n"}
{"Time":"2026-10-01T09:48:37.493764+08:00","Action":"output","Package":"ops-platform/test/integration","Test":"TestTenantProvisioningAndRoleBindingRevisions","Output":"2026/10/01 09:48:37 OK   00013_audit_signed_segments.sql (7.57ms)\n"}
{"Time":"2026-10-01T09:48:37.497801+08:00","Action":"output","Package":"ops-platform/test/integration","Test":"TestTenantProvisioningAndRoleBindingRevisions","Output":"2026/10/01 09:48:37 OK   00014_audit_segment_predecessors.sql (3.89ms)\n"}
{"Time":"2026-10-01T09:48:37.497845+08:00","Action":"output","Package":"ops-platform/test/integration","Test":"TestTenantProvisioningAndRoleBindingRevisions","Output":"2026/10/01 09:48:37 goose: successfully migrated database to version: 14\n"}
{"Time":"2026-10-01T09:48:37.541399+08:00","Action":"output","Package":"ops-platform/test/integration","Test":"TestTenantProvisioningAndRoleBindingRevisions","Output":"--- PASS: TestTenantProvisioningAndRoleBindingRevisions (0.16s)\n","OutputType":"frame"}
{"Time":"2026-10-01T09:48:37.541489+08:00","Action":"pass","Package":"ops-platform/test/integration","Test":"TestTenantProvisioningAndRoleBindingRevisions","Elapsed":0.16}
{"Time":"2026-10-01T09:48:37.541521+08:00","Action":"run","Package":"ops-platform/test/integration","Test":"TestRealAuditWorkerProjectedLoginResumesPendingAfterArchiveOutage"}
{"Time":"2026-10-01T09:48:37.54154+08:00","Action":"output","Package":"ops-platform/test/integration","Test":"TestRealAuditWorkerProjectedLoginResumesPendingAfterArchiveOutage","Output":"=== RUN   TestRealAuditWorkerProjectedLoginResumesPendingAfterArchiveOutage\n","OutputType":"frame"}
{"Time":"2026-10-01T09:48:37.568333+08:00","Action":"output","Package":"ops-platform/test/integration","Test":"TestRealAuditWorkerProjectedLoginResumesPendingAfterArchiveOutage","Output":"2026/10/01 09:48:37 OK   00001_roles_and_schemas.sql (5.6ms)\n"}
{"Time":"2026-10-01T09:48:37.579132+08:00","Action":"output","Package":"ops-platform/test/integration","Test":"TestRealAuditWorkerProjectedLoginResumesPendingAfterArchiveOutage","Output":"2026/10/01 09:48:37 OK   00002_platform_meta.sql (10.58ms)\n"}
{"Time":"2026-10-01T09:48:37.584141+08:00","Action":"output","Package":"ops-platform/test/integration","Test":"TestRealAuditWorkerProjectedLoginResumesPendingAfterArchiveOutage","Output":"2026/10/01 09:48:37 OK   00003_finding.sql (4.83ms)\n"}
{"Time":"2026-10-01T09:48:37.587661+08:00","Action":"output","Package":"ops-platform/test/integration","Test":"TestRealAuditWorkerProjectedLoginResumesPendingAfterArchiveOutage","Output":"2026/10/01 09:48:37 OK   00004_incident.sql (3.36ms)\n"}
{"Time":"2026-10-01T09:48:37.591567+08:00","Action":"output","Package":"ops-platform/test/integration","Test":"TestRealAuditWorkerProjectedLoginResumesPendingAfterArchiveOutage","Output":"2026/10/01 09:48:37 OK   00005_investigation.sql (3.77ms)\n"}
{"Time":"2026-10-01T09:48:37.594933+08:00","Action":"output","Package":"ops-platform/test/integration","Test":"TestRealAuditWorkerProjectedLoginResumesPendingAfterArchiveOutage","Output":"2026/10/01 09:48:37 OK   00006_action_command.sql (3.27ms)\n"}
{"Time":"2026-10-01T09:48:37.601439+08:00","Action":"output","Package":"ops-platform/test/integration","Test":"TestRealAuditWorkerProjectedLoginResumesPendingAfterArchiveOutage","Output":"2026/10/01 09:48:37 OK   00007_audit.sql (6.37ms)\n"}
{"Time":"2026-10-01T09:48:37.607415+08:00","Action":"output","Package":"ops-platform/test/integration","Test":"TestRealAuditWorkerProjectedLoginResumesPendingAfterArchiveOutage","Output":"2026/10/01 09:48:37 OK   00008_rls.sql (5.81ms)\n"}
{"Time":"2026-10-01T09:48:37.61207+08:00","Action":"output","Package":"ops-platform/test/integration","Test":"TestRealAuditWorkerProjectedLoginResumesPendingAfterArchiveOutage","Output":"2026/10/01 09:48:37 OK   00009_idempotency_ledger.sql (4.47ms)\n"}
{"Time":"2026-10-01T09:48:37.614934+08:00","Action":"output","Package":"ops-platform/test/integration","Test":"TestRealAuditWorkerProjectedLoginResumesPendingAfterArchiveOutage","Output":"2026/10/01 09:48:37 OK   00010_tenant_provisioning.sql (2.72ms)\n"}
{"Time":"2026-10-01T09:48:37.619+08:00","Action":"output","Package":"ops-platform/test/integration","Test":"TestRealAuditWorkerProjectedLoginResumesPendingAfterArchiveOutage","Output":"2026/10/01 09:48:37 OK   00011_source_registration_history.sql (3.91ms)\n"}
{"Time":"2026-10-01T09:48:37.624542+08:00","Action":"output","Package":"ops-platform/test/integration","Test":"TestRealAuditWorkerProjectedLoginResumesPendingAfterArchiveOutage","Output":"2026/10/01 09:48:37 OK   00012_config_registry_lifecycle.sql (5.33ms)\n"}
{"Time":"2026-10-01T09:48:37.632071+08:00","Action":"output","Package":"ops-platform/test/integration","Test":"TestRealAuditWorkerProjectedLoginResumesPendingAfterArchiveOutage","Output":"2026/10/01 09:48:37 OK   00013_audit_signed_segments.sql (7.36ms)\n"}
{"Time":"2026-10-01T09:48:37.635788+08:00","Action":"output","Package":"ops-platform/test/integration","Test":"TestRealAuditWorkerProjectedLoginResumesPendingAfterArchiveOutage","Output":"2026/10/01 09:48:37 OK   00014_audit_segment_predecessors.sql (3.59ms)\n"}
{"Time":"2026-10-01T09:48:37.635834+08:00","Action":"output","Package":"ops-platform/test/integration","Test":"TestRealAuditWorkerProjectedLoginResumesPendingAfterArchiveOutage","Output":"2026/10/01 09:48:37 goose: successfully migrated database to version: 14\n"}
{"Time":"2026-10-01T09:48:38.261896+08:00","Action":"output","Package":"ops-platform/test/integration","Test":"TestRealAuditWorkerProjectedLoginResumesPendingAfterArchiveOutage","Output":"    worker_runtime_test.go:133: actual WorkerApp used projected-token login and worker-only DB login; two tenants resumed after S3 refusal; pending=0 max_proof_delay_seconds=360.447 bucket=sp03-worker-3c24bcce\n"}
{"Time":"2026-10-01T09:48:38.30973+08:00","Action":"output","Package":"ops-platform/test/integration","Test":"TestRealAuditWorkerProjectedLoginResumesPendingAfterArchiveOutage","Output":"--- PASS: TestRealAuditWorkerProjectedLoginResumesPendingAfterArchiveOutage (0.77s)\n","OutputType":"frame"}
{"Time":"2026-10-01T09:48:38.309823+08:00","Action":"pass","Package":"ops-platform/test/integration","Test":"TestRealAuditWorkerProjectedLoginResumesPendingAfterArchiveOutage","Elapsed":0.77}
{"Time":"2026-10-01T09:48:38.309867+08:00","Action":"run","Package":"ops-platform/test/integration","Test":"TestRealOpenBaoWorkloadPKIIssuanceAndRevocation"}
{"Time":"2026-10-01T09:48:38.309889+08:00","Action":"output","Package":"ops-platform/test/integration","Test":"TestRealOpenBaoWorkloadPKIIssuanceAndRevocation","Output":"=== RUN   TestRealOpenBaoWorkloadPKIIssuanceAndRevocation\n","OutputType":"frame"}
{"Time":"2026-10-01T09:48:38.327929+08:00","Action":"output","Package":"ops-platform/test/integration","Test":"TestRealOpenBaoWorkloadPKIIssuanceAndRevocation","Output":"    workload_identity_test.go:86: isolated OpenBao workload role=platform-workload-ops-api certificate_serial=44bb856a4ab270eddf89d03e8b4fce3e65c58ca6 cert_ttl=1h0m30s revoked_crl_verified=true\n"}
{"Time":"2026-10-01T09:48:38.328041+08:00","Action":"output","Package":"ops-platform/test/integration","Test":"TestRealOpenBaoWorkloadPKIIssuanceAndRevocation","Output":"--- PASS: TestRealOpenBaoWorkloadPKIIssuanceAndRevocation (0.02s)\n","OutputType":"frame"}
{"Time":"2026-10-01T09:48:38.328071+08:00","Action":"pass","Package":"ops-platform/test/integration","Test":"TestRealOpenBaoWorkloadPKIIssuanceAndRevocation","Elapsed":0.02}
{"Time":"2026-10-01T09:48:38.328098+08:00","Action":"output","Package":"ops-platform/test/integration","Output":"PASS\n","OutputType":"frame"}
{"Time":"2026-10-01T09:48:38.33241+08:00","Action":"output","Package":"ops-platform/test/integration","Output":"ok  \tops-platform/test/integration\t14.276s\n"}
{"Time":"2026-10-01T09:48:38.332483+08:00","Action":"pass","Package":"ops-platform/test/integration","Elapsed":14.277}
Acceptance report: 24 tests passed; zero skips.
