E1001 01:57:24.628403 s3api_object_handlers_put.go:617 putToFiler: chunked upload failed: assign volume: assign volume: assign volume: rpc error: code = Unknown desc = failed to find writable volumes for collection:sp03-worker-78c04b18 replication:000 ttl: error: No writable volumes and no free volumes left for {"collection":"sp03-worker-78c04b18","replication":{},"ttl":{"Count":0,"Unit":0},"version":3}
E1001 01:57:24.628414 s3api_object_handlers_put.go:1672 putVersionedObject: failed to upload version: 30
E1001 01:57:24.628429 s3api_object_handlers_put.go:303 PutObjectHandler: putVersionedObject failed with errCode=30 for sp03-worker-78c04b18/tenants/ffbfefed65e32fbdb08a822a08e0cff5807cee1613d8bba10b50e1a624d383d5/audit-segment/01a0f52e-2f9f-7733-ac25-81dc2b30de87
I1001 02:01:46.496442 master_grpc_server_assign.go:227 assign count:1  collection:"sp03-worker-fb53c9b3"  expected_data_size:680 {"collection":"sp03-worker-fb53c9b3","replication":{},"ttl":{"Count":0,"Unit":0},"version":3}: failed to find writable volumes for collection:sp03-worker-fb53c9b3 replication:000 ttl: error: No writable volumes and no free volumes left for {"collection":"sp03-worker-fb53c9b3","replication":{},"ttl":{"Count":0,"Unit":0},"version":3}
I1001 02:01:46.496581 master_grpc_server_volume.go:143 volume grow &{Option:{"collection":"sp03-worker-fb53c9b3","replication":{},"ttl":{"Count":0,"Unit":0},"version":3} Count:0 Force:false Reason:grpc assign}
I1001 02:01:46.498149 node.go:221 topo failed to pick 1 from  0 node candidates
I1001 02:01:46.498192 volume_growth.go:142 create 7 volume, created 0: Not enough data nodes found!
E1001 02:01:46.498431 upload_chunked.go:281 chunked upload failed: assign volume: assign volume: assign volume: rpc error: code = Unknown desc = failed to find writable volumes for collection:sp03-worker-fb53c9b3 replication:000 ttl: error: No writable volumes and no free volumes left for {"collection":"sp03-worker-fb53c9b3","replication":{},"ttl":{"Count":0,"Unit":0},"version":3} (returning 0 partial chunks for cleanup)
E1001 02:01:46.498481 s3api_object_handlers_put.go:617 putToFiler: chunked upload failed: assign volume: assign volume: assign volume: rpc error: code = Unknown desc = failed to find writable volumes for collection:sp03-worker-fb53c9b3 replication:000 ttl: error: No writable volumes and no free volumes left for {"collection":"sp03-worker-fb53c9b3","replication":{},"ttl":{"Count":0,"Unit":0},"version":3}
E1001 02:01:46.498498 s3api_object_handlers_put.go:1672 putVersionedObject: failed to upload version: 30
E1001 02:01:46.498527 s3api_object_handlers_put.go:303 PutObjectHandler: putVersionedObject failed with errCode=30 for sp03-worker-fb53c9b3/tenants/87aff23ce60deb7e3e77c473dd0a809904aa438b468e343e3c562a911b74a972/audit-segment/01a0f532-4067-7a96-a6fd-76610e0ffbed
I1001 02:01:47.098448 master_grpc_server_assign.go:227 assign count:1  collection:"sp03-worker-fb53c9b3"  expected_data_size:680 {"collection":"sp03-worker-fb53c9b3","replication":{},"ttl":{"Count":0,"Unit":0},"version":3}: failed to find writable volumes for collection:sp03-worker-fb53c9b3 replication:000 ttl: error: No writable volumes and no free volumes left for {"collection":"sp03-worker-fb53c9b3","replication":{},"ttl":{"Count":0,"Unit":0},"version":3}
I1001 02:01:47.098495 master_grpc_server_volume.go:143 volume grow &{Option:{"collection":"sp03-worker-fb53c9b3","replication":{},"ttl":{"Count":0,"Unit":0},"version":3} Count:0 Force:false Reason:grpc assign}
I1001 02:01:47.098536 node.go:221 topo failed to pick 1 from  0 node candidates
I1001 02:01:47.098543 volume_growth.go:142 create 7 volume, created 0: Not enough data nodes found!
E1001 02:01:47.098638 upload_chunked.go:281 chunked upload failed: assign volume: assign volume: assign volume: rpc error: code = Unknown desc = failed to find writable volumes for collection:sp03-worker-fb53c9b3 replication:000 ttl: error: No writable volumes and no free volumes left for {"collection":"sp03-worker-fb53c9b3","replication":{},"ttl":{"Count":0,"Unit":0},"version":3} (returning 0 partial chunks for cleanup)
E1001 02:01:47.098651 s3api_object_handlers_put.go:617 putToFiler: chunked upload failed: assign volume: assign volume: assign volume: rpc error: code = Unknown desc = failed to find writable volumes for collection:sp03-worker-fb53c9b3 replication:000 ttl: error: No writable volumes and no free volumes left for {"collection":"sp03-worker-fb53c9b3","replication":{},"ttl":{"Count":0,"Unit":0},"version":3}
E1001 02:01:47.098660 s3api_object_handlers_put.go:1672 putVersionedObject: failed to upload version: 30
E1001 02:01:47.098673 s3api_object_handlers_put.go:303 PutObjectHandler: putVersionedObject failed with errCode=30 for sp03-worker-fb53c9b3/tenants/87aff23ce60deb7e3e77c473dd0a809904aa438b468e343e3c562a911b74a972/audit-segment/01a0f532-4067-7a96-a6fd-76610e0ffbed
I1001 02:01:49.220841 master_grpc_server_assign.go:227 assign count:1  collection:"sp03-worker-fb53c9b3"  expected_data_size:680 {"collection":"sp03-worker-fb53c9b3","replication":{},"ttl":{"Count":0,"Unit":0},"version":3}: failed to find writable volumes for collection:sp03-worker-fb53c9b3 replication:000 ttl: error: No writable volumes and no free volumes left for {"collection":"sp03-worker-fb53c9b3","replication":{},"ttl":{"Count":0,"Unit":0},"version":3}
I1001 02:01:49.220973 master_grpc_server_volume.go:143 volume grow &{Option:{"collection":"sp03-worker-fb53c9b3","replication":{},"ttl":{"Count":0,"Unit":0},"version":3} Count:0 Force:false Reason:grpc assign}
I1001 02:01:49.221023 node.go:221 topo failed to pick 1 from  0 node candidates
I1001 02:01:49.221120 volume_growth.go:142 create 7 volume, created 0: Not enough data nodes found!
E1001 02:01:49.221105 upload_chunked.go:281 chunked upload failed: assign volume: assign volume: assign volume: rpc error: code = Unknown desc = failed to find writable volumes for collection:sp03-worker-fb53c9b3 replication:000 ttl: error: No writable volumes and no free volumes left for {"collection":"sp03-worker-fb53c9b3","replication":{},"ttl":{"Count":0,"Unit":0},"version":3} (returning 0 partial chunks for cleanup)
E1001 02:01:49.221164 s3api_object_handlers_put.go:617 putToFiler: chunked upload failed: assign volume: assign volume: assign volume: rpc error: code = Unknown desc = failed to find writable volumes for collection:sp03-worker-fb53c9b3 replication:000 ttl: error: No writable volumes and no free volumes left for {"collection":"sp03-worker-fb53c9b3","replication":{},"ttl":{"Count":0,"Unit":0},"version":3}
E1001 02:01:49.221179 s3api_object_handlers_put.go:1672 putVersionedObject: failed to upload version: 30
E1001 02:01:49.221196 s3api_object_handlers_put.go:303 PutObjectHandler: putVersionedObject failed with errCode=30 for sp03-worker-fb53c9b3/tenants/87aff23ce60deb7e3e77c473dd0a809904aa438b468e343e3c562a911b74a972/audit-segment/01a0f532-4067-7a96-a6fd-76610e0ffbed
I1001 02:01:49.234120 master_grpc_server_assign.go:227 assign count:1  collection:"sp03-worker-fb53c9b3"  expected_data_size:680 {"collection":"sp03-worker-fb53c9b3","replication":{},"ttl":{"Count":0,"Unit":0},"version":3}: failed to find writable volumes for collection:sp03-worker-fb53c9b3 replication:000 ttl: error: No writable volumes and no free volumes left for {"collection":"sp03-worker-fb53c9b3","replication":{},"ttl":{"Count":0,"Unit":0},"version":3}
I1001 02:01:49.234151 master_grpc_server_volume.go:143 volume grow &{Option:{"collection":"sp03-worker-fb53c9b3","replication":{},"ttl":{"Count":0,"Unit":0},"version":3} Count:0 Force:false Reason:grpc assign}
I1001 02:01:49.234170 node.go:221 topo failed to pick 1 from  0 node candidates
I1001 02:01:49.234175 volume_growth.go:142 create 7 volume, created 0: Not enough data nodes found!
E1001 02:01:49.234286 upload_chunked.go:281 chunked upload failed: assign volume: assign volume: assign volume: rpc error: code = Unknown desc = failed to find writable volumes for collection:sp03-worker-fb53c9b3 replication:000 ttl: error: No writable volumes and no free volumes left for {"collection":"sp03-worker-fb53c9b3","replication":{},"ttl":{"Count":0,"Unit":0},"version":3} (returning 0 partial chunks for cleanup)
E1001 02:01:49.234306 s3api_object_handlers_put.go:617 putToFiler: chunked upload failed: assign volume: assign volume: assign volume: rpc error: code = Unknown desc = failed to find writable volumes for collection:sp03-worker-fb53c9b3 replication:000 ttl: error: No writable volumes and no free volumes left for {"collection":"sp03-worker-fb53c9b3","replication":{},"ttl":{"Count":0,"Unit":0},"version":3}
E1001 02:01:49.234311 s3api_object_handlers_put.go:1672 putVersionedObject: failed to upload version: 30
E1001 02:01:49.234318 s3api_object_handlers_put.go:303 PutObjectHandler: putVersionedObject failed with errCode=30 for sp03-worker-fb53c9b3/tenants/223a76a41f2a0895a1131623805527963f3134c8398d10d2f603e2bbf3c67c69/audit-segment/01a0f532-4baa-7562-ad00-6b18e5e78133
I1001 02:01:49.538437 master_grpc_server_assign.go:227 assign count:1  collection:"sp03-worker-fb53c9b3"  expected_data_size:680 {"collection":"sp03-worker-fb53c9b3","replication":{},"ttl":{"Count":0,"Unit":0},"version":3}: failed to find writable volumes for collection:sp03-worker-fb53c9b3 replication:000 ttl: error: No writable volumes and no free volumes left for {"collection":"sp03-worker-fb53c9b3","replication":{},"ttl":{"Count":0,"Unit":0},"version":3}
I1001 02:01:49.538586 master_grpc_server_volume.go:143 volume grow &{Option:{"collection":"sp03-worker-fb53c9b3","replication":{},"ttl":{"Count":0,"Unit":0},"version":3} Count:0 Force:false Reason:grpc assign}
I1001 02:01:49.538657 node.go:221 topo failed to pick 1 from  0 node candidates
I1001 02:01:49.538664 volume_growth.go:142 create 7 volume, created 0: Not enough data nodes found!
E1001 02:01:49.539208 upload_chunked.go:281 chunked upload failed: assign volume: assign volume: assign volume: rpc error: code = Unknown desc = failed to find writable volumes for collection:sp03-worker-fb53c9b3 replication:000 ttl: error: No writable volumes and no free volumes left for {"collection":"sp03-worker-fb53c9b3","replication":{},"ttl":{"Count":0,"Unit":0},"version":3} (returning 0 partial chunks for cleanup)
E1001 02:01:49.539266 s3api_object_handlers_put.go:617 putToFiler: chunked upload failed: assign volume: assign volume: assign volume: rpc error: code = Unknown desc = failed to find writable volumes for collection:sp03-worker-fb53c9b3 replication:000 ttl: error: No writable volumes and no free volumes left for {"collection":"sp03-worker-fb53c9b3","replication":{},"ttl":{"Count":0,"Unit":0},"version":3}
E1001 02:01:49.539287 s3api_object_handlers_put.go:1672 putVersionedObject: failed to upload version: 30
E1001 02:01:49.539312 s3api_object_handlers_put.go:303 PutObjectHandler: putVersionedObject failed with errCode=30 for sp03-worker-fb53c9b3/tenants/223a76a41f2a0895a1131623805527963f3134c8398d10d2f603e2bbf3c67c69/audit-segment/01a0f532-4baa-7562-ad00-6b18e5e78133
I1001 02:01:49.643460 master_grpc_server_assign.go:227 assign count:1  collection:"sp03-worker-fb53c9b3"  expected_data_size:680 {"collection":"sp03-worker-fb53c9b3","replication":{},"ttl":{"Count":0,"Unit":0},"version":3}: failed to find writable volumes for collection:sp03-worker-fb53c9b3 replication:000 ttl: error: No writable volumes and no free volumes left for {"collection":"sp03-worker-fb53c9b3","replication":{},"ttl":{"Count":0,"Unit":0},"version":3}
I1001 02:01:49.643618 master_grpc_server_volume.go:143 volume grow &{Option:{"collection":"sp03-worker-fb53c9b3","replication":{},"ttl":{"Count":0,"Unit":0},"version":3} Count:0 Force:false Reason:grpc assign}
I1001 02:01:49.643735 node.go:221 topo failed to pick 1 from  0 node candidates
I1001 02:01:49.643745 volume_growth.go:142 create 7 volume, created 0: Not enough data nodes found!
E1001 02:01:49.644150 upload_chunked.go:281 chunked upload failed: assign volume: assign volume: assign volume: rpc error: code = Unknown desc = failed to find writable volumes for collection:sp03-worker-fb53c9b3 replication:000 ttl: error: No writable volumes and no free volumes left for {"collection":"sp03-worker-fb53c9b3","replication":{},"ttl":{"Count":0,"Unit":0},"version":3} (returning 0 partial chunks for cleanup)
E1001 02:01:49.644185 s3api_object_handlers_put.go:617 putToFiler: chunked upload failed: assign volume: assign volume: assign volume: rpc error: code = Unknown desc = failed to find writable volumes for collection:sp03-worker-fb53c9b3 replication:000 ttl: error: No writable volumes and no free volumes left for {"collection":"sp03-worker-fb53c9b3","replication":{},"ttl":{"Count":0,"Unit":0},"version":3}
E1001 02:01:49.644204 s3api_object_handlers_put.go:1672 putVersionedObject: failed to upload version: 30
E1001 02:01:49.644229 s3api_object_handlers_put.go:303 PutObjectHandler: putVersionedObject failed with errCode=30 for sp03-worker-fb53c9b3/tenants/223a76a41f2a0895a1131623805527963f3134c8398d10d2f603e2bbf3c67c69/audit-segment/01a0f532-4baa-7562-ad00-6b18e5e78133
I1001 02:02:06.012877 master_client.go:24 the cluster has 1 filer
I1001 02:04:07.679202 master_grpc_server_assign.go:227 assign count:1  collection:"sp03-worker-912aefcf"  expected_data_size:680 {"collection":"sp03-worker-912aefcf","replication":{},"ttl":{"Count":0,"Unit":0},"version":3}: failed to find writable volumes for collection:sp03-worker-912aefcf replication:000 ttl: error: No writable volumes and no free volumes left for {"collection":"sp03-worker-912aefcf","replication":{},"ttl":{"Count":0,"Unit":0},"version":3}
I1001 02:04:07.679237 master_grpc_server_volume.go:143 volume grow &{Option:{"collection":"sp03-worker-912aefcf","replication":{},"ttl":{"Count":0,"Unit":0},"version":3} Count:0 Force:false Reason:grpc assign}
I1001 02:04:07.679779 node.go:221 topo failed to pick 1 from  0 node candidates
I1001 02:04:07.679787 volume_growth.go:142 create 7 volume, created 0: Not enough data nodes found!
E1001 02:04:07.679897 upload_chunked.go:281 chunked upload failed: assign volume: assign volume: assign volume: rpc error: code = Unknown desc = failed to find writable volumes for collection:sp03-worker-912aefcf replication:000 ttl: error: No writable volumes and no free volumes left for {"collection":"sp03-worker-912aefcf","replication":{},"ttl":{"Count":0,"Unit":0},"version":3} (returning 0 partial chunks for cleanup)
E1001 02:04:07.679915 s3api_object_handlers_put.go:617 putToFiler: chunked upload failed: assign volume: assign volume: assign volume: rpc error: code = Unknown desc = failed to find writable volumes for collection:sp03-worker-912aefcf replication:000 ttl: error: No writable volumes and no free volumes left for {"collection":"sp03-worker-912aefcf","replication":{},"ttl":{"Count":0,"Unit":0},"version":3}
E1001 02:04:07.679921 s3api_object_handlers_put.go:1672 putVersionedObject: failed to upload version: 30
E1001 02:04:07.679930 s3api_object_handlers_put.go:303 PutObjectHandler: putVersionedObject failed with errCode=30 for sp03-worker-912aefcf/tenants/07291e8a1eff6a62c2c531c62a5446b13c626857529d85fa28a6f8cddb5e4a0f/audit-segment/01a0f534-67eb-79b0-9db5-441902df3bb5
I1001 02:04:09.271081 master_grpc_server_assign.go:227 assign count:1  collection:"sp03-worker-912aefcf"  expected_data_size:680 {"collection":"sp03-worker-912aefcf","replication":{},"ttl":{"Count":0,"Unit":0},"version":3}: failed to find writable volumes for collection:sp03-worker-912aefcf replication:000 ttl: error: No writable volumes and no free volumes left for {"collection":"sp03-worker-912aefcf","replication":{},"ttl":{"Count":0,"Unit":0},"version":3}
I1001 02:04:09.271147 master_grpc_server_volume.go:143 volume grow &{Option:{"collection":"sp03-worker-912aefcf","replication":{},"ttl":{"Count":0,"Unit":0},"version":3} Count:0 Force:false Reason:grpc assign}
I1001 02:04:09.271203 node.go:221 topo failed to pick 1 from  0 node candidates
I1001 02:04:09.271210 volume_growth.go:142 create 7 volume, created 0: Not enough data nodes found!
E1001 02:04:09.271370 upload_chunked.go:281 chunked upload failed: assign volume: assign volume: assign volume: rpc error: code = Unknown desc = failed to find writable volumes for collection:sp03-worker-912aefcf replication:000 ttl: error: No writable volumes and no free volumes left for {"collection":"sp03-worker-912aefcf","replication":{},"ttl":{"Count":0,"Unit":0},"version":3} (returning 0 partial chunks for cleanup)
E1001 02:04:09.271387 s3api_object_handlers_put.go:617 putToFiler: chunked upload failed: assign volume: assign volume: assign volume: rpc error: code = Unknown desc = failed to find writable volumes for collection:sp03-worker-912aefcf replication:000 ttl: error: No writable volumes and no free volumes left for {"collection":"sp03-worker-912aefcf","replication":{},"ttl":{"Count":0,"Unit":0},"version":3}
E1001 02:04:09.271398 s3api_object_handlers_put.go:1672 putVersionedObject: failed to upload version: 30
E1001 02:04:09.271414 s3api_object_handlers_put.go:303 PutObjectHandler: putVersionedObject failed with errCode=30 for sp03-worker-912aefcf/tenants/07291e8a1eff6a62c2c531c62a5446b13c626857529d85fa28a6f8cddb5e4a0f/audit-segment/01a0f534-67eb-79b0-9db5-441902df3bb5
I1001 02:04:11.854311 master_grpc_server_assign.go:227 assign count:1  collection:"sp03-worker-912aefcf"  expected_data_size:680 {"collection":"sp03-worker-912aefcf","replication":{},"ttl":{"Count":0,"Unit":0},"version":3}: failed to find writable volumes for collection:sp03-worker-912aefcf replication:000 ttl: error: No writable volumes and no free volumes left for {"collection":"sp03-worker-912aefcf","replication":{},"ttl":{"Count":0,"Unit":0},"version":3}
I1001 02:04:11.854407 master_grpc_server_volume.go:143 volume grow &{Option:{"collection":"sp03-worker-912aefcf","replication":{},"ttl":{"Count":0,"Unit":0},"version":3} Count:0 Force:false Reason:grpc assign}
I1001 02:04:11.854495 node.go:221 topo failed to pick 1 from  0 node candidates
I1001 02:04:11.854511 volume_growth.go:142 create 7 volume, created 0: Not enough data nodes found!
E1001 02:04:11.855024 upload_chunked.go:281 chunked upload failed: assign volume: assign volume: assign volume: rpc error: code = Unknown desc = failed to find writable volumes for collection:sp03-worker-912aefcf replication:000 ttl: error: No writable volumes and no free volumes left for {"collection":"sp03-worker-912aefcf","replication":{},"ttl":{"Count":0,"Unit":0},"version":3} (returning 0 partial chunks for cleanup)
E1001 02:04:11.855121 s3api_object_handlers_put.go:617 putToFiler: chunked upload failed: assign volume: assign volume: assign volume: rpc error: code = Unknown desc = failed to find writable volumes for collection:sp03-worker-912aefcf replication:000 ttl: error: No writable volumes and no free volumes left for {"collection":"sp03-worker-912aefcf","replication":{},"ttl":{"Count":0,"Unit":0},"version":3}
E1001 02:04:11.855162 s3api_object_handlers_put.go:1672 putVersionedObject: failed to upload version: 30
E1001 02:04:11.855244 s3api_object_handlers_put.go:303 PutObjectHandler: putVersionedObject failed with errCode=30 for sp03-worker-912aefcf/tenants/07291e8a1eff6a62c2c531c62a5446b13c626857529d85fa28a6f8cddb5e4a0f/audit-segment/01a0f534-67eb-79b0-9db5-441902df3bb5
I1001 02:04:11.900407 master_grpc_server_assign.go:227 assign count:1  collection:"sp03-worker-912aefcf"  expected_data_size:680 {"collection":"sp03-worker-912aefcf","replication":{},"ttl":{"Count":0,"Unit":0},"version":3}: failed to find writable volumes for collection:sp03-worker-912aefcf replication:000 ttl: error: No writable volumes and no free volumes left for {"collection":"sp03-worker-912aefcf","replication":{},"ttl":{"Count":0,"Unit":0},"version":3}
I1001 02:04:11.900459 master_grpc_server_volume.go:143 volume grow &{Option:{"collection":"sp03-worker-912aefcf","replication":{},"ttl":{"Count":0,"Unit":0},"version":3} Count:0 Force:false Reason:grpc assign}
I1001 02:04:11.900506 node.go:221 topo failed to pick 1 from  0 node candidates
I1001 02:04:11.900513 volume_growth.go:142 create 7 volume, created 0: Not enough data nodes found!
E1001 02:04:11.900626 upload_chunked.go:281 chunked upload failed: assign volume: assign volume: assign volume: rpc error: code = Unknown desc = failed to find writable volumes for collection:sp03-worker-912aefcf replication:000 ttl: error: No writable volumes and no free volumes left for {"collection":"sp03-worker-912aefcf","replication":{},"ttl":{"Count":0,"Unit":0},"version":3} (returning 0 partial chunks for cleanup)
E1001 02:04:11.900646 s3api_object_handlers_put.go:617 putToFiler: chunked upload failed: assign volume: assign volume: assign volume: rpc error: code = Unknown desc = failed to find writable volumes for collection:sp03-worker-912aefcf replication:000 ttl: error: No writable volumes and no free volumes left for {"collection":"sp03-worker-912aefcf","replication":{},"ttl":{"Count":0,"Unit":0},"version":3}
E1001 02:04:11.900658 s3api_object_handlers_put.go:1672 putVersionedObject: failed to upload version: 30
E1001 02:04:11.900674 s3api_object_handlers_put.go:303 PutObjectHandler: putVersionedObject failed with errCode=30 for sp03-worker-912aefcf/tenants/bcbec958977c0537050c1e5a826157f692a44fbdb0474f03faedd3d38c3cfbe7/audit-segment/01a0f534-78e5-7566-b678-7970c5c02c61
I1001 02:04:12.964083 master_grpc_server_assign.go:227 assign count:1  collection:"sp03-worker-912aefcf"  expected_data_size:680 {"collection":"sp03-worker-912aefcf","replication":{},"ttl":{"Count":0,"Unit":0},"version":3}: failed to find writable volumes for collection:sp03-worker-912aefcf replication:000 ttl: error: No writable volumes and no free volumes left for {"collection":"sp03-worker-912aefcf","replication":{},"ttl":{"Count":0,"Unit":0},"version":3}
I1001 02:04:12.964225 master_grpc_server_volume.go:143 volume grow &{Option:{"collection":"sp03-worker-912aefcf","replication":{},"ttl":{"Count":0,"Unit":0},"version":3} Count:0 Force:false Reason:grpc assign}
E1001 02:04:12.964586 upload_chunked.go:281 chunked upload failed: assign volume: assign volume: assign volume: rpc error: code = Unknown desc = failed to find writable volumes for collection:sp03-worker-912aefcf replication:000 ttl: error: No writable volumes and no free volumes left for {"collection":"sp03-worker-912aefcf","replication":{},"ttl":{"Count":0,"Unit":0},"version":3} (returning 0 partial chunks for cleanup)
E1001 02:04:12.964831 s3api_object_handlers_put.go:617 putToFiler: chunked upload failed: assign volume: assign volume: assign volume: rpc error: code = Unknown desc = failed to find writable volumes for collection:sp03-worker-912aefcf replication:000 ttl: error: No writable volumes and no free volumes left for {"collection":"sp03-worker-912aefcf","replication":{},"ttl":{"Count":0,"Unit":0},"version":3}
E1001 02:04:12.964854 s3api_object_handlers_put.go:1672 putVersionedObject: failed to upload version: 30
E1001 02:04:12.964879 s3api_object_handlers_put.go:303 PutObjectHandler: putVersionedObject failed with errCode=30 for sp03-worker-912aefcf/tenants/bcbec958977c0537050c1e5a826157f692a44fbdb0474f03faedd3d38c3cfbe7/audit-segment/01a0f534-78e5-7566-b678-7970c5c02c61
I1001 02:04:12.965233 node.go:221 topo failed to pick 1 from  0 node candidates
I1001 02:04:12.965246 volume_growth.go:142 create 7 volume, created 0: Not enough data nodes found!
I1001 02:04:14.397664 master_grpc_server_assign.go:227 assign count:1  collection:"sp03-worker-912aefcf"  expected_data_size:680 {"collection":"sp03-worker-912aefcf","replication":{},"ttl":{"Count":0,"Unit":0},"version":3}: failed to find writable volumes for collection:sp03-worker-912aefcf replication:000 ttl: error: No writable volumes and no free volumes left for {"collection":"sp03-worker-912aefcf","replication":{},"ttl":{"Count":0,"Unit":0},"version":3}
I1001 02:04:14.397687 master_grpc_server_volume.go:143 volume grow &{Option:{"collection":"sp03-worker-912aefcf","replication":{},"ttl":{"Count":0,"Unit":0},"version":3} Count:0 Force:false Reason:grpc assign}
I1001 02:04:14.397710 node.go:221 topo failed to pick 1 from  0 node candidates
I1001 02:04:14.397713 volume_growth.go:142 create 7 volume, created 0: Not enough data nodes found!
E1001 02:04:14.397758 upload_chunked.go:281 chunked upload failed: assign volume: assign volume: assign volume: rpc error: code = Unknown desc = failed to find writable volumes for collection:sp03-worker-912aefcf replication:000 ttl: error: No writable volumes and no free volumes left for {"collection":"sp03-worker-912aefcf","replication":{},"ttl":{"Count":0,"Unit":0},"version":3} (returning 0 partial chunks for cleanup)
E1001 02:04:14.397765 s3api_object_handlers_put.go:617 putToFiler: chunked upload failed: assign volume: assign volume: assign volume: rpc error: code = Unknown desc = failed to find writable volumes for collection:sp03-worker-912aefcf replication:000 ttl: error: No writable volumes and no free volumes left for {"collection":"sp03-worker-912aefcf","replication":{},"ttl":{"Count":0,"Unit":0},"version":3}
E1001 02:04:14.397769 s3api_object_handlers_put.go:1672 putVersionedObject: failed to upload version: 30
E1001 02:04:14.397776 s3api_object_handlers_put.go:303 PutObjectHandler: putVersionedObject failed with errCode=30 for sp03-worker-912aefcf/tenants/bcbec958977c0537050c1e5a826157f692a44fbdb0474f03faedd3d38c3cfbe7/audit-segment/01a0f534-78e5-7566-b678-7970c5c02c61
I1001 02:07:02.892507 metrics.go:1243 delete inactive bucket metrics, : 1
I1001 02:07:06.005165 master_client.go:24 the cluster has 1 filer
I1001 02:07:10.820223 master_grpc_server_assign.go:227 assign count:1  collection:"sp03-worker-4ac90d48"  expected_data_size:680 {"collection":"sp03-worker-4ac90d48","replication":{},"ttl":{"Count":0,"Unit":0},"version":3}: failed to find writable volumes for collection:sp03-worker-4ac90d48 replication:000 ttl: error: No writable volumes and no free volumes left for {"collection":"sp03-worker-4ac90d48","replication":{},"ttl":{"Count":0,"Unit":0},"version":3}
I1001 02:07:10.820308 master_grpc_server_volume.go:143 volume grow &{Option:{"collection":"sp03-worker-4ac90d48","replication":{},"ttl":{"Count":0,"Unit":0},"version":3} Count:0 Force:false Reason:grpc assign}
I1001 02:07:10.820484 node.go:221 topo failed to pick 1 from  0 node candidates
I1001 02:07:10.820504 volume_growth.go:142 create 7 volume, created 0: Not enough data nodes found!
E1001 02:07:10.820710 upload_chunked.go:281 chunked upload failed: assign volume: assign volume: assign volume: rpc error: code = Unknown desc = failed to find writable volumes for collection:sp03-worker-4ac90d48 replication:000 ttl: error: No writable volumes and no free volumes left for {"collection":"sp03-worker-4ac90d48","replication":{},"ttl":{"Count":0,"Unit":0},"version":3} (returning 0 partial chunks for cleanup)
E1001 02:07:10.820746 s3api_object_handlers_put.go:617 putToFiler: chunked upload failed: assign volume: assign volume: assign volume: rpc error: code = Unknown desc = failed to find writable volumes for collection:sp03-worker-4ac90d48 replication:000 ttl: error: No writable volumes and no free volumes left for {"collection":"sp03-worker-4ac90d48","replication":{},"ttl":{"Count":0,"Unit":0},"version":3}
E1001 02:07:10.820757 s3api_object_handlers_put.go:1672 putVersionedObject: failed to upload version: 30
E1001 02:07:10.820778 s3api_object_handlers_put.go:303 PutObjectHandler: putVersionedObject failed with errCode=30 for sp03-worker-4ac90d48/tenants/9ab6d79225fee4d3e1578499e42c5294430106655bf7035fd024c80c58f55be1/audit-segment/01a0f537-333a-782d-af87-91d75271d43b
I1001 02:07:12.664303 master_grpc_server_assign.go:227 assign count:1  collection:"sp03-worker-4ac90d48"  expected_data_size:680 {"collection":"sp03-worker-4ac90d48","replication":{},"ttl":{"Count":0,"Unit":0},"version":3}: failed to find writable volumes for collection:sp03-worker-4ac90d48 replication:000 ttl: error: No writable volumes and no free volumes left for {"collection":"sp03-worker-4ac90d48","replication":{},"ttl":{"Count":0,"Unit":0},"version":3}
I1001 02:07:12.664368 master_grpc_server_volume.go:143 volume grow &{Option:{"collection":"sp03-worker-4ac90d48","replication":{},"ttl":{"Count":0,"Unit":0},"version":3} Count:0 Force:false Reason:grpc assign}
I1001 02:07:12.664414 node.go:221 topo failed to pick 1 from  0 node candidates
I1001 02:07:12.664425 volume_growth.go:142 create 7 volume, created 0: Not enough data nodes found!
E1001 02:07:12.664493 upload_chunked.go:281 chunked upload failed: assign volume: assign volume: assign volume: rpc error: code = Unknown desc = failed to find writable volumes for collection:sp03-worker-4ac90d48 replication:000 ttl: error: No writable volumes and no free volumes left for {"collection":"sp03-worker-4ac90d48","replication":{},"ttl":{"Count":0,"Unit":0},"version":3} (returning 0 partial chunks for cleanup)
E1001 02:07:12.664514 s3api_object_handlers_put.go:617 putToFiler: chunked upload failed: assign volume: assign volume: assign volume: rpc error: code = Unknown desc = failed to find writable volumes for collection:sp03-worker-4ac90d48 replication:000 ttl: error: No writable volumes and no free volumes left for {"collection":"sp03-worker-4ac90d48","replication":{},"ttl":{"Count":0,"Unit":0},"version":3}
E1001 02:07:12.664530 s3api_object_handlers_put.go:1672 putVersionedObject: failed to upload version: 30
E1001 02:07:12.664542 s3api_object_handlers_put.go:303 PutObjectHandler: putVersionedObject failed with errCode=30 for sp03-worker-4ac90d48/tenants/9ab6d79225fee4d3e1578499e42c5294430106655bf7035fd024c80c58f55be1/audit-segment/01a0f537-333a-782d-af87-91d75271d43b
I1001 02:07:14.400892 master_grpc_server_assign.go:227 assign count:1  collection:"sp03-worker-4ac90d48"  expected_data_size:680 {"collection":"sp03-worker-4ac90d48","replication":{},"ttl":{"Count":0,"Unit":0},"version":3}: failed to find writable volumes for collection:sp03-worker-4ac90d48 replication:000 ttl: error: No writable volumes and no free volumes left for {"collection":"sp03-worker-4ac90d48","replication":{},"ttl":{"Count":0,"Unit":0},"version":3}
I1001 02:07:14.400964 master_grpc_server_volume.go:143 volume grow &{Option:{"collection":"sp03-worker-4ac90d48","replication":{},"ttl":{"Count":0,"Unit":0},"version":3} Count:0 Force:false Reason:grpc assign}
I1001 02:07:14.401122 node.go:221 topo failed to pick 1 from  0 node candidates
I1001 02:07:14.401127 volume_growth.go:142 create 7 volume, created 0: Not enough data nodes found!
E1001 02:07:14.401234 upload_chunked.go:281 chunked upload failed: assign volume: assign volume: assign volume: rpc error: code = Unknown desc = failed to find writable volumes for collection:sp03-worker-4ac90d48 replication:000 ttl: error: No writable volumes and no free volumes left for {"collection":"sp03-worker-4ac90d48","replication":{},"ttl":{"Count":0,"Unit":0},"version":3} (returning 0 partial chunks for cleanup)
E1001 02:07:14.401244 s3api_object_handlers_put.go:617 putToFiler: chunked upload failed: assign volume: assign volume: assign volume: rpc error: code = Unknown desc = failed to find writable volumes for collection:sp03-worker-4ac90d48 replication:000 ttl: error: No writable volumes and no free volumes left for {"collection":"sp03-worker-4ac90d48","replication":{},"ttl":{"Count":0,"Unit":0},"version":3}
E1001 02:07:14.401251 s3api_object_handlers_put.go:1672 putVersionedObject: failed to upload version: 30
E1001 02:07:14.401262 s3api_object_handlers_put.go:303 PutObjectHandler: putVersionedObject failed with errCode=30 for sp03-worker-4ac90d48/tenants/9ab6d79225fee4d3e1578499e42c5294430106655bf7035fd024c80c58f55be1/audit-segment/01a0f537-333a-782d-af87-91d75271d43b
I1001 02:07:14.418279 master_grpc_server_assign.go:227 assign count:1  collection:"sp03-worker-4ac90d48"  expected_data_size:680 {"collection":"sp03-worker-4ac90d48","replication":{},"ttl":{"Count":0,"Unit":0},"version":3}: failed to find writable volumes for collection:sp03-worker-4ac90d48 replication:000 ttl: error: No writable volumes and no free volumes left for {"collection":"sp03-worker-4ac90d48","replication":{},"ttl":{"Count":0,"Unit":0},"version":3}
I1001 02:07:14.418313 master_grpc_server_volume.go:143 volume grow &{Option:{"collection":"sp03-worker-4ac90d48","replication":{},"ttl":{"Count":0,"Unit":0},"version":3} Count:0 Force:false Reason:grpc assign}
I1001 02:07:14.418345 node.go:221 topo failed to pick 1 from  0 node candidates
I1001 02:07:14.418349 volume_growth.go:142 create 7 volume, created 0: Not enough data nodes found!
E1001 02:07:14.418424 upload_chunked.go:281 chunked upload failed: assign volume: assign volume: assign volume: rpc error: code = Unknown desc = failed to find writable volumes for collection:sp03-worker-4ac90d48 replication:000 ttl: error: No writable volumes and no free volumes left for {"collection":"sp03-worker-4ac90d48","replication":{},"ttl":{"Count":0,"Unit":0},"version":3} (returning 0 partial chunks for cleanup)
E1001 02:07:14.418434 s3api_object_handlers_put.go:617 putToFiler: chunked upload failed: assign volume: assign volume: assign volume: rpc error: code = Unknown desc = failed to find writable volumes for collection:sp03-worker-4ac90d48 replication:000 ttl: error: No writable volumes and no free volumes left for {"collection":"sp03-worker-4ac90d48","replication":{},"ttl":{"Count":0,"Unit":0},"version":3}
E1001 02:07:14.418441 s3api_object_handlers_put.go:1672 putVersionedObject: failed to upload version: 30
E1001 02:07:14.418451 s3api_object_handlers_put.go:303 PutObjectHandler: putVersionedObject failed with errCode=30 for sp03-worker-4ac90d48/tenants/4248b8b579cadb6a17fca004a3c5faec26ec6626acbda0c3035acf9f7c5f52a2/audit-segment/01a0f537-41e7-7595-878f-d33955a471e1
I1001 02:07:15.283646 master_grpc_server_assign.go:227 assign count:1  collection:"sp03-worker-4ac90d48"  expected_data_size:680 {"collection":"sp03-worker-4ac90d48","replication":{},"ttl":{"Count":0,"Unit":0},"version":3}: failed to find writable volumes for collection:sp03-worker-4ac90d48 replication:000 ttl: error: No writable volumes and no free volumes left for {"collection":"sp03-worker-4ac90d48","replication":{},"ttl":{"Count":0,"Unit":0},"version":3}
I1001 02:07:15.283679 master_grpc_server_volume.go:143 volume grow &{Option:{"collection":"sp03-worker-4ac90d48","replication":{},"ttl":{"Count":0,"Unit":0},"version":3} Count:0 Force:false Reason:grpc assign}
I1001 02:07:15.283713 node.go:221 topo failed to pick 1 from  0 node candidates
I1001 02:07:15.283718 volume_growth.go:142 create 7 volume, created 0: Not enough data nodes found!
E1001 02:07:15.283794 upload_chunked.go:281 chunked upload failed: assign volume: assign volume: assign volume: rpc error: code = Unknown desc = failed to find writable volumes for collection:sp03-worker-4ac90d48 replication:000 ttl: error: No writable volumes and no free volumes left for {"collection":"sp03-worker-4ac90d48","replication":{},"ttl":{"Count":0,"Unit":0},"version":3} (returning 0 partial chunks for cleanup)
E1001 02:07:15.283804 s3api_object_handlers_put.go:617 putToFiler: chunked upload failed: assign volume: assign volume: assign volume: rpc error: code = Unknown desc = failed to find writable volumes for collection:sp03-worker-4ac90d48 replication:000 ttl: error: No writable volumes and no free volumes left for {"collection":"sp03-worker-4ac90d48","replication":{},"ttl":{"Count":0,"Unit":0},"version":3}
E1001 02:07:15.283812 s3api_object_handlers_put.go:1672 putVersionedObject: failed to upload version: 30
E1001 02:07:15.283822 s3api_object_handlers_put.go:303 PutObjectHandler: putVersionedObject failed with errCode=30 for sp03-worker-4ac90d48/tenants/4248b8b579cadb6a17fca004a3c5faec26ec6626acbda0c3035acf9f7c5f52a2/audit-segment/01a0f537-41e7-7595-878f-d33955a471e1
I1001 02:07:17.341037 master_grpc_server_assign.go:227 assign count:1  collection:"sp03-worker-4ac90d48"  expected_data_size:680 {"collection":"sp03-worker-4ac90d48","replication":{},"ttl":{"Count":0,"Unit":0},"version":3}: failed to find writable volumes for collection:sp03-worker-4ac90d48 replication:000 ttl: error: No writable volumes and no free volumes left for {"collection":"sp03-worker-4ac90d48","replication":{},"ttl":{"Count":0,"Unit":0},"version":3}
I1001 02:07:17.341065 master_grpc_server_volume.go:143 volume grow &{Option:{"collection":"sp03-worker-4ac90d48","replication":{},"ttl":{"Count":0,"Unit":0},"version":3} Count:0 Force:false Reason:grpc assign}
I1001 02:07:17.341090 node.go:221 topo failed to pick 1 from  0 node candidates
I1001 02:07:17.341094 volume_growth.go:142 create 7 volume, created 0: Not enough data nodes found!
E1001 02:07:17.341151 upload_chunked.go:281 chunked upload failed: assign volume: assign volume: assign volume: rpc error: code = Unknown desc = failed to find writable volumes for collection:sp03-worker-4ac90d48 replication:000 ttl: error: No writable volumes and no free volumes left for {"collection":"sp03-worker-4ac90d48","replication":{},"ttl":{"Count":0,"Unit":0},"version":3} (returning 0 partial chunks for cleanup)
E1001 02:07:17.341158 s3api_object_handlers_put.go:617 putToFiler: chunked upload failed: assign volume: assign volume: assign volume: rpc error: code = Unknown desc = failed to find writable volumes for collection:sp03-worker-4ac90d48 replication:000 ttl: error: No writable volumes and no free volumes left for {"collection":"sp03-worker-4ac90d48","replication":{},"ttl":{"Count":0,"Unit":0},"version":3}
E1001 02:07:17.341163 s3api_object_handlers_put.go:1672 putVersionedObject: failed to upload version: 30
E1001 02:07:17.341171 s3api_object_handlers_put.go:303 PutObjectHandler: putVersionedObject failed with errCode=30 for sp03-worker-4ac90d48/tenants/4248b8b579cadb6a17fca004a3c5faec26ec6626acbda0c3035acf9f7c5f52a2/audit-segment/01a0f537-41e7-7595-878f-d33955a471e1
