{"Time":"2026-10-01T10:18:17.781353+08:00","Action":"start","Package":"ops-platform/test/security"}
{"Time":"2026-10-01T10:18:18.267936+08:00","Action":"run","Package":"ops-platform/test/security","Test":"TestOperatorAndPlatformAdminAreIndependent"}
{"Time":"2026-10-01T10:18:18.268078+08:00","Action":"output","Package":"ops-platform/test/security","Test":"TestOperatorAndPlatformAdminAreIndependent","Output":"=== RUN   TestOperatorAndPlatformAdminAreIndependent\n","OutputType":"frame"}
{"Time":"2026-10-01T10:18:18.268145+08:00","Action":"run","Package":"ops-platform/test/security","Test":"TestOperatorAndPlatformAdminAreIndependent/operator_cannot_administer"}
{"Time":"2026-10-01T10:18:18.268166+08:00","Action":"output","Package":"ops-platform/test/security","Test":"TestOperatorAndPlatformAdminAreIndependent/operator_cannot_administer","Output":"=== RUN   TestOperatorAndPlatformAdminAreIndependent/operator_cannot_administer\n","OutputType":"frame"}
{"Time":"2026-10-01T10:18:18.268199+08:00","Action":"output","Package":"ops-platform/test/security","Test":"TestOperatorAndPlatformAdminAreIndependent/operator_cannot_administer","Output":"--- PASS: TestOperatorAndPlatformAdminAreIndependent/operator_cannot_administer (0.00s)\n","OutputType":"frame"}
{"Time":"2026-10-01T10:18:18.268208+08:00","Action":"pass","Package":"ops-platform/test/security","Test":"TestOperatorAndPlatformAdminAreIndependent/operator_cannot_administer","Elapsed":0}
{"Time":"2026-10-01T10:18:18.268228+08:00","Action":"run","Package":"ops-platform/test/security","Test":"TestOperatorAndPlatformAdminAreIndependent/administrator_cannot_operate"}
{"Time":"2026-10-01T10:18:18.268235+08:00","Action":"output","Package":"ops-platform/test/security","Test":"TestOperatorAndPlatformAdminAreIndependent/administrator_cannot_operate","Output":"=== RUN   TestOperatorAndPlatformAdminAreIndependent/administrator_cannot_operate\n","OutputType":"frame"}
{"Time":"2026-10-01T10:18:18.268248+08:00","Action":"output","Package":"ops-platform/test/security","Test":"TestOperatorAndPlatformAdminAreIndependent/administrator_cannot_operate","Output":"--- PASS: TestOperatorAndPlatformAdminAreIndependent/administrator_cannot_operate (0.00s)\n","OutputType":"frame"}
{"Time":"2026-10-01T10:18:18.268255+08:00","Action":"pass","Package":"ops-platform/test/security","Test":"TestOperatorAndPlatformAdminAreIndependent/administrator_cannot_operate","Elapsed":0}
{"Time":"2026-10-01T10:18:18.268262+08:00","Action":"output","Package":"ops-platform/test/security","Test":"TestOperatorAndPlatformAdminAreIndependent","Output":"--- PASS: TestOperatorAndPlatformAdminAreIndependent (0.00s)\n","OutputType":"frame"}
{"Time":"2026-10-01T10:18:18.268269+08:00","Action":"pass","Package":"ops-platform/test/security","Test":"TestOperatorAndPlatformAdminAreIndependent","Elapsed":0}
{"Time":"2026-10-01T10:18:18.268276+08:00","Action":"run","Package":"ops-platform/test/security","Test":"TestOperatorMustHaveExplicitResourceScope"}
{"Time":"2026-10-01T10:18:18.268281+08:00","Action":"output","Package":"ops-platform/test/security","Test":"TestOperatorMustHaveExplicitResourceScope","Output":"=== RUN   TestOperatorMustHaveExplicitResourceScope\n","OutputType":"frame"}
{"Time":"2026-10-01T10:18:18.268291+08:00","Action":"output","Package":"ops-platform/test/security","Test":"TestOperatorMustHaveExplicitResourceScope","Output":"--- PASS: TestOperatorMustHaveExplicitResourceScope (0.00s)\n","OutputType":"frame"}
{"Time":"2026-10-01T10:18:18.268298+08:00","Action":"pass","Package":"ops-platform/test/security","Test":"TestOperatorMustHaveExplicitResourceScope","Elapsed":0}
{"Time":"2026-10-01T10:18:18.268304+08:00","Action":"run","Package":"ops-platform/test/security","Test":"TestWorkloadIdentityRejectsWrongSANNamespaceAndServiceAccount"}
{"Time":"2026-10-01T10:18:18.268309+08:00","Action":"output","Package":"ops-platform/test/security","Test":"TestWorkloadIdentityRejectsWrongSANNamespaceAndServiceAccount","Output":"=== RUN   TestWorkloadIdentityRejectsWrongSANNamespaceAndServiceAccount\n","OutputType":"frame"}
{"Time":"2026-10-01T10:18:18.268791+08:00","Action":"run","Package":"ops-platform/test/security","Test":"TestWorkloadIdentityRejectsWrongSANNamespaceAndServiceAccount/wrong_namespace"}
{"Time":"2026-10-01T10:18:18.268873+08:00","Action":"output","Package":"ops-platform/test/security","Test":"TestWorkloadIdentityRejectsWrongSANNamespaceAndServiceAccount/wrong_namespace","Output":"=== RUN   TestWorkloadIdentityRejectsWrongSANNamespaceAndServiceAccount/wrong_namespace\n","OutputType":"frame"}
{"Time":"2026-10-01T10:18:18.269127+08:00","Action":"output","Package":"ops-platform/test/security","Test":"TestWorkloadIdentityRejectsWrongSANNamespaceAndServiceAccount/wrong_namespace","Output":"--- PASS: TestWorkloadIdentityRejectsWrongSANNamespaceAndServiceAccount/wrong_namespace (0.00s)\n","OutputType":"frame"}
{"Time":"2026-10-01T10:18:18.269172+08:00","Action":"pass","Package":"ops-platform/test/security","Test":"TestWorkloadIdentityRejectsWrongSANNamespaceAndServiceAccount/wrong_namespace","Elapsed":0}
{"Time":"2026-10-01T10:18:18.269199+08:00","Action":"run","Package":"ops-platform/test/security","Test":"TestWorkloadIdentityRejectsWrongSANNamespaceAndServiceAccount/wrong_service_account"}
{"Time":"2026-10-01T10:18:18.269207+08:00","Action":"output","Package":"ops-platform/test/security","Test":"TestWorkloadIdentityRejectsWrongSANNamespaceAndServiceAccount/wrong_service_account","Output":"=== RUN   TestWorkloadIdentityRejectsWrongSANNamespaceAndServiceAccount/wrong_service_account\n","OutputType":"frame"}
{"Time":"2026-10-01T10:18:18.269321+08:00","Action":"output","Package":"ops-platform/test/security","Test":"TestWorkloadIdentityRejectsWrongSANNamespaceAndServiceAccount/wrong_service_account","Output":"--- PASS: TestWorkloadIdentityRejectsWrongSANNamespaceAndServiceAccount/wrong_service_account (0.00s)\n","OutputType":"frame"}
{"Time":"2026-10-01T10:18:18.269333+08:00","Action":"pass","Package":"ops-platform/test/security","Test":"TestWorkloadIdentityRejectsWrongSANNamespaceAndServiceAccount/wrong_service_account","Elapsed":0}
{"Time":"2026-10-01T10:18:18.269709+08:00","Action":"output","Package":"ops-platform/test/security","Test":"TestWorkloadIdentityRejectsWrongSANNamespaceAndServiceAccount","Output":"--- PASS: TestWorkloadIdentityRejectsWrongSANNamespaceAndServiceAccount (0.00s)\n","OutputType":"frame"}
{"Time":"2026-10-01T10:18:18.269754+08:00","Action":"pass","Package":"ops-platform/test/security","Test":"TestWorkloadIdentityRejectsWrongSANNamespaceAndServiceAccount","Elapsed":0}
{"Time":"2026-10-01T10:18:18.269769+08:00","Action":"run","Package":"ops-platform/test/security","Test":"TestWorkloadIdentityRejectsExpiredRevokedAndUntrustedCertificate"}
{"Time":"2026-10-01T10:18:18.269778+08:00","Action":"output","Package":"ops-platform/test/security","Test":"TestWorkloadIdentityRejectsExpiredRevokedAndUntrustedCertificate","Output":"=== RUN   TestWorkloadIdentityRejectsExpiredRevokedAndUntrustedCertificate\n","OutputType":"frame"}
{"Time":"2026-10-01T10:18:18.27046+08:00","Action":"output","Package":"ops-platform/test/security","Test":"TestWorkloadIdentityRejectsExpiredRevokedAndUntrustedCertificate","Output":"--- PASS: TestWorkloadIdentityRejectsExpiredRevokedAndUntrustedCertificate (0.00s)\n","OutputType":"frame"}
{"Time":"2026-10-01T10:18:18.270507+08:00","Action":"pass","Package":"ops-platform/test/security","Test":"TestWorkloadIdentityRejectsExpiredRevokedAndUntrustedCertificate","Elapsed":0}
{"Time":"2026-10-01T10:18:18.270519+08:00","Action":"run","Package":"ops-platform/test/security","Test":"TestUserTokenCannotEstablishWorkloadIdentity"}
{"Time":"2026-10-01T10:18:18.270526+08:00","Action":"output","Package":"ops-platform/test/security","Test":"TestUserTokenCannotEstablishWorkloadIdentity","Output":"=== RUN   TestUserTokenCannotEstablishWorkloadIdentity\n","OutputType":"frame"}
{"Time":"2026-10-01T10:18:18.270838+08:00","Action":"output","Package":"ops-platform/test/security","Test":"TestUserTokenCannotEstablishWorkloadIdentity","Output":"--- PASS: TestUserTokenCannotEstablishWorkloadIdentity (0.00s)\n","OutputType":"frame"}
{"Time":"2026-10-01T10:18:18.270881+08:00","Action":"pass","Package":"ops-platform/test/security","Test":"TestUserTokenCannotEstablishWorkloadIdentity","Elapsed":0}
{"Time":"2026-10-01T10:18:18.270922+08:00","Action":"run","Package":"ops-platform/test/security","Test":"TestWorkloadMTLSRequiresExactIdentityAndNeverUsesBearerToken"}
{"Time":"2026-10-01T10:18:18.270933+08:00","Action":"output","Package":"ops-platform/test/security","Test":"TestWorkloadMTLSRequiresExactIdentityAndNeverUsesBearerToken","Output":"=== RUN   TestWorkloadMTLSRequiresExactIdentityAndNeverUsesBearerToken\n","OutputType":"frame"}
{"Time":"2026-10-01T10:18:18.276571+08:00","Action":"output","Package":"ops-platform/test/security","Test":"TestWorkloadMTLSRequiresExactIdentityAndNeverUsesBearerToken","Output":"2026/10/01 10:18:18 http: TLS handshake error from 127.0.0.1:56900: workload identity is outside the exact allowlist\n"}
{"Time":"2026-10-01T10:18:18.276985+08:00","Action":"output","Package":"ops-platform/test/security","Test":"TestWorkloadMTLSRequiresExactIdentityAndNeverUsesBearerToken","Output":"--- PASS: TestWorkloadMTLSRequiresExactIdentityAndNeverUsesBearerToken (0.01s)\n","OutputType":"frame"}
{"Time":"2026-10-01T10:18:18.277034+08:00","Action":"pass","Package":"ops-platform/test/security","Test":"TestWorkloadMTLSRequiresExactIdentityAndNeverUsesBearerToken","Elapsed":0.01}
{"Time":"2026-10-01T10:18:18.277056+08:00","Action":"run","Package":"ops-platform/test/security","Test":"TestWorkloadIdentityUsesFreshCRLSourceAndFailsClosedWhenStale"}
{"Time":"2026-10-01T10:18:18.277063+08:00","Action":"output","Package":"ops-platform/test/security","Test":"TestWorkloadIdentityUsesFreshCRLSourceAndFailsClosedWhenStale","Output":"=== RUN   TestWorkloadIdentityUsesFreshCRLSourceAndFailsClosedWhenStale\n","OutputType":"frame"}
{"Time":"2026-10-01T10:18:18.278012+08:00","Action":"output","Package":"ops-platform/test/security","Test":"TestWorkloadIdentityUsesFreshCRLSourceAndFailsClosedWhenStale","Output":"--- PASS: TestWorkloadIdentityUsesFreshCRLSourceAndFailsClosedWhenStale (0.00s)\n","OutputType":"frame"}
{"Time":"2026-10-01T10:18:18.278111+08:00","Action":"pass","Package":"ops-platform/test/security","Test":"TestWorkloadIdentityUsesFreshCRLSourceAndFailsClosedWhenStale","Elapsed":0}
{"Time":"2026-10-01T10:18:18.278127+08:00","Action":"output","Package":"ops-platform/test/security","Output":"PASS\n","OutputType":"frame"}
{"Time":"2026-10-01T10:18:18.278861+08:00","Action":"output","Package":"ops-platform/test/security","Output":"ok  \tops-platform/test/security\t0.497s\n"}
{"Time":"2026-10-01T10:18:18.278919+08:00","Action":"pass","Package":"ops-platform/test/security","Elapsed":0.498}
Acceptance report: 11 tests passed; zero skips.
